status file for recon-all
Wed Mar 11 15:58:27 CET 2026
#@# Tessellate lh Wed Mar 11 15:58:27 CET 2026
#@# Smooth1 lh Wed Mar 11 15:58:31 CET 2026
#@# Inflation1 lh Wed Mar 11 15:58:33 CET 2026
#@# QSphere lh Wed Mar 11 15:58:47 CET 2026
#@# Fix Topology lh Wed Mar 11 16:00:19 CET 2026
#@# Smooth2 lh Wed Mar 11 16:05:18 CET 2026
#@# Inflation2 lh Wed Mar 11 16:05:21 CET 2026
#@# Curv .H and .K lh Wed Mar 11 16:05:35 CET 2026
#@# Sphere lh Wed Mar 11 16:06:19 CET 2026
#@# Surf Reg lh Wed Mar 11 16:10:10 CET 2026
#@# Jacobian white lh Wed Mar 11 16:13:49 CET 2026
#@# AvgCurv lh Wed Mar 11 16:13:50 CET 2026
#@# Cortical Parc lh Wed Mar 11 16:13:51 CET 2026
#@# white curv lh Wed Mar 11 16:20:03 CET 2026
#@# white area lh Wed Mar 11 16:20:04 CET 2026
#@# pial curv lh Wed Mar 11 16:20:05 CET 2026
#@# pial area lh Wed Mar 11 16:20:07 CET 2026
#@# thickness lh Wed Mar 11 16:20:08 CET 2026
#@# area and vertex vol lh Wed Mar 11 16:20:35 CET 2026
#@# Curvature Stats lh Wed Mar 11 16:20:37 CET 2026
#@# Cortical Parc 2 lh Wed Mar 11 16:20:39 CET 2026
#@# Cortical Parc 3 lh Wed Mar 11 16:20:52 CET 2026
#@# WM/GM Contrast lh Wed Mar 11 16:21:02 CET 2026
recon-all -s sub-v2s18x29513_ses-1 finished without error at Wed Mar 11 16:21:07 CET 2026



#New# invocation of recon-all 



status file for recon-all
Wed Mar 11 16:48:14 CET 2026
#@# white curv lh Wed Mar 11 16:48:14 CET 2026
#@# white area lh Wed Mar 11 16:48:14 CET 2026
#@# pial curv lh Wed Mar 11 16:48:14 CET 2026
#@# pial area lh Wed Mar 11 16:48:14 CET 2026
#@# thickness lh Wed Mar 11 16:48:14 CET 2026
#@# area and vertex vol lh Wed Mar 11 16:48:14 CET 2026
#@# Parcellation Stats lh Wed Mar 11 16:48:14 CET 2026
#@# Parcellation Stats 2 lh Wed Mar 11 16:48:32 CET 2026
#@# Parcellation Stats 3 lh Wed Mar 11 16:48:41 CET 2026
#@# BA_exvivo Labels lh Wed Mar 11 16:48:49 CET 2026
recon-all -s sub-v2s18x29513_ses-1 finished without error at Wed Mar 11 16:51:24 CET 2026
