status file for recon-all
Wed Mar 11 14:08:02 CET 2026
#@# MotionCor Wed Mar 11 14:08:09 CET 2026
#@# Talairach Wed Mar 11 14:08:27 CET 2026
#@# Talairach Failure Detection Wed Mar 11 14:12:52 CET 2026
#@# Nu Intensity Correction Wed Mar 11 14:12:52 CET 2026
#@# Intensity Normalization Wed Mar 11 14:16:07 CET 2026
recon-all -s sub-v2s18x29513_ses-1 finished without error at Wed Mar 11 14:17:39 CET 2026



#New# invocation of recon-all 



status file for recon-all
Wed Mar 11 14:28:49 CET 2026
#@# EM Registration Wed Mar 11 14:28:49 CET 2026
recon-all -s sub-v2s18x29513_ses-1 finished without error at Wed Mar 11 14:30:40 CET 2026



#New# invocation of recon-all 



status file for recon-all
Wed Mar 11 14:30:45 CET 2026
#@# CA Normalize Wed Mar 11 14:30:45 CET 2026
#@# CA Reg Wed Mar 11 14:32:08 CET 2026
#@# SubCort Seg Wed Mar 11 15:25:19 CET 2026
#@# CC Seg Wed Mar 11 15:52:31 CET 2026
#@# Merge ASeg Wed Mar 11 15:53:03 CET 2026
#@# Intensity Normalization2 Wed Mar 11 15:53:03 CET 2026
#@# Mask BFS Wed Mar 11 15:55:28 CET 2026
#@# WM Segmentation Wed Mar 11 15:55:29 CET 2026
#@# Fill Wed Mar 11 15:57:17 CET 2026
recon-all -s sub-v2s18x29513_ses-1 finished without error at Wed Mar 11 15:58:21 CET 2026



#New# invocation of recon-all 



status file for recon-all
Wed Mar 11 16:42:32 CET 2026
#@# white curv lh Wed Mar 11 16:42:32 CET 2026
#@# white area lh Wed Mar 11 16:42:32 CET 2026
#@# pial curv lh Wed Mar 11 16:42:32 CET 2026
#@# pial area lh Wed Mar 11 16:42:32 CET 2026
#@# thickness lh Wed Mar 11 16:42:32 CET 2026
#@# area and vertex vol lh Wed Mar 11 16:42:32 CET 2026
#@# white curv rh Wed Mar 11 16:42:32 CET 2026
#@# white area rh Wed Mar 11 16:42:32 CET 2026
#@# pial curv rh Wed Mar 11 16:42:32 CET 2026
#@# pial area rh Wed Mar 11 16:42:32 CET 2026
#@# thickness rh Wed Mar 11 16:42:32 CET 2026
#@# area and vertex vol rh Wed Mar 11 16:42:32 CET 2026
#@# Cortical ribbon mask Wed Mar 11 16:42:32 CET 2026
recon-all -s sub-v2s18x29513_ses-1 finished without error at Wed Mar 11 16:48:09 CET 2026



#New# invocation of recon-all 



status file for recon-all
Wed Mar 11 16:54:40 CET 2026
#@# white curv lh Wed Mar 11 16:54:41 CET 2026
#@# white area lh Wed Mar 11 16:54:41 CET 2026
#@# pial curv lh Wed Mar 11 16:54:41 CET 2026
#@# pial area lh Wed Mar 11 16:54:41 CET 2026
#@# thickness lh Wed Mar 11 16:54:41 CET 2026
#@# area and vertex vol lh Wed Mar 11 16:54:41 CET 2026
#@# white curv rh Wed Mar 11 16:54:41 CET 2026
#@# white area rh Wed Mar 11 16:54:41 CET 2026
#@# pial curv rh Wed Mar 11 16:54:41 CET 2026
#@# pial area rh Wed Mar 11 16:54:41 CET 2026
#@# thickness rh Wed Mar 11 16:54:41 CET 2026
#@# area and vertex vol rh Wed Mar 11 16:54:41 CET 2026
#@# Curvature Stats lh Wed Mar 11 16:54:41 CET 2026
#@# Curvature Stats rh Wed Mar 11 16:54:43 CET 2026
#@# Relabel Hypointensities Wed Mar 11 16:54:45 CET 2026
#@# APas-to-ASeg Wed Mar 11 16:54:59 CET 2026
#@# AParc-to-ASeg aparc Wed Mar 11 16:55:07 CET 2026
#@# AParc-to-ASeg aparc.a2009s Wed Mar 11 16:55:37 CET 2026
#@# AParc-to-ASeg aparc.DKTatlas Wed Mar 11 16:56:05 CET 2026
#@# WMParc Wed Mar 11 16:56:33 CET 2026
#@# ASeg Stats Wed Mar 11 17:00:41 CET 2026
recon-all -s sub-v2s18x29513_ses-1 finished without error at Wed Mar 11 17:01:20 CET 2026
