status file for recon-all
Wed Mar 11 16:34:15 CET 2026
#@# Tessellate rh Wed Mar 11 16:34:15 CET 2026
#@# Smooth1 rh Wed Mar 11 16:34:18 CET 2026
#@# Inflation1 rh Wed Mar 11 16:34:21 CET 2026
#@# QSphere rh Wed Mar 11 16:34:33 CET 2026
#@# Fix Topology rh Wed Mar 11 16:35:55 CET 2026
#@# Smooth2 rh Wed Mar 11 16:42:14 CET 2026
#@# Inflation2 rh Wed Mar 11 16:42:17 CET 2026
#@# Curv .H and .K rh Wed Mar 11 16:42:32 CET 2026
#@# Sphere rh Wed Mar 11 16:43:17 CET 2026
#@# Surf Reg rh Wed Mar 11 16:46:47 CET 2026
#@# Jacobian white rh Wed Mar 11 16:50:43 CET 2026
#@# AvgCurv rh Wed Mar 11 16:50:44 CET 2026
#@# Cortical Parc rh Wed Mar 11 16:50:45 CET 2026
#@# white curv rh Wed Mar 11 16:57:25 CET 2026
#@# white area rh Wed Mar 11 16:57:27 CET 2026
#@# pial curv rh Wed Mar 11 16:57:27 CET 2026
#@# pial area rh Wed Mar 11 16:57:29 CET 2026
#@# thickness rh Wed Mar 11 16:57:30 CET 2026
#@# area and vertex vol rh Wed Mar 11 16:57:56 CET 2026
#@# Curvature Stats rh Wed Mar 11 16:57:58 CET 2026
#@# Cortical Parc 2 rh Wed Mar 11 16:58:00 CET 2026
#@# Cortical Parc 3 rh Wed Mar 11 16:58:12 CET 2026
#@# WM/GM Contrast rh Wed Mar 11 16:58:22 CET 2026
recon-all -s sub-v2s18x29516_ses-1 finished without error at Wed Mar 11 16:58:27 CET 2026



#New# invocation of recon-all 



status file for recon-all
Wed Mar 11 17:05:55 CET 2026
#@# white curv rh Wed Mar 11 17:05:55 CET 2026
#@# white area rh Wed Mar 11 17:05:55 CET 2026
#@# pial curv rh Wed Mar 11 17:05:55 CET 2026
#@# pial area rh Wed Mar 11 17:05:55 CET 2026
#@# thickness rh Wed Mar 11 17:05:55 CET 2026
#@# area and vertex vol rh Wed Mar 11 17:05:55 CET 2026
#@# Parcellation Stats rh Wed Mar 11 17:05:55 CET 2026
#@# Parcellation Stats 2 rh Wed Mar 11 17:06:12 CET 2026
#@# Parcellation Stats 3 rh Wed Mar 11 17:06:21 CET 2026
#@# BA_exvivo Labels rh Wed Mar 11 17:06:32 CET 2026
recon-all -s sub-v2s18x29516_ses-1 finished without error at Wed Mar 11 17:09:14 CET 2026
