status file for recon-all
Wed Mar 11 14:14:05 CET 2026
#@# MotionCor Wed Mar 11 14:14:12 CET 2026
#@# Talairach Wed Mar 11 14:14:31 CET 2026
#@# Talairach Failure Detection Wed Mar 11 14:18:56 CET 2026
#@# Nu Intensity Correction Wed Mar 11 14:18:56 CET 2026
#@# Intensity Normalization Wed Mar 11 14:22:13 CET 2026
recon-all -s sub-v2s18x29516_ses-1 finished without error at Wed Mar 11 14:24:03 CET 2026



#New# invocation of recon-all 



status file for recon-all
Wed Mar 11 14:35:12 CET 2026
#@# EM Registration Wed Mar 11 14:35:12 CET 2026
recon-all -s sub-v2s18x29516_ses-1 finished without error at Wed Mar 11 14:37:10 CET 2026



#New# invocation of recon-all 



status file for recon-all
Wed Mar 11 14:37:14 CET 2026
#@# CA Normalize Wed Mar 11 14:37:14 CET 2026
#@# CA Reg Wed Mar 11 14:38:38 CET 2026
#@# SubCort Seg Wed Mar 11 15:33:45 CET 2026
#@# CC Seg Wed Mar 11 16:02:52 CET 2026
#@# Merge ASeg Wed Mar 11 16:03:28 CET 2026
#@# Intensity Normalization2 Wed Mar 11 16:03:28 CET 2026
#@# Mask BFS Wed Mar 11 16:05:46 CET 2026
#@# WM Segmentation Wed Mar 11 16:05:47 CET 2026
#@# Fill Wed Mar 11 16:07:32 CET 2026
recon-all -s sub-v2s18x29516_ses-1 finished without error at Wed Mar 11 16:08:35 CET 2026



#New# invocation of recon-all 



status file for recon-all
Wed Mar 11 16:58:31 CET 2026
#@# white curv lh Wed Mar 11 16:58:31 CET 2026
#@# white area lh Wed Mar 11 16:58:31 CET 2026
#@# pial curv lh Wed Mar 11 16:58:31 CET 2026
#@# pial area lh Wed Mar 11 16:58:31 CET 2026
#@# thickness lh Wed Mar 11 16:58:31 CET 2026
#@# area and vertex vol lh Wed Mar 11 16:58:31 CET 2026
#@# white curv rh Wed Mar 11 16:58:31 CET 2026
#@# white area rh Wed Mar 11 16:58:31 CET 2026
#@# pial curv rh Wed Mar 11 16:58:31 CET 2026
#@# pial area rh Wed Mar 11 16:58:31 CET 2026
#@# thickness rh Wed Mar 11 16:58:31 CET 2026
#@# area and vertex vol rh Wed Mar 11 16:58:31 CET 2026
#@# Cortical ribbon mask Wed Mar 11 16:58:31 CET 2026
recon-all -s sub-v2s18x29516_ses-1 finished without error at Wed Mar 11 17:02:23 CET 2026



#New# invocation of recon-all 



status file for recon-all
Wed Mar 11 17:09:20 CET 2026
#@# white curv lh Wed Mar 11 17:09:20 CET 2026
#@# white area lh Wed Mar 11 17:09:20 CET 2026
#@# pial curv lh Wed Mar 11 17:09:20 CET 2026
#@# pial area lh Wed Mar 11 17:09:20 CET 2026
#@# thickness lh Wed Mar 11 17:09:20 CET 2026
#@# area and vertex vol lh Wed Mar 11 17:09:20 CET 2026
#@# white curv rh Wed Mar 11 17:09:20 CET 2026
#@# white area rh Wed Mar 11 17:09:20 CET 2026
#@# pial curv rh Wed Mar 11 17:09:20 CET 2026
#@# pial area rh Wed Mar 11 17:09:20 CET 2026
#@# thickness rh Wed Mar 11 17:09:20 CET 2026
#@# area and vertex vol rh Wed Mar 11 17:09:20 CET 2026
#@# Curvature Stats lh Wed Mar 11 17:09:20 CET 2026
#@# Curvature Stats rh Wed Mar 11 17:09:23 CET 2026
#@# Relabel Hypointensities Wed Mar 11 17:09:25 CET 2026
#@# APas-to-ASeg Wed Mar 11 17:09:39 CET 2026
#@# AParc-to-ASeg aparc Wed Mar 11 17:09:48 CET 2026
#@# AParc-to-ASeg aparc.a2009s Wed Mar 11 17:10:11 CET 2026
#@# AParc-to-ASeg aparc.DKTatlas Wed Mar 11 17:10:35 CET 2026
#@# WMParc Wed Mar 11 17:11:00 CET 2026
#@# ASeg Stats Wed Mar 11 17:15:41 CET 2026
recon-all -s sub-v2s18x29516_ses-1 finished without error at Wed Mar 11 17:16:22 CET 2026
