status file for recon-all
Wed Mar 11 15:46:50 CET 2026
#@# Tessellate rh Wed Mar 11 15:46:50 CET 2026
#@# Smooth1 rh Wed Mar 11 15:46:54 CET 2026
#@# Inflation1 rh Wed Mar 11 15:46:57 CET 2026
#@# QSphere rh Wed Mar 11 15:47:15 CET 2026
#@# Fix Topology rh Wed Mar 11 15:49:09 CET 2026
#@# Smooth2 rh Wed Mar 11 15:55:13 CET 2026
#@# Inflation2 rh Wed Mar 11 15:55:16 CET 2026
#@# Curv .H and .K rh Wed Mar 11 15:55:34 CET 2026
#@# Sphere rh Wed Mar 11 15:56:27 CET 2026
#@# Surf Reg rh Wed Mar 11 15:59:19 CET 2026
#@# Jacobian white rh Wed Mar 11 16:04:15 CET 2026
#@# AvgCurv rh Wed Mar 11 16:04:16 CET 2026
#@# Cortical Parc rh Wed Mar 11 16:04:17 CET 2026
#@# white curv rh Wed Mar 11 16:11:31 CET 2026
#@# white area rh Wed Mar 11 16:11:33 CET 2026
#@# pial curv rh Wed Mar 11 16:11:35 CET 2026
#@# pial area rh Wed Mar 11 16:11:37 CET 2026
#@# thickness rh Wed Mar 11 16:11:38 CET 2026
#@# area and vertex vol rh Wed Mar 11 16:12:15 CET 2026
#@# Curvature Stats rh Wed Mar 11 16:12:17 CET 2026
#@# Cortical Parc 2 rh Wed Mar 11 16:12:19 CET 2026
#@# Cortical Parc 3 rh Wed Mar 11 16:12:35 CET 2026
#@# WM/GM Contrast rh Wed Mar 11 16:12:47 CET 2026
recon-all -s sub-v2s18x29498_ses-1 finished without error at Wed Mar 11 16:12:53 CET 2026



#New# invocation of recon-all 



status file for recon-all
Wed Mar 11 16:22:14 CET 2026
#@# white curv rh Wed Mar 11 16:22:14 CET 2026
#@# white area rh Wed Mar 11 16:22:14 CET 2026
#@# pial curv rh Wed Mar 11 16:22:14 CET 2026
#@# pial area rh Wed Mar 11 16:22:14 CET 2026
#@# thickness rh Wed Mar 11 16:22:14 CET 2026
#@# area and vertex vol rh Wed Mar 11 16:22:14 CET 2026
#@# Parcellation Stats rh Wed Mar 11 16:22:14 CET 2026
#@# Parcellation Stats 2 rh Wed Mar 11 16:22:37 CET 2026
#@# Parcellation Stats 3 rh Wed Mar 11 16:22:52 CET 2026
#@# BA_exvivo Labels rh Wed Mar 11 16:23:03 CET 2026
recon-all -s sub-v2s18x29498_ses-1 finished without error at Wed Mar 11 16:26:12 CET 2026
