status file for recon-all
Wed Mar 11 13:19:43 CET 2026
#@# MotionCor Wed Mar 11 13:19:50 CET 2026
#@# Talairach Wed Mar 11 13:20:12 CET 2026
#@# Talairach Failure Detection Wed Mar 11 13:24:39 CET 2026
#@# Nu Intensity Correction Wed Mar 11 13:24:39 CET 2026
#@# Intensity Normalization Wed Mar 11 13:27:57 CET 2026
recon-all -s sub-v2s18x29498_ses-1 finished without error at Wed Mar 11 13:29:43 CET 2026



#New# invocation of recon-all 



status file for recon-all
Wed Mar 11 13:41:15 CET 2026
#@# EM Registration Wed Mar 11 13:41:15 CET 2026
recon-all -s sub-v2s18x29498_ses-1 finished without error at Wed Mar 11 13:43:00 CET 2026



#New# invocation of recon-all 



status file for recon-all
Wed Mar 11 13:43:03 CET 2026
#@# CA Normalize Wed Mar 11 13:43:03 CET 2026
#@# CA Reg Wed Mar 11 13:44:26 CET 2026
#@# SubCort Seg Wed Mar 11 14:39:59 CET 2026
#@# CC Seg Wed Mar 11 15:12:26 CET 2026
#@# Merge ASeg Wed Mar 11 15:13:06 CET 2026
#@# Intensity Normalization2 Wed Mar 11 15:13:06 CET 2026
#@# Mask BFS Wed Mar 11 15:15:33 CET 2026
#@# WM Segmentation Wed Mar 11 15:15:34 CET 2026
#@# Fill Wed Mar 11 15:17:32 CET 2026
recon-all -s sub-v2s18x29498_ses-1 finished without error at Wed Mar 11 15:18:35 CET 2026



#New# invocation of recon-all 



status file for recon-all
Wed Mar 11 16:12:58 CET 2026
#@# white curv lh Wed Mar 11 16:12:58 CET 2026
#@# white area lh Wed Mar 11 16:12:58 CET 2026
#@# pial curv lh Wed Mar 11 16:12:58 CET 2026
#@# pial area lh Wed Mar 11 16:12:58 CET 2026
#@# thickness lh Wed Mar 11 16:12:58 CET 2026
#@# area and vertex vol lh Wed Mar 11 16:12:59 CET 2026
#@# white curv rh Wed Mar 11 16:12:59 CET 2026
#@# white area rh Wed Mar 11 16:12:59 CET 2026
#@# pial curv rh Wed Mar 11 16:12:59 CET 2026
#@# pial area rh Wed Mar 11 16:12:59 CET 2026
#@# thickness rh Wed Mar 11 16:12:59 CET 2026
#@# area and vertex vol rh Wed Mar 11 16:12:59 CET 2026
#@# Cortical ribbon mask Wed Mar 11 16:12:59 CET 2026
recon-all -s sub-v2s18x29498_ses-1 finished without error at Wed Mar 11 16:18:12 CET 2026



#New# invocation of recon-all 



status file for recon-all
Wed Mar 11 16:26:17 CET 2026
#@# white curv lh Wed Mar 11 16:26:17 CET 2026
#@# white area lh Wed Mar 11 16:26:17 CET 2026
#@# pial curv lh Wed Mar 11 16:26:17 CET 2026
#@# pial area lh Wed Mar 11 16:26:17 CET 2026
#@# thickness lh Wed Mar 11 16:26:17 CET 2026
#@# area and vertex vol lh Wed Mar 11 16:26:17 CET 2026
#@# white curv rh Wed Mar 11 16:26:17 CET 2026
#@# white area rh Wed Mar 11 16:26:17 CET 2026
#@# pial curv rh Wed Mar 11 16:26:17 CET 2026
#@# pial area rh Wed Mar 11 16:26:17 CET 2026
#@# thickness rh Wed Mar 11 16:26:17 CET 2026
#@# area and vertex vol rh Wed Mar 11 16:26:17 CET 2026
#@# Curvature Stats lh Wed Mar 11 16:26:17 CET 2026
#@# Curvature Stats rh Wed Mar 11 16:26:20 CET 2026
#@# Relabel Hypointensities Wed Mar 11 16:26:23 CET 2026
#@# APas-to-ASeg Wed Mar 11 16:26:39 CET 2026
#@# AParc-to-ASeg aparc Wed Mar 11 16:26:50 CET 2026
#@# AParc-to-ASeg aparc.a2009s Wed Mar 11 16:27:26 CET 2026
#@# AParc-to-ASeg aparc.DKTatlas Wed Mar 11 16:28:03 CET 2026
#@# WMParc Wed Mar 11 16:28:39 CET 2026
#@# ASeg Stats Wed Mar 11 16:32:43 CET 2026
recon-all -s sub-v2s18x29498_ses-1 finished without error at Wed Mar 11 16:33:25 CET 2026
