status file for recon-all
Wed Mar 11 15:18:40 CET 2026
#@# Tessellate lh Wed Mar 11 15:18:40 CET 2026
#@# Smooth1 lh Wed Mar 11 15:18:43 CET 2026
#@# Inflation1 lh Wed Mar 11 15:18:46 CET 2026
#@# QSphere lh Wed Mar 11 15:19:01 CET 2026
#@# Fix Topology lh Wed Mar 11 15:20:20 CET 2026
#@# Smooth2 lh Wed Mar 11 15:27:00 CET 2026
#@# Inflation2 lh Wed Mar 11 15:27:03 CET 2026
#@# Curv .H and .K lh Wed Mar 11 15:27:20 CET 2026
#@# Sphere lh Wed Mar 11 15:28:12 CET 2026
#@# Surf Reg lh Wed Mar 11 15:32:10 CET 2026
#@# Jacobian white lh Wed Mar 11 15:38:20 CET 2026
#@# AvgCurv lh Wed Mar 11 15:38:21 CET 2026
#@# Cortical Parc lh Wed Mar 11 15:38:22 CET 2026
#@# white curv lh Wed Mar 11 15:45:32 CET 2026
#@# white area lh Wed Mar 11 15:45:34 CET 2026
#@# pial curv lh Wed Mar 11 15:45:35 CET 2026
#@# pial area lh Wed Mar 11 15:45:38 CET 2026
#@# thickness lh Wed Mar 11 15:45:39 CET 2026
#@# area and vertex vol lh Wed Mar 11 15:46:11 CET 2026
#@# Curvature Stats lh Wed Mar 11 15:46:13 CET 2026
#@# Cortical Parc 2 lh Wed Mar 11 15:46:16 CET 2026
#@# Cortical Parc 3 lh Wed Mar 11 15:46:31 CET 2026
#@# WM/GM Contrast lh Wed Mar 11 15:46:42 CET 2026
recon-all -s sub-v2s18x29498_ses-1 finished without error at Wed Mar 11 15:46:48 CET 2026



#New# invocation of recon-all 



status file for recon-all
Wed Mar 11 16:18:17 CET 2026
#@# white curv lh Wed Mar 11 16:18:17 CET 2026
#@# white area lh Wed Mar 11 16:18:17 CET 2026
#@# pial curv lh Wed Mar 11 16:18:17 CET 2026
#@# pial area lh Wed Mar 11 16:18:17 CET 2026
#@# thickness lh Wed Mar 11 16:18:17 CET 2026
#@# area and vertex vol lh Wed Mar 11 16:18:17 CET 2026
#@# Parcellation Stats lh Wed Mar 11 16:18:17 CET 2026
#@# Parcellation Stats 2 lh Wed Mar 11 16:18:39 CET 2026
#@# Parcellation Stats 3 lh Wed Mar 11 16:18:51 CET 2026
#@# BA_exvivo Labels lh Wed Mar 11 16:19:02 CET 2026
recon-all -s sub-v2s18x29498_ses-1 finished without error at Wed Mar 11 16:22:10 CET 2026
