/out/sourcedata/freesurfer/sub-v2s18x29522_ses-1/mri
/opt/freesurfer/bin/talairach_avi
--i orig_nu.mgz --xfm transforms/talairach.auto.xfm
talairach_avi 7.3.2
Linux dna061 5.14.0-427.37.1.el9_4.x86_64 #1 SMP PREEMPT_DYNAMIC Fri Sep 13 12:41:50 EDT 2024 x86_64 x86_64 x86_64 GNU/Linux
Wed Mar 11 14:43:16 CET 2026
mri_convert orig_nu.mgz talsrcimg.img 
reading from orig_nu.mgz...
TR=0.00, TE=0.00, TI=0.00, flip angle=0.00
i_ras = (-1, 2.15368e-09, 0)
j_ras = (-3.72529e-09, 0, -1)
k_ras = (-2.15368e-09, 1, -4.65661e-10)
writing to talsrcimg.img...
Analyze Output Matrix
-1.00000  -0.00000  -0.00000   131.51703;
 0.00000   0.00000   1.00000  -101.95299;
 0.00000  -1.00000  -0.00000   131.68695;
 0.00000   0.00000   0.00000   1.00000;
--------------------
INFO: set hdr.hist.orient to -1
mpr2mni305 talsrcimg
Wed Mar 11 14:43:16 CET 2026
/opt/freesurfer/bin/mpr2mni305 talsrcimg
mpr2mni305 7.3.2
target=711-2C_as_mni_average_305

---------------------------------------------------------------------
analyzeto4dfp talsrcimg -O0 -y
---------------------------------------------------------------------

freesurfer ifh2hdr.c
Wed Mar 11 14:43:17 2026
Writing: talsrcimg.4dfp.hdr
freesurfer analyzeto4dfp.c
Reading: talsrcimg.hdr
header size 348 bytes
hdr.dime.datatype	offset=70	value=2
hdr.dime.bitpix		offset=72	value=8
hdr.hist.orient		offset=252	value=-1
dimensionality     4
dimensions       256       256       256         1
Reading: talsrcimg.img
Writing: talsrcimg.4dfp.img
Writing: talsrcimg.4dfp.ifh
ifh2hdr talsrcimg -r0to183
ori=2

---------------------------------------------------------------------
gauss_4dfp talsrcimg 1.1
---------------------------------------------------------------------

freesurfer gauss_4dfp.c
Reading: talsrcimg.4dfp.img
Writing: talsrcimg_g11.4dfp.img
image dimensions 256 256 256 padded to 288 288 288
processing volume 1freesurfer ifh2hdr.c
Wed Mar 11 14:43:18 2026
Writing: talsrcimg_g11.4dfp.hdr

Writing: talsrcimg_g11.4dfp.ifh
including: talsrcimg.4dfp.img.rec in talsrcimg_g11.4dfp.img.rec

---------------------------------------------------------------------
imgreg_4dfp /opt/freesurfer/average/711-2C_as_mni_average_305 none talsrcimg_g11 none talsrcimg_to_711-2C_as_mni_average_305_t4 4355
---------------------------------------------------------------------

freesurfer imgreg_4dfp.c
/opt/freesurfer/average/711-2C_as_mni_average_305.4dfp.img
       256       256       256         1
  1.000000  1.000000  1.000000
orientation T byte_order littleendian
Reading image: /opt/freesurfer/average/711-2C_as_mni_average_305.4dfp.img
dimensions:      256       256       256
mmppix:       1.0000   -1.0000   -1.0000
center:     128.0000 -129.0000 -129.0000
talsrcimg_g11.4dfp.img
       256       256       256         1
  1.000000  1.000000  1.000000
orientation T byte_order littleendian
Reading image: talsrcimg_g11.4dfp.img
dimensions:      256       256       256
mmppix:       1.0000   -1.0000   -1.0000
center:     128.0000 -129.0000 -129.0000
t4_read: open error in t4_sub.f l:  41 t4_file(1:l)talsrcimg_to_711-2C_as_mni_average_305_t4 
t4_read: transform initialized to I4
rotation matrix determinant  1.000000
image alignment mode   4355 decimal     1103 hex
   -7.5000  -45.0000  -45.0000 7525.8413   18.8883
    0.0000  -45.0000  -45.0000 7931.2051   18.9168
    7.5000  -45.0000  -45.0000 7593.8916   18.9275
   -7.5000  -37.5000  -45.0000 7942.9585   18.8733
    0.0000  -37.5000  -45.0000 8398.4707   18.9056
    7.5000  -37.5000  -45.0000 7995.5693   18.9154
   -7.5000  -30.0000  -45.0000 8638.0586   18.8559
    0.0000  -30.0000  -45.0000 9155.3779   18.8879
    7.5000  -30.0000  -45.0000 8692.1924   18.8985
   -7.5000  -22.5000  -45.0000 9358.7363   18.8346
    0.0000  -22.5000  -45.0000 9913.7480   18.8623
    7.5000  -22.5000  -45.0000 9403.3965   18.8747
   -7.5000  -15.0000  -45.000010009.3838   18.8052
    0.0000  -15.0000  -45.000010582.1133   18.8290
    7.5000  -15.0000  -45.000010048.1816   18.8422
   -7.5000   -7.5000  -45.000010562.2402   18.7928
    0.0000   -7.5000  -45.000011148.2275   18.8176
    7.5000   -7.5000  -45.000010585.7637   18.8298
   -7.5000    0.0000  -45.000010940.7295   18.8080
    0.0000    0.0000  -45.000011527.9473   18.8369
    7.5000    0.0000  -45.000010918.3086   18.8476
   -7.5000    7.5000  -45.000010447.9307   18.8412
    0.0000    7.5000  -45.000010994.3408   18.8737
    7.5000    7.5000  -45.000010412.6768   18.8834
   -7.5000   15.0000  -45.0000 9703.5293   18.8556
    0.0000   15.0000  -45.000010214.2627   18.8876
    7.5000   15.0000  -45.0000 9683.4639   18.8982
   -7.5000   22.5000  -45.0000 8916.0439   18.8320
    0.0000   22.5000  -45.0000 9378.1484   18.8597
    7.5000   22.5000  -45.0000 8896.2529   18.8721
   -7.5000   30.0000  -45.0000 8155.1196   18.5546
    0.0000   30.0000  -45.0000 8574.3486   18.5781
    7.5000   30.0000  -45.0000 8118.0898   18.5911
   -7.5000   37.5000  -45.0000 7745.9097   18.5429
    0.0000   37.5000  -45.0000 8156.1230   18.5672
    7.5000   37.5000  -45.0000 7694.9810   18.5793
   -7.5000   45.0000  -45.0000 7113.7422   18.1572
    0.0000   45.0000  -45.0000 7476.7061   18.1849
    7.5000   45.0000  -45.0000 7019.3193   18.1953
   -7.5000  -45.0000  -37.5000 7947.2656   18.6735
    0.0000  -45.0000  -37.5000 8348.4727   18.7066
    7.5000  -45.0000  -37.5000 7978.6533   18.7206
   -7.5000  -37.5000  -37.5000 8365.3428   18.6610
    0.0000  -37.5000  -37.5000 8809.8945   18.6963
    7.5000  -37.5000  -37.5000 8398.9336   18.7073
   -7.5000  -30.0000  -37.5000 9081.1367   18.6431
    0.0000  -30.0000  -37.5000 9575.1006   18.6780
    7.5000  -30.0000  -37.5000 9112.5137   18.6883
   -7.5000  -22.5000  -37.5000 9824.1113   18.6171
    0.0000  -22.5000  -37.500010352.2109   18.6493
    7.5000  -22.5000  -37.5000 9847.0098   18.6622
   -7.5000  -15.0000  -37.500010508.3047   18.5844
    0.0000  -15.0000  -37.500011054.5986   18.6147
    7.5000  -15.0000  -37.500010526.3896   18.6300
   -7.5000   -7.5000  -37.500011125.0381   18.5754
    0.0000   -7.5000  -37.500011700.6328   18.6064
    7.5000   -7.5000  -37.500011122.4980   18.6220
   -7.5000    0.0000  -37.500011499.8271   18.5949
    0.0000    0.0000  -37.500012069.9717   18.6284
    7.5000    0.0000  -37.500011445.5820   18.6423
   -7.5000    7.5000  -37.500010981.8125   18.6295
    0.0000    7.5000  -37.500011522.2158   18.6652
    7.5000    7.5000  -37.500010918.4365   18.6761
   -7.5000   15.0000  -37.500010274.0635   18.6429
    0.0000   15.0000  -37.500010783.8271   18.6777
    7.5000   15.0000  -37.500010200.3008   18.6880
   -7.5000   22.5000  -37.5000 9477.5010   18.6145
    0.0000   22.5000  -37.5000 9951.7344   18.6467
    7.5000   22.5000  -37.5000 9415.9482   18.6597
   -7.5000   30.0000  -37.5000 8635.8164   18.3367
    0.0000   30.0000  -37.5000 9058.2578   18.3666
    7.5000   30.0000  -37.5000 8576.0889   18.3817
   -7.5000   37.5000  -37.5000 8167.7451   18.3282
    0.0000   37.5000  -37.5000 8563.2939   18.3588
    7.5000   37.5000  -37.5000 8103.2466   18.3742
   -7.5000   45.0000  -37.5000 7466.7627   17.9496
    0.0000   45.0000  -37.5000 7833.5894   17.9817
    7.5000   45.0000  -37.5000 7379.8975   17.9953
   -7.5000  -45.0000  -30.0000 8525.6924   19.3067
    0.0000  -45.0000  -30.0000 8938.9111   19.3360
    7.5000  -45.0000  -30.0000 8542.6621   19.3502
   -7.5000  -37.5000  -30.0000 8993.4922   19.2977
    0.0000  -37.5000  -30.0000 9426.5117   19.3268
    7.5000  -37.5000  -30.0000 9006.8838   19.3341
   -7.5000  -30.0000  -30.0000 9782.4541   19.2843
    0.0000  -30.0000  -30.000010270.6738   19.3152
    7.5000  -30.0000  -30.0000 9778.8359   19.3218
   -7.5000  -22.5000  -30.000010564.2344   19.2573
    0.0000  -22.5000  -30.000011080.6777   19.2908
    7.5000  -22.5000  -30.000010540.5654   19.3042
   -7.5000  -15.0000  -30.000011299.5830   19.2191
    0.0000  -15.0000  -30.000011814.4346   19.2540
    7.5000  -15.0000  -30.000011253.9355   19.2740
   -7.5000   -7.5000  -30.000011976.7812   19.2063
    0.0000   -7.5000  -30.000012515.9434   19.2389
    7.5000   -7.5000  -30.000011912.9336   19.2589
   -7.5000    0.0000  -30.000012345.2295   19.2259
    0.0000    0.0000  -30.000012867.9863   19.2557
    7.5000    0.0000  -30.000012234.3965   19.2698
   -7.5000    7.5000  -30.000011760.2402   19.2655
    0.0000    7.5000  -30.000012269.2021   19.2948
    7.5000    7.5000  -30.000011640.4355   19.3021
   -7.5000   15.0000  -30.000011045.0391   19.2841
    0.0000   15.0000  -30.000011556.9678   19.3149
    7.5000   15.0000  -30.000010930.0850   19.3215
   -7.5000   22.5000  -30.000010212.4941   19.2527
    0.0000   22.5000  -30.000010674.9512   19.2862
    7.5000   22.5000  -30.000010103.1719   19.2996
   -7.5000   30.0000  -30.0000 9284.7188   18.9648
    0.0000   30.0000  -30.0000 9709.4463   18.9992
    7.5000   30.0000  -30.0000 9220.4639   19.0190
   -7.5000   37.5000  -30.0000 8751.3984   18.9526
    0.0000   37.5000  -30.0000 9128.1299   18.9847
    7.5000   37.5000  -30.0000 8676.9785   19.0045
   -7.5000   45.0000  -30.0000 7967.5630   18.5707
    0.0000   45.0000  -30.0000 8317.8906   18.5992
    7.5000   45.0000  -30.0000 7887.5166   18.6131
   -7.5000  -45.0000  -22.5000 9142.3389   19.9076
    0.0000  -45.0000  -22.5000 9550.3564   19.9276
    7.5000  -45.0000  -22.5000 9154.3418   19.9387
   -7.5000  -37.5000  -22.5000 9665.8721   19.8857
    0.0000  -37.5000  -22.500010095.0293   19.9049
    7.5000  -37.5000  -22.5000 9665.2930   19.9066
   -7.5000  -30.0000  -22.500010531.8398   19.8649
    0.0000  -30.0000  -22.500011003.4395   19.8888
    7.5000  -30.0000  -22.500010500.0391   19.8908
   -7.5000  -22.5000  -22.500011355.1367   19.8455
    0.0000  -22.5000  -22.500011841.6816   19.8765
    7.5000  -22.5000  -22.500011293.2070   19.8882
   -7.5000  -15.0000  -22.500012158.5723   19.8194
    0.0000  -15.0000  -22.500012661.1719   19.8531
    7.5000  -15.0000  -22.500012071.7168   19.8745
   -7.5000   -7.5000  -22.500012865.8887   19.8106
    0.0000   -7.5000  -22.500013400.4219   19.8383
    7.5000   -7.5000  -22.500012745.4229   19.8591
   -7.5000    0.0000  -22.500013233.4688   19.8245
    0.0000    0.0000  -22.500013789.9727   19.8451
    7.5000    0.0000  -22.500013078.7461   19.8560
   -7.5000    7.5000  -22.500012574.1641   19.8525
    0.0000    7.5000  -22.500013114.1484   19.8720
    7.5000    7.5000  -22.500012420.4395   19.8738
   -7.5000   15.0000  -22.500011866.0420   19.8646
    0.0000   15.0000  -22.500012382.0029   19.8885
    7.5000   15.0000  -22.500011718.9082   19.8905
   -7.5000   22.5000  -22.500010996.2061   19.8394
    0.0000   22.5000  -22.500011464.2988   19.8703
    7.5000   22.5000  -22.500010878.2148   19.8821
   -7.5000   30.0000  -22.500010000.7324   19.5601
    0.0000   30.0000  -22.500010413.8701   19.5934
    7.5000   30.0000  -22.5000 9909.0166   19.6145
   -7.5000   37.5000  -22.5000 9402.7607   19.5520
    0.0000   37.5000  -22.5000 9792.6035   19.5793
    7.5000   37.5000  -22.5000 9326.2920   19.5998
   -7.5000   45.0000  -22.5000 8534.4629   19.1632
    0.0000   45.0000  -22.5000 8888.2539   19.1829
    7.5000   45.0000  -22.5000 8463.5332   19.1937
   -7.5000  -45.0000  -15.0000 9812.5977   20.3878
    0.0000  -45.0000  -15.000010248.6406   20.4033
    7.5000  -45.0000  -15.0000 9827.4922   20.4104
   -7.5000  -37.5000  -15.000010360.2451   20.3606
    0.0000  -37.5000  -15.000010842.7969   20.3771
    7.5000  -37.5000  -15.000010368.7705   20.3764
   -7.5000  -30.0000  -15.000011294.3926   20.3343
    0.0000  -30.0000  -15.000011821.1553   20.3566
    7.5000  -30.0000  -15.000011277.4268   20.3574
   -7.5000  -22.5000  -15.000012187.9375   20.3172
    0.0000  -22.5000  -15.000012721.3867   20.3457
    7.5000  -22.5000  -15.000012117.9570   20.3556
   -7.5000  -15.0000  -15.000013073.2305   20.2963
    0.0000  -15.0000  -15.000013628.8262   20.3259
    7.5000  -15.0000  -15.000012944.5439   20.3444
   -7.5000   -7.5000  -15.000013813.6514   20.2893
    0.0000   -7.5000  -15.000014413.2695   20.3119
    7.5000   -7.5000  -15.000013613.2158   20.3291
   -7.5000    0.0000  -15.000014229.9111   20.3028
    0.0000    0.0000  -15.000014879.8262   20.3189
    7.5000    0.0000  -15.000013989.5850   20.3259
   -7.5000    7.5000  -15.000013501.8506   20.3266
    0.0000    7.5000  -15.000014119.2998   20.3434
    7.5000    7.5000  -15.000013273.7627   20.3427
   -7.5000   15.0000  -15.000012728.0801   20.3340
    0.0000   15.0000  -15.000013308.1484   20.3563
    7.5000   15.0000  -15.000012539.3428   20.3571
   -7.5000   22.5000  -15.000011809.7578   20.3100
    0.0000   22.5000  -15.000012344.2314   20.3385
    7.5000   22.5000  -15.000011657.5254   20.3484
   -7.5000   30.0000  -15.000010750.6953   20.0337
    0.0000   30.0000  -15.000011194.5684   20.0628
    7.5000   30.0000  -15.000010641.9014   20.0811
   -7.5000   37.5000  -15.000010114.6396   20.0274
    0.0000   37.5000  -15.000010515.4717   20.0497
    7.5000   37.5000  -15.000010008.9824   20.0666
   -7.5000   45.0000  -15.0000 9166.5635   19.6387
    0.0000   45.0000  -15.0000 9522.9727   19.6540
    7.5000   45.0000  -15.0000 9066.4912   19.6609
   -7.5000  -45.0000   -7.500010567.5830   20.6349
    0.0000  -45.0000   -7.500011050.4170   20.6563
    7.5000  -45.0000   -7.500010588.1074   20.6641
   -7.5000  -37.5000   -7.500011128.9727   20.6103
    0.0000  -37.5000   -7.500011657.5498   20.6360
    7.5000  -37.5000   -7.500011138.6201   20.6406
   -7.5000  -30.0000   -7.500012147.7598   20.5840
    0.0000  -30.0000   -7.500012728.5957   20.6132
    7.5000  -30.0000   -7.500012141.5195   20.6195
   -7.5000  -22.5000   -7.500013130.8096   20.5645
    0.0000  -22.5000   -7.500013734.0439   20.5937
    7.5000  -22.5000   -7.500013052.0557   20.6044
   -7.5000  -15.0000   -7.500014087.3516   20.5415
    0.0000  -15.0000   -7.500014745.5850   20.5675
    7.5000  -15.0000   -7.500013908.8477   20.5815
   -7.5000   -7.5000   -7.500014902.7061   20.5337
    0.0000   -7.5000   -7.500015635.6318   20.5557
    7.5000   -7.5000   -7.500014620.6777   20.5683
   -7.5000    0.0000   -7.500015422.5771   20.5489
    0.0000    0.0000   -7.500016193.0381   20.5710
    7.5000    0.0000   -7.500015086.5312   20.5786
   -7.5000    7.5000   -7.500014611.5498   20.5759
    0.0000    7.5000   -7.500015359.8711   20.6019
    7.5000    7.5000   -7.500014317.4629   20.6064
   -7.5000   15.0000   -7.500013706.6445   20.5837
    0.0000   15.0000   -7.500014395.9893   20.6129
    7.5000   15.0000   -7.500013458.0684   20.6192
   -7.5000   22.5000   -7.500012716.9590   20.5550
    0.0000   22.5000   -7.500013297.3408   20.5842
    7.5000   22.5000   -7.500012504.3877   20.5949
   -7.5000   30.0000   -7.500011627.4990   20.2751
    0.0000   30.0000   -7.500012119.0000   20.3008
    7.5000   30.0000   -7.500011436.8604   20.3146
   -7.5000   37.5000   -7.500010967.0918   20.2680
    0.0000   37.5000   -7.500011422.5410   20.2898
    7.5000   37.5000   -7.500010793.2900   20.3022
   -7.5000   45.0000   -7.5000 9933.6221   19.8815
    0.0000   45.0000   -7.500010343.8652   19.9026
    7.5000   45.0000   -7.5000 9756.9209   19.9101
   -7.5000  -45.0000    0.000011220.0977   20.6830
    0.0000  -45.0000    0.000011762.1914   20.7153
    7.5000  -45.0000    0.000011231.4688   20.7276
   -7.5000  -37.5000    0.000011807.4443   20.6658
    0.0000  -37.5000    0.000012374.0928   20.7035
    7.5000  -37.5000    0.000011805.5996   20.7154
   -7.5000  -30.0000    0.000012945.6592   20.6435
    0.0000  -30.0000    0.000013557.2139   20.6813
    7.5000  -30.0000    0.000012887.2559   20.6938
   -7.5000  -22.5000    0.000014051.0898   20.6182
    0.0000  -22.5000    0.000014715.4736   20.6507
    7.5000  -22.5000    0.000013936.5508   20.6641
   -7.5000  -15.0000    0.000015085.4980   20.5875
    0.0000  -15.0000    0.000015880.1514   20.6147
    7.5000  -15.0000    0.000014877.3115   20.6281
   -7.5000   -7.5000    0.000015967.1934   20.5779
    0.0000   -7.5000    0.000016842.1953   20.6055
    7.5000   -7.5000    0.000015648.2803   20.6182
   -7.5000    0.0000    0.000016574.4258   20.5969
    0.0000    0.0000    0.000017438.5371   20.6298
    7.5000    0.0000    0.000016161.4102   20.6420
   -7.5000    7.5000    0.000015689.7070   20.6313
    0.0000    7.5000    0.000016527.3105   20.6693
    7.5000    7.5000    0.000015309.8389   20.6812
   -7.5000   15.0000    0.000014668.1729   20.6432
    0.0000   15.0000    0.000015416.0332   20.6810
    7.5000   15.0000    0.000014323.6836   20.6935
   -7.5000   22.5000    0.000013629.8066   20.6087
    0.0000   22.5000    0.000014272.4385   20.6412
    7.5000   22.5000    0.000013323.5439   20.6546
   -7.5000   30.0000    0.000012504.8408   20.3210
    0.0000   30.0000    0.000013093.7637   20.3479
    7.5000   30.0000    0.000012246.5645   20.3611
   -7.5000   37.5000    0.000011850.2764   20.3120
    0.0000   37.5000    0.000012375.2793   20.3393
    7.5000   37.5000    0.000011565.3506   20.3518
   -7.5000   45.0000    0.000010744.9316   19.9294
    0.0000   45.0000    0.000011213.6387   19.9610
    7.5000   45.0000    0.000010455.4473   19.9729
   -7.5000  -45.0000    7.500010988.0889   20.6791
    0.0000  -45.0000    7.500011537.2031   20.7159
    7.5000  -45.0000    7.500010995.5732   20.7314
   -7.5000  -37.5000    7.500011585.7012   20.6675
    0.0000  -37.5000    7.500012129.7832   20.7071
    7.5000  -37.5000    7.500011565.4170   20.7196
   -7.5000  -30.0000    7.500012717.2109   20.6493
    0.0000  -30.0000    7.500013295.8242   20.6884
    7.5000  -30.0000    7.500012636.8193   20.7001
   -7.5000  -22.5000    7.500013936.5693   20.6197
    0.0000  -22.5000    7.500014628.0566   20.6553
    7.5000  -22.5000    7.500013828.7178   20.6698
   -7.5000  -15.0000    7.500015023.7891   20.5820
    0.0000  -15.0000    7.500015935.1846   20.6150
    7.5000  -15.0000    7.500014804.7686   20.6318
   -7.5000   -7.5000    7.500015869.5293   20.5711
    0.0000   -7.5000    7.500016843.6133   20.6051
    7.5000   -7.5000    7.500015534.8037   20.6221
   -7.5000    0.0000    7.500016486.2266   20.5930
    0.0000    0.0000    7.500017354.4902   20.6302
    7.5000    0.0000    7.500016033.0010   20.6456
   -7.5000    7.5000    7.500015628.8311   20.6331
    0.0000    7.5000    7.500016443.6621   20.6730
    7.5000    7.5000    7.500015222.1855   20.6854
   -7.5000   15.0000    7.500014603.0537   20.6490
    0.0000   15.0000    7.500015370.8721   20.6880
    7.5000   15.0000    7.500014213.1240   20.6998
   -7.5000   22.5000    7.500013571.0107   20.6102
    0.0000   22.5000    7.500014286.8828   20.6457
    7.5000   22.5000    7.500013210.1045   20.6602
   -7.5000   30.0000    7.500012501.9492   20.3156
    0.0000   30.0000    7.500013170.0547   20.3482
    7.5000   30.0000    7.500012160.9902   20.3648
   -7.5000   37.5000    7.500011863.6816   20.3053
    0.0000   37.5000    7.500012478.7422   20.3388
    7.5000   37.5000    7.500011493.0244   20.3556
   -7.5000   45.0000    7.500010757.2402   19.9244
    0.0000   45.0000    7.500011293.2930   19.9601
    7.5000   45.0000    7.500010373.7139   19.9753
   -7.5000  -45.0000   15.000010578.6211   20.6707
    0.0000  -45.0000   15.000011125.3672   20.7017
    7.5000  -45.0000   15.000010584.7695   20.7168
   -7.5000  -37.5000   15.000011178.6963   20.6565
    0.0000  -37.5000   15.000011727.3906   20.6875
    7.5000  -37.5000   15.000011154.6104   20.6951
   -7.5000  -30.0000   15.000012311.6475   20.6393
    0.0000  -30.0000   15.000012875.2725   20.6722
    7.5000  -30.0000   15.000012260.4707   20.6789
   -7.5000  -22.5000   15.000013689.6553   20.6127
    0.0000  -22.5000   15.000014452.7734   20.6482
    7.5000  -22.5000   15.000013613.4473   20.6621
   -7.5000  -15.0000   15.000014972.8711   20.5766
    0.0000  -15.0000   15.000016130.0127   20.6134
    7.5000  -15.0000   15.000014793.8652   20.6345
   -7.5000   -7.5000   15.000015843.0986   20.5653
    0.0000   -7.5000   15.000016977.3574   20.5997
    7.5000   -7.5000   15.000015494.2129   20.6209
   -7.5000    0.0000   15.000016303.0273   20.5845
    0.0000    0.0000   15.000017298.2031   20.6160
    7.5000    0.0000   15.000015851.8584   20.6310
   -7.5000    7.5000   15.000015394.0869   20.6221
    0.0000    7.5000   15.000016308.0498   20.6534
    7.5000    7.5000   15.000014947.6914   20.6610
   -7.5000   15.0000   15.000014351.0938   20.6390
    0.0000   15.0000   15.000015209.5303   20.6719
    7.5000   15.0000   15.000013887.2607   20.6786
   -7.5000   22.5000   15.000013332.9561   20.6032
    0.0000   22.5000   15.000014146.4805   20.6387
    7.5000   22.5000   15.000012881.0244   20.6526
   -7.5000   30.0000   15.000012277.6289   20.3103
    0.0000   30.0000   15.000013007.8857   20.3467
    7.5000   30.0000   15.000011862.0000   20.3674
   -7.5000   37.5000   15.000011634.2930   20.2996
    0.0000   37.5000   15.000012321.4121   20.3336
    7.5000   37.5000   15.000011220.7617   20.3545
   -7.5000   45.0000   15.000010541.4316   19.9149
    0.0000   45.0000   15.000011115.1152   19.9451
    7.5000   45.0000   15.000010127.3535   19.9599
   -7.5000  -45.0000   22.500010118.1865   20.6656
    0.0000  -45.0000   22.500010727.8838   20.6864
    7.5000  -45.0000   22.500010221.6309   20.6979
   -7.5000  -37.5000   22.500010738.8770   20.6429
    0.0000  -37.5000   22.500011371.1152   20.6628
    7.5000  -37.5000   22.500010802.0439   20.6647
   -7.5000  -30.0000   22.500011875.6631   20.6213
    0.0000  -30.0000   22.500012518.4287   20.6461
    7.5000  -30.0000   22.500011885.1543   20.6482
   -7.5000  -22.5000   22.500013337.1230   20.6012
    0.0000  -22.5000   22.500014237.0635   20.6333
    7.5000  -22.5000   22.500013260.7637   20.6455
   -7.5000  -15.0000   22.500014778.3623   20.5741
    0.0000  -15.0000   22.500016158.9619   20.6091
    7.5000  -15.0000   22.500014559.3984   20.6313
   -7.5000   -7.5000   22.500015601.5322   20.5649
    0.0000   -7.5000   22.500016995.2812   20.5937
    7.5000   -7.5000   22.500015312.5703   20.6153
   -7.5000    0.0000   22.500015806.9248   20.5794
    0.0000    0.0000   22.500017067.7402   20.6008
    7.5000    0.0000   22.500015478.8408   20.6121
   -7.5000    7.5000   22.500014857.5508   20.6085
    0.0000    7.5000   22.500015947.5107   20.6287
    7.5000    7.5000   22.500014463.2148   20.6305
   -7.5000   15.0000   22.500013811.5605   20.6210
    0.0000   15.0000   22.500014778.9111   20.6458
    7.5000   15.0000   22.500013405.0879   20.6479
   -7.5000   22.5000   22.500012794.6543   20.5917
    0.0000   22.5000   22.500013618.9189   20.6238
    7.5000   22.5000   22.500012423.0781   20.6360
   -7.5000   30.0000   22.500011776.6582   20.3078
    0.0000   30.0000   22.500012472.1104   20.3423
    7.5000   30.0000   22.500011451.0566   20.3643
   -7.5000   37.5000   22.500011125.3076   20.2993
    0.0000   37.5000   22.500011759.6152   20.3277
    7.5000   37.5000   22.500010795.8184   20.3490
   -7.5000   45.0000   22.500010091.3770   19.9102
    0.0000   45.0000   22.500010608.9941   19.9307
    7.5000   45.0000   22.5000 9733.4492   19.9418
   -7.5000  -45.0000   30.0000 9615.7246   20.6837
    0.0000  -45.0000   30.000010271.2734   20.6992
    7.5000  -45.0000   30.0000 9729.9375   20.7062
   -7.5000  -37.5000   30.000010202.9180   20.6560
    0.0000  -37.5000   30.000010834.5586   20.6725
    7.5000  -37.5000   30.000010242.6035   20.6715
   -7.5000  -30.0000   30.000011248.4854   20.6292
    0.0000  -30.0000   30.000011875.5088   20.6515
    7.5000  -30.0000   30.000011235.2139   20.6521
   -7.5000  -22.5000   30.000012486.6621   20.6118
    0.0000  -22.5000   30.000013315.5566   20.6405
    7.5000  -22.5000   30.000012402.4268   20.6504
   -7.5000  -15.0000   30.000013616.3945   20.5908
    0.0000  -15.0000   30.000014651.0039   20.6206
    7.5000  -15.0000   30.000013547.1387   20.6392
   -7.5000   -7.5000   30.000014279.1396   20.5837
    0.0000   -7.5000   30.000015334.3516   20.6065
    7.5000   -7.5000   30.000014280.0586   20.6237
   -7.5000    0.0000   30.000014624.2676   20.5974
    0.0000    0.0000   30.000015675.6172   20.6135
    7.5000    0.0000   30.000014611.3740   20.6203
   -7.5000    7.5000   30.000013862.1016   20.6215
    0.0000    7.5000   30.000014840.8877   20.6383
    7.5000    7.5000   30.000013733.6143   20.6373
   -7.5000   15.0000   30.000012937.5732   20.6289
    0.0000   15.0000   30.000013814.5693   20.6512
    7.5000   15.0000   30.000012743.0664   20.6518
   -7.5000   22.5000   30.000011951.3115   20.6023
    0.0000   22.5000   30.000012705.1143   20.6310
    7.5000   22.5000   30.000011770.3330   20.6409
   -7.5000   30.0000   30.000011006.4961   20.3243
    0.0000   30.0000   30.000011656.1426   20.3537
    7.5000   30.0000   30.000010855.9746   20.3720
   -7.5000   37.5000   30.000010420.4990   20.3180
    0.0000   37.5000   30.000011011.8418   20.3404
    7.5000   37.5000   30.000010239.0850   20.3574
   -7.5000   45.0000   30.0000 9469.4521   19.9290
    0.0000   45.0000   30.0000 9970.3525   19.9443
    7.5000   45.0000   30.0000 9262.9658   19.9511
   -7.5000  -45.0000   37.5000 9379.1260   20.7577
    0.0000  -45.0000   37.5000 9889.0352   20.7784
    7.5000  -45.0000   37.5000 9350.1709   20.7855
   -7.5000  -37.5000   37.5000 9909.2217   20.7329
    0.0000  -37.5000   37.500010402.5928   20.7579
    7.5000  -37.5000   37.5000 9879.6973   20.7618
   -7.5000  -30.0000   37.500010885.8291   20.7065
    0.0000  -30.0000   37.500011416.0068   20.7350
    7.5000  -30.0000   37.500010833.3701   20.7407
   -7.5000  -22.5000   37.500011910.6182   20.6868
    0.0000  -22.5000   37.500012592.3545   20.7154
    7.5000  -22.5000   37.500011889.8018   20.7257
   -7.5000  -15.0000   37.500012728.3906   20.6637
    0.0000  -15.0000   37.500013456.5596   20.6890
    7.5000  -15.0000   37.500012805.9834   20.7026
   -7.5000   -7.5000   37.500013299.1182   20.6556
    0.0000   -7.5000   37.500013963.8857   20.6770
    7.5000   -7.5000   37.500013436.7490   20.6891
   -7.5000    0.0000   37.500013780.6934   20.6709
    0.0000    0.0000   37.500014472.4580   20.6922
    7.5000    0.0000   37.500013905.8574   20.6992
   -7.5000    7.5000   37.500013266.8281   20.6981
    0.0000    7.5000   37.500013947.1084   20.7234
    7.5000    7.5000   37.500013267.3574   20.7273
   -7.5000   15.0000   37.500012504.9473   20.7061
    0.0000   15.0000   37.500013133.6230   20.7346
    7.5000   15.0000   37.500012432.0215   20.7404
   -7.5000   22.5000   37.500011557.4854   20.6773
    0.0000   22.5000   37.500012123.9316   20.7059
    7.5000   22.5000   37.500011477.5000   20.7161
   -7.5000   30.0000   37.500010635.7441   20.3962
    0.0000   30.0000   37.500011173.8633   20.4213
    7.5000   30.0000   37.500010582.8291   20.4346
   -7.5000   37.5000   37.500010080.2227   20.3889
    0.0000   37.5000   37.500010614.9688   20.4100
    7.5000   37.5000   37.500010026.6426   20.4219
   -7.5000   45.0000   37.5000 9142.4775   20.0014
    0.0000   45.0000   37.5000 9597.9678   20.0217
    7.5000   45.0000   37.5000 9056.6201   20.0286
   -7.5000  -45.0000   45.0000 8542.2217   20.8584
    0.0000  -45.0000   45.0000 8928.6201   20.8899
    7.5000  -45.0000   45.0000 8476.2686   20.9008
   -7.5000  -37.5000   45.0000 9037.7900   20.8404
    0.0000  -37.5000   45.0000 9426.1445   20.8773
    7.5000  -37.5000   45.0000 8969.9023   20.8879
   -7.5000  -30.0000   45.0000 9931.2549   20.8171
    0.0000  -30.0000   45.000010392.5576   20.8542
    7.5000  -30.0000   45.0000 9872.8389   20.8655
   -7.5000  -22.5000   45.000010797.7939   20.7912
    0.0000  -22.5000   45.000011353.5801   20.8229
    7.5000  -22.5000   45.000010826.0938   20.8353
   -7.5000  -15.0000   45.000011489.9238   20.7599
    0.0000  -15.0000   45.000012012.2002   20.7865
    7.5000  -15.0000   45.000011569.9443   20.7988
   -7.5000   -7.5000   45.000012045.0557   20.7506
    0.0000   -7.5000   45.000012557.6455   20.7775
    7.5000   -7.5000   45.000012125.6123   20.7889
   -7.5000    0.0000   45.000012540.2764   20.7703
    0.0000    0.0000   45.000013064.2900   20.8023
    7.5000    0.0000   45.000012615.7402   20.8131
   -7.5000    7.5000   45.000012089.5059   20.8051
    0.0000    7.5000   45.000012585.9902   20.8423
    7.5000    7.5000   45.000012106.9697   20.8529
   -7.5000   15.0000   45.000011445.7246   20.8168
    0.0000   15.0000   45.000011928.7354   20.8539
    7.5000   15.0000   45.000011412.7139   20.8652
   -7.5000   22.5000   45.000010597.2617   20.7816
    0.0000   22.5000   45.000011050.6523   20.8133
    7.5000   22.5000   45.000010561.9229   20.8256
   -7.5000   30.0000   45.0000 9783.7744   20.4895
    0.0000   30.0000   45.000010230.4453   20.5157
    7.5000   30.0000   45.0000 9758.2070   20.5278
   -7.5000   37.5000   45.0000 9295.6182   20.4808
    0.0000   37.5000   45.0000 9756.3398   20.5073
    7.5000   37.5000   45.0000 9283.8486   20.5185
   -7.5000   45.0000   45.0000 8401.9141   20.1074
    0.0000   45.0000   45.0000 8797.1904   20.1382
    7.5000   45.0000   45.0000 8361.1201   20.1488

---------------------------------------------------------------------
imgreg_4dfp /opt/freesurfer/average/711-2C_as_mni_average_305 /opt/freesurfer/average/711-2B_as_mni_average_305_mask talsrcimg_g11 none talsrcimg_to_711-2C_as_mni_average_305_t4 4355
---------------------------------------------------------------------

freesurfer imgreg_4dfp.c
/opt/freesurfer/average/711-2C_as_mni_average_305.4dfp.img
       256       256       256         1
  1.000000  1.000000  1.000000
orientation T byte_order littleendian
Reading image: /opt/freesurfer/average/711-2C_as_mni_average_305.4dfp.img
dimensions:      256       256       256
mmppix:       1.0000   -1.0000   -1.0000
center:     128.0000 -129.0000 -129.0000
/opt/freesurfer/average/711-2B_as_mni_average_305_mask.4dfp.img
       256       256       256         1
  1.000000  1.000000  1.000000
orientation T byte_order littleendian
Reading mask: /opt/freesurfer/average/711-2B_as_mni_average_305_mask.4dfp.img (2306576 pixels)
talsrcimg_g11.4dfp.img
       256       256       256         1
  1.000000  1.000000  1.000000
orientation T byte_order littleendian
Reading image: talsrcimg_g11.4dfp.img
dimensions:      256       256       256
mmppix:       1.0000   -1.0000   -1.0000
center:     128.0000 -129.0000 -129.0000
rotation matrix determinant  1.000000
image alignment mode   4355 decimal     1103 hex
   -7.5000  -45.0000  -45.0000 2086.1345   24.1667
    0.0000  -45.0000  -45.0000 2089.1023   23.8700
    7.5000  -45.0000  -45.0000 2082.6904   23.8119
   -7.5000  -37.5000  -45.0000 2130.3381   23.0542
    0.0000  -37.5000  -45.0000 2134.5889   22.8077
    7.5000  -37.5000  -45.0000 2124.6299   22.7033
   -7.5000  -30.0000  -45.0000 2157.3359   22.5321
    0.0000  -30.0000  -45.0000 2163.6155   22.3061
    7.5000  -30.0000  -45.0000 2152.5574   22.1756
   -7.5000  -22.5000  -45.0000 2176.7744   22.3914
    0.0000  -22.5000  -45.0000 2183.7581   22.1633
    7.5000  -22.5000  -45.0000 2170.4775   22.0036
   -7.5000  -15.0000  -45.0000 2180.5713   22.5805
    0.0000  -15.0000  -45.0000 2185.3132   22.3092
    7.5000  -15.0000  -45.0000 2176.0330   22.1833
   -7.5000   -7.5000  -45.0000 2174.7039   22.9841
    0.0000   -7.5000  -45.0000 2183.1257   22.7155
    7.5000   -7.5000  -45.0000 2170.3777   22.6440
   -7.5000    0.0000  -45.0000 2155.0647   23.5344
    0.0000    0.0000  -45.0000 2168.7458   23.3872
    7.5000    0.0000  -45.0000 2149.1458   23.3408
   -7.5000    7.5000  -45.0000 2128.7195   24.5440
    0.0000    7.5000  -45.0000 2139.8787   24.3933
    7.5000    7.5000  -45.0000 2118.8704   24.3526
   -7.5000   15.0000  -45.0000 2074.8914   25.8885
    0.0000   15.0000  -45.0000 2092.9380   25.7248
    7.5000   15.0000  -45.0000 2067.6033   25.6573
   -7.5000   22.5000  -45.0000 2013.5901   27.6126
    0.0000   22.5000  -45.0000 2026.9969   27.5063
    7.5000   22.5000  -45.0000 2004.6875   27.3808
   -7.5000   30.0000  -45.0000 1936.5034   29.9047
    0.0000   30.0000  -45.0000 1945.3921   29.7008
    7.5000   30.0000  -45.0000 1928.9169   29.5886
   -7.5000   37.5000  -45.0000 1850.2080   32.8513
    0.0000   37.5000  -45.0000 1860.9730   32.6741
    7.5000   37.5000  -45.0000 1844.0232   32.7599
   -7.5000   45.0000  -45.0000 1760.9196   37.2051
    0.0000   45.0000  -45.0000 1765.6086   36.7847
    7.5000   45.0000  -45.0000 1751.4769   36.8735
   -7.5000  -45.0000  -37.5000 2173.3362   22.3942
    0.0000  -45.0000  -37.5000 2172.8174   22.2000
    7.5000  -45.0000  -37.5000 2165.8286   22.1277
   -7.5000  -37.5000  -37.5000 2224.1995   21.3208
    0.0000  -37.5000  -37.5000 2226.2634   21.1884
    7.5000  -37.5000  -37.5000 2221.7791   21.0670
   -7.5000  -30.0000  -37.5000 2247.9792   20.8004
    0.0000  -30.0000  -37.5000 2253.2280   20.6581
    7.5000  -30.0000  -37.5000 2245.9866   20.5478
   -7.5000  -22.5000  -37.5000 2270.1499   20.5824
    0.0000  -22.5000  -37.5000 2275.6748   20.3979
    7.5000  -22.5000  -37.5000 2263.2793   20.3125
   -7.5000  -15.0000  -37.5000 2278.3677   20.6162
    0.0000  -15.0000  -37.5000 2285.1755   20.4159
    7.5000  -15.0000  -37.5000 2268.3501   20.3495
   -7.5000   -7.5000  -37.5000 2284.1489   20.9287
    0.0000   -7.5000  -37.5000 2289.4167   20.6865
    7.5000   -7.5000  -37.5000 2265.0654   20.6509
   -7.5000    0.0000  -37.5000 2268.2290   21.3815
    0.0000    0.0000  -37.5000 2279.1465   21.2238
    7.5000    0.0000  -37.5000 2254.9785   21.2153
   -7.5000    7.5000  -37.5000 2243.3945   22.3370
    0.0000    7.5000  -37.5000 2255.2991   22.1520
    7.5000    7.5000  -37.5000 2226.1492   22.1778
   -7.5000   15.0000  -37.5000 2188.2756   23.5976
    0.0000   15.0000  -37.5000 2205.9038   23.4624
    7.5000   15.0000  -37.5000 2175.2922   23.4894
   -7.5000   22.5000  -37.5000 2125.4353   25.1859
    0.0000   22.5000  -37.5000 2139.6968   25.0746
    7.5000   22.5000  -37.5000 2111.9910   25.0298
   -7.5000   30.0000  -37.5000 2036.6121   27.1724
    0.0000   30.0000  -37.5000 2045.9055   27.0334
    7.5000   30.0000  -37.5000 2030.2739   26.9448
   -7.5000   37.5000  -37.5000 1945.7582   29.7808
    0.0000   37.5000  -37.5000 1951.3236   29.6842
    7.5000   37.5000  -37.5000 1935.8337   29.6355
   -7.5000   45.0000  -37.5000 1845.2375   33.6917
    0.0000   45.0000  -37.5000 1853.3120   33.3971
    7.5000   45.0000  -37.5000 1836.0381   33.2903
   -7.5000  -45.0000  -30.0000 2289.7036   21.6729
    0.0000  -45.0000  -30.0000 2299.0977   21.5044
    7.5000  -45.0000  -30.0000 2290.2490   21.3938
   -7.5000  -37.5000  -30.0000 2355.1741   20.5745
    0.0000  -37.5000  -30.0000 2360.7742   20.4526
    7.5000  -37.5000  -30.0000 2350.1492   20.3294
   -7.5000  -30.0000  -30.0000 2387.0669   20.0116
    0.0000  -30.0000  -30.0000 2400.2390   19.8546
    7.5000  -30.0000  -30.0000 2380.6787   19.7481
   -7.5000  -22.5000  -30.0000 2412.1174   19.7025
    0.0000  -22.5000  -30.0000 2425.1382   19.5101
    7.5000  -22.5000  -30.0000 2401.7805   19.4875
   -7.5000  -15.0000  -30.0000 2418.5820   19.6314
    0.0000  -15.0000  -30.0000 2431.9895   19.4221
    7.5000  -15.0000  -30.0000 2404.0996   19.4234
   -7.5000   -7.5000  -30.0000 2428.1877   19.8599
    0.0000   -7.5000  -30.0000 2434.8879   19.6281
    7.5000   -7.5000  -30.0000 2407.5107   19.6405
   -7.5000    0.0000  -30.0000 2414.0413   20.3042
    0.0000    0.0000  -30.0000 2422.4194   20.0800
    7.5000    0.0000  -30.0000 2399.3108   20.1746
   -7.5000    7.5000  -30.0000 2387.9033   21.2031
    0.0000    7.5000  -30.0000 2397.6389   20.9851
    7.5000    7.5000  -30.0000 2376.2227   21.1439
   -7.5000   15.0000  -30.0000 2333.8674   22.4322
    0.0000   15.0000  -30.0000 2346.1594   22.2459
    7.5000   15.0000  -30.0000 2323.9258   22.3695
   -7.5000   22.5000  -30.0000 2264.1575   23.8733
    0.0000   22.5000  -30.0000 2277.2173   23.7237
    7.5000   22.5000  -30.0000 2252.7913   23.7743
   -7.5000   30.0000  -30.0000 2170.0879   25.6654
    0.0000   30.0000  -30.0000 2184.1821   25.5534
    7.5000   30.0000  -30.0000 2166.8521   25.6196
   -7.5000   37.5000  -30.0000 2072.7642   28.0945
    0.0000   37.5000  -30.0000 2079.3464   28.0368
    7.5000   37.5000  -30.0000 2058.9907   28.0765
   -7.5000   45.0000  -30.0000 1959.1959   31.6538
    0.0000   45.0000  -30.0000 1973.5857   31.5101
    7.5000   45.0000  -30.0000 1950.9493   31.4527
   -7.5000  -45.0000  -22.5000 2386.5613   20.9383
    0.0000  -45.0000  -22.5000 2401.3186   20.6985
    7.5000  -45.0000  -22.5000 2392.3521   20.6563
   -7.5000  -37.5000  -22.5000 2455.3691   19.7677
    0.0000  -37.5000  -22.5000 2474.6104   19.5261
    7.5000  -37.5000  -22.5000 2460.1814   19.5092
   -7.5000  -30.0000  -22.5000 2497.6123   19.0557
    0.0000  -30.0000  -22.5000 2521.2693   18.8210
    7.5000  -30.0000  -22.5000 2501.8149   18.7885
   -7.5000  -22.5000  -22.5000 2527.2356   18.7380
    0.0000  -22.5000  -22.5000 2545.3801   18.4877
    7.5000  -22.5000  -22.5000 2525.3242   18.4530
   -7.5000  -15.0000  -22.5000 2537.6643   18.6468
    0.0000  -15.0000  -22.5000 2550.4634   18.3853
    7.5000  -15.0000  -22.5000 2529.8022   18.4410
   -7.5000   -7.5000  -22.5000 2541.3770   18.7852
    0.0000   -7.5000  -22.5000 2552.1843   18.5582
    7.5000   -7.5000  -22.5000 2533.5071   18.6296
   -7.5000    0.0000  -22.5000 2525.6970   19.1948
    0.0000    0.0000  -22.5000 2538.1167   18.9484
    7.5000    0.0000  -22.5000 2523.6892   19.0860
   -7.5000    7.5000  -22.5000 2498.6533   19.9691
    0.0000    7.5000  -22.5000 2510.0808   19.7847
    7.5000    7.5000  -22.5000 2498.7412   19.9160
   -7.5000   15.0000  -22.5000 2446.5134   21.0858
    0.0000   15.0000  -22.5000 2459.8882   20.9079
    7.5000   15.0000  -22.5000 2446.4712   21.0246
   -7.5000   22.5000  -22.5000 2375.6545   22.3929
    0.0000   22.5000  -22.5000 2390.9993   22.2125
    7.5000   22.5000  -22.5000 2376.7468   22.3323
   -7.5000   30.0000  -22.5000 2275.5889   24.0396
    0.0000   30.0000  -22.5000 2294.0593   23.9326
    7.5000   30.0000  -22.5000 2278.9541   24.0791
   -7.5000   37.5000  -22.5000 2170.7939   26.3964
    0.0000   37.5000  -22.5000 2188.5466   26.2770
    7.5000   37.5000  -22.5000 2164.6462   26.3912
   -7.5000   45.0000  -22.5000 2050.4900   29.6064
    0.0000   45.0000  -22.5000 2074.3018   29.4450
    7.5000   45.0000  -22.5000 2046.9045   29.4212
   -7.5000  -45.0000  -15.0000 2451.5142   20.1960
    0.0000  -45.0000  -15.0000 2468.9192   19.8892
    7.5000  -45.0000  -15.0000 2462.4949   19.9593
   -7.5000  -37.5000  -15.0000 2522.5474   18.9822
    0.0000  -37.5000  -15.0000 2547.4399   18.6973
    7.5000  -37.5000  -15.0000 2535.7322   18.7301
   -7.5000  -30.0000  -15.0000 2575.3018   18.1429
    0.0000  -30.0000  -15.0000 2602.1833   17.8692
    7.5000  -30.0000  -15.0000 2587.4050   17.8282
   -7.5000  -22.5000  -15.0000 2610.6743   17.7304
    0.0000  -22.5000  -15.0000 2630.2061   17.4696
    7.5000  -22.5000  -15.0000 2614.2676   17.3936
   -7.5000  -15.0000  -15.0000 2628.7627   17.6634
    0.0000  -15.0000  -15.0000 2636.4719   17.3986
    7.5000  -15.0000  -15.0000 2623.5996   17.3760
   -7.5000   -7.5000  -15.0000 2626.2322   17.7742
    0.0000   -7.5000  -15.0000 2633.9988   17.5568
    7.5000   -7.5000  -15.0000 2620.7708   17.5543
   -7.5000    0.0000  -15.0000 2612.8201   18.1476
    0.0000    0.0000  -15.0000 2627.0386   17.9649
    7.5000    0.0000  -15.0000 2612.7095   17.9876
   -7.5000    7.5000  -15.0000 2585.6199   18.8684
    0.0000    7.5000  -15.0000 2598.3745   18.6907
    7.5000    7.5000  -15.0000 2587.3638   18.7260
   -7.5000   15.0000  -15.0000 2534.5867   19.8481
    0.0000   15.0000  -15.0000 2546.6318   19.6615
    7.5000   15.0000  -15.0000 2541.2676   19.7286
   -7.5000   22.5000  -15.0000 2460.2114   21.0643
    0.0000   22.5000  -15.0000 2476.2129   20.8522
    7.5000   22.5000  -15.0000 2470.0693   21.0059
   -7.5000   30.0000  -15.0000 2358.7363   22.6328
    0.0000   30.0000  -15.0000 2373.0791   22.4621
    7.5000   30.0000  -15.0000 2372.9197   22.6393
   -7.5000   37.5000  -15.0000 2252.0769   24.8723
    0.0000   37.5000  -15.0000 2264.7852   24.6080
    7.5000   37.5000  -15.0000 2255.5884   24.7520
   -7.5000   45.0000  -15.0000 2126.2720   27.8275
    0.0000   45.0000  -15.0000 2142.8164   27.5692
    7.5000   45.0000  -15.0000 2123.9377   27.6359
   -7.5000  -45.0000   -7.5000 2495.1379   19.4985
    0.0000  -45.0000   -7.5000 2514.9482   19.2014
    7.5000  -45.0000   -7.5000 2509.6985   19.2825
   -7.5000  -37.5000   -7.5000 2570.4858   18.1981
    0.0000  -37.5000   -7.5000 2589.7217   17.9036
    7.5000  -37.5000   -7.5000 2584.1350   17.9466
   -7.5000  -30.0000   -7.5000 2631.9167   17.3164
    0.0000  -30.0000   -7.5000 2651.6868   17.0524
    7.5000  -30.0000   -7.5000 2644.2700   17.0280
   -7.5000  -22.5000   -7.5000 2672.2766   16.8408
    0.0000  -22.5000   -7.5000 2688.6777   16.5748
    7.5000  -22.5000   -7.5000 2677.4182   16.4875
   -7.5000  -15.0000   -7.5000 2696.7009   16.7116
    0.0000  -15.0000   -7.5000 2706.7617   16.4979
    7.5000  -15.0000   -7.5000 2685.5295   16.3647
   -7.5000   -7.5000   -7.5000 2701.7520   16.8037
    0.0000   -7.5000   -7.5000 2710.2329   16.6127
    7.5000   -7.5000   -7.5000 2690.4739   16.5112
   -7.5000    0.0000   -7.5000 2692.3914   17.1996
    0.0000    0.0000   -7.5000 2705.3062   17.0313
    7.5000    0.0000   -7.5000 2687.1929   16.9435
   -7.5000    7.5000   -7.5000 2667.0398   17.8815
    0.0000    7.5000   -7.5000 2680.2290   17.6988
    7.5000    7.5000   -7.5000 2669.8584   17.6960
   -7.5000   15.0000   -7.5000 2613.7634   18.7575
    0.0000   15.0000   -7.5000 2625.3127   18.5736
    7.5000   15.0000   -7.5000 2619.2449   18.6122
   -7.5000   22.5000   -7.5000 2535.0789   19.8928
    0.0000   22.5000   -7.5000 2542.9426   19.6862
    7.5000   22.5000   -7.5000 2544.8748   19.7939
   -7.5000   30.0000   -7.5000 2431.6570   21.4203
    0.0000   30.0000   -7.5000 2441.0454   21.1958
    7.5000   30.0000   -7.5000 2444.9238   21.3572
   -7.5000   37.5000   -7.5000 2330.0801   23.5280
    0.0000   37.5000   -7.5000 2335.5898   23.2312
    7.5000   37.5000   -7.5000 2333.1067   23.3763
   -7.5000   45.0000   -7.5000 2197.9719   26.3147
    0.0000   45.0000   -7.5000 2201.0391   26.0346
    7.5000   45.0000   -7.5000 2190.7051   26.1946
   -7.5000  -45.0000    0.0000 2508.2588   19.0061
    0.0000  -45.0000    0.0000 2526.8579   18.6967
    7.5000  -45.0000    0.0000 2522.6101   18.7536
   -7.5000  -37.5000    0.0000 2587.5320   17.6493
    0.0000  -37.5000    0.0000 2602.8870   17.3756
    7.5000  -37.5000    0.0000 2595.7573   17.3802
   -7.5000  -30.0000    0.0000 2661.0266   16.7296
    0.0000  -30.0000    0.0000 2673.5852   16.4659
    7.5000  -30.0000    0.0000 2660.7354   16.4281
   -7.5000  -22.5000    0.0000 2711.2629   16.2000
    0.0000  -22.5000    0.0000 2723.1699   15.9514
    7.5000  -22.5000    0.0000 2708.9165   15.8694
   -7.5000  -15.0000    0.0000 2737.0239   16.0124
    0.0000  -15.0000    0.0000 2752.6169   15.8132
    7.5000  -15.0000    0.0000 2725.8625   15.6791
   -7.5000   -7.5000    0.0000 2752.9990   16.0460
    0.0000   -7.5000    0.0000 2761.0701   15.8827
    7.5000   -7.5000    0.0000 2735.3838   15.7497
   -7.5000    0.0000    0.0000 2755.4214   16.4665
    0.0000    0.0000    0.0000 2757.7251   16.2770
    7.5000    0.0000    0.0000 2734.4304   16.2265
   -7.5000    7.5000    0.0000 2722.7849   17.1631
    0.0000    7.5000    0.0000 2731.9414   16.9213
    7.5000    7.5000    0.0000 2719.1279   16.9300
   -7.5000   15.0000    0.0000 2666.1812   17.9623
    0.0000   15.0000    0.0000 2674.0725   17.7287
    7.5000   15.0000    0.0000 2670.4102   17.8277
   -7.5000   22.5000    0.0000 2590.4937   19.0225
    0.0000   22.5000    0.0000 2595.5779   18.7924
    7.5000   22.5000    0.0000 2597.3293   18.9755
   -7.5000   30.0000    0.0000 2488.3125   20.4775
    0.0000   30.0000    0.0000 2496.8486   20.2399
    7.5000   30.0000    0.0000 2495.9275   20.4494
   -7.5000   37.5000    0.0000 2387.6819   22.5091
    0.0000   37.5000    0.0000 2389.8225   22.2222
    7.5000   37.5000    0.0000 2388.1890   22.4334
   -7.5000   45.0000    0.0000 2251.5894   25.1726
    0.0000   45.0000    0.0000 2253.0352   24.9223
    7.5000   45.0000    0.0000 2244.0225   25.1506
   -7.5000  -45.0000    7.5000 2506.6934   18.7721
    0.0000  -45.0000    7.5000 2515.0544   18.4482
    7.5000  -45.0000    7.5000 2509.9517   18.4698
   -7.5000  -37.5000    7.5000 2593.5427   17.3822
    0.0000  -37.5000    7.5000 2596.5322   17.0758
    7.5000  -37.5000    7.5000 2593.7178   17.1119
   -7.5000  -30.0000    7.5000 2675.8843   16.4419
    0.0000  -30.0000    7.5000 2675.3462   16.1605
    7.5000  -30.0000    7.5000 2667.6758   16.1489
   -7.5000  -22.5000    7.5000 2740.8276   15.9091
    0.0000  -22.5000    7.5000 2741.6201   15.6978
    7.5000  -22.5000    7.5000 2730.2161   15.6361
   -7.5000  -15.0000    7.5000 2778.2312   15.7204
    0.0000  -15.0000    7.5000 2783.4727   15.5869
    7.5000  -15.0000    7.5000 2760.7168   15.4052
   -7.5000   -7.5000    7.5000 2789.9910   15.6298
    0.0000   -7.5000    7.5000 2791.5149   15.4932
    7.5000   -7.5000    7.5000 2770.0613   15.3633
   -7.5000    0.0000    7.5000 2795.3157   15.9855
    0.0000    0.0000    7.5000 2788.4814   15.8037
    7.5000    0.0000    7.5000 2767.6672   15.8042
   -7.5000    7.5000    7.5000 2766.3818   16.6459
    0.0000    7.5000    7.5000 2763.9509   16.4153
    7.5000    7.5000    7.5000 2756.6807   16.4960
   -7.5000   15.0000    7.5000 2709.9326   17.4280
    0.0000   15.0000    7.5000 2711.3281   17.2095
    7.5000   15.0000    7.5000 2709.1802   17.3732
   -7.5000   22.5000    7.5000 2630.9177   18.4117
    0.0000   22.5000    7.5000 2636.2913   18.2168
    7.5000   22.5000    7.5000 2634.1162   18.4347
   -7.5000   30.0000    7.5000 2531.4192   19.8655
    0.0000   30.0000    7.5000 2537.1013   19.6757
    7.5000   30.0000    7.5000 2534.6707   19.8551
   -7.5000   37.5000    7.5000 2431.1372   21.8845
    0.0000   37.5000    7.5000 2434.0127   21.6524
    7.5000   37.5000    7.5000 2427.8540   21.8135
   -7.5000   45.0000    7.5000 2294.3047   24.4424
    0.0000   45.0000    7.5000 2294.5193   24.2142
    7.5000   45.0000    7.5000 2282.5078   24.3920
   -7.5000  -45.0000   15.0000 2475.9346   18.8539
    0.0000  -45.0000   15.0000 2474.5957   18.5234
    7.5000  -45.0000   15.0000 2474.1362   18.5329
   -7.5000  -37.5000   15.0000 2571.8049   17.4614
    0.0000  -37.5000   15.0000 2571.1169   17.1641
    7.5000  -37.5000   15.0000 2566.1677   17.1919
   -7.5000  -30.0000   15.0000 2660.3276   16.5321
    0.0000  -30.0000   15.0000 2658.8850   16.2726
    7.5000  -30.0000   15.0000 2653.5139   16.2835
   -7.5000  -22.5000   15.0000 2746.2493   16.0582
    0.0000  -22.5000   15.0000 2747.7771   15.9361
    7.5000  -22.5000   15.0000 2739.8513   15.8712
   -7.5000  -15.0000   15.0000 2800.5864   15.9312
    0.0000  -15.0000   15.0000 2812.8528   15.9675
    7.5000  -15.0000   15.0000 2795.6372   15.6775
   -7.5000   -7.5000   15.0000 2807.5317   15.6719
    0.0000   -7.5000   15.0000 2829.0498   15.7616
    7.5000   -7.5000   15.0000 2798.4460   15.4903
   -7.5000    0.0000   15.0000 2806.7515   15.8391
    0.0000    0.0000   15.0000 2818.7957   15.7981
    7.5000    0.0000   15.0000 2783.5183   15.6782
   -7.5000    7.5000   15.0000 2777.5256   16.3337
    0.0000    7.5000   15.0000 2794.6721   16.2841
    7.5000    7.5000   15.0000 2757.9658   16.2398
   -7.5000   15.0000   15.0000 2723.8162   17.0815
    0.0000   15.0000   15.0000 2739.1492   17.0594
    7.5000   15.0000   15.0000 2714.5671   17.0345
   -7.5000   22.5000   15.0000 2646.1660   18.1302
    0.0000   22.5000   15.0000 2675.9946   18.1256
    7.5000   22.5000   15.0000 2648.2595   18.0925
   -7.5000   30.0000   15.0000 2551.3188   19.6233
    0.0000   30.0000   15.0000 2574.5645   19.6227
    7.5000   30.0000   15.0000 2551.6956   19.5229
   -7.5000   37.5000   15.0000 2453.2117   21.6061
    0.0000   37.5000   15.0000 2473.5535   21.5583
    7.5000   37.5000   15.0000 2450.0181   21.4598
   -7.5000   45.0000   15.0000 2323.4697   24.1514
    0.0000   45.0000   15.0000 2331.8342   24.0500
    7.5000   45.0000   15.0000 2306.8506   23.9581
   -7.5000  -45.0000   22.5000 2446.5115   19.3271
    0.0000  -45.0000   22.5000 2431.9661   19.0534
    7.5000  -45.0000   22.5000 2442.2024   19.1566
   -7.5000  -37.5000   22.5000 2552.7202   17.9231
    0.0000  -37.5000   22.5000 2546.6660   17.7398
    7.5000  -37.5000   22.5000 2551.4587   17.8192
   -7.5000  -30.0000   22.5000 2655.5857   16.9584
    0.0000  -30.0000   22.5000 2659.9287   16.8357
    7.5000  -30.0000   22.5000 2657.9707   16.8826
   -7.5000  -22.5000   22.5000 2754.8167   16.5260
    0.0000  -22.5000   22.5000 2772.6440   16.5156
    7.5000  -22.5000   22.5000 2756.4526   16.4611
   -7.5000  -15.0000   22.5000 2822.0325   16.4057
    0.0000  -15.0000   22.5000 2863.8584   16.6494
    7.5000  -15.0000   22.5000 2822.5637   16.2649
   -7.5000   -7.5000   22.5000 2840.6707   16.1382
    0.0000   -7.5000   22.5000 2903.1389   16.4883
    7.5000   -7.5000   22.5000 2834.3528   15.9950
   -7.5000    0.0000   22.5000 2823.0547   15.8900
    0.0000    0.0000   22.5000 2859.6951   16.0761
    7.5000    0.0000   22.5000 2797.0657   15.8493
   -7.5000    7.5000   22.5000 2791.5107   16.1477
    0.0000    7.5000   22.5000 2812.0496   16.2467
    7.5000    7.5000   22.5000 2763.0933   16.1833
   -7.5000   15.0000   22.5000 2733.5120   16.9297
    0.0000   15.0000   22.5000 2754.4648   17.0163
    7.5000   15.0000   22.5000 2719.4512   16.9827
   -7.5000   22.5000   22.5000 2664.7610   18.1221
    0.0000   22.5000   22.5000 2684.1257   18.1299
    7.5000   22.5000   22.5000 2662.2466   18.0886
   -7.5000   30.0000   22.5000 2572.3206   19.6518
    0.0000   30.0000   22.5000 2587.4685   19.6251
    7.5000   30.0000   22.5000 2569.5930   19.5837
   -7.5000   37.5000   22.5000 2471.6499   21.6252
    0.0000   37.5000   22.5000 2485.3091   21.5091
    7.5000   37.5000   22.5000 2460.1064   21.4619
   -7.5000   45.0000   22.5000 2339.3655   24.0987
    0.0000   45.0000   22.5000 2345.0544   23.9775
    7.5000   45.0000   22.5000 2320.5168   23.8552
   -7.5000  -45.0000   30.0000 2402.5652   20.1640
    0.0000  -45.0000   30.0000 2403.2114   20.0498
    7.5000  -45.0000   30.0000 2405.9197   20.2537
   -7.5000  -37.5000   30.0000 2525.3481   18.7173
    0.0000  -37.5000   30.0000 2527.8005   18.6251
    7.5000  -37.5000   30.0000 2522.7043   18.7696
   -7.5000  -30.0000   30.0000 2642.0535   17.6698
    0.0000  -30.0000   30.0000 2651.3564   17.6384
    7.5000  -30.0000   30.0000 2639.6177   17.7663
   -7.5000  -22.5000   30.0000 2743.8167   17.0375
    0.0000  -22.5000   30.0000 2764.2708   17.1140
    7.5000  -22.5000   30.0000 2744.3074   17.1557
   -7.5000  -15.0000   30.0000 2813.2271   16.7222
    0.0000  -15.0000   30.0000 2851.9390   16.9659
    7.5000  -15.0000   30.0000 2818.2798   16.7925
   -7.5000   -7.5000   30.0000 2836.0198   16.2790
    0.0000   -7.5000   30.0000 2872.0200   16.4758
    7.5000   -7.5000   30.0000 2833.5103   16.4867
   -7.5000    0.0000   30.0000 2826.8518   16.0840
    0.0000    0.0000   30.0000 2840.0161   16.1521
    7.5000    0.0000   30.0000 2821.0327   16.3773
   -7.5000    7.5000   30.0000 2799.3943   16.4429
    0.0000    7.5000   30.0000 2817.2449   16.4838
    7.5000    7.5000   30.0000 2778.5093   16.6380
   -7.5000   15.0000   30.0000 2731.4031   17.2506
    0.0000   15.0000   30.0000 2751.3994   17.2881
    7.5000   15.0000   30.0000 2719.1094   17.3477
   -7.5000   22.5000   30.0000 2654.3933   18.3979
    0.0000   22.5000   30.0000 2667.9299   18.3642
    7.5000   22.5000   30.0000 2651.2803   18.3963
   -7.5000   30.0000   30.0000 2560.3523   19.8595
    0.0000   30.0000   30.0000 2569.1594   19.7639
    7.5000   30.0000   30.0000 2560.9480   19.8037
   -7.5000   37.5000   30.0000 2458.2476   21.7272
    0.0000   37.5000   30.0000 2466.3975   21.5844
    7.5000   37.5000   30.0000 2447.8796   21.5814
   -7.5000   45.0000   30.0000 2325.1206   24.1443
    0.0000   45.0000   30.0000 2333.2458   23.9552
    7.5000   45.0000   30.0000 2312.0459   23.9540
   -7.5000  -45.0000   37.5000 2372.0066   21.2849
    0.0000  -45.0000   37.5000 2376.9602   21.1914
    7.5000  -45.0000   37.5000 2367.1338   21.5233
   -7.5000  -37.5000   37.5000 2494.8381   19.5726
    0.0000  -37.5000   37.5000 2497.3503   19.4883
    7.5000  -37.5000   37.5000 2489.2266   19.8568
   -7.5000  -30.0000   37.5000 2602.7822   18.3631
    0.0000  -30.0000   37.5000 2607.7495   18.2561
    7.5000  -30.0000   37.5000 2603.2556   18.6358
   -7.5000  -22.5000   37.5000 2701.2019   17.5368
    0.0000  -22.5000   37.5000 2711.1907   17.5089
    7.5000  -22.5000   37.5000 2706.7786   17.8027
   -7.5000  -15.0000   37.5000 2765.2566   16.9647
    0.0000  -15.0000   37.5000 2794.6731   17.0138
    7.5000  -15.0000   37.5000 2779.8386   17.2393
   -7.5000   -7.5000   37.5000 2789.4958   16.3851
    0.0000   -7.5000   37.5000 2797.4585   16.3069
    7.5000   -7.5000   37.5000 2801.5952   16.8297
   -7.5000    0.0000   37.5000 2797.4326   16.3749
    0.0000    0.0000   37.5000 2806.6423   16.2813
    7.5000    0.0000   37.5000 2800.2986   16.7492
   -7.5000    7.5000   37.5000 2782.3118   16.9305
    0.0000    7.5000   37.5000 2799.0327   16.8493
    7.5000    7.5000   37.5000 2766.6479   17.1705
   -7.5000   15.0000   37.5000 2720.8083   17.8434
    0.0000   15.0000   37.5000 2732.0417   17.7363
    7.5000   15.0000   37.5000 2705.5317   18.0100
   -7.5000   22.5000   37.5000 2630.2019   19.0085
    0.0000   22.5000   37.5000 2640.6533   18.8756
    7.5000   22.5000   37.5000 2629.3257   19.1243
   -7.5000   30.0000   37.5000 2533.6917   20.3754
    0.0000   30.0000   37.5000 2543.6306   20.2612
    7.5000   30.0000   37.5000 2529.1377   20.4410
   -7.5000   37.5000   37.5000 2428.4294   22.2105
    0.0000   37.5000   37.5000 2442.6821   22.0512
    7.5000   37.5000   37.5000 2426.5613   22.1394
   -7.5000   45.0000   37.5000 2293.2424   24.5722
    0.0000   45.0000   37.5000 2302.2905   24.3856
    7.5000   45.0000   37.5000 2295.4707   24.3874
   -7.5000  -45.0000   45.0000 2330.4463   22.4836
    0.0000  -45.0000   45.0000 2333.0527   22.3004
    7.5000  -45.0000   45.0000 2320.2017   22.8284
   -7.5000  -37.5000   45.0000 2446.5073   20.5464
    0.0000  -37.5000   45.0000 2446.9495   20.4099
    7.5000  -37.5000   45.0000 2439.7932   21.0053
   -7.5000  -30.0000   45.0000 2549.1194   19.1653
    0.0000  -30.0000   45.0000 2551.4817   19.0440
    7.5000  -30.0000   45.0000 2549.5996   19.6024
   -7.5000  -22.5000   45.0000 2644.2578   18.2456
    0.0000  -22.5000   45.0000 2646.4878   18.1644
    7.5000  -22.5000   45.0000 2649.1218   18.6261
   -7.5000  -15.0000   45.0000 2702.3486   17.4825
    0.0000  -15.0000   45.0000 2700.3823   17.3080
    7.5000  -15.0000   45.0000 2709.4937   17.9364
   -7.5000   -7.5000   45.0000 2727.6533   16.9340
    0.0000   -7.5000   45.0000 2724.3333   16.8001
    7.5000   -7.5000   45.0000 2728.7434   17.3932
   -7.5000    0.0000   45.0000 2742.1992   17.0472
    0.0000    0.0000   45.0000 2740.1045   16.9245
    7.5000    0.0000   45.0000 2741.9819   17.4240
   -7.5000    7.5000   45.0000 2729.2949   17.5704
    0.0000    7.5000   45.0000 2733.0083   17.4525
    7.5000    7.5000   45.0000 2721.5642   17.8632
   -7.5000   15.0000   45.0000 2676.4912   18.4407
    0.0000   15.0000   45.0000 2684.5349   18.3306
    7.5000   15.0000   45.0000 2666.9036   18.6943
   -7.5000   22.5000   45.0000 2589.4871   19.6745
    0.0000   22.5000   45.0000 2599.7659   19.5176
    7.5000   22.5000   45.0000 2585.4614   19.8717
   -7.5000   30.0000   45.0000 2493.2124   21.1607
    0.0000   30.0000   45.0000 2506.5894   21.0102
    7.5000   30.0000   45.0000 2487.6665   21.2686
   -7.5000   37.5000   45.0000 2383.5623   23.0418
    0.0000   37.5000   45.0000 2403.3733   22.8524
    7.5000   37.5000   45.0000 2384.5891   22.9384
   -7.5000   45.0000   45.0000 2235.8760   25.3524
    0.0000   45.0000   45.0000 2252.0142   25.1672
    7.5000   45.0000   45.0000 2244.6394   25.2086

---------------------------------------------------------------------
imgreg_4dfp /opt/freesurfer/average/711-2C_as_mni_average_305 /opt/freesurfer/average/711-2B_as_mni_average_305_mask talsrcimg_g11 none talsrcimg_to_711-2C_as_mni_average_305_t4 1283
---------------------------------------------------------------------

freesurfer imgreg_4dfp.c
/opt/freesurfer/average/711-2C_as_mni_average_305.4dfp.img
       256       256       256         1
  1.000000  1.000000  1.000000
orientation T byte_order littleendian
Reading image: /opt/freesurfer/average/711-2C_as_mni_average_305.4dfp.img
dimensions:      256       256       256
mmppix:       1.0000   -1.0000   -1.0000
center:     128.0000 -129.0000 -129.0000
/opt/freesurfer/average/711-2B_as_mni_average_305_mask.4dfp.img
       256       256       256         1
  1.000000  1.000000  1.000000
orientation T byte_order littleendian
Reading mask: /opt/freesurfer/average/711-2B_as_mni_average_305_mask.4dfp.img (2306576 pixels)
talsrcimg_g11.4dfp.img
       256       256       256         1
  1.000000  1.000000  1.000000
orientation T byte_order littleendian
Reading image: talsrcimg_g11.4dfp.img
dimensions:      256       256       256
mmppix:       1.0000   -1.0000   -1.0000
center:     128.0000 -129.0000 -129.0000
rotation matrix determinant  1.000000
fimgreg.f
image alignment mode   1283 decimal      503 hex
parameters
    0.0000   -7.5000   22.5000    0.0000    0.0000    0.0000
eta,q 0.91482 16.66664
niter,ni,del,rscale     5    3   12.0000    1.2000
parameter  4  4.029505 ->  0.500000 qaram    1.1500
parameters
   -0.7297   -7.9306   24.0444   -3.4500    0.7336    2.1211
eta,q 0.92665 16.74756
  0.1036  0.0953  0.0987  0.0708  0.0904  0.0853
  0.0927  0.0882  0.0891  0.0733  0.0824  0.0809
  0.0842  0.0838  0.0851  0.0766  0.0766  0.0772
  0.0845  0.0829  0.0829  0.0806  0.0742  0.0742
  0.0931  0.0864  0.0796  0.0846  0.0749  0.0734
  0.1033  0.0919  0.0806  0.0888  0.0783  0.0741
  0.1095  0.0978  0.0878  0.0930  0.0839  0.0766
niter,ni,del,rscale     5    3   12.0000    1.2000
parameter  4  1.439532 ->  0.500000 qaram    1.3225
parameters
   -0.9274   -7.4341   23.5729   -7.4175    0.7498    1.7620
eta,q 0.93283 16.72526
  0.0985  0.0917  0.0874  0.0673  0.0823  0.0764
  0.0896  0.0817  0.0811  0.0666  0.0749  0.0722
  0.0779  0.0751  0.0766  0.0697  0.0694  0.0688
  0.0733  0.0733  0.0735  0.0738  0.0671  0.0671
  0.0796  0.0754  0.0764  0.0781  0.0694  0.0692
  0.0918  0.0792  0.0842  0.0828  0.0751  0.0737
  0.1016  0.0855  0.0933  0.0874  0.0819  0.0791
niter,ni,del,rscale     5    3   12.0000    1.2000
parameters
   -0.9456   -6.4276   23.1906   -9.8160    0.8346    2.0043
eta,q 0.93454 16.77494
  0.0966  0.0922  0.0838  0.0731  0.0815  0.0766
  0.0872  0.0817  0.0757  0.0676  0.0742  0.0718
  0.0736  0.0728  0.0703  0.0654  0.0677  0.0675
  0.0672  0.0672  0.0671  0.0675  0.0655  0.0655
  0.0736  0.0688  0.0698  0.0728  0.0676  0.0666
  0.0864  0.0740  0.0788  0.0781  0.0732  0.0702
  0.0976  0.0800  0.0894  0.0838  0.0808  0.0753
niter,ni,del,rscale     4    3   12.0000    1.2000
parameters
   -1.0478   -5.5372   22.8595  -11.0340    1.0017    2.2047
eta,q 0.93537 16.79009
  0.0956  0.0907  0.0826  0.0746  0.0817  0.0758
  0.0849  0.0800  0.0740  0.0699  0.0740  0.0707
  0.0710  0.0705  0.0683  0.0648  0.0672  0.0663
  0.0655  0.0654  0.0654  0.0656  0.0646  0.0646
  0.0728  0.0668  0.0681  0.0695  0.0668  0.0658
  0.0860  0.0720  0.0768  0.0754  0.0724  0.0694
  0.0973  0.0796  0.0873  0.0807  0.0802  0.0747
niter,ni,del,rscale     3    3   12.0000    1.2000
parameters
   -1.1905   -5.0047   22.6386  -11.7717    1.1527    2.2151
eta,q 0.93576 16.80380
  0.0951  0.0884  0.0829  0.0756  0.0817  0.0752
  0.0838  0.0783  0.0743  0.0710  0.0738  0.0700
  0.0699  0.0690  0.0678  0.0655  0.0669  0.0658
  0.0646  0.0645  0.0646  0.0647  0.0642  0.0642
  0.0725  0.0667  0.0671  0.0685  0.0666  0.0655
  0.0859  0.0732  0.0758  0.0740  0.0725  0.0696
  0.0972  0.0816  0.0867  0.0797  0.0801  0.0754
niter,ni,del,rscale     2    3   12.0000    1.2000
parameters
   -1.3133   -4.7022   22.4912  -12.1971    1.2807    2.1720
eta,q 0.93570 16.81284
  0.0949  0.0870  0.0832  0.0765  0.0817  0.0751
  0.0837  0.0776  0.0745  0.0719  0.0738  0.0698
  0.0698  0.0681  0.0678  0.0662  0.0668  0.0658
  0.0642  0.0642  0.0643  0.0644  0.0643  0.0643
  0.0720  0.0673  0.0666  0.0678  0.0668  0.0654
  0.0855  0.0743  0.0751  0.0734  0.0727  0.0697
  0.0967  0.0832  0.0863  0.0792  0.0802  0.0758
niter,ni,del,rscale     1    3   12.0000    1.2000
parameters
   -1.4060   -4.5468   22.3924  -12.4203    1.3775    2.1298
eta,q 0.93564 16.81633
  0.0950  0.0863  0.0835  0.0772  0.0815  0.0752
  0.0840  0.0772  0.0746  0.0724  0.0737  0.0699
  0.0701  0.0676  0.0679  0.0667  0.0666  0.0659
  0.0643  0.0643  0.0643  0.0644  0.0643  0.0644
  0.0718  0.0677  0.0664  0.0674  0.0669  0.0654
  0.0852  0.0752  0.0746  0.0730  0.0728  0.0697
  0.0964  0.0843  0.0860  0.0789  0.0804  0.0759
registration optimization eta report
parameter search radius
    6.0000    6.0000    6.0000    7.9350    6.0000    6.0000
100000*second partial in parameter space
       82.       57.       56.       21.       45.       31.
  0.0950  0.0863  0.0835  0.0772  0.0815  0.0752
  0.0840  0.0772  0.0746  0.0724  0.0737  0.0699
  0.0701  0.0676  0.0679  0.0667  0.0666  0.0659
  0.0643  0.0643  0.0643  0.0644  0.0643  0.0644
  0.0718  0.0677  0.0664  0.0674  0.0669  0.0654
  0.0852  0.0752  0.0746  0.0730  0.0728  0.0697
  0.0964  0.0843  0.0860  0.0789  0.0804  0.0759
   -1.4060   -4.5468   22.3924  -12.4203    1.3775    2.1298
eta,q 0.93564 16.81633

---------------------------------------------------------------------
imgreg_4dfp /opt/freesurfer/average/711-2C_as_mni_average_305 /opt/freesurfer/average/711-2B_as_mni_average_305_mask talsrcimg_g11 none talsrcimg_to_711-2C_as_mni_average_305_t4 3335
---------------------------------------------------------------------

freesurfer imgreg_4dfp.c
/opt/freesurfer/average/711-2C_as_mni_average_305.4dfp.img
       256       256       256         1
  1.000000  1.000000  1.000000
orientation T byte_order littleendian
Reading image: /opt/freesurfer/average/711-2C_as_mni_average_305.4dfp.img
dimensions:      256       256       256
mmppix:       1.0000   -1.0000   -1.0000
center:     128.0000 -129.0000 -129.0000
/opt/freesurfer/average/711-2B_as_mni_average_305_mask.4dfp.img
       256       256       256         1
  1.000000  1.000000  1.000000
orientation T byte_order littleendian
Reading mask: /opt/freesurfer/average/711-2B_as_mni_average_305_mask.4dfp.img (2306576 pixels)
talsrcimg_g11.4dfp.img
       256       256       256         1
  1.000000  1.000000  1.000000
orientation T byte_order littleendian
Reading image: talsrcimg_g11.4dfp.img
dimensions:      256       256       256
mmppix:       1.0000   -1.0000   -1.0000
center:     128.0000 -129.0000 -129.0000
fimgreg.f
image alignment mode   3335 decimal      D07 hex
parameters
   -1.4060   -4.5468   22.3924   -0.0980   -2.3886   -2.3686
   -3.1127   -3.1455    3.7153   21.4061    2.4040  -21.5020
eta,q 0.93167 16.91848
niter,ni,del,rscale     5    3    5.0000    1.2000
parameter  4  2.610300 ->  0.500000 qaram    1.1500
parameter  5  1.525854 ->  0.500000 qaram    1.1500
parameter  6  0.698595 ->  0.500000 qaram    1.1500
parameter 12 -0.816242 -> -0.500000 qaram    1.1500
parameters
   -1.4132   -4.6158   22.1366   -4.2380   -6.5286   -6.5086
   -0.1793   -3.2251    3.4512   18.1105    2.2278  -17.3620
eta,q 0.96042 16.95341
  0.0737  0.0721  0.0711  0.0470  0.0424  0.0417  0.0489  0.0507  0.0435  0.0415  0.0421  0.0438
  0.0707  0.0699  0.0693  0.0515  0.0447  0.0420  0.0459  0.0451  0.0422  0.0405  0.0410  0.0423
  0.0689  0.0686  0.0684  0.0587  0.0480  0.0425  0.0435  0.0419  0.0415  0.0405  0.0405  0.0413
  0.0683  0.0683  0.0683  0.0683  0.0532  0.0454  0.0420  0.0414  0.0413  0.0413  0.0404  0.0404
  0.0690  0.0690  0.0690  0.0791  0.0603  0.0516  0.0414  0.0428  0.0416  0.0429  0.0407  0.0398
  0.0708  0.0704  0.0704  0.0900  0.0684  0.0613  0.0416  0.0459  0.0424  0.0452  0.0412  0.0395
  0.0737  0.0724  0.0725  0.1001  0.0756  0.0700  0.0428  0.0504  0.0438  0.0491  0.0421  0.0396
niter,ni,del,rscale     7    3    5.0000    1.2000
parameter  3  0.845977 ->  0.500000 qaram    1.1500
parameter  4  0.681979 ->  0.500000 qaram    1.3225
parameter  5  0.661934 ->  0.500000 qaram    1.3225
parameters
   -1.6789   -3.4368   20.7566   -8.9990  -11.2896   -9.8784
    0.1032   -3.9644    4.0325   18.6906    3.2739  -20.6779
eta,q 0.97007 16.27836
  0.0438  0.0455  0.0375  0.0328  0.0305  0.0311  0.0334  0.0340  0.0328  0.0340  0.0316  0.0306
  0.0412  0.0431  0.0373  0.0328  0.0306  0.0303  0.0318  0.0318  0.0316  0.0321  0.0309  0.0301
  0.0398  0.0410  0.0378  0.0340  0.0314  0.0305  0.0308  0.0305  0.0307  0.0309  0.0305  0.0299
  0.0396  0.0395  0.0386  0.0374  0.0330  0.0308  0.0304  0.0304  0.0303  0.0303  0.0303  0.0302
  0.0406  0.0387  0.0398  0.0442  0.0370  0.0323  0.0306  0.0313  0.0305  0.0305  0.0303  0.0308
  0.0429  0.0387  0.0413  0.0545  0.0436  0.0360  0.0315  0.0331  0.0311  0.0315  0.0305  0.0316
  0.0462  0.0397  0.0431  0.0668  0.0510  0.0438  0.0329  0.0358  0.0321  0.0330  0.0310  0.0326
niter,ni,del,rscale     7    3    5.0000    1.2000
parameters
   -1.6799   -2.9825   20.5027  -11.9108  -14.3579  -10.5771
   -0.0675   -4.2505    3.9358   19.3160    3.1592  -22.3520
eta,q 0.97083 15.77258
  0.0340  0.0336  0.0313  0.0322  0.0312  0.0323  0.0319  0.0330  0.0314  0.0330  0.0301  0.0303
  0.0318  0.0318  0.0305  0.0308  0.0299  0.0304  0.0304  0.0310  0.0302  0.0310  0.0296  0.0295
  0.0304  0.0306  0.0300  0.0298  0.0294  0.0294  0.0295  0.0297  0.0295  0.0297  0.0293  0.0292
  0.0299  0.0299  0.0298  0.0298  0.0298  0.0294  0.0293  0.0293  0.0293  0.0293  0.0293  0.0293
  0.0304  0.0299  0.0301  0.0315  0.0309  0.0297  0.0297  0.0299  0.0296  0.0296  0.0294  0.0298
  0.0318  0.0304  0.0309  0.0361  0.0342  0.0309  0.0307  0.0315  0.0303  0.0304  0.0297  0.0306
  0.0340  0.0316  0.0321  0.0444  0.0410  0.0338  0.0321  0.0336  0.0314  0.0317  0.0301  0.0315
niter,ni,del,rscale     6    3    5.0000    1.2000
parameters
   -1.7914   -2.8266   20.6752  -12.4961  -15.1184  -10.2492
   -0.0311   -4.3295    4.0887   19.6858    3.4756  -22.5220
eta,q 0.97071 15.70202
  0.0324  0.0322  0.0313  0.0333  0.0326  0.0330  0.0321  0.0332  0.0315  0.0327  0.0302  0.0310
  0.0305  0.0306  0.0302  0.0315  0.0309  0.0310  0.0306  0.0312  0.0303  0.0308  0.0297  0.0300
  0.0295  0.0296  0.0295  0.0300  0.0297  0.0296  0.0296  0.0298  0.0295  0.0296  0.0294  0.0294
  0.0292  0.0292  0.0292  0.0291  0.0292  0.0292  0.0293  0.0293  0.0293  0.0293  0.0293  0.0293
  0.0297  0.0294  0.0293  0.0293  0.0298  0.0296  0.0296  0.0298  0.0295  0.0297  0.0294  0.0296
  0.0310  0.0302  0.0298  0.0312  0.0310  0.0302  0.0306  0.0313  0.0302  0.0306  0.0296  0.0302
  0.0330  0.0314  0.0309  0.0359  0.0347  0.0327  0.0320  0.0333  0.0313  0.0318  0.0301  0.0311
niter,ni,del,rscale     5    3    5.0000    1.2000
parameters
   -1.8405   -2.7423   20.7378  -12.4524  -15.2187  -10.1775
   -0.0309   -4.3629    4.1304   19.8225    3.5673  -22.5581
eta,q 0.97071 15.71015
  0.0327  0.0321  0.0312  0.0338  0.0330  0.0328  0.0321  0.0332  0.0314  0.0324  0.0302  0.0311
  0.0308  0.0306  0.0302  0.0319  0.0312  0.0309  0.0306  0.0312  0.0303  0.0306  0.0297  0.0301
  0.0296  0.0296  0.0296  0.0303  0.0299  0.0296  0.0296  0.0298  0.0295  0.0295  0.0294  0.0295
  0.0293  0.0293  0.0293  0.0293  0.0293  0.0293  0.0293  0.0293  0.0293  0.0293  0.0293  0.0293
  0.0298  0.0296  0.0294  0.0292  0.0296  0.0296  0.0297  0.0298  0.0296  0.0297  0.0294  0.0295
  0.0310  0.0304  0.0300  0.0307  0.0307  0.0304  0.0307  0.0312  0.0303  0.0307  0.0297  0.0302
  0.0329  0.0317  0.0311  0.0348  0.0337  0.0329  0.0321  0.0333  0.0313  0.0319  0.0301  0.0311
niter,ni,del,rscale     4    3    5.0000    1.2000
parameters
   -1.8462   -2.7198   20.7299  -12.4431  -15.2545  -10.1791
   -0.0370   -4.3681    4.1316   19.8687    3.5839  -22.5889
eta,q 0.97070 15.71023
  0.0328  0.0319  0.0311  0.0338  0.0330  0.0327  0.0321  0.0332  0.0314  0.0323  0.0302  0.0311
  0.0309  0.0305  0.0302  0.0319  0.0312  0.0308  0.0306  0.0312  0.0302  0.0305  0.0297  0.0301
  0.0297  0.0296  0.0296  0.0303  0.0299  0.0296  0.0296  0.0298  0.0295  0.0295  0.0294  0.0295
  0.0293  0.0293  0.0293  0.0293  0.0293  0.0293  0.0293  0.0293  0.0293  0.0293  0.0293  0.0293
  0.0297  0.0296  0.0295  0.0292  0.0296  0.0296  0.0297  0.0298  0.0296  0.0297  0.0294  0.0296
  0.0309  0.0305  0.0301  0.0307  0.0307  0.0304  0.0307  0.0312  0.0303  0.0307  0.0297  0.0302
  0.0328  0.0318  0.0312  0.0349  0.0336  0.0330  0.0321  0.0332  0.0313  0.0320  0.0302  0.0311
registration optimization eta report
parameter search radius
    2.4000    2.4000    2.7600    9.5220    9.5220    8.2800
    7.2000    7.2000    7.2000    7.2000    7.2000    8.2800
100000*second partial in parameter space
       61.       44.       24.        6.        4.        5.
        5.        7.        4.        5.        2.        3.
  0.0328  0.0319  0.0311  0.0338  0.0330  0.0327  0.0321  0.0332  0.0314  0.0323  0.0302  0.0311
  0.0309  0.0305  0.0302  0.0319  0.0312  0.0308  0.0306  0.0312  0.0302  0.0305  0.0297  0.0301
  0.0297  0.0296  0.0296  0.0303  0.0299  0.0296  0.0296  0.0298  0.0295  0.0295  0.0294  0.0295
  0.0293  0.0293  0.0293  0.0293  0.0293  0.0293  0.0293  0.0293  0.0293  0.0293  0.0293  0.0293
  0.0297  0.0296  0.0295  0.0292  0.0296  0.0296  0.0297  0.0298  0.0296  0.0297  0.0294  0.0296
  0.0309  0.0305  0.0301  0.0307  0.0307  0.0304  0.0307  0.0312  0.0303  0.0307  0.0297  0.0302
  0.0328  0.0318  0.0312  0.0349  0.0336  0.0330  0.0321  0.0332  0.0313  0.0320  0.0302  0.0311
   -1.8462   -2.7198   20.7299  -12.4431  -15.2545  -10.1791
   -0.0370   -4.3681    4.1316   19.8687    3.5839  -22.5889
eta,q 0.97070 15.71023

---------------------------------------------------------------------
imgreg_4dfp /opt/freesurfer/average/711-2C_as_mni_average_305 /opt/freesurfer/average/711-2B_as_mni_average_305_mask talsrcimg_g11 none talsrcimg_to_711-2C_as_mni_average_305_t4 2311
---------------------------------------------------------------------

freesurfer imgreg_4dfp.c
/opt/freesurfer/average/711-2C_as_mni_average_305.4dfp.img
       256       256       256         1
  1.000000  1.000000  1.000000
orientation T byte_order littleendian
Reading image: /opt/freesurfer/average/711-2C_as_mni_average_305.4dfp.img
dimensions:      256       256       256
mmppix:       1.0000   -1.0000   -1.0000
center:     128.0000 -129.0000 -129.0000
/opt/freesurfer/average/711-2B_as_mni_average_305_mask.4dfp.img
       256       256       256         1
  1.000000  1.000000  1.000000
orientation T byte_order littleendian
Reading mask: /opt/freesurfer/average/711-2B_as_mni_average_305_mask.4dfp.img (2306576 pixels)
talsrcimg_g11.4dfp.img
       256       256       256         1
  1.000000  1.000000  1.000000
orientation T byte_order littleendian
Reading image: talsrcimg_g11.4dfp.img
dimensions:      256       256       256
mmppix:       1.0000   -1.0000   -1.0000
center:     128.0000 -129.0000 -129.0000
fimgreg.f
image alignment mode   2311 decimal      907 hex
parameters
   -1.8462   -2.7198   20.7299  -12.4431  -15.2545  -10.1791
   -0.0370   -4.3681    4.1316   19.8687    3.5839  -22.5889
eta,q 0.97070 15.71022
niter,ni,del,rscale     5    3    5.0000    0.8000
parameters
   -1.8520   -2.7375   20.8011  -10.8805  -14.7723   -9.5977
   -0.0553   -4.4193    4.2878   19.7537    3.7988  -22.5286
eta,q 0.97085 15.93246
  0.0309  0.0304  0.0300  0.0311  0.0303  0.0303  0.0305  0.0310  0.0302  0.0305  0.0296  0.0298
  0.0300  0.0298  0.0296  0.0303  0.0297  0.0295  0.0298  0.0300  0.0296  0.0297  0.0294  0.0294
  0.0295  0.0294  0.0294  0.0297  0.0293  0.0291  0.0293  0.0294  0.0293  0.0292  0.0292  0.0292
  0.0293  0.0293  0.0293  0.0293  0.0291  0.0291  0.0292  0.0292  0.0292  0.0292  0.0292  0.0291
  0.0295  0.0294  0.0293  0.0291  0.0292  0.0293  0.0293  0.0294  0.0293  0.0294  0.0292  0.0292
  0.0300  0.0298  0.0295  0.0292  0.0295  0.0294  0.0298  0.0301  0.0296  0.0298  0.0293  0.0294
  0.0309  0.0305  0.0299  0.0298  0.0299  0.0297  0.0305  0.0311  0.0301  0.0305  0.0295  0.0298
niter,ni,del,rscale     4    3    5.0000    0.7000
parameters
   -1.8149   -2.8469   20.7735  -10.9436  -14.6936   -9.7395
   -0.1073   -4.3945    4.2023   19.5735    3.6795  -22.4643
eta,q 0.97088 15.91034
  0.0305  0.0299  0.0296  0.0302  0.0300  0.0297  0.0302  0.0307  0.0299  0.0301  0.0294  0.0296
  0.0298  0.0295  0.0294  0.0297  0.0295  0.0292  0.0296  0.0299  0.0295  0.0295  0.0293  0.0294
  0.0293  0.0292  0.0292  0.0293  0.0292  0.0291  0.0292  0.0293  0.0292  0.0292  0.0292  0.0292
  0.0291  0.0291  0.0291  0.0291  0.0291  0.0291  0.0291  0.0291  0.0291  0.0291  0.0291  0.0291
  0.0293  0.0293  0.0292  0.0292  0.0292  0.0293  0.0293  0.0293  0.0292  0.0293  0.0292  0.0292
  0.0297  0.0297  0.0294  0.0296  0.0295  0.0294  0.0296  0.0298  0.0295  0.0297  0.0293  0.0293
  0.0304  0.0302  0.0296  0.0304  0.0299  0.0296  0.0302  0.0306  0.0299  0.0302  0.0295  0.0296
niter,ni,del,rscale     3    3    5.0000    0.6000
parameters
   -1.8078   -2.8677   20.8102  -10.8736  -14.6915   -9.9051
   -0.1140   -4.3758    4.1459   19.4373    3.6226  -22.3932
eta,q 0.97091 15.89333
  0.0301  0.0298  0.0295  0.0299  0.0297  0.0295  0.0299  0.0303  0.0297  0.0299  0.0293  0.0295
  0.0296  0.0294  0.0293  0.0295  0.0294  0.0292  0.0294  0.0296  0.0293  0.0294  0.0292  0.0293
  0.0292  0.0292  0.0292  0.0292  0.0292  0.0290  0.0292  0.0292  0.0292  0.0291  0.0291  0.0291
  0.0291  0.0291  0.0291  0.0291  0.0291  0.0291  0.0291  0.0291  0.0291  0.0291  0.0291  0.0291
  0.0292  0.0292  0.0292  0.0292  0.0292  0.0293  0.0292  0.0292  0.0292  0.0292  0.0291  0.0291
  0.0296  0.0295  0.0293  0.0294  0.0294  0.0293  0.0295  0.0296  0.0294  0.0295  0.0292  0.0292
  0.0301  0.0298  0.0295  0.0299  0.0297  0.0294  0.0299  0.0302  0.0297  0.0299  0.0293  0.0294
niter,ni,del,rscale     2    3    5.0000    0.5000
parameters
   -1.8042   -2.8790   20.8121  -10.8115  -14.7066  -10.3077
   -0.1229   -4.3576    4.0826   19.3133    3.5091  -22.3263
eta,q 0.97095 15.85335
  0.0298  0.0296  0.0293  0.0297  0.0295  0.0294  0.0296  0.0299  0.0295  0.0296  0.0292  0.0293
  0.0294  0.0293  0.0292  0.0294  0.0293  0.0291  0.0293  0.0294  0.0292  0.0293  0.0291  0.0292
  0.0292  0.0291  0.0291  0.0292  0.0291  0.0290  0.0291  0.0292  0.0291  0.0291  0.0291  0.0291
  0.0291  0.0291  0.0291  0.0291  0.0291  0.0291  0.0291  0.0291  0.0291  0.0291  0.0291  0.0291
  0.0292  0.0292  0.0291  0.0291  0.0291  0.0292  0.0291  0.0292  0.0291  0.0291  0.0291  0.0291
  0.0294  0.0293  0.0292  0.0293  0.0293  0.0293  0.0293  0.0294  0.0293  0.0293  0.0291  0.0292
  0.0298  0.0296  0.0293  0.0297  0.0295  0.0294  0.0296  0.0299  0.0295  0.0297  0.0292  0.0293
niter,ni,del,rscale     1    3    5.0000    0.4000
parameters
   -1.7959   -2.8803   20.7575  -10.7138  -14.7009  -10.6663
   -0.1302   -4.3326    4.0512   19.2445    3.4145  -22.3543
eta,q 0.97097 15.82706
  0.0295  0.0294  0.0292  0.0294  0.0293  0.0293  0.0294  0.0296  0.0293  0.0294  0.0291  0.0292
  0.0293  0.0292  0.0291  0.0292  0.0292  0.0291  0.0292  0.0293  0.0291  0.0292  0.0291  0.0291
  0.0291  0.0291  0.0291  0.0291  0.0291  0.0290  0.0291  0.0291  0.0291  0.0291  0.0290  0.0290
  0.0291  0.0291  0.0291  0.0290  0.0290  0.0290  0.0290  0.0290  0.0290  0.0290  0.0290  0.0290
  0.0291  0.0291  0.0291  0.0291  0.0291  0.0291  0.0291  0.0291  0.0291  0.0291  0.0290  0.0290
  0.0292  0.0292  0.0291  0.0292  0.0292  0.0293  0.0292  0.0293  0.0292  0.0292  0.0291  0.0291
  0.0295  0.0294  0.0293  0.0294  0.0293  0.0293  0.0294  0.0296  0.0293  0.0294  0.0291  0.0292
registration optimization eta report
parameter search radius
    0.8000    0.8000    0.8000    2.4000    2.4000    2.4000
    2.4000    2.4000    2.4000    2.4000    2.4000    2.4000
100000*second partial in parameter space
       66.       49.       27.        6.        5.        4.
        6.        9.        5.        6.        2.        3.
  0.0295  0.0294  0.0292  0.0294  0.0293  0.0293  0.0294  0.0296  0.0293  0.0294  0.0291  0.0292
  0.0293  0.0292  0.0291  0.0292  0.0292  0.0291  0.0292  0.0293  0.0291  0.0292  0.0291  0.0291
  0.0291  0.0291  0.0291  0.0291  0.0291  0.0290  0.0291  0.0291  0.0291  0.0291  0.0290  0.0290
  0.0291  0.0291  0.0291  0.0290  0.0290  0.0290  0.0290  0.0290  0.0290  0.0290  0.0290  0.0290
  0.0291  0.0291  0.0291  0.0291  0.0291  0.0291  0.0291  0.0291  0.0291  0.0291  0.0290  0.0290
  0.0292  0.0292  0.0291  0.0292  0.0292  0.0293  0.0292  0.0293  0.0292  0.0292  0.0291  0.0291
  0.0295  0.0294  0.0293  0.0294  0.0293  0.0293  0.0294  0.0296  0.0293  0.0294  0.0291  0.0292
   -1.7959   -2.8803   20.7575  -10.7138  -14.7009  -10.6663
   -0.1302   -4.3326    4.0512   19.2445    3.4145  -22.3543
eta,q 0.97097 15.82706

---------------------------------------------------------------------
imgreg_4dfp /opt/freesurfer/average/711-2C_as_mni_average_305 /opt/freesurfer/average/711-2B_as_mni_average_305_mask talsrcimg_g11 none talsrcimg_to_711-2C_as_mni_average_305_t4 2311
---------------------------------------------------------------------

freesurfer imgreg_4dfp.c
/opt/freesurfer/average/711-2C_as_mni_average_305.4dfp.img
       256       256       256         1
  1.000000  1.000000  1.000000
orientation T byte_order littleendian
Reading image: /opt/freesurfer/average/711-2C_as_mni_average_305.4dfp.img
dimensions:      256       256       256
mmppix:       1.0000   -1.0000   -1.0000
center:     128.0000 -129.0000 -129.0000
/opt/freesurfer/average/711-2B_as_mni_average_305_mask.4dfp.img
       256       256       256         1
  1.000000  1.000000  1.000000
orientation T byte_order littleendian
Reading mask: /opt/freesurfer/average/711-2B_as_mni_average_305_mask.4dfp.img (2306576 pixels)
talsrcimg_g11.4dfp.img
       256       256       256         1
  1.000000  1.000000  1.000000
orientation T byte_order littleendian
Reading image: talsrcimg_g11.4dfp.img
dimensions:      256       256       256
mmppix:       1.0000   -1.0000   -1.0000
center:     128.0000 -129.0000 -129.0000
fimgreg.f
image alignment mode   2311 decimal      907 hex
parameters
   -1.7959   -2.8803   20.7575  -10.7138  -14.7009  -10.6663
   -0.1302   -4.3326    4.0512   19.2445    3.4145  -22.3543
eta,q 0.97097 15.82705
niter,ni,del,rscale     5    3    5.0000    0.8000
parameters
   -1.7825   -2.8589   20.6384  -11.0506  -14.5576   -9.8980
   -0.0930   -4.3705    4.1763   19.5811    3.6157  -22.5604
eta,q 0.97088 15.90290
  0.0307  0.0303  0.0296  0.0302  0.0301  0.0304  0.0305  0.0311  0.0302  0.0308  0.0296  0.0297
  0.0298  0.0296  0.0293  0.0296  0.0295  0.0296  0.0297  0.0300  0.0296  0.0298  0.0293  0.0294
  0.0292  0.0292  0.0291  0.0292  0.0292  0.0291  0.0293  0.0293  0.0292  0.0293  0.0292  0.0292
  0.0290  0.0290  0.0290  0.0290  0.0290  0.0290  0.0291  0.0291  0.0291  0.0291  0.0291  0.0291
  0.0292  0.0292  0.0291  0.0292  0.0292  0.0292  0.0293  0.0294  0.0292  0.0293  0.0292  0.0292
  0.0298  0.0296  0.0294  0.0297  0.0295  0.0294  0.0297  0.0301  0.0296  0.0297  0.0293  0.0294
  0.0307  0.0302  0.0298  0.0308  0.0300  0.0296  0.0305  0.0311  0.0301  0.0303  0.0295  0.0298
niter,ni,del,rscale     4    3    5.0000    0.7000
parameters
   -1.8019   -2.8618   20.7687  -10.9727  -14.6640   -9.7369
   -0.1019   -4.3884    4.1954   19.5499    3.6621  -22.4632
eta,q 0.97088 15.90966
  0.0304  0.0301  0.0297  0.0302  0.0299  0.0298  0.0302  0.0306  0.0299  0.0302  0.0295  0.0296
  0.0297  0.0295  0.0294  0.0297  0.0294  0.0293  0.0296  0.0298  0.0295  0.0296  0.0293  0.0294
  0.0293  0.0292  0.0292  0.0293  0.0292  0.0291  0.0292  0.0293  0.0292  0.0292  0.0292  0.0292
  0.0291  0.0291  0.0291  0.0291  0.0291  0.0291  0.0291  0.0291  0.0291  0.0291  0.0291  0.0291
  0.0293  0.0292  0.0291  0.0292  0.0292  0.0293  0.0292  0.0293  0.0292  0.0293  0.0292  0.0292
  0.0297  0.0296  0.0293  0.0295  0.0295  0.0294  0.0296  0.0299  0.0295  0.0296  0.0293  0.0293
  0.0305  0.0301  0.0295  0.0302  0.0299  0.0295  0.0302  0.0307  0.0299  0.0302  0.0294  0.0296
niter,ni,del,rscale     3    3    5.0000    0.6000
parameters
   -1.8068   -2.8722   20.8177  -10.8806  -14.6878   -9.9224
   -0.1204   -4.3750    4.1483   19.4193    3.6145  -22.3766
eta,q 0.97091 15.89041
  0.0301  0.0298  0.0295  0.0299  0.0297  0.0295  0.0299  0.0303  0.0297  0.0299  0.0293  0.0295
  0.0295  0.0294  0.0293  0.0295  0.0294  0.0292  0.0294  0.0296  0.0293  0.0294  0.0292  0.0293
  0.0292  0.0292  0.0292  0.0293  0.0292  0.0290  0.0292  0.0292  0.0292  0.0291  0.0291  0.0291
  0.0291  0.0291  0.0291  0.0291  0.0291  0.0291  0.0291  0.0291  0.0291  0.0291  0.0291  0.0291
  0.0292  0.0292  0.0292  0.0292  0.0292  0.0293  0.0292  0.0292  0.0292  0.0292  0.0291  0.0291
  0.0296  0.0294  0.0293  0.0294  0.0294  0.0293  0.0295  0.0296  0.0294  0.0295  0.0292  0.0292
  0.0301  0.0298  0.0294  0.0299  0.0297  0.0294  0.0299  0.0303  0.0297  0.0299  0.0293  0.0294
niter,ni,del,rscale     2    3    5.0000    0.5000
parameters
   -1.8034   -2.8782   20.8101  -10.8032  -14.7025  -10.3066
   -0.1335   -4.3564    4.0937   19.3144    3.4985  -22.3347
eta,q 0.97095 15.85478
  0.0298  0.0296  0.0293  0.0297  0.0295  0.0294  0.0296  0.0299  0.0295  0.0296  0.0292  0.0293
  0.0294  0.0293  0.0292  0.0294  0.0293  0.0291  0.0293  0.0294  0.0292  0.0293  0.0291  0.0292
  0.0292  0.0291  0.0291  0.0292  0.0291  0.0290  0.0291  0.0292  0.0291  0.0291  0.0291  0.0291
  0.0291  0.0291  0.0291  0.0291  0.0291  0.0291  0.0291  0.0291  0.0291  0.0291  0.0291  0.0291
  0.0292  0.0292  0.0291  0.0291  0.0291  0.0292  0.0291  0.0292  0.0291  0.0291  0.0291  0.0291
  0.0294  0.0293  0.0292  0.0293  0.0293  0.0293  0.0293  0.0294  0.0293  0.0293  0.0291  0.0292
  0.0298  0.0296  0.0293  0.0296  0.0295  0.0294  0.0296  0.0299  0.0295  0.0296  0.0292  0.0293
niter,ni,del,rscale     1    3    5.0000    0.4000
parameters
   -1.7938   -2.8801   20.7568  -10.7066  -14.6946  -10.6723
   -0.1333   -4.3272    4.0448   19.2417    3.4170  -22.3594
eta,q 0.97098 15.82761
  0.0295  0.0294  0.0292  0.0294  0.0293  0.0293  0.0294  0.0296  0.0293  0.0294  0.0291  0.0292
  0.0293  0.0292  0.0291  0.0292  0.0292  0.0291  0.0292  0.0293  0.0291  0.0292  0.0291  0.0291
  0.0291  0.0291  0.0291  0.0291  0.0291  0.0290  0.0291  0.0291  0.0291  0.0291  0.0290  0.0290
  0.0291  0.0290  0.0291  0.0290  0.0290  0.0290  0.0290  0.0290  0.0290  0.0290  0.0290  0.0290
  0.0291  0.0291  0.0291  0.0291  0.0291  0.0292  0.0291  0.0291  0.0291  0.0291  0.0290  0.0290
  0.0292  0.0292  0.0291  0.0292  0.0292  0.0293  0.0292  0.0293  0.0292  0.0292  0.0291  0.0291
  0.0295  0.0294  0.0293  0.0294  0.0293  0.0293  0.0294  0.0296  0.0293  0.0294  0.0291  0.0292
registration optimization eta report
parameter search radius
    0.8000    0.8000    0.8000    2.4000    2.4000    2.4000
    2.4000    2.4000    2.4000    2.4000    2.4000    2.4000
100000*second partial in parameter space
       67.       50.       27.        6.        5.        4.
        6.        9.        5.        6.        2.        3.
  0.0295  0.0294  0.0292  0.0294  0.0293  0.0293  0.0294  0.0296  0.0293  0.0294  0.0291  0.0292
  0.0293  0.0292  0.0291  0.0292  0.0292  0.0291  0.0292  0.0293  0.0291  0.0292  0.0291  0.0291
  0.0291  0.0291  0.0291  0.0291  0.0291  0.0290  0.0291  0.0291  0.0291  0.0291  0.0290  0.0290
  0.0291  0.0290  0.0291  0.0290  0.0290  0.0290  0.0290  0.0290  0.0290  0.0290  0.0290  0.0290
  0.0291  0.0291  0.0291  0.0291  0.0291  0.0292  0.0291  0.0291  0.0291  0.0291  0.0290  0.0290
  0.0292  0.0292  0.0291  0.0292  0.0292  0.0293  0.0292  0.0293  0.0292  0.0292  0.0291  0.0291
  0.0295  0.0294  0.0293  0.0294  0.0293  0.0293  0.0294  0.0296  0.0293  0.0294  0.0291  0.0292
   -1.7938   -2.8801   20.7568  -10.7066  -14.6946  -10.6723
   -0.1333   -4.3272    4.0448   19.2417    3.4170  -22.3594
eta,q 0.97098 15.82761

---------------------------------------------------------------------
compute_vox2vox talsrcimg talsrcimg_to_711-2C_as_mni_average_305_t4 /opt/freesurfer/average/711-2C_as_mni_average_305
---------------------------------------------------------------------

freesurfer compute_vox2vox.c
Reading: talsrcimg.4dfp.ifh
Reading: talsrcimg_to_711-2C_as_mni_average_305_t4
Reading: /opt/freesurfer/average/711-2C_as_mni_average_305.4dfp.ifh
Writing: talsrcimg_to_711-2C_as_mni_average_305_t4_vox2vox.txt

start time Wed Mar 11 14:43:16 CET 2026
end		time Wed Mar 11 14:44:46 CET 2026

mpr2mni305 success

avi2talxfm orig_nu.mgz /opt/freesurfer/average/mni305.cor.mgz talsrcimg_to_711-2C_as_mni_average_305_t4_vox2vox.txt transforms/talairach.auto.xfm
avi2talxfm done
mv -f /out/sourcedata/freesurfer/sub-v2s18x29522_ses-1/mri/talsrcimg_to_711-2C_as_mni_average_305_t4_vox2vox.txt /out/sourcedata/freesurfer/sub-v2s18x29522_ses-1/mri/transforms/talsrcimg_to_711-2C_as_mni_average_305_t4_vox2vox.txt
lta_convert --src orig_nu.mgz --trg /opt/freesurfer/average/mni305.cor.mgz --inxfm transforms/talairach.auto.xfm --outlta transforms/talairach.auto.xfm.lta --subject fsaverage
7.3.2

--src: orig_nu.mgz src image (geometry).
--trg: /opt/freesurfer/average/mni305.cor.mgz trg image (geometry).
--inmni: transforms/talairach.auto.xfm input MNI/XFM transform.
--outlta: transforms/talairach.auto.xfm.lta output LTA.
--s: fsaverage subject name
 LTA read, type : 1
 1.11727   0.05087   0.01508  -3.18617;
-0.05301   1.05723   0.27703  -50.39064;
-0.04102  -0.24088   1.10906   11.51817;
 0.00000   0.00000   0.00000   1.00000;
setting subject to fsaverage
Writing  LTA to file transforms/talairach.auto.xfm.lta...
lta_convert successful.
 
 
Started at Wed Mar 11 14:43:16 CET 2026
Ended   at Wed Mar 11 14:44:47 CET 2026
talairach_avi done
