status file for recon-all
Wed Mar 11 15:47:56 CET 2026
#@# Tessellate rh Wed Mar 11 15:47:56 CET 2026
#@# Smooth1 rh Wed Mar 11 15:48:00 CET 2026
#@# Inflation1 rh Wed Mar 11 15:48:03 CET 2026
#@# QSphere rh Wed Mar 11 15:48:19 CET 2026
#@# Fix Topology rh Wed Mar 11 15:50:09 CET 2026
#@# Smooth2 rh Wed Mar 11 15:55:46 CET 2026
#@# Inflation2 rh Wed Mar 11 15:55:49 CET 2026
#@# Curv .H and .K rh Wed Mar 11 15:56:05 CET 2026
#@# Sphere rh Wed Mar 11 15:56:51 CET 2026
#@# Surf Reg rh Wed Mar 11 16:01:15 CET 2026
#@# Jacobian white rh Wed Mar 11 16:05:52 CET 2026
#@# AvgCurv rh Wed Mar 11 16:05:54 CET 2026
#@# Cortical Parc rh Wed Mar 11 16:05:55 CET 2026
#@# white curv rh Wed Mar 11 16:13:38 CET 2026
#@# white area rh Wed Mar 11 16:13:40 CET 2026
#@# pial curv rh Wed Mar 11 16:13:41 CET 2026
#@# pial area rh Wed Mar 11 16:13:43 CET 2026
#@# thickness rh Wed Mar 11 16:13:44 CET 2026
#@# area and vertex vol rh Wed Mar 11 16:14:17 CET 2026
#@# Curvature Stats rh Wed Mar 11 16:14:18 CET 2026
#@# Cortical Parc 2 rh Wed Mar 11 16:14:22 CET 2026
#@# Cortical Parc 3 rh Wed Mar 11 16:14:35 CET 2026
#@# WM/GM Contrast rh Wed Mar 11 16:14:45 CET 2026
recon-all -s sub-v2s18x29508_ses-1 finished without error at Wed Mar 11 16:14:51 CET 2026



#New# invocation of recon-all 



status file for recon-all
Wed Mar 11 16:22:34 CET 2026
#@# white curv rh Wed Mar 11 16:22:34 CET 2026
#@# white area rh Wed Mar 11 16:22:34 CET 2026
#@# pial curv rh Wed Mar 11 16:22:34 CET 2026
#@# pial area rh Wed Mar 11 16:22:34 CET 2026
#@# thickness rh Wed Mar 11 16:22:34 CET 2026
#@# area and vertex vol rh Wed Mar 11 16:22:34 CET 2026
#@# Parcellation Stats rh Wed Mar 11 16:22:34 CET 2026
#@# Parcellation Stats 2 rh Wed Mar 11 16:22:54 CET 2026
#@# Parcellation Stats 3 rh Wed Mar 11 16:23:05 CET 2026
#@# BA_exvivo Labels rh Wed Mar 11 16:23:15 CET 2026
recon-all -s sub-v2s18x29508_ses-1 finished without error at Wed Mar 11 16:26:06 CET 2026
