status file for recon-all
Wed Mar 11 13:38:38 CET 2026
#@# MotionCor Wed Mar 11 13:38:45 CET 2026
#@# Talairach Wed Mar 11 13:39:03 CET 2026
#@# Talairach Failure Detection Wed Mar 11 13:43:27 CET 2026
#@# Nu Intensity Correction Wed Mar 11 13:43:27 CET 2026
#@# Intensity Normalization Wed Mar 11 13:46:42 CET 2026
recon-all -s sub-v2s18x29508_ses-1 finished without error at Wed Mar 11 13:48:15 CET 2026



#New# invocation of recon-all 



status file for recon-all
Wed Mar 11 13:59:37 CET 2026
#@# EM Registration Wed Mar 11 13:59:38 CET 2026
recon-all -s sub-v2s18x29508_ses-1 finished without error at Wed Mar 11 14:01:34 CET 2026



#New# invocation of recon-all 



status file for recon-all
Wed Mar 11 14:01:35 CET 2026
#@# CA Normalize Wed Mar 11 14:01:35 CET 2026
#@# CA Reg Wed Mar 11 14:02:58 CET 2026
#@# SubCort Seg Wed Mar 11 14:48:44 CET 2026
#@# CC Seg Wed Mar 11 15:17:03 CET 2026
#@# Merge ASeg Wed Mar 11 15:17:40 CET 2026
#@# Intensity Normalization2 Wed Mar 11 15:17:40 CET 2026
#@# Mask BFS Wed Mar 11 15:19:59 CET 2026
#@# WM Segmentation Wed Mar 11 15:20:00 CET 2026
#@# Fill Wed Mar 11 15:21:50 CET 2026
recon-all -s sub-v2s18x29508_ses-1 finished without error at Wed Mar 11 15:22:53 CET 2026



#New# invocation of recon-all 



status file for recon-all
Wed Mar 11 16:14:54 CET 2026
#@# white curv lh Wed Mar 11 16:14:54 CET 2026
#@# white area lh Wed Mar 11 16:14:54 CET 2026
#@# pial curv lh Wed Mar 11 16:14:54 CET 2026
#@# pial area lh Wed Mar 11 16:14:54 CET 2026
#@# thickness lh Wed Mar 11 16:14:54 CET 2026
#@# area and vertex vol lh Wed Mar 11 16:14:54 CET 2026
#@# white curv rh Wed Mar 11 16:14:54 CET 2026
#@# white area rh Wed Mar 11 16:14:54 CET 2026
#@# pial curv rh Wed Mar 11 16:14:54 CET 2026
#@# pial area rh Wed Mar 11 16:14:54 CET 2026
#@# thickness rh Wed Mar 11 16:14:54 CET 2026
#@# area and vertex vol rh Wed Mar 11 16:14:55 CET 2026
#@# Cortical ribbon mask Wed Mar 11 16:14:55 CET 2026
recon-all -s sub-v2s18x29508_ses-1 finished without error at Wed Mar 11 16:19:01 CET 2026



#New# invocation of recon-all 



status file for recon-all
Wed Mar 11 16:26:12 CET 2026
#@# white curv lh Wed Mar 11 16:26:12 CET 2026
#@# white area lh Wed Mar 11 16:26:12 CET 2026
#@# pial curv lh Wed Mar 11 16:26:12 CET 2026
#@# pial area lh Wed Mar 11 16:26:12 CET 2026
#@# thickness lh Wed Mar 11 16:26:12 CET 2026
#@# area and vertex vol lh Wed Mar 11 16:26:12 CET 2026
#@# white curv rh Wed Mar 11 16:26:12 CET 2026
#@# white area rh Wed Mar 11 16:26:12 CET 2026
#@# pial curv rh Wed Mar 11 16:26:12 CET 2026
#@# pial area rh Wed Mar 11 16:26:12 CET 2026
#@# thickness rh Wed Mar 11 16:26:12 CET 2026
#@# area and vertex vol rh Wed Mar 11 16:26:12 CET 2026
#@# Curvature Stats lh Wed Mar 11 16:26:12 CET 2026
#@# Curvature Stats rh Wed Mar 11 16:26:15 CET 2026
#@# Relabel Hypointensities Wed Mar 11 16:26:17 CET 2026
#@# APas-to-ASeg Wed Mar 11 16:26:33 CET 2026
#@# AParc-to-ASeg aparc Wed Mar 11 16:26:42 CET 2026
#@# AParc-to-ASeg aparc.a2009s Wed Mar 11 16:27:21 CET 2026
#@# AParc-to-ASeg aparc.DKTatlas Wed Mar 11 16:28:00 CET 2026
#@# WMParc Wed Mar 11 16:28:36 CET 2026
#@# ASeg Stats Wed Mar 11 16:32:34 CET 2026
recon-all -s sub-v2s18x29508_ses-1 finished without error at Wed Mar 11 16:33:17 CET 2026
