/out/sourcedata/freesurfer/sub-v2s18x29506_ses-1/mri
/opt/freesurfer/bin/talairach_avi
--i orig_nu.mgz --xfm transforms/talairach.auto.xfm
talairach_avi 7.3.2
Linux dna044 5.14.0-427.37.1.el9_4.x86_64 #1 SMP PREEMPT_DYNAMIC Fri Sep 13 12:41:50 EDT 2024 x86_64 x86_64 x86_64 GNU/Linux
Wed Mar 11 13:29:26 CET 2026
mri_convert orig_nu.mgz talsrcimg.img 
reading from orig_nu.mgz...
TR=0.00, TE=0.00, TI=0.00, flip angle=0.00
i_ras = (-1, 0, 0)
j_ras = (0, 0, -1)
k_ras = (0, 1, 0)
writing to talsrcimg.img...
Analyze Output Matrix
-1.00000   0.00000   0.00000   124.95029;
 0.00000   0.00000   1.00000  -89.14175;
 0.00000  -1.00000   0.00000   114.60751;
 0.00000   0.00000   0.00000   1.00000;
--------------------
INFO: set hdr.hist.orient to -1
mpr2mni305 talsrcimg
Wed Mar 11 13:29:27 CET 2026
/opt/freesurfer/bin/mpr2mni305 talsrcimg
mpr2mni305 7.3.2
target=711-2C_as_mni_average_305

---------------------------------------------------------------------
analyzeto4dfp talsrcimg -O0 -y
---------------------------------------------------------------------

freesurfer ifh2hdr.c
Wed Mar 11 13:29:27 2026
Writing: talsrcimg.4dfp.hdr
freesurfer analyzeto4dfp.c
Reading: talsrcimg.hdr
header size 348 bytes
hdr.dime.datatype	offset=70	value=2
hdr.dime.bitpix		offset=72	value=8
hdr.hist.orient		offset=252	value=-1
dimensionality     4
dimensions       256       256       256         1
Reading: talsrcimg.img
Writing: talsrcimg.4dfp.img
Writing: talsrcimg.4dfp.ifh
ifh2hdr talsrcimg -r0to241
ori=2

---------------------------------------------------------------------
gauss_4dfp talsrcimg 1.1
---------------------------------------------------------------------

freesurfer gauss_4dfp.c
Reading: talsrcimg.4dfp.img
Writing: talsrcimg_g11.4dfp.img
image dimensions 256 256 256 padded to 288 288 288
processing volume 1freesurfer ifh2hdr.c
Wed Mar 11 13:29:29 2026
Writing: talsrcimg_g11.4dfp.hdr

Writing: talsrcimg_g11.4dfp.ifh
including: talsrcimg.4dfp.img.rec in talsrcimg_g11.4dfp.img.rec

---------------------------------------------------------------------
imgreg_4dfp /opt/freesurfer/average/711-2C_as_mni_average_305 none talsrcimg_g11 none talsrcimg_to_711-2C_as_mni_average_305_t4 4355
---------------------------------------------------------------------

freesurfer imgreg_4dfp.c
/opt/freesurfer/average/711-2C_as_mni_average_305.4dfp.img
       256       256       256         1
  1.000000  1.000000  1.000000
orientation T byte_order littleendian
Reading image: /opt/freesurfer/average/711-2C_as_mni_average_305.4dfp.img
dimensions:      256       256       256
mmppix:       1.0000   -1.0000   -1.0000
center:     128.0000 -129.0000 -129.0000
talsrcimg_g11.4dfp.img
       256       256       256         1
  1.000000  1.000000  1.000000
orientation T byte_order littleendian
Reading image: talsrcimg_g11.4dfp.img
dimensions:      256       256       256
mmppix:       1.0000   -1.0000   -1.0000
center:     128.0000 -129.0000 -129.0000
t4_read: open error in t4_sub.f l:  41 t4_file(1:l)talsrcimg_to_711-2C_as_mni_average_305_t4 
t4_read: transform initialized to I4
rotation matrix determinant  1.000000
image alignment mode   4355 decimal     1103 hex
   -7.5000  -45.0000  -45.0000 8032.9814   12.1151
    0.0000  -45.0000  -45.0000 8416.2656   12.1542
    7.5000  -45.0000  -45.0000 8011.6729   12.1521
   -7.5000  -37.5000  -45.0000 8599.0391   11.8564
    0.0000  -37.5000  -45.0000 8992.6143   11.8966
    7.5000  -37.5000  -45.0000 8562.2939   11.8980
   -7.5000  -30.0000  -45.0000 9565.0273   11.7151
    0.0000  -30.0000  -45.000010005.8584   11.7572
    7.5000  -30.0000  -45.0000 9526.4385   11.7572
   -7.5000  -22.5000  -45.000010531.5371   11.6571
    0.0000  -22.5000  -45.000010995.7588   11.6992
    7.5000  -22.5000  -45.000010478.5039   11.6950
   -7.5000  -15.0000  -45.000011447.8184   11.6107
    0.0000  -15.0000  -45.000011926.9160   11.6486
    7.5000  -15.0000  -45.000011361.2910   11.6425
   -7.5000   -7.5000  -45.000012340.2109   11.5726
    0.0000   -7.5000  -45.000012841.3848   11.6066
    7.5000   -7.5000  -45.000012241.4219   11.6035
   -7.5000    0.0000  -45.000013162.3037   11.5607
    0.0000    0.0000  -45.000013671.9375   11.5952
    7.5000    0.0000  -45.000013035.8164   11.5965
   -7.5000    7.5000  -45.000012824.4600   11.5589
    0.0000    7.5000  -45.000013338.4023   11.5959
    7.5000    7.5000  -45.000012689.2217   11.5994
   -7.5000   15.0000  -45.000012409.0352   11.5637
    0.0000   15.0000  -45.000012895.7422   11.6038
    7.5000   15.0000  -45.000012256.4121   11.6052
   -7.5000   22.5000  -45.000011936.2402   11.5683
    0.0000   22.5000  -45.000012412.9170   11.6094
    7.5000   22.5000  -45.000011775.0938   11.6061
   -7.5000   30.0000  -45.000011281.9219   11.4197
    0.0000   30.0000  -45.000011757.9580   11.4566
    7.5000   30.0000  -45.000011137.1895   11.4510
   -7.5000   37.5000  -45.000010884.7490   11.4146
    0.0000   37.5000  -45.000011336.6953   11.4482
    7.5000   37.5000  -45.000010748.6191   11.4452
   -7.5000   45.0000  -45.000010073.4062   11.1177
    0.0000   45.0000  -45.000010494.2881   11.1509
    7.5000   45.0000  -45.0000 9962.3779   11.1522
   -7.5000  -45.0000  -37.5000 8412.0625   12.0224
    0.0000  -45.0000  -37.5000 8797.0625   12.0548
    7.5000  -45.0000  -37.5000 8390.7891   12.0472
   -7.5000  -37.5000  -37.5000 9017.9736   11.7664
    0.0000  -37.5000  -37.5000 9420.6992   11.8010
    7.5000  -37.5000  -37.5000 8985.7100   11.7972
   -7.5000  -30.0000  -37.500010039.0430   11.6275
    0.0000  -30.0000  -37.500010479.6631   11.6646
    7.5000  -30.0000  -37.5000 9986.7969   11.6594
   -7.5000  -22.5000  -37.500011077.0107   11.5717
    0.0000  -22.5000  -37.500011546.5801   11.6083
    7.5000  -22.5000  -37.500011011.2910   11.5987
   -7.5000  -15.0000  -37.500012055.2236   11.5272
    0.0000  -15.0000  -37.500012538.9482   11.5587
    7.5000  -15.0000  -37.500011954.7217   11.5469
   -7.5000   -7.5000  -37.500013000.9414   11.4897
    0.0000   -7.5000  -37.500013499.6455   11.5171
    7.5000   -7.5000  -37.500012879.1699   11.5083
   -7.5000    0.0000  -37.500013818.9424   11.4764
    0.0000    0.0000  -37.500014344.2783   11.5048
    7.5000    0.0000  -37.500013672.2939   11.5009
   -7.5000    7.5000  -37.500013471.6709   11.4733
    0.0000    7.5000  -37.500013974.6064   11.5048
    7.5000    7.5000  -37.500013308.0684   11.5034
   -7.5000   15.0000  -37.500013020.6611   11.4776
    0.0000   15.0000  -37.500013482.9980   11.5129
    7.5000   15.0000  -37.500012847.2100   11.5093
   -7.5000   22.5000  -37.500012543.8135   11.4837
    0.0000   22.5000  -37.500012989.4473   11.5194
    7.5000   22.5000  -37.500012374.0977   11.5108
   -7.5000   30.0000  -37.500011872.4307   11.3378
    0.0000   30.0000  -37.500012299.5879   11.3686
    7.5000   30.0000  -37.500011716.1826   11.3574
   -7.5000   37.5000  -37.500011443.7510   11.3329
    0.0000   37.5000  -37.500011860.5605   11.3600
    7.5000   37.5000  -37.500011299.9990   11.3513
   -7.5000   45.0000  -37.500010556.2139   11.0365
    0.0000   45.0000  -37.500010946.3027   11.0638
    7.5000   45.0000  -37.500010444.2773   11.0601
   -7.5000  -45.0000  -30.0000 8934.7979   12.4773
    0.0000  -45.0000  -30.0000 9346.7812   12.5070
    7.5000  -45.0000  -30.0000 8896.1094   12.5002
   -7.5000  -37.5000  -30.0000 9594.3145   12.2146
    0.0000  -37.5000  -30.000010030.7725   12.2466
    7.5000  -37.5000  -30.0000 9554.2734   12.2430
   -7.5000  -30.0000  -30.000010681.9316   12.0703
    0.0000  -30.0000  -30.000011141.8809   12.1056
    7.5000  -30.0000  -30.000010611.5742   12.1004
   -7.5000  -22.5000  -30.000011807.7734   12.0088
    0.0000  -22.5000  -30.000012307.0957   12.0449
    7.5000  -22.5000  -30.000011715.0020   12.0361
   -7.5000  -15.0000  -30.000012864.4785   11.9596
    0.0000  -15.0000  -30.000013381.7646   11.9910
    7.5000  -15.0000  -30.000012739.9600   11.9805
   -7.5000   -7.5000  -30.000013879.6357   11.9224
    0.0000   -7.5000  -30.000014430.8633   11.9487
    7.5000   -7.5000  -30.000013749.5986   11.9410
   -7.5000    0.0000  -30.000014707.1748   11.9128
    0.0000    0.0000  -30.000015293.6514   11.9387
    7.5000    0.0000  -30.000014555.4209   11.9355
   -7.5000    7.5000  -30.000014360.5596   11.9115
    0.0000    7.5000  -30.000014907.9023   11.9405
    7.5000    7.5000  -30.000014180.9043   11.9391
   -7.5000   15.0000  -30.000013871.0625   11.9147
    0.0000   15.0000  -30.000014377.7285   11.9482
    7.5000   15.0000  -30.000013704.4629   11.9445
   -7.5000   22.5000  -30.000013341.2393   11.9157
    0.0000   22.5000  -30.000013814.5215   11.9508
    7.5000   22.5000  -30.000013180.9121   11.9430
   -7.5000   30.0000  -30.000012666.0195   11.7639
    0.0000   30.0000  -30.000013068.6426   11.7945
    7.5000   30.0000  -30.000012502.3262   11.7846
   -7.5000   37.5000  -30.000012204.7588   11.7609
    0.0000   37.5000  -30.000012589.9688   11.7868
    7.5000   37.5000  -30.000012062.9150   11.7792
   -7.5000   45.0000  -30.000011231.1895   11.4646
    0.0000   45.0000  -30.000011621.4180   11.4895
    7.5000   45.0000  -30.000011136.6143   11.4864
   -7.5000  -45.0000  -22.5000 9428.8242   12.8804
    0.0000  -45.0000  -22.5000 9866.4199   12.9149
    7.5000  -45.0000  -22.5000 9383.1094   12.9153
   -7.5000  -37.5000  -22.500010167.0811   12.6149
    0.0000  -37.5000  -22.500010633.2490   12.6504
    7.5000  -37.5000  -22.500010114.1631   12.6530
   -7.5000  -30.0000  -22.500011322.8760   12.4656
    0.0000  -30.0000  -22.500011835.0547   12.5047
    7.5000  -30.0000  -22.500011259.5645   12.5055
   -7.5000  -22.5000  -22.500012522.5947   12.3952
    0.0000  -22.5000  -22.500013085.3740   12.4369
    7.5000  -22.5000  -22.500012447.2158   12.4355
   -7.5000  -15.0000  -22.500013688.5098   12.3377
    0.0000  -15.0000  -22.500014276.0840   12.3763
    7.5000  -15.0000  -22.500013564.6680   12.3745
   -7.5000   -7.5000  -22.500014803.5928   12.3011
    0.0000   -7.5000  -22.500015414.4072   12.3337
    7.5000   -7.5000  -22.500014649.5273   12.3340
   -7.5000    0.0000  -22.500015703.8564   12.2986
    0.0000    0.0000  -22.500016356.0029   12.3289
    7.5000    0.0000  -22.500015506.8633   12.3323
   -7.5000    7.5000  -22.500015337.7002   12.3026
    0.0000    7.5000  -22.500015939.2412   12.3350
    7.5000    7.5000  -22.500015144.0791   12.3395
   -7.5000   15.0000  -22.500014798.0381   12.3053
    0.0000   15.0000  -22.500015370.8701   12.3424
    7.5000   15.0000  -22.500014640.0928   12.3448
   -7.5000   22.5000  -22.500014187.9160   12.2980
    0.0000   22.5000  -22.500014718.9512   12.3386
    7.5000   22.5000  -22.500014039.6299   12.3381
   -7.5000   30.0000  -22.500013464.1689   12.1372
    0.0000   30.0000  -22.500013934.2754   12.1749
    7.5000   30.0000  -22.500013317.3652   12.1735
   -7.5000   37.5000  -22.500013011.2041   12.1362
    0.0000   37.5000  -22.500013457.0361   12.1683
    7.5000   37.5000  -22.500012873.4873   12.1686
   -7.5000   45.0000  -22.500011996.0400   11.8449
    0.0000   45.0000  -22.500012416.7490   11.8740
    7.5000   45.0000  -22.500011878.2227   11.8774
   -7.5000  -45.0000  -15.0000 9950.1006   13.1642
    0.0000  -45.0000  -15.000010378.6318   13.2072
    7.5000  -45.0000  -15.0000 9898.0898   13.2138
   -7.5000  -37.5000  -15.000010730.8594   12.8951
    0.0000  -37.5000  -15.000011213.6475   12.9376
    7.5000  -37.5000  -15.000010670.9189   12.9464
   -7.5000  -30.0000  -15.000011941.8857   12.7430
    0.0000  -30.0000  -15.000012482.9600   12.7880
    7.5000  -30.0000  -15.000011859.1592   12.7952
   -7.5000  -22.5000  -15.000013214.5039   12.6693
    0.0000  -22.5000  -15.000013836.4932   12.7173
    7.5000  -22.5000  -15.000013108.8457   12.7226
   -7.5000  -15.0000  -15.000014509.4131   12.6082
    0.0000  -15.0000  -15.000015177.6396   12.6544
    7.5000  -15.0000  -15.000014334.1055   12.6596
   -7.5000   -7.5000  -15.000015784.7881   12.5707
    0.0000   -7.5000  -15.000016504.3418   12.6116
    7.5000   -7.5000  -15.000015591.5156   12.6184
   -7.5000    0.0000  -15.000016803.5625   12.5704
    0.0000    0.0000  -15.000017547.9453   12.6084
    7.5000    0.0000  -15.000016566.8633   12.6180
   -7.5000    7.5000  -15.000016395.1992   12.5767
    0.0000    7.5000  -15.000017075.0586   12.6157
    7.5000    7.5000  -15.000016196.4707   12.6263
   -7.5000   15.0000  -15.000015778.7217   12.5802
    0.0000   15.0000  -15.000016446.8457   12.6231
    7.5000   15.0000  -15.000015603.8584   12.6317
   -7.5000   22.5000  -15.000015106.5645   12.5701
    0.0000   22.5000  -15.000015756.7881   12.6168
    7.5000   22.5000  -15.000014908.5391   12.6230
   -7.5000   30.0000  -15.000014365.1992   12.4052
    0.0000   30.0000  -15.000014949.3398   12.4503
    7.5000   30.0000  -15.000014133.7139   12.4557
   -7.5000   37.5000  -15.000013907.9980   12.4039
    0.0000   37.5000  -15.000014464.0781   12.4442
    7.5000   37.5000  -15.000013699.5107   12.4510
   -7.5000   45.0000  -15.000012867.2832   12.1142
    0.0000   45.0000  -15.000013338.3613   12.1508
    7.5000   45.0000  -15.000012648.6133   12.1600
   -7.5000  -45.0000   -7.500010439.8486   13.3064
    0.0000  -45.0000   -7.500010927.5781   13.3535
    7.5000  -45.0000   -7.500010390.3613   13.3589
   -7.5000  -37.5000   -7.500011275.4062   13.0313
    0.0000  -37.5000   -7.500011787.2061   13.0781
    7.5000  -37.5000   -7.500011209.8057   13.0866
   -7.5000  -30.0000   -7.500012546.9541   12.8782
    0.0000  -30.0000   -7.500013099.4990   12.9266
    7.5000  -30.0000   -7.500012470.7197   12.9337
   -7.5000  -22.5000   -7.500013877.0068   12.8091
    0.0000  -22.5000   -7.500014513.2910   12.8592
    7.5000  -22.5000   -7.500013776.8857   12.8629
   -7.5000  -15.0000   -7.500015256.8760   12.7524
    0.0000  -15.0000   -7.500016007.6016   12.8000
    7.5000  -15.0000   -7.500015129.4756   12.8024
   -7.5000   -7.5000   -7.500016743.5449   12.7128
    0.0000   -7.5000   -7.500017599.0820   12.7558
    7.5000   -7.5000   -7.500016505.4707   12.7606
   -7.5000    0.0000   -7.500018061.8242   12.7068
    0.0000    0.0000   -7.500019000.2422   12.7485
    7.5000    0.0000   -7.500017701.5859   12.7570
   -7.5000    7.5000   -7.500017691.2031   12.7097
    0.0000    7.5000   -7.500018585.7285   12.7529
    7.5000    7.5000   -7.500017338.1914   12.7632
   -7.5000   15.0000   -7.500016968.1406   12.7144
    0.0000   15.0000   -7.500017820.7266   12.7607
    7.5000   15.0000   -7.500016609.8945   12.7691
   -7.5000   22.5000   -7.500016158.4111   12.7085
    0.0000   22.5000   -7.500016948.9629   12.7573
    7.5000   22.5000   -7.500015789.9521   12.7619
   -7.5000   30.0000   -7.500015299.4160   12.5473
    0.0000   30.0000   -7.500016015.3330   12.5937
    7.5000   30.0000   -7.500014942.6133   12.5965
   -7.5000   37.5000   -7.500014822.7217   12.5438
    0.0000   37.5000   -7.500015467.0527   12.5862
    7.5000   37.5000   -7.500014541.7344   12.5910
   -7.5000   45.0000   -7.500013721.7803   12.2479
    0.0000   45.0000   -7.500014271.5605   12.2881
    7.5000   45.0000   -7.500013452.5254   12.2963
   -7.5000  -45.0000    0.000010871.6924   13.3421
    0.0000  -45.0000    0.000011328.1299   13.3858
    7.5000  -45.0000    0.000010814.5791   13.3840
   -7.5000  -37.5000    0.000011719.0264   13.0614
    0.0000  -37.5000    0.000012220.2402   13.1066
    7.5000  -37.5000    0.000011667.3945   13.1088
   -7.5000  -30.0000    0.000013044.3662   12.9080
    0.0000  -30.0000    0.000013642.2451   12.9551
    7.5000  -30.0000    0.000012991.7393   12.9558
   -7.5000  -22.5000    0.000014436.2598   12.8447
    0.0000  -22.5000    0.000015134.8398   12.8918
    7.5000  -22.5000    0.000014352.7314   12.8879
   -7.5000  -15.0000    0.000015843.5283   12.7944
    0.0000  -15.0000    0.000016684.0547   12.8368
    7.5000  -15.0000    0.000015753.0635   12.8306
   -7.5000   -7.5000    0.000017381.1855   12.7533
    0.0000   -7.5000    0.000018414.8105   12.7915
    7.5000   -7.5000    0.000017176.1797   12.7884
   -7.5000    0.0000    0.000018929.8242   12.7407
    0.0000    0.0000    0.000020210.3125   12.7794
    7.5000    0.0000    0.000018513.1641   12.7813
   -7.5000    7.5000    0.000018760.0742   12.7387
    0.0000    7.5000    0.000020040.7930   12.7803
    7.5000    7.5000    0.000018252.2109   12.7848
   -7.5000   15.0000    0.000017960.8008   12.7436
    0.0000   15.0000    0.000019164.2012   12.7886
    7.5000   15.0000    0.000017483.0059   12.7909
   -7.5000   22.5000    0.000016955.3613   12.7443
    0.0000   22.5000    0.000017983.4512   12.7902
    7.5000   22.5000    0.000016546.6211   12.7872
   -7.5000   30.0000    0.000015963.6455   12.5894
    0.0000   30.0000    0.000016836.8926   12.6308
    7.5000   30.0000    0.000015628.3135   12.6251
   -7.5000   37.5000    0.000015482.5938   12.5842
    0.0000   37.5000    0.000016224.1387   12.6218
    7.5000   37.5000    0.000015188.7168   12.6188
   -7.5000   45.0000    0.000014383.0146   12.2814
    0.0000   45.0000    0.000015013.6484   12.3187
    7.5000   45.0000    0.000014110.0361   12.3205
   -7.5000  -45.0000    7.500010402.6592   13.3699
    0.0000  -45.0000    7.500010871.7871   13.4061
    7.5000  -45.0000    7.500010357.3164   13.3979
   -7.5000  -37.5000    7.500011239.1973   13.0867
    0.0000  -37.5000    7.500011740.8262   13.1253
    7.5000  -37.5000    7.500011177.2578   13.1215
   -7.5000  -30.0000    7.500012560.7695   12.9329
    0.0000  -30.0000    7.500013133.9648   12.9743
    7.5000  -30.0000    7.500012498.3525   12.9689
   -7.5000  -22.5000    7.500013942.7617   12.8711
    0.0000  -22.5000    7.500014614.5283   12.9121
    7.5000  -22.5000    7.500013848.9238   12.9019
   -7.5000  -15.0000    7.500015290.1582   12.8222
    0.0000  -15.0000    7.500016088.8779   12.8574
    7.5000  -15.0000    7.500015212.8096   12.8447
   -7.5000   -7.5000    7.500016671.3086   12.7809
    0.0000   -7.5000    7.500017600.8789   12.8116
    7.5000   -7.5000    7.500016561.8066   12.8022
   -7.5000    0.0000    7.500018118.3535   12.7663
    0.0000    0.0000    7.500019270.4844   12.7981
    7.5000    0.0000    7.500017896.6953   12.7940
   -7.5000    7.5000    7.500018032.9512   12.7626
    0.0000    7.5000    7.500019329.0293   12.7979
    7.5000    7.5000    7.500017718.4727   12.7965
   -7.5000   15.0000    7.500017365.1660   12.7671
    0.0000   15.0000    7.500018639.0586   12.8066
    7.5000   15.0000    7.500017060.6797   12.8029
   -7.5000   22.5000    7.500016413.8047   12.7697
    0.0000   22.5000    7.500017508.2109   12.8096
    7.5000   22.5000    7.500016129.8564   12.8005
   -7.5000   30.0000    7.500015440.0264   12.6167
    0.0000   30.0000    7.500016319.8408   12.6510
    7.5000   30.0000    7.500015186.8652   12.6390
   -7.5000   37.5000    7.500015001.9639   12.6115
    0.0000   37.5000    7.500015745.7920   12.6418
    7.5000   37.5000    7.500014734.3174   12.6325
   -7.5000   45.0000    7.500013906.6445   12.3058
    0.0000   45.0000    7.500014569.5693   12.3365
    7.5000   45.0000    7.500013629.9980   12.3326
   -7.5000  -45.0000   15.0000 9861.2900   13.4164
    0.0000  -45.0000   15.000010309.0127   13.4483
    7.5000  -45.0000   15.0000 9820.9824   13.4408
   -7.5000  -37.5000   15.000010672.1729   13.1337
    0.0000  -37.5000   15.000011144.6562   13.1681
    7.5000  -37.5000   15.000010619.6504   13.1641
   -7.5000  -30.0000   15.000011956.7764   12.9785
    0.0000  -30.0000   15.000012492.1396   13.0164
    7.5000  -30.0000   15.000011895.6377   13.0107
   -7.5000  -22.5000   15.000013240.9814   12.9122
    0.0000  -22.5000   15.000013857.9561   12.9511
    7.5000  -22.5000   15.000013179.7432   12.9415
   -7.5000  -15.0000   15.000014475.3066   12.8592
    0.0000  -15.0000   15.000015166.4814   12.8929
    7.5000  -15.0000   15.000014434.7275   12.8814
   -7.5000   -7.5000   15.000015771.9229   12.8190
    0.0000   -7.5000   15.000016572.6602   12.8472
    7.5000   -7.5000   15.000015717.1699   12.8388
   -7.5000    0.0000   15.000017128.3828   12.8086
    0.0000    0.0000   15.000018229.8223   12.8365
    7.5000    0.0000   15.000017032.2500   12.8329
   -7.5000    7.5000   15.000017035.4297   12.8073
    0.0000    7.5000   15.000018271.3398   12.8385
    7.5000    7.5000   15.000016892.3340   12.8369
   -7.5000   15.0000   15.000016377.2891   12.8110
    0.0000   15.0000   15.000017500.5234   12.8469
    7.5000   15.0000   15.000016247.3428   12.8429
   -7.5000   22.5000   15.000015541.2939   12.8092
    0.0000   22.5000   15.000016514.0527   12.8469
    7.5000   22.5000   15.000015416.9209   12.8384
   -7.5000   30.0000   15.000014648.5312   12.6524
    0.0000   30.0000   15.000015488.2520   12.6853
    7.5000   30.0000   15.000014512.5898   12.6745
   -7.5000   37.5000   15.000014249.6719   12.6490
    0.0000   37.5000   15.000014979.2021   12.6769
    7.5000   37.5000   15.000014056.1885   12.6685
   -7.5000   45.0000   15.000013213.5557   12.3467
    0.0000   45.0000   15.000013839.6377   12.3735
    7.5000   45.0000   15.000012981.9570   12.3700
   -7.5000  -45.0000   22.5000 9332.5859   13.6334
    0.0000  -45.0000   22.5000 9780.8164   13.6690
    7.5000  -45.0000   22.5000 9299.5146   13.6682
   -7.5000  -37.5000   22.500010086.7080   13.3467
    0.0000  -37.5000   22.500010542.4219   13.3835
    7.5000  -37.5000   22.500010062.1445   13.3855
   -7.5000  -30.0000   22.500011282.6953   13.1854
    0.0000  -30.0000   22.500011767.3125   13.2262
    7.5000  -30.0000   22.500011238.1240   13.2266
   -7.5000  -22.5000   22.500012464.4932   13.1099
    0.0000  -22.5000   22.500013017.8486   13.1537
    7.5000  -22.5000   22.500012434.4355   13.1518
   -7.5000  -15.0000   22.500013616.4854   13.0488
    0.0000  -15.0000   22.500014202.6182   13.0892
    7.5000  -15.0000   22.500013584.7607   13.0866
   -7.5000   -7.5000   22.500014840.1055   13.0097
    0.0000   -7.5000   22.500015528.1875   13.0435
    7.5000   -7.5000   22.500014807.5410   13.0429
   -7.5000    0.0000   22.500016070.0801   13.0066
    0.0000    0.0000   22.500017002.9961   13.0377
    7.5000    0.0000   22.500016019.6543   13.0404
   -7.5000    7.5000   22.500015918.5254   13.0102
    0.0000    7.5000   22.500016795.7754   13.0435
    7.5000    7.5000   22.500015865.9512   13.0476
   -7.5000   15.0000   22.500015300.0186   13.0127
    0.0000   15.0000   22.500016097.8242   13.0514
    7.5000   15.0000   22.500015250.9941   13.0534
   -7.5000   22.5000   22.500014599.7939   13.0034
    0.0000   22.5000   22.500015354.9521   13.0459
    7.5000   22.5000   22.500014558.6113   13.0450
   -7.5000   30.0000   22.500013786.6592   12.8378
    0.0000   30.0000   22.500014489.3389   12.8772
    7.5000   30.0000   22.500013713.8145   12.8751
   -7.5000   37.5000   22.500013379.4209   12.8370
    0.0000   37.5000   22.500014059.3496   12.8703
    7.5000   37.5000   22.500013275.0381   12.8698
   -7.5000   45.0000   22.500012408.7695   12.5377
    0.0000   45.0000   22.500013021.5674   12.5676
    7.5000   45.0000   22.500012272.5977   12.5703
   -7.5000  -45.0000   30.0000 8684.4131   13.9063
    0.0000  -45.0000   30.0000 9102.4043   13.9507
    7.5000  -45.0000   30.0000 8663.2637   13.9563
   -7.5000  -37.5000   30.0000 9385.2734   13.6126
    0.0000  -37.5000   30.0000 9811.2539   13.6566
    7.5000  -37.5000   30.0000 9366.5869   13.6649
   -7.5000  -30.0000   30.000010484.2725   13.4462
    0.0000  -30.0000   30.000010944.0352   13.4933
    7.5000  -30.0000   30.000010465.7891   13.5002
   -7.5000  -22.5000   30.000011582.5400   13.3661
    0.0000  -22.5000   30.000012072.3008   13.4166
    7.5000  -22.5000   30.000011568.3174   13.4216
   -7.5000  -15.0000   30.000012657.5059   13.2993
    0.0000  -15.0000   30.000013152.4316   13.3477
    7.5000  -15.0000   30.000012648.9443   13.3523
   -7.5000   -7.5000   30.000013798.8232   13.2575
    0.0000   -7.5000   30.000014378.4619   13.2998
    7.5000   -7.5000   30.000013796.8213   13.3060
   -7.5000    0.0000   30.000014879.0342   13.2562
    0.0000    0.0000   30.000015614.5293   13.2953
    7.5000    0.0000   30.000014857.4424   13.3042
   -7.5000    7.5000   30.000014698.3740   13.2629
    0.0000    7.5000   30.000015317.0859   13.3032
    7.5000    7.5000   30.000014669.2354   13.3135
   -7.5000   15.0000   30.000014196.2822   13.2675
    0.0000   15.0000   30.000014753.7910   13.3123
    7.5000   15.0000   30.000014171.0107   13.3207
   -7.5000   22.5000   30.000013615.8066   13.2560
    0.0000   22.5000   30.000014209.3457   13.3051
    7.5000   22.5000   30.000013578.8730   13.3110
   -7.5000   30.0000   30.000012856.7031   13.0834
    0.0000   30.0000   30.000013456.3555   13.1307
    7.5000   30.0000   30.000012809.5723   13.1356
   -7.5000   37.5000   30.000012477.4971   13.0814
    0.0000   37.5000   30.000013052.5371   13.1231
    7.5000   37.5000   30.000012379.2773   13.1293
   -7.5000   45.0000   30.000011583.0195   12.7776
    0.0000   45.0000   30.000012116.1133   12.8152
    7.5000   45.0000   30.000011468.6084   12.8238
   -7.5000  -45.0000   37.5000 8340.3291   14.2869
    0.0000  -45.0000   37.5000 8747.1670   14.3344
    7.5000  -45.0000   37.5000 8331.9180   14.3383
   -7.5000  -37.5000   37.5000 9040.1982   13.9766
    0.0000  -37.5000   37.5000 9444.7197   14.0242
    7.5000  -37.5000   37.5000 9005.4697   14.0313
   -7.5000  -30.0000   37.500010103.3555   13.8009
    0.0000  -30.0000   37.500010517.8838   13.8507
    7.5000  -30.0000   37.500010063.2617   13.8563
   -7.5000  -22.5000   37.500011170.3848   13.7221
    0.0000  -22.5000   37.500011600.6602   13.7739
    7.5000  -22.5000   37.500011127.3174   13.7761
   -7.5000  -15.0000   37.500012213.1494   13.6577
    0.0000  -15.0000   37.500012645.2305   13.7065
    7.5000  -15.0000   37.500012180.0518   13.7075
   -7.5000   -7.5000   37.500013291.1367   13.6124
    0.0000   -7.5000   37.500013818.5068   13.6560
    7.5000   -7.5000   37.500013286.5049   13.6596
   -7.5000    0.0000   37.500014265.0596   13.6051
    0.0000    0.0000   37.500014897.9229   13.6469
    7.5000    0.0000   37.500014256.9082   13.6545
   -7.5000    7.5000   37.500014073.4834   13.6081
    0.0000    7.5000   37.500014585.1768   13.6516
    7.5000    7.5000   37.500014036.7656   13.6609
   -7.5000   15.0000   37.500013656.2236   13.6134
    0.0000   15.0000   37.500014141.6934   13.6608
    7.5000   15.0000   37.500013613.6904   13.6680
   -7.5000   22.5000   37.500013148.1260   13.6073
    0.0000   22.5000   37.500013653.5146   13.6577
    7.5000   22.5000   37.500013088.0742   13.6609
   -7.5000   30.0000   37.500012427.7041   13.4354
    0.0000   30.0000   37.500012925.5186   13.4830
    7.5000   30.0000   37.500012368.3213   13.4845
   -7.5000   37.5000   37.500012048.0908   13.4315
    0.0000   37.5000   37.500012555.3262   13.4744
    7.5000   37.5000   37.500011970.4453   13.4781
   -7.5000   45.0000   37.500011207.8613   13.1138
    0.0000   45.0000   37.500011686.0000   13.1541
    7.5000   45.0000   37.500011095.7500   13.1613
   -7.5000  -45.0000   45.0000 7696.0127   14.7085
    0.0000  -45.0000   45.0000 8068.7925   14.7558
    7.5000  -45.0000   45.0000 7679.1362   14.7532
   -7.5000  -37.5000   45.0000 8359.5605   14.3764
    0.0000  -37.5000   45.0000 8730.9268   14.4246
    7.5000  -37.5000   45.0000 8306.5928   14.4255
   -7.5000  -30.0000   45.0000 9333.1465   14.1904
    0.0000  -30.0000   45.0000 9716.3730   14.2409
    7.5000  -30.0000   45.0000 9275.9941   14.2394
   -7.5000  -22.5000   45.000010336.3008   14.1156
    0.0000  -22.5000   45.000010725.8594   14.1668
    7.5000  -22.5000   45.000010282.6064   14.1606
   -7.5000  -15.0000   45.000011304.7100   14.0559
    0.0000  -15.0000   45.000011709.6768   14.1023
    7.5000  -15.0000   45.000011257.3574   14.0948
   -7.5000   -7.5000   45.000012285.6992   14.0052
    0.0000   -7.5000   45.000012769.4746   14.0466
    7.5000   -7.5000   45.000012247.6631   14.0432
   -7.5000    0.0000   45.000013136.6250   13.9876
    0.0000    0.0000   45.000013689.7217   14.0291
    7.5000    0.0000   45.000013108.0850   14.0308
   -7.5000    7.5000   45.000012941.4375   13.9841
    0.0000    7.5000   45.000013418.0449   14.0281
    7.5000    7.5000   45.000012905.1768   14.0317
   -7.5000   15.0000   45.000012595.5674   13.9907
    0.0000   15.0000   45.000013059.7656   14.0387
    7.5000   15.0000   45.000012542.3408   14.0392
   -7.5000   22.5000   45.000012146.0781   13.9942
    0.0000   22.5000   45.000012616.5459   14.0441
    7.5000   22.5000   45.000012076.9551   14.0391
   -7.5000   30.0000   45.000011494.7363   13.8249
    0.0000   30.0000   45.000011951.4785   13.8702
    7.5000   30.0000   45.000011427.6523   13.8633
   -7.5000   37.5000   45.000011166.6084   13.8178
    0.0000   37.5000   45.000011592.3076   13.8586
    7.5000   37.5000   45.000011073.2500   13.8553
   -7.5000   45.0000   45.000010384.9502   13.4886
    0.0000   45.0000   45.000010793.4170   13.5285
    7.5000   45.0000   45.000010273.9102   13.5303

---------------------------------------------------------------------
imgreg_4dfp /opt/freesurfer/average/711-2C_as_mni_average_305 /opt/freesurfer/average/711-2B_as_mni_average_305_mask talsrcimg_g11 none talsrcimg_to_711-2C_as_mni_average_305_t4 4355
---------------------------------------------------------------------

freesurfer imgreg_4dfp.c
/opt/freesurfer/average/711-2C_as_mni_average_305.4dfp.img
       256       256       256         1
  1.000000  1.000000  1.000000
orientation T byte_order littleendian
Reading image: /opt/freesurfer/average/711-2C_as_mni_average_305.4dfp.img
dimensions:      256       256       256
mmppix:       1.0000   -1.0000   -1.0000
center:     128.0000 -129.0000 -129.0000
/opt/freesurfer/average/711-2B_as_mni_average_305_mask.4dfp.img
       256       256       256         1
  1.000000  1.000000  1.000000
orientation T byte_order littleendian
Reading mask: /opt/freesurfer/average/711-2B_as_mni_average_305_mask.4dfp.img (2306576 pixels)
talsrcimg_g11.4dfp.img
       256       256       256         1
  1.000000  1.000000  1.000000
orientation T byte_order littleendian
Reading image: talsrcimg_g11.4dfp.img
dimensions:      256       256       256
mmppix:       1.0000   -1.0000   -1.0000
center:     128.0000 -129.0000 -129.0000
rotation matrix determinant  1.000000
image alignment mode   4355 decimal     1103 hex
   -7.5000  -45.0000  -45.0000 2301.7083   16.5729
    0.0000  -45.0000  -45.0000 2307.1790   16.5985
    7.5000  -45.0000  -45.0000 2294.1357   16.6768
   -7.5000  -37.5000  -45.0000 2400.6748   15.0866
    0.0000  -37.5000  -45.0000 2406.5696   15.0618
    7.5000  -37.5000  -45.0000 2390.0542   15.1619
   -7.5000  -30.0000  -45.0000 2482.1733   14.0403
    0.0000  -30.0000  -45.0000 2493.7014   13.9977
    7.5000  -30.0000  -45.0000 2472.6985   14.0966
   -7.5000  -22.5000  -45.0000 2529.8862   13.3071
    0.0000  -22.5000  -45.0000 2543.0801   13.2257
    7.5000  -22.5000  -45.0000 2524.3049   13.3493
   -7.5000  -15.0000  -45.0000 2560.8938   12.7848
    0.0000  -15.0000  -45.0000 2574.9568   12.6654
    7.5000  -15.0000  -45.0000 2552.2976   12.8034
   -7.5000   -7.5000  -45.0000 2583.2739   12.4286
    0.0000   -7.5000  -45.0000 2594.8376   12.3250
    7.5000   -7.5000  -45.0000 2569.0691   12.4651
   -7.5000    0.0000  -45.0000 2590.0625   12.2073
    0.0000    0.0000  -45.0000 2597.1616   12.1278
    7.5000    0.0000  -45.0000 2576.5540   12.2560
   -7.5000    7.5000  -45.0000 2590.6924   12.1892
    0.0000    7.5000  -45.0000 2596.2041   12.1182
    7.5000    7.5000  -45.0000 2574.6724   12.2573
   -7.5000   15.0000  -45.0000 2577.1550   12.4149
    0.0000   15.0000  -45.0000 2586.5042   12.3440
    7.5000   15.0000  -45.0000 2562.2239   12.4876
   -7.5000   22.5000  -45.0000 2545.8496   12.7593
    0.0000   22.5000  -45.0000 2555.9866   12.7066
    7.5000   22.5000  -45.0000 2533.0640   12.8325
   -7.5000   30.0000  -45.0000 2496.4431   13.2623
    0.0000   30.0000  -45.0000 2512.5391   13.2154
    7.5000   30.0000  -45.0000 2484.8855   13.3434
   -7.5000   37.5000  -45.0000 2434.0945   13.9895
    0.0000   37.5000  -45.0000 2448.4702   13.9628
    7.5000   37.5000  -45.0000 2421.7859   14.0711
   -7.5000   45.0000  -45.0000 2352.1926   14.9808
    0.0000   45.0000  -45.0000 2362.7729   14.9601
    7.5000   45.0000  -45.0000 2341.7803   15.0598
   -7.5000  -45.0000  -37.5000 2354.4531   15.8115
    0.0000  -45.0000  -37.5000 2366.4275   15.8015
    7.5000  -45.0000  -37.5000 2348.3821   15.9299
   -7.5000  -37.5000  -37.5000 2462.8640   14.3959
    0.0000  -37.5000  -37.5000 2474.4165   14.3182
    7.5000  -37.5000  -37.5000 2451.7261   14.4685
   -7.5000  -30.0000  -37.5000 2550.5315   13.3266
    0.0000  -30.0000  -37.5000 2563.2478   13.2546
    7.5000  -30.0000  -37.5000 2539.3333   13.3958
   -7.5000  -22.5000  -37.5000 2606.8848   12.5770
    0.0000  -22.5000  -37.5000 2622.2180   12.4726
    7.5000  -22.5000  -37.5000 2602.5015   12.6065
   -7.5000  -15.0000  -37.5000 2640.8923   12.0631
    0.0000  -15.0000  -37.5000 2654.8416   11.9354
    7.5000  -15.0000  -37.5000 2634.0989   12.0637
   -7.5000   -7.5000  -37.5000 2659.8533   11.6913
    0.0000   -7.5000  -37.5000 2672.6868   11.5500
    7.5000   -7.5000  -37.5000 2651.4561   11.7026
   -7.5000    0.0000  -37.5000 2665.1375   11.4560
    0.0000    0.0000  -37.5000 2673.0999   11.3601
    7.5000    0.0000  -37.5000 2652.5991   11.5136
   -7.5000    7.5000  -37.5000 2666.6711   11.4187
    0.0000    7.5000  -37.5000 2674.3508   11.3410
    7.5000    7.5000  -37.5000 2652.4956   11.4944
   -7.5000   15.0000  -37.5000 2658.3538   11.6029
    0.0000   15.0000  -37.5000 2666.6011   11.5085
    7.5000   15.0000  -37.5000 2645.6914   11.6675
   -7.5000   22.5000  -37.5000 2634.5542   11.9071
    0.0000   22.5000  -37.5000 2644.1924   11.8316
    7.5000   22.5000  -37.5000 2622.3662   11.9859
   -7.5000   30.0000  -37.5000 2583.2576   12.3750
    0.0000   30.0000  -37.5000 2595.6089   12.2864
    7.5000   30.0000  -37.5000 2576.6348   12.4499
   -7.5000   37.5000  -37.5000 2519.0183   13.0330
    0.0000   37.5000  -37.5000 2527.8047   12.9479
    7.5000   37.5000  -37.5000 2506.8281   13.0865
   -7.5000   45.0000  -37.5000 2433.2632   13.9535
    0.0000   45.0000  -37.5000 2441.7183   13.8864
    7.5000   45.0000  -37.5000 2423.4941   14.0166
   -7.5000  -45.0000  -30.0000 2442.4736   15.6970
    0.0000  -45.0000  -30.0000 2458.1060   15.6666
    7.5000  -45.0000  -30.0000 2438.0164   15.7958
   -7.5000  -37.5000  -30.0000 2557.8352   14.2902
    0.0000  -37.5000  -30.0000 2572.6033   14.2373
    7.5000  -37.5000  -30.0000 2550.5173   14.3910
   -7.5000  -30.0000  -30.0000 2649.0657   13.1798
    0.0000  -30.0000  -30.0000 2665.8770   13.1084
    7.5000  -30.0000  -30.0000 2644.5142   13.2492
   -7.5000  -22.5000  -30.0000 2720.8667   12.3349
    0.0000  -22.5000  -30.0000 2738.0420   12.2240
    7.5000  -22.5000  -30.0000 2715.6057   12.3880
   -7.5000  -15.0000  -30.0000 2757.9207   11.7568
    0.0000  -15.0000  -30.0000 2771.2832   11.6389
    7.5000  -15.0000  -30.0000 2749.1584   11.7833
   -7.5000   -7.5000  -30.0000 2781.5793   11.3762
    0.0000   -7.5000  -30.0000 2793.0312   11.2406
    7.5000   -7.5000  -30.0000 2772.3589   11.3828
   -7.5000    0.0000  -30.0000 2786.1123   11.1407
    0.0000    0.0000  -30.0000 2797.4338   11.0224
    7.5000    0.0000  -30.0000 2774.3521   11.2004
   -7.5000    7.5000  -30.0000 2791.1890   11.0961
    0.0000    7.5000  -30.0000 2799.9368   10.9923
    7.5000    7.5000  -30.0000 2775.9570   11.1706
   -7.5000   15.0000  -30.0000 2787.0588   11.2599
    0.0000   15.0000  -30.0000 2796.4910   11.1412
    7.5000   15.0000  -30.0000 2775.6233   11.3341
   -7.5000   22.5000  -30.0000 2762.6501   11.5202
    0.0000   22.5000  -30.0000 2776.9519   11.4280
    7.5000   22.5000  -30.0000 2756.0540   11.6182
   -7.5000   30.0000  -30.0000 2715.7915   11.9672
    0.0000   30.0000  -30.0000 2725.9443   11.8664
    7.5000   30.0000  -30.0000 2707.2629   12.0397
   -7.5000   37.5000  -30.0000 2649.2065   12.6049
    0.0000   37.5000  -30.0000 2653.2402   12.4963
    7.5000   37.5000  -30.0000 2634.9199   12.6762
   -7.5000   45.0000  -30.0000 2553.7427   13.5118
    0.0000   45.0000  -30.0000 2562.7551   13.4203
    7.5000   45.0000  -30.0000 2545.0774   13.5850
   -7.5000  -45.0000  -22.5000 2488.0068   15.4573
    0.0000  -45.0000  -22.5000 2505.6541   15.4313
    7.5000  -45.0000  -22.5000 2485.3308   15.5725
   -7.5000  -37.5000  -22.5000 2611.5068   14.0387
    0.0000  -37.5000  -22.5000 2631.5208   14.0117
    7.5000  -37.5000  -22.5000 2608.7307   14.1653
   -7.5000  -30.0000  -22.5000 2706.9966   12.9064
    0.0000  -30.0000  -22.5000 2725.6719   12.8433
    7.5000  -30.0000  -22.5000 2707.9468   12.9982
   -7.5000  -22.5000  -22.5000 2785.4329   12.0110
    0.0000  -22.5000  -22.5000 2803.0947   11.9367
    7.5000  -22.5000  -22.5000 2786.8892   12.0867
   -7.5000  -15.0000  -22.5000 2832.9563   11.3688
    0.0000  -15.0000  -22.5000 2846.2551   11.2824
    7.5000  -15.0000  -22.5000 2827.7239   11.4302
   -7.5000   -7.5000  -22.5000 2860.0239   10.9673
    0.0000   -7.5000  -22.5000 2873.2432   10.8553
    7.5000   -7.5000  -22.5000 2851.2656   11.0188
   -7.5000    0.0000  -22.5000 2877.4492   10.7622
    0.0000    0.0000  -22.5000 2889.5391   10.6216
    7.5000    0.0000  -22.5000 2861.9688   10.8160
   -7.5000    7.5000  -22.5000 2887.3882   10.6934
    0.0000    7.5000  -22.5000 2895.4094   10.5498
    7.5000    7.5000  -22.5000 2868.5056   10.7743
   -7.5000   15.0000  -22.5000 2882.4299   10.8201
    0.0000   15.0000  -22.5000 2895.2969   10.6863
    7.5000   15.0000  -22.5000 2871.8621   10.9137
   -7.5000   22.5000  -22.5000 2860.5408   11.0632
    0.0000   22.5000  -22.5000 2878.0444   10.9581
    7.5000   22.5000  -22.5000 2854.6204   11.1914
   -7.5000   30.0000  -22.5000 2813.9341   11.4763
    0.0000   30.0000  -22.5000 2828.1646   11.3763
    7.5000   30.0000  -22.5000 2806.5645   11.6071
   -7.5000   37.5000  -22.5000 2745.1584   12.0916
    0.0000   37.5000  -22.5000 2757.1123   11.9877
    7.5000   37.5000  -22.5000 2734.4277   12.2015
   -7.5000   45.0000  -22.5000 2650.3440   12.9860
    0.0000   45.0000  -22.5000 2664.2141   12.8864
    7.5000   45.0000  -22.5000 2640.0522   13.0988
   -7.5000  -45.0000  -15.0000 2501.3784   15.3553
    0.0000  -45.0000  -15.0000 2515.3818   15.2556
    7.5000  -45.0000  -15.0000 2500.8711   15.4403
   -7.5000  -37.5000  -15.0000 2629.9480   13.8717
    0.0000  -37.5000  -15.0000 2647.0305   13.8096
    7.5000  -37.5000  -15.0000 2628.6343   13.9671
   -7.5000  -30.0000  -15.0000 2722.9531   12.6616
    0.0000  -30.0000  -15.0000 2742.2212   12.6046
    7.5000  -30.0000  -15.0000 2722.9094   12.7490
   -7.5000  -22.5000  -15.0000 2806.4863   11.7392
    0.0000  -22.5000  -15.0000 2822.6665   11.6862
    7.5000  -22.5000  -15.0000 2802.8503   11.8006
   -7.5000  -15.0000  -15.0000 2862.8486   11.0535
    0.0000  -15.0000  -15.0000 2879.0825   10.9932
    7.5000  -15.0000  -15.0000 2856.4878   11.0937
   -7.5000   -7.5000  -15.0000 2902.3950   10.6406
    0.0000   -7.5000  -15.0000 2917.4009   10.5458
    7.5000   -7.5000  -15.0000 2894.5857   10.6689
   -7.5000    0.0000  -15.0000 2926.7354   10.4264
    0.0000    0.0000  -15.0000 2937.7937   10.3129
    7.5000    0.0000  -15.0000 2908.7769   10.4805
   -7.5000    7.5000  -15.0000 2937.4382   10.3386
    0.0000    7.5000  -15.0000 2947.7495   10.1936
    7.5000    7.5000  -15.0000 2916.7629   10.4482
   -7.5000   15.0000  -15.0000 2935.7173   10.4250
    0.0000   15.0000  -15.0000 2952.8708   10.3006
    7.5000   15.0000  -15.0000 2923.0676   10.5603
   -7.5000   22.5000  -15.0000 2917.3801   10.6452
    0.0000   22.5000  -15.0000 2940.4246   10.5624
    7.5000   22.5000  -15.0000 2904.0569   10.7925
   -7.5000   30.0000  -15.0000 2873.0552   11.0546
    0.0000   30.0000  -15.0000 2894.2354   10.9668
    7.5000   30.0000  -15.0000 2861.8979   11.1644
   -7.5000   37.5000  -15.0000 2806.1865   11.6661
    0.0000   37.5000  -15.0000 2823.5242   11.5639
    7.5000   37.5000  -15.0000 2795.1973   11.7458
   -7.5000   45.0000  -15.0000 2718.0637   12.5494
    0.0000   45.0000  -15.0000 2728.6987   12.4683
    7.5000   45.0000  -15.0000 2701.2932   12.6467
   -7.5000  -45.0000   -7.5000 2487.3955   15.2585
    0.0000  -45.0000   -7.5000 2504.4851   15.2157
    7.5000  -45.0000   -7.5000 2485.0627   15.3285
   -7.5000  -37.5000   -7.5000 2612.8208   13.7175
    0.0000  -37.5000   -7.5000 2630.9763   13.6825
    7.5000  -37.5000   -7.5000 2611.4573   13.7793
   -7.5000  -30.0000   -7.5000 2708.2209   12.4658
    0.0000  -30.0000   -7.5000 2726.7051   12.4238
    7.5000  -30.0000   -7.5000 2708.0828   12.5345
   -7.5000  -22.5000   -7.5000 2799.1997   11.4858
    0.0000  -22.5000   -7.5000 2814.2322   11.4654
    7.5000  -22.5000   -7.5000 2795.1111   11.5698
   -7.5000  -15.0000   -7.5000 2869.0283   10.7924
    0.0000  -15.0000   -7.5000 2883.6716   10.7637
    7.5000  -15.0000   -7.5000 2867.5613   10.8407
   -7.5000   -7.5000   -7.5000 2919.5229   10.4014
    0.0000   -7.5000   -7.5000 2936.8806   10.3782
    7.5000   -7.5000   -7.5000 2915.1699   10.4322
   -7.5000    0.0000   -7.5000 2953.6038   10.2648
    0.0000    0.0000   -7.5000 2971.9631   10.2457
    7.5000    0.0000   -7.5000 2941.2683   10.2454
   -7.5000    7.5000   -7.5000 2973.0200   10.1412
    0.0000    7.5000   -7.5000 2994.8057   10.1316
    7.5000    7.5000   -7.5000 2950.5073   10.2001
   -7.5000   15.0000   -7.5000 2976.8843   10.0994
    0.0000   15.0000   -7.5000 3000.3345   10.0729
    7.5000   15.0000   -7.5000 2951.1360   10.2268
   -7.5000   22.5000   -7.5000 2954.0808   10.2763
    0.0000   22.5000   -7.5000 2976.1787   10.2559
    7.5000   22.5000   -7.5000 2934.2168   10.3963
   -7.5000   30.0000   -7.5000 2906.9060   10.6770
    0.0000   30.0000   -7.5000 2931.2788   10.6163
    7.5000   30.0000   -7.5000 2890.8091   10.7609
   -7.5000   37.5000   -7.5000 2841.5330   11.2929
    0.0000   37.5000   -7.5000 2860.9468   11.2321
    7.5000   37.5000   -7.5000 2829.4651   11.3747
   -7.5000   45.0000   -7.5000 2755.1921   12.1784
    0.0000   45.0000   -7.5000 2767.6001   12.1198
    7.5000   45.0000   -7.5000 2739.0430   12.2483
   -7.5000  -45.0000    0.0000 2460.2761   15.3382
    0.0000  -45.0000    0.0000 2468.2178   15.2407
    7.5000  -45.0000    0.0000 2455.6165   15.4047
   -7.5000  -37.5000    0.0000 2578.9395   13.7042
    0.0000  -37.5000    0.0000 2588.7075   13.6433
    7.5000  -37.5000    0.0000 2577.9810   13.7944
   -7.5000  -30.0000    0.0000 2680.6704   12.4039
    0.0000  -30.0000    0.0000 2691.4209   12.3898
    7.5000  -30.0000    0.0000 2683.4695   12.5302
   -7.5000  -22.5000    0.0000 2772.2021   11.4247
    0.0000  -22.5000    0.0000 2788.5303   11.4501
    7.5000  -22.5000    0.0000 2775.7000   11.5190
   -7.5000  -15.0000    0.0000 2856.3169   10.7433
    0.0000  -15.0000    0.0000 2877.2739   10.8031
    7.5000  -15.0000    0.0000 2856.4788   10.8164
   -7.5000   -7.5000    0.0000 2919.3921   10.3258
    0.0000   -7.5000    0.0000 2945.8374   10.4153
    7.5000   -7.5000    0.0000 2916.7180   10.3659
   -7.5000    0.0000    0.0000 2971.6279   10.1733
    0.0000    0.0000    0.0000 2997.6726   10.2769
    7.5000    0.0000    0.0000 2959.7627   10.1492
   -7.5000    7.5000    0.0000 3001.7036   10.1055
    0.0000    7.5000    0.0000 3034.0447   10.2297
    7.5000    7.5000    0.0000 2977.3499   10.0852
   -7.5000   15.0000    0.0000 3003.4541   10.0185
    0.0000   15.0000    0.0000 3032.4414   10.0922
    7.5000   15.0000    0.0000 2971.5549   10.1020
   -7.5000   22.5000    0.0000 2969.5171   10.1296
    0.0000   22.5000    0.0000 2995.2393   10.1576
    7.5000   22.5000    0.0000 2949.1511   10.2319
   -7.5000   30.0000    0.0000 2922.7805   10.4717
    0.0000   30.0000    0.0000 2942.9836   10.4514
    7.5000   30.0000    0.0000 2907.6523   10.5669
   -7.5000   37.5000    0.0000 2857.5796   11.0724
    0.0000   37.5000    0.0000 2875.1226   11.0104
    7.5000   37.5000    0.0000 2847.8401   11.1561
   -7.5000   45.0000    0.0000 2774.0015   11.9350
    0.0000   45.0000    0.0000 2786.1570   11.8656
    7.5000   45.0000    0.0000 2764.4607   12.0218
   -7.5000  -45.0000    7.5000 2425.9214   15.5854
    0.0000  -45.0000    7.5000 2434.6448   15.4798
    7.5000  -45.0000    7.5000 2423.4146   15.6496
   -7.5000  -37.5000    7.5000 2542.2000   13.9362
    0.0000  -37.5000    7.5000 2545.1689   13.8808
    7.5000  -37.5000    7.5000 2540.7800   14.0392
   -7.5000  -30.0000    7.5000 2648.3784   12.6199
    0.0000  -30.0000    7.5000 2650.3884   12.6276
    7.5000  -30.0000    7.5000 2646.7100   12.7611
   -7.5000  -22.5000    7.5000 2746.6912   11.6291
    0.0000  -22.5000    7.5000 2753.4832   11.6720
    7.5000  -22.5000    7.5000 2742.8882   11.7553
   -7.5000  -15.0000    7.5000 2832.8220   10.8786
    0.0000  -15.0000    7.5000 2851.8921   10.9521
    7.5000  -15.0000    7.5000 2830.6760   10.9797
   -7.5000   -7.5000    7.5000 2908.9368   10.3467
    0.0000   -7.5000    7.5000 2937.6687   10.4407
    7.5000   -7.5000    7.5000 2908.1045   10.4231
   -7.5000    0.0000    7.5000 2977.8079   10.1126
    0.0000    0.0000    7.5000 3006.2778   10.2045
    7.5000    0.0000    7.5000 2973.3848   10.1382
   -7.5000    7.5000    7.5000 3022.8293   10.0485
    0.0000    7.5000    7.5000 3063.3125   10.1348
    7.5000    7.5000    7.5000 3002.4807   10.0551
   -7.5000   15.0000    7.5000 3018.8706   10.0309
    0.0000   15.0000    7.5000 3057.9641   10.0924
    7.5000   15.0000    7.5000 2991.4585   10.0984
   -7.5000   22.5000    7.5000 2978.7258   10.1790
    0.0000   22.5000    7.5000 3009.0566   10.2185
    7.5000   22.5000    7.5000 2958.4290   10.2617
   -7.5000   30.0000    7.5000 2930.1934   10.5199
    0.0000   30.0000    7.5000 2948.0291   10.5145
    7.5000   30.0000    7.5000 2914.6062   10.6151
   -7.5000   37.5000    7.5000 2866.6138   11.1187
    0.0000   37.5000    7.5000 2877.3357   11.0395
    7.5000   37.5000    7.5000 2852.9932   11.1899
   -7.5000   45.0000    7.5000 2781.2620   11.9316
    0.0000   45.0000    7.5000 2793.2825   11.8447
    7.5000   45.0000    7.5000 2770.6311   11.9979
   -7.5000  -45.0000   15.0000 2391.2917   16.0465
    0.0000  -45.0000   15.0000 2400.4414   15.9384
    7.5000  -45.0000   15.0000 2389.9116   16.1572
   -7.5000  -37.5000   15.0000 2503.5002   14.3564
    0.0000  -37.5000   15.0000 2507.8711   14.2894
    7.5000  -37.5000   15.0000 2500.8030   14.4789
   -7.5000  -30.0000   15.0000 2612.9041   13.0363
    0.0000  -30.0000   15.0000 2616.0327   12.9825
    7.5000  -30.0000   15.0000 2609.8135   13.1615
   -7.5000  -22.5000   15.0000 2710.6309   11.9379
    0.0000  -22.5000   15.0000 2718.8679   11.9330
    7.5000  -22.5000   15.0000 2707.7458   12.0772
   -7.5000  -15.0000   15.0000 2802.3867   11.0800
    0.0000  -15.0000   15.0000 2816.3940   11.1034
    7.5000  -15.0000   15.0000 2802.8125   11.2106
   -7.5000   -7.5000   15.0000 2888.5696   10.4843
    0.0000   -7.5000   15.0000 2909.8655   10.5363
    7.5000   -7.5000   15.0000 2886.4458   10.5824
   -7.5000    0.0000   15.0000 2961.7205   10.1852
    0.0000    0.0000   15.0000 2990.2444   10.2432
    7.5000    0.0000   15.0000 2959.5269   10.2488
   -7.5000    7.5000   15.0000 3016.8765   10.0668
    0.0000    7.5000   15.0000 3056.8003   10.1495
    7.5000    7.5000   15.0000 2999.3398   10.1294
   -7.5000   15.0000   15.0000 3011.4453   10.0343
    0.0000   15.0000   15.0000 3054.4246   10.1008
    7.5000   15.0000   15.0000 2989.6013   10.1481
   -7.5000   22.5000   15.0000 2973.0818   10.2354
    0.0000   22.5000   15.0000 3004.1948   10.2234
    7.5000   22.5000   15.0000 2954.5344   10.3381
   -7.5000   30.0000   15.0000 2922.4602   10.6496
    0.0000   30.0000   15.0000 2939.1885   10.5897
    7.5000   30.0000   15.0000 2908.9163   10.7365
   -7.5000   37.5000   15.0000 2859.0146   11.2659
    0.0000   37.5000   15.0000 2871.1355   11.1938
    7.5000   37.5000   15.0000 2847.8313   11.3371
   -7.5000   45.0000   15.0000 2778.1536   12.0916
    0.0000   45.0000   15.0000 2784.6118   12.0130
    7.5000   45.0000   15.0000 2765.3411   12.1452
   -7.5000  -45.0000   22.5000 2354.3762   16.6906
    0.0000  -45.0000   22.5000 2365.1321   16.6067
    7.5000  -45.0000   22.5000 2350.4011   16.8510
   -7.5000  -37.5000   22.5000 2464.8252   14.8790
    0.0000  -37.5000   22.5000 2470.0337   14.7928
    7.5000  -37.5000   22.5000 2462.1484   15.0642
   -7.5000  -30.0000   22.5000 2575.7913   13.4560
    0.0000  -30.0000   22.5000 2580.3105   13.3744
    7.5000  -30.0000   22.5000 2572.6953   13.6248
   -7.5000  -22.5000   22.5000 2675.5422   12.2938
    0.0000  -22.5000   22.5000 2681.6340   12.2260
    7.5000  -22.5000   22.5000 2673.2922   12.4433
   -7.5000  -15.0000   22.5000 2767.8228   11.3786
    0.0000  -15.0000   22.5000 2775.0620   11.3524
    7.5000  -15.0000   22.5000 2764.5161   11.5256
   -7.5000   -7.5000   22.5000 2856.2009   10.7301
    0.0000   -7.5000   22.5000 2869.8418   10.7290
    7.5000   -7.5000   22.5000 2851.3296   10.8680
   -7.5000    0.0000   22.5000 2932.7534   10.3807
    0.0000    0.0000   22.5000 2954.9158   10.3920
    7.5000    0.0000   22.5000 2926.4053   10.4931
   -7.5000    7.5000   22.5000 2984.9395   10.2212
    0.0000    7.5000   22.5000 3018.8491   10.2432
    7.5000    7.5000   22.5000 2971.9866   10.3272
   -7.5000   15.0000   22.5000 2977.9834   10.1698
    0.0000   15.0000   22.5000 3009.3218   10.1309
    7.5000   15.0000   22.5000 2958.5217   10.3049
   -7.5000   22.5000   22.5000 2954.7300   10.3886
    0.0000   22.5000   22.5000 2976.4905   10.3025
    7.5000   22.5000   22.5000 2939.8020   10.5092
   -7.5000   30.0000   22.5000 2908.7693   10.8494
    0.0000   30.0000   22.5000 2922.7542   10.7749
    7.5000   30.0000   22.5000 2895.7649   10.9373
   -7.5000   37.5000   22.5000 2842.0852   11.4822
    0.0000   37.5000   22.5000 2856.1226   11.4074
    7.5000   37.5000   22.5000 2829.7454   11.5505
   -7.5000   45.0000   22.5000 2756.7280   12.3259
    0.0000   45.0000   22.5000 2769.0237   12.2499
    7.5000   45.0000   22.5000 2747.4082   12.3906
   -7.5000  -45.0000   30.0000 2306.4768   17.4152
    0.0000  -45.0000   30.0000 2315.4814   17.2839
    7.5000  -45.0000   30.0000 2302.2964   17.6084
   -7.5000  -37.5000   30.0000 2420.1987   15.4782
    0.0000  -37.5000   30.0000 2427.8262   15.3358
    7.5000  -37.5000   30.0000 2416.8503   15.6865
   -7.5000  -30.0000   30.0000 2530.1501   13.9755
    0.0000  -30.0000   30.0000 2535.1548   13.8365
    7.5000  -30.0000   30.0000 2525.8638   14.1615
   -7.5000  -22.5000   30.0000 2631.5066   12.7470
    0.0000  -22.5000   30.0000 2636.0134   12.6373
    7.5000  -22.5000   30.0000 2625.9824   12.9211
   -7.5000  -15.0000   30.0000 2724.9778   11.7979
    0.0000  -15.0000   30.0000 2730.0332   11.7026
    7.5000  -15.0000   30.0000 2720.9302   11.9686
   -7.5000   -7.5000   30.0000 2817.5432   11.1178
    0.0000   -7.5000   30.0000 2827.7114   11.0380
    7.5000   -7.5000   30.0000 2811.6262   11.2748
   -7.5000    0.0000   30.0000 2893.4033   10.7332
    0.0000    0.0000   30.0000 2907.9976   10.6739
    7.5000    0.0000   30.0000 2883.1152   10.8552
   -7.5000    7.5000   30.0000 2938.9929   10.5328
    0.0000    7.5000   30.0000 2959.0271   10.4763
    7.5000    7.5000   30.0000 2924.4519   10.6647
   -7.5000   15.0000   30.0000 2936.9397   10.4943
    0.0000   15.0000   30.0000 2951.3140   10.4064
    7.5000   15.0000   30.0000 2918.4417   10.6444
   -7.5000   22.5000   30.0000 2924.2175   10.7356
    0.0000   22.5000   30.0000 2944.1055   10.6831
    7.5000   22.5000   30.0000 2906.2024   10.8687
   -7.5000   30.0000   30.0000 2883.0300   11.1919
    0.0000   30.0000   30.0000 2901.7217   11.1227
    7.5000   30.0000   30.0000 2871.4351   11.2996
   -7.5000   37.5000   30.0000 2813.9905   11.8322
    0.0000   37.5000   30.0000 2826.9395   11.7414
    7.5000   37.5000   30.0000 2801.1282   11.9180
   -7.5000   45.0000   30.0000 2724.2368   12.6568
    0.0000   45.0000   30.0000 2737.0518   12.5950
    7.5000   45.0000   30.0000 2717.1638   12.7465
   -7.5000  -45.0000   37.5000 2244.8181   18.2150
    0.0000  -45.0000   37.5000 2254.7595   18.0204
    7.5000  -45.0000   37.5000 2244.2729   18.3982
   -7.5000  -37.5000   37.5000 2369.5188   16.2102
    0.0000  -37.5000   37.5000 2374.9368   16.0093
    7.5000  -37.5000   37.5000 2361.9500   16.3981
   -7.5000  -30.0000   37.5000 2481.2424   14.6140
    0.0000  -30.0000   37.5000 2485.3533   14.4137
    7.5000  -30.0000   37.5000 2472.7141   14.8102
   -7.5000  -22.5000   37.5000 2585.6616   13.3427
    0.0000  -22.5000   37.5000 2590.7253   13.1706
    7.5000  -22.5000   37.5000 2576.9575   13.5390
   -7.5000  -15.0000   37.5000 2681.1094   12.3607
    0.0000  -15.0000   37.5000 2683.2007   12.2051
    7.5000  -15.0000   37.5000 2671.8723   12.5457
   -7.5000   -7.5000   37.5000 2770.6353   11.6587
    0.0000   -7.5000   37.5000 2778.7090   11.5491
    7.5000   -7.5000   37.5000 2762.8831   11.8416
   -7.5000    0.0000   37.5000 2840.3835   11.2119
    0.0000    0.0000   37.5000 2852.7520   11.1224
    7.5000    0.0000   37.5000 2830.9778   11.3584
   -7.5000    7.5000   37.5000 2878.4055   10.9899
    0.0000    7.5000   37.5000 2889.0923   10.8367
    7.5000    7.5000   37.5000 2865.7214   11.1406
   -7.5000   15.0000   37.5000 2885.2019   10.9581
    0.0000   15.0000   37.5000 2894.4641   10.8664
    7.5000   15.0000   37.5000 2868.0293   11.1350
   -7.5000   22.5000   37.5000 2873.4116   11.2268
    0.0000   22.5000   37.5000 2887.5388   11.1757
    7.5000   22.5000   37.5000 2856.0942   11.3872
   -7.5000   30.0000   37.5000 2836.8477   11.6722
    0.0000   30.0000   37.5000 2850.4858   11.6021
    7.5000   30.0000   37.5000 2820.9680   11.7864
   -7.5000   37.5000   37.5000 2771.7424   12.3089
    0.0000   37.5000   37.5000 2781.7383   12.2196
    7.5000   37.5000   37.5000 2756.5610   12.4064
   -7.5000   45.0000   37.5000 2686.5049   13.1294
    0.0000   45.0000   37.5000 2693.6711   13.0392
    7.5000   45.0000   37.5000 2674.9917   13.2284
   -7.5000  -45.0000   45.0000 2188.5562   19.1672
    0.0000  -45.0000   45.0000 2199.6672   18.9703
    7.5000  -45.0000   45.0000 2183.2515   19.3705
   -7.5000  -37.5000   45.0000 2317.7236   17.0903
    0.0000  -37.5000   45.0000 2326.0315   16.8472
    7.5000  -37.5000   45.0000 2304.8225   17.2470
   -7.5000  -30.0000   45.0000 2428.9690   15.3932
    0.0000  -30.0000   45.0000 2434.4822   15.1841
    7.5000  -30.0000   45.0000 2415.9431   15.6201
   -7.5000  -22.5000   45.0000 2537.0154   14.1037
    0.0000  -22.5000   45.0000 2539.3750   13.9083
    7.5000  -22.5000   45.0000 2524.1155   14.3077
   -7.5000  -15.0000   45.0000 2628.3506   13.0956
    0.0000  -15.0000   45.0000 2630.7114   12.9137
    7.5000  -15.0000   45.0000 2617.5769   13.2841
   -7.5000   -7.5000   45.0000 2711.6697   12.3401
    0.0000   -7.5000   45.0000 2723.0078   12.2056
    7.5000   -7.5000   45.0000 2701.6907   12.5152
   -7.5000    0.0000   45.0000 2777.7935   11.8287
    0.0000    0.0000   45.0000 2787.1306   11.7039
    7.5000    0.0000   45.0000 2767.5767   11.9880
   -7.5000    7.5000   45.0000 2806.8606   11.5701
    0.0000    7.5000   45.0000 2817.0569   11.4145
    7.5000    7.5000   45.0000 2797.1216   11.7453
   -7.5000   15.0000   45.0000 2818.5557   11.5937
    0.0000   15.0000   45.0000 2826.3276   11.4824
    7.5000   15.0000   45.0000 2803.8074   11.7711
   -7.5000   22.5000   45.0000 2810.9604   11.8610
    0.0000   22.5000   45.0000 2823.7405   11.7775
    7.5000   22.5000   45.0000 2792.1665   12.0259
   -7.5000   30.0000   45.0000 2772.5735   12.2812
    0.0000   30.0000   45.0000 2786.2678   12.1951
    7.5000   30.0000   45.0000 2758.2551   12.3985
   -7.5000   37.5000   45.0000 2715.9690   12.8842
    0.0000   37.5000   45.0000 2716.9814   12.8049
    7.5000   37.5000   45.0000 2697.2368   12.9774
   -7.5000   45.0000   45.0000 2631.0283   13.6997
    0.0000   45.0000   45.0000 2635.4778   13.6156
    7.5000   45.0000   45.0000 2617.3765   13.7928

---------------------------------------------------------------------
imgreg_4dfp /opt/freesurfer/average/711-2C_as_mni_average_305 /opt/freesurfer/average/711-2B_as_mni_average_305_mask talsrcimg_g11 none talsrcimg_to_711-2C_as_mni_average_305_t4 1283
---------------------------------------------------------------------

freesurfer imgreg_4dfp.c
/opt/freesurfer/average/711-2C_as_mni_average_305.4dfp.img
       256       256       256         1
  1.000000  1.000000  1.000000
orientation T byte_order littleendian
Reading image: /opt/freesurfer/average/711-2C_as_mni_average_305.4dfp.img
dimensions:      256       256       256
mmppix:       1.0000   -1.0000   -1.0000
center:     128.0000 -129.0000 -129.0000
/opt/freesurfer/average/711-2B_as_mni_average_305_mask.4dfp.img
       256       256       256         1
  1.000000  1.000000  1.000000
orientation T byte_order littleendian
Reading mask: /opt/freesurfer/average/711-2B_as_mni_average_305_mask.4dfp.img (2306576 pixels)
talsrcimg_g11.4dfp.img
       256       256       256         1
  1.000000  1.000000  1.000000
orientation T byte_order littleendian
Reading image: talsrcimg_g11.4dfp.img
dimensions:      256       256       256
mmppix:       1.0000   -1.0000   -1.0000
center:     128.0000 -129.0000 -129.0000
rotation matrix determinant  1.000000
fimgreg.f
image alignment mode   1283 decimal      503 hex
parameters
    0.0000    7.5000    7.5000    0.0000    0.0000    0.0000
eta,q 0.95795 10.16895
niter,ni,del,rscale     5    3   12.0000    1.2000
parameter  2 -0.730123 -> -0.500000 qaram    1.1500
parameter  4 33.424965 ->  0.500000 qaram    1.1500
parameters
   -0.8909   10.9500    9.1217   -3.4500   -0.4582    1.4555
eta,q 0.96845 10.09783
  0.0483  0.0516  0.0445  0.0291  0.0380  0.0388
  0.0421  0.0459  0.0419  0.0314  0.0345  0.0359
  0.0396  0.0419  0.0394  0.0340  0.0328  0.0338
  0.0405  0.0398  0.0377  0.0374  0.0321  0.0320
  0.0430  0.0383  0.0374  0.0403  0.0333  0.0316
  0.0471  0.0372  0.0384  0.0428  0.0362  0.0325
  0.0538  0.0372  0.0401  0.0456  0.0399  0.0347
niter,ni,del,rscale     6    3   12.0000    1.2000
parameter  4  1.708295 ->  0.500000 qaram    1.3225
parameters
   -1.0664   11.8140    8.7008   -7.4175   -0.3495    1.0476
eta,q 0.97326 10.12693
  0.0465  0.0452  0.0354  0.0251  0.0348  0.0320
  0.0387  0.0390  0.0329  0.0261  0.0306  0.0287
  0.0332  0.0345  0.0317  0.0287  0.0280  0.0271
  0.0316  0.0315  0.0312  0.0312  0.0268  0.0268
  0.0345  0.0316  0.0318  0.0346  0.0274  0.0278
  0.0404  0.0347  0.0336  0.0386  0.0300  0.0301
  0.0477  0.0404  0.0372  0.0427  0.0345  0.0333
niter,ni,del,rscale     6    3   12.0000    1.2000
parameters
   -1.0568   12.2361    7.6652  -11.2964   -0.3038    1.1266
eta,q 0.97579 10.23424
  0.0449  0.0426  0.0306  0.0275  0.0338  0.0321
  0.0349  0.0346  0.0283  0.0246  0.0290  0.0274
  0.0283  0.0290  0.0272  0.0244  0.0260  0.0245
  0.0267  0.0267  0.0267  0.0268  0.0242  0.0242
  0.0297  0.0279  0.0278  0.0301  0.0250  0.0254
  0.0360  0.0321  0.0308  0.0331  0.0292  0.0277
  0.0436  0.0392  0.0358  0.0375  0.0335  0.0309
niter,ni,del,rscale     5    3   12.0000    1.2000
parameters
   -1.0651   12.5710    6.6069  -11.3209   -0.3623    1.2070
eta,q 0.97613 10.22405
  0.0440  0.0421  0.0288  0.0325  0.0331  0.0311
  0.0348  0.0335  0.0260  0.0286  0.0282  0.0269
  0.0272  0.0277  0.0241  0.0250  0.0252  0.0243
  0.0242  0.0242  0.0239  0.0239  0.0238  0.0239
  0.0271  0.0252  0.0254  0.0259  0.0251  0.0249
  0.0345  0.0320  0.0294  0.0292  0.0289  0.0271
  0.0443  0.0391  0.0349  0.0320  0.0332  0.0302
niter,ni,del,rscale     4    3   12.0000    1.2000
parameters
   -1.0973   12.5725    6.4646  -11.3920   -0.3489    1.2146
eta,q 0.97613 10.22642
  0.0435  0.0399  0.0305  0.0323  0.0334  0.0309
  0.0342  0.0317  0.0274  0.0285  0.0283  0.0267
  0.0267  0.0266  0.0249  0.0250  0.0252  0.0243
  0.0239  0.0239  0.0239  0.0239  0.0239  0.0239
  0.0269  0.0261  0.0244  0.0259  0.0250  0.0249
  0.0342  0.0328  0.0270  0.0292  0.0287  0.0271
  0.0441  0.0393  0.0320  0.0320  0.0331  0.0303
niter,ni,del,rscale     3    3   12.0000    1.2000
parameters
   -1.1054   12.5665    6.4269  -11.4208   -0.3411    1.2159
eta,q 0.97613 10.22771
  0.0436  0.0399  0.0307  0.0324  0.0334  0.0309
  0.0343  0.0316  0.0276  0.0286  0.0283  0.0267
  0.0268  0.0265  0.0250  0.0251  0.0252  0.0243
  0.0239  0.0239  0.0239  0.0239  0.0239  0.0239
  0.0268  0.0262  0.0244  0.0258  0.0250  0.0249
  0.0341  0.0328  0.0268  0.0291  0.0287  0.0271
  0.0439  0.0392  0.0317  0.0320  0.0331  0.0304
registration optimization eta report
parameter search radius
    6.0000    6.9000    6.0000    7.9350    6.0000    6.0000
100000*second partial in parameter space
       54.       32.       20.       13.       26.       19.
  0.0436  0.0399  0.0307  0.0324  0.0334  0.0309
  0.0343  0.0316  0.0276  0.0286  0.0283  0.0267
  0.0268  0.0265  0.0250  0.0251  0.0252  0.0243
  0.0239  0.0239  0.0239  0.0239  0.0239  0.0239
  0.0268  0.0262  0.0244  0.0258  0.0250  0.0249
  0.0341  0.0328  0.0268  0.0291  0.0287  0.0271
  0.0439  0.0392  0.0317  0.0320  0.0331  0.0304
   -1.1054   12.5665    6.4269  -11.4208   -0.3411    1.2159
eta,q 0.97613 10.22771

---------------------------------------------------------------------
imgreg_4dfp /opt/freesurfer/average/711-2C_as_mni_average_305 /opt/freesurfer/average/711-2B_as_mni_average_305_mask talsrcimg_g11 none talsrcimg_to_711-2C_as_mni_average_305_t4 3335
---------------------------------------------------------------------

freesurfer imgreg_4dfp.c
/opt/freesurfer/average/711-2C_as_mni_average_305.4dfp.img
       256       256       256         1
  1.000000  1.000000  1.000000
orientation T byte_order littleendian
Reading image: /opt/freesurfer/average/711-2C_as_mni_average_305.4dfp.img
dimensions:      256       256       256
mmppix:       1.0000   -1.0000   -1.0000
center:     128.0000 -129.0000 -129.0000
/opt/freesurfer/average/711-2B_as_mni_average_305_mask.4dfp.img
       256       256       256         1
  1.000000  1.000000  1.000000
orientation T byte_order littleendian
Reading mask: /opt/freesurfer/average/711-2B_as_mni_average_305_mask.4dfp.img (2306576 pixels)
talsrcimg_g11.4dfp.img
       256       256       256         1
  1.000000  1.000000  1.000000
orientation T byte_order littleendian
Reading image: talsrcimg_g11.4dfp.img
dimensions:      256       256       256
mmppix:       1.0000   -1.0000   -1.0000
center:     128.0000 -129.0000 -129.0000
fimgreg.f
image alignment mode   3335 decimal      D07 hex
parameters
   -1.1054   12.5665    6.4269   -0.0243   -2.0047   -1.9818
   -2.1978    0.1633    2.1219   19.8093   -0.5954  -19.8010
eta,q 0.97602 10.25744
niter,ni,del,rscale     5    3    5.0000    1.2000
parameter  6 -0.920838 -> -0.500000 qaram    1.1500
parameters
   -1.1039   12.4091    6.8229   -2.6801   -1.9176    2.1582
   -2.1992    0.0322    2.0311   21.7362   -3.3350  -22.9817
eta,q 0.97756 10.35228
  0.0273  0.0262  0.0257  0.0246  0.0269  0.0284  0.0256  0.0262  0.0249  0.0264  0.0229  0.0229
  0.0255  0.0249  0.0249  0.0242  0.0255  0.0268  0.0243  0.0244  0.0239  0.0249  0.0227  0.0225
  0.0243  0.0241  0.0243  0.0239  0.0244  0.0253  0.0233  0.0233  0.0232  0.0237  0.0227  0.0225
  0.0240  0.0240  0.0240  0.0239  0.0240  0.0240  0.0230  0.0230  0.0230  0.0230  0.0228  0.0227
  0.0244  0.0244  0.0240  0.0249  0.0242  0.0232  0.0233  0.0234  0.0232  0.0228  0.0230  0.0232
  0.0255  0.0254  0.0243  0.0269  0.0253  0.0229  0.0242  0.0246  0.0239  0.0232  0.0234  0.0239
  0.0273  0.0268  0.0248  0.0298  0.0269  0.0227  0.0257  0.0265  0.0250  0.0241  0.0240  0.0249
niter,ni,del,rscale     5    3    5.0000    1.2000
parameter  6 -0.530187 -> -0.500000 qaram    1.3225
parameters
   -1.0799   12.4513    6.7378   -3.6204   -2.6644    6.9192
   -2.2019    0.3173    2.0656   24.0787   -2.8886  -24.1468
eta,q 0.97862 10.50321
  0.0255  0.0252  0.0235  0.0239  0.0251  0.0265  0.0246  0.0260  0.0238  0.0260  0.0224  0.0225
  0.0239  0.0237  0.0229  0.0232  0.0238  0.0246  0.0231  0.0234  0.0228  0.0241  0.0219  0.0217
  0.0228  0.0228  0.0225  0.0228  0.0228  0.0231  0.0222  0.0221  0.0221  0.0227  0.0216  0.0214
  0.0224  0.0224  0.0224  0.0224  0.0226  0.0226  0.0218  0.0218  0.0218  0.0218  0.0215  0.0215
  0.0227  0.0227  0.0226  0.0224  0.0231  0.0222  0.0221  0.0222  0.0220  0.0215  0.0215  0.0218
  0.0237  0.0236  0.0230  0.0235  0.0245  0.0217  0.0231  0.0232  0.0227  0.0218  0.0218  0.0224
  0.0255  0.0250  0.0237  0.0259  0.0266  0.0223  0.0247  0.0251  0.0238  0.0228  0.0222  0.0233
niter,ni,del,rscale     5    3    5.0000    1.2000
parameters
   -1.0837   12.4631    6.6804   -3.1763   -3.5006    5.4194
   -2.0205    0.1045    2.2276   24.2252   -2.6656  -24.6655
eta,q 0.97839 10.45957
  0.0244  0.0241  0.0230  0.0237  0.0240  0.0245  0.0246  0.0251  0.0236  0.0241  0.0225  0.0229
  0.0227  0.0226  0.0221  0.0227  0.0226  0.0231  0.0231  0.0229  0.0226  0.0228  0.0220  0.0221
  0.0217  0.0217  0.0215  0.0220  0.0216  0.0222  0.0221  0.0218  0.0219  0.0220  0.0217  0.0217
  0.0214  0.0214  0.0214  0.0214  0.0213  0.0212  0.0217  0.0216  0.0216  0.0216  0.0216  0.0216
  0.0217  0.0217  0.0216  0.0209  0.0219  0.0216  0.0219  0.0222  0.0218  0.0218  0.0217  0.0219
  0.0227  0.0226  0.0223  0.0216  0.0235  0.0245  0.0228  0.0233  0.0225  0.0225  0.0220  0.0224
  0.0245  0.0240  0.0231  0.0238  0.0260  0.0293  0.0244  0.0253  0.0235  0.0240  0.0224  0.0232
niter,ni,del,rscale     4    3    5.0000    1.2000
parameters
   -1.1045   12.6166    6.4740   -3.1352   -3.5635    5.1016
   -2.0518    0.0712    2.2417   24.5441   -2.5242  -25.0541
eta,q 0.97834 10.45906
  0.0246  0.0245  0.0228  0.0236  0.0249  0.0254  0.0245  0.0252  0.0236  0.0241  0.0225  0.0230
  0.0230  0.0230  0.0221  0.0228  0.0233  0.0235  0.0230  0.0230  0.0226  0.0229  0.0221  0.0222
  0.0220  0.0220  0.0217  0.0222  0.0221  0.0226  0.0221  0.0219  0.0220  0.0221  0.0218  0.0217
  0.0216  0.0216  0.0216  0.0216  0.0216  0.0216  0.0217  0.0217  0.0217  0.0217  0.0217  0.0217
  0.0219  0.0218  0.0219  0.0213  0.0219  0.0212  0.0220  0.0221  0.0219  0.0218  0.0218  0.0219
  0.0230  0.0226  0.0224  0.0221  0.0231  0.0228  0.0230  0.0232  0.0226  0.0225  0.0220  0.0224
  0.0247  0.0238  0.0232  0.0243  0.0253  0.0273  0.0246  0.0251  0.0236  0.0239  0.0224  0.0232
niter,ni,del,rscale     3    3    5.0000    1.2000
parameters
   -1.1192   12.6632    6.3592   -3.1433   -3.6435    5.0722
   -2.0395    0.0415    2.2598   24.7361   -2.4186  -25.2803
eta,q 0.97834 10.46116
  0.0246  0.0243  0.0229  0.0237  0.0250  0.0256  0.0245  0.0252  0.0235  0.0240  0.0225  0.0230
  0.0230  0.0229  0.0222  0.0228  0.0234  0.0237  0.0230  0.0230  0.0226  0.0228  0.0220  0.0222
  0.0220  0.0220  0.0218  0.0222  0.0222  0.0227  0.0221  0.0219  0.0220  0.0221  0.0217  0.0218
  0.0217  0.0217  0.0217  0.0217  0.0217  0.0217  0.0217  0.0217  0.0217  0.0217  0.0217  0.0217
  0.0220  0.0219  0.0219  0.0213  0.0220  0.0212  0.0220  0.0221  0.0219  0.0218  0.0218  0.0219
  0.0230  0.0228  0.0224  0.0221  0.0232  0.0226  0.0230  0.0232  0.0226  0.0225  0.0220  0.0224
  0.0248  0.0241  0.0232  0.0244  0.0254  0.0269  0.0245  0.0251  0.0236  0.0240  0.0224  0.0232
niter,ni,del,rscale     2    3    5.0000    1.2000
parameters
   -1.1294   12.6879    6.3121   -3.1343   -3.7147    5.0691
   -2.0338    0.0208    2.2681   24.8319   -2.3773  -25.4044
eta,q 0.97835 10.46206
  0.0246  0.0242  0.0230  0.0237  0.0250  0.0257  0.0245  0.0252  0.0235  0.0240  0.0225  0.0231
  0.0230  0.0228  0.0222  0.0228  0.0234  0.0237  0.0230  0.0230  0.0226  0.0228  0.0220  0.0223
  0.0220  0.0220  0.0218  0.0222  0.0222  0.0227  0.0220  0.0219  0.0219  0.0220  0.0217  0.0218
  0.0217  0.0217  0.0217  0.0217  0.0217  0.0217  0.0217  0.0217  0.0217  0.0217  0.0217  0.0217
  0.0220  0.0219  0.0218  0.0213  0.0220  0.0211  0.0220  0.0221  0.0219  0.0218  0.0218  0.0219
  0.0230  0.0228  0.0223  0.0221  0.0232  0.0226  0.0230  0.0232  0.0225  0.0225  0.0220  0.0224
  0.0247  0.0241  0.0231  0.0244  0.0254  0.0269  0.0245  0.0251  0.0236  0.0240  0.0224  0.0231
niter,ni,del,rscale     1    3    5.0000    1.2000
parameters
   -1.1340   12.7029    6.2877   -3.1330   -3.7555    5.0617
   -2.0267    0.0122    2.2750   24.8918   -2.3489  -25.4701
eta,q 0.97835 10.46225
  0.0247  0.0242  0.0230  0.0237  0.0250  0.0257  0.0245  0.0252  0.0235  0.0239  0.0225  0.0231
  0.0230  0.0228  0.0222  0.0228  0.0234  0.0237  0.0230  0.0230  0.0226  0.0228  0.0220  0.0223
  0.0220  0.0220  0.0218  0.0222  0.0222  0.0227  0.0220  0.0219  0.0219  0.0220  0.0217  0.0218
  0.0217  0.0217  0.0217  0.0217  0.0217  0.0217  0.0217  0.0217  0.0217  0.0217  0.0217  0.0217
  0.0220  0.0219  0.0218  0.0213  0.0220  0.0212  0.0220  0.0221  0.0219  0.0218  0.0217  0.0219
  0.0230  0.0228  0.0223  0.0221  0.0232  0.0226  0.0230  0.0232  0.0225  0.0225  0.0220  0.0224
  0.0247  0.0241  0.0231  0.0244  0.0254  0.0270  0.0245  0.0251  0.0235  0.0241  0.0224  0.0231
registration optimization eta report
parameter search radius
    2.4000    2.4000    2.4000    7.2000    7.2000    9.5220
    7.2000    7.2000    7.2000    7.2000    7.2000    7.2000
100000*second partial in parameter space
       53.       43.       24.        5.        7.        5.
        5.        7.        4.        5.        2.        3.
  0.0247  0.0242  0.0230  0.0237  0.0250  0.0257  0.0245  0.0252  0.0235  0.0239  0.0225  0.0231
  0.0230  0.0228  0.0222  0.0228  0.0234  0.0237  0.0230  0.0230  0.0226  0.0228  0.0220  0.0223
  0.0220  0.0220  0.0218  0.0222  0.0222  0.0227  0.0220  0.0219  0.0219  0.0220  0.0217  0.0218
  0.0217  0.0217  0.0217  0.0217  0.0217  0.0217  0.0217  0.0217  0.0217  0.0217  0.0217  0.0217
  0.0220  0.0219  0.0218  0.0213  0.0220  0.0212  0.0220  0.0221  0.0219  0.0218  0.0217  0.0219
  0.0230  0.0228  0.0223  0.0221  0.0232  0.0226  0.0230  0.0232  0.0225  0.0225  0.0220  0.0224
  0.0247  0.0241  0.0231  0.0244  0.0254  0.0270  0.0245  0.0251  0.0235  0.0241  0.0224  0.0231
   -1.1340   12.7029    6.2877   -3.1330   -3.7555    5.0617
   -2.0267    0.0122    2.2750   24.8918   -2.3489  -25.4701
eta,q 0.97835 10.46225

---------------------------------------------------------------------
imgreg_4dfp /opt/freesurfer/average/711-2C_as_mni_average_305 /opt/freesurfer/average/711-2B_as_mni_average_305_mask talsrcimg_g11 none talsrcimg_to_711-2C_as_mni_average_305_t4 2311
---------------------------------------------------------------------

freesurfer imgreg_4dfp.c
/opt/freesurfer/average/711-2C_as_mni_average_305.4dfp.img
       256       256       256         1
  1.000000  1.000000  1.000000
orientation T byte_order littleendian
Reading image: /opt/freesurfer/average/711-2C_as_mni_average_305.4dfp.img
dimensions:      256       256       256
mmppix:       1.0000   -1.0000   -1.0000
center:     128.0000 -129.0000 -129.0000
/opt/freesurfer/average/711-2B_as_mni_average_305_mask.4dfp.img
       256       256       256         1
  1.000000  1.000000  1.000000
orientation T byte_order littleendian
Reading mask: /opt/freesurfer/average/711-2B_as_mni_average_305_mask.4dfp.img (2306576 pixels)
talsrcimg_g11.4dfp.img
       256       256       256         1
  1.000000  1.000000  1.000000
orientation T byte_order littleendian
Reading image: talsrcimg_g11.4dfp.img
dimensions:      256       256       256
mmppix:       1.0000   -1.0000   -1.0000
center:     128.0000 -129.0000 -129.0000
fimgreg.f
image alignment mode   2311 decimal      907 hex
parameters
   -1.1340   12.7029    6.2877   -3.1330   -3.7555    5.0617
   -2.0267    0.0122    2.2750   24.8918   -2.3489  -25.4701
eta,q 0.97835 10.46225
niter,ni,del,rscale     5    3    5.0000    0.8000
parameter  6 -0.574455 -> -0.500000 qaram    1.1500
parameters
   -1.1172   12.7129    6.2764   -1.7360   -3.6586    7.8217
   -2.2416    0.2702    2.2878   25.1344   -1.9472  -25.3929
eta,q 0.97916 10.57989
  0.0230  0.0228  0.0223  0.0228  0.0231  0.0230  0.0222  0.0235  0.0218  0.0224  0.0216  0.0218
  0.0223  0.0222  0.0219  0.0224  0.0222  0.0225  0.0215  0.0221  0.0213  0.0216  0.0212  0.0213
  0.0218  0.0218  0.0217  0.0220  0.0216  0.0220  0.0210  0.0212  0.0210  0.0211  0.0209  0.0210
  0.0217  0.0217  0.0217  0.0217  0.0214  0.0214  0.0208  0.0208  0.0208  0.0208  0.0208  0.0208
  0.0218  0.0218  0.0217  0.0214  0.0215  0.0209  0.0211  0.0211  0.0209  0.0209  0.0209  0.0209
  0.0222  0.0222  0.0219  0.0214  0.0221  0.0209  0.0216  0.0218  0.0213  0.0214  0.0211  0.0212
  0.0230  0.0228  0.0223  0.0221  0.0230  0.0214  0.0225  0.0229  0.0218  0.0222  0.0214  0.0217
niter,ni,del,rscale     5    3    5.0000    0.8000
parameters
   -1.1221   12.5599    6.5086   -2.1660   -3.8591    6.9857
   -2.0545    0.0300    2.3691   25.0213   -2.1187  -25.3198
eta,q 0.97909 10.54228
  0.0225  0.0218  0.0220  0.0221  0.0225  0.0226  0.0224  0.0227  0.0219  0.0222  0.0214  0.0217
  0.0216  0.0212  0.0214  0.0216  0.0217  0.0219  0.0217  0.0216  0.0214  0.0215  0.0211  0.0213
  0.0210  0.0209  0.0210  0.0212  0.0211  0.0212  0.0211  0.0210  0.0211  0.0211  0.0209  0.0210
  0.0208  0.0208  0.0208  0.0208  0.0209  0.0209  0.0209  0.0209  0.0209  0.0209  0.0209  0.0209
  0.0210  0.0211  0.0209  0.0209  0.0211  0.0212  0.0210  0.0212  0.0210  0.0211  0.0210  0.0210
  0.0216  0.0215  0.0211  0.0216  0.0218  0.0224  0.0215  0.0220  0.0213  0.0215  0.0212  0.0213
  0.0226  0.0223  0.0215  0.0231  0.0229  0.0248  0.0222  0.0231  0.0218  0.0223  0.0215  0.0217
niter,ni,del,rscale     4    3    5.0000    0.7000
parameters
   -1.1189   12.6105    6.4281   -1.8703   -3.7604    7.0087
   -2.1410    0.0959    2.3687   25.0931   -2.0824  -25.3565
eta,q 0.97915 10.55578
  0.0221  0.0219  0.0215  0.0220  0.0223  0.0225  0.0219  0.0225  0.0216  0.0219  0.0213  0.0215
  0.0215  0.0214  0.0212  0.0216  0.0216  0.0219  0.0213  0.0216  0.0212  0.0213  0.0210  0.0211
  0.0210  0.0210  0.0210  0.0213  0.0211  0.0213  0.0210  0.0210  0.0210  0.0210  0.0209  0.0209
  0.0209  0.0209  0.0209  0.0209  0.0209  0.0208  0.0208  0.0208  0.0208  0.0208  0.0209  0.0208
  0.0210  0.0210  0.0210  0.0208  0.0210  0.0209  0.0210  0.0210  0.0209  0.0209  0.0209  0.0209
  0.0214  0.0213  0.0213  0.0211  0.0214  0.0215  0.0214  0.0216  0.0212  0.0213  0.0210  0.0212
  0.0221  0.0218  0.0217  0.0220  0.0222  0.0229  0.0220  0.0224  0.0216  0.0219  0.0213  0.0215
niter,ni,del,rscale     3    3    5.0000    0.6000
parameters
   -1.1231   12.6040    6.4072   -1.6445   -3.7588    7.2152
   -2.1667    0.1132    2.3633   25.0955   -2.0004  -25.3594
eta,q 0.97921 10.56656
  0.0218  0.0215  0.0213  0.0218  0.0218  0.0222  0.0216  0.0221  0.0213  0.0216  0.0212  0.0213
  0.0213  0.0212  0.0211  0.0214  0.0213  0.0217  0.0212  0.0213  0.0211  0.0212  0.0209  0.0210
  0.0209  0.0209  0.0209  0.0211  0.0210  0.0212  0.0209  0.0209  0.0209  0.0209  0.0208  0.0208
  0.0208  0.0208  0.0208  0.0208  0.0208  0.0208  0.0208  0.0208  0.0208  0.0208  0.0208  0.0208
  0.0209  0.0209  0.0209  0.0208  0.0209  0.0209  0.0209  0.0209  0.0209  0.0209  0.0208  0.0209
  0.0213  0.0212  0.0211  0.0211  0.0213  0.0213  0.0212  0.0214  0.0210  0.0211  0.0209  0.0210
  0.0218  0.0215  0.0214  0.0218  0.0219  0.0222  0.0217  0.0220  0.0214  0.0216  0.0211  0.0213
niter,ni,del,rscale     2    3    5.0000    0.5000
parameters
   -1.1267   12.5917    6.4208   -1.4623   -3.7785    7.3867
   -2.1905    0.1236    2.3796   25.0741   -1.9549  -25.3256
eta,q 0.97923 10.57367
  0.0215  0.0213  0.0212  0.0215  0.0215  0.0219  0.0214  0.0217  0.0212  0.0213  0.0210  0.0211
  0.0211  0.0210  0.0210  0.0212  0.0211  0.0214  0.0210  0.0212  0.0210  0.0210  0.0209  0.0209
  0.0209  0.0208  0.0208  0.0210  0.0209  0.0210  0.0208  0.0209  0.0208  0.0208  0.0208  0.0208
  0.0208  0.0208  0.0208  0.0208  0.0208  0.0208  0.0208  0.0208  0.0208  0.0208  0.0208  0.0208
  0.0209  0.0209  0.0208  0.0208  0.0209  0.0208  0.0208  0.0209  0.0208  0.0208  0.0208  0.0208
  0.0211  0.0210  0.0210  0.0210  0.0211  0.0212  0.0210  0.0212  0.0209  0.0210  0.0209  0.0209
  0.0215  0.0213  0.0211  0.0215  0.0215  0.0218  0.0214  0.0217  0.0212  0.0213  0.0210  0.0211
niter,ni,del,rscale     1    3    5.0000    0.4000
parameters
   -1.1317   12.5802    6.4384   -1.3001   -3.7950    7.4862
   -2.2123    0.1337    2.3859   25.0403   -1.8916  -25.2970
eta,q 0.97924 10.57871
  0.0212  0.0211  0.0210  0.0213  0.0212  0.0215  0.0211  0.0214  0.0210  0.0211  0.0209  0.0210
  0.0210  0.0209  0.0209  0.0211  0.0210  0.0212  0.0209  0.0210  0.0209  0.0209  0.0208  0.0209
  0.0208  0.0208  0.0208  0.0209  0.0208  0.0209  0.0208  0.0208  0.0208  0.0208  0.0208  0.0208
  0.0208  0.0208  0.0208  0.0208  0.0207  0.0208  0.0208  0.0208  0.0208  0.0208  0.0208  0.0208
  0.0208  0.0208  0.0208  0.0208  0.0208  0.0208  0.0208  0.0208  0.0208  0.0208  0.0208  0.0208
  0.0210  0.0209  0.0209  0.0209  0.0210  0.0210  0.0209  0.0210  0.0209  0.0209  0.0208  0.0209
  0.0212  0.0211  0.0210  0.0212  0.0212  0.0215  0.0212  0.0214  0.0210  0.0211  0.0209  0.0210
registration optimization eta report
parameter search radius
    0.8000    0.8000    0.8000    2.4000    2.4000    2.7600
    2.4000    2.4000    2.4000    2.4000    2.4000    2.4000
100000*second partial in parameter space
       69.       49.       37.        9.        8.       10.
        7.       11.        5.        6.        3.        4.
  0.0212  0.0211  0.0210  0.0213  0.0212  0.0215  0.0211  0.0214  0.0210  0.0211  0.0209  0.0210
  0.0210  0.0209  0.0209  0.0211  0.0210  0.0212  0.0209  0.0210  0.0209  0.0209  0.0208  0.0209
  0.0208  0.0208  0.0208  0.0209  0.0208  0.0209  0.0208  0.0208  0.0208  0.0208  0.0208  0.0208
  0.0208  0.0208  0.0208  0.0208  0.0207  0.0208  0.0208  0.0208  0.0208  0.0208  0.0208  0.0208
  0.0208  0.0208  0.0208  0.0208  0.0208  0.0208  0.0208  0.0208  0.0208  0.0208  0.0208  0.0208
  0.0210  0.0209  0.0209  0.0209  0.0210  0.0210  0.0209  0.0210  0.0209  0.0209  0.0208  0.0209
  0.0212  0.0211  0.0210  0.0212  0.0212  0.0215  0.0212  0.0214  0.0210  0.0211  0.0209  0.0210
   -1.1317   12.5802    6.4384   -1.3001   -3.7950    7.4862
   -2.2123    0.1337    2.3859   25.0403   -1.8916  -25.2970
eta,q 0.97924 10.57871

---------------------------------------------------------------------
imgreg_4dfp /opt/freesurfer/average/711-2C_as_mni_average_305 /opt/freesurfer/average/711-2B_as_mni_average_305_mask talsrcimg_g11 none talsrcimg_to_711-2C_as_mni_average_305_t4 2311
---------------------------------------------------------------------

freesurfer imgreg_4dfp.c
/opt/freesurfer/average/711-2C_as_mni_average_305.4dfp.img
       256       256       256         1
  1.000000  1.000000  1.000000
orientation T byte_order littleendian
Reading image: /opt/freesurfer/average/711-2C_as_mni_average_305.4dfp.img
dimensions:      256       256       256
mmppix:       1.0000   -1.0000   -1.0000
center:     128.0000 -129.0000 -129.0000
/opt/freesurfer/average/711-2B_as_mni_average_305_mask.4dfp.img
       256       256       256         1
  1.000000  1.000000  1.000000
orientation T byte_order littleendian
Reading mask: /opt/freesurfer/average/711-2B_as_mni_average_305_mask.4dfp.img (2306576 pixels)
talsrcimg_g11.4dfp.img
       256       256       256         1
  1.000000  1.000000  1.000000
orientation T byte_order littleendian
Reading image: talsrcimg_g11.4dfp.img
dimensions:      256       256       256
mmppix:       1.0000   -1.0000   -1.0000
center:     128.0000 -129.0000 -129.0000
fimgreg.f
image alignment mode   2311 decimal      907 hex
parameters
   -1.1317   12.5802    6.4384   -1.3001   -3.7950    7.4862
   -2.2123    0.1337    2.3859   25.0403   -1.8916  -25.2970
eta,q 0.97924 10.57870
niter,ni,del,rscale     5    3    5.0000    0.8000
parameters
   -1.1427   12.5614    6.4710   -2.0303   -3.8142    7.1321
   -2.0950    0.0520    2.3745   24.9933   -2.0626  -25.3025
eta,q 0.97914 10.55068
  0.0225  0.0220  0.0217  0.0219  0.0226  0.0224  0.0224  0.0229  0.0218  0.0222  0.0214  0.0217
  0.0215  0.0213  0.0212  0.0215  0.0217  0.0218  0.0216  0.0217  0.0213  0.0215  0.0211  0.0212
  0.0210  0.0209  0.0209  0.0210  0.0211  0.0211  0.0211  0.0210  0.0210  0.0210  0.0209  0.0210
  0.0208  0.0208  0.0208  0.0208  0.0208  0.0208  0.0209  0.0209  0.0209  0.0209  0.0209  0.0209
  0.0210  0.0209  0.0209  0.0210  0.0210  0.0210  0.0210  0.0212  0.0210  0.0210  0.0210  0.0210
  0.0216  0.0213  0.0212  0.0219  0.0216  0.0218  0.0215  0.0219  0.0213  0.0215  0.0211  0.0213
  0.0226  0.0220  0.0216  0.0235  0.0227  0.0234  0.0223  0.0230  0.0218  0.0223  0.0214  0.0217
niter,ni,del,rscale     4    3    5.0000    0.7000
parameters
   -1.1220   12.5900    6.4392   -1.8894   -3.7592    7.2512
   -2.1443    0.0977    2.3706   25.0395   -2.0372  -25.3158
eta,q 0.97917 10.55955
  0.0221  0.0218  0.0215  0.0220  0.0222  0.0223  0.0219  0.0225  0.0216  0.0219  0.0213  0.0215
  0.0214  0.0213  0.0211  0.0216  0.0215  0.0217  0.0213  0.0216  0.0212  0.0213  0.0210  0.0211
  0.0210  0.0210  0.0209  0.0212  0.0210  0.0212  0.0209  0.0210  0.0209  0.0210  0.0209  0.0209
  0.0209  0.0209  0.0209  0.0209  0.0208  0.0208  0.0208  0.0208  0.0208  0.0208  0.0208  0.0208
  0.0210  0.0210  0.0210  0.0208  0.0210  0.0209  0.0210  0.0210  0.0209  0.0209  0.0209  0.0209
  0.0214  0.0213  0.0212  0.0212  0.0214  0.0213  0.0213  0.0216  0.0212  0.0213  0.0210  0.0211
  0.0221  0.0218  0.0216  0.0221  0.0222  0.0223  0.0220  0.0224  0.0216  0.0219  0.0213  0.0215
niter,ni,del,rscale     3    3    5.0000    0.6000
parameters
   -1.1215   12.5881    6.4401   -1.6667   -3.7677    7.3933
   -2.1685    0.1143    2.3775   25.0413   -2.0095  -25.3035
eta,q 0.97921 10.56818
  0.0218  0.0215  0.0214  0.0218  0.0218  0.0220  0.0216  0.0221  0.0213  0.0216  0.0211  0.0213
  0.0212  0.0211  0.0211  0.0214  0.0213  0.0215  0.0212  0.0214  0.0211  0.0212  0.0209  0.0210
  0.0209  0.0209  0.0209  0.0211  0.0209  0.0210  0.0209  0.0209  0.0209  0.0209  0.0208  0.0208
  0.0208  0.0208  0.0208  0.0208  0.0208  0.0208  0.0208  0.0208  0.0208  0.0208  0.0208  0.0208
  0.0209  0.0209  0.0209  0.0208  0.0209  0.0209  0.0209  0.0209  0.0208  0.0209  0.0208  0.0208
  0.0212  0.0211  0.0211  0.0211  0.0213  0.0212  0.0212  0.0214  0.0210  0.0211  0.0209  0.0210
  0.0218  0.0215  0.0213  0.0218  0.0219  0.0219  0.0217  0.0220  0.0214  0.0216  0.0211  0.0213
niter,ni,del,rscale     2    3    5.0000    0.5000
parameters
   -1.1249   12.5796    6.4485   -1.4826   -3.7797    7.4911
   -2.1974    0.1243    2.3731   25.0254   -1.9435  -25.2788
eta,q 0.97924 10.57442
  0.0215  0.0213  0.0212  0.0215  0.0215  0.0216  0.0214  0.0217  0.0212  0.0213  0.0210  0.0211
  0.0211  0.0210  0.0210  0.0213  0.0211  0.0212  0.0210  0.0212  0.0210  0.0210  0.0209  0.0209
  0.0209  0.0208  0.0208  0.0210  0.0209  0.0209  0.0208  0.0209  0.0208  0.0208  0.0208  0.0208
  0.0208  0.0208  0.0208  0.0208  0.0208  0.0208  0.0208  0.0208  0.0208  0.0208  0.0208  0.0208
  0.0209  0.0208  0.0208  0.0208  0.0209  0.0208  0.0208  0.0209  0.0208  0.0208  0.0208  0.0208
  0.0211  0.0210  0.0210  0.0210  0.0211  0.0211  0.0210  0.0212  0.0209  0.0210  0.0209  0.0209
  0.0215  0.0213  0.0211  0.0215  0.0215  0.0216  0.0214  0.0217  0.0212  0.0213  0.0210  0.0211
niter,ni,del,rscale     1    3    5.0000    0.4000
parameters
   -1.1288   12.5721    6.4537   -1.3112   -3.7918    7.5362
   -2.2115    0.1337    2.3825   25.0066   -1.9155  -25.2661
eta,q 0.97925 10.57879
  0.0212  0.0211  0.0210  0.0213  0.0212  0.0213  0.0211  0.0214  0.0210  0.0211  0.0209  0.0210
  0.0210  0.0209  0.0209  0.0211  0.0210  0.0210  0.0209  0.0210  0.0209  0.0209  0.0208  0.0209
  0.0208  0.0208  0.0208  0.0209  0.0208  0.0208  0.0208  0.0208  0.0208  0.0208  0.0208  0.0208
  0.0208  0.0208  0.0208  0.0208  0.0208  0.0208  0.0207  0.0207  0.0208  0.0207  0.0208  0.0208
  0.0208  0.0208  0.0208  0.0208  0.0208  0.0208  0.0208  0.0208  0.0208  0.0208  0.0208  0.0208
  0.0210  0.0209  0.0209  0.0209  0.0210  0.0210  0.0209  0.0210  0.0209  0.0209  0.0208  0.0209
  0.0212  0.0211  0.0210  0.0212  0.0212  0.0213  0.0212  0.0214  0.0210  0.0211  0.0209  0.0210
registration optimization eta report
parameter search radius
    0.8000    0.8000    0.8000    2.4000    2.4000    2.4000
    2.4000    2.4000    2.4000    2.4000    2.4000    2.4000
100000*second partial in parameter space
       69.       49.       37.        9.        8.       10.
        7.       11.        5.        6.        3.        4.
  0.0212  0.0211  0.0210  0.0213  0.0212  0.0213  0.0211  0.0214  0.0210  0.0211  0.0209  0.0210
  0.0210  0.0209  0.0209  0.0211  0.0210  0.0210  0.0209  0.0210  0.0209  0.0209  0.0208  0.0209
  0.0208  0.0208  0.0208  0.0209  0.0208  0.0208  0.0208  0.0208  0.0208  0.0208  0.0208  0.0208
  0.0208  0.0208  0.0208  0.0208  0.0208  0.0208  0.0207  0.0207  0.0208  0.0207  0.0208  0.0208
  0.0208  0.0208  0.0208  0.0208  0.0208  0.0208  0.0208  0.0208  0.0208  0.0208  0.0208  0.0208
  0.0210  0.0209  0.0209  0.0209  0.0210  0.0210  0.0209  0.0210  0.0209  0.0209  0.0208  0.0209
  0.0212  0.0211  0.0210  0.0212  0.0212  0.0213  0.0212  0.0214  0.0210  0.0211  0.0209  0.0210
   -1.1288   12.5721    6.4537   -1.3112   -3.7918    7.5362
   -2.2115    0.1337    2.3825   25.0066   -1.9155  -25.2661
eta,q 0.97925 10.57879

---------------------------------------------------------------------
compute_vox2vox talsrcimg talsrcimg_to_711-2C_as_mni_average_305_t4 /opt/freesurfer/average/711-2C_as_mni_average_305
---------------------------------------------------------------------

freesurfer compute_vox2vox.c
Reading: talsrcimg.4dfp.ifh
Reading: talsrcimg_to_711-2C_as_mni_average_305_t4
Reading: /opt/freesurfer/average/711-2C_as_mni_average_305.4dfp.ifh
Writing: talsrcimg_to_711-2C_as_mni_average_305_t4_vox2vox.txt

start time Wed Mar 11 13:29:27 CET 2026
end		time Wed Mar 11 13:30:54 CET 2026

mpr2mni305 success

avi2talxfm orig_nu.mgz /opt/freesurfer/average/mni305.cor.mgz talsrcimg_to_711-2C_as_mni_average_305_t4_vox2vox.txt transforms/talairach.auto.xfm
avi2talxfm done
mv -f /out/sourcedata/freesurfer/sub-v2s18x29506_ses-1/mri/talsrcimg_to_711-2C_as_mni_average_305_t4_vox2vox.txt /out/sourcedata/freesurfer/sub-v2s18x29506_ses-1/mri/transforms/talsrcimg_to_711-2C_as_mni_average_305_t4_vox2vox.txt
lta_convert --src orig_nu.mgz --trg /opt/freesurfer/average/mni305.cor.mgz --inxfm transforms/talairach.auto.xfm --outlta transforms/talairach.auto.xfm.lta --subject fsaverage
7.3.2

--src: orig_nu.mgz src image (geometry).
--trg: /opt/freesurfer/average/mni305.cor.mgz trg image (geometry).
--inmni: transforms/talairach.auto.xfm input MNI/XFM transform.
--outlta: transforms/talairach.auto.xfm.lta output LTA.
--s: fsaverage subject name
 LTA read, type : 1
 1.01264  -0.00629   0.02163   5.56831;
 0.01145   0.87633   0.23040  -40.22940;
-0.02805  -0.22762   0.97899   11.95084;
 0.00000   0.00000   0.00000   1.00000;
setting subject to fsaverage
Writing  LTA to file transforms/talairach.auto.xfm.lta...
lta_convert successful.
 
 
Started at Wed Mar 11 13:29:26 CET 2026
Ended   at Wed Mar 11 13:30:54 CET 2026
talairach_avi done
