/out/sourcedata/freesurfer/sub-v2s18x29516_ses-1/mri
/opt/freesurfer/bin/talairach_avi
--i orig_nu.mgz --xfm transforms/talairach.auto.xfm
talairach_avi 7.3.2
Linux dna030 5.14.0-427.37.1.el9_4.x86_64 #1 SMP PREEMPT_DYNAMIC Fri Sep 13 12:41:50 EDT 2024 x86_64 x86_64 x86_64 GNU/Linux
Wed Mar 11 14:17:26 CET 2026
mri_convert orig_nu.mgz talsrcimg.img 
reading from orig_nu.mgz...
TR=0.00, TE=0.00, TI=0.00, flip angle=0.00
i_ras = (-1, 8.16726e-10, -3.72529e-09)
j_ras = (1.86265e-09, -1.16415e-10, -1)
k_ras = (-8.16726e-10, 1, -1.16415e-10)
writing to talsrcimg.img...
Analyze Output Matrix
-1.00000   0.00000  -0.00000   131.66820;
 0.00000  -0.00000   1.00000  -81.06088;
-0.00000  -1.00000  -0.00000   113.21407;
 0.00000   0.00000   0.00000   1.00000;
--------------------
INFO: set hdr.hist.orient to -1
mpr2mni305 talsrcimg
Wed Mar 11 14:17:27 CET 2026
/opt/freesurfer/bin/mpr2mni305 talsrcimg
mpr2mni305 7.3.2
target=711-2C_as_mni_average_305

---------------------------------------------------------------------
analyzeto4dfp talsrcimg -O0 -y
---------------------------------------------------------------------

freesurfer ifh2hdr.c
Wed Mar 11 14:17:27 2026
Writing: talsrcimg.4dfp.hdr
freesurfer analyzeto4dfp.c
Reading: talsrcimg.hdr
header size 348 bytes
hdr.dime.datatype	offset=70	value=2
hdr.dime.bitpix		offset=72	value=8
hdr.hist.orient		offset=252	value=-1
dimensionality     4
dimensions       256       256       256         1
Reading: talsrcimg.img
Writing: talsrcimg.4dfp.img
Writing: talsrcimg.4dfp.ifh
ifh2hdr talsrcimg -r0to194
ori=2

---------------------------------------------------------------------
gauss_4dfp talsrcimg 1.1
---------------------------------------------------------------------

freesurfer gauss_4dfp.c
Reading: talsrcimg.4dfp.img
Writing: talsrcimg_g11.4dfp.img
image dimensions 256 256 256 padded to 288 288 288
processing volume 1freesurfer ifh2hdr.c
Wed Mar 11 14:17:29 2026
Writing: talsrcimg_g11.4dfp.hdr

Writing: talsrcimg_g11.4dfp.ifh
including: talsrcimg.4dfp.img.rec in talsrcimg_g11.4dfp.img.rec

---------------------------------------------------------------------
imgreg_4dfp /opt/freesurfer/average/711-2C_as_mni_average_305 none talsrcimg_g11 none talsrcimg_to_711-2C_as_mni_average_305_t4 4355
---------------------------------------------------------------------

freesurfer imgreg_4dfp.c
/opt/freesurfer/average/711-2C_as_mni_average_305.4dfp.img
       256       256       256         1
  1.000000  1.000000  1.000000
orientation T byte_order littleendian
Reading image: /opt/freesurfer/average/711-2C_as_mni_average_305.4dfp.img
dimensions:      256       256       256
mmppix:       1.0000   -1.0000   -1.0000
center:     128.0000 -129.0000 -129.0000
talsrcimg_g11.4dfp.img
       256       256       256         1
  1.000000  1.000000  1.000000
orientation T byte_order littleendian
Reading image: talsrcimg_g11.4dfp.img
dimensions:      256       256       256
mmppix:       1.0000   -1.0000   -1.0000
center:     128.0000 -129.0000 -129.0000
t4_read: open error in t4_sub.f l:  41 t4_file(1:l)talsrcimg_to_711-2C_as_mni_average_305_t4 
t4_read: transform initialized to I4
rotation matrix determinant  1.000000
image alignment mode   4355 decimal     1103 hex
   -7.5000  -45.0000  -45.0000 6353.1455   19.3407
    0.0000  -45.0000  -45.0000 6635.0132   19.3241
    7.5000  -45.0000  -45.0000 6329.3691   19.2643
   -7.5000  -37.5000  -45.0000 6861.4692   18.6678
    0.0000  -37.5000  -45.0000 7169.0186   18.6511
    7.5000  -37.5000  -45.0000 6849.7705   18.6000
   -7.5000  -30.0000  -45.0000 7644.6440   18.0545
    0.0000  -30.0000  -45.0000 7996.8706   18.0412
    7.5000  -30.0000  -45.0000 7638.7852   18.0031
   -7.5000  -22.5000  -45.0000 8534.9082   17.6669
    0.0000  -22.5000  -45.0000 8946.6230   17.6594
    7.5000  -22.5000  -45.0000 8538.1367   17.6249
   -7.5000  -15.0000  -45.0000 9526.8896   17.5682
    0.0000  -15.0000  -45.0000 9985.0879   17.5638
    7.5000  -15.0000  -45.0000 9524.9854   17.5225
   -7.5000   -7.5000  -45.000010512.8330   17.5445
    0.0000   -7.5000  -45.000011005.2627   17.5396
    7.5000   -7.5000  -45.000010479.8984   17.4927
   -7.5000    0.0000  -45.000011444.6279   17.5507
    0.0000    0.0000  -45.000011960.3525   17.5410
    7.5000    0.0000  -45.000011377.4463   17.4929
   -7.5000    7.5000  -45.000011427.2539   17.5596
    0.0000    7.5000  -45.000011931.6982   17.5448
    7.5000    7.5000  -45.000011367.0498   17.5019
   -7.5000   15.0000  -45.000011292.8047   17.5558
    0.0000   15.0000  -45.000011800.6357   17.5412
    7.5000   15.0000  -45.000011227.0293   17.5058
   -7.5000   22.5000  -45.000011169.0664   17.5405
    0.0000   22.5000  -45.000011664.8613   17.5313
    7.5000   22.5000  -45.000011092.9404   17.4962
   -7.5000   30.0000  -45.000010830.2441   17.3031
    0.0000   30.0000  -45.000011318.4219   17.2985
    7.5000   30.0000  -45.000010757.9561   17.2576
   -7.5000   37.5000  -45.000010774.6172   17.3058
    0.0000   37.5000  -45.000011266.5020   17.3008
    7.5000   37.5000  -45.000010683.9111   17.2545
   -7.5000   45.0000  -45.000010257.7705   16.8771
    0.0000   45.0000  -45.000010740.7979   16.8678
    7.5000   45.0000  -45.000010168.0332   16.8215
   -7.5000  -45.0000  -37.5000 6625.2168   19.3004
    0.0000  -45.0000  -37.5000 6933.8145   19.2826
    7.5000  -45.0000  -37.5000 6616.0283   19.2305
   -7.5000  -37.5000  -37.5000 7168.9600   18.6289
    0.0000  -37.5000  -37.5000 7494.7988   18.6149
    7.5000  -37.5000  -37.5000 7163.7119   18.5730
   -7.5000  -30.0000  -37.5000 8033.8755   18.0269
    0.0000  -30.0000  -37.5000 8395.4502   18.0163
    7.5000  -30.0000  -37.5000 8017.7295   17.9841
   -7.5000  -22.5000  -37.5000 8995.0342   17.6483
    0.0000  -22.5000  -37.5000 9403.8535   17.6402
    7.5000  -22.5000  -37.5000 8972.4707   17.6067
   -7.5000  -15.0000  -37.500010016.6924   17.5510
    0.0000  -15.0000  -37.500010486.7344   17.5423
    7.5000  -15.0000  -37.5000 9994.0225   17.5001
   -7.5000   -7.5000  -37.500011071.7822   17.5214
    0.0000   -7.5000  -37.500011573.6221   17.5120
    7.5000   -7.5000  -37.500011009.6865   17.4671
   -7.5000    0.0000  -37.500012077.9697   17.5202
    0.0000    0.0000  -37.500012605.5547   17.5094
    7.5000    0.0000  -37.500011975.2109   17.4680
   -7.5000    7.5000  -37.500012048.3174   17.5276
    0.0000    7.5000  -37.500012587.5967   17.5154
    7.5000    7.5000  -37.500011969.5918   17.4807
   -7.5000   15.0000  -37.500011933.4473   17.5302
    0.0000   15.0000  -37.500012447.7529   17.5182
    7.5000   15.0000  -37.500011818.2461   17.4882
   -7.5000   22.5000  -37.500011755.3115   17.5222
    0.0000   22.5000  -37.500012247.6914   17.5123
    7.5000   22.5000  -37.500011649.4619   17.4782
   -7.5000   30.0000  -37.500011390.1133   17.2861
    0.0000   30.0000  -37.500011879.2598   17.2773
    7.5000   30.0000  -37.500011296.1846   17.2355
   -7.5000   37.5000  -37.500011295.1787   17.2829
    0.0000   37.5000  -37.500011811.4785   17.2736
    7.5000   37.5000  -37.500011212.9648   17.2292
   -7.5000   45.0000  -37.500010749.4697   16.8478
    0.0000   45.0000  -37.500011252.4277   16.8374
    7.5000   45.0000  -37.500010687.4990   16.7976
   -7.5000  -45.0000  -30.0000 6970.3188   20.1050
    0.0000  -45.0000  -30.0000 7301.4668   20.0839
    7.5000  -45.0000  -30.0000 6980.8750   20.0358
   -7.5000  -37.5000  -30.0000 7601.2051   19.4104
    0.0000  -37.5000  -30.0000 7942.5742   19.3967
    7.5000  -37.5000  -30.0000 7599.6831   19.3585
   -7.5000  -30.0000  -30.0000 8546.5732   18.7963
    0.0000  -30.0000  -30.0000 8940.9023   18.7874
    7.5000  -30.0000  -30.0000 8529.5039   18.7571
   -7.5000  -22.5000  -30.0000 9580.2148   18.4030
    0.0000  -22.5000  -30.000010026.1084   18.3961
    7.5000  -22.5000  -30.0000 9552.2568   18.3645
   -7.5000  -15.0000  -30.000010678.4580   18.2934
    0.0000  -15.0000  -30.000011173.6035   18.2832
    7.5000  -15.0000  -30.000010625.6016   18.2440
   -7.5000   -7.5000  -30.000011780.7295   18.2539
    0.0000   -7.5000  -30.000012302.6826   18.2409
    7.5000   -7.5000  -30.000011712.3896   18.1994
   -7.5000    0.0000  -30.000012873.8896   18.2505
    0.0000    0.0000  -30.000013437.9141   18.2374
    7.5000    0.0000  -30.000012784.0898   18.1998
   -7.5000    7.5000  -30.000012870.4971   18.2662
    0.0000    7.5000  -30.000013454.1240   18.2541
    7.5000    7.5000  -30.000012779.2480   18.2226
   -7.5000   15.0000  -30.000012750.0498   18.2788
    0.0000   15.0000  -30.000013303.4932   18.2687
    7.5000   15.0000  -30.000012600.3916   18.2403
   -7.5000   22.5000  -30.000012523.7822   18.2696
    0.0000   22.5000  -30.000013077.9668   18.2609
    7.5000   22.5000  -30.000012411.8252   18.2286
   -7.5000   30.0000  -30.000012142.2793   18.0191
    0.0000   30.0000  -30.000012697.8232   18.0087
    7.5000   30.0000  -30.000012052.7988   17.9699
   -7.5000   37.5000  -30.000012033.8047   18.0072
    0.0000   37.5000  -30.000012601.4326   17.9943
    7.5000   37.5000  -30.000011962.6670   17.9533
   -7.5000   45.0000  -30.000011434.2510   17.5629
    0.0000   45.0000  -30.000011977.4941   17.5503
    7.5000   45.0000  -30.000011397.1934   17.5141
   -7.5000  -45.0000  -22.5000 7353.5371   20.7932
    0.0000  -45.0000  -22.5000 7670.6230   20.7688
    7.5000  -45.0000  -22.5000 7341.5659   20.7161
   -7.5000  -37.5000  -22.5000 8040.0386   20.0791
    0.0000  -37.5000  -22.5000 8393.9893   20.0625
    7.5000  -37.5000  -22.5000 8029.7461   20.0171
   -7.5000  -30.0000  -22.5000 9039.4639   19.4463
    0.0000  -30.0000  -22.5000 9467.4658   19.4353
    7.5000  -30.0000  -22.5000 9026.0430   19.3992
   -7.5000  -22.5000  -22.500010133.4307   19.0329
    0.0000  -22.5000  -22.500010620.2051   19.0265
    7.5000  -22.5000  -22.500010112.7529   18.9948
   -7.5000  -15.0000  -22.500011274.4375   18.9124
    0.0000  -15.0000  -22.500011811.6621   18.9033
    7.5000  -15.0000  -22.500011242.8613   18.8674
   -7.5000   -7.5000  -22.500012417.9727   18.8702
    0.0000   -7.5000  -22.500013016.5479   18.8568
    7.5000   -7.5000  -22.500012397.4092   18.8165
   -7.5000    0.0000  -22.500013642.0293   18.8722
    0.0000    0.0000  -22.500014266.3223   18.8566
    7.5000    0.0000  -22.500013583.2852   18.8155
   -7.5000    7.5000  -22.500013718.6709   18.8960
    0.0000    7.5000  -22.500014339.1748   18.8810
    7.5000    7.5000  -22.500013594.2578   18.8429
   -7.5000   15.0000  -22.500013589.7236   18.9110
    0.0000   15.0000  -22.500014158.2051   18.8991
    7.5000   15.0000  -22.500013403.4189   18.8655
   -7.5000   22.5000  -22.500013329.6592   18.8938
    0.0000   22.5000  -22.500013901.5391   18.8856
    7.5000   22.5000  -22.500013193.0049   18.8531
   -7.5000   30.0000  -22.500012912.8828   18.6318
    0.0000   30.0000  -22.500013508.5430   18.6225
    7.5000   30.0000  -22.500012840.6162   18.5869
   -7.5000   37.5000  -22.500012788.8203   18.6182
    0.0000   37.5000  -22.500013391.2227   18.6047
    7.5000   37.5000  -22.500012742.7998   18.5650
   -7.5000   45.0000  -22.500012141.2129   18.1748
    0.0000   45.0000  -22.500012713.4922   18.1598
    7.5000   45.0000  -22.500012120.8945   18.1202
   -7.5000  -45.0000  -15.0000 7695.3560   21.2949
    0.0000  -45.0000  -15.0000 8038.3643   21.2721
    7.5000  -45.0000  -15.0000 7699.4458   21.2114
   -7.5000  -37.5000  -15.0000 8427.3994   20.5630
    0.0000  -37.5000  -15.0000 8807.8496   20.5447
    7.5000  -37.5000  -15.0000 8422.9014   20.4896
   -7.5000  -30.0000  -15.0000 9477.6709   19.9050
    0.0000  -30.0000  -15.0000 9915.2373   19.8918
    7.5000  -30.0000  -15.0000 9455.8809   19.8490
   -7.5000  -22.5000  -15.000010620.9053   19.4742
    0.0000  -22.5000  -15.000011098.0322   19.4683
    7.5000  -22.5000  -15.000010586.4531   19.4349
   -7.5000  -15.0000  -15.000011839.7920   19.3512
    0.0000  -15.0000  -15.000012363.3311   19.3459
    7.5000  -15.0000  -15.000011781.6875   19.3103
   -7.5000   -7.5000  -15.000013058.0146   19.3152
    0.0000   -7.5000  -15.000013643.2578   19.3060
    7.5000   -7.5000  -15.000013022.9414   19.2635
   -7.5000    0.0000  -15.000014366.0068   19.3245
    0.0000    0.0000  -15.000015000.3096   19.3103
    7.5000    0.0000  -15.000014305.8984   19.2621
   -7.5000    7.5000  -15.000014596.7686   19.3490
    0.0000    7.5000  -15.000015237.7324   19.3322
    7.5000    7.5000  -15.000014428.5225   19.2853
   -7.5000   15.0000  -15.000014468.8457   19.3568
    0.0000   15.0000  -15.000015051.3535   19.3427
    7.5000   15.0000  -15.000014244.3135   19.3030
   -7.5000   22.5000  -15.000014148.3340   19.3313
    0.0000   22.5000  -15.000014732.8418   19.3234
    7.5000   22.5000  -15.000014003.6895   19.2893
   -7.5000   30.0000  -15.000013717.4424   19.0669
    0.0000   30.0000  -15.000014299.2139   19.0613
    7.5000   30.0000  -15.000013625.7861   19.0261
   -7.5000   37.5000  -15.000013601.6963   19.0599
    0.0000   37.5000  -15.000014221.5186   19.0507
    7.5000   37.5000  -15.000013547.0654   19.0087
   -7.5000   45.0000  -15.000012900.2588   18.6217
    0.0000   45.0000  -15.000013476.1797   18.6080
    7.5000   45.0000  -15.000012872.0537   18.5616
   -7.5000  -45.0000   -7.5000 8066.7207   21.5515
    0.0000  -45.0000   -7.5000 8416.5068   21.5326
    7.5000  -45.0000   -7.5000 8067.4194   21.4663
   -7.5000  -37.5000   -7.5000 8840.2471   20.8063
    0.0000  -37.5000   -7.5000 9217.6875   20.7877
    7.5000  -37.5000   -7.5000 8804.0479   20.7280
   -7.5000  -30.0000   -7.5000 9909.6250   20.1265
    0.0000  -30.0000   -7.500010354.6670   20.1121
    7.5000  -30.0000   -7.5000 9865.0225   20.0674
   -7.5000  -22.5000   -7.500011092.6279   19.6887
    0.0000  -22.5000   -7.500011580.6445   19.6826
    7.5000  -22.5000   -7.500011040.3105   19.6470
   -7.5000  -15.0000   -7.500012358.7910   19.5721
    0.0000  -15.0000   -7.500012899.1904   19.5695
    7.5000  -15.0000   -7.500012283.8076   19.5302
   -7.5000   -7.5000   -7.500013648.0322   19.5451
    0.0000   -7.5000   -7.500014223.1299   19.5404
    7.5000   -7.5000   -7.500013568.3828   19.4932
   -7.5000    0.0000   -7.500015051.5820   19.5573
    0.0000    0.0000   -7.500015701.8281   19.5461
    7.5000    0.0000   -7.500014933.1611   19.4929
   -7.5000    7.5000   -7.500015498.3164   19.5744
    0.0000    7.5000   -7.500016233.2393   19.5575
    7.5000    7.5000   -7.500015262.2686   19.5070
   -7.5000   15.0000   -7.500015519.5947   19.5717
    0.0000   15.0000   -7.500016272.6143   19.5560
    7.5000   15.0000   -7.500015280.5254   19.5147
   -7.5000   22.5000   -7.500015177.0664   19.5420
    0.0000   22.5000   -7.500015892.8574   19.5339
    7.5000   22.5000   -7.500015028.5508   19.4976
   -7.5000   30.0000   -7.500014681.4629   19.2840
    0.0000   30.0000   -7.500015349.9785   19.2811
    7.5000   30.0000   -7.500014555.1875   19.2421
   -7.5000   37.5000   -7.500014560.3789   19.2862
    0.0000   37.5000   -7.500015219.5869   19.2815
    7.5000   37.5000   -7.500014391.2207   19.2348
   -7.5000   45.0000   -7.500013835.5332   18.8495
    0.0000   45.0000   -7.500014443.3398   18.8388
    7.5000   45.0000   -7.500013620.6631   18.7874
   -7.5000  -45.0000    0.0000 8328.2090   21.6009
    0.0000  -45.0000    0.0000 8698.2461   21.5825
    7.5000  -45.0000    0.0000 8314.4717   21.5162
   -7.5000  -37.5000    0.0000 9170.0117   20.8493
    0.0000  -37.5000    0.0000 9562.3574   20.8310
    7.5000  -37.5000    0.0000 9082.8633   20.7742
   -7.5000  -30.0000    0.000010285.9287   20.1641
    0.0000  -30.0000    0.000010718.0918   20.1493
    7.5000  -30.0000    0.000010193.4268   20.1069
   -7.5000  -22.5000    0.000011509.9863   19.7318
    0.0000  -22.5000    0.000011994.5449   19.7233
    7.5000  -22.5000    0.000011435.7549   19.6850
   -7.5000  -15.0000    0.000012787.5176   19.6231
    0.0000  -15.0000    0.000013342.6357   19.6179
    7.5000  -15.0000    0.000012694.8057   19.5719
   -7.5000   -7.5000    0.000014090.7432   19.5981
    0.0000   -7.5000    0.000014654.8799   19.5924
    7.5000   -7.5000    0.000013986.6572   19.5404
   -7.5000    0.0000    0.000015570.6514   19.6052
    0.0000    0.0000    0.000016241.2119   19.5945
    7.5000    0.0000    0.000015407.5400   19.5411
   -7.5000    7.5000    0.000016257.6641   19.6139
    0.0000    7.5000    0.000017249.3223   19.5976
    7.5000    7.5000    0.000015956.1748   19.5500
   -7.5000   15.0000    0.000016683.6660   19.6081
    0.0000   15.0000    0.000017862.4766   19.5919
    7.5000   15.0000    0.000016276.2197   19.5526
   -7.5000   22.5000    0.000016471.8145   19.5847
    0.0000   22.5000    0.000017519.0215   19.5741
    7.5000   22.5000    0.000016072.0186   19.5352
   -7.5000   30.0000    0.000015775.1367   19.3346
    0.0000   30.0000    0.000016598.8027   19.3291
    7.5000   30.0000    0.000015371.5791   19.2836
   -7.5000   37.5000    0.000015490.3955   19.3390
    0.0000   37.5000    0.000016249.7725   19.3333
    7.5000   37.5000    0.000015042.6670   19.2819
   -7.5000   45.0000    0.000014606.8164   18.8972
    0.0000   45.0000    0.000015306.9844   18.8868
    7.5000   45.0000    0.000014153.6143   18.8354
   -7.5000  -45.0000    7.5000 7958.9692   21.5975
    0.0000  -45.0000    7.5000 8316.6895   21.5777
    7.5000  -45.0000    7.5000 7930.0171   21.5193
   -7.5000  -37.5000    7.5000 8796.3213   20.8461
    0.0000  -37.5000    7.5000 9167.9355   20.8305
    7.5000  -37.5000    7.5000 8693.7861   20.7836
   -7.5000  -30.0000    7.5000 9869.8438   20.1725
    0.0000  -30.0000    7.500010285.9785   20.1606
    7.5000  -30.0000    7.5000 9764.5137   20.1246
   -7.5000  -22.5000    7.500011017.8643   19.7488
    0.0000  -22.5000    7.500011522.0000   19.7397
    7.5000  -22.5000    7.500010946.6709   19.7023
   -7.5000  -15.0000    7.500012249.2451   19.6399
    0.0000  -15.0000    7.500012810.6602   19.6302
    7.5000  -15.0000    7.500012132.2480   19.5829
   -7.5000   -7.5000    7.500013565.3906   19.6068
    0.0000   -7.5000    7.500014167.1924   19.5963
    7.5000   -7.5000    7.500013356.6562   19.5460
   -7.5000    0.0000    7.500015026.2656   19.6055
    0.0000    0.0000    7.500015830.6797   19.5934
    7.5000    0.0000    7.500014759.4688   19.5471
   -7.5000    7.5000    7.500015692.2344   19.6138
    0.0000    7.5000    7.500016949.6641   19.6001
    7.5000    7.5000    7.500015304.0078   19.5613
   -7.5000   15.0000    7.500016122.3506   19.6166
    0.0000   15.0000    7.500017526.6270   19.6033
    7.5000   15.0000    7.500015587.9629   19.5697
   -7.5000   22.5000    7.500015914.8418   19.6014
    0.0000   22.5000    7.500017066.0625   19.5903
    7.5000   22.5000    7.500015321.8076   19.5522
   -7.5000   30.0000    7.500015230.4150   19.3510
    0.0000   30.0000    7.500016162.9209   19.3412
    7.5000   30.0000    7.500014646.8477   19.2944
   -7.5000   37.5000    7.500014904.8164   19.3475
    0.0000   37.5000    7.500015798.9287   19.3371
    7.5000   37.5000    7.500014398.6797   19.2874
   -7.5000   45.0000    7.500013995.4609   18.8974
    0.0000   45.0000    7.500014797.5225   18.8858
    7.5000   45.0000    7.500013566.4648   18.8412
   -7.5000  -45.0000   15.0000 7496.1753   21.6176
    0.0000  -45.0000   15.0000 7828.0518   21.5951
    7.5000  -45.0000   15.0000 7403.3398   21.5434
   -7.5000  -37.5000   15.0000 8283.8701   20.8704
    0.0000  -37.5000   15.0000 8662.9668   20.8559
    7.5000  -37.5000   15.0000 8153.1509   20.8149
   -7.5000  -30.0000   15.0000 9351.1895   20.2095
    0.0000  -30.0000   15.0000 9794.2158   20.2001
    7.5000  -30.0000   15.0000 9212.0625   20.1676
   -7.5000  -22.5000   15.000010475.1738   19.7863
    0.0000  -22.5000   15.000010995.4541   19.7790
    7.5000  -22.5000   15.000010341.3555   19.7451
   -7.5000  -15.0000   15.000011669.1016   19.6683
    0.0000  -15.0000   15.000012259.1035   19.6574
    7.5000  -15.0000   15.000011472.0840   19.6153
   -7.5000   -7.5000   15.000012920.7910   19.6255
    0.0000   -7.5000   15.000013611.5039   19.6117
    7.5000   -7.5000   15.000012659.5742   19.5671
   -7.5000    0.0000   15.000014240.1006   19.6218
    0.0000    0.0000   15.000015134.7607   19.6078
    7.5000    0.0000   15.000013996.5234   19.5674
   -7.5000    7.5000   15.000014645.9326   19.6386
    0.0000    7.5000   15.000015818.0527   19.6259
    7.5000    7.5000   15.000014438.0908   19.5920
   -7.5000   15.0000   15.000014741.6143   19.6523
    0.0000   15.0000   15.000015822.6709   19.6417
    7.5000   15.0000   15.000014505.2676   19.6112
   -7.5000   22.5000   15.000014441.2422   19.6383
    0.0000   22.5000   15.000015301.5596   19.6291
    7.5000   22.5000   15.000014154.9248   19.5945
   -7.5000   30.0000   15.000013955.9014   19.3790
    0.0000   30.0000   15.000014771.9775   19.3680
    7.5000   30.0000   15.000013665.5605   19.3262
   -7.5000   37.5000   15.000013826.7930   19.3660
    0.0000   37.5000   15.000014712.9980   19.3522
    7.5000   37.5000   15.000013589.6904   19.3082
   -7.5000   45.0000   15.000013085.1836   18.9131
    0.0000   45.0000   15.000013897.0684   18.8997
    7.5000   45.0000   15.000012881.4902   18.8607
   -7.5000  -45.0000   22.5000 6961.7310   21.8046
    0.0000  -45.0000   22.5000 7286.5049   21.7792
    7.5000  -45.0000   22.5000 6811.6890   21.7237
   -7.5000  -37.5000   22.5000 7701.0239   21.0541
    0.0000  -37.5000   22.5000 8074.0513   21.0369
    7.5000  -37.5000   22.5000 7547.3394   20.9891
   -7.5000  -30.0000   22.5000 8718.6094   20.3848
    0.0000  -30.0000   22.5000 9158.5469   20.3735
    7.5000  -30.0000   22.5000 8566.4170   20.3356
   -7.5000  -22.5000   22.5000 9784.2217   19.9479
    0.0000  -22.5000   22.500010269.3340   19.9413
    7.5000  -22.5000   22.5000 9596.7451   19.9081
   -7.5000  -15.0000   22.500010885.8936   19.8205
    0.0000  -15.0000   22.500011436.0332   19.8111
    7.5000  -15.0000   22.500010662.7021   19.7736
   -7.5000   -7.5000   22.500011985.6543   19.7755
    0.0000   -7.5000   22.500012612.3545   19.7616
    7.5000   -7.5000   22.500011817.2422   19.7194
   -7.5000    0.0000   22.500013138.5703   19.7770
    0.0000    0.0000   22.500013911.1484   19.7609
    7.5000    0.0000   22.500013096.8691   19.7177
   -7.5000    7.5000   22.500013381.8066   19.8020
    0.0000    7.5000   22.500014276.4082   19.7865
    7.5000    7.5000   22.500013408.1572   19.7464
   -7.5000   15.0000   22.500013351.0029   19.8183
    0.0000   15.0000   22.500014128.0205   19.8060
    7.5000   15.0000   22.500013338.9902   19.7707
   -7.5000   22.5000   22.500013058.1924   19.7977
    0.0000   22.5000   22.500013700.8857   19.7892
    7.5000   22.5000   22.500013009.8691   19.7552
   -7.5000   30.0000   22.500012700.2354   19.5288
    0.0000   30.0000   22.500013366.5723   19.5193
    7.5000   30.0000   22.500012645.7363   19.4820
   -7.5000   37.5000   22.500012670.0146   19.5140
    0.0000   37.5000   22.500013374.9033   19.5002
    7.5000   37.5000   22.500012614.1494   19.4585
   -7.5000   45.0000   22.500012081.3037   19.0627
    0.0000   45.0000   22.500012749.5566   19.0472
    7.5000   45.0000   22.500011992.8789   19.0056
   -7.5000  -45.0000   30.0000 6398.3555   22.3723
    0.0000  -45.0000   30.0000 6678.4546   22.3482
    7.5000  -45.0000   30.0000 6261.6997   22.2832
   -7.5000  -37.5000   30.0000 7084.0024   21.5887
    0.0000  -37.5000   30.0000 7412.4199   21.5694
    7.5000  -37.5000   30.0000 6958.5464   21.5105
   -7.5000  -30.0000   30.0000 8026.9336   20.8755
    0.0000  -30.0000   30.0000 8416.7539   20.8617
    7.5000  -30.0000   30.0000 7909.7954   20.8161
   -7.5000  -22.5000   30.0000 9011.3027   20.4089
    0.0000  -22.5000   30.0000 9443.7061   20.4031
    7.5000  -22.5000   30.0000 8888.1055   20.3673
   -7.5000  -15.0000   30.000010031.2715   20.2760
    0.0000  -15.0000   30.000010489.9590   20.2710
    7.5000  -15.0000   30.0000 9926.9355   20.2328
   -7.5000   -7.5000   30.000011050.0273   20.2368
    0.0000   -7.5000   30.000011572.2256   20.2275
    7.5000   -7.5000   30.000011016.5586   20.1821
   -7.5000    0.0000   30.000012105.2881   20.2464
    0.0000    0.0000   30.000012728.4668   20.2315
    7.5000    0.0000   30.000012176.0557   20.1803
   -7.5000    7.5000   30.000012322.0293   20.2727
    0.0000    7.5000   30.000012959.9629   20.2550
    7.5000    7.5000   30.000012382.8574   20.2051
   -7.5000   15.0000   30.000012230.8252   20.2812
    0.0000   15.0000   30.000012812.4580   20.2665
    7.5000   15.0000   30.000012239.8584   20.2243
   -7.5000   22.5000   30.000011963.2256   20.2522
    0.0000   22.5000   30.000012516.0508   20.2442
    7.5000   22.5000   30.000011967.7812   20.2077
   -7.5000   30.0000   30.000011673.3691   19.9770
    0.0000   30.0000   30.000012240.3936   19.9716
    7.5000   30.0000   30.000011641.5527   19.9337
   -7.5000   37.5000   30.000011689.9609   19.9691
    0.0000   37.5000   30.000012266.1641   19.9598
    7.5000   37.5000   30.000011635.3789   19.9150
   -7.5000   45.0000   30.000011176.5469   19.5152
    0.0000   45.0000   30.000011751.9180   19.5009
    7.5000   45.0000   30.000011114.4756   19.4514
   -7.5000  -45.0000   37.5000 6076.9297   23.1267
    0.0000  -45.0000   37.5000 6347.3403   23.1048
    7.5000  -45.0000   37.5000 5964.0166   23.0294
   -7.5000  -37.5000   37.5000 6733.3599   22.2924
    0.0000  -37.5000   37.5000 7043.7949   22.2715
    7.5000  -37.5000   37.5000 6642.3882   22.2044
   -7.5000  -30.0000   37.5000 7642.7441   21.5189
    0.0000  -30.0000   37.5000 8008.1270   21.5030
    7.5000  -30.0000   37.5000 7581.3345   21.4533
   -7.5000  -22.5000   37.5000 8605.4619   21.0199
    0.0000  -22.5000   37.5000 8989.6855   21.0130
    7.5000  -22.5000   37.5000 8548.1191   20.9731
   -7.5000  -15.0000   37.5000 9570.3672   20.8869
    0.0000  -15.0000   37.5000 9996.9404   20.8840
    7.5000  -15.0000   37.5000 9537.4854   20.8387
   -7.5000   -7.5000   37.500010569.0195   20.8565
    0.0000   -7.5000   37.500011050.9502   20.8512
    7.5000   -7.5000   37.500010602.7705   20.7971
   -7.5000    0.0000   37.500011621.4639   20.8709
    0.0000    0.0000   37.500012158.8330   20.8581
    7.5000    0.0000   37.500011688.5068   20.7980
   -7.5000    7.5000   37.500011784.7754   20.8902
    0.0000    7.5000   37.500012324.9658   20.8713
    7.5000    7.5000   37.500011817.1094   20.8150
   -7.5000   15.0000   37.500011656.3145   20.8870
    0.0000   15.0000   37.500012197.4570   20.8697
    7.5000   15.0000   37.500011660.8232   20.8240
   -7.5000   22.5000   37.500011412.9941   20.8538
    0.0000   22.5000   37.500011947.4707   20.8447
    7.5000   22.5000   37.500011418.0166   20.8039
   -7.5000   30.0000   37.500011150.6660   20.5776
    0.0000   30.0000   37.500011673.1182   20.5743
    7.5000   30.0000   37.500011115.0000   20.5295
   -7.5000   37.5000   37.500011197.9648   20.5804
    0.0000   37.5000   37.500011735.2314   20.5751
    7.5000   37.5000   37.500011132.5596   20.5217
   -7.5000   45.0000   37.500010744.9922   20.1172
    0.0000   45.0000   37.500011272.4326   20.1048
    7.5000   45.0000   37.500010680.7949   20.0468
   -7.5000  -45.0000   45.0000 5563.4053   23.9853
    0.0000  -45.0000   45.0000 5828.4536   23.9652
    7.5000  -45.0000   45.0000 5460.6284   23.8869
   -7.5000  -37.5000   45.0000 6178.1025   23.0951
    0.0000  -37.5000   45.0000 6489.9014   23.0758
    7.5000  -37.5000   45.0000 6097.7490   23.0097
   -7.5000  -30.0000   45.0000 7003.4844   22.2566
    0.0000  -30.0000   45.0000 7357.8579   22.2423
    7.5000  -30.0000   45.0000 6954.5298   22.1937
   -7.5000  -22.5000   45.0000 7888.4785   21.7254
    0.0000  -22.5000   45.0000 8248.1719   21.7185
    7.5000  -22.5000   45.0000 7850.1270   21.6741
   -7.5000  -15.0000   45.0000 8797.7549   21.5930
    0.0000  -15.0000   45.0000 9190.2900   21.5894
    7.5000  -15.0000   45.0000 8790.1934   21.5349
   -7.5000   -7.5000   45.0000 9720.8301   21.5655
    0.0000   -7.5000   45.000010174.1484   21.5606
    7.5000   -7.5000   45.0000 9773.5674   21.4990
   -7.5000    0.0000   45.000010697.1299   21.5768
    0.0000    0.0000   45.000011183.5557   21.5657
    7.5000    0.0000   45.000010753.8076   21.5034
   -7.5000    7.5000   45.000010810.5020   21.5867
    0.0000    7.5000   45.000011274.3291   21.5698
    7.5000    7.5000   45.000010822.8984   21.5150
   -7.5000   15.0000   45.000010659.7510   21.5768
    0.0000   15.0000   45.000011161.9521   21.5607
    7.5000   15.0000   45.000010664.3711   21.5160
   -7.5000   22.5000   45.000010458.0293   21.5469
    0.0000   22.5000   45.000010964.5488   21.5376
    7.5000   22.5000   45.000010462.5049   21.4924
   -7.5000   30.0000   45.000010232.6133   21.2696
    0.0000   30.0000   45.000010721.5371   21.2656
    7.5000   30.0000   45.000010202.2100   21.2117
   -7.5000   37.5000   45.000010286.6494   21.2778
    0.0000   37.5000   45.000010787.8906   21.2728
    7.5000   37.5000   45.000010232.9648   21.2121
   -7.5000   45.0000   45.0000 9876.5049   20.8070
    0.0000   45.0000   45.000010385.8301   20.7963
    7.5000   45.0000   45.0000 9841.2148   20.7362

---------------------------------------------------------------------
imgreg_4dfp /opt/freesurfer/average/711-2C_as_mni_average_305 /opt/freesurfer/average/711-2B_as_mni_average_305_mask talsrcimg_g11 none talsrcimg_to_711-2C_as_mni_average_305_t4 4355
---------------------------------------------------------------------

freesurfer imgreg_4dfp.c
/opt/freesurfer/average/711-2C_as_mni_average_305.4dfp.img
       256       256       256         1
  1.000000  1.000000  1.000000
orientation T byte_order littleendian
Reading image: /opt/freesurfer/average/711-2C_as_mni_average_305.4dfp.img
dimensions:      256       256       256
mmppix:       1.0000   -1.0000   -1.0000
center:     128.0000 -129.0000 -129.0000
/opt/freesurfer/average/711-2B_as_mni_average_305_mask.4dfp.img
       256       256       256         1
  1.000000  1.000000  1.000000
orientation T byte_order littleendian
Reading mask: /opt/freesurfer/average/711-2B_as_mni_average_305_mask.4dfp.img (2306576 pixels)
talsrcimg_g11.4dfp.img
       256       256       256         1
  1.000000  1.000000  1.000000
orientation T byte_order littleendian
Reading image: talsrcimg_g11.4dfp.img
dimensions:      256       256       256
mmppix:       1.0000   -1.0000   -1.0000
center:     128.0000 -129.0000 -129.0000
rotation matrix determinant  1.000000
image alignment mode   4355 decimal     1103 hex
   -7.5000  -30.0000  -45.0000 2085.9380   24.6882
    0.0000  -30.0000  -45.0000 2091.3315   24.6196
    7.5000  -30.0000  -45.0000 2082.8469   24.5018
   -7.5000  -22.5000  -45.0000 2196.8237   22.2425
    0.0000  -22.5000  -45.0000 2209.5205   22.1805
    7.5000  -22.5000  -45.0000 2195.6704   22.0821
   -7.5000  -15.0000  -45.0000 2294.8572   20.2643
    0.0000  -15.0000  -45.0000 2310.1431   20.1528
    7.5000  -15.0000  -45.0000 2295.3914   20.1638
   -7.5000   -7.5000  -45.0000 2372.0806   18.7977
    0.0000   -7.5000  -45.0000 2386.1350   18.6846
    7.5000   -7.5000  -45.0000 2367.5510   18.6758
   -7.5000    0.0000  -45.0000 2424.8450   17.8244
    0.0000    0.0000  -45.0000 2435.2363   17.7132
    7.5000    0.0000  -45.0000 2411.1113   17.7494
   -7.5000    7.5000  -45.0000 2451.2925   17.2069
    0.0000    7.5000  -45.0000 2466.5659   17.0674
    7.5000    7.5000  -45.0000 2439.5728   17.1301
   -7.5000   15.0000  -45.0000 2452.9932   16.7999
    0.0000   15.0000  -45.0000 2473.8330   16.7042
    7.5000   15.0000  -45.0000 2447.8892   16.7603
   -7.5000   22.5000  -45.0000 2461.4778   16.7158
    0.0000   22.5000  -45.0000 2477.8948   16.6116
    7.5000   22.5000  -45.0000 2459.4385   16.6822
   -7.5000   30.0000  -45.0000 2442.9856   16.8964
    0.0000   30.0000  -45.0000 2466.8059   16.8608
    7.5000   30.0000  -45.0000 2449.2651   16.9247
   -7.5000   37.5000  -45.0000 2426.5579   17.4334
    0.0000   37.5000  -45.0000 2447.4058   17.3842
    7.5000   37.5000  -45.0000 2419.6304   17.4706
   -7.5000   45.0000  -45.0000 2383.6921   18.2032
    0.0000   45.0000  -45.0000 2400.8752   18.1666
    7.5000   45.0000  -45.0000 2370.9915   18.2332
   -7.5000   52.5000  -45.0000 2290.1047   19.1661
    0.0000   52.5000  -45.0000 2310.0356   19.1140
    7.5000   52.5000  -45.0000 2285.2461   19.1652
   -7.5000   60.0000  -45.0000 2149.2493   20.2204
    0.0000   60.0000  -45.0000 2169.6035   20.1763
    7.5000   60.0000  -45.0000 2148.5083   20.3018
   -7.5000  -30.0000  -37.5000 2141.6338   23.5032
    0.0000  -30.0000  -37.5000 2149.4612   23.4152
    7.5000  -30.0000  -37.5000 2135.9702   23.3539
   -7.5000  -22.5000  -37.5000 2260.9832   21.1761
    0.0000  -22.5000  -37.5000 2274.7483   21.0335
    7.5000  -22.5000  -37.5000 2252.9421   21.0185
   -7.5000  -15.0000  -37.5000 2361.8599   19.2786
    0.0000  -15.0000  -37.5000 2379.2578   19.0820
    7.5000  -15.0000  -37.5000 2358.9202   19.0959
   -7.5000   -7.5000  -37.5000 2448.2061   17.8609
    0.0000   -7.5000  -37.5000 2463.8245   17.6672
    7.5000   -7.5000  -37.5000 2440.9668   17.6545
   -7.5000    0.0000  -37.5000 2506.6619   16.8733
    0.0000    0.0000  -37.5000 2520.5657   16.6477
    7.5000    0.0000  -37.5000 2495.1482   16.6677
   -7.5000    7.5000  -37.5000 2527.3149   16.2460
    0.0000    7.5000  -37.5000 2547.6946   16.0709
    7.5000    7.5000  -37.5000 2527.7656   16.1069
   -7.5000   15.0000  -37.5000 2539.9670   15.7993
    0.0000   15.0000  -37.5000 2560.9863   15.6591
    7.5000   15.0000  -37.5000 2538.4194   15.7138
   -7.5000   22.5000  -37.5000 2545.3408   15.6607
    0.0000   22.5000  -37.5000 2561.8818   15.5432
    7.5000   22.5000  -37.5000 2548.8252   15.6254
   -7.5000   30.0000  -37.5000 2532.7341   15.7945
    0.0000   30.0000  -37.5000 2555.0747   15.7154
    7.5000   30.0000  -37.5000 2541.2937   15.8327
   -7.5000   37.5000  -37.5000 2514.7856   16.2311
    0.0000   37.5000  -37.5000 2539.2266   16.1705
    7.5000   37.5000  -37.5000 2518.1455   16.3063
   -7.5000   45.0000  -37.5000 2467.9153   16.9862
    0.0000   45.0000  -37.5000 2492.1008   16.9276
    7.5000   45.0000  -37.5000 2468.1851   17.0321
   -7.5000   52.5000  -37.5000 2375.6746   17.8530
    0.0000   52.5000  -37.5000 2399.2842   17.8222
    7.5000   52.5000  -37.5000 2376.1077   17.9125
   -7.5000   60.0000  -37.5000 2235.0598   18.8082
    0.0000   60.0000  -37.5000 2258.4172   18.7942
    7.5000   60.0000  -37.5000 2235.4692   18.9028
   -7.5000  -30.0000  -30.0000 2223.1667   23.3718
    0.0000  -30.0000  -30.0000 2240.1934   23.2059
    7.5000  -30.0000  -30.0000 2226.0125   23.2025
   -7.5000  -22.5000  -30.0000 2351.4482   20.9845
    0.0000  -22.5000  -30.0000 2371.8083   20.8039
    7.5000  -22.5000  -30.0000 2350.4155   20.8238
   -7.5000  -15.0000  -30.0000 2463.0815   19.0531
    0.0000  -15.0000  -30.0000 2480.7610   18.8237
    7.5000  -15.0000  -30.0000 2457.0679   18.8566
   -7.5000   -7.5000  -30.0000 2552.3557   17.5428
    0.0000   -7.5000  -30.0000 2567.9888   17.3362
    7.5000   -7.5000  -30.0000 2547.8931   17.3584
   -7.5000    0.0000  -30.0000 2616.7375   16.5230
    0.0000    0.0000  -30.0000 2638.1890   16.3153
    7.5000    0.0000  -30.0000 2617.9482   16.3203
   -7.5000    7.5000  -30.0000 2642.7988   15.8514
    0.0000    7.5000  -30.0000 2669.0176   15.6430
    7.5000    7.5000  -30.0000 2651.7717   15.6903
   -7.5000   15.0000  -30.0000 2667.1711   15.3578
    0.0000   15.0000  -30.0000 2687.1396   15.1934
    7.5000   15.0000  -30.0000 2666.9729   15.2495
   -7.5000   22.5000  -30.0000 2666.7336   15.1618
    0.0000   22.5000  -30.0000 2690.1594   15.0550
    7.5000   22.5000  -30.0000 2677.6775   15.1587
   -7.5000   30.0000  -30.0000 2661.3577   15.2943
    0.0000   30.0000  -30.0000 2689.5630   15.2159
    7.5000   30.0000  -30.0000 2674.7117   15.3515
   -7.5000   37.5000  -30.0000 2644.4731   15.7318
    0.0000   37.5000  -30.0000 2672.3474   15.6418
    7.5000   37.5000  -30.0000 2657.1218   15.7925
   -7.5000   45.0000  -30.0000 2596.5134   16.4648
    0.0000   45.0000  -30.0000 2623.2271   16.3721
    7.5000   45.0000  -30.0000 2608.1165   16.5139
   -7.5000   52.5000  -30.0000 2496.0132   17.2937
    0.0000   52.5000  -30.0000 2521.4673   17.2295
    7.5000   52.5000  -30.0000 2505.7412   17.3802
   -7.5000   60.0000  -30.0000 2353.8232   18.2353
    0.0000   60.0000  -30.0000 2374.6829   18.1751
    7.5000   60.0000  -30.0000 2361.7173   18.3406
   -7.5000  -30.0000  -22.5000 2274.1560   23.0960
    0.0000  -30.0000  -22.5000 2293.2690   22.9032
    7.5000  -30.0000  -22.5000 2280.9744   22.9327
   -7.5000  -22.5000  -22.5000 2404.9470   20.6650
    0.0000  -22.5000  -22.5000 2428.9646   20.4748
    7.5000  -22.5000  -22.5000 2410.1443   20.4800
   -7.5000  -15.0000  -22.5000 2517.7258   18.6774
    0.0000  -15.0000  -22.5000 2538.9146   18.4657
    7.5000  -15.0000  -22.5000 2522.5635   18.5058
   -7.5000   -7.5000  -22.5000 2610.6970   17.1346
    0.0000   -7.5000  -22.5000 2634.4456   16.9610
    7.5000   -7.5000  -22.5000 2620.0576   17.0204
   -7.5000    0.0000  -22.5000 2687.0862   16.0936
    0.0000    0.0000  -22.5000 2713.0173   15.9193
    7.5000    0.0000  -22.5000 2698.6807   15.9641
   -7.5000    7.5000  -22.5000 2727.3242   15.3759
    0.0000    7.5000  -22.5000 2758.3958   15.1964
    7.5000    7.5000  -22.5000 2739.4468   15.2206
   -7.5000   15.0000  -22.5000 2757.0476   14.8209
    0.0000   15.0000  -22.5000 2778.9387   14.6407
    7.5000   15.0000  -22.5000 2760.9863   14.7128
   -7.5000   22.5000  -22.5000 2759.7605   14.5774
    0.0000   22.5000  -22.5000 2783.3269   14.4532
    7.5000   22.5000  -22.5000 2772.3159   14.5959
   -7.5000   30.0000  -22.5000 2753.3062   14.7419
    0.0000   30.0000  -22.5000 2783.7112   14.6355
    7.5000   30.0000  -22.5000 2772.8442   14.8062
   -7.5000   37.5000  -22.5000 2739.5488   15.1967
    0.0000   37.5000  -22.5000 2767.2695   15.0818
    7.5000   37.5000  -22.5000 2759.9717   15.2443
   -7.5000   45.0000  -22.5000 2688.4492   15.8837
    0.0000   45.0000  -22.5000 2718.5918   15.7559
    7.5000   45.0000  -22.5000 2708.4512   15.9233
   -7.5000   52.5000  -22.5000 2589.7463   16.7272
    0.0000   52.5000  -22.5000 2609.3647   16.5915
    7.5000   52.5000  -22.5000 2602.5168   16.7720
   -7.5000   60.0000  -22.5000 2440.4529   17.6333
    0.0000   60.0000  -22.5000 2457.8193   17.5101
    7.5000   60.0000  -22.5000 2448.7732   17.6893
   -7.5000  -30.0000  -15.0000 2282.1035   22.8098
    0.0000  -30.0000  -15.0000 2301.1521   22.6113
    7.5000  -30.0000  -15.0000 2283.7678   22.6858
   -7.5000  -22.5000  -15.0000 2411.7710   20.3488
    0.0000  -22.5000  -15.0000 2433.5190   20.1436
    7.5000  -22.5000  -15.0000 2415.2217   20.1847
   -7.5000  -15.0000  -15.0000 2531.8723   18.3895
    0.0000  -15.0000  -15.0000 2552.9028   18.1858
    7.5000  -15.0000  -15.0000 2537.0923   18.2268
   -7.5000   -7.5000  -15.0000 2633.4990   16.8418
    0.0000   -7.5000  -15.0000 2653.3396   16.6527
    7.5000   -7.5000  -15.0000 2644.9746   16.7153
   -7.5000    0.0000  -15.0000 2715.4854   15.7860
    0.0000    0.0000  -15.0000 2744.1548   15.6128
    7.5000    0.0000  -15.0000 2731.6477   15.6755
   -7.5000    7.5000  -15.0000 2775.0081   15.0540
    0.0000    7.5000  -15.0000 2803.0642   14.8698
    7.5000    7.5000  -15.0000 2790.8198   14.9163
   -7.5000   15.0000  -15.0000 2805.3662   14.4634
    0.0000   15.0000  -15.0000 2826.4158   14.2542
    7.5000   15.0000  -15.0000 2815.9778   14.3528
   -7.5000   22.5000  -15.0000 2806.1992   14.1381
    0.0000   22.5000  -15.0000 2828.4651   13.9646
    7.5000   22.5000  -15.0000 2824.8733   14.1871
   -7.5000   30.0000  -15.0000 2805.9988   14.3114
    0.0000   30.0000  -15.0000 2828.5283   14.1425
    7.5000   30.0000  -15.0000 2821.5527   14.4108
   -7.5000   37.5000  -15.0000 2789.4219   14.7877
    0.0000   37.5000  -15.0000 2815.4456   14.6112
    7.5000   37.5000  -15.0000 2812.1843   14.8408
   -7.5000   45.0000  -15.0000 2735.9702   15.4357
    0.0000   45.0000  -15.0000 2762.1709   15.2426
    7.5000   45.0000  -15.0000 2762.9790   15.4683
   -7.5000   52.5000  -15.0000 2640.8364   16.2174
    0.0000   52.5000  -15.0000 2659.0430   16.0317
    7.5000   52.5000  -15.0000 2658.4175   16.2755
   -7.5000   60.0000  -15.0000 2489.8862   17.1343
    0.0000   60.0000  -15.0000 2510.6897   16.9494
    7.5000   60.0000  -15.0000 2500.7598   17.1813
   -7.5000  -30.0000   -7.5000 2268.6736   22.7312
    0.0000  -30.0000   -7.5000 2286.8022   22.4728
    7.5000  -30.0000   -7.5000 2276.7698   22.6323
   -7.5000  -22.5000   -7.5000 2400.9727   20.1639
    0.0000  -22.5000   -7.5000 2419.1904   19.9713
    7.5000  -22.5000   -7.5000 2407.9282   20.0707
   -7.5000  -15.0000   -7.5000 2524.6731   18.2201
    0.0000  -15.0000   -7.5000 2544.1060   18.0028
    7.5000  -15.0000   -7.5000 2533.0044   18.1077
   -7.5000   -7.5000   -7.5000 2630.8301   16.7226
    0.0000   -7.5000   -7.5000 2652.7476   16.4777
    7.5000   -7.5000   -7.5000 2645.5784   16.5600
   -7.5000    0.0000   -7.5000 2719.4214   15.6729
    0.0000    0.0000   -7.5000 2747.3201   15.4563
    7.5000    0.0000   -7.5000 2739.6313   15.5171
   -7.5000    7.5000   -7.5000 2793.8174   15.0012
    0.0000    7.5000   -7.5000 2820.5977   14.8102
    7.5000    7.5000   -7.5000 2812.8899   14.8135
   -7.5000   15.0000   -7.5000 2836.7095   14.5253
    0.0000   15.0000   -7.5000 2860.5342   14.3237
    7.5000   15.0000   -7.5000 2852.1733   14.3625
   -7.5000   22.5000   -7.5000 2832.9749   14.0331
    0.0000   22.5000   -7.5000 2847.9946   13.8588
    7.5000   22.5000   -7.5000 2857.4963   14.1179
   -7.5000   30.0000   -7.5000 2833.7590   14.0696
    0.0000   30.0000   -7.5000 2845.4150   13.9018
    7.5000   30.0000   -7.5000 2848.2246   14.2338
   -7.5000   37.5000   -7.5000 2812.6606   14.4950
    0.0000   37.5000   -7.5000 2833.0825   14.2996
    7.5000   37.5000   -7.5000 2830.7415   14.5530
   -7.5000   45.0000   -7.5000 2772.5078   15.1246
    0.0000   45.0000   -7.5000 2786.1304   14.8728
    7.5000   45.0000   -7.5000 2783.7100   15.0825
   -7.5000   52.5000   -7.5000 2680.6609   15.9006
    0.0000   52.5000   -7.5000 2691.7363   15.6213
    7.5000   52.5000   -7.5000 2686.0371   15.8269
   -7.5000   60.0000   -7.5000 2528.8425   16.8218
    0.0000   60.0000   -7.5000 2542.4204   16.5659
    7.5000   60.0000   -7.5000 2533.0408   16.7757
   -7.5000  -30.0000    0.0000 2240.7825   23.0359
    0.0000  -30.0000    0.0000 2261.0647   22.7318
    7.5000  -30.0000    0.0000 2250.9988   22.8090
   -7.5000  -22.5000    0.0000 2373.2166   20.3323
    0.0000  -22.5000    0.0000 2392.8315   20.0933
    7.5000  -22.5000    0.0000 2388.0327   20.2440
   -7.5000  -15.0000    0.0000 2493.6628   18.2933
    0.0000  -15.0000    0.0000 2518.9880   18.0347
    7.5000  -15.0000    0.0000 2510.6282   18.1976
   -7.5000   -7.5000    0.0000 2605.8083   16.8061
    0.0000   -7.5000    0.0000 2631.0586   16.5568
    7.5000   -7.5000    0.0000 2629.9497   16.6764
   -7.5000    0.0000    0.0000 2706.7717   15.8045
    0.0000    0.0000    0.0000 2734.3943   15.6068
    7.5000    0.0000    0.0000 2734.5144   15.6640
   -7.5000    7.5000    0.0000 2798.1936   15.2597
    0.0000    7.5000    0.0000 2833.8762   15.1788
    7.5000    7.5000    0.0000 2827.6646   15.0422
   -7.5000   15.0000    0.0000 2852.8894   14.9552
    0.0000   15.0000    0.0000 2900.5054   14.9457
    7.5000   15.0000    0.0000 2878.6746   14.6617
   -7.5000   22.5000    0.0000 2865.2798   14.4907
    0.0000   22.5000    0.0000 2894.6816   14.4407
    7.5000   22.5000    0.0000 2883.5032   14.3782
   -7.5000   30.0000    0.0000 2844.7910   14.2086
    0.0000   30.0000    0.0000 2861.8320   14.1454
    7.5000   30.0000    0.0000 2860.4702   14.2669
   -7.5000   37.5000    0.0000 2820.5471   14.4496
    0.0000   37.5000    0.0000 2838.6482   14.2371
    7.5000   37.5000    0.0000 2830.7747   14.3906
   -7.5000   45.0000    0.0000 2782.9878   14.9834
    0.0000   45.0000    0.0000 2791.0164   14.7104
    7.5000   45.0000    0.0000 2784.9712   14.8248
   -7.5000   52.5000    0.0000 2689.7625   15.7416
    0.0000   52.5000    0.0000 2703.3628   15.4734
    7.5000   52.5000    0.0000 2692.9963   15.5854
   -7.5000   60.0000    0.0000 2542.8191   16.6499
    0.0000   60.0000    0.0000 2556.3176   16.4352
    7.5000   60.0000    0.0000 2543.9045   16.5368
   -7.5000  -30.0000    7.5000 2205.0339   23.5602
    0.0000  -30.0000    7.5000 2225.2776   23.2727
    7.5000  -30.0000    7.5000 2220.5559   23.3759
   -7.5000  -22.5000    7.5000 2325.3425   20.7829
    0.0000  -22.5000    7.5000 2348.7971   20.5753
    7.5000  -22.5000    7.5000 2353.2112   20.7352
   -7.5000  -15.0000    7.5000 2448.5945   18.7107
    0.0000  -15.0000    7.5000 2473.3198   18.5545
    7.5000  -15.0000    7.5000 2477.4204   18.6245
   -7.5000   -7.5000    7.5000 2571.4060   17.2776
    0.0000   -7.5000    7.5000 2601.7849   17.1499
    7.5000   -7.5000    7.5000 2599.6184   17.1173
   -7.5000    0.0000    7.5000 2684.9065   16.3009
    0.0000    0.0000    7.5000 2726.8523   16.2363
    7.5000    0.0000    7.5000 2715.0137   16.1158
   -7.5000    7.5000    7.5000 2791.2883   15.7187
    0.0000    7.5000    7.5000 2851.0447   15.8434
    7.5000    7.5000    7.5000 2816.2346   15.5117
   -7.5000   15.0000    7.5000 2863.7571   15.3757
    0.0000   15.0000    7.5000 2935.3728   15.6266
    7.5000   15.0000    7.5000 2876.7527   15.0985
   -7.5000   22.5000    7.5000 2881.4402   14.8324
    0.0000   22.5000    7.5000 2934.2358   14.9865
    7.5000   22.5000    7.5000 2882.4575   14.6584
   -7.5000   30.0000    7.5000 2863.6458   14.5699
    0.0000   30.0000    7.5000 2888.3962   14.4792
    7.5000   30.0000    7.5000 2852.8770   14.4459
   -7.5000   37.5000    7.5000 2825.0061   14.6495
    0.0000   37.5000    7.5000 2855.5408   14.4667
    7.5000   37.5000    7.5000 2826.8589   14.5166
   -7.5000   45.0000    7.5000 2769.3628   15.1105
    0.0000   45.0000    7.5000 2786.2822   14.9302
    7.5000   45.0000    7.5000 2773.1301   14.9885
   -7.5000   52.5000    7.5000 2678.1836   15.8250
    0.0000   52.5000    7.5000 2689.1101   15.6244
    7.5000   52.5000    7.5000 2682.4639   15.7194
   -7.5000   60.0000    7.5000 2538.3291   16.7030
    0.0000   60.0000    7.5000 2549.1245   16.5252
    7.5000   60.0000    7.5000 2536.0415   16.6171
   -7.5000  -30.0000   15.0000 2167.2312   24.5607
    0.0000  -30.0000   15.0000 2187.9822   24.3821
    7.5000  -30.0000   15.0000 2181.0747   24.3865
   -7.5000  -22.5000   15.0000 2288.5833   21.7322
    0.0000  -22.5000   15.0000 2318.6204   21.6915
    7.5000  -22.5000   15.0000 2314.1008   21.7157
   -7.5000  -15.0000   15.0000 2413.2290   19.6200
    0.0000  -15.0000   15.0000 2444.4023   19.6119
    7.5000  -15.0000   15.0000 2433.5730   19.5237
   -7.5000   -7.5000   15.0000 2537.8152   18.0706
    0.0000   -7.5000   15.0000 2577.5635   18.0970
    7.5000   -7.5000   15.0000 2561.1648   17.9345
   -7.5000    0.0000   15.0000 2652.3064   16.9510
    0.0000    0.0000   15.0000 2693.4109   17.0146
    7.5000    0.0000   15.0000 2680.7007   16.8032
   -7.5000    7.5000   15.0000 2758.0454   16.2056
    0.0000    7.5000   15.0000 2810.4187   16.4060
    7.5000    7.5000   15.0000 2784.4341   16.0494
   -7.5000   15.0000   15.0000 2824.2681   15.5530
    0.0000   15.0000   15.0000 2888.7849   15.7618
    7.5000   15.0000   15.0000 2845.8547   15.4971
   -7.5000   22.5000   15.0000 2858.5737   14.9629
    0.0000   22.5000   15.0000 2886.4980   14.8692
    7.5000   22.5000   15.0000 2860.4629   14.9490
   -7.5000   30.0000   15.0000 2856.0540   14.7684
    0.0000   30.0000   15.0000 2879.5220   14.5521
    7.5000   30.0000   15.0000 2846.5837   14.6820
   -7.5000   37.5000   15.0000 2819.4509   14.9942
    0.0000   37.5000   15.0000 2857.1589   14.8128
    7.5000   37.5000   15.0000 2828.2375   14.9128
   -7.5000   45.0000   15.0000 2755.3044   15.5998
    0.0000   45.0000   15.0000 2778.1094   15.4752
    7.5000   45.0000   15.0000 2757.8657   15.5017
   -7.5000   52.5000   15.0000 2651.3823   16.3811
    0.0000   52.5000   15.0000 2664.5591   16.2105
    7.5000   52.5000   15.0000 2650.5959   16.2941
   -7.5000   60.0000   15.0000 2501.6863   17.1860
    0.0000   60.0000   15.0000 2518.2368   17.0427
    7.5000   60.0000   15.0000 2502.4102   17.1303
   -7.5000  -30.0000   22.5000 2129.6631   25.9021
    0.0000  -30.0000   22.5000 2156.9661   25.9145
    7.5000  -30.0000   22.5000 2141.0078   25.8258
   -7.5000  -22.5000   22.5000 2259.4451   22.8784
    0.0000  -22.5000   22.5000 2285.5032   22.9083
    7.5000  -22.5000   22.5000 2276.9485   22.9121
   -7.5000  -15.0000   22.5000 2381.1621   20.5860
    0.0000  -15.0000   22.5000 2409.2043   20.5735
    7.5000  -15.0000   22.5000 2397.6995   20.6002
   -7.5000   -7.5000   22.5000 2496.2703   18.8843
    0.0000   -7.5000   22.5000 2532.8870   18.8716
    7.5000   -7.5000   22.5000 2526.1460   18.8964
   -7.5000    0.0000   22.5000 2604.2268   17.6217
    0.0000    0.0000   22.5000 2638.9004   17.6521
    7.5000    0.0000   22.5000 2642.3823   17.6364
   -7.5000    7.5000   22.5000 2699.8918   16.7256
    0.0000    7.5000   22.5000 2735.4858   16.7861
    7.5000    7.5000   22.5000 2738.4917   16.7794
   -7.5000   15.0000   22.5000 2766.0139   15.9601
    0.0000   15.0000   22.5000 2801.3833   15.9006
    7.5000   15.0000   22.5000 2796.1257   16.0210
   -7.5000   22.5000   22.5000 2803.4607   15.3381
    0.0000   22.5000   22.5000 2819.9648   15.0812
    7.5000   22.5000   22.5000 2817.2937   15.3758
   -7.5000   30.0000   22.5000 2811.6338   15.1609
    0.0000   30.0000   22.5000 2841.3457   14.9426
    7.5000   30.0000   22.5000 2820.4800   15.1750
   -7.5000   37.5000   22.5000 2788.5210   15.4614
    0.0000   37.5000   22.5000 2825.3201   15.2842
    7.5000   37.5000   22.5000 2800.8694   15.4481
   -7.5000   45.0000   22.5000 2730.9524   16.1397
    0.0000   45.0000   22.5000 2756.4976   15.9542
    7.5000   45.0000   22.5000 2734.3977   16.0728
   -7.5000   52.5000   22.5000 2621.1851   17.0066
    0.0000   52.5000   22.5000 2639.7297   16.8347
    7.5000   52.5000   22.5000 2624.1238   16.9314
   -7.5000   60.0000   22.5000 2469.0950   17.8813
    0.0000   60.0000   22.5000 2494.9524   17.7321
    7.5000   60.0000   22.5000 2475.2898   17.8202
   -7.5000  -30.0000   30.0000 2079.7178   27.3488
    0.0000  -30.0000   30.0000 2100.5249   27.3306
    7.5000  -30.0000   30.0000 2097.6416   27.4421
   -7.5000  -22.5000   30.0000 2211.3196   24.0741
    0.0000  -22.5000   30.0000 2232.5325   24.0242
    7.5000  -22.5000   30.0000 2232.2266   24.2141
   -7.5000  -15.0000   30.0000 2332.6362   21.6004
    0.0000  -15.0000   30.0000 2353.0508   21.5127
    7.5000  -15.0000   30.0000 2357.9241   21.7734
   -7.5000   -7.5000   30.0000 2444.3552   19.7306
    0.0000   -7.5000   30.0000 2471.3511   19.6439
    7.5000   -7.5000   30.0000 2482.0754   19.9432
   -7.5000    0.0000   30.0000 2545.5393   18.3664
    0.0000    0.0000   30.0000 2568.1992   18.2824
    7.5000    0.0000   30.0000 2590.6694   18.5705
   -7.5000    7.5000   30.0000 2634.3206   17.3806
    0.0000    7.5000   30.0000 2657.5874   17.2959
    7.5000    7.5000   30.0000 2675.3330   17.5059
   -7.5000   15.0000   30.0000 2692.7944   16.5249
    0.0000   15.0000   30.0000 2716.5469   16.2942
    7.5000   15.0000   30.0000 2725.1177   16.6095
   -7.5000   22.5000   30.0000 2725.8152   15.9036
    0.0000   22.5000   30.0000 2750.0752   15.6663
    7.5000   22.5000   30.0000 2753.7478   15.9963
   -7.5000   30.0000   30.0000 2744.0720   15.7880
    0.0000   30.0000   30.0000 2770.2605   15.6092
    7.5000   30.0000   30.0000 2758.9492   15.8696
   -7.5000   37.5000   30.0000 2729.5178   16.1346
    0.0000   37.5000   30.0000 2757.7781   15.9690
    7.5000   37.5000   30.0000 2740.5769   16.1546
   -7.5000   45.0000   30.0000 2674.5654   16.8474
    0.0000   45.0000   30.0000 2705.3687   16.6828
    7.5000   45.0000   30.0000 2682.9783   16.8350
   -7.5000   52.5000   30.0000 2568.5564   17.7459
    0.0000   52.5000   30.0000 2591.2410   17.5664
    7.5000   52.5000   30.0000 2574.0264   17.6698
   -7.5000   60.0000   30.0000 2422.4399   18.6514
    0.0000   60.0000   30.0000 2449.6492   18.4742
    7.5000   60.0000   30.0000 2436.5391   18.5825
   -7.5000  -30.0000   37.5000 2016.8833   28.8302
    0.0000  -30.0000   37.5000 2039.8160   28.7454
    7.5000  -30.0000   37.5000 2050.6809   29.2800
   -7.5000  -22.5000   37.5000 2155.9028   25.4289
    0.0000  -22.5000   37.5000 2170.7388   25.2472
    7.5000  -22.5000   37.5000 2188.0273   25.7538
   -7.5000  -15.0000   37.5000 2274.1523   22.7590
    0.0000  -15.0000   37.5000 2289.0388   22.5883
    7.5000  -15.0000   37.5000 2305.7786   23.0727
   -7.5000   -7.5000   37.5000 2384.7361   20.7477
    0.0000   -7.5000   37.5000 2402.1594   20.5569
    7.5000   -7.5000   37.5000 2425.5107   21.0745
   -7.5000    0.0000   37.5000 2484.2739   19.2569
    0.0000    0.0000   37.5000 2500.6433   19.0987
    7.5000    0.0000   37.5000 2524.7759   19.5712
   -7.5000    7.5000   37.5000 2565.4053   18.2157
    0.0000    7.5000   37.5000 2582.8193   17.9920
    7.5000    7.5000   37.5000 2602.1858   18.3593
   -7.5000   15.0000   37.5000 2614.3423   17.2769
    0.0000   15.0000   37.5000 2641.7058   17.0660
    7.5000   15.0000   37.5000 2647.8772   17.4005
   -7.5000   22.5000   37.5000 2651.3982   16.7339
    0.0000   22.5000   37.5000 2673.7285   16.5422
    7.5000   22.5000   37.5000 2680.4653   16.8842
   -7.5000   30.0000   37.5000 2666.2922   16.6856
    0.0000   30.0000   37.5000 2687.3767   16.5154
    7.5000   30.0000   37.5000 2681.2085   16.7698
   -7.5000   37.5000   37.5000 2656.1099   17.0364
    0.0000   37.5000   37.5000 2683.0330   16.8591
    7.5000   37.5000   37.5000 2667.1238   17.0855
   -7.5000   45.0000   37.5000 2603.9658   17.7335
    0.0000   45.0000   37.5000 2635.0618   17.5553
    7.5000   45.0000   37.5000 2620.3474   17.7643
   -7.5000   52.5000   37.5000 2504.4885   18.6191
    0.0000   52.5000   37.5000 2527.9785   18.4202
    7.5000   52.5000   37.5000 2516.6619   18.5898
   -7.5000   60.0000   37.5000 2362.9175   19.5131
    0.0000   60.0000   37.5000 2385.6228   19.3513
    7.5000   60.0000   37.5000 2377.9321   19.4819
   -7.5000  -30.0000   45.0000 1952.2842   30.7122
    0.0000  -30.0000   45.0000 1970.4767   30.6539
    7.5000  -30.0000   45.0000 1989.3910   31.2962
   -7.5000  -22.5000   45.0000 2091.5989   27.0580
    0.0000  -22.5000   45.0000 2104.3108   26.8716
    7.5000  -22.5000   45.0000 2122.9490   27.5181
   -7.5000  -15.0000   45.0000 2210.2139   24.1657
    0.0000  -15.0000   45.0000 2221.1492   23.8890
    7.5000  -15.0000   45.0000 2244.2227   24.6240
   -7.5000   -7.5000   45.0000 2318.7534   21.9818
    0.0000   -7.5000   45.0000 2329.2649   21.6948
    7.5000   -7.5000   45.0000 2357.5784   22.3654
   -7.5000    0.0000   45.0000 2410.5879   20.4500
    0.0000    0.0000   45.0000 2426.9067   20.1831
    7.5000    0.0000   45.0000 2449.4990   20.7610
   -7.5000    7.5000   45.0000 2484.5559   19.3077
    0.0000    7.5000   45.0000 2497.7583   19.0222
    7.5000    7.5000   45.0000 2515.3728   19.5118
   -7.5000   15.0000   45.0000 2530.5735   18.3206
    0.0000   15.0000   45.0000 2552.7278   18.1598
    7.5000   15.0000   45.0000 2557.6958   18.5370
   -7.5000   22.5000   45.0000 2569.4319   17.8578
    0.0000   22.5000   45.0000 2590.9443   17.7005
    7.5000   22.5000   45.0000 2591.8530   18.0066
   -7.5000   30.0000   45.0000 2579.7432   17.8383
    0.0000   30.0000   45.0000 2600.7161   17.6708
    7.5000   30.0000   45.0000 2593.8816   17.9136
   -7.5000   37.5000   45.0000 2564.4614   18.1856
    0.0000   37.5000   45.0000 2593.4851   18.0346
    7.5000   37.5000   45.0000 2580.1562   18.2618
   -7.5000   45.0000   45.0000 2518.5811   18.8223
    0.0000   45.0000   45.0000 2559.2170   18.6780
    7.5000   45.0000   45.0000 2540.4250   18.9215
   -7.5000   52.5000   45.0000 2428.3567   19.6512
    0.0000   52.5000   45.0000 2460.3589   19.4528
    7.5000   52.5000   45.0000 2442.1052   19.6737
   -7.5000   60.0000   45.0000 2286.7527   20.5576
    0.0000   60.0000   45.0000 2311.9387   20.3712
    7.5000   60.0000   45.0000 2299.0806   20.5699

---------------------------------------------------------------------
imgreg_4dfp /opt/freesurfer/average/711-2C_as_mni_average_305 /opt/freesurfer/average/711-2B_as_mni_average_305_mask talsrcimg_g11 none talsrcimg_to_711-2C_as_mni_average_305_t4 1283
---------------------------------------------------------------------

freesurfer imgreg_4dfp.c
/opt/freesurfer/average/711-2C_as_mni_average_305.4dfp.img
       256       256       256         1
  1.000000  1.000000  1.000000
orientation T byte_order littleendian
Reading image: /opt/freesurfer/average/711-2C_as_mni_average_305.4dfp.img
dimensions:      256       256       256
mmppix:       1.0000   -1.0000   -1.0000
center:     128.0000 -129.0000 -129.0000
/opt/freesurfer/average/711-2B_as_mni_average_305_mask.4dfp.img
       256       256       256         1
  1.000000  1.000000  1.000000
orientation T byte_order littleendian
Reading mask: /opt/freesurfer/average/711-2B_as_mni_average_305_mask.4dfp.img (2306576 pixels)
talsrcimg_g11.4dfp.img
       256       256       256         1
  1.000000  1.000000  1.000000
orientation T byte_order littleendian
Reading image: talsrcimg_g11.4dfp.img
dimensions:      256       256       256
mmppix:       1.0000   -1.0000   -1.0000
center:     128.0000 -129.0000 -129.0000
rotation matrix determinant  1.000000
fimgreg.f
image alignment mode   1283 decimal      503 hex
parameters
    0.0000   15.0000    7.5000    0.0000    0.0000    0.0000
eta,q 0.92277 15.69936
niter,ni,del,rscale     5    3   12.0000    1.2000
parameter  2 -0.866245 -> -0.500000 qaram    1.1500
parameter  4  0.784492 ->  0.500000 qaram    1.1500
parameter  6  0.663863 ->  0.500000 qaram    1.1500
parameters
    0.0053   18.4500    7.1310   -3.4500   -2.0127   -3.4500
eta,q 0.93498 15.47285
  0.0962  0.1004  0.0798  0.0701  0.0716  0.0656
  0.0856  0.0929  0.0748  0.0691  0.0681  0.0650
  0.0788  0.0851  0.0720  0.0689  0.0670  0.0654
  0.0787  0.0787  0.0715  0.0716  0.0689  0.0670
  0.0831  0.0740  0.0723  0.0756  0.0716  0.0696
  0.0877  0.0715  0.0762  0.0792  0.0755  0.0734
  0.0933  0.0735  0.0827  0.0820  0.0802  0.0777
niter,ni,del,rscale     7    3   12.0000    1.2000
parameters
    0.1159   20.3364    6.4826   -6.0057   -2.1524   -4.1411
eta,q 0.93922 15.41641
  0.0857  0.0929  0.0734  0.0651  0.0678  0.0671
  0.0757  0.0812  0.0667  0.0620  0.0638  0.0627
  0.0677  0.0720  0.0635  0.0612  0.0616  0.0608
  0.0650  0.0651  0.0633  0.0631  0.0610  0.0610
  0.0679  0.0636  0.0656  0.0657  0.0613  0.0626
  0.0748  0.0680  0.0708  0.0700  0.0638  0.0653
  0.0841  0.0740  0.0784  0.0753  0.0690  0.0692
niter,ni,del,rscale     6    3   12.0000    1.2000
parameters
   -0.0581   21.4949    5.9396   -7.9920   -2.0975   -4.3425
eta,q 0.94066 15.39155
  0.0803  0.0853  0.0719  0.0640  0.0672  0.0667
  0.0698  0.0756  0.0651  0.0621  0.0632  0.0620
  0.0626  0.0668  0.0616  0.0595  0.0605  0.0597
  0.0608  0.0607  0.0607  0.0607  0.0594  0.0594
  0.0645  0.0630  0.0633  0.0641  0.0597  0.0611
  0.0724  0.0690  0.0691  0.0671  0.0625  0.0634
  0.0815  0.0731  0.0761  0.0712  0.0674  0.0666
niter,ni,del,rscale     5    3   12.0000    1.2000
parameters
   -0.1452   22.1657    5.2804   -9.6989   -2.2103   -4.8373
eta,q 0.94049 15.46680
  0.0809  0.0820  0.0705  0.0633  0.0693  0.0656
  0.0702  0.0731  0.0639  0.0621  0.0643  0.0613
  0.0624  0.0645  0.0603  0.0602  0.0605  0.0597
  0.0593  0.0593  0.0595  0.0595  0.0596  0.0596
  0.0628  0.0631  0.0625  0.0626  0.0610  0.0608
  0.0717  0.0694  0.0690  0.0661  0.0650  0.0632
  0.0816  0.0744  0.0754  0.0694  0.0698  0.0669
niter,ni,del,rscale     4    3   12.0000    1.2000
parameters
   -0.1034   22.4278    4.6425  -11.1177   -2.4151   -5.2195
eta,q 0.93974 15.55564
  0.0838  0.0789  0.0703  0.0628  0.0704  0.0653
  0.0726  0.0704  0.0645  0.0617  0.0653  0.0615
  0.0632  0.0639  0.0602  0.0610  0.0612  0.0604
  0.0595  0.0595  0.0594  0.0592  0.0603  0.0602
  0.0628  0.0625  0.0627  0.0610  0.0626  0.0608
  0.0722  0.0697  0.0689  0.0645  0.0668  0.0628
  0.0832  0.0759  0.0753  0.0682  0.0711  0.0663
niter,ni,del,rscale     3    3   12.0000    1.2000
parameters
   -0.0899   22.6309    4.1406  -12.2168   -2.4467   -5.3028
eta,q 0.93929 15.55835
  0.0849  0.0774  0.0712  0.0628  0.0712  0.0652
  0.0728  0.0695  0.0660  0.0616  0.0663  0.0619
  0.0634  0.0637  0.0617  0.0609  0.0619  0.0608
  0.0603  0.0603  0.0601  0.0601  0.0607  0.0607
  0.0637  0.0613  0.0633  0.0599  0.0629  0.0610
  0.0732  0.0685  0.0692  0.0633  0.0668  0.0623
  0.0843  0.0759  0.0749  0.0669  0.0708  0.0652
niter,ni,del,rscale     2    3   12.0000    1.2000
parameters
   -0.1258   22.8621    3.8041  -12.7632   -2.3470   -5.2660
eta,q 0.93923 15.52521
  0.0847  0.0770  0.0725  0.0639  0.0713  0.0652
  0.0720  0.0689  0.0671  0.0618  0.0665  0.0621
  0.0631  0.0635  0.0626  0.0607  0.0621  0.0608
  0.0607  0.0607  0.0606  0.0606  0.0607  0.0608
  0.0644  0.0611  0.0633  0.0597  0.0627  0.0611
  0.0736  0.0669  0.0694  0.0625  0.0664  0.0622
  0.0841  0.0758  0.0751  0.0662  0.0702  0.0649
niter,ni,del,rscale     1    3   12.0000    1.2000
parameters
   -0.1620   22.9964    3.6648  -12.9487   -2.2758   -5.2614
eta,q 0.93924 15.50495
  0.0843  0.0765  0.0735  0.0648  0.0712  0.0652
  0.0717  0.0683  0.0679  0.0620  0.0663  0.0621
  0.0629  0.0632  0.0630  0.0607  0.0620  0.0608
  0.0608  0.0608  0.0607  0.0607  0.0607  0.0608
  0.0645  0.0613  0.0630  0.0600  0.0627  0.0612
  0.0734  0.0667  0.0689  0.0621  0.0663  0.0623
  0.0835  0.0762  0.0747  0.0659  0.0702  0.0649
registration optimization eta report
parameter search radius
    6.0000    6.9000    6.0000    6.9000    6.0000    6.9000
100000*second partial in parameter space
       64.       33.       36.       11.       27.        9.
  0.0843  0.0765  0.0735  0.0648  0.0712  0.0652
  0.0717  0.0683  0.0679  0.0620  0.0663  0.0621
  0.0629  0.0632  0.0630  0.0607  0.0620  0.0608
  0.0608  0.0608  0.0607  0.0607  0.0607  0.0608
  0.0645  0.0613  0.0630  0.0600  0.0627  0.0612
  0.0734  0.0667  0.0689  0.0621  0.0663  0.0623
  0.0835  0.0762  0.0747  0.0659  0.0702  0.0649
   -0.1620   22.9964    3.6648  -12.9487   -2.2758   -5.2614
eta,q 0.93924 15.50495

---------------------------------------------------------------------
imgreg_4dfp /opt/freesurfer/average/711-2C_as_mni_average_305 /opt/freesurfer/average/711-2B_as_mni_average_305_mask talsrcimg_g11 none talsrcimg_to_711-2C_as_mni_average_305_t4 3335
---------------------------------------------------------------------

freesurfer imgreg_4dfp.c
/opt/freesurfer/average/711-2C_as_mni_average_305.4dfp.img
       256       256       256         1
  1.000000  1.000000  1.000000
orientation T byte_order littleendian
Reading image: /opt/freesurfer/average/711-2C_as_mni_average_305.4dfp.img
dimensions:      256       256       256
mmppix:       1.0000   -1.0000   -1.0000
center:     128.0000 -129.0000 -129.0000
/opt/freesurfer/average/711-2B_as_mni_average_305_mask.4dfp.img
       256       256       256         1
  1.000000  1.000000  1.000000
orientation T byte_order littleendian
Reading mask: /opt/freesurfer/average/711-2B_as_mni_average_305_mask.4dfp.img (2306576 pixels)
talsrcimg_g11.4dfp.img
       256       256       256         1
  1.000000  1.000000  1.000000
orientation T byte_order littleendian
Reading image: talsrcimg_g11.4dfp.img
dimensions:      256       256       256
mmppix:       1.0000   -1.0000   -1.0000
center:     128.0000 -129.0000 -129.0000
fimgreg.f
image alignment mode   3335 decimal      D07 hex
parameters
   -0.1620   22.9964    3.6648   -0.4999   -2.8719   -2.6197
    8.0507    5.9085   -9.1628   21.9585   -3.9710  -22.3901
eta,q 0.93988 15.44741
niter,ni,del,rscale     5    3    5.0000    1.2000
parameter  4  1.487518 ->  0.500000 qaram    1.1500
parameter  5  1.523307 ->  0.500000 qaram    1.1500
parameter  6  0.623244 ->  0.500000 qaram    1.1500
parameter 10  1.129301 ->  0.500000 qaram    1.1500
parameters
   -0.1543   23.4945    4.0830   -4.6399   -7.0119   -6.7597
    6.5554    5.2588   -5.6799   17.8185   -3.4624  -20.9012
eta,q 0.96051 15.27556
  0.0648  0.0646  0.0631  0.0499  0.0417  0.0430  0.0450  0.0485  0.0466  0.0389  0.0409  0.0409
  0.0623  0.0623  0.0617  0.0513  0.0439  0.0429  0.0435  0.0451  0.0447  0.0393  0.0401  0.0401
  0.0607  0.0608  0.0606  0.0546  0.0472  0.0432  0.0428  0.0431  0.0434  0.0403  0.0396  0.0397
  0.0601  0.0601  0.0601  0.0600  0.0520  0.0447  0.0429  0.0427  0.0426  0.0422  0.0395  0.0395
  0.0606  0.0601  0.0600  0.0669  0.0583  0.0482  0.0438  0.0440  0.0423  0.0445  0.0396  0.0395
  0.0622  0.0608  0.0605  0.0743  0.0657  0.0535  0.0455  0.0469  0.0423  0.0470  0.0399  0.0396
  0.0648  0.0619  0.0616  0.0812  0.0730  0.0601  0.0480  0.0510  0.0426  0.0506  0.0405  0.0400
niter,ni,del,rscale     7    3    5.0000    1.2000
parameter  2 -0.815279 -> -0.500000 qaram    1.1500
parameter  3  0.730335 ->  0.500000 qaram    1.1500
parameter  5  0.901754 ->  0.500000 qaram    1.3225
parameters
    0.0553   24.8745    2.7030   -8.6740  -11.7729   -9.3429
    6.3127    4.6131   -5.3145   15.6376   -6.2697  -23.3068
eta,q 0.96913 14.62648
  0.0446  0.0461  0.0372  0.0371  0.0307  0.0329  0.0342  0.0353  0.0339  0.0340  0.0313  0.0314
  0.0420  0.0434  0.0371  0.0364  0.0314  0.0317  0.0327  0.0330  0.0326  0.0322  0.0310  0.0310
  0.0403  0.0411  0.0373  0.0362  0.0331  0.0315  0.0318  0.0317  0.0318  0.0312  0.0310  0.0309
  0.0395  0.0394  0.0378  0.0371  0.0363  0.0317  0.0315  0.0315  0.0314  0.0314  0.0311  0.0310
  0.0397  0.0383  0.0386  0.0403  0.0412  0.0324  0.0318  0.0322  0.0316  0.0331  0.0314  0.0314
  0.0409  0.0377  0.0396  0.0461  0.0479  0.0349  0.0329  0.0341  0.0323  0.0359  0.0318  0.0320
  0.0431  0.0379  0.0409  0.0534  0.0558  0.0398  0.0346  0.0370  0.0335  0.0392  0.0323  0.0329
niter,ni,del,rscale     7    3    5.0000    1.2000
parameters
    0.2493   25.7352    2.5194   -9.3141  -16.0395   -9.8303
    6.0968    4.6354   -5.5155   16.5099   -6.7772  -26.1505
eta,q 0.97050 14.30964
  0.0351  0.0373  0.0321  0.0338  0.0307  0.0323  0.0322  0.0344  0.0317  0.0345  0.0302  0.0298
  0.0330  0.0344  0.0312  0.0323  0.0299  0.0308  0.0309  0.0316  0.0306  0.0322  0.0298  0.0296
  0.0316  0.0322  0.0306  0.0311  0.0298  0.0298  0.0300  0.0301  0.0299  0.0305  0.0296  0.0295
  0.0309  0.0308  0.0304  0.0304  0.0305  0.0297  0.0297  0.0297  0.0297  0.0297  0.0296  0.0296
  0.0310  0.0304  0.0307  0.0305  0.0329  0.0302  0.0300  0.0303  0.0300  0.0297  0.0297  0.0299
  0.0321  0.0310  0.0315  0.0323  0.0383  0.0308  0.0310  0.0318  0.0308  0.0308  0.0300  0.0305
  0.0340  0.0324  0.0326  0.0363  0.0463  0.0333  0.0326  0.0341  0.0319  0.0330  0.0303  0.0312
niter,ni,del,rscale     6    3    5.0000    1.2000
parameters
    0.2893   26.0410    2.3555   -8.6980  -17.7980   -9.8242
    5.8891    4.8029   -5.4160   17.1509   -6.5687  -27.5617
eta,q 0.97074 14.25544
  0.0331  0.0339  0.0310  0.0335  0.0319  0.0324  0.0319  0.0345  0.0316  0.0339  0.0302  0.0298
  0.0312  0.0316  0.0301  0.0318  0.0304  0.0307  0.0305  0.0315  0.0304  0.0315  0.0296  0.0294
  0.0300  0.0302  0.0296  0.0304  0.0295  0.0296  0.0296  0.0298  0.0296  0.0300  0.0294  0.0292
  0.0295  0.0295  0.0295  0.0295  0.0293  0.0293  0.0293  0.0293  0.0293  0.0293  0.0293  0.0293
  0.0298  0.0297  0.0297  0.0291  0.0299  0.0297  0.0297  0.0300  0.0296  0.0295  0.0294  0.0295
  0.0310  0.0306  0.0303  0.0302  0.0318  0.0302  0.0307  0.0315  0.0303  0.0306  0.0296  0.0299
  0.0330  0.0323  0.0315  0.0332  0.0368  0.0327  0.0323  0.0337  0.0315  0.0327  0.0301  0.0305
niter,ni,del,rscale     5    3    5.0000    1.2000
parameters
    0.2829   26.1437    2.2194   -8.5195  -18.0687   -9.8048
    5.7620    4.8934   -5.4017   17.4528   -6.2983  -27.9264
eta,q 0.97077 14.26487
  0.0328  0.0331  0.0308  0.0331  0.0328  0.0324  0.0319  0.0343  0.0316  0.0334  0.0303  0.0301
  0.0309  0.0311  0.0299  0.0315  0.0310  0.0306  0.0305  0.0313  0.0303  0.0311  0.0296  0.0295
  0.0297  0.0298  0.0294  0.0302  0.0298  0.0295  0.0296  0.0296  0.0295  0.0297  0.0293  0.0292
  0.0293  0.0293  0.0293  0.0293  0.0292  0.0292  0.0292  0.0292  0.0292  0.0292  0.0292  0.0292
  0.0296  0.0296  0.0295  0.0290  0.0294  0.0295  0.0296  0.0299  0.0295  0.0296  0.0293  0.0294
  0.0309  0.0307  0.0301  0.0304  0.0306  0.0300  0.0306  0.0315  0.0303  0.0308  0.0296  0.0297
  0.0329  0.0326  0.0312  0.0337  0.0339  0.0328  0.0321  0.0337  0.0315  0.0329  0.0301  0.0302
niter,ni,del,rscale     4    3    5.0000    1.2000
parameters
    0.2728   26.1694    2.1530   -8.4289  -18.0801   -9.7468
    5.7605    4.9231   -5.4328   17.5534   -6.1681  -28.0374
eta,q 0.97080 14.28051
  0.0327  0.0329  0.0309  0.0330  0.0330  0.0324  0.0319  0.0342  0.0315  0.0332  0.0302  0.0302
  0.0309  0.0309  0.0300  0.0314  0.0311  0.0306  0.0305  0.0311  0.0303  0.0310  0.0296  0.0296
  0.0297  0.0297  0.0294  0.0301  0.0298  0.0295  0.0296  0.0295  0.0295  0.0296  0.0293  0.0292
  0.0292  0.0292  0.0292  0.0292  0.0292  0.0292  0.0292  0.0292  0.0292  0.0292  0.0292  0.0292
  0.0296  0.0296  0.0294  0.0290  0.0294  0.0294  0.0295  0.0299  0.0295  0.0296  0.0293  0.0294
  0.0308  0.0309  0.0301  0.0304  0.0304  0.0299  0.0305  0.0315  0.0303  0.0308  0.0296  0.0296
  0.0329  0.0327  0.0311  0.0338  0.0336  0.0327  0.0320  0.0337  0.0315  0.0330  0.0301  0.0301
niter,ni,del,rscale     3    3    5.0000    1.2000
parameters
    0.2631   26.1748    2.1277   -8.4052  -18.0818   -9.7355
    5.7752    4.9220   -5.4513   17.5861   -6.1324  -28.0713
eta,q 0.97080 14.28487
  0.0327  0.0328  0.0309  0.0330  0.0330  0.0323  0.0319  0.0341  0.0315  0.0331  0.0302  0.0302
  0.0309  0.0308  0.0300  0.0314  0.0311  0.0306  0.0305  0.0311  0.0303  0.0309  0.0296  0.0296
  0.0297  0.0296  0.0294  0.0301  0.0298  0.0295  0.0296  0.0295  0.0295  0.0296  0.0293  0.0292
  0.0292  0.0292  0.0292  0.0292  0.0292  0.0292  0.0292  0.0292  0.0292  0.0292  0.0292  0.0292
  0.0296  0.0296  0.0294  0.0290  0.0293  0.0294  0.0295  0.0299  0.0295  0.0296  0.0293  0.0294
  0.0308  0.0309  0.0300  0.0305  0.0304  0.0299  0.0304  0.0315  0.0303  0.0309  0.0297  0.0296
  0.0329  0.0328  0.0310  0.0339  0.0336  0.0328  0.0320  0.0337  0.0315  0.0331  0.0301  0.0301
registration optimization eta report
parameter search radius
    2.4000    2.7600    2.7600    8.2800    9.5220    8.2800
    7.2000    7.2000    7.2000    8.2800    7.2000    7.2000
100000*second partial in parameter space
       63.       47.       24.        6.        5.        5.
        5.        9.        4.        6.        2.        2.
  0.0327  0.0328  0.0309  0.0330  0.0330  0.0323  0.0319  0.0341  0.0315  0.0331  0.0302  0.0302
  0.0309  0.0308  0.0300  0.0314  0.0311  0.0306  0.0305  0.0311  0.0303  0.0309  0.0296  0.0296
  0.0297  0.0296  0.0294  0.0301  0.0298  0.0295  0.0296  0.0295  0.0295  0.0296  0.0293  0.0292
  0.0292  0.0292  0.0292  0.0292  0.0292  0.0292  0.0292  0.0292  0.0292  0.0292  0.0292  0.0292
  0.0296  0.0296  0.0294  0.0290  0.0293  0.0294  0.0295  0.0299  0.0295  0.0296  0.0293  0.0294
  0.0308  0.0309  0.0300  0.0305  0.0304  0.0299  0.0304  0.0315  0.0303  0.0309  0.0297  0.0296
  0.0329  0.0328  0.0310  0.0339  0.0336  0.0328  0.0320  0.0337  0.0315  0.0331  0.0301  0.0301
    0.2631   26.1748    2.1277   -8.4052  -18.0818   -9.7355
    5.7752    4.9220   -5.4513   17.5861   -6.1324  -28.0713
eta,q 0.97080 14.28487

---------------------------------------------------------------------
imgreg_4dfp /opt/freesurfer/average/711-2C_as_mni_average_305 /opt/freesurfer/average/711-2B_as_mni_average_305_mask talsrcimg_g11 none talsrcimg_to_711-2C_as_mni_average_305_t4 2311
---------------------------------------------------------------------

freesurfer imgreg_4dfp.c
/opt/freesurfer/average/711-2C_as_mni_average_305.4dfp.img
       256       256       256         1
  1.000000  1.000000  1.000000
orientation T byte_order littleendian
Reading image: /opt/freesurfer/average/711-2C_as_mni_average_305.4dfp.img
dimensions:      256       256       256
mmppix:       1.0000   -1.0000   -1.0000
center:     128.0000 -129.0000 -129.0000
/opt/freesurfer/average/711-2B_as_mni_average_305_mask.4dfp.img
       256       256       256         1
  1.000000  1.000000  1.000000
orientation T byte_order littleendian
Reading mask: /opt/freesurfer/average/711-2B_as_mni_average_305_mask.4dfp.img (2306576 pixels)
talsrcimg_g11.4dfp.img
       256       256       256         1
  1.000000  1.000000  1.000000
orientation T byte_order littleendian
Reading image: talsrcimg_g11.4dfp.img
dimensions:      256       256       256
mmppix:       1.0000   -1.0000   -1.0000
center:     128.0000 -129.0000 -129.0000
fimgreg.f
image alignment mode   2311 decimal      907 hex
parameters
    0.2631   26.1748    2.1277   -8.4052  -18.0818   -9.7355
    5.7752    4.9220   -5.4513   17.5861   -6.1324  -28.0713
eta,q 0.97080 14.28487
niter,ni,del,rscale     5    3    5.0000    0.8000
parameters
    0.2977   26.1569    2.1535   -7.1782  -17.2560   -9.1651
    5.5242    5.0517   -5.5599   17.8341   -5.4894  -27.7421
eta,q 0.97105 14.47723
  0.0309  0.0304  0.0298  0.0310  0.0302  0.0300  0.0303  0.0316  0.0300  0.0304  0.0296  0.0295
  0.0300  0.0297  0.0295  0.0303  0.0296  0.0294  0.0295  0.0301  0.0294  0.0296  0.0293  0.0292
  0.0294  0.0293  0.0293  0.0297  0.0292  0.0290  0.0291  0.0292  0.0291  0.0292  0.0290  0.0290
  0.0292  0.0292  0.0292  0.0292  0.0290  0.0289  0.0290  0.0290  0.0290  0.0290  0.0290  0.0290
  0.0293  0.0293  0.0293  0.0290  0.0290  0.0290  0.0292  0.0293  0.0291  0.0290  0.0290  0.0290
  0.0299  0.0298  0.0295  0.0291  0.0292  0.0292  0.0297  0.0300  0.0295  0.0294  0.0291  0.0291
  0.0308  0.0305  0.0298  0.0299  0.0296  0.0296  0.0306  0.0312  0.0301  0.0301  0.0293  0.0293
niter,ni,del,rscale     4    3    5.0000    0.7000
parameters
    0.2475   26.1005    2.0349   -6.9937  -16.9834   -8.7252
    5.6549    5.0901   -5.5972   18.1210   -5.0858  -27.7438
eta,q 0.97107 14.55247
  0.0302  0.0299  0.0293  0.0303  0.0298  0.0295  0.0301  0.0309  0.0298  0.0300  0.0294  0.0293
  0.0295  0.0294  0.0291  0.0297  0.0294  0.0291  0.0295  0.0297  0.0293  0.0295  0.0291  0.0291
  0.0291  0.0290  0.0290  0.0293  0.0291  0.0289  0.0291  0.0291  0.0290  0.0291  0.0290  0.0290
  0.0290  0.0290  0.0290  0.0290  0.0289  0.0289  0.0289  0.0289  0.0289  0.0289  0.0289  0.0289
  0.0291  0.0291  0.0290  0.0289  0.0290  0.0290  0.0290  0.0292  0.0290  0.0290  0.0290  0.0290
  0.0296  0.0295  0.0292  0.0293  0.0292  0.0290  0.0294  0.0298  0.0293  0.0292  0.0291  0.0291
  0.0305  0.0300  0.0295  0.0303  0.0296  0.0293  0.0300  0.0307  0.0298  0.0298  0.0292  0.0293
niter,ni,del,rscale     3    3    5.0000    0.6000
parameters
    0.2084   26.0594    1.9240   -6.7665  -16.8404   -8.5200
    5.6838    5.1295   -5.6079   18.3578   -4.8160  -27.8102
eta,q 0.97111 14.60002
  0.0299  0.0296  0.0292  0.0300  0.0295  0.0292  0.0298  0.0304  0.0295  0.0297  0.0292  0.0292
  0.0294  0.0292  0.0290  0.0296  0.0292  0.0290  0.0293  0.0295  0.0292  0.0293  0.0290  0.0290
  0.0290  0.0290  0.0289  0.0292  0.0290  0.0289  0.0290  0.0290  0.0290  0.0290  0.0289  0.0289
  0.0289  0.0289  0.0289  0.0289  0.0289  0.0289  0.0289  0.0289  0.0289  0.0289  0.0289  0.0289
  0.0290  0.0290  0.0290  0.0289  0.0289  0.0289  0.0290  0.0291  0.0290  0.0289  0.0289  0.0289
  0.0294  0.0293  0.0291  0.0292  0.0291  0.0289  0.0293  0.0295  0.0292  0.0291  0.0290  0.0290
  0.0301  0.0297  0.0293  0.0299  0.0295  0.0291  0.0297  0.0302  0.0295  0.0296  0.0291  0.0292
niter,ni,del,rscale     2    3    5.0000    0.5000
parameters
    0.1762   26.0415    1.8289   -6.5611  -16.7650   -8.2111
    5.6725    5.1883   -5.6076   18.6254   -4.5713  -27.9686
eta,q 0.97115 14.64868
  0.0296  0.0294  0.0291  0.0297  0.0293  0.0290  0.0295  0.0299  0.0293  0.0295  0.0291  0.0290
  0.0292  0.0291  0.0290  0.0294  0.0291  0.0289  0.0291  0.0293  0.0291  0.0292  0.0290  0.0289
  0.0290  0.0289  0.0289  0.0291  0.0289  0.0289  0.0289  0.0290  0.0289  0.0290  0.0289  0.0289
  0.0289  0.0289  0.0289  0.0289  0.0289  0.0289  0.0289  0.0289  0.0289  0.0289  0.0289  0.0288
  0.0290  0.0290  0.0289  0.0289  0.0289  0.0289  0.0289  0.0290  0.0289  0.0289  0.0289  0.0289
  0.0292  0.0291  0.0290  0.0291  0.0290  0.0289  0.0291  0.0293  0.0291  0.0290  0.0289  0.0290
  0.0297  0.0294  0.0292  0.0296  0.0293  0.0290  0.0295  0.0298  0.0293  0.0293  0.0290  0.0291
niter,ni,del,rscale     1    3    5.0000    0.4000
parameters
    0.1537   26.0268    1.7288   -6.4064  -16.7209   -7.6266
    5.6078    5.2885   -5.5856   18.9376   -4.3138  -28.1776
eta,q 0.97120 14.70881
  0.0293  0.0292  0.0290  0.0294  0.0291  0.0289  0.0292  0.0296  0.0291  0.0293  0.0290  0.0289
  0.0291  0.0290  0.0289  0.0292  0.0290  0.0289  0.0290  0.0292  0.0290  0.0291  0.0289  0.0288
  0.0289  0.0289  0.0288  0.0290  0.0289  0.0289  0.0289  0.0289  0.0289  0.0289  0.0288  0.0288
  0.0289  0.0289  0.0288  0.0289  0.0288  0.0288  0.0288  0.0288  0.0288  0.0288  0.0288  0.0288
  0.0289  0.0289  0.0289  0.0289  0.0289  0.0288  0.0289  0.0289  0.0288  0.0288  0.0288  0.0288
  0.0291  0.0290  0.0289  0.0290  0.0290  0.0288  0.0290  0.0291  0.0289  0.0289  0.0289  0.0289
  0.0294  0.0292  0.0290  0.0294  0.0291  0.0289  0.0292  0.0295  0.0291  0.0291  0.0289  0.0290
registration optimization eta report
parameter search radius
    0.8000    0.8000    0.8000    2.4000    2.4000    2.4000
    2.4000    2.4000    2.4000    2.4000    2.4000    2.4000
100000*second partial in parameter space
       77.       54.       24.       10.        5.        2.
        7.       13.        5.        7.        3.        3.
  0.0293  0.0292  0.0290  0.0294  0.0291  0.0289  0.0292  0.0296  0.0291  0.0293  0.0290  0.0289
  0.0291  0.0290  0.0289  0.0292  0.0290  0.0289  0.0290  0.0292  0.0290  0.0291  0.0289  0.0288
  0.0289  0.0289  0.0288  0.0290  0.0289  0.0289  0.0289  0.0289  0.0289  0.0289  0.0288  0.0288
  0.0289  0.0289  0.0288  0.0289  0.0288  0.0288  0.0288  0.0288  0.0288  0.0288  0.0288  0.0288
  0.0289  0.0289  0.0289  0.0289  0.0289  0.0288  0.0289  0.0289  0.0288  0.0288  0.0288  0.0288
  0.0291  0.0290  0.0289  0.0290  0.0290  0.0288  0.0290  0.0291  0.0289  0.0289  0.0289  0.0289
  0.0294  0.0292  0.0290  0.0294  0.0291  0.0289  0.0292  0.0295  0.0291  0.0291  0.0289  0.0290
    0.1537   26.0268    1.7288   -6.4064  -16.7209   -7.6266
    5.6078    5.2885   -5.5856   18.9376   -4.3138  -28.1776
eta,q 0.97120 14.70881

---------------------------------------------------------------------
imgreg_4dfp /opt/freesurfer/average/711-2C_as_mni_average_305 /opt/freesurfer/average/711-2B_as_mni_average_305_mask talsrcimg_g11 none talsrcimg_to_711-2C_as_mni_average_305_t4 2311
---------------------------------------------------------------------

freesurfer imgreg_4dfp.c
/opt/freesurfer/average/711-2C_as_mni_average_305.4dfp.img
       256       256       256         1
  1.000000  1.000000  1.000000
orientation T byte_order littleendian
Reading image: /opt/freesurfer/average/711-2C_as_mni_average_305.4dfp.img
dimensions:      256       256       256
mmppix:       1.0000   -1.0000   -1.0000
center:     128.0000 -129.0000 -129.0000
/opt/freesurfer/average/711-2B_as_mni_average_305_mask.4dfp.img
       256       256       256         1
  1.000000  1.000000  1.000000
orientation T byte_order littleendian
Reading mask: /opt/freesurfer/average/711-2B_as_mni_average_305_mask.4dfp.img (2306576 pixels)
talsrcimg_g11.4dfp.img
       256       256       256         1
  1.000000  1.000000  1.000000
orientation T byte_order littleendian
Reading image: talsrcimg_g11.4dfp.img
dimensions:      256       256       256
mmppix:       1.0000   -1.0000   -1.0000
center:     128.0000 -129.0000 -129.0000
fimgreg.f
image alignment mode   2311 decimal      907 hex
parameters
    0.1537   26.0268    1.7288   -6.4064  -16.7209   -7.6266
    5.6078    5.2885   -5.5856   18.9376   -4.3138  -28.1776
eta,q 0.97120 14.70880
niter,ni,del,rscale     5    3    5.0000    0.8000
parameters
    0.1044   26.0295    1.6872   -6.9408  -16.8194   -8.5561
    5.8580    5.0850   -5.6340   18.3425   -4.5615  -28.0376
eta,q 0.97108 14.59247
  0.0307  0.0302  0.0295  0.0304  0.0300  0.0294  0.0305  0.0312  0.0300  0.0300  0.0294  0.0294
  0.0296  0.0294  0.0291  0.0297  0.0294  0.0291  0.0297  0.0298  0.0294  0.0294  0.0291  0.0291
  0.0290  0.0290  0.0289  0.0291  0.0290  0.0290  0.0292  0.0291  0.0290  0.0290  0.0289  0.0290
  0.0288  0.0288  0.0288  0.0288  0.0288  0.0289  0.0289  0.0289  0.0289  0.0289  0.0289  0.0289
  0.0290  0.0290  0.0289  0.0290  0.0290  0.0288  0.0290  0.0293  0.0290  0.0291  0.0290  0.0290
  0.0298  0.0294  0.0291  0.0300  0.0294  0.0293  0.0295  0.0301  0.0295  0.0297  0.0292  0.0291
  0.0310  0.0302  0.0295  0.0318  0.0302  0.0309  0.0302  0.0315  0.0301  0.0308  0.0294  0.0294
niter,ni,del,rscale     4    3    5.0000    0.7000
parameters
    0.1380   26.0440    1.8045   -6.8549  -16.8169   -8.5476
    5.7816    5.0857   -5.6347   18.3465   -4.6704  -27.9257
eta,q 0.97110 14.59664
  0.0304  0.0300  0.0294  0.0303  0.0297  0.0293  0.0300  0.0308  0.0298  0.0299  0.0293  0.0293
  0.0296  0.0294  0.0292  0.0297  0.0293  0.0290  0.0294  0.0297  0.0293  0.0294  0.0290  0.0291
  0.0291  0.0290  0.0290  0.0292  0.0290  0.0289  0.0290  0.0291  0.0290  0.0291  0.0289  0.0289
  0.0289  0.0289  0.0289  0.0289  0.0289  0.0289  0.0289  0.0289  0.0289  0.0289  0.0289  0.0289
  0.0290  0.0290  0.0289  0.0289  0.0290  0.0289  0.0290  0.0291  0.0290  0.0290  0.0290  0.0289
  0.0295  0.0294  0.0291  0.0294  0.0293  0.0289  0.0294  0.0298  0.0293  0.0293  0.0291  0.0291
  0.0303  0.0299  0.0293  0.0304  0.0298  0.0294  0.0301  0.0307  0.0298  0.0300  0.0293  0.0292
niter,ni,del,rscale     3    3    5.0000    0.6000
parameters
    0.1563   26.0411    1.8215   -6.7038  -16.7848   -8.3884
    5.7296    5.1309   -5.6239   18.4767   -4.6154  -27.9240
eta,q 0.97113 14.62253
  0.0300  0.0297  0.0292  0.0300  0.0295  0.0292  0.0297  0.0304  0.0295  0.0297  0.0292  0.0292
  0.0294  0.0292  0.0290  0.0295  0.0292  0.0290  0.0293  0.0295  0.0292  0.0293  0.0290  0.0290
  0.0290  0.0290  0.0289  0.0291  0.0290  0.0289  0.0290  0.0290  0.0290  0.0290  0.0289  0.0289
  0.0289  0.0289  0.0289  0.0289  0.0289  0.0289  0.0289  0.0289  0.0289  0.0289  0.0289  0.0289
  0.0290  0.0290  0.0289  0.0289  0.0289  0.0289  0.0290  0.0291  0.0290  0.0289  0.0289  0.0289
  0.0293  0.0292  0.0290  0.0292  0.0291  0.0289  0.0293  0.0295  0.0292  0.0291  0.0290  0.0290
  0.0299  0.0297  0.0292  0.0300  0.0295  0.0292  0.0298  0.0302  0.0295  0.0296  0.0292  0.0292
niter,ni,del,rscale     2    3    5.0000    0.5000
parameters
    0.1554   26.0346    1.7755   -6.5384  -16.7451   -8.1244
    5.6901    5.1908   -5.6184   18.6914   -4.4712  -28.0183
eta,q 0.97116 14.65979
  0.0296  0.0294  0.0291  0.0297  0.0293  0.0290  0.0295  0.0299  0.0293  0.0295  0.0291  0.0290
  0.0292  0.0291  0.0290  0.0294  0.0291  0.0289  0.0291  0.0293  0.0291  0.0292  0.0289  0.0289
  0.0290  0.0289  0.0289  0.0291  0.0289  0.0289  0.0289  0.0290  0.0289  0.0290  0.0289  0.0289
  0.0289  0.0289  0.0289  0.0289  0.0289  0.0289  0.0288  0.0288  0.0289  0.0289  0.0288  0.0288
  0.0289  0.0289  0.0289  0.0289  0.0289  0.0288  0.0289  0.0290  0.0289  0.0289  0.0289  0.0289
  0.0292  0.0291  0.0290  0.0291  0.0290  0.0288  0.0291  0.0293  0.0291  0.0290  0.0289  0.0289
  0.0296  0.0294  0.0291  0.0296  0.0293  0.0290  0.0295  0.0298  0.0293  0.0294  0.0290  0.0291
niter,ni,del,rscale     1    3    5.0000    0.4000
parameters
    0.1423   26.0250    1.7037   -6.3944  -16.7211   -7.6439
    5.6265    5.2755   -5.5926   18.9409   -4.2805  -28.1919
eta,q 0.97120 14.70838
  0.0293  0.0292  0.0290  0.0294  0.0291  0.0289  0.0292  0.0296  0.0291  0.0293  0.0290  0.0289
  0.0291  0.0290  0.0289  0.0292  0.0290  0.0289  0.0290  0.0292  0.0290  0.0291  0.0289  0.0289
  0.0289  0.0289  0.0288  0.0290  0.0289  0.0289  0.0288  0.0289  0.0288  0.0289  0.0288  0.0288
  0.0288  0.0288  0.0288  0.0288  0.0288  0.0288  0.0288  0.0288  0.0288  0.0288  0.0288  0.0288
  0.0289  0.0289  0.0289  0.0288  0.0289  0.0288  0.0289  0.0289  0.0288  0.0288  0.0288  0.0288
  0.0291  0.0290  0.0289  0.0290  0.0290  0.0288  0.0290  0.0291  0.0289  0.0289  0.0289  0.0289
  0.0294  0.0292  0.0290  0.0294  0.0291  0.0289  0.0292  0.0295  0.0291  0.0291  0.0289  0.0290
registration optimization eta report
parameter search radius
    0.8000    0.8000    0.8000    2.4000    2.4000    2.4000
    2.4000    2.4000    2.4000    2.4000    2.4000    2.4000
100000*second partial in parameter space
       77.       55.       24.       10.        5.        2.
        7.       13.        5.        7.        3.        3.
  0.0293  0.0292  0.0290  0.0294  0.0291  0.0289  0.0292  0.0296  0.0291  0.0293  0.0290  0.0289
  0.0291  0.0290  0.0289  0.0292  0.0290  0.0289  0.0290  0.0292  0.0290  0.0291  0.0289  0.0289
  0.0289  0.0289  0.0288  0.0290  0.0289  0.0289  0.0288  0.0289  0.0288  0.0289  0.0288  0.0288
  0.0288  0.0288  0.0288  0.0288  0.0288  0.0288  0.0288  0.0288  0.0288  0.0288  0.0288  0.0288
  0.0289  0.0289  0.0289  0.0288  0.0289  0.0288  0.0289  0.0289  0.0288  0.0288  0.0288  0.0288
  0.0291  0.0290  0.0289  0.0290  0.0290  0.0288  0.0290  0.0291  0.0289  0.0289  0.0289  0.0289
  0.0294  0.0292  0.0290  0.0294  0.0291  0.0289  0.0292  0.0295  0.0291  0.0291  0.0289  0.0290
    0.1423   26.0250    1.7037   -6.3944  -16.7211   -7.6439
    5.6265    5.2755   -5.5926   18.9409   -4.2805  -28.1919
eta,q 0.97120 14.70838

---------------------------------------------------------------------
compute_vox2vox talsrcimg talsrcimg_to_711-2C_as_mni_average_305_t4 /opt/freesurfer/average/711-2C_as_mni_average_305
---------------------------------------------------------------------

freesurfer compute_vox2vox.c
Reading: talsrcimg.4dfp.ifh
Reading: talsrcimg_to_711-2C_as_mni_average_305_t4
Reading: /opt/freesurfer/average/711-2C_as_mni_average_305.4dfp.ifh
Writing: talsrcimg_to_711-2C_as_mni_average_305_t4_vox2vox.txt

start time Wed Mar 11 14:17:27 CET 2026
end		time Wed Mar 11 14:18:54 CET 2026

mpr2mni305 success

avi2talxfm orig_nu.mgz /opt/freesurfer/average/mni305.cor.mgz talsrcimg_to_711-2C_as_mni_average_305_t4_vox2vox.txt transforms/talairach.auto.xfm
avi2talxfm done
mv -f /out/sourcedata/freesurfer/sub-v2s18x29516_ses-1/mri/talsrcimg_to_711-2C_as_mni_average_305_t4_vox2vox.txt /out/sourcedata/freesurfer/sub-v2s18x29516_ses-1/mri/transforms/talsrcimg_to_711-2C_as_mni_average_305_t4_vox2vox.txt
lta_convert --src orig_nu.mgz --trg /opt/freesurfer/average/mni305.cor.mgz --inxfm transforms/talairach.auto.xfm --outlta transforms/talairach.auto.xfm.lta --subject fsaverage
7.3.2

--src: orig_nu.mgz src image (geometry).
--trg: /opt/freesurfer/average/mni305.cor.mgz trg image (geometry).
--inmni: transforms/talairach.auto.xfm input MNI/XFM transform.
--outlta: transforms/talairach.auto.xfm.lta output LTA.
--s: fsaverage subject name
 LTA read, type : 1
 1.06120  -0.04293  -0.08623  -0.01122;
 0.06633   1.00979   0.33736  -53.75967;
 0.05618  -0.23255   1.11827  -0.29604;
 0.00000   0.00000   0.00000   1.00000;
setting subject to fsaverage
Writing  LTA to file transforms/talairach.auto.xfm.lta...
lta_convert successful.
 
 
Started at Wed Mar 11 14:17:26 CET 2026
Ended   at Wed Mar 11 14:18:54 CET 2026
talairach_avi done
