status file for recon-all
Wed Mar 11 16:34:48 CET 2026
#@# Tessellate rh Wed Mar 11 16:34:48 CET 2026
#@# Smooth1 rh Wed Mar 11 16:34:52 CET 2026
#@# Inflation1 rh Wed Mar 11 16:34:54 CET 2026
#@# QSphere rh Wed Mar 11 16:35:03 CET 2026
#@# Fix Topology rh Wed Mar 11 16:36:05 CET 2026
#@# Smooth2 rh Wed Mar 11 16:40:17 CET 2026
#@# Inflation2 rh Wed Mar 11 16:40:20 CET 2026
#@# Curv .H and .K rh Wed Mar 11 16:40:30 CET 2026
#@# Sphere rh Wed Mar 11 16:41:13 CET 2026
#@# Surf Reg rh Wed Mar 11 16:42:52 CET 2026
#@# Jacobian white rh Wed Mar 11 16:45:31 CET 2026
#@# AvgCurv rh Wed Mar 11 16:45:31 CET 2026
#@# Cortical Parc rh Wed Mar 11 16:45:32 CET 2026
#@# white curv rh Wed Mar 11 16:50:49 CET 2026
#@# white area rh Wed Mar 11 16:50:50 CET 2026
#@# pial curv rh Wed Mar 11 16:50:51 CET 2026
#@# pial area rh Wed Mar 11 16:50:52 CET 2026
#@# thickness rh Wed Mar 11 16:50:53 CET 2026
#@# area and vertex vol rh Wed Mar 11 16:51:20 CET 2026
#@# Curvature Stats rh Wed Mar 11 16:51:21 CET 2026
#@# Cortical Parc 2 rh Wed Mar 11 16:51:23 CET 2026
#@# Cortical Parc 3 rh Wed Mar 11 16:51:35 CET 2026
#@# WM/GM Contrast rh Wed Mar 11 16:51:44 CET 2026
recon-all -s sub-v2s18x29523_ses-1 finished without error at Wed Mar 11 16:51:49 CET 2026



#New# invocation of recon-all 



status file for recon-all
Wed Mar 11 16:58:28 CET 2026
#@# white curv rh Wed Mar 11 16:58:28 CET 2026
#@# white area rh Wed Mar 11 16:58:28 CET 2026
#@# pial curv rh Wed Mar 11 16:58:28 CET 2026
#@# pial area rh Wed Mar 11 16:58:28 CET 2026
#@# thickness rh Wed Mar 11 16:58:28 CET 2026
#@# area and vertex vol rh Wed Mar 11 16:58:28 CET 2026
#@# Parcellation Stats rh Wed Mar 11 16:58:28 CET 2026
#@# Parcellation Stats 2 rh Wed Mar 11 16:58:45 CET 2026
#@# Parcellation Stats 3 rh Wed Mar 11 16:58:53 CET 2026
#@# BA_exvivo Labels rh Wed Mar 11 16:59:02 CET 2026
recon-all -s sub-v2s18x29523_ses-1 finished without error at Wed Mar 11 17:01:17 CET 2026
