status file for recon-all
Wed Mar 11 16:17:18 CET 2026
#@# Tessellate lh Wed Mar 11 16:17:18 CET 2026
#@# Smooth1 lh Wed Mar 11 16:17:21 CET 2026
#@# Inflation1 lh Wed Mar 11 16:17:23 CET 2026
#@# QSphere lh Wed Mar 11 16:17:32 CET 2026
#@# Fix Topology lh Wed Mar 11 16:18:41 CET 2026
#@# Smooth2 lh Wed Mar 11 16:23:10 CET 2026
#@# Inflation2 lh Wed Mar 11 16:23:12 CET 2026
#@# Curv .H and .K lh Wed Mar 11 16:23:22 CET 2026
#@# Sphere lh Wed Mar 11 16:24:06 CET 2026
#@# Surf Reg lh Wed Mar 11 16:25:38 CET 2026
#@# Jacobian white lh Wed Mar 11 16:28:29 CET 2026
#@# AvgCurv lh Wed Mar 11 16:28:29 CET 2026
#@# Cortical Parc lh Wed Mar 11 16:28:30 CET 2026
#@# white curv lh Wed Mar 11 16:33:46 CET 2026
#@# white area lh Wed Mar 11 16:33:47 CET 2026
#@# pial curv lh Wed Mar 11 16:33:48 CET 2026
#@# pial area lh Wed Mar 11 16:33:50 CET 2026
#@# thickness lh Wed Mar 11 16:33:50 CET 2026
#@# area and vertex vol lh Wed Mar 11 16:34:17 CET 2026
#@# Curvature Stats lh Wed Mar 11 16:34:18 CET 2026
#@# Cortical Parc 2 lh Wed Mar 11 16:34:20 CET 2026
#@# Cortical Parc 3 lh Wed Mar 11 16:34:33 CET 2026
#@# WM/GM Contrast lh Wed Mar 11 16:34:42 CET 2026
recon-all -s sub-v2s18x29523_ses-1 finished without error at Wed Mar 11 16:34:46 CET 2026



#New# invocation of recon-all 



status file for recon-all
Wed Mar 11 16:55:35 CET 2026
#@# white curv lh Wed Mar 11 16:55:35 CET 2026
#@# white area lh Wed Mar 11 16:55:35 CET 2026
#@# pial curv lh Wed Mar 11 16:55:35 CET 2026
#@# pial area lh Wed Mar 11 16:55:35 CET 2026
#@# thickness lh Wed Mar 11 16:55:35 CET 2026
#@# area and vertex vol lh Wed Mar 11 16:55:35 CET 2026
#@# Parcellation Stats lh Wed Mar 11 16:55:35 CET 2026
#@# Parcellation Stats 2 lh Wed Mar 11 16:55:51 CET 2026
#@# Parcellation Stats 3 lh Wed Mar 11 16:55:59 CET 2026
#@# BA_exvivo Labels lh Wed Mar 11 16:56:07 CET 2026
recon-all -s sub-v2s18x29523_ses-1 finished without error at Wed Mar 11 16:58:25 CET 2026
