status file for recon-all
Wed Mar 11 14:09:33 CET 2026
#@# MotionCor Wed Mar 11 14:09:40 CET 2026
#@# Talairach Wed Mar 11 14:10:03 CET 2026
#@# Talairach Failure Detection Wed Mar 11 14:14:29 CET 2026
#@# Nu Intensity Correction Wed Mar 11 14:14:29 CET 2026
#@# Intensity Normalization Wed Mar 11 14:17:45 CET 2026
recon-all -s sub-v2s18x29514_ses-1 finished without error at Wed Mar 11 14:19:16 CET 2026



#New# invocation of recon-all 



status file for recon-all
Wed Mar 11 14:30:01 CET 2026
#@# EM Registration Wed Mar 11 14:30:01 CET 2026
recon-all -s sub-v2s18x29514_ses-1 finished without error at Wed Mar 11 14:32:34 CET 2026



#New# invocation of recon-all 



status file for recon-all
Wed Mar 11 14:32:39 CET 2026
#@# CA Normalize Wed Mar 11 14:32:39 CET 2026
#@# CA Reg Wed Mar 11 14:34:01 CET 2026
#@# SubCort Seg Wed Mar 11 15:18:29 CET 2026
#@# CC Seg Wed Mar 11 15:49:51 CET 2026
#@# Merge ASeg Wed Mar 11 15:50:25 CET 2026
#@# Intensity Normalization2 Wed Mar 11 15:50:25 CET 2026
#@# Mask BFS Wed Mar 11 15:52:43 CET 2026
#@# WM Segmentation Wed Mar 11 15:52:44 CET 2026
#@# Fill Wed Mar 11 15:54:35 CET 2026
recon-all -s sub-v2s18x29514_ses-1 finished without error at Wed Mar 11 15:55:41 CET 2026



#New# invocation of recon-all 



status file for recon-all
Wed Mar 11 16:44:35 CET 2026
#@# white curv lh Wed Mar 11 16:44:35 CET 2026
#@# white area lh Wed Mar 11 16:44:36 CET 2026
#@# pial curv lh Wed Mar 11 16:44:36 CET 2026
#@# pial area lh Wed Mar 11 16:44:36 CET 2026
#@# thickness lh Wed Mar 11 16:44:36 CET 2026
#@# area and vertex vol lh Wed Mar 11 16:44:36 CET 2026
#@# white curv rh Wed Mar 11 16:44:36 CET 2026
#@# white area rh Wed Mar 11 16:44:36 CET 2026
#@# pial curv rh Wed Mar 11 16:44:36 CET 2026
#@# pial area rh Wed Mar 11 16:44:36 CET 2026
#@# thickness rh Wed Mar 11 16:44:36 CET 2026
#@# area and vertex vol rh Wed Mar 11 16:44:36 CET 2026
#@# Cortical ribbon mask Wed Mar 11 16:44:36 CET 2026
recon-all -s sub-v2s18x29514_ses-1 finished without error at Wed Mar 11 16:49:31 CET 2026



#New# invocation of recon-all 



status file for recon-all
Wed Mar 11 16:56:30 CET 2026
#@# white curv lh Wed Mar 11 16:56:30 CET 2026
#@# white area lh Wed Mar 11 16:56:30 CET 2026
#@# pial curv lh Wed Mar 11 16:56:30 CET 2026
#@# pial area lh Wed Mar 11 16:56:30 CET 2026
#@# thickness lh Wed Mar 11 16:56:30 CET 2026
#@# area and vertex vol lh Wed Mar 11 16:56:30 CET 2026
#@# white curv rh Wed Mar 11 16:56:30 CET 2026
#@# white area rh Wed Mar 11 16:56:30 CET 2026
#@# pial curv rh Wed Mar 11 16:56:30 CET 2026
#@# pial area rh Wed Mar 11 16:56:30 CET 2026
#@# thickness rh Wed Mar 11 16:56:30 CET 2026
#@# area and vertex vol rh Wed Mar 11 16:56:30 CET 2026
#@# Curvature Stats lh Wed Mar 11 16:56:30 CET 2026
#@# Curvature Stats rh Wed Mar 11 16:56:32 CET 2026
#@# Relabel Hypointensities Wed Mar 11 16:56:35 CET 2026
#@# APas-to-ASeg Wed Mar 11 16:56:52 CET 2026
#@# AParc-to-ASeg aparc Wed Mar 11 16:57:01 CET 2026
#@# AParc-to-ASeg aparc.a2009s Wed Mar 11 16:57:39 CET 2026
#@# AParc-to-ASeg aparc.DKTatlas Wed Mar 11 16:58:20 CET 2026
#@# WMParc Wed Mar 11 16:59:01 CET 2026
#@# ASeg Stats Wed Mar 11 17:03:03 CET 2026
recon-all -s sub-v2s18x29514_ses-1 finished without error at Wed Mar 11 17:03:39 CET 2026
