status file for recon-all
Wed Mar 11 15:55:45 CET 2026
#@# Tessellate lh Wed Mar 11 15:55:45 CET 2026
#@# Smooth1 lh Wed Mar 11 15:55:49 CET 2026
#@# Inflation1 lh Wed Mar 11 15:55:51 CET 2026
#@# QSphere lh Wed Mar 11 15:56:01 CET 2026
#@# Fix Topology lh Wed Mar 11 15:57:05 CET 2026
#@# Smooth2 lh Wed Mar 11 16:03:14 CET 2026
#@# Inflation2 lh Wed Mar 11 16:03:16 CET 2026
#@# Curv .H and .K lh Wed Mar 11 16:03:31 CET 2026
#@# Sphere lh Wed Mar 11 16:04:19 CET 2026
#@# Surf Reg lh Wed Mar 11 16:08:04 CET 2026
#@# Jacobian white lh Wed Mar 11 16:11:35 CET 2026
#@# AvgCurv lh Wed Mar 11 16:11:35 CET 2026
#@# Cortical Parc lh Wed Mar 11 16:11:36 CET 2026
#@# white curv lh Wed Mar 11 16:18:15 CET 2026
#@# white area lh Wed Mar 11 16:18:16 CET 2026
#@# pial curv lh Wed Mar 11 16:18:17 CET 2026
#@# pial area lh Wed Mar 11 16:18:19 CET 2026
#@# thickness lh Wed Mar 11 16:18:19 CET 2026
#@# area and vertex vol lh Wed Mar 11 16:18:52 CET 2026
#@# Curvature Stats lh Wed Mar 11 16:18:54 CET 2026
#@# Cortical Parc 2 lh Wed Mar 11 16:18:56 CET 2026
#@# Cortical Parc 3 lh Wed Mar 11 16:19:10 CET 2026
#@# WM/GM Contrast lh Wed Mar 11 16:19:21 CET 2026
recon-all -s sub-v2s18x29514_ses-1 finished without error at Wed Mar 11 16:19:26 CET 2026



#New# invocation of recon-all 



status file for recon-all
Wed Mar 11 16:49:36 CET 2026
#@# white curv lh Wed Mar 11 16:49:36 CET 2026
#@# white area lh Wed Mar 11 16:49:36 CET 2026
#@# pial curv lh Wed Mar 11 16:49:36 CET 2026
#@# pial area lh Wed Mar 11 16:49:36 CET 2026
#@# thickness lh Wed Mar 11 16:49:36 CET 2026
#@# area and vertex vol lh Wed Mar 11 16:49:36 CET 2026
#@# Parcellation Stats lh Wed Mar 11 16:49:36 CET 2026
#@# Parcellation Stats 2 lh Wed Mar 11 16:49:55 CET 2026
#@# Parcellation Stats 3 lh Wed Mar 11 16:50:04 CET 2026
#@# BA_exvivo Labels lh Wed Mar 11 16:50:14 CET 2026
recon-all -s sub-v2s18x29514_ses-1 finished without error at Wed Mar 11 16:53:00 CET 2026
