status file for recon-all
Wed Mar 11 16:19:28 CET 2026
#@# Tessellate rh Wed Mar 11 16:19:28 CET 2026
#@# Smooth1 rh Wed Mar 11 16:19:31 CET 2026
#@# Inflation1 rh Wed Mar 11 16:19:34 CET 2026
#@# QSphere rh Wed Mar 11 16:19:46 CET 2026
#@# Fix Topology rh Wed Mar 11 16:20:49 CET 2026
#@# Smooth2 rh Wed Mar 11 16:27:21 CET 2026
#@# Inflation2 rh Wed Mar 11 16:27:24 CET 2026
#@# Curv .H and .K rh Wed Mar 11 16:27:37 CET 2026
#@# Sphere rh Wed Mar 11 16:28:26 CET 2026
#@# Surf Reg rh Wed Mar 11 16:32:07 CET 2026
#@# Jacobian white rh Wed Mar 11 16:36:15 CET 2026
#@# AvgCurv rh Wed Mar 11 16:36:16 CET 2026
#@# Cortical Parc rh Wed Mar 11 16:36:17 CET 2026
#@# white curv rh Wed Mar 11 16:43:15 CET 2026
#@# white area rh Wed Mar 11 16:43:17 CET 2026
#@# pial curv rh Wed Mar 11 16:43:17 CET 2026
#@# pial area rh Wed Mar 11 16:43:20 CET 2026
#@# thickness rh Wed Mar 11 16:43:20 CET 2026
#@# area and vertex vol rh Wed Mar 11 16:43:53 CET 2026
#@# Curvature Stats rh Wed Mar 11 16:43:54 CET 2026
#@# Cortical Parc 2 rh Wed Mar 11 16:43:57 CET 2026
#@# Cortical Parc 3 rh Wed Mar 11 16:44:11 CET 2026
#@# WM/GM Contrast rh Wed Mar 11 16:44:22 CET 2026
recon-all -s sub-v2s18x29514_ses-1 finished without error at Wed Mar 11 16:44:27 CET 2026



#New# invocation of recon-all 



status file for recon-all
Wed Mar 11 16:53:02 CET 2026
#@# white curv rh Wed Mar 11 16:53:02 CET 2026
#@# white area rh Wed Mar 11 16:53:02 CET 2026
#@# pial curv rh Wed Mar 11 16:53:02 CET 2026
#@# pial area rh Wed Mar 11 16:53:02 CET 2026
#@# thickness rh Wed Mar 11 16:53:02 CET 2026
#@# area and vertex vol rh Wed Mar 11 16:53:02 CET 2026
#@# Parcellation Stats rh Wed Mar 11 16:53:02 CET 2026
#@# Parcellation Stats 2 rh Wed Mar 11 16:53:21 CET 2026
#@# Parcellation Stats 3 rh Wed Mar 11 16:53:31 CET 2026
#@# BA_exvivo Labels rh Wed Mar 11 16:53:40 CET 2026
recon-all -s sub-v2s18x29514_ses-1 finished without error at Wed Mar 11 16:56:26 CET 2026
