/out/sourcedata/freesurfer/sub-v2s18x29526_ses-1/mri
/opt/freesurfer/bin/talairach_avi
--i orig_nu.mgz --xfm transforms/talairach.auto.xfm
talairach_avi 7.3.2
Linux dna058 5.14.0-427.37.1.el9_4.x86_64 #1 SMP PREEMPT_DYNAMIC Fri Sep 13 12:41:50 EDT 2024 x86_64 x86_64 x86_64 GNU/Linux
Wed Mar 11 14:45:50 CET 2026
mri_convert orig_nu.mgz talsrcimg.img 
reading from orig_nu.mgz...
TR=0.00, TE=0.00, TI=0.00, flip angle=0.00
i_ras = (-1, 2.36287e-09, 0)
j_ras = (3.72529e-09, 1.16415e-10, -1)
k_ras = (-4.96584e-10, 1, 0)
writing to talsrcimg.img...
Analyze Output Matrix
-1.00000   0.00000  -0.00000   130.92551;
 0.00000   0.00000   1.00000  -87.79108;
 0.00000  -1.00000   0.00000   111.21454;
 0.00000   0.00000   0.00000   1.00000;
--------------------
INFO: set hdr.hist.orient to -1
mpr2mni305 talsrcimg
Wed Mar 11 14:45:51 CET 2026
/opt/freesurfer/bin/mpr2mni305 talsrcimg
mpr2mni305 7.3.2
target=711-2C_as_mni_average_305

---------------------------------------------------------------------
analyzeto4dfp talsrcimg -O0 -y
---------------------------------------------------------------------

freesurfer ifh2hdr.c
Wed Mar 11 14:45:51 2026
Writing: talsrcimg.4dfp.hdr
freesurfer analyzeto4dfp.c
Reading: talsrcimg.hdr
header size 348 bytes
hdr.dime.datatype	offset=70	value=2
hdr.dime.bitpix		offset=72	value=8
hdr.hist.orient		offset=252	value=-1
dimensionality     4
dimensions       256       256       256         1
Reading: talsrcimg.img
Writing: talsrcimg.4dfp.img
Writing: talsrcimg.4dfp.ifh
ifh2hdr talsrcimg -r0to197
ori=2

---------------------------------------------------------------------
gauss_4dfp talsrcimg 1.1
---------------------------------------------------------------------

freesurfer gauss_4dfp.c
Reading: talsrcimg.4dfp.img
Writing: talsrcimg_g11.4dfp.img
image dimensions 256 256 256 padded to 288 288 288
processing volume 1freesurfer ifh2hdr.c
Wed Mar 11 14:45:53 2026
Writing: talsrcimg_g11.4dfp.hdr

Writing: talsrcimg_g11.4dfp.ifh
including: talsrcimg.4dfp.img.rec in talsrcimg_g11.4dfp.img.rec

---------------------------------------------------------------------
imgreg_4dfp /opt/freesurfer/average/711-2C_as_mni_average_305 none talsrcimg_g11 none talsrcimg_to_711-2C_as_mni_average_305_t4 4355
---------------------------------------------------------------------

freesurfer imgreg_4dfp.c
/opt/freesurfer/average/711-2C_as_mni_average_305.4dfp.img
       256       256       256         1
  1.000000  1.000000  1.000000
orientation T byte_order littleendian
Reading image: /opt/freesurfer/average/711-2C_as_mni_average_305.4dfp.img
dimensions:      256       256       256
mmppix:       1.0000   -1.0000   -1.0000
center:     128.0000 -129.0000 -129.0000
talsrcimg_g11.4dfp.img
       256       256       256         1
  1.000000  1.000000  1.000000
orientation T byte_order littleendian
Reading image: talsrcimg_g11.4dfp.img
dimensions:      256       256       256
mmppix:       1.0000   -1.0000   -1.0000
center:     128.0000 -129.0000 -129.0000
t4_read: open error in t4_sub.f l:  41 t4_file(1:l)talsrcimg_to_711-2C_as_mni_average_305_t4 
t4_read: transform initialized to I4
rotation matrix determinant  1.000000
image alignment mode   4355 decimal     1103 hex
   -7.5000  -45.0000  -45.0000 5719.2212   20.2414
    0.0000  -45.0000  -45.0000 5952.0391   20.2423
    7.5000  -45.0000  -45.0000 5704.3311   20.2105
   -7.5000  -37.5000  -45.0000 6224.3809   19.4800
    0.0000  -37.5000  -45.0000 6495.8975   19.4880
    7.5000  -37.5000  -45.0000 6206.3867   19.4498
   -7.5000  -30.0000  -45.0000 6986.5801   18.8723
    0.0000  -30.0000  -45.0000 7298.2959   18.8869
    7.5000  -30.0000  -45.0000 6972.8838   18.8492
   -7.5000  -22.5000  -45.0000 7792.0410   18.3754
    0.0000  -22.5000  -45.0000 8145.7085   18.3903
    7.5000  -22.5000  -45.0000 7758.6465   18.3610
   -7.5000  -15.0000  -45.0000 8695.6250   18.1956
    0.0000  -15.0000  -45.0000 9096.6387   18.2059
    7.5000  -15.0000  -45.0000 8634.8496   18.1857
   -7.5000   -7.5000  -45.0000 9657.4062   18.1247
    0.0000   -7.5000  -45.000010087.7695   18.1257
    7.5000   -7.5000  -45.0000 9545.0176   18.1058
   -7.5000    0.0000  -45.000010585.2627   18.0997
    0.0000    0.0000  -45.000011076.5967   18.0984
    7.5000    0.0000  -45.000010448.8594   18.0720
   -7.5000    7.5000  -45.000010693.8320   18.1016
    0.0000    7.5000  -45.000011213.2090   18.1075
    7.5000    7.5000  -45.000010562.1924   18.0745
   -7.5000   15.0000  -45.000010650.7793   18.1173
    0.0000   15.0000  -45.000011168.8994   18.1298
    7.5000   15.0000  -45.000010494.2383   18.0955
   -7.5000   22.5000  -45.000010564.0762   18.1331
    0.0000   22.5000  -45.000011076.6289   18.1474
    7.5000   22.5000  -45.000010381.7637   18.1197
   -7.5000   30.0000  -45.000010460.4336   17.8970
    0.0000   30.0000  -45.000010952.1211   17.9068
    7.5000   30.0000  -45.000010232.0986   17.8873
   -7.5000   37.5000  -45.000010548.7490   17.8752
    0.0000   37.5000  -45.000011019.3232   17.8760
    7.5000   37.5000  -45.000010321.2402   17.8565
   -7.5000   45.0000  -45.000010051.0273   17.4050
    0.0000   45.0000  -45.000010494.1611   17.4038
    7.5000   45.0000  -45.0000 9826.4648   17.3784
   -7.5000  -45.0000  -37.5000 5985.6064   20.0536
    0.0000  -45.0000  -37.5000 6242.8823   20.0583
    7.5000  -45.0000  -37.5000 5966.4194   20.0379
   -7.5000  -37.5000  -37.5000 6529.2065   19.3119
    0.0000  -37.5000  -37.5000 6807.5059   19.3277
    7.5000  -37.5000  -37.5000 6494.2861   19.3038
   -7.5000  -30.0000  -37.5000 7347.9775   18.7214
    0.0000  -30.0000  -37.5000 7662.9775   18.7439
    7.5000  -30.0000  -37.5000 7299.3721   18.7171
   -7.5000  -22.5000  -37.5000 8215.4082   18.2306
    0.0000  -22.5000  -37.5000 8562.2559   18.2501
    7.5000  -22.5000  -37.5000 8135.0630   18.2257
   -7.5000  -15.0000  -37.5000 9199.0400   18.0474
    0.0000  -15.0000  -37.5000 9606.6484   18.0583
    7.5000  -15.0000  -37.5000 9108.7754   18.0392
   -7.5000   -7.5000  -37.500010195.7979   17.9715
    0.0000   -7.5000  -37.500010648.3174   17.9728
    7.5000   -7.5000  -37.500010089.3877   17.9568
   -7.5000    0.0000  -37.500011182.4229   17.9477
    0.0000    0.0000  -37.500011684.4141   17.9495
    7.5000    0.0000  -37.500011025.1982   17.9323
   -7.5000    7.5000  -37.500011305.6182   17.9560
    0.0000    7.5000  -37.500011846.1152   17.9683
    7.5000    7.5000  -37.500011142.5430   17.9472
   -7.5000   15.0000  -37.500011267.8877   17.9770
    0.0000   15.0000  -37.500011784.2109   17.9971
    7.5000   15.0000  -37.500011069.2930   17.9728
   -7.5000   22.5000  -37.500011191.1992   17.9913
    0.0000   22.5000  -37.500011686.7109   18.0102
    7.5000   22.5000  -37.500010925.3369   17.9872
   -7.5000   30.0000  -37.500011023.9072   17.7509
    0.0000   30.0000  -37.500011510.2285   17.7613
    7.5000   30.0000  -37.500010734.4951   17.7430
   -7.5000   37.5000  -37.500011084.9639   17.7242
    0.0000   37.5000  -37.500011569.3760   17.7253
    7.5000   37.5000  -37.500010817.2959   17.7096
   -7.5000   45.0000  -37.500010541.9854   17.2589
    0.0000   45.0000  -37.500011014.3984   17.2606
    7.5000   45.0000  -37.500010293.0430   17.2440
   -7.5000  -45.0000  -30.0000 6356.5347   20.8653
    0.0000  -45.0000  -30.0000 6627.7363   20.8751
    7.5000  -45.0000  -30.0000 6332.9375   20.8705
   -7.5000  -37.5000  -30.0000 6952.9951   20.1122
    0.0000  -37.5000  -30.0000 7244.5015   20.1331
    7.5000  -37.5000  -30.0000 6910.0371   20.1189
   -7.5000  -30.0000  -30.0000 7842.3076   19.5099
    0.0000  -30.0000  -30.0000 8173.3389   19.5376
    7.5000  -30.0000  -30.0000 7767.3081   19.5137
   -7.5000  -22.5000  -30.0000 8794.8428   18.9909
    0.0000  -22.5000  -30.0000 9168.6436   19.0163
    7.5000  -22.5000  -30.0000 8702.0312   18.9930
   -7.5000  -15.0000  -30.0000 9870.1309   18.7823
    0.0000  -15.0000  -30.000010298.8691   18.7986
    7.5000  -15.0000  -30.0000 9763.6670   18.7842
   -7.5000   -7.5000  -30.000010954.5557   18.6916
    0.0000   -7.5000  -30.000011425.0557   18.6978
    7.5000   -7.5000  -30.000010838.8232   18.6922
   -7.5000    0.0000  -30.000012024.6836   18.6728
    0.0000    0.0000  -30.000012514.8867   18.6790
    7.5000    0.0000  -30.000011833.2979   18.6745
   -7.5000    7.5000  -30.000012172.7793   18.7007
    0.0000    7.5000  -30.000012702.7783   18.7169
    7.5000    7.5000  -30.000011948.5781   18.7041
   -7.5000   15.0000  -30.000012146.2090   18.7347
    0.0000   15.0000  -30.000012646.4727   18.7598
    7.5000   15.0000  -30.000011880.0244   18.7379
   -7.5000   22.5000  -30.000012016.3867   18.7400
    0.0000   22.5000  -30.000012509.8213   18.7648
    7.5000   22.5000  -30.000011678.1689   18.7430
   -7.5000   30.0000  -30.000011804.3242   18.4753
    0.0000   30.0000  -30.000012279.5098   18.4911
    7.5000   30.0000  -30.000011455.1143   18.4773
   -7.5000   37.5000  -30.000011860.8760   18.4361
    0.0000   37.5000  -30.000012353.8379   18.4421
    7.5000   37.5000  -30.000011555.7461   18.4366
   -7.5000   45.0000  -30.000011266.9141   17.9693
    0.0000   45.0000  -30.000011766.0547   17.9753
    7.5000   45.0000  -30.000011008.3760   17.9710
   -7.5000  -45.0000  -22.5000 6718.1479   21.5969
    0.0000  -45.0000  -22.5000 6987.8208   21.6059
    7.5000  -45.0000  -22.5000 6668.5005   21.6064
   -7.5000  -37.5000  -22.5000 7376.0576   20.8260
    0.0000  -37.5000  -22.5000 7685.5049   20.8420
    7.5000  -37.5000  -22.5000 7311.3506   20.8240
   -7.5000  -30.0000  -22.5000 8353.3516   20.2089
    0.0000  -30.0000  -22.5000 8708.3115   20.2323
    7.5000  -30.0000  -22.5000 8266.4707   20.2016
   -7.5000  -22.5000  -22.5000 9385.4180   19.6697
    0.0000  -22.5000  -22.5000 9776.7871   19.6952
    7.5000  -22.5000  -22.5000 9282.7812   19.6691
   -7.5000  -15.0000  -22.500010546.3867   19.4448
    0.0000  -15.0000  -22.500010982.0225   19.4648
    7.5000  -15.0000  -22.500010426.0049   19.4544
   -7.5000   -7.5000  -22.500011729.2041   19.3424
    0.0000   -7.5000  -22.500012198.2002   19.3522
    7.5000   -7.5000  -22.500011570.2871   19.3537
   -7.5000    0.0000  -22.500012863.5254   19.3232
    0.0000    0.0000  -22.500013333.7227   19.3294
    7.5000    0.0000  -22.500012634.2900   19.3293
   -7.5000    7.5000  -22.500013036.2529   19.3625
    0.0000    7.5000  -22.500013544.9775   19.3749
    7.5000    7.5000  -22.500012777.4805   19.3593
   -7.5000   15.0000  -22.500013012.2109   19.4068
    0.0000   15.0000  -22.500013523.1035   19.4280
    7.5000   15.0000  -22.500012697.1748   19.3994
   -7.5000   22.5000  -22.500012842.2461   19.4095
    0.0000   22.5000  -22.500013337.6240   19.4344
    7.5000   22.5000  -22.500012456.7979   19.4098
   -7.5000   30.0000  -22.500012598.6855   19.1305
    0.0000   30.0000  -22.500013080.6689   19.1498
    7.5000   30.0000  -22.500012217.1719   19.1400
   -7.5000   37.5000  -22.500012691.3223   19.0809
    0.0000   37.5000  -22.500013188.0518   19.0904
    7.5000   37.5000  -22.500012327.2129   19.0920
   -7.5000   45.0000  -22.500012054.1240   18.6092
    0.0000   45.0000  -22.500012555.9688   18.6152
    7.5000   45.0000  -22.500011745.2451   18.6150
   -7.5000  -45.0000  -15.0000 7081.0298   22.1554
    0.0000  -45.0000  -15.0000 7343.3823   22.1593
    7.5000  -45.0000  -15.0000 7006.0913   22.1492
   -7.5000  -37.5000  -15.0000 7791.8545   21.3567
    0.0000  -37.5000  -15.0000 8110.2720   21.3640
    7.5000  -37.5000  -15.0000 7717.7881   21.3322
   -7.5000  -30.0000  -15.0000 8857.3105   20.7182
    0.0000  -30.0000  -15.0000 9219.2119   20.7335
    7.5000  -30.0000  -15.0000 8753.7686   20.6925
   -7.5000  -22.5000  -15.0000 9948.1855   20.1700
    0.0000  -22.5000  -15.000010358.7930   20.1912
    7.5000  -22.5000  -15.0000 9844.4678   20.1606
   -7.5000  -15.0000  -15.000011174.1221   19.9462
    0.0000  -15.0000  -15.000011609.9805   19.9655
    7.5000  -15.0000  -15.000011040.7451   19.9541
   -7.5000   -7.5000  -15.000012451.1719   19.8442
    0.0000   -7.5000  -15.000012905.9717   19.8531
    7.5000   -7.5000  -15.000012245.4844   19.8513
   -7.5000    0.0000  -15.000013675.7090   19.8204
    0.0000    0.0000  -15.000014155.5742   19.8227
    7.5000    0.0000  -15.000013414.2715   19.8139
   -7.5000    7.5000  -15.000013902.0146   19.8538
    0.0000    7.5000  -15.000014401.8740   19.8592
    7.5000    7.5000  -15.000013591.8428   19.8321
   -7.5000   15.0000  -15.000013901.2783   19.8963
    0.0000   15.0000  -15.000014413.9189   19.9099
    7.5000   15.0000  -15.000013525.4092   19.8718
   -7.5000   22.5000  -15.000013691.7119   19.9027
    0.0000   22.5000  -15.000014170.0537   19.9233
    7.5000   22.5000  -15.000013239.2705   19.8943
   -7.5000   30.0000  -15.000013402.0371   19.6272
    0.0000   30.0000  -15.000013856.0059   19.6459
    7.5000   30.0000  -15.000012968.5391   19.6351
   -7.5000   37.5000  -15.000013492.8965   19.5787
    0.0000   37.5000  -15.000013980.7783   19.5872
    7.5000   37.5000  -15.000013101.5977   19.5855
   -7.5000   45.0000  -15.000012828.9609   19.0996
    0.0000   45.0000  -15.000013327.4658   19.1017
    7.5000   45.0000  -15.000012493.9600   19.0932
   -7.5000  -45.0000   -7.5000 7414.2026   22.4428
    0.0000  -45.0000   -7.5000 7697.2998   22.4433
    7.5000  -45.0000   -7.5000 7343.8730   22.4155
   -7.5000  -37.5000   -7.5000 8197.8936   21.6158
    0.0000  -37.5000   -7.5000 8525.4014   21.6202
    7.5000  -37.5000   -7.5000 8112.0415   21.5766
   -7.5000  -30.0000   -7.5000 9356.6230   20.9562
    0.0000  -30.0000   -7.5000 9727.6084   20.9684
    7.5000  -30.0000   -7.5000 9216.4131   20.9222
   -7.5000  -22.5000   -7.500010505.1084   20.4078
    0.0000  -22.5000   -7.500010932.7422   20.4246
    7.5000  -22.5000   -7.500010358.5518   20.3913
   -7.5000  -15.0000   -7.500011786.4180   20.1985
    0.0000  -15.0000   -7.500012237.9404   20.2133
    7.5000  -15.0000   -7.500011620.8359   20.1964
   -7.5000   -7.5000   -7.500013125.4863   20.1085
    0.0000   -7.5000   -7.500013607.0244   20.1127
    7.5000   -7.5000   -7.500012894.5088   20.0996
   -7.5000    0.0000   -7.500014464.0146   20.0800
    0.0000    0.0000   -7.500014947.6787   20.0787
    7.5000    0.0000   -7.500014160.4238   20.0555
   -7.5000    7.5000   -7.500014813.6445   20.0949
    0.0000    7.5000   -7.500015336.4336   20.0980
    7.5000    7.5000   -7.500014446.3223   20.0606
   -7.5000   15.0000   -7.500014889.4844   20.1246
    0.0000   15.0000   -7.500015437.8633   20.1349
    7.5000   15.0000   -7.500014451.1582   20.0923
   -7.5000   22.5000   -7.500014609.4590   20.1347
    0.0000   22.5000   -7.500015077.8877   20.1510
    7.5000   22.5000   -7.500014104.1016   20.1193
   -7.5000   30.0000   -7.500014256.2197   19.8751
    0.0000   30.0000   -7.500014641.2803   19.8893
    7.5000   30.0000   -7.500013792.1943   19.8732
   -7.5000   37.5000   -7.500014370.6709   19.8389
    0.0000   37.5000   -7.500014808.6963   19.8429
    7.5000   37.5000   -7.500013929.5264   19.8300
   -7.5000   45.0000   -7.500013716.1094   19.3533
    0.0000   45.0000   -7.500014187.0195   19.3521
    7.5000   45.0000   -7.500013322.5840   19.3298
   -7.5000  -45.0000    0.0000 7677.0410   22.4796
    0.0000  -45.0000    0.0000 8000.9810   22.4802
    7.5000  -45.0000    0.0000 7599.3965   22.4452
   -7.5000  -37.5000    0.0000 8516.5928   21.6394
    0.0000  -37.5000    0.0000 8877.3799   21.6484
    7.5000  -37.5000    0.0000 8406.6270   21.6068
   -7.5000  -30.0000    0.0000 9701.5215   20.9713
    0.0000  -30.0000    0.000010125.3203   20.9878
    7.5000  -30.0000    0.0000 9572.2314   20.9470
   -7.5000  -22.5000    0.000010901.1377   20.4261
    0.0000  -22.5000    0.000011373.9268   20.4424
    7.5000  -22.5000    0.000010761.3652   20.4108
   -7.5000  -15.0000    0.000012253.9678   20.2286
    0.0000  -15.0000    0.000012750.5801   20.2393
    7.5000  -15.0000    0.000012055.8477   20.2173
   -7.5000   -7.5000    0.000013653.7363   20.1479
    0.0000   -7.5000    0.000014169.8105   20.1482
    7.5000   -7.5000    0.000013388.6982   20.1264
   -7.5000    0.0000    0.000015087.2451   20.1172
    0.0000    0.0000    0.000015596.5146   20.1154
    7.5000    0.0000    0.000014714.7529   20.0863
   -7.5000    7.5000    0.000015645.4326   20.1186
    0.0000    7.5000    0.000016254.6504   20.1253
    7.5000    7.5000    0.000015174.7881   20.0892
   -7.5000   15.0000    0.000016046.0264   20.1380
    0.0000   15.0000    0.000016730.8203   20.1522
    7.5000   15.0000    0.000015419.2471   20.1150
   -7.5000   22.5000    0.000015792.9229   20.1520
    0.0000   22.5000    0.000016337.1738   20.1678
    7.5000   22.5000    0.000015125.3643   20.1377
   -7.5000   30.0000    0.000015312.7021   19.9048
    0.0000   30.0000    0.000015719.1631   19.9150
    7.5000   30.0000    0.000014723.3447   19.8938
   -7.5000   37.5000    0.000015405.2656   19.8783
    0.0000   37.5000    0.000015877.3145   19.8785
    7.5000   37.5000    0.000014830.4492   19.8570
   -7.5000   45.0000    0.000014695.3867   19.3907
    0.0000   45.0000    0.000015227.9238   19.3890
    7.5000   45.0000    0.000014150.9775   19.3609
   -7.5000  -45.0000    7.5000 7281.7598   22.4374
    0.0000  -45.0000    7.5000 7642.7656   22.4427
    7.5000  -45.0000    7.5000 7241.2637   22.4199
   -7.5000  -37.5000    7.5000 8138.8560   21.6078
    0.0000  -37.5000    7.5000 8535.1914   21.6255
    7.5000  -37.5000    7.5000 8046.7480   21.5989
   -7.5000  -30.0000    7.5000 9313.2900   20.9474
    0.0000  -30.0000    7.5000 9786.5205   20.9726
    7.5000  -30.0000    7.5000 9210.9209   20.9426
   -7.5000  -22.5000    7.500010487.9609   20.3983
    0.0000  -22.5000    7.500010990.0850   20.4201
    7.5000  -22.5000    7.500010351.9971   20.3928
   -7.5000  -15.0000    7.500011796.5938   20.1931
    0.0000  -15.0000    7.500012328.5078   20.2053
    7.5000  -15.0000    7.500011607.9395   20.1839
   -7.5000   -7.5000    7.500013152.7842   20.1081
    0.0000   -7.5000    7.500013725.1514   20.1096
    7.5000   -7.5000    7.500012899.9971   20.0916
   -7.5000    0.0000    7.500014563.5000   20.0815
    0.0000    0.0000    7.500015201.1348   20.0835
    7.5000    0.0000    7.500014265.1855   20.0642
   -7.5000    7.5000    7.500015259.3330   20.0910
    0.0000    7.5000    7.500016085.0352   20.1047
    7.5000    7.5000    7.500014773.0371   20.0811
   -7.5000   15.0000    7.500015893.5742   20.1145
    0.0000   15.0000    7.500016891.0449   20.1370
    7.5000   15.0000    7.500015120.7734   20.1099
   -7.5000   22.5000    7.500015752.3271   20.1240
    0.0000   22.5000    7.500016647.3613   20.1451
    7.5000   22.5000    7.500015002.9277   20.1194
   -7.5000   30.0000    7.500015225.2480   19.8691
    0.0000   30.0000    7.500015913.9639   19.8808
    7.5000   30.0000    7.500014553.3242   19.8602
   -7.5000   37.5000    7.500015206.8154   19.8390
    0.0000   37.5000    7.500015872.2891   19.8404
    7.5000   37.5000    7.500014520.1436   19.8228
   -7.5000   45.0000    7.500014432.7314   19.3563
    0.0000   45.0000    7.500015058.5420   19.3582
    7.5000   45.0000    7.500013772.4824   19.3396
   -7.5000  -45.0000   15.0000 6823.3984   22.4096
    0.0000  -45.0000   15.0000 7211.9180   22.4199
    7.5000  -45.0000   15.0000 6843.6792   22.4150
   -7.5000  -37.5000   15.0000 7663.1509   21.6005
    0.0000  -37.5000   15.0000 8116.8521   21.6229
    7.5000  -37.5000   15.0000 7658.7949   21.6076
   -7.5000  -30.0000   15.0000 8820.5391   20.9536
    0.0000  -30.0000   15.0000 9350.1777   20.9833
    7.5000  -30.0000   15.0000 8792.9932   20.9576
   -7.5000  -22.5000   15.0000 9948.7998   20.3960
    0.0000  -22.5000   15.000010530.6611   20.4234
    7.5000  -22.5000   15.0000 9872.8535   20.3983
   -7.5000  -15.0000   15.000011217.2627   20.1721
    0.0000  -15.0000   15.000011836.8252   20.1895
    7.5000  -15.0000   15.000011067.9199   20.1740
   -7.5000   -7.5000   15.000012533.2891   20.0746
    0.0000   -7.5000   15.000013210.4619   20.0813
    7.5000   -7.5000   15.000012288.8838   20.0752
   -7.5000    0.0000   15.000013945.6318   20.0544
    0.0000    0.0000   15.000014686.7412   20.0610
    7.5000    0.0000   15.000013556.8066   20.0561
   -7.5000    7.5000   15.000014540.8584   20.0844
    0.0000    7.5000   15.000015476.4023   20.1018
    7.5000    7.5000   15.000013982.0361   20.0879
   -7.5000   15.0000   15.000014797.1055   20.1209
    0.0000   15.0000   15.000015893.4160   20.1478
    7.5000   15.0000   15.000014191.5840   20.1243
   -7.5000   22.5000   15.000014589.3281   20.1222
    0.0000   22.5000   15.000015661.9893   20.1488
    7.5000   22.5000   15.000014057.4121   20.1253
   -7.5000   30.0000   15.000014282.6182   19.8482
    0.0000   30.0000   15.000015187.3975   19.8651
    7.5000   30.0000   15.000013721.1309   19.8502
   -7.5000   37.5000   15.000014374.8496   19.8061
    0.0000   37.5000   15.000015199.1855   19.8124
    7.5000   37.5000   15.000013721.1582   19.8065
   -7.5000   45.0000   15.000013688.0664   19.3301
    0.0000   45.0000   15.000014372.3301   19.3365
    7.5000   45.0000   15.000013018.4619   19.3318
   -7.5000  -45.0000   22.5000 6299.4731   22.4860
    0.0000  -45.0000   22.5000 6666.0537   22.4952
    7.5000  -45.0000   22.5000 6311.2632   22.4952
   -7.5000  -37.5000   22.5000 7107.5371   21.6858
    0.0000  -37.5000   22.5000 7546.1431   21.7024
    7.5000  -37.5000   22.5000 7115.5732   21.6831
   -7.5000  -30.0000   22.5000 8230.2588   21.0434
    0.0000  -30.0000   22.5000 8731.2969   21.0678
    7.5000  -30.0000   22.5000 8191.7651   21.0353
   -7.5000  -22.5000   22.5000 9325.8193   20.4805
    0.0000  -22.5000   22.5000 9875.1426   20.5070
    7.5000  -22.5000   22.5000 9236.4678   20.4793
   -7.5000  -15.0000   22.500010523.3740   20.2456
    0.0000  -15.0000   22.500011114.3604   20.2664
    7.5000  -15.0000   22.500010359.5830   20.2551
   -7.5000   -7.5000   22.500011736.5869   20.1385
    0.0000   -7.5000   22.500012326.7236   20.1486
    7.5000   -7.5000   22.500011459.2412   20.1498
   -7.5000    0.0000   22.500013015.4375   20.1183
    0.0000    0.0000   22.500013624.1777   20.1247
    7.5000    0.0000   22.500012625.6377   20.1241
   -7.5000    7.5000   22.500013353.3975   20.1594
    0.0000    7.5000   22.500014134.2285   20.1722
    7.5000    7.5000   22.500012940.8496   20.1555
   -7.5000   15.0000   22.500013377.6787   20.2058
    0.0000   15.0000   22.500014186.4805   20.2278
    7.5000   15.0000   22.500013059.4141   20.1975
   -7.5000   22.5000   22.500013150.2812   20.2057
    0.0000   22.5000   22.500013934.4727   20.2316
    7.5000   22.5000   22.500012908.4307   20.2054
   -7.5000   30.0000   22.500012955.8652   19.9209
    0.0000   30.0000   22.500013705.0088   19.9410
    7.5000   30.0000   22.500012663.6240   19.9304
   -7.5000   37.5000   22.500013208.4893   19.8690
    0.0000   37.5000   22.500013932.1611   19.8788
    7.5000   37.5000   22.500012783.6455   19.8800
   -7.5000   45.0000   22.500012688.7002   19.3917
    0.0000   45.0000   22.500013330.9980   19.3979
    7.5000   45.0000   22.500012190.8906   19.3973
   -7.5000  -45.0000   30.0000 5773.4160   22.8252
    0.0000  -45.0000   30.0000 6060.7812   22.8284
    7.5000  -45.0000   30.0000 5741.0894   22.8163
   -7.5000  -37.5000   30.0000 6529.6738   22.0001
    0.0000  -37.5000   30.0000 6885.8931   22.0069
    7.5000  -37.5000   30.0000 6467.7217   21.9724
   -7.5000  -30.0000   30.0000 7574.8423   21.3386
    0.0000  -30.0000   30.0000 7963.4570   21.3541
    7.5000  -30.0000   30.0000 7452.3491   21.3102
   -7.5000  -22.5000   30.0000 8590.8486   20.7649
    0.0000  -22.5000   30.0000 9016.7061   20.7870
    7.5000  -22.5000   30.0000 8439.0742   20.7540
   -7.5000  -15.0000   30.0000 9667.0488   20.5307
    0.0000  -15.0000   30.000010103.4072   20.5509
    7.5000  -15.0000   30.0000 9469.5410   20.5381
   -7.5000   -7.5000   30.000010763.9648   20.4246
    0.0000   -7.5000   30.000011194.1348   20.4336
    7.5000   -7.5000   30.000010503.6387   20.4308
   -7.5000    0.0000   30.000011861.2578   20.4004
    0.0000    0.0000   30.000012363.4736   20.4022
    7.5000    0.0000   30.000011592.7998   20.3919
   -7.5000    7.5000   30.000012108.6182   20.4355
    0.0000    7.5000   30.000012726.6211   20.4405
    7.5000    7.5000   30.000011872.9883   20.4111
   -7.5000   15.0000   30.000012109.5703   20.4795
    0.0000   15.0000   30.000012699.4043   20.4933
    7.5000   15.0000   30.000011963.9619   20.4524
   -7.5000   22.5000   30.000011935.0371   20.4834
    0.0000   22.5000   30.000012505.3232   20.5049
    7.5000   22.5000   30.000011824.9961   20.4736
   -7.5000   30.0000   30.000011734.6123   20.2013
    0.0000   30.0000   30.000012308.5674   20.2209
    7.5000   30.0000   30.000011587.6152   20.2087
   -7.5000   37.5000   30.000011972.0996   20.1512
    0.0000   37.5000   30.000012522.0703   20.1599
    7.5000   37.5000   30.000011735.2812   20.1571
   -7.5000   45.0000   30.000011584.6885   19.6637
    0.0000   45.0000   30.000012104.1719   19.6654
    7.5000   45.0000   30.000011279.5596   19.6555
   -7.5000  -45.0000   37.5000 5522.5576   23.4938
    0.0000  -45.0000   37.5000 5765.5186   23.4932
    7.5000  -45.0000   37.5000 5443.3218   23.4618
   -7.5000  -37.5000   37.5000 6226.4937   22.6076
    0.0000  -37.5000   37.5000 6516.5088   22.6112
    7.5000  -37.5000   37.5000 6127.0830   22.5628
   -7.5000  -30.0000   37.5000 7214.0244   21.9016
    0.0000  -30.0000   37.5000 7520.4575   21.9138
    7.5000  -30.0000   37.5000 7074.4863   21.8627
   -7.5000  -22.5000   37.5000 8176.1738   21.3055
    0.0000  -22.5000   37.5000 8502.3164   21.3232
    7.5000  -22.5000   37.5000 8021.7910   21.2866
   -7.5000  -15.0000   37.5000 9214.9463   21.0780
    0.0000  -15.0000   37.5000 9551.7520   21.0940
    7.5000  -15.0000   37.5000 9023.5498   21.0754
   -7.5000   -7.5000   37.500010278.6484   20.9809
    0.0000   -7.5000   37.500010613.4482   20.9853
    7.5000   -7.5000   37.500010043.3652   20.9706
   -7.5000    0.0000   37.500011340.8965   20.9506
    0.0000    0.0000   37.500011747.1914   20.9485
    7.5000    0.0000   37.500011125.1787   20.9227
   -7.5000    7.5000   37.500011519.2734   20.9664
    0.0000    7.5000   37.500012028.7607   20.9688
    7.5000    7.5000   37.500011353.1797   20.9275
   -7.5000   15.0000   37.500011527.7480   20.9979
    0.0000   15.0000   37.500012022.9473   21.0082
    7.5000   15.0000   37.500011415.6514   20.9612
   -7.5000   22.5000   37.500011379.6787   21.0090
    0.0000   22.5000   37.500011859.7451   21.0262
    7.5000   22.5000   37.500011267.0127   20.9914
   -7.5000   30.0000   37.500011160.1670   20.7385
    0.0000   30.0000   37.500011642.4346   20.7538
    7.5000   30.0000   37.500011032.8174   20.7360
   -7.5000   37.5000   37.500011353.1572   20.6998
    0.0000   37.5000   37.500011818.9189   20.7039
    7.5000   37.5000   37.500011178.9854   20.6895
   -7.5000   45.0000   37.500011019.7627   20.1939
    0.0000   45.0000   37.500011460.7646   20.1920
    7.5000   45.0000   37.500010793.6582   20.1671
   -7.5000  -45.0000   45.0000 5116.1543   24.3207
    0.0000  -45.0000   45.0000 5331.1655   24.3207
    7.5000  -45.0000   45.0000 5027.9258   24.2764
   -7.5000  -37.5000   45.0000 5752.5542   23.3508
    0.0000  -37.5000   45.0000 5997.5337   23.3622
    7.5000  -37.5000   45.0000 5643.7954   23.3114
   -7.5000  -30.0000   45.0000 6633.3691   22.5852
    0.0000  -30.0000   45.0000 6891.5684   22.6069
    7.5000  -30.0000   45.0000 6492.6143   22.5583
   -7.5000  -22.5000   45.0000 7515.9058   21.9550
    0.0000  -22.5000   45.0000 7793.1572   21.9769
    7.5000  -22.5000   45.0000 7368.6499   21.9395
   -7.5000  -15.0000   45.0000 8488.1172   21.7322
    0.0000  -15.0000   45.0000 8768.2998   21.7465
    7.5000  -15.0000   45.0000 8312.8623   21.7201
   -7.5000   -7.5000   45.0000 9487.3408   21.6446
    0.0000   -7.5000   45.0000 9781.6650   21.6453
    7.5000   -7.5000   45.0000 9285.6172   21.6183
   -7.5000    0.0000   45.000010464.4980   21.6085
    0.0000    0.0000   45.000010803.8711   21.6063
    7.5000    0.0000   45.000010258.1650   21.5703
   -7.5000    7.5000   45.000010605.3535   21.6023
    0.0000    7.5000   45.000011005.5938   21.6111
    7.5000    7.5000   45.000010440.1631   21.5676
   -7.5000   15.0000   45.000010607.6914   21.6188
    0.0000   15.0000   45.000011009.4053   21.6376
    7.5000   15.0000   45.000010474.1230   21.5936
   -7.5000   22.5000   45.000010469.7881   21.6373
    0.0000   22.5000   45.000010865.1396   21.6584
    7.5000   22.5000   45.000010331.7842   21.6230
   -7.5000   30.0000   45.000010245.8125   21.3770
    0.0000   30.0000   45.000010652.9707   21.3907
    7.5000   30.0000   45.000010099.6426   21.3652
   -7.5000   37.5000   45.000010410.7236   21.3524
    0.0000   37.5000   45.000010810.1123   21.3529
    7.5000   37.5000   45.000010243.4609   21.3263
   -7.5000   45.0000   45.000010123.0410   20.8375
    0.0000   45.0000   45.000010519.9395   20.8354
    7.5000   45.0000   45.0000 9943.2676   20.8007

---------------------------------------------------------------------
imgreg_4dfp /opt/freesurfer/average/711-2C_as_mni_average_305 /opt/freesurfer/average/711-2B_as_mni_average_305_mask talsrcimg_g11 none talsrcimg_to_711-2C_as_mni_average_305_t4 4355
---------------------------------------------------------------------

freesurfer imgreg_4dfp.c
/opt/freesurfer/average/711-2C_as_mni_average_305.4dfp.img
       256       256       256         1
  1.000000  1.000000  1.000000
orientation T byte_order littleendian
Reading image: /opt/freesurfer/average/711-2C_as_mni_average_305.4dfp.img
dimensions:      256       256       256
mmppix:       1.0000   -1.0000   -1.0000
center:     128.0000 -129.0000 -129.0000
/opt/freesurfer/average/711-2B_as_mni_average_305_mask.4dfp.img
       256       256       256         1
  1.000000  1.000000  1.000000
orientation T byte_order littleendian
Reading mask: /opt/freesurfer/average/711-2B_as_mni_average_305_mask.4dfp.img (2306576 pixels)
talsrcimg_g11.4dfp.img
       256       256       256         1
  1.000000  1.000000  1.000000
orientation T byte_order littleendian
Reading image: talsrcimg_g11.4dfp.img
dimensions:      256       256       256
mmppix:       1.0000   -1.0000   -1.0000
center:     128.0000 -129.0000 -129.0000
rotation matrix determinant  1.000000
image alignment mode   4355 decimal     1103 hex
   -7.5000  -30.0000  -37.5000 1968.5256   26.5864
    0.0000  -30.0000  -37.5000 1977.4552   26.5613
    7.5000  -30.0000  -37.5000 1957.3846   26.6302
   -7.5000  -22.5000  -37.5000 2097.0256   23.7689
    0.0000  -22.5000  -37.5000 2106.1738   23.7357
    7.5000  -22.5000  -37.5000 2083.5137   23.7769
   -7.5000  -15.0000  -37.5000 2213.3982   21.5245
    0.0000  -15.0000  -37.5000 2225.9565   21.5184
    7.5000  -15.0000  -37.5000 2199.1614   21.5114
   -7.5000   -7.5000  -37.5000 2315.3535   19.6640
    0.0000   -7.5000  -37.5000 2325.2383   19.6882
    7.5000   -7.5000  -37.5000 2296.6179   19.6606
   -7.5000    0.0000  -37.5000 2396.8496   18.2950
    0.0000    0.0000  -37.5000 2404.1863   18.3065
    7.5000    0.0000  -37.5000 2368.3638   18.2763
   -7.5000    7.5000  -37.5000 2448.0449   17.4495
    0.0000    7.5000  -37.5000 2459.1824   17.4238
    7.5000    7.5000  -37.5000 2421.4172   17.4233
   -7.5000   15.0000  -37.5000 2468.3491   16.9006
    0.0000   15.0000  -37.5000 2481.1096   16.8722
    7.5000   15.0000  -37.5000 2441.9380   16.8834
   -7.5000   22.5000  -37.5000 2487.1409   16.6073
    0.0000   22.5000  -37.5000 2498.1931   16.5709
    7.5000   22.5000  -37.5000 2456.7332   16.5991
   -7.5000   30.0000  -37.5000 2486.3984   16.6634
    0.0000   30.0000  -37.5000 2497.0249   16.6655
    7.5000   30.0000  -37.5000 2459.3091   16.6978
   -7.5000   37.5000  -37.5000 2465.6067   16.9541
    0.0000   37.5000  -37.5000 2476.9360   16.9241
    7.5000   37.5000  -37.5000 2446.4929   17.0413
   -7.5000   45.0000  -37.5000 2427.8530   17.5447
    0.0000   45.0000  -37.5000 2439.5974   17.5593
    7.5000   45.0000  -37.5000 2409.5391   17.6708
   -7.5000   52.5000  -37.5000 2352.5930   18.3136
    0.0000   52.5000  -37.5000 2367.3279   18.3411
    7.5000   52.5000  -37.5000 2336.2783   18.4750
   -7.5000   60.0000  -37.5000 2231.7302   19.1916
    0.0000   60.0000  -37.5000 2240.0669   19.2032
    7.5000   60.0000  -37.5000 2213.8167   19.3680
   -7.5000  -30.0000  -30.0000 2047.3713   26.2130
    0.0000  -30.0000  -30.0000 2055.9905   26.1143
    7.5000  -30.0000  -30.0000 2034.9004   26.2703
   -7.5000  -22.5000  -30.0000 2186.0371   23.4324
    0.0000  -22.5000  -30.0000 2199.2056   23.3141
    7.5000  -22.5000  -30.0000 2172.7966   23.3885
   -7.5000  -15.0000  -30.0000 2310.9097   21.1436
    0.0000  -15.0000  -30.0000 2327.2664   21.0674
    7.5000  -15.0000  -30.0000 2295.1624   21.1107
   -7.5000   -7.5000  -30.0000 2422.5251   19.2562
    0.0000   -7.5000  -30.0000 2434.3162   19.2292
    7.5000   -7.5000  -30.0000 2404.6133   19.2851
   -7.5000    0.0000  -30.0000 2509.9487   17.8281
    0.0000    0.0000  -30.0000 2515.0676   17.7952
    7.5000    0.0000  -30.0000 2485.5122   17.8313
   -7.5000    7.5000  -30.0000 2569.7651   16.9045
    0.0000    7.5000  -30.0000 2577.3660   16.8448
    7.5000    7.5000  -30.0000 2544.3408   16.8609
   -7.5000   15.0000  -30.0000 2598.3464   16.3373
    0.0000   15.0000  -30.0000 2601.5454   16.2893
    7.5000   15.0000  -30.0000 2574.9939   16.3457
   -7.5000   22.5000  -30.0000 2617.0786   15.9565
    0.0000   22.5000  -30.0000 2617.4292   15.9475
    7.5000   22.5000  -30.0000 2587.0110   15.9942
   -7.5000   30.0000  -30.0000 2619.1331   15.9889
    0.0000   30.0000  -30.0000 2616.2234   15.9855
    7.5000   30.0000  -30.0000 2588.8196   16.0798
   -7.5000   37.5000  -30.0000 2596.9106   16.2485
    0.0000   37.5000  -30.0000 2601.5315   16.2353
    7.5000   37.5000  -30.0000 2579.7261   16.3828
   -7.5000   45.0000  -30.0000 2556.9712   16.8029
    0.0000   45.0000  -30.0000 2572.1904   16.7900
    7.5000   45.0000  -30.0000 2546.1211   16.9772
   -7.5000   52.5000  -30.0000 2484.1504   17.5662
    0.0000   52.5000  -30.0000 2498.1279   17.5954
    7.5000   52.5000  -30.0000 2470.6887   17.7717
   -7.5000   60.0000  -30.0000 2355.8840   18.4562
    0.0000   60.0000  -30.0000 2368.9905   18.5163
    7.5000   60.0000  -30.0000 2343.6040   18.6813
   -7.5000  -30.0000  -22.5000 2105.5662   25.8523
    0.0000  -30.0000  -22.5000 2116.9082   25.6719
    7.5000  -30.0000  -22.5000 2096.6699   25.8632
   -7.5000  -22.5000  -22.5000 2245.8193   23.0300
    0.0000  -22.5000  -22.5000 2257.4001   22.8380
    7.5000  -22.5000  -22.5000 2238.7983   23.0030
   -7.5000  -15.0000  -22.5000 2375.6692   20.7034
    0.0000  -15.0000  -22.5000 2390.1692   20.5418
    7.5000  -15.0000  -22.5000 2366.6143   20.7033
   -7.5000   -7.5000  -22.5000 2490.6387   18.8045
    0.0000   -7.5000  -22.5000 2503.0969   18.6645
    7.5000   -7.5000  -22.5000 2479.6509   18.7993
   -7.5000    0.0000  -22.5000 2580.5676   17.3241
    0.0000    0.0000  -22.5000 2586.8577   17.1885
    7.5000    0.0000  -22.5000 2564.3306   17.3023
   -7.5000    7.5000  -22.5000 2652.9150   16.3065
    0.0000    7.5000  -22.5000 2655.8699   16.1825
    7.5000    7.5000  -22.5000 2637.0293   16.2468
   -7.5000   15.0000  -22.5000 2690.0627   15.6856
    0.0000   15.0000  -22.5000 2687.6394   15.5660
    7.5000   15.0000  -22.5000 2672.9463   15.6531
   -7.5000   22.5000  -22.5000 2712.4431   15.2488
    0.0000   22.5000  -22.5000 2705.9897   15.1906
    7.5000   22.5000  -22.5000 2686.2529   15.2683
   -7.5000   30.0000  -22.5000 2712.5046   15.2600
    0.0000   30.0000  -22.5000 2710.9502   15.2374
    7.5000   30.0000  -22.5000 2688.8562   15.3624
   -7.5000   37.5000  -22.5000 2702.3684   15.5396
    0.0000   37.5000  -22.5000 2707.0090   15.5042
    7.5000   37.5000  -22.5000 2684.2646   15.6810
   -7.5000   45.0000  -22.5000 2667.5977   16.0899
    0.0000   45.0000  -22.5000 2675.6057   16.0458
    7.5000   45.0000  -22.5000 2654.5134   16.2582
   -7.5000   52.5000  -22.5000 2592.0493   16.8487
    0.0000   52.5000  -22.5000 2601.5325   16.8290
    7.5000   52.5000  -22.5000 2579.1682   17.0562
   -7.5000   60.0000  -22.5000 2454.3367   17.7355
    0.0000   60.0000  -22.5000 2467.6294   17.7315
    7.5000   60.0000  -22.5000 2447.9756   17.9261
   -7.5000  -30.0000  -15.0000 2136.5090   25.6745
    0.0000  -30.0000  -15.0000 2146.3408   25.4435
    7.5000  -30.0000  -15.0000 2128.8120   25.6243
   -7.5000  -22.5000  -15.0000 2270.6067   22.7680
    0.0000  -22.5000  -15.0000 2281.9766   22.5157
    7.5000  -22.5000  -15.0000 2266.7839   22.7045
   -7.5000  -15.0000  -15.0000 2397.0029   20.3729
    0.0000  -15.0000  -15.0000 2406.9692   20.1046
    7.5000  -15.0000  -15.0000 2392.6138   20.2948
   -7.5000   -7.5000  -15.0000 2517.7622   18.4454
    0.0000   -7.5000  -15.0000 2527.6272   18.1749
    7.5000   -7.5000  -15.0000 2510.3496   18.3821
   -7.5000    0.0000  -15.0000 2615.2300   16.9532
    0.0000    0.0000  -15.0000 2621.5957   16.7290
    7.5000    0.0000  -15.0000 2605.8054   16.9040
   -7.5000    7.5000  -15.0000 2697.5273   15.8612
    0.0000    7.5000  -15.0000 2698.0684   15.6379
    7.5000    7.5000  -15.0000 2681.0940   15.8029
   -7.5000   15.0000  -15.0000 2742.8237   15.1438
    0.0000   15.0000  -15.0000 2740.5483   14.9487
    7.5000   15.0000  -15.0000 2724.8357   15.0768
   -7.5000   22.5000  -15.0000 2768.3411   14.6617
    0.0000   22.5000  -15.0000 2765.0630   14.5225
    7.5000   22.5000  -15.0000 2742.0708   14.6434
   -7.5000   30.0000  -15.0000 2773.1663   14.6244
    0.0000   30.0000  -15.0000 2769.6982   14.5106
    7.5000   30.0000  -15.0000 2752.7444   14.6850
   -7.5000   37.5000  -15.0000 2767.6418   14.9400
    0.0000   37.5000  -15.0000 2769.4207   14.8233
    7.5000   37.5000  -15.0000 2754.6921   15.0624
   -7.5000   45.0000  -15.0000 2738.7314   15.5003
    0.0000   45.0000  -15.0000 2740.1914   15.3977
    7.5000   45.0000  -15.0000 2729.6948   15.6605
   -7.5000   52.5000  -15.0000 2663.6089   16.2550
    0.0000   52.5000  -15.0000 2662.5427   16.1694
    7.5000   52.5000  -15.0000 2649.3411   16.4413
   -7.5000   60.0000  -15.0000 2526.3245   17.1661
    0.0000   60.0000  -15.0000 2530.3550   17.0777
    7.5000   60.0000  -15.0000 2515.3572   17.3325
   -7.5000  -30.0000   -7.5000 2139.7871   25.7624
    0.0000  -30.0000   -7.5000 2147.5056   25.4325
    7.5000  -30.0000   -7.5000 2127.8591   25.5681
   -7.5000  -22.5000   -7.5000 2272.9292   22.7304
    0.0000  -22.5000   -7.5000 2280.5625   22.3748
    7.5000  -22.5000   -7.5000 2260.9829   22.5539
   -7.5000  -15.0000   -7.5000 2398.9922   20.2350
    0.0000  -15.0000   -7.5000 2401.5078   19.8511
    7.5000  -15.0000   -7.5000 2387.9392   20.0515
   -7.5000   -7.5000   -7.5000 2522.0647   18.2535
    0.0000   -7.5000   -7.5000 2520.2107   17.9045
    7.5000   -7.5000   -7.5000 2507.4053   18.1109
   -7.5000    0.0000   -7.5000 2627.9402   16.7494
    0.0000    0.0000   -7.5000 2621.3174   16.4346
    7.5000    0.0000   -7.5000 2612.4348   16.6123
   -7.5000    7.5000   -7.5000 2723.2869   15.6173
    0.0000    7.5000   -7.5000 2710.9097   15.3403
    7.5000    7.5000   -7.5000 2700.1821   15.5268
   -7.5000   15.0000   -7.5000 2777.8940   14.8278
    0.0000   15.0000   -7.5000 2765.4221   14.5930
    7.5000   15.0000   -7.5000 2753.1873   14.7391
   -7.5000   22.5000   -7.5000 2805.2454   14.2488
    0.0000   22.5000   -7.5000 2791.2883   14.0314
    7.5000   22.5000   -7.5000 2774.3835   14.2597
   -7.5000   30.0000   -7.5000 2819.4412   14.0962
    0.0000   30.0000   -7.5000 2797.5405   13.8817
    7.5000   30.0000   -7.5000 2794.6731   14.2072
   -7.5000   37.5000   -7.5000 2824.1094   14.4664
    0.0000   37.5000   -7.5000 2805.8225   14.2624
    7.5000   37.5000   -7.5000 2803.4980   14.5886
   -7.5000   45.0000   -7.5000 2793.2781   15.0840
    0.0000   45.0000   -7.5000 2784.2883   14.9145
    7.5000   45.0000   -7.5000 2781.1667   15.2292
   -7.5000   52.5000   -7.5000 2714.2432   15.8260
    0.0000   52.5000   -7.5000 2707.1870   15.6846
    7.5000   52.5000   -7.5000 2700.0901   16.0099
   -7.5000   60.0000   -7.5000 2571.3706   16.7231
    0.0000   60.0000   -7.5000 2570.1655   16.5817
    7.5000   60.0000   -7.5000 2559.6440   16.9001
   -7.5000  -30.0000    0.0000 2130.2617   26.1118
    0.0000  -30.0000    0.0000 2128.3804   25.7723
    7.5000  -30.0000    0.0000 2111.8511   25.8270
   -7.5000  -22.5000    0.0000 2255.3564   22.8473
    0.0000  -22.5000    0.0000 2254.0693   22.5090
    7.5000  -22.5000    0.0000 2240.5903   22.6594
   -7.5000  -15.0000    0.0000 2381.1748   20.2910
    0.0000  -15.0000    0.0000 2376.4890   19.9362
    7.5000  -15.0000    0.0000 2361.0718   20.0827
   -7.5000   -7.5000    0.0000 2509.8538   18.2988
    0.0000   -7.5000    0.0000 2496.7749   17.9494
    7.5000   -7.5000    0.0000 2480.4775   18.0993
   -7.5000    0.0000    0.0000 2623.5088   16.7731
    0.0000    0.0000    0.0000 2599.7375   16.4288
    7.5000    0.0000    0.0000 2586.5825   16.5922
   -7.5000    7.5000    0.0000 2729.4602   15.7194
    0.0000    7.5000    0.0000 2694.8469   15.3865
    7.5000    7.5000    0.0000 2685.3918   15.5200
   -7.5000   15.0000    0.0000 2809.2319   14.9917
    0.0000   15.0000    0.0000 2776.3689   14.7470
    7.5000   15.0000    0.0000 2763.2881   14.8055
   -7.5000   22.5000    0.0000 2848.7346   14.3332
    0.0000   22.5000    0.0000 2817.4795   14.0870
    7.5000   22.5000    0.0000 2805.1860   14.2892
   -7.5000   30.0000    0.0000 2866.6436   13.9724
    0.0000   30.0000    0.0000 2823.4443   13.7006
    7.5000   30.0000    0.0000 2830.5535   14.0637
   -7.5000   37.5000    0.0000 2873.4219   14.2703
    0.0000   37.5000    0.0000 2840.7158   14.0357
    7.5000   37.5000    0.0000 2833.9404   14.3683
   -7.5000   45.0000    0.0000 2832.8040   14.8880
    0.0000   45.0000    0.0000 2816.8855   14.7005
    7.5000   45.0000    0.0000 2807.9221   14.9711
   -7.5000   52.5000    0.0000 2746.9026   15.6333
    0.0000   52.5000    0.0000 2738.0122   15.4953
    7.5000   52.5000    0.0000 2723.3630   15.7513
   -7.5000   60.0000    0.0000 2601.8379   16.5152
    0.0000   60.0000    0.0000 2595.4861   16.3909
    7.5000   60.0000    0.0000 2578.7695   16.6369
   -7.5000  -30.0000    7.5000 2101.4502   26.7381
    0.0000  -30.0000    7.5000 2104.3279   26.5692
    7.5000  -30.0000    7.5000 2082.5596   26.4838
   -7.5000  -22.5000    7.5000 2229.0818   23.2890
    0.0000  -22.5000    7.5000 2231.6582   23.0889
    7.5000  -22.5000    7.5000 2213.8748   23.1317
   -7.5000  -15.0000    7.5000 2356.8542   20.5993
    0.0000  -15.0000    7.5000 2349.4436   20.3514
    7.5000  -15.0000    7.5000 2335.1602   20.4469
   -7.5000   -7.5000    7.5000 2488.2117   18.5741
    0.0000   -7.5000    7.5000 2471.0173   18.3560
    7.5000   -7.5000    7.5000 2456.8965   18.4594
   -7.5000    0.0000    7.5000 2612.1812   17.0714
    0.0000    0.0000    7.5000 2588.4114   16.9020
    7.5000    0.0000    7.5000 2570.9189   16.9575
   -7.5000    7.5000    7.5000 2726.8347   16.0117
    0.0000    7.5000    7.5000 2701.7063   15.9055
    7.5000    7.5000    7.5000 2678.5139   15.9009
   -7.5000   15.0000    7.5000 2830.3242   15.4092
    0.0000   15.0000    7.5000 2812.8071   15.3681
    7.5000   15.0000    7.5000 2771.0757   15.2035
   -7.5000   22.5000    7.5000 2881.8625   14.7375
    0.0000   22.5000    7.5000 2879.8635   14.7351
    7.5000   22.5000    7.5000 2824.2180   14.6024
   -7.5000   30.0000    7.5000 2911.3545   14.1840
    0.0000   30.0000    7.5000 2880.5723   14.0595
    7.5000   30.0000    7.5000 2848.7651   14.2296
   -7.5000   37.5000    7.5000 2904.6719   14.2458
    0.0000   37.5000    7.5000 2879.1567   14.0930
    7.5000   37.5000    7.5000 2845.6885   14.3382
   -7.5000   45.0000    7.5000 2853.0596   14.8000
    0.0000   45.0000    7.5000 2835.6790   14.6645
    7.5000   45.0000    7.5000 2813.4414   14.8603
   -7.5000   52.5000    7.5000 2759.4336   15.5375
    0.0000   52.5000    7.5000 2746.7827   15.4427
    7.5000   52.5000    7.5000 2733.1384   15.6231
   -7.5000   60.0000    7.5000 2611.8608   16.4445
    0.0000   60.0000    7.5000 2608.4692   16.3607
    7.5000   60.0000    7.5000 2586.0808   16.5142
   -7.5000  -30.0000   15.0000 2069.7004   27.6722
    0.0000  -30.0000   15.0000 2076.2285   27.7794
    7.5000  -30.0000   15.0000 2051.3293   27.6515
   -7.5000  -22.5000   15.0000 2198.9214   23.9829
    0.0000  -22.5000   15.0000 2205.5596   24.0205
    7.5000  -22.5000   15.0000 2179.2280   23.9814
   -7.5000  -15.0000   15.0000 2329.7561   21.2402
    0.0000  -15.0000   15.0000 2333.9104   21.2540
    7.5000  -15.0000   15.0000 2302.6089   21.2532
   -7.5000   -7.5000   15.0000 2462.0435   19.1829
    0.0000   -7.5000   15.0000 2466.9368   19.2307
    7.5000   -7.5000   15.0000 2429.7327   19.2650
   -7.5000    0.0000   15.0000 2591.0703   17.6792
    0.0000    0.0000   15.0000 2592.3647   17.7823
    7.5000    0.0000   15.0000 2550.4739   17.7261
   -7.5000    7.5000   15.0000 2715.8579   16.5937
    0.0000    7.5000   15.0000 2718.4473   16.7669
    7.5000    7.5000   15.0000 2665.8684   16.6014
   -7.5000   15.0000   15.0000 2816.1509   15.8089
    0.0000   15.0000   15.0000 2835.0488   16.0592
    7.5000   15.0000   15.0000 2761.0476   15.7727
   -7.5000   22.5000   15.0000 2860.7498   14.9044
    0.0000   22.5000   15.0000 2890.6541   15.1450
    7.5000   22.5000   15.0000 2815.1729   15.0412
   -7.5000   30.0000   15.0000 2913.7114   14.4621
    0.0000   30.0000   15.0000 2916.0000   14.5509
    7.5000   30.0000   15.0000 2848.3660   14.6492
   -7.5000   37.5000   15.0000 2910.0315   14.5353
    0.0000   37.5000   15.0000 2909.2925   14.5821
    7.5000   37.5000   15.0000 2838.6843   14.6468
   -7.5000   45.0000   15.0000 2854.8506   15.0495
    0.0000   45.0000   15.0000 2847.9968   15.0276
    7.5000   45.0000   15.0000 2798.2134   15.1111
   -7.5000   52.5000   15.0000 2745.8218   15.8007
    0.0000   52.5000   15.0000 2742.1511   15.7318
    7.5000   52.5000   15.0000 2713.5168   15.8394
   -7.5000   60.0000   15.0000 2599.1184   16.6911
    0.0000   60.0000   15.0000 2595.4646   16.5882
    7.5000   60.0000   15.0000 2567.8501   16.7211
   -7.5000  -30.0000   22.5000 2026.4236   28.9663
    0.0000  -30.0000   22.5000 2036.2594   29.4133
    7.5000  -30.0000   22.5000 2011.5254   29.4224
   -7.5000  -22.5000   22.5000 2168.8701   25.0856
    0.0000  -22.5000   22.5000 2182.2791   25.3847
    7.5000  -22.5000   22.5000 2154.6187   25.4423
   -7.5000  -15.0000   22.5000 2306.4114   22.2006
    0.0000  -15.0000   22.5000 2317.9600   22.4275
    7.5000  -15.0000   22.5000 2282.5422   22.4877
   -7.5000   -7.5000   22.5000 2440.8386   20.0270
    0.0000   -7.5000   22.5000 2450.0334   20.1850
    7.5000   -7.5000   22.5000 2406.9326   20.2488
   -7.5000    0.0000   22.5000 2569.5637   18.3785
    0.0000    0.0000   22.5000 2569.4878   18.5282
    7.5000    0.0000   22.5000 2527.9836   18.5920
   -7.5000    7.5000   22.5000 2685.8943   17.1572
    0.0000    7.5000   22.5000 2689.2832   17.3810
    7.5000    7.5000   22.5000 2644.6409   17.3612
   -7.5000   15.0000   22.5000 2771.3853   16.1222
    0.0000   15.0000   22.5000 2791.1780   16.4102
    7.5000   15.0000   22.5000 2736.0986   16.3884
   -7.5000   22.5000   22.5000 2827.4319   15.2197
    0.0000   22.5000   22.5000 2842.8828   15.4082
    7.5000   22.5000   22.5000 2792.8254   15.6048
   -7.5000   30.0000   22.5000 2885.8015   14.9811
    0.0000   30.0000   22.5000 2891.4265   15.0457
    7.5000   30.0000   22.5000 2838.2036   15.2621
   -7.5000   37.5000   22.5000 2895.0461   15.1238
    0.0000   37.5000   22.5000 2895.8748   15.1255
    7.5000   37.5000   22.5000 2831.1350   15.2841
   -7.5000   45.0000   22.5000 2843.5195   15.6264
    0.0000   45.0000   22.5000 2836.8635   15.6027
    7.5000   45.0000   22.5000 2775.8533   15.7161
   -7.5000   52.5000   22.5000 2727.9072   16.3904
    0.0000   52.5000   22.5000 2728.6770   16.3598
    7.5000   52.5000   22.5000 2682.4280   16.4206
   -7.5000   60.0000   22.5000 2576.7766   17.2224
    0.0000   60.0000   22.5000 2573.7051   17.1734
    7.5000   60.0000   22.5000 2535.1282   17.2460
   -7.5000  -30.0000   30.0000 1980.6812   30.7174
    0.0000  -30.0000   30.0000 1984.1110   31.1340
    7.5000  -30.0000   30.0000 1963.2157   31.3100
   -7.5000  -22.5000   30.0000 2132.3511   26.4216
    0.0000  -22.5000   30.0000 2136.6116   26.7852
    7.5000  -22.5000   30.0000 2113.3760   27.0446
   -7.5000  -15.0000   30.0000 2269.8376   23.2808
    0.0000  -15.0000   30.0000 2270.6807   23.4519
    7.5000  -15.0000   30.0000 2246.4836   23.7564
   -7.5000   -7.5000   30.0000 2405.1145   20.8707
    0.0000   -7.5000   30.0000 2405.0903   20.9601
    7.5000   -7.5000   30.0000 2373.7793   21.3250
   -7.5000    0.0000   30.0000 2522.3137   19.0898
    0.0000    0.0000   30.0000 2524.7375   19.2173
    7.5000    0.0000   30.0000 2496.8245   19.5726
   -7.5000    7.5000   30.0000 2639.8875   17.7836
    0.0000    7.5000   30.0000 2642.6338   17.9397
    7.5000    7.5000   30.0000 2611.9849   18.2268
   -7.5000   15.0000   30.0000 2719.5425   16.6445
    0.0000   15.0000   30.0000 2728.1006   16.7819
    7.5000   15.0000   30.0000 2698.9377   17.1588
   -7.5000   22.5000   30.0000 2785.4160   15.8482
    0.0000   22.5000   30.0000 2789.9509   15.9402
    7.5000   22.5000   30.0000 2758.1567   16.3605
   -7.5000   30.0000   30.0000 2830.5264   15.6544
    0.0000   30.0000   30.0000 2831.6316   15.6792
    7.5000   30.0000   30.0000 2797.4861   16.0067
   -7.5000   37.5000   30.0000 2836.9333   15.7878
    0.0000   37.5000   30.0000 2832.2415   15.7512
    7.5000   37.5000   30.0000 2793.0471   16.0260
   -7.5000   45.0000   30.0000 2794.6135   16.3104
    0.0000   45.0000   30.0000 2786.2815   16.2513
    7.5000   45.0000   30.0000 2741.9583   16.4707
   -7.5000   52.5000   30.0000 2688.0662   17.0703
    0.0000   52.5000   30.0000 2685.2476   16.9969
    7.5000   52.5000   30.0000 2644.1106   17.1637
   -7.5000   60.0000   30.0000 2535.4844   17.9310
    0.0000   60.0000   30.0000 2538.9690   17.8998
    7.5000   60.0000   30.0000 2500.7834   18.0295
   -7.5000  -30.0000   37.5000 1927.6239   32.2516
    0.0000  -30.0000   37.5000 1925.2826   32.4589
    7.5000  -30.0000   37.5000 1920.2385   33.0332
   -7.5000  -22.5000   37.5000 2081.0942   27.8249
    0.0000  -22.5000   37.5000 2075.0137   27.9239
    7.5000  -22.5000   37.5000 2069.9998   28.5681
   -7.5000  -15.0000   37.5000 2227.9746   24.4255
    0.0000  -15.0000   37.5000 2219.5862   24.4275
    7.5000  -15.0000   37.5000 2207.2812   25.0818
   -7.5000   -7.5000   37.5000 2366.2827   21.8758
    0.0000   -7.5000   37.5000 2355.1604   21.8402
    7.5000   -7.5000   37.5000 2337.4319   22.4833
   -7.5000    0.0000   37.5000 2483.7522   20.0034
    0.0000    0.0000   37.5000 2474.7356   20.0220
    7.5000    0.0000   37.5000 2460.8625   20.6218
   -7.5000    7.5000   37.5000 2584.7268   18.5461
    0.0000    7.5000   37.5000 2585.3179   18.6057
    7.5000    7.5000   37.5000 2567.6577   19.1762
   -7.5000   15.0000   37.5000 2662.7273   17.4218
    0.0000   15.0000   37.5000 2670.8811   17.4690
    7.5000   15.0000   37.5000 2645.9612   18.0612
   -7.5000   22.5000   37.5000 2727.1182   16.7031
    0.0000   22.5000   37.5000 2726.8755   16.7474
    7.5000   22.5000   37.5000 2702.7356   17.2525
   -7.5000   30.0000   37.5000 2758.2915   16.5091
    0.0000   30.0000   37.5000 2756.3381   16.5046
    7.5000   30.0000   37.5000 2732.5286   16.9111
   -7.5000   37.5000   37.5000 2758.7957   16.6201
    0.0000   37.5000   37.5000 2755.9111   16.5571
    7.5000   37.5000   37.5000 2731.1682   16.9042
   -7.5000   45.0000   37.5000 2719.0576   17.1453
    0.0000   45.0000   37.5000 2709.8984   17.0462
    7.5000   45.0000   37.5000 2681.3708   17.3240
   -7.5000   52.5000   37.5000 2628.8752   17.9028
    0.0000   52.5000   37.5000 2625.5071   17.8067
    7.5000   52.5000   37.5000 2590.3523   18.0446
   -7.5000   60.0000   37.5000 2480.4973   18.7348
    0.0000   60.0000   37.5000 2487.0051   18.7015
    7.5000   60.0000   37.5000 2455.6621   18.9032
   -7.5000  -30.0000   45.0000 1873.5601   33.8934
    0.0000  -30.0000   45.0000 1869.8838   33.8229
    7.5000  -30.0000   45.0000 1867.1877   34.7832
   -7.5000  -22.5000   45.0000 2035.8289   29.1842
    0.0000  -22.5000   45.0000 2024.2056   29.0876
    7.5000  -22.5000   45.0000 2025.4574   29.9982
   -7.5000  -15.0000   45.0000 2182.2375   25.6556
    0.0000  -15.0000   45.0000 2172.2405   25.5341
    7.5000  -15.0000   45.0000 2164.0217   26.4034
   -7.5000   -7.5000   45.0000 2318.5176   23.0113
    0.0000   -7.5000   45.0000 2302.3406   22.8696
    7.5000   -7.5000   45.0000 2295.7815   23.7640
   -7.5000    0.0000   45.0000 2431.1775   21.0973
    0.0000    0.0000   45.0000 2416.5288   20.9753
    7.5000    0.0000   45.0000 2408.9297   21.7973
   -7.5000    7.5000   45.0000 2520.1050   19.6050
    0.0000    7.5000   45.0000 2515.4312   19.5639
    7.5000    7.5000   45.0000 2505.9304   20.2816
   -7.5000   15.0000   45.0000 2599.5034   18.4711
    0.0000   15.0000   45.0000 2599.1033   18.5016
    7.5000   15.0000   45.0000 2582.2048   19.1706
   -7.5000   22.5000   45.0000 2655.0254   17.7828
    0.0000   22.5000   45.0000 2648.8589   17.7944
    7.5000   22.5000   45.0000 2629.5864   18.3850
   -7.5000   30.0000   45.0000 2673.6812   17.5490
    0.0000   30.0000   45.0000 2674.2927   17.5286
    7.5000   30.0000   45.0000 2650.3301   18.0045
   -7.5000   37.5000   45.0000 2675.6785   17.6379
    0.0000   37.5000   45.0000 2673.4624   17.5977
    7.5000   37.5000   45.0000 2650.4426   17.9863
   -7.5000   45.0000   45.0000 2637.4807   18.1601
    0.0000   45.0000   45.0000 2634.0737   18.0803
    7.5000   45.0000   45.0000 2607.7529   18.4152
   -7.5000   52.5000   45.0000 2556.0320   18.8465
    0.0000   52.5000   45.0000 2554.6794   18.7521
    7.5000   52.5000   45.0000 2522.8875   19.0635
   -7.5000   60.0000   45.0000 2411.8416   19.6575
    0.0000   60.0000   45.0000 2418.4556   19.6140
    7.5000   60.0000   45.0000 2390.3835   19.8771
   -7.5000  -30.0000   52.5000 1816.0576   35.7497
    0.0000  -30.0000   52.5000 1808.3392   35.5814
    7.5000  -30.0000   52.5000 1805.1812   36.8154
   -7.5000  -22.5000   52.5000 1981.4912   30.7035
    0.0000  -22.5000   52.5000 1969.9355   30.5612
    7.5000  -22.5000   52.5000 1968.9465   31.7612
   -7.5000  -15.0000   52.5000 2132.8552   27.0858
    0.0000  -15.0000   52.5000 2117.6055   26.8500
    7.5000  -15.0000   52.5000 2108.2507   28.0000
   -7.5000   -7.5000   52.5000 2265.1174   24.4106
    0.0000   -7.5000   52.5000 2247.7837   24.1730
    7.5000   -7.5000   52.5000 2238.0581   25.1979
   -7.5000    0.0000   52.5000 2367.1445   22.3900
    0.0000    0.0000   52.5000 2352.2327   22.2531
    7.5000    0.0000   52.5000 2344.5803   23.1831
   -7.5000    7.5000   52.5000 2455.8010   20.9125
    0.0000    7.5000   52.5000 2447.6912   20.8296
    7.5000    7.5000   52.5000 2439.6162   21.6928
   -7.5000   15.0000   52.5000 2523.7463   19.7764
    0.0000   15.0000   52.5000 2518.0474   19.8180
    7.5000   15.0000   52.5000 2506.7231   20.5253
   -7.5000   22.5000   52.5000 2569.5710   19.1016
    0.0000   22.5000   52.5000 2561.9207   19.1200
    7.5000   22.5000   52.5000 2547.5354   19.7399
   -7.5000   30.0000   52.5000 2579.4995   18.7945
    0.0000   30.0000   52.5000 2582.3818   18.8087
    7.5000   30.0000   52.5000 2562.1072   19.3066
   -7.5000   37.5000   52.5000 2577.0498   18.8753
    0.0000   37.5000   52.5000 2579.5134   18.8531
    7.5000   37.5000   52.5000 2560.8132   19.3091
   -7.5000   45.0000   52.5000 2543.8379   19.3785
    0.0000   45.0000   52.5000 2543.9285   19.3216
    7.5000   45.0000   52.5000 2516.4109   19.7195
   -7.5000   52.5000   52.5000 2475.0671   19.9883
    0.0000   52.5000   52.5000 2472.8772   19.9591
    7.5000   52.5000   52.5000 2439.1699   20.3618
   -7.5000   60.0000   52.5000 2338.6763   20.7324
    0.0000   60.0000   52.5000 2341.6851   20.7318
    7.5000   60.0000   52.5000 2317.8931   21.0383

---------------------------------------------------------------------
imgreg_4dfp /opt/freesurfer/average/711-2C_as_mni_average_305 /opt/freesurfer/average/711-2B_as_mni_average_305_mask talsrcimg_g11 none talsrcimg_to_711-2C_as_mni_average_305_t4 1283
---------------------------------------------------------------------

freesurfer imgreg_4dfp.c
/opt/freesurfer/average/711-2C_as_mni_average_305.4dfp.img
       256       256       256         1
  1.000000  1.000000  1.000000
orientation T byte_order littleendian
Reading image: /opt/freesurfer/average/711-2C_as_mni_average_305.4dfp.img
dimensions:      256       256       256
mmppix:       1.0000   -1.0000   -1.0000
center:     128.0000 -129.0000 -129.0000
/opt/freesurfer/average/711-2B_as_mni_average_305_mask.4dfp.img
       256       256       256         1
  1.000000  1.000000  1.000000
orientation T byte_order littleendian
Reading mask: /opt/freesurfer/average/711-2B_as_mni_average_305_mask.4dfp.img (2306576 pixels)
talsrcimg_g11.4dfp.img
       256       256       256         1
  1.000000  1.000000  1.000000
orientation T byte_order littleendian
Reading image: talsrcimg_g11.4dfp.img
dimensions:      256       256       256
mmppix:       1.0000   -1.0000   -1.0000
center:     128.0000 -129.0000 -129.0000
rotation matrix determinant  1.000000
fimgreg.f
image alignment mode   1283 decimal      503 hex
parameters
    0.0000   30.0000   15.0000    0.0000    0.0000    0.0000
eta,q 0.91585 14.63337
niter,ni,del,rscale     5    3   12.0000    1.2000
parameter  1  0.539970 ->  0.500000 qaram    1.1500
parameter  4  2.147101 ->  0.500000 qaram    1.1500
parameter  6 -0.601707 -> -0.500000 qaram    1.1500
parameters
   -3.4500   32.0166   15.3862   -3.4500    1.4663    3.4500
eta,q 0.92002 14.46896
  0.0864  0.0931  0.0920  0.0805  0.0899  0.0879
  0.0845  0.0892  0.0873  0.0810  0.0865  0.0854
  0.0849  0.0850  0.0852  0.0826  0.0833  0.0833
  0.0882  0.0837  0.0852  0.0850  0.0813  0.0815
  0.0899  0.0852  0.0862  0.0878  0.0818  0.0803
  0.0932  0.0859  0.0872  0.0914  0.0834  0.0801
  0.1017  0.0851  0.0895  0.0926  0.0843  0.0811
niter,ni,del,rscale     7    3   12.0000    1.2000
parameters
   -3.8435   33.2789   15.0834   -4.8814    1.3917    2.6892
eta,q 0.92028 14.47400
  0.0919  0.0919  0.0853  0.0853  0.0847  0.0823
  0.0838  0.0864  0.0817  0.0802  0.0808  0.0807
  0.0804  0.0809  0.0809  0.0794  0.0791  0.0800
  0.0800  0.0798  0.0808  0.0809  0.0797  0.0796
  0.0832  0.0813  0.0803  0.0831  0.0808  0.0800
  0.0874  0.0821  0.0824  0.0853  0.0821  0.0815
  0.0928  0.0842  0.0869  0.0891  0.0836  0.0842
niter,ni,del,rscale     6    3   12.0000    1.2000
parameters
   -3.8975   33.9644   14.7238   -5.5428    1.8597    2.3718
eta,q 0.92057 14.49160
  0.0929  0.0893  0.0850  0.0864  0.0847  0.0821
  0.0832  0.0843  0.0816  0.0807  0.0807  0.0802
  0.0795  0.0801  0.0804  0.0787  0.0791  0.0794
  0.0797  0.0797  0.0798  0.0799  0.0794  0.0794
  0.0825  0.0801  0.0795  0.0822  0.0797  0.0796
  0.0859  0.0820  0.0823  0.0844  0.0807  0.0806
  0.0907  0.0853  0.0873  0.0869  0.0823  0.0827
niter,ni,del,rscale     5    3   12.0000    1.2000
parameters
   -3.9564   34.3444   14.4189   -5.9512    2.1137    2.2796
eta,q 0.92105 14.49718
  0.0917  0.0879  0.0851  0.0861  0.0837  0.0821
  0.0821  0.0831  0.0812  0.0808  0.0802  0.0800
  0.0786  0.0798  0.0798  0.0781  0.0793  0.0789
  0.0794  0.0794  0.0793  0.0793  0.0790  0.0790
  0.0826  0.0796  0.0795  0.0815  0.0792  0.0794
  0.0846  0.0819  0.0821  0.0834  0.0802  0.0801
  0.0893  0.0858  0.0868  0.0857  0.0825  0.0821
niter,ni,del,rscale     4    3   12.0000    1.2000
parameters
   -4.0122   34.4695   14.2181   -6.1158    2.1348    2.2795
eta,q 0.92127 14.49215
  0.0912  0.0872  0.0852  0.0862  0.0831  0.0821
  0.0815  0.0826  0.0810  0.0812  0.0800  0.0799
  0.0780  0.0795  0.0794  0.0778  0.0792  0.0786
  0.0790  0.0789  0.0789  0.0789  0.0787  0.0787
  0.0824  0.0794  0.0793  0.0812  0.0790  0.0792
  0.0839  0.0821  0.0817  0.0828  0.0803  0.0799
  0.0887  0.0865  0.0863  0.0850  0.0829  0.0818
niter,ni,del,rscale     3    3   12.0000    1.2000
parameters
   -4.0125   34.4853   14.1506   -6.1725    2.1315    2.2740
eta,q 0.92130 14.48977
  0.0913  0.0868  0.0854  0.0863  0.0831  0.0820
  0.0814  0.0824  0.0811  0.0815  0.0800  0.0798
  0.0778  0.0792  0.0794  0.0778  0.0792  0.0785
  0.0787  0.0787  0.0787  0.0787  0.0787  0.0787
  0.0822  0.0794  0.0792  0.0810  0.0790  0.0791
  0.0837  0.0822  0.0814  0.0827  0.0803  0.0799
  0.0884  0.0868  0.0858  0.0848  0.0829  0.0818
niter,ni,del,rscale     2    3   12.0000    1.2000
parameters
   -4.0173   34.4805   14.1204   -6.1977    2.1297    2.2780
eta,q 0.92132 14.48815
  0.0913  0.0868  0.0855  0.0863  0.0831  0.0821
  0.0814  0.0824  0.0811  0.0816  0.0800  0.0798
  0.0778  0.0791  0.0793  0.0778  0.0792  0.0785
  0.0787  0.0787  0.0787  0.0787  0.0787  0.0787
  0.0822  0.0794  0.0791  0.0809  0.0790  0.0791
  0.0836  0.0822  0.0813  0.0826  0.0803  0.0799
  0.0884  0.0868  0.0856  0.0848  0.0829  0.0818
registration optimization eta report
parameter search radius
    6.9000    6.0000    6.0000    6.9000    6.0000    6.9000
100000*second partial in parameter space
       23.       23.       19.       15.       12.        7.
  0.0913  0.0868  0.0855  0.0863  0.0831  0.0821
  0.0814  0.0824  0.0811  0.0816  0.0800  0.0798
  0.0778  0.0791  0.0793  0.0778  0.0792  0.0785
  0.0787  0.0787  0.0787  0.0787  0.0787  0.0787
  0.0822  0.0794  0.0791  0.0809  0.0790  0.0791
  0.0836  0.0822  0.0813  0.0826  0.0803  0.0799
  0.0884  0.0868  0.0856  0.0848  0.0829  0.0818
   -4.0173   34.4805   14.1204   -6.1977    2.1297    2.2780
eta,q 0.92132 14.48815

---------------------------------------------------------------------
imgreg_4dfp /opt/freesurfer/average/711-2C_as_mni_average_305 /opt/freesurfer/average/711-2B_as_mni_average_305_mask talsrcimg_g11 none talsrcimg_to_711-2C_as_mni_average_305_t4 3335
---------------------------------------------------------------------

freesurfer imgreg_4dfp.c
/opt/freesurfer/average/711-2C_as_mni_average_305.4dfp.img
       256       256       256         1
  1.000000  1.000000  1.000000
orientation T byte_order littleendian
Reading image: /opt/freesurfer/average/711-2C_as_mni_average_305.4dfp.img
dimensions:      256       256       256
mmppix:       1.0000   -1.0000   -1.0000
center:     128.0000 -129.0000 -129.0000
/opt/freesurfer/average/711-2B_as_mni_average_305_mask.4dfp.img
       256       256       256         1
  1.000000  1.000000  1.000000
orientation T byte_order littleendian
Reading mask: /opt/freesurfer/average/711-2B_as_mni_average_305_mask.4dfp.img (2306576 pixels)
talsrcimg_g11.4dfp.img
       256       256       256         1
  1.000000  1.000000  1.000000
orientation T byte_order littleendian
Reading image: talsrcimg_g11.4dfp.img
dimensions:      256       256       256
mmppix:       1.0000   -1.0000   -1.0000
center:     128.0000 -129.0000 -129.0000
fimgreg.f
image alignment mode   3335 decimal      D07 hex
parameters
   -4.0173   34.4805   14.1204   -0.1481   -0.6471   -0.6531
   -3.5507   -4.1207    3.9721   10.6405    3.7162  -10.7885
eta,q 0.92561 14.59130
niter,ni,del,rscale     5    3    5.0000    1.2000
parameter  4  2.959932 ->  0.500000 qaram    1.1500
parameter  5  1.954837 ->  0.500000 qaram    1.1500
parameter  6  0.979519 ->  0.500000 qaram    1.1500
parameter 10 -0.675651 -> -0.500000 qaram    1.1500
parameter 12 -1.060960 -> -0.500000 qaram    1.1500
parameters
   -3.8076   35.4556   13.0004   -4.2881   -4.7871   -4.7931
   -3.7785   -4.2765    2.0565   14.7805    2.2159   -6.6485
eta,q 0.94356 14.61047
  0.0778  0.0772  0.0742  0.0610  0.0594  0.0575  0.0609  0.0650  0.0596  0.0641  0.0585  0.0625
  0.0761  0.0760  0.0739  0.0636  0.0612  0.0588  0.0599  0.0614  0.0592  0.0620  0.0580  0.0607
  0.0749  0.0750  0.0739  0.0678  0.0626  0.0601  0.0593  0.0596  0.0591  0.0604  0.0578  0.0591
  0.0744  0.0744  0.0741  0.0738  0.0646  0.0616  0.0591  0.0591  0.0591  0.0591  0.0579  0.0578
  0.0745  0.0741  0.0746  0.0807  0.0670  0.0641  0.0594  0.0599  0.0594  0.0581  0.0581  0.0569
  0.0753  0.0743  0.0753  0.0871  0.0698  0.0679  0.0601  0.0620  0.0599  0.0578  0.0587  0.0563
  0.0769  0.0747  0.0763  0.0923  0.0732  0.0735  0.0611  0.0653  0.0605  0.0583  0.0595  0.0561
niter,ni,del,rscale     7    3    5.0000    1.2000
parameter  2  0.543331 ->  0.500000 qaram    1.1500
parameter  3  1.804887 ->  0.500000 qaram    1.1500
parameter  4  0.779816 ->  0.500000 qaram    1.3225
parameter  5 -5.126475 ->  0.500000 qaram    1.3225
parameter  9 -0.503273 -> -0.500000 qaram    1.1500
parameter 12  1.726655 ->  0.500000 qaram    1.3225
parameters
   -3.6203   34.0756   11.6204   -9.0491   -9.5481   -8.0414
   -0.4219   -4.5024    6.1965   11.9036    5.4656  -11.4095
eta,q 0.95724 14.40328
  0.0605  0.0563  0.0534  0.0499  0.0418  0.0465  0.0484  0.0484  0.0480  0.0455  0.0458  0.0421
  0.0584  0.0560  0.0539  0.0503  0.0452  0.0456  0.0471  0.0463  0.0467  0.0445  0.0451  0.0426
  0.0571  0.0560  0.0548  0.0514  0.0479  0.0453  0.0461  0.0452  0.0456  0.0442  0.0446  0.0432
  0.0564  0.0564  0.0560  0.0541  0.0505  0.0460  0.0453  0.0449  0.0448  0.0444  0.0442  0.0440
  0.0566  0.0572  0.0573  0.0593  0.0529  0.0470  0.0449  0.0454  0.0444  0.0456  0.0440  0.0450
  0.0576  0.0584  0.0589  0.0666  0.0550  0.0478  0.0449  0.0467  0.0444  0.0479  0.0441  0.0461
  0.0595  0.0598  0.0606  0.0744  0.0577  0.0498  0.0455  0.0488  0.0449  0.0505  0.0443  0.0474
niter,ni,del,rscale     7    3    5.0000    1.2000
parameter  2  2.099332 ->  0.500000 qaram    1.3225
parameter  3  1.790227 ->  0.500000 qaram    1.3225
parameter  5  2.622497 ->  0.500000 qaram    1.5209
parameter 12  0.657720 ->  0.500000 qaram    1.5209
parameters
   -3.1350   32.4886   10.0334  -12.7122  -15.0232   -7.7972
   -2.8468   -4.8269    4.1361    9.4727    3.3315  -16.8847
eta,q 0.97661 14.38320
  0.0476  0.0373  0.0344  0.0369  0.0242  0.0294  0.0267  0.0287  0.0273  0.0273  0.0249  0.0237
  0.0453  0.0384  0.0355  0.0360  0.0248  0.0276  0.0256  0.0268  0.0257  0.0255  0.0247  0.0234
  0.0437  0.0403  0.0370  0.0356  0.0291  0.0262  0.0252  0.0256  0.0250  0.0247  0.0246  0.0236
  0.0428  0.0426  0.0389  0.0359  0.0357  0.0256  0.0256  0.0252  0.0252  0.0250  0.0246  0.0246
  0.0427  0.0453  0.0411  0.0378  0.0424  0.0256  0.0267  0.0259  0.0264  0.0268  0.0248  0.0263
  0.0434  0.0482  0.0438  0.0432  0.0483  0.0270  0.0285  0.0273  0.0284  0.0298  0.0253  0.0288
  0.0449  0.0513  0.0468  0.0522  0.0528  0.0293  0.0306  0.0294  0.0312  0.0338  0.0258  0.0317
niter,ni,del,rscale     7    3    5.0000    1.2000
parameter  3  0.669243 ->  0.500000 qaram    1.5209
parameters
   -3.2743   32.2225    8.2084  -11.1506  -18.6318   -4.6519
   -2.2230   -4.5214    4.8843   12.9500    3.3647  -21.2601
eta,q 0.98067 14.52262
  0.0263  0.0292  0.0226  0.0276  0.0262  0.0270  0.0240  0.0272  0.0245  0.0290  0.0207  0.0207
  0.0246  0.0262  0.0222  0.0253  0.0236  0.0249  0.0225  0.0234  0.0228  0.0256  0.0202  0.0196
  0.0236  0.0242  0.0226  0.0235  0.0220  0.0233  0.0216  0.0215  0.0217  0.0230  0.0200  0.0194
  0.0234  0.0234  0.0234  0.0223  0.0217  0.0220  0.0212  0.0211  0.0211  0.0211  0.0200  0.0200
  0.0239  0.0243  0.0247  0.0211  0.0255  0.0212  0.0212  0.0217  0.0212  0.0201  0.0201  0.0213
  0.0251  0.0273  0.0266  0.0214  0.0357  0.0210  0.0219  0.0232  0.0220  0.0203  0.0203  0.0233
  0.0270  0.0322  0.0291  0.0261  0.0469  0.0230  0.0232  0.0259  0.0236  0.0220  0.0206  0.0257
niter,ni,del,rscale     7    3    5.0000    1.2000
parameters
   -3.3021   32.7324    7.7537  -11.4285  -20.0264   -5.7017
   -2.0130   -4.7011    4.9101   14.1331    3.3738  -22.3034
eta,q 0.98033 14.42834
  0.0227  0.0271  0.0226  0.0247  0.0268  0.0240  0.0225  0.0248  0.0230  0.0256  0.0206  0.0226
  0.0208  0.0234  0.0204  0.0224  0.0234  0.0221  0.0212  0.0216  0.0214  0.0228  0.0200  0.0207
  0.0197  0.0207  0.0193  0.0206  0.0207  0.0206  0.0203  0.0201  0.0203  0.0209  0.0198  0.0198
  0.0193  0.0193  0.0192  0.0191  0.0192  0.0197  0.0199  0.0199  0.0199  0.0199  0.0197  0.0197
  0.0197  0.0194  0.0201  0.0180  0.0194  0.0197  0.0201  0.0206  0.0202  0.0198  0.0199  0.0205
  0.0209  0.0207  0.0219  0.0203  0.0245  0.0230  0.0209  0.0222  0.0213  0.0210  0.0201  0.0218
  0.0229  0.0234  0.0249  0.0284  0.0367  0.0293  0.0223  0.0250  0.0230  0.0232  0.0205  0.0237
niter,ni,del,rscale     6    3    5.0000    1.2000
parameters
   -3.3257   32.9654    7.5539  -11.2507  -20.2082   -5.9947
   -1.9581   -4.6991    4.9628   14.5317    3.4648  -22.7113
eta,q 0.98030 14.43496
  0.0228  0.0260  0.0233  0.0251  0.0280  0.0246  0.0222  0.0249  0.0227  0.0245  0.0206  0.0231
  0.0211  0.0227  0.0212  0.0228  0.0245  0.0226  0.0209  0.0216  0.0212  0.0220  0.0200  0.0210
  0.0200  0.0205  0.0200  0.0211  0.0216  0.0208  0.0201  0.0200  0.0201  0.0205  0.0197  0.0199
  0.0197  0.0197  0.0197  0.0197  0.0196  0.0196  0.0197  0.0197  0.0197  0.0197  0.0197  0.0197
  0.0200  0.0201  0.0203  0.0185  0.0190  0.0193  0.0200  0.0204  0.0200  0.0200  0.0198  0.0204
  0.0211  0.0217  0.0218  0.0200  0.0217  0.0215  0.0208  0.0219  0.0211  0.0214  0.0200  0.0216
  0.0230  0.0243  0.0242  0.0270  0.0318  0.0273  0.0222  0.0246  0.0227  0.0238  0.0205  0.0234
niter,ni,del,rscale     5    3    5.0000    1.2000
parameters
   -3.3317   33.0457    7.4671  -11.2773  -20.2510   -6.0747
   -1.9345   -4.7241    4.9718   14.7009    3.5072  -22.8599
eta,q 0.98026 14.43414
  0.0229  0.0254  0.0236  0.0250  0.0281  0.0248  0.0222  0.0249  0.0227  0.0243  0.0206  0.0234
  0.0211  0.0223  0.0214  0.0227  0.0247  0.0228  0.0209  0.0216  0.0212  0.0219  0.0201  0.0211
  0.0201  0.0203  0.0201  0.0211  0.0217  0.0210  0.0201  0.0200  0.0201  0.0204  0.0198  0.0200
  0.0197  0.0197  0.0197  0.0197  0.0197  0.0197  0.0198  0.0198  0.0197  0.0198  0.0197  0.0197
  0.0200  0.0203  0.0202  0.0186  0.0190  0.0193  0.0200  0.0204  0.0201  0.0201  0.0199  0.0203
  0.0211  0.0220  0.0217  0.0203  0.0216  0.0212  0.0208  0.0219  0.0211  0.0215  0.0201  0.0215
  0.0230  0.0247  0.0239  0.0275  0.0313  0.0268  0.0222  0.0246  0.0227  0.0240  0.0205  0.0233
niter,ni,del,rscale     4    3    5.0000    1.2000
parameters
   -3.3354   33.0769    7.4319  -11.2870  -20.2809   -6.1061
   -1.9238   -4.7349    4.9757   14.7724    3.5132  -22.9124
eta,q 0.98023 14.43317
  0.0230  0.0252  0.0237  0.0250  0.0281  0.0249  0.0222  0.0249  0.0227  0.0242  0.0206  0.0235
  0.0212  0.0222  0.0215  0.0228  0.0247  0.0229  0.0209  0.0216  0.0212  0.0218  0.0201  0.0212
  0.0201  0.0203  0.0202  0.0211  0.0218  0.0211  0.0201  0.0200  0.0201  0.0203  0.0198  0.0200
  0.0197  0.0197  0.0197  0.0197  0.0197  0.0198  0.0198  0.0198  0.0198  0.0198  0.0198  0.0198
  0.0201  0.0204  0.0202  0.0187  0.0190  0.0193  0.0200  0.0204  0.0201  0.0202  0.0199  0.0203
  0.0212  0.0221  0.0216  0.0203  0.0215  0.0212  0.0209  0.0219  0.0211  0.0216  0.0201  0.0215
  0.0230  0.0248  0.0239  0.0275  0.0313  0.0267  0.0223  0.0246  0.0227  0.0241  0.0206  0.0233
registration optimization eta report
parameter search radius
    2.4000    3.1740    3.6501    9.5220   10.9503    8.2800
    7.2000    7.2000    8.2800    8.2800    7.2000   10.9503
100000*second partial in parameter space
       57.       52.       30.        8.        9.        9.
        5.       10.        4.        6.        2.        3.
  0.0230  0.0252  0.0237  0.0250  0.0281  0.0249  0.0222  0.0249  0.0227  0.0242  0.0206  0.0235
  0.0212  0.0222  0.0215  0.0228  0.0247  0.0229  0.0209  0.0216  0.0212  0.0218  0.0201  0.0212
  0.0201  0.0203  0.0202  0.0211  0.0218  0.0211  0.0201  0.0200  0.0201  0.0203  0.0198  0.0200
  0.0197  0.0197  0.0197  0.0197  0.0197  0.0198  0.0198  0.0198  0.0198  0.0198  0.0198  0.0198
  0.0201  0.0204  0.0202  0.0187  0.0190  0.0193  0.0200  0.0204  0.0201  0.0202  0.0199  0.0203
  0.0212  0.0221  0.0216  0.0203  0.0215  0.0212  0.0209  0.0219  0.0211  0.0216  0.0201  0.0215
  0.0230  0.0248  0.0239  0.0275  0.0313  0.0267  0.0223  0.0246  0.0227  0.0241  0.0206  0.0233
   -3.3354   33.0769    7.4319  -11.2870  -20.2809   -6.1061
   -1.9238   -4.7349    4.9757   14.7724    3.5132  -22.9124
eta,q 0.98023 14.43317

---------------------------------------------------------------------
imgreg_4dfp /opt/freesurfer/average/711-2C_as_mni_average_305 /opt/freesurfer/average/711-2B_as_mni_average_305_mask talsrcimg_g11 none talsrcimg_to_711-2C_as_mni_average_305_t4 2311
---------------------------------------------------------------------

freesurfer imgreg_4dfp.c
/opt/freesurfer/average/711-2C_as_mni_average_305.4dfp.img
       256       256       256         1
  1.000000  1.000000  1.000000
orientation T byte_order littleendian
Reading image: /opt/freesurfer/average/711-2C_as_mni_average_305.4dfp.img
dimensions:      256       256       256
mmppix:       1.0000   -1.0000   -1.0000
center:     128.0000 -129.0000 -129.0000
/opt/freesurfer/average/711-2B_as_mni_average_305_mask.4dfp.img
       256       256       256         1
  1.000000  1.000000  1.000000
orientation T byte_order littleendian
Reading mask: /opt/freesurfer/average/711-2B_as_mni_average_305_mask.4dfp.img (2306576 pixels)
talsrcimg_g11.4dfp.img
       256       256       256         1
  1.000000  1.000000  1.000000
orientation T byte_order littleendian
Reading image: talsrcimg_g11.4dfp.img
dimensions:      256       256       256
mmppix:       1.0000   -1.0000   -1.0000
center:     128.0000 -129.0000 -129.0000
fimgreg.f
image alignment mode   2311 decimal      907 hex
parameters
   -3.3354   33.0769    7.4319  -11.2870  -20.2809   -6.1061
   -1.9238   -4.7349    4.9757   14.7724    3.5132  -22.9124
eta,q 0.98023 14.43316
niter,ni,del,rscale     5    3    5.0000    0.8000
parameter  4 -1.121828 -> -0.500000 qaram    1.1500
parameter  5 -0.670566 -> -0.500000 qaram    1.1500
parameters
   -3.3199   33.0185    7.4330   -8.5270  -17.5209   -5.4703
   -2.3743   -4.3306    4.9483   14.5422    4.1191  -22.6037
eta,q 0.98218 14.74821
  0.0212  0.0211  0.0205  0.0219  0.0218  0.0208  0.0193  0.0223  0.0192  0.0198  0.0190  0.0189
  0.0204  0.0203  0.0201  0.0211  0.0206  0.0197  0.0184  0.0199  0.0185  0.0187  0.0184  0.0183
  0.0199  0.0199  0.0199  0.0205  0.0196  0.0186  0.0180  0.0184  0.0180  0.0180  0.0180  0.0180
  0.0198  0.0198  0.0198  0.0198  0.0187  0.0180  0.0179  0.0178  0.0178  0.0178  0.0178  0.0178
  0.0199  0.0200  0.0198  0.0191  0.0182  0.0178  0.0181  0.0181  0.0180  0.0181  0.0179  0.0179
  0.0204  0.0205  0.0201  0.0187  0.0180  0.0183  0.0189  0.0191  0.0185  0.0189  0.0181  0.0182
  0.0212  0.0212  0.0206  0.0190  0.0184  0.0200  0.0200  0.0210  0.0193  0.0202  0.0185  0.0187
niter,ni,del,rscale     6    3    5.0000    0.9000
parameters
   -3.3029   32.8465    7.4853   -9.5723  -18.3126   -5.2556
   -2.0142   -4.5703    4.9646   14.4254    4.1512  -22.7478
eta,q 0.98185 14.66324
  0.0207  0.0197  0.0192  0.0206  0.0209  0.0213  0.0202  0.0218  0.0197  0.0205  0.0190  0.0192
  0.0191  0.0186  0.0184  0.0196  0.0196  0.0200  0.0191  0.0196  0.0189  0.0193  0.0185  0.0186
  0.0181  0.0179  0.0180  0.0186  0.0186  0.0189  0.0185  0.0184  0.0184  0.0184  0.0182  0.0183
  0.0178  0.0178  0.0178  0.0178  0.0181  0.0182  0.0182  0.0182  0.0182  0.0181  0.0182  0.0182
  0.0181  0.0182  0.0179  0.0181  0.0184  0.0180  0.0183  0.0187  0.0183  0.0184  0.0183  0.0183
  0.0191  0.0191  0.0183  0.0206  0.0200  0.0189  0.0188  0.0201  0.0188  0.0194  0.0185  0.0187
  0.0206  0.0206  0.0190  0.0258  0.0242  0.0216  0.0198  0.0225  0.0198  0.0208  0.0190  0.0193
niter,ni,del,rscale     5    3    5.0000    0.8000
parameters
   -3.3381   32.8885    7.4826   -9.3865  -18.1090   -5.1479
   -2.0863   -4.5823    4.9716   14.4732    4.1819  -22.7147
eta,q 0.98198 14.68787
  0.0200  0.0199  0.0191  0.0208  0.0208  0.0206  0.0195  0.0214  0.0193  0.0201  0.0188  0.0189
  0.0189  0.0190  0.0186  0.0199  0.0196  0.0194  0.0187  0.0194  0.0186  0.0190  0.0183  0.0184
  0.0183  0.0184  0.0183  0.0190  0.0187  0.0186  0.0182  0.0183  0.0182  0.0183  0.0181  0.0181
  0.0181  0.0182  0.0182  0.0182  0.0181  0.0180  0.0180  0.0180  0.0180  0.0180  0.0180  0.0180
  0.0184  0.0183  0.0183  0.0178  0.0180  0.0179  0.0182  0.0184  0.0181  0.0182  0.0181  0.0181
  0.0191  0.0189  0.0186  0.0187  0.0187  0.0187  0.0187  0.0195  0.0186  0.0189  0.0183  0.0184
  0.0201  0.0197  0.0191  0.0214  0.0209  0.0209  0.0196  0.0213  0.0193  0.0201  0.0187  0.0189
niter,ni,del,rscale     4    3    5.0000    0.7000
parameters
   -3.3433   32.8768    7.4913   -9.0722  -17.9398   -5.0254
   -2.1130   -4.5569    4.9687   14.4858    4.2117  -22.5900
eta,q 0.98213 14.71424
  0.0195  0.0193  0.0188  0.0203  0.0200  0.0199  0.0191  0.0206  0.0189  0.0195  0.0185  0.0186
  0.0187  0.0186  0.0184  0.0196  0.0191  0.0190  0.0184  0.0191  0.0183  0.0187  0.0181  0.0182
  0.0182  0.0182  0.0181  0.0188  0.0184  0.0183  0.0180  0.0182  0.0180  0.0181  0.0179  0.0180
  0.0180  0.0180  0.0180  0.0180  0.0179  0.0179  0.0179  0.0179  0.0179  0.0179  0.0179  0.0179
  0.0182  0.0182  0.0181  0.0178  0.0179  0.0178  0.0180  0.0182  0.0180  0.0180  0.0179  0.0179
  0.0187  0.0186  0.0184  0.0184  0.0185  0.0184  0.0184  0.0190  0.0183  0.0186  0.0181  0.0182
  0.0195  0.0194  0.0188  0.0205  0.0201  0.0201  0.0191  0.0205  0.0189  0.0195  0.0185  0.0185
niter,ni,del,rscale     3    3    5.0000    0.6000
parameters
   -3.3478   32.8549    7.5214   -8.7969  -17.7889   -4.8896
   -2.1299   -4.5381    4.9608   14.4689    4.2284  -22.4339
eta,q 0.98224 14.73572
  0.0190  0.0188  0.0185  0.0198  0.0194  0.0193  0.0187  0.0199  0.0185  0.0190  0.0183  0.0184
  0.0184  0.0183  0.0181  0.0191  0.0187  0.0186  0.0182  0.0187  0.0181  0.0183  0.0180  0.0180
  0.0180  0.0180  0.0179  0.0184  0.0181  0.0181  0.0179  0.0180  0.0179  0.0179  0.0178  0.0178
  0.0179  0.0179  0.0179  0.0179  0.0178  0.0178  0.0178  0.0178  0.0178  0.0178  0.0178  0.0178
  0.0180  0.0180  0.0179  0.0177  0.0178  0.0178  0.0179  0.0180  0.0178  0.0179  0.0178  0.0178
  0.0184  0.0184  0.0181  0.0183  0.0182  0.0182  0.0182  0.0187  0.0181  0.0183  0.0180  0.0180
  0.0191  0.0189  0.0184  0.0198  0.0194  0.0194  0.0187  0.0198  0.0186  0.0191  0.0183  0.0183
niter,ni,del,rscale     2    3    5.0000    0.5000
parameters
   -3.3514   32.8326    7.5597   -8.5549  -17.6689   -4.7635
   -2.1387   -4.5206    4.9534   14.4435    4.2313  -22.2791
eta,q 0.98232 14.75263
  0.0186  0.0184  0.0182  0.0193  0.0188  0.0188  0.0183  0.0193  0.0182  0.0186  0.0181  0.0181
  0.0181  0.0181  0.0180  0.0187  0.0183  0.0183  0.0180  0.0184  0.0179  0.0181  0.0179  0.0179
  0.0179  0.0178  0.0178  0.0182  0.0179  0.0179  0.0178  0.0179  0.0178  0.0178  0.0177  0.0177
  0.0178  0.0178  0.0178  0.0178  0.0177  0.0177  0.0177  0.0177  0.0177  0.0177  0.0177  0.0177
  0.0179  0.0179  0.0178  0.0177  0.0177  0.0177  0.0177  0.0179  0.0177  0.0178  0.0177  0.0177
  0.0182  0.0181  0.0179  0.0181  0.0181  0.0180  0.0180  0.0184  0.0179  0.0181  0.0179  0.0178
  0.0186  0.0185  0.0181  0.0192  0.0188  0.0188  0.0184  0.0192  0.0183  0.0186  0.0181  0.0180
niter,ni,del,rscale     1    3    5.0000    0.4000
parameters
   -3.3536   32.8104    7.6006   -8.3552  -17.5745   -4.6423
   -2.1514   -4.5070    4.9395   14.4227    4.2114  -22.1267
eta,q 0.98236 14.76580
  0.0183  0.0181  0.0180  0.0188  0.0184  0.0184  0.0181  0.0187  0.0180  0.0182  0.0179  0.0179
  0.0179  0.0179  0.0178  0.0183  0.0180  0.0180  0.0178  0.0181  0.0178  0.0179  0.0177  0.0178
  0.0177  0.0177  0.0177  0.0179  0.0178  0.0178  0.0177  0.0177  0.0177  0.0177  0.0177  0.0177
  0.0177  0.0177  0.0177  0.0177  0.0176  0.0176  0.0176  0.0176  0.0176  0.0176  0.0176  0.0176
  0.0178  0.0177  0.0177  0.0177  0.0177  0.0176  0.0177  0.0177  0.0177  0.0177  0.0177  0.0177
  0.0179  0.0179  0.0178  0.0180  0.0179  0.0178  0.0178  0.0181  0.0178  0.0179  0.0178  0.0177
  0.0183  0.0182  0.0179  0.0187  0.0184  0.0183  0.0181  0.0187  0.0180  0.0183  0.0179  0.0179
registration optimization eta report
parameter search radius
    0.8000    0.8000    0.8000    2.7600    2.7600    2.4000
    2.4000    2.4000    2.4000    2.4000    2.4000    2.4000
100000*second partial in parameter space
       90.       74.       43.       14.       10.       13.
        8.       18.        6.       11.        5.        5.
  0.0183  0.0181  0.0180  0.0188  0.0184  0.0184  0.0181  0.0187  0.0180  0.0182  0.0179  0.0179
  0.0179  0.0179  0.0178  0.0183  0.0180  0.0180  0.0178  0.0181  0.0178  0.0179  0.0177  0.0178
  0.0177  0.0177  0.0177  0.0179  0.0178  0.0178  0.0177  0.0177  0.0177  0.0177  0.0177  0.0177
  0.0177  0.0177  0.0177  0.0177  0.0176  0.0176  0.0176  0.0176  0.0176  0.0176  0.0176  0.0176
  0.0178  0.0177  0.0177  0.0177  0.0177  0.0176  0.0177  0.0177  0.0177  0.0177  0.0177  0.0177
  0.0179  0.0179  0.0178  0.0180  0.0179  0.0178  0.0178  0.0181  0.0178  0.0179  0.0178  0.0177
  0.0183  0.0182  0.0179  0.0187  0.0184  0.0183  0.0181  0.0187  0.0180  0.0183  0.0179  0.0179
   -3.3536   32.8104    7.6006   -8.3552  -17.5745   -4.6423
   -2.1514   -4.5070    4.9395   14.4227    4.2114  -22.1267
eta,q 0.98236 14.76580

---------------------------------------------------------------------
imgreg_4dfp /opt/freesurfer/average/711-2C_as_mni_average_305 /opt/freesurfer/average/711-2B_as_mni_average_305_mask talsrcimg_g11 none talsrcimg_to_711-2C_as_mni_average_305_t4 2311
---------------------------------------------------------------------

freesurfer imgreg_4dfp.c
/opt/freesurfer/average/711-2C_as_mni_average_305.4dfp.img
       256       256       256         1
  1.000000  1.000000  1.000000
orientation T byte_order littleendian
Reading image: /opt/freesurfer/average/711-2C_as_mni_average_305.4dfp.img
dimensions:      256       256       256
mmppix:       1.0000   -1.0000   -1.0000
center:     128.0000 -129.0000 -129.0000
/opt/freesurfer/average/711-2B_as_mni_average_305_mask.4dfp.img
       256       256       256         1
  1.000000  1.000000  1.000000
orientation T byte_order littleendian
Reading mask: /opt/freesurfer/average/711-2B_as_mni_average_305_mask.4dfp.img (2306576 pixels)
talsrcimg_g11.4dfp.img
       256       256       256         1
  1.000000  1.000000  1.000000
orientation T byte_order littleendian
Reading image: talsrcimg_g11.4dfp.img
dimensions:      256       256       256
mmppix:       1.0000   -1.0000   -1.0000
center:     128.0000 -129.0000 -129.0000
fimgreg.f
image alignment mode   2311 decimal      907 hex
parameters
   -3.3536   32.8104    7.6006   -8.3552  -17.5745   -4.6423
   -2.1514   -4.5070    4.9395   14.4227    4.2114  -22.1267
eta,q 0.98236 14.76579
niter,ni,del,rscale     5    3    5.0000    0.8000
parameters
   -3.3483   32.7723    7.6562   -9.0470  -18.0253   -5.0468
   -2.0748   -4.5782    4.9499   14.2586    4.1895  -22.3716
eta,q 0.98210 14.70338
  0.0200  0.0194  0.0189  0.0197  0.0196  0.0201  0.0195  0.0212  0.0192  0.0198  0.0187  0.0187
  0.0187  0.0184  0.0182  0.0189  0.0187  0.0190  0.0186  0.0193  0.0185  0.0188  0.0182  0.0182
  0.0179  0.0178  0.0178  0.0181  0.0181  0.0183  0.0181  0.0182  0.0181  0.0181  0.0180  0.0180
  0.0176  0.0176  0.0176  0.0176  0.0178  0.0178  0.0179  0.0179  0.0179  0.0179  0.0179  0.0179
  0.0179  0.0179  0.0177  0.0179  0.0180  0.0179  0.0180  0.0183  0.0180  0.0182  0.0180  0.0180
  0.0187  0.0185  0.0181  0.0195  0.0189  0.0191  0.0185  0.0194  0.0185  0.0189  0.0182  0.0184
  0.0200  0.0196  0.0187  0.0226  0.0210  0.0219  0.0194  0.0214  0.0192  0.0202  0.0187  0.0189
niter,ni,del,rscale     4    3    5.0000    0.7000
parameters
   -3.3491   32.8362    7.5585   -8.7989  -17.7687   -5.0410
   -2.1506   -4.5297    4.9347   14.3672    4.2111  -22.4159
eta,q 0.98222 14.73051
  0.0195  0.0194  0.0186  0.0198  0.0195  0.0198  0.0190  0.0207  0.0188  0.0195  0.0185  0.0185
  0.0186  0.0186  0.0182  0.0192  0.0187  0.0189  0.0183  0.0190  0.0183  0.0186  0.0181  0.0181
  0.0181  0.0181  0.0179  0.0185  0.0182  0.0182  0.0179  0.0181  0.0179  0.0180  0.0179  0.0179
  0.0179  0.0179  0.0179  0.0179  0.0178  0.0178  0.0178  0.0178  0.0178  0.0178  0.0178  0.0178
  0.0181  0.0180  0.0180  0.0177  0.0178  0.0178  0.0179  0.0181  0.0179  0.0179  0.0179  0.0179
  0.0186  0.0184  0.0183  0.0183  0.0182  0.0184  0.0184  0.0190  0.0183  0.0185  0.0181  0.0181
  0.0195  0.0191  0.0188  0.0199  0.0194  0.0202  0.0191  0.0205  0.0189  0.0194  0.0184  0.0185
niter,ni,del,rscale     3    3    5.0000    0.6000
parameters
   -3.3459   32.8329    7.5517   -8.5822  -17.6601   -4.9238
   -2.1475   -4.5086    4.9252   14.4100    4.2298  -22.3284
eta,q 0.98229 14.74790
  0.0190  0.0188  0.0184  0.0194  0.0190  0.0193  0.0187  0.0199  0.0185  0.0190  0.0182  0.0183
  0.0183  0.0182  0.0180  0.0188  0.0184  0.0186  0.0181  0.0187  0.0181  0.0183  0.0179  0.0180
  0.0179  0.0179  0.0178  0.0182  0.0180  0.0180  0.0178  0.0179  0.0178  0.0179  0.0178  0.0178
  0.0178  0.0178  0.0178  0.0178  0.0177  0.0177  0.0177  0.0177  0.0177  0.0177  0.0177  0.0177
  0.0179  0.0179  0.0179  0.0177  0.0178  0.0177  0.0178  0.0179  0.0178  0.0178  0.0178  0.0178
  0.0183  0.0182  0.0181  0.0182  0.0181  0.0181  0.0181  0.0186  0.0181  0.0183  0.0179  0.0179
  0.0190  0.0188  0.0184  0.0194  0.0190  0.0194  0.0187  0.0199  0.0185  0.0190  0.0182  0.0182
niter,ni,del,rscale     2    3    5.0000    0.5000
parameters
   -3.3479   32.8174    7.5745   -8.4023  -17.5765   -4.7942
   -2.1489   -4.5000    4.9214   14.4119    4.2334  -22.2034
eta,q 0.98234 14.76099
  0.0186  0.0184  0.0182  0.0190  0.0186  0.0188  0.0183  0.0193  0.0182  0.0186  0.0181  0.0181
  0.0181  0.0180  0.0179  0.0185  0.0181  0.0183  0.0180  0.0184  0.0179  0.0181  0.0178  0.0179
  0.0178  0.0178  0.0178  0.0180  0.0178  0.0179  0.0177  0.0178  0.0177  0.0178  0.0177  0.0177
  0.0177  0.0177  0.0177  0.0177  0.0177  0.0177  0.0177  0.0177  0.0177  0.0177  0.0177  0.0177
  0.0178  0.0178  0.0177  0.0177  0.0177  0.0177  0.0177  0.0178  0.0177  0.0178  0.0177  0.0177
  0.0181  0.0180  0.0179  0.0180  0.0180  0.0180  0.0180  0.0184  0.0179  0.0181  0.0178  0.0178
  0.0186  0.0185  0.0181  0.0189  0.0186  0.0188  0.0184  0.0192  0.0182  0.0186  0.0180  0.0180
niter,ni,del,rscale     1    3    5.0000    0.4000
parameters
   -3.3501   32.8000    7.6081   -8.2592  -17.5094   -4.6621
   -2.1510   -4.4932    4.9168   14.4045    4.2271  -22.0849
eta,q 0.98237 14.77124
  0.0182  0.0181  0.0180  0.0185  0.0182  0.0184  0.0181  0.0187  0.0180  0.0182  0.0179  0.0179
  0.0179  0.0179  0.0178  0.0182  0.0179  0.0180  0.0178  0.0181  0.0178  0.0179  0.0177  0.0178
  0.0177  0.0177  0.0177  0.0178  0.0177  0.0178  0.0177  0.0177  0.0177  0.0177  0.0177  0.0177
  0.0177  0.0177  0.0177  0.0177  0.0176  0.0176  0.0176  0.0176  0.0176  0.0176  0.0176  0.0176
  0.0177  0.0177  0.0177  0.0177  0.0177  0.0176  0.0177  0.0177  0.0177  0.0177  0.0177  0.0177
  0.0179  0.0179  0.0178  0.0179  0.0178  0.0178  0.0178  0.0181  0.0178  0.0179  0.0177  0.0177
  0.0182  0.0182  0.0179  0.0185  0.0182  0.0183  0.0181  0.0187  0.0180  0.0182  0.0179  0.0179
registration optimization eta report
parameter search radius
    0.8000    0.8000    0.8000    2.4000    2.4000    2.4000
    2.4000    2.4000    2.4000    2.4000    2.4000    2.4000
100000*second partial in parameter space
       91.       73.       44.       15.       10.       12.
        8.       18.        6.       11.        5.        5.
  0.0182  0.0181  0.0180  0.0185  0.0182  0.0184  0.0181  0.0187  0.0180  0.0182  0.0179  0.0179
  0.0179  0.0179  0.0178  0.0182  0.0179  0.0180  0.0178  0.0181  0.0178  0.0179  0.0177  0.0178
  0.0177  0.0177  0.0177  0.0178  0.0177  0.0178  0.0177  0.0177  0.0177  0.0177  0.0177  0.0177
  0.0177  0.0177  0.0177  0.0177  0.0176  0.0176  0.0176  0.0176  0.0176  0.0176  0.0176  0.0176
  0.0177  0.0177  0.0177  0.0177  0.0177  0.0176  0.0177  0.0177  0.0177  0.0177  0.0177  0.0177
  0.0179  0.0179  0.0178  0.0179  0.0178  0.0178  0.0178  0.0181  0.0178  0.0179  0.0177  0.0177
  0.0182  0.0182  0.0179  0.0185  0.0182  0.0183  0.0181  0.0187  0.0180  0.0182  0.0179  0.0179
   -3.3501   32.8000    7.6081   -8.2592  -17.5094   -4.6621
   -2.1510   -4.4932    4.9168   14.4045    4.2271  -22.0849
eta,q 0.98237 14.77124

---------------------------------------------------------------------
compute_vox2vox talsrcimg talsrcimg_to_711-2C_as_mni_average_305_t4 /opt/freesurfer/average/711-2C_as_mni_average_305
---------------------------------------------------------------------

freesurfer compute_vox2vox.c
Reading: talsrcimg.4dfp.ifh
Reading: talsrcimg_to_711-2C_as_mni_average_305_t4
Reading: /opt/freesurfer/average/711-2C_as_mni_average_305.4dfp.ifh
Writing: talsrcimg_to_711-2C_as_mni_average_305_t4_vox2vox.txt

start time Wed Mar 11 14:45:51 CET 2026
end		time Wed Mar 11 14:47:17 CET 2026

mpr2mni305 success

avi2talxfm orig_nu.mgz /opt/freesurfer/average/mni305.cor.mgz talsrcimg_to_711-2C_as_mni_average_305_t4_vox2vox.txt transforms/talairach.auto.xfm
avi2talxfm done
mv -f /out/sourcedata/freesurfer/sub-v2s18x29526_ses-1/mri/talsrcimg_to_711-2C_as_mni_average_305_t4_vox2vox.txt /out/sourcedata/freesurfer/sub-v2s18x29526_ses-1/mri/transforms/talsrcimg_to_711-2C_as_mni_average_305_t4_vox2vox.txt
lta_convert --src orig_nu.mgz --trg /opt/freesurfer/average/mni305.cor.mgz --inxfm transforms/talairach.auto.xfm --outlta transforms/talairach.auto.xfm.lta --subject fsaverage
7.3.2

--src: orig_nu.mgz src image (geometry).
--trg: /opt/freesurfer/average/mni305.cor.mgz trg image (geometry).
--inmni: transforms/talairach.auto.xfm input MNI/XFM transform.
--outlta: transforms/talairach.auto.xfm.lta output LTA.
--s: fsaverage subject name
 LTA read, type : 1
 1.08579   0.04507   0.04038  -1.21466;
-0.06068   1.00560   0.26764  -53.18996;
-0.05412  -0.17829   1.16312  -9.01575;
 0.00000   0.00000   0.00000   1.00000;
setting subject to fsaverage
Writing  LTA to file transforms/talairach.auto.xfm.lta...
lta_convert successful.
 
 
Started at Wed Mar 11 14:45:50 CET 2026
Ended   at Wed Mar 11 14:47:18 CET 2026
talairach_avi done
