status file for recon-all
Wed Mar 11 15:13:44 CET 2026
#@# Tessellate lh Wed Mar 11 15:13:44 CET 2026
#@# Smooth1 lh Wed Mar 11 15:13:47 CET 2026
#@# Inflation1 lh Wed Mar 11 15:13:50 CET 2026
#@# QSphere lh Wed Mar 11 15:14:05 CET 2026
#@# Fix Topology lh Wed Mar 11 15:15:21 CET 2026
#@# Smooth2 lh Wed Mar 11 15:21:04 CET 2026
#@# Inflation2 lh Wed Mar 11 15:21:07 CET 2026
#@# Curv .H and .K lh Wed Mar 11 15:21:25 CET 2026
#@# Sphere lh Wed Mar 11 15:22:10 CET 2026
#@# Surf Reg lh Wed Mar 11 15:25:53 CET 2026
#@# Jacobian white lh Wed Mar 11 15:29:44 CET 2026
#@# AvgCurv lh Wed Mar 11 15:29:45 CET 2026
#@# Cortical Parc lh Wed Mar 11 15:29:46 CET 2026
#@# white curv lh Wed Mar 11 15:37:04 CET 2026
#@# white area lh Wed Mar 11 15:37:06 CET 2026
#@# pial curv lh Wed Mar 11 15:37:06 CET 2026
#@# pial area lh Wed Mar 11 15:37:08 CET 2026
#@# thickness lh Wed Mar 11 15:37:09 CET 2026
#@# area and vertex vol lh Wed Mar 11 15:37:35 CET 2026
#@# Curvature Stats lh Wed Mar 11 15:37:37 CET 2026
#@# Cortical Parc 2 lh Wed Mar 11 15:37:39 CET 2026
#@# Cortical Parc 3 lh Wed Mar 11 15:37:53 CET 2026
#@# WM/GM Contrast lh Wed Mar 11 15:38:01 CET 2026
recon-all -s sub-v2s18x29509_ses-1 finished without error at Wed Mar 11 15:38:06 CET 2026



#New# invocation of recon-all 



status file for recon-all
Wed Mar 11 16:10:20 CET 2026
#@# white curv lh Wed Mar 11 16:10:20 CET 2026
#@# white area lh Wed Mar 11 16:10:20 CET 2026
#@# pial curv lh Wed Mar 11 16:10:20 CET 2026
#@# pial area lh Wed Mar 11 16:10:20 CET 2026
#@# thickness lh Wed Mar 11 16:10:20 CET 2026
#@# area and vertex vol lh Wed Mar 11 16:10:20 CET 2026
#@# Parcellation Stats lh Wed Mar 11 16:10:20 CET 2026
#@# Parcellation Stats 2 lh Wed Mar 11 16:10:41 CET 2026
#@# Parcellation Stats 3 lh Wed Mar 11 16:10:51 CET 2026
#@# BA_exvivo Labels lh Wed Mar 11 16:11:02 CET 2026
recon-all -s sub-v2s18x29509_ses-1 finished without error at Wed Mar 11 16:13:33 CET 2026
