status file for recon-all
Wed Mar 11 13:41:42 CET 2026
#@# MotionCor Wed Mar 11 13:41:48 CET 2026
#@# Talairach Wed Mar 11 13:41:58 CET 2026
#@# Talairach Failure Detection Wed Mar 11 13:44:50 CET 2026
#@# Nu Intensity Correction Wed Mar 11 13:44:50 CET 2026
#@# Intensity Normalization Wed Mar 11 13:47:38 CET 2026
recon-all -s sub-v2s18x29509_ses-1 finished without error at Wed Mar 11 13:48:46 CET 2026



#New# invocation of recon-all 



status file for recon-all
Wed Mar 11 13:58:16 CET 2026
#@# EM Registration Wed Mar 11 13:58:16 CET 2026
recon-all -s sub-v2s18x29509_ses-1 finished without error at Wed Mar 11 13:59:55 CET 2026



#New# invocation of recon-all 



status file for recon-all
Wed Mar 11 13:59:57 CET 2026
#@# CA Normalize Wed Mar 11 13:59:57 CET 2026
#@# CA Reg Wed Mar 11 14:00:52 CET 2026
#@# SubCort Seg Wed Mar 11 14:45:31 CET 2026
#@# CC Seg Wed Mar 11 15:09:27 CET 2026
#@# Merge ASeg Wed Mar 11 15:09:46 CET 2026
#@# Intensity Normalization2 Wed Mar 11 15:09:46 CET 2026
#@# Mask BFS Wed Mar 11 15:11:22 CET 2026
#@# WM Segmentation Wed Mar 11 15:11:23 CET 2026
#@# Fill Wed Mar 11 15:13:00 CET 2026
recon-all -s sub-v2s18x29509_ses-1 finished without error at Wed Mar 11 15:13:40 CET 2026



#New# invocation of recon-all 



status file for recon-all
Wed Mar 11 16:05:02 CET 2026
#@# white curv lh Wed Mar 11 16:05:02 CET 2026
#@# white area lh Wed Mar 11 16:05:02 CET 2026
#@# pial curv lh Wed Mar 11 16:05:02 CET 2026
#@# pial area lh Wed Mar 11 16:05:02 CET 2026
#@# thickness lh Wed Mar 11 16:05:02 CET 2026
#@# area and vertex vol lh Wed Mar 11 16:05:02 CET 2026
#@# white curv rh Wed Mar 11 16:05:02 CET 2026
#@# white area rh Wed Mar 11 16:05:02 CET 2026
#@# pial curv rh Wed Mar 11 16:05:02 CET 2026
#@# pial area rh Wed Mar 11 16:05:02 CET 2026
#@# thickness rh Wed Mar 11 16:05:02 CET 2026
#@# area and vertex vol rh Wed Mar 11 16:05:02 CET 2026
#@# Cortical ribbon mask Wed Mar 11 16:05:02 CET 2026
recon-all -s sub-v2s18x29509_ses-1 finished without error at Wed Mar 11 16:10:15 CET 2026



#New# invocation of recon-all 



status file for recon-all
Wed Mar 11 16:16:53 CET 2026
#@# white curv lh Wed Mar 11 16:16:53 CET 2026
#@# white area lh Wed Mar 11 16:16:53 CET 2026
#@# pial curv lh Wed Mar 11 16:16:53 CET 2026
#@# pial area lh Wed Mar 11 16:16:53 CET 2026
#@# thickness lh Wed Mar 11 16:16:53 CET 2026
#@# area and vertex vol lh Wed Mar 11 16:16:53 CET 2026
#@# white curv rh Wed Mar 11 16:16:53 CET 2026
#@# white area rh Wed Mar 11 16:16:53 CET 2026
#@# pial curv rh Wed Mar 11 16:16:53 CET 2026
#@# pial area rh Wed Mar 11 16:16:53 CET 2026
#@# thickness rh Wed Mar 11 16:16:53 CET 2026
#@# area and vertex vol rh Wed Mar 11 16:16:53 CET 2026
#@# Curvature Stats lh Wed Mar 11 16:16:53 CET 2026
#@# Curvature Stats rh Wed Mar 11 16:16:56 CET 2026
#@# Relabel Hypointensities Wed Mar 11 16:16:58 CET 2026
#@# APas-to-ASeg Wed Mar 11 16:17:10 CET 2026
#@# AParc-to-ASeg aparc Wed Mar 11 16:17:17 CET 2026
#@# AParc-to-ASeg aparc.a2009s Wed Mar 11 16:17:49 CET 2026
#@# AParc-to-ASeg aparc.DKTatlas Wed Mar 11 16:18:25 CET 2026
#@# WMParc Wed Mar 11 16:18:59 CET 2026
#@# ASeg Stats Wed Mar 11 16:21:22 CET 2026
recon-all -s sub-v2s18x29509_ses-1 finished without error at Wed Mar 11 16:21:44 CET 2026
