/out/sourcedata/freesurfer/sub-v2s18x29520_ses-1/mri
/opt/freesurfer/bin/talairach_avi
--i orig_nu.mgz --xfm transforms/talairach.auto.xfm
talairach_avi 7.3.2
Linux dna054 5.14.0-427.37.1.el9_4.x86_64 #1 SMP PREEMPT_DYNAMIC Fri Sep 13 12:41:50 EDT 2024 x86_64 x86_64 x86_64 GNU/Linux
Wed Mar 11 14:26:52 CET 2026
mri_convert orig_nu.mgz talsrcimg.img 
reading from orig_nu.mgz...
TR=0.00, TE=0.00, TI=0.00, flip angle=0.00
i_ras = (-1, 0, 0)
j_ras = (0, 0, -1)
k_ras = (0, 1, 0)
writing to talsrcimg.img...
Analyze Output Matrix
-1.00000   0.00000   0.00000   134.28235;
 0.00000   0.00000   1.00000  -85.42233;
 0.00000  -1.00000   0.00000   121.07176;
 0.00000   0.00000   0.00000   1.00000;
--------------------
INFO: set hdr.hist.orient to -1
mpr2mni305 talsrcimg
Wed Mar 11 14:26:53 CET 2026
/opt/freesurfer/bin/mpr2mni305 talsrcimg
mpr2mni305 7.3.2
target=711-2C_as_mni_average_305

---------------------------------------------------------------------
analyzeto4dfp talsrcimg -O0 -y
---------------------------------------------------------------------

freesurfer ifh2hdr.c
Wed Mar 11 14:26:53 2026
Writing: talsrcimg.4dfp.hdr
freesurfer analyzeto4dfp.c
Reading: talsrcimg.hdr
header size 348 bytes
hdr.dime.datatype	offset=70	value=2
hdr.dime.bitpix		offset=72	value=8
hdr.hist.orient		offset=252	value=-1
dimensionality     4
dimensions       256       256       256         1
Reading: talsrcimg.img
Writing: talsrcimg.4dfp.img
Writing: talsrcimg.4dfp.ifh
ifh2hdr talsrcimg -r0to220
ori=2

---------------------------------------------------------------------
gauss_4dfp talsrcimg 1.1
---------------------------------------------------------------------

freesurfer gauss_4dfp.c
Reading: talsrcimg.4dfp.img
Writing: talsrcimg_g11.4dfp.img
image dimensions 256 256 256 padded to 288 288 288
processing volume 1freesurfer ifh2hdr.c
Wed Mar 11 14:26:55 2026
Writing: talsrcimg_g11.4dfp.hdr

Writing: talsrcimg_g11.4dfp.ifh
including: talsrcimg.4dfp.img.rec in talsrcimg_g11.4dfp.img.rec

---------------------------------------------------------------------
imgreg_4dfp /opt/freesurfer/average/711-2C_as_mni_average_305 none talsrcimg_g11 none talsrcimg_to_711-2C_as_mni_average_305_t4 4355
---------------------------------------------------------------------

freesurfer imgreg_4dfp.c
/opt/freesurfer/average/711-2C_as_mni_average_305.4dfp.img
       256       256       256         1
  1.000000  1.000000  1.000000
orientation T byte_order littleendian
Reading image: /opt/freesurfer/average/711-2C_as_mni_average_305.4dfp.img
dimensions:      256       256       256
mmppix:       1.0000   -1.0000   -1.0000
center:     128.0000 -129.0000 -129.0000
talsrcimg_g11.4dfp.img
       256       256       256         1
  1.000000  1.000000  1.000000
orientation T byte_order littleendian
Reading image: talsrcimg_g11.4dfp.img
dimensions:      256       256       256
mmppix:       1.0000   -1.0000   -1.0000
center:     128.0000 -129.0000 -129.0000
t4_read: open error in t4_sub.f l:  41 t4_file(1:l)talsrcimg_to_711-2C_as_mni_average_305_t4 
t4_read: transform initialized to I4
rotation matrix determinant  1.000000
image alignment mode   4355 decimal     1103 hex
   -7.5000  -45.0000  -45.0000 7528.1982   16.0499
    0.0000  -45.0000  -45.0000 7898.2515   16.0388
    7.5000  -45.0000  -45.0000 7607.6509   16.0471
   -7.5000  -37.5000  -45.0000 8124.7427   15.7682
    0.0000  -37.5000  -45.0000 8548.6113   15.7616
    7.5000  -37.5000  -45.0000 8246.4980   15.7702
   -7.5000  -30.0000  -45.0000 9104.1641   15.6110
    0.0000  -30.0000  -45.0000 9596.5889   15.6144
    7.5000  -30.0000  -45.0000 9248.7734   15.6252
   -7.5000  -22.5000  -45.000010065.7910   15.5740
    0.0000  -22.5000  -45.000010597.5010   15.5845
    7.5000  -22.5000  -45.000010197.0996   15.5962
   -7.5000  -15.0000  -45.000010895.3779   15.5615
    0.0000  -15.0000  -45.000011456.6074   15.5683
    7.5000  -15.0000  -45.000011023.1426   15.5789
   -7.5000   -7.5000  -45.000011664.5811   15.5658
    0.0000   -7.5000  -45.000012277.0615   15.5606
    7.5000   -7.5000  -45.000011839.0234   15.5685
   -7.5000    0.0000  -45.000012384.1699   15.5807
    0.0000    0.0000  -45.000013036.0732   15.5683
    7.5000    0.0000  -45.000012594.5713   15.5740
   -7.5000    7.5000  -45.000012196.7773   15.5929
    0.0000    7.5000  -45.000012855.8994   15.5851
    7.5000    7.5000  -45.000012412.6533   15.5925
   -7.5000   15.0000  -45.000011932.1445   15.5906
    0.0000   15.0000  -45.000012599.8555   15.5937
    7.5000   15.0000  -45.000012154.3369   15.6044
   -7.5000   22.5000  -45.000011403.1689   15.5719
    0.0000   22.5000  -45.000012054.6953   15.5823
    7.5000   22.5000  -45.000011611.5361   15.5940
   -7.5000   30.0000  -45.000010858.5391   15.3541
    0.0000   30.0000  -45.000011415.8057   15.3608
    7.5000   30.0000  -45.000011016.4502   15.3713
   -7.5000   37.5000  -45.000010432.4922   15.3584
    0.0000   37.5000  -45.000010936.5410   15.3533
    7.5000   37.5000  -45.000010549.0107   15.3611
   -7.5000   45.0000  -45.0000 9585.6475   14.9827
    0.0000   45.0000  -45.000010049.1641   14.9708
    7.5000   45.0000  -45.0000 9710.1240   14.9763
   -7.5000  -45.0000  -37.5000 7927.3374   15.8649
    0.0000  -45.0000  -37.5000 8334.2168   15.8473
    7.5000  -45.0000  -37.5000 8027.1182   15.8597
   -7.5000  -37.5000  -37.5000 8561.5215   15.5855
    0.0000  -37.5000  -37.5000 9035.1367   15.5692
    7.5000  -37.5000  -37.5000 8701.5049   15.5789
   -7.5000  -30.0000  -37.5000 9590.9521   15.4250
    0.0000  -30.0000  -37.500010114.5127   15.4160
    7.5000  -30.0000  -37.5000 9753.8311   15.4269
   -7.5000  -22.5000  -37.500010598.7852   15.3858
    0.0000  -22.5000  -37.500011169.7949   15.3849
    7.5000  -22.5000  -37.500010747.3770   15.3991
   -7.5000  -15.0000  -37.500011494.6191   15.3750
    0.0000  -15.0000  -37.500012078.5928   15.3737
    7.5000  -15.0000  -37.500011630.6387   15.3892
   -7.5000   -7.5000  -37.500012321.4736   15.3835
    0.0000   -7.5000  -37.500012984.9551   15.3726
    7.5000   -7.5000  -37.500012524.3672   15.3862
   -7.5000    0.0000  -37.500013046.6064   15.4021
    0.0000    0.0000  -37.500013763.4697   15.3836
    7.5000    0.0000  -37.500013274.0107   15.3934
   -7.5000    7.5000  -37.500012814.0039   15.4128
    0.0000    7.5000  -37.500013519.5088   15.3955
    7.5000    7.5000  -37.500013035.0674   15.4039
   -7.5000   15.0000  -37.500012504.4932   15.4051
    0.0000   15.0000  -37.500013197.8369   15.3958
    7.5000   15.0000  -37.500012726.7783   15.4065
   -7.5000   22.5000  -37.500011962.8799   15.3837
    0.0000   22.5000  -37.500012619.1309   15.3828
    7.5000   22.5000  -37.500012172.7324   15.3969
   -7.5000   30.0000  -37.500011395.9062   15.1701
    0.0000   30.0000  -37.500011978.8496   15.1688
    7.5000   30.0000  -37.500011569.5615   15.1841
   -7.5000   37.5000  -37.500010925.6553   15.1785
    0.0000   37.5000  -37.500011452.9160   15.1678
    7.5000   37.5000  -37.500011062.4365   15.1811
   -7.5000   45.0000  -37.500010012.6543   14.8110
    0.0000   45.0000  -37.500010480.0537   14.7932
    7.5000   45.0000  -37.500010129.2471   14.8026
   -7.5000  -45.0000  -30.0000 8508.0498   16.5568
    0.0000  -45.0000  -30.0000 8973.0127   16.5365
    7.5000  -45.0000  -30.0000 8629.3965   16.5569
   -7.5000  -37.5000  -30.0000 9200.7900   16.2643
    0.0000  -37.5000  -30.0000 9701.5469   16.2430
    7.5000  -37.5000  -30.0000 9325.9297   16.2586
   -7.5000  -30.0000  -30.000010271.7754   16.1005
    0.0000  -30.0000  -30.000010842.1035   16.0843
    7.5000  -30.0000  -30.000010430.9893   16.0974
   -7.5000  -22.5000  -30.000011364.2695   16.0651
    0.0000  -22.5000  -30.000011988.7715   16.0562
    7.5000  -22.5000  -30.000011540.4795   16.0711
   -7.5000  -15.0000  -30.000012320.9131   16.0533
    0.0000  -15.0000  -30.000012985.8740   16.0452
    7.5000  -15.0000  -30.000012510.5518   16.0626
   -7.5000   -7.5000  -30.000013240.8447   16.0561
    0.0000   -7.5000  -30.000013987.4609   16.0414
    7.5000   -7.5000  -30.000013467.8359   16.0602
   -7.5000    0.0000  -30.000014000.7061   16.0720
    0.0000    0.0000  -30.000014838.9473   16.0508
    7.5000    0.0000  -30.000014264.5645   16.0682
   -7.5000    7.5000  -30.000013736.6123   16.0837
    0.0000    7.5000  -30.000014550.1494   16.0614
    7.5000    7.5000  -30.000013997.2666   16.0756
   -7.5000   15.0000  -30.000013371.8721   16.0797
    0.0000   15.0000  -30.000014163.5293   16.0631
    7.5000   15.0000  -30.000013630.3066   16.0761
   -7.5000   22.5000  -30.000012770.7148   16.0613
    0.0000   22.5000  -30.000013501.0713   16.0524
    7.5000   22.5000  -30.000013011.4971   16.0673
   -7.5000   30.0000  -30.000012153.8311   15.8409
    0.0000   30.0000  -30.000012790.2881   15.8329
    7.5000   30.0000  -30.000012322.1250   15.8500
   -7.5000   37.5000  -30.000011646.7412   15.8436
    0.0000   37.5000  -30.000012223.5312   15.8291
    7.5000   37.5000  -30.000011796.0850   15.8477
   -7.5000   45.0000  -30.000010674.4688   15.4665
    0.0000   45.0000  -30.000011172.5039   15.4461
    7.5000   45.0000  -30.000010809.4932   15.4629
   -7.5000  -45.0000  -22.5000 9079.2773   17.1167
    0.0000  -45.0000  -22.5000 9599.1768   17.1034
    7.5000  -45.0000  -22.5000 9244.6318   17.1278
   -7.5000  -37.5000  -22.5000 9803.6621   16.8162
    0.0000  -37.5000  -22.500010352.5850   16.8036
    7.5000  -37.5000  -22.5000 9957.3301   16.8247
   -7.5000  -30.0000  -22.500010908.8193   16.6574
    0.0000  -30.0000  -22.500011554.0615   16.6493
    7.5000  -30.0000  -22.500011112.9619   16.6651
   -7.5000  -22.5000  -22.500012079.3438   16.6304
    0.0000  -22.5000  -22.500012776.7227   16.6265
    7.5000  -22.5000  -22.500012318.3057   16.6388
   -7.5000  -15.0000  -22.500013141.3467   16.6167
    0.0000  -15.0000  -22.500013934.0879   16.6108
    7.5000  -15.0000  -22.500013418.9893   16.6233
   -7.5000   -7.5000  -22.500014142.4492   16.6090
    0.0000   -7.5000  -22.500015054.5615   16.5977
    7.5000   -7.5000  -22.500014455.1113   16.6151
   -7.5000    0.0000  -22.500014967.9414   16.6168
    0.0000    0.0000  -22.500015941.2998   16.6020
    7.5000    0.0000  -22.500015287.0771   16.6231
   -7.5000    7.5000  -22.500014688.0713   16.6299
    0.0000    7.5000  -22.500015611.3066   16.6159
    7.5000    7.5000  -22.500015009.4287   16.6355
   -7.5000   15.0000  -22.500014292.5449   16.6358
    0.0000   15.0000  -22.500015172.8320   16.6274
    7.5000   15.0000  -22.500014615.9414   16.6430
   -7.5000   22.5000  -22.500013566.6084   16.6253
    0.0000   22.5000  -22.500014416.3662   16.6213
    7.5000   22.5000  -22.500013880.4307   16.6337
   -7.5000   30.0000  -22.500012886.3184   16.3993
    0.0000   30.0000  -22.500013598.8203   16.3935
    7.5000   30.0000  -22.500013121.4551   16.4059
   -7.5000   37.5000  -22.500012362.1025   16.3917
    0.0000   37.5000  -22.500013001.4932   16.3806
    7.5000   37.5000  -22.500012571.5547   16.3977
   -7.5000   45.0000  -22.500011354.6396   16.0028
    0.0000   45.0000  -22.500011915.8311   15.9886
    7.5000   45.0000  -22.500011529.3105   16.0089
   -7.5000  -45.0000  -15.0000 9628.9346   17.4932
    0.0000  -45.0000  -15.000010174.0410   17.4891
    7.5000  -45.0000  -15.0000 9781.1494   17.5099
   -7.5000  -37.5000  -15.000010360.7803   17.1882
    0.0000  -37.5000  -15.000010945.2256   17.1880
    7.5000  -37.5000  -15.000010523.9434   17.2090
   -7.5000  -30.0000  -15.000011504.6787   17.0322
    0.0000  -30.0000  -15.000012159.2744   17.0381
    7.5000  -30.0000  -15.000011711.2188   17.0542
   -7.5000  -22.5000  -15.000012747.5049   17.0088
    0.0000  -22.5000  -15.000013496.3672   17.0168
    7.5000  -22.5000  -15.000013010.3340   17.0258
   -7.5000  -15.0000  -15.000013910.0557   16.9944
    0.0000  -15.0000  -15.000014825.7783   16.9969
    7.5000  -15.0000  -15.000014276.0459   17.0028
   -7.5000   -7.5000  -15.000015032.9326   16.9823
    0.0000   -7.5000  -15.000016082.6523   16.9779
    7.5000   -7.5000  -15.000015450.9160   16.9888
   -7.5000    0.0000  -15.000015937.1943   16.9851
    0.0000    0.0000  -15.000017066.3105   16.9789
    7.5000    0.0000  -15.000016401.2832   16.9964
   -7.5000    7.5000  -15.000015653.3135   16.9985
    0.0000    7.5000  -15.000016690.3594   16.9967
    7.5000    7.5000  -15.000016062.7637   17.0160
   -7.5000   15.0000  -15.000015207.2139   17.0101
    0.0000   15.0000  -15.000016177.0986   17.0156
    7.5000   15.0000  -15.000015596.3584   17.0316
   -7.5000   22.5000  -15.000014404.6318   17.0028
    0.0000   22.5000  -15.000015303.6650   17.0108
    7.5000   22.5000  -15.000014758.9141   17.0198
   -7.5000   30.0000  -15.000013644.2744   16.7745
    0.0000   30.0000  -15.000014442.5557   16.7769
    7.5000   30.0000  -15.000013919.4863   16.7827
   -7.5000   37.5000  -15.000013161.7861   16.7626
    0.0000   37.5000  -15.000013882.5986   16.7582
    7.5000   37.5000  -15.000013391.9268   16.7690
   -7.5000   45.0000  -15.000012115.2666   16.3673
    0.0000   45.0000  -15.000012771.4316   16.3614
    7.5000   45.0000  -15.000012334.0996   16.3783
   -7.5000  -45.0000   -7.500010163.2715   17.6718
    0.0000  -45.0000   -7.500010750.7910   17.6676
    7.5000  -45.0000   -7.500010327.9951   17.6798
   -7.5000  -37.5000   -7.500010892.2959   17.3635
    0.0000  -37.5000   -7.500011546.9092   17.3654
    7.5000  -37.5000   -7.500011093.9961   17.3795
   -7.5000  -30.0000   -7.500012060.9570   17.1993
    0.0000  -30.0000   -7.500012786.0039   17.2109
    7.5000  -30.0000   -7.500012300.2939   17.2243
   -7.5000  -22.5000   -7.500013315.1309   17.1683
    0.0000  -22.5000   -7.500014171.4775   17.1840
    7.5000  -22.5000   -7.500013641.8184   17.1936
   -7.5000  -15.0000   -7.500014597.3330   17.1552
    0.0000  -15.0000   -7.500015645.2520   17.1644
    7.5000  -15.0000   -7.500015046.0000   17.1701
   -7.5000   -7.5000   -7.500015875.8428   17.1519
    0.0000   -7.5000   -7.500017153.8027   17.1500
    7.5000   -7.5000   -7.500016487.3750   17.1563
   -7.5000    0.0000   -7.500017032.8750   17.1602
    0.0000    0.0000   -7.500018409.6738   17.1540
    7.5000    0.0000   -7.500017682.8574   17.1632
   -7.5000    7.5000   -7.500016773.7520   17.1722
    0.0000    7.5000   -7.500017979.6348   17.1725
    7.5000    7.5000   -7.500017328.4043   17.1852
   -7.5000   15.0000   -7.500016220.0195   17.1770
    0.0000   15.0000   -7.500017317.0938   17.1882
    7.5000   15.0000   -7.500016678.3027   17.2016
   -7.5000   22.5000   -7.500015325.7871   17.1604
    0.0000   22.5000   -7.500016359.9971   17.1761
    7.5000   22.5000   -7.500015713.6406   17.1856
   -7.5000   30.0000   -7.500014493.5850   16.9327
    0.0000   30.0000   -7.500015446.5273   16.9418
    7.5000   30.0000   -7.500014785.3154   16.9475
   -7.5000   37.5000   -7.500013972.3125   16.9294
    0.0000   37.5000   -7.500014891.3350   16.9276
    7.5000   37.5000   -7.500014230.0811   16.9338
   -7.5000   45.0000   -7.500012848.6250   16.5392
    0.0000   45.0000   -7.500013676.3428   16.5332
    7.5000   45.0000   -7.500013109.2832   16.5421
   -7.5000  -45.0000    0.000010617.0547   17.7079
    0.0000  -45.0000    0.000011240.1582   17.6963
    7.5000  -45.0000    0.000010812.1826   17.7047
   -7.5000  -37.5000    0.000011390.9219   17.3979
    0.0000  -37.5000    0.000012046.3135   17.3914
    7.5000  -37.5000    0.000011607.6289   17.4004
   -7.5000  -30.0000    0.000012590.0654   17.2232
    0.0000  -30.0000    0.000013305.4180   17.2277
    7.5000  -30.0000    0.000012852.6689   17.2395
   -7.5000  -22.5000    0.000013879.0039   17.1823
    0.0000  -22.5000    0.000014704.7188   17.1943
    7.5000  -22.5000    0.000014193.4082   17.2073
   -7.5000  -15.0000    0.000015151.8330   17.1703
    0.0000  -15.0000    0.000016249.9082   17.1780
    7.5000  -15.0000    0.000015650.3291   17.1895
   -7.5000   -7.5000    0.000016554.9102   17.1775
    0.0000   -7.5000    0.000018124.5059   17.1721
    7.5000   -7.5000    0.000017373.6855   17.1802
   -7.5000    0.0000    0.000017917.7656   17.1946
    0.0000    0.0000    0.000019882.6484   17.1815
    7.5000    0.0000    0.000018958.4629   17.1871
   -7.5000    7.5000    0.000017760.6875   17.2060
    0.0000    7.5000    0.000019674.8340   17.1982
    7.5000    7.5000    0.000018695.2734   17.2058
   -7.5000   15.0000    0.000017115.9922   17.2009
    0.0000   15.0000    0.000018699.0078   17.2051
    7.5000   15.0000    0.000017779.3184   17.2167
   -7.5000   22.5000    0.000016050.3281   17.1744
    0.0000   22.5000    0.000017418.3594   17.1864
    7.5000   22.5000    0.000016578.7715   17.1994
   -7.5000   30.0000    0.000015061.1914   16.9480
    0.0000   30.0000    0.000016234.1025   16.9557
    7.5000   30.0000    0.000015484.6533   16.9671
   -7.5000   37.5000    0.000014516.1328   16.9551
    0.0000   37.5000    0.000015570.7979   16.9498
    7.5000   37.5000    0.000014869.8838   16.9578
   -7.5000   45.0000    0.000013383.4238   16.5736
    0.0000   45.0000    0.000014335.2705   16.5610
    7.5000   45.0000    0.000013749.0967   16.5664
   -7.5000  -45.0000    7.500010190.2402   17.7445
    0.0000  -45.0000    7.500010801.6240   17.7249
    7.5000  -45.0000    7.500010422.9404   17.7386
   -7.5000  -37.5000    7.500010924.1016   17.4320
    0.0000  -37.5000    7.500011606.3037   17.4138
    7.5000  -37.5000    7.500011194.3740   17.4245
   -7.5000  -30.0000    7.500012089.2998   17.2526
    0.0000  -30.0000    7.500012886.6084   17.2426
    7.5000  -30.0000    7.500012418.3418   17.2547
   -7.5000  -22.5000    7.500013320.1670   17.2090
    0.0000  -22.5000    7.500014290.5264   17.2081
    7.5000  -22.5000    7.500013733.1270   17.2239
   -7.5000  -15.0000    7.500014580.1221   17.1971
    0.0000  -15.0000    7.500015839.3721   17.1957
    7.5000  -15.0000    7.500015206.7705   17.2130
   -7.5000   -7.5000    7.500015988.9971   17.2065
    0.0000   -7.5000    7.500017699.1094   17.1944
    7.5000   -7.5000    7.500016949.3809   17.2095
   -7.5000    0.0000    7.500017313.7129   17.2271
    0.0000    0.0000    7.500019290.1348   17.2064
    7.5000    0.0000    7.500018475.1895   17.2172
   -7.5000    7.5000    7.500017173.7285   17.2389
    0.0000    7.5000    7.500019024.3066   17.2196
    7.5000    7.5000    7.500018153.2070   17.2289
   -7.5000   15.0000    7.500016571.1895   17.2303
    0.0000   15.0000    7.500018138.0742   17.2200
    7.5000   15.0000    7.500017290.1465   17.2319
   -7.5000   22.5000    7.500015516.7236   17.2011
    0.0000   22.5000    7.500016851.6738   17.2001
    7.5000   22.5000    7.500016103.7793   17.2159
   -7.5000   30.0000    7.500014500.0107   16.9745
    0.0000   30.0000    7.500015620.2725   16.9732
    7.5000   30.0000    7.500014950.6846   16.9903
   -7.5000   37.5000    7.500013960.8398   16.9838
    0.0000   37.5000    7.500014967.6123   16.9719
    7.5000   37.5000    7.500014342.4043   16.9868
   -7.5000   45.0000    7.500012882.5342   16.6049
    0.0000   45.0000    7.500013816.1123   16.5850
    7.5000   45.0000    7.500013256.2637   16.5954
   -7.5000  -45.0000   15.0000 9626.3330   17.8021
    0.0000  -45.0000   15.000010276.6172   17.7802
    7.5000  -45.0000   15.0000 9921.9521   17.8021
   -7.5000  -37.5000   15.000010348.9287   17.4872
    0.0000  -37.5000   15.000011053.7080   17.4643
    7.5000  -37.5000   15.000010678.9229   17.4810
   -7.5000  -30.0000   15.000011473.5508   17.3108
    0.0000  -30.0000   15.000012237.7373   17.2933
    7.5000  -30.0000   15.000011845.2480   17.3073
   -7.5000  -22.5000   15.000012629.1211   17.2726
    0.0000  -22.5000   15.000013489.7432   17.2630
    7.5000  -22.5000   15.000013056.2852   17.2789
   -7.5000  -15.0000   15.000013797.5967   17.2598
    0.0000  -15.0000   15.000014827.0195   17.2512
    7.5000  -15.0000   15.000014377.0254   17.2697
   -7.5000   -7.5000   15.000015058.8613   17.2630
    0.0000   -7.5000   15.000016321.6533   17.2471
    7.5000   -7.5000   15.000015835.8848   17.2672
   -7.5000    0.0000   15.000016226.5830   17.2802
    0.0000    0.0000   15.000017549.5918   17.2574
    7.5000    0.0000   15.000016949.3594   17.2760
   -7.5000    7.5000   15.000016057.4307   17.2928
    0.0000    7.5000   15.000017224.7656   17.2688
    7.5000    7.5000   15.000016594.6230   17.2839
   -7.5000   15.0000   15.000015533.1748   17.2884
    0.0000   15.0000   15.000016640.6816   17.2705
    7.5000   15.0000   15.000016042.9648   17.2844
   -7.5000   22.5000   15.000014640.5547   17.2647
    0.0000   22.5000   15.000015651.0547   17.2551
    7.5000   22.5000   15.000015090.5449   17.2709
   -7.5000   30.0000   15.000013701.7266   17.0365
    0.0000   30.0000   15.000014603.3828   17.0279
    7.5000   30.0000   15.000014054.8555   17.0462
   -7.5000   37.5000   15.000013197.6768   17.0395
    0.0000   37.5000   15.000014062.6562   17.0239
    7.5000   37.5000   15.000013538.2197   17.0437
   -7.5000   45.0000   15.000012179.9316   16.6561
    0.0000   45.0000   15.000013002.9102   16.6341
    7.5000   45.0000   15.000012527.5000   16.6521
   -7.5000  -45.0000   22.5000 9077.9316   18.0270
    0.0000  -45.0000   22.5000 9620.4844   18.0126
    7.5000  -45.0000   22.5000 9322.0098   18.0377
   -7.5000  -37.5000   22.5000 9752.2891   17.7079
    0.0000  -37.5000   22.500010323.2773   17.6942
    7.5000  -37.5000   22.500010011.2129   17.7160
   -7.5000  -30.0000   22.500010789.3613   17.5374
    0.0000  -30.0000   22.500011386.1133   17.5286
    7.5000  -30.0000   22.500011059.6865   17.5446
   -7.5000  -22.5000   22.500011868.8926   17.5087
    0.0000  -22.5000   22.500012534.5684   17.5043
    7.5000  -22.5000   22.500012198.4551   17.5165
   -7.5000  -15.0000   22.500012956.4082   17.4949
    0.0000  -15.0000   22.500013699.4912   17.4882
    7.5000  -15.0000   22.500013359.4189   17.5006
   -7.5000   -7.5000   22.500014083.7178   17.4874
    0.0000   -7.5000   22.500014922.6865   17.4751
    7.5000   -7.5000   22.500014524.1455   17.4927
   -7.5000    0.0000   22.500015071.1074   17.4959
    0.0000    0.0000   22.500015922.9541   17.4799
    7.5000    0.0000   22.500015428.4102   17.5016
   -7.5000    7.5000   22.500014916.1768   17.5090
    0.0000    7.5000   22.500015675.6777   17.4940
    7.5000    7.5000   22.500015140.2207   17.5140
   -7.5000   15.0000   22.500014527.0615   17.5144
    0.0000   15.0000   22.500015333.7861   17.5052
    7.5000   15.0000   22.500014835.9453   17.5210
   -7.5000   22.5000   22.500013772.7119   17.5006
    0.0000   22.5000   22.500014579.1797   17.4962
    7.5000   22.5000   22.500014099.2451   17.5084
   -7.5000   30.0000   22.500012913.1006   17.2685
    0.0000   30.0000   22.500013660.2725   17.2619
    7.5000   30.0000   22.500013197.1270   17.2741
   -7.5000   37.5000   22.500012417.7100   17.2611
    0.0000   37.5000   22.500013160.7773   17.2489
    7.5000   37.5000   22.500012718.8486   17.2663
   -7.5000   45.0000   22.500011468.8301   16.8640
    0.0000   45.0000   22.500012175.2383   16.8486
    7.5000   45.0000   22.500011772.0371   16.8695
   -7.5000  -45.0000   30.0000 8482.2510   18.3504
    0.0000  -45.0000   30.0000 8889.1318   18.3451
    7.5000  -45.0000   30.0000 8613.7080   18.3655
   -7.5000  -37.5000   30.0000 9111.0977   18.0248
    0.0000  -37.5000   30.0000 9540.0283   18.0238
    7.5000  -37.5000   30.0000 9261.6328   18.0447
   -7.5000  -30.0000   30.000010080.8809   17.8545
    0.0000  -30.0000   30.000010552.8242   17.8602
    7.5000  -30.0000   30.000010274.7197   17.8755
   -7.5000  -22.5000   30.000011061.4092   17.8306
    0.0000  -22.5000   30.000011618.8955   17.8382
    7.5000  -22.5000   30.000011319.7539   17.8458
   -7.5000  -15.0000   30.000012047.0947   17.8179
    0.0000  -15.0000   30.000012681.1641   17.8193
    7.5000  -15.0000   30.000012344.1465   17.8236
   -7.5000   -7.5000   30.000013030.6611   17.8064
    0.0000   -7.5000   30.000013706.9678   17.8005
    7.5000   -7.5000   30.000013335.5020   17.8104
   -7.5000    0.0000   30.000013899.8867   17.8087
    0.0000    0.0000   30.000014575.6113   17.8012
    7.5000    0.0000   30.000014130.3730   17.8182
   -7.5000    7.5000   30.000013750.1846   17.8201
    0.0000    7.5000   30.000014401.6875   17.8174
    7.5000    7.5000   30.000013945.1885   17.8365
   -7.5000   15.0000   30.000013440.2266   17.8306
    0.0000   15.0000   30.000014144.6738   17.8358
    7.5000   15.0000   30.000013698.7490   17.8510
   -7.5000   22.5000   30.000012806.3330   17.8224
    0.0000   22.5000   30.000013521.5107   17.8300
    7.5000   22.5000   30.000013070.7754   17.8376
   -7.5000   30.0000   30.000012019.2070   17.5873
    0.0000   30.0000   30.000012673.7354   17.5887
    7.5000   30.0000   30.000012243.9229   17.5930
   -7.5000   37.5000   30.000011582.9648   17.5760
    0.0000   37.5000   30.000012235.9912   17.5702
    7.5000   37.5000   30.000011836.8154   17.5799
   -7.5000   45.0000   30.000010722.5117   17.1655
    0.0000   45.0000   30.000011305.3564   17.1583
    7.5000   45.0000   30.000010931.9785   17.1747
   -7.5000  -45.0000   37.5000 8196.3818   18.8272
    0.0000  -45.0000   37.5000 8572.3984   18.8216
    7.5000  -45.0000   37.5000 8314.3975   18.8323
   -7.5000  -37.5000   37.5000 8818.7969   18.4873
    0.0000  -37.5000   37.5000 9241.4277   18.4889
    7.5000  -37.5000   37.5000 8960.2646   18.5024
   -7.5000  -30.0000   37.5000 9763.8242   18.3003
    0.0000  -30.0000   37.500010231.0244   18.3127
    7.5000  -30.0000   37.5000 9948.0518   18.3255
   -7.5000  -22.5000   37.500010701.3008   18.2682
    0.0000  -22.5000   37.500011235.4902   18.2847
    7.5000  -22.5000   37.500010922.0410   18.2928
   -7.5000  -15.0000   37.500011619.9473   18.2591
    0.0000  -15.0000   37.500012205.1445   18.2675
    7.5000  -15.0000   37.500011865.3750   18.2711
   -7.5000   -7.5000   37.500012509.5635   18.2587
    0.0000   -7.5000   37.500013108.3779   18.2548
    7.5000   -7.5000   37.500012744.6855   18.2589
   -7.5000    0.0000   37.500013306.9912   18.2663
    0.0000    0.0000   37.500013940.1953   18.2582
    7.5000    0.0000   37.500013507.0605   18.2659
   -7.5000    7.5000   37.500013201.8105   18.2735
    0.0000    7.5000   37.500013817.6748   18.2734
    7.5000    7.5000   37.500013381.4990   18.2852
   -7.5000   15.0000   37.500012925.5801   18.2751
    0.0000   15.0000   37.500013573.5244   18.2871
    7.5000   15.0000   37.500013146.3887   18.2998
   -7.5000   22.5000   37.500012380.1064   18.2598
    0.0000   22.5000   37.500013027.9326   18.2762
    7.5000   22.5000   37.500012601.8350   18.2843
   -7.5000   30.0000   37.500011629.4902   18.0228
    0.0000   30.0000   37.500012209.4668   18.0311
    7.5000   30.0000   37.500011795.8623   18.0347
   -7.5000   37.5000   37.500011202.8076   18.0224
    0.0000   37.5000   37.500011768.7402   18.0185
    7.5000   37.5000   37.500011364.6016   18.0226
   -7.5000   45.0000   37.500010343.5146   17.6066
    0.0000   45.0000   37.500010859.0674   17.5988
    7.5000   45.0000   37.500010507.9004   17.6062
   -7.5000  -45.0000   45.0000 7561.2983   19.3617
    0.0000  -45.0000   45.0000 7947.4004   19.3474
    7.5000  -45.0000   45.0000 7680.7271   19.3619
   -7.5000  -37.5000   45.0000 8132.1431   18.9952
    0.0000  -37.5000   45.0000 8542.4990   18.9872
    7.5000  -37.5000   45.0000 8279.6836   19.0030
   -7.5000  -30.0000   45.0000 9006.3125   18.7837
    0.0000  -30.0000   45.0000 9472.3613   18.7884
    7.5000  -30.0000   45.0000 9178.6895   18.8064
   -7.5000  -22.5000   45.0000 9884.4258   18.7453
    0.0000  -22.5000   45.000010412.3457   18.7580
    7.5000  -22.5000   45.000010074.3340   18.7756
   -7.5000  -15.0000   45.000010694.1270   18.7465
    0.0000  -15.0000   45.000011273.3721   18.7534
    7.5000  -15.0000   45.000010900.1387   18.7682
   -7.5000   -7.5000   45.000011499.0732   18.7615
    0.0000   -7.5000   45.000012065.4248   18.7534
    7.5000   -7.5000   45.000011702.6689   18.7653
   -7.5000    0.0000   45.000012202.0410   18.7731
    0.0000    0.0000   45.000012792.5264   18.7569
    7.5000    0.0000   45.000012395.8789   18.7680
   -7.5000    7.5000   45.000012060.1621   18.7698
    0.0000    7.5000   45.000012640.7900   18.7602
    7.5000    7.5000   45.000012267.2266   18.7743
   -7.5000   15.0000   45.000011843.4609   18.7571
    0.0000   15.0000   45.000012421.3994   18.7613
    7.5000   15.0000   45.000012068.7959   18.7792
   -7.5000   22.5000   45.000011384.4521   18.7366
    0.0000   22.5000   45.000011962.0850   18.7493
    7.5000   22.5000   45.000011583.1406   18.7669
   -7.5000   30.0000   45.000010701.6416   18.5023
    0.0000   30.0000   45.000011215.4033   18.5091
    7.5000   30.0000   45.000010846.3584   18.5236
   -7.5000   37.5000   45.000010326.2002   18.5171
    0.0000   37.5000   45.000010813.7715   18.5091
    7.5000   37.5000   45.000010466.2432   18.5208
   -7.5000   45.0000   45.0000 9505.1611   18.1033
    0.0000   45.0000   45.0000 9971.9160   18.0877
    7.5000   45.0000   45.0000 9662.1357   18.0983

---------------------------------------------------------------------
imgreg_4dfp /opt/freesurfer/average/711-2C_as_mni_average_305 /opt/freesurfer/average/711-2B_as_mni_average_305_mask talsrcimg_g11 none talsrcimg_to_711-2C_as_mni_average_305_t4 4355
---------------------------------------------------------------------

freesurfer imgreg_4dfp.c
/opt/freesurfer/average/711-2C_as_mni_average_305.4dfp.img
       256       256       256         1
  1.000000  1.000000  1.000000
orientation T byte_order littleendian
Reading image: /opt/freesurfer/average/711-2C_as_mni_average_305.4dfp.img
dimensions:      256       256       256
mmppix:       1.0000   -1.0000   -1.0000
center:     128.0000 -129.0000 -129.0000
/opt/freesurfer/average/711-2B_as_mni_average_305_mask.4dfp.img
       256       256       256         1
  1.000000  1.000000  1.000000
orientation T byte_order littleendian
Reading mask: /opt/freesurfer/average/711-2B_as_mni_average_305_mask.4dfp.img (2306576 pixels)
talsrcimg_g11.4dfp.img
       256       256       256         1
  1.000000  1.000000  1.000000
orientation T byte_order littleendian
Reading image: talsrcimg_g11.4dfp.img
dimensions:      256       256       256
mmppix:       1.0000   -1.0000   -1.0000
center:     128.0000 -129.0000 -129.0000
rotation matrix determinant  1.000000
image alignment mode   4355 decimal     1103 hex
   -7.5000  -45.0000  -45.0000 2104.2502   22.4158
    0.0000  -45.0000  -45.0000 2123.0105   22.2208
    7.5000  -45.0000  -45.0000 2115.0945   22.0450
   -7.5000  -37.5000  -45.0000 2223.8838   20.2734
    0.0000  -37.5000  -45.0000 2244.7532   20.1034
    7.5000  -37.5000  -45.0000 2241.2666   19.9585
   -7.5000  -30.0000  -45.0000 2336.1909   18.6361
    0.0000  -30.0000  -45.0000 2355.0920   18.5151
    7.5000  -30.0000  -45.0000 2354.7612   18.3883
   -7.5000  -22.5000  -45.0000 2412.6082   17.3822
    0.0000  -22.5000  -45.0000 2434.6599   17.2022
    7.5000  -22.5000  -45.0000 2428.4817   17.1382
   -7.5000  -15.0000  -45.0000 2457.6023   16.5222
    0.0000  -15.0000  -45.0000 2477.3250   16.2895
    7.5000  -15.0000  -45.0000 2473.6196   16.2233
   -7.5000   -7.5000  -45.0000 2474.8550   15.9342
    0.0000   -7.5000  -45.0000 2497.6506   15.6891
    7.5000   -7.5000  -45.0000 2498.8840   15.6418
   -7.5000    0.0000  -45.0000 2494.1108   15.5565
    0.0000    0.0000  -45.0000 2511.1377   15.3024
    7.5000    0.0000  -45.0000 2517.5732   15.2772
   -7.5000    7.5000  -45.0000 2496.3311   15.4476
    0.0000    7.5000  -45.0000 2513.2925   15.1802
    7.5000    7.5000  -45.0000 2521.4783   15.1690
   -7.5000   15.0000  -45.0000 2480.9199   15.6751
    0.0000   15.0000  -45.0000 2511.0525   15.3763
    7.5000   15.0000  -45.0000 2514.1084   15.3679
   -7.5000   22.5000  -45.0000 2450.0469   16.1486
    0.0000   22.5000  -45.0000 2488.3320   15.8655
    7.5000   22.5000  -45.0000 2492.0256   15.8459
   -7.5000   30.0000  -45.0000 2413.6882   16.9285
    0.0000   30.0000  -45.0000 2444.8594   16.6111
    7.5000   30.0000  -45.0000 2450.7214   16.5816
   -7.5000   37.5000  -45.0000 2350.9780   18.0396
    0.0000   37.5000  -45.0000 2376.3401   17.6562
    7.5000   37.5000  -45.0000 2381.6753   17.6258
   -7.5000   45.0000  -45.0000 2261.0547   19.4687
    0.0000   45.0000  -45.0000 2289.0374   19.0798
    7.5000   45.0000  -45.0000 2292.5754   18.9853
   -7.5000  -45.0000  -37.5000 2159.7878   21.1321
    0.0000  -45.0000  -37.5000 2180.3599   20.9346
    7.5000  -45.0000  -37.5000 2177.6333   20.8316
   -7.5000  -37.5000  -37.5000 2283.3176   19.0868
    0.0000  -37.5000  -37.5000 2311.1191   18.8928
    7.5000  -37.5000  -37.5000 2309.8708   18.8082
   -7.5000  -30.0000  -37.5000 2392.9124   17.4912
    0.0000  -30.0000  -37.5000 2420.0469   17.3272
    7.5000  -30.0000  -37.5000 2423.3872   17.2597
   -7.5000  -22.5000  -37.5000 2479.7080   16.3205
    0.0000  -22.5000  -37.5000 2504.4187   16.0987
    7.5000  -22.5000  -37.5000 2503.0603   16.0530
   -7.5000  -15.0000  -37.5000 2529.8206   15.4758
    0.0000  -15.0000  -37.5000 2548.1416   15.2575
    7.5000  -15.0000  -37.5000 2548.7002   15.2159
   -7.5000   -7.5000  -37.5000 2562.8264   14.8735
    0.0000   -7.5000  -37.5000 2584.8225   14.6616
    7.5000   -7.5000  -37.5000 2589.9810   14.6466
   -7.5000    0.0000  -37.5000 2579.6509   14.4892
    0.0000    0.0000  -37.5000 2600.8264   14.2878
    7.5000    0.0000  -37.5000 2607.0413   14.2971
   -7.5000    7.5000  -37.5000 2582.2793   14.4188
    0.0000    7.5000  -37.5000 2600.9607   14.1713
    7.5000    7.5000  -37.5000 2609.8628   14.1842
   -7.5000   15.0000  -37.5000 2565.0884   14.5797
    0.0000   15.0000  -37.5000 2599.4238   14.3438
    7.5000   15.0000  -37.5000 2605.0120   14.3442
   -7.5000   22.5000  -37.5000 2536.9534   15.0459
    0.0000   22.5000  -37.5000 2577.7751   14.7588
    7.5000   22.5000  -37.5000 2586.7825   14.7685
   -7.5000   30.0000  -37.5000 2496.1282   15.7967
    0.0000   30.0000  -37.5000 2532.6528   15.4760
    7.5000   30.0000  -37.5000 2542.0657   15.4768
   -7.5000   37.5000  -37.5000 2430.3694   16.8447
    0.0000   37.5000  -37.5000 2463.6284   16.4766
    7.5000   37.5000  -37.5000 2467.9939   16.4756
   -7.5000   45.0000  -37.5000 2339.1287   18.2190
    0.0000   45.0000  -37.5000 2370.9727   17.7995
    7.5000   45.0000  -37.5000 2375.2170   17.7957
   -7.5000  -45.0000  -30.0000 2242.0293   20.7603
    0.0000  -45.0000  -30.0000 2269.7207   20.5525
    7.5000  -45.0000  -30.0000 2269.7078   20.4505
   -7.5000  -37.5000  -30.0000 2369.1616   18.6608
    0.0000  -37.5000  -30.0000 2399.8127   18.5063
    7.5000  -37.5000  -30.0000 2399.7095   18.3904
   -7.5000  -30.0000  -30.0000 2480.6565   17.1021
    0.0000  -30.0000  -30.0000 2511.2778   16.8786
    7.5000  -30.0000  -30.0000 2513.6565   16.8246
   -7.5000  -22.5000  -30.0000 2570.7046   15.8961
    0.0000  -22.5000  -30.0000 2601.5903   15.6699
    7.5000  -22.5000  -30.0000 2606.2693   15.6267
   -7.5000  -15.0000  -30.0000 2628.2241   15.0244
    0.0000  -15.0000  -30.0000 2650.3076   14.7983
    7.5000  -15.0000  -30.0000 2660.9639   14.7763
   -7.5000   -7.5000  -30.0000 2679.8945   14.3697
    0.0000   -7.5000  -30.0000 2701.4666   14.2073
    7.5000   -7.5000  -30.0000 2713.6042   14.1908
   -7.5000    0.0000  -30.0000 2704.5393   14.0150
    0.0000    0.0000  -30.0000 2730.2600   13.8235
    7.5000    0.0000  -30.0000 2737.7510   13.8083
   -7.5000    7.5000  -30.0000 2707.0435   13.9428
    0.0000    7.5000  -30.0000 2736.4607   13.6947
    7.5000    7.5000  -30.0000 2743.0508   13.7272
   -7.5000   15.0000  -30.0000 2692.4246   14.1530
    0.0000   15.0000  -30.0000 2727.2605   13.8637
    7.5000   15.0000  -30.0000 2737.7468   13.8886
   -7.5000   22.5000  -30.0000 2668.1980   14.5978
    0.0000   22.5000  -30.0000 2710.3879   14.2869
    7.5000   22.5000  -30.0000 2720.1165   14.3054
   -7.5000   30.0000  -30.0000 2618.5000   15.3094
    0.0000   30.0000  -30.0000 2657.8440   14.9610
    7.5000   30.0000  -30.0000 2668.8367   14.9833
   -7.5000   37.5000  -30.0000 2550.1174   16.2899
    0.0000   37.5000  -30.0000 2584.2292   15.9560
    7.5000   37.5000  -30.0000 2593.3718   15.9564
   -7.5000   45.0000  -30.0000 2448.3584   17.6704
    0.0000   45.0000  -30.0000 2481.5063   17.2501
    7.5000   45.0000  -30.0000 2491.1204   17.2837
   -7.5000  -45.0000  -22.5000 2288.2473   20.2790
    0.0000  -45.0000  -22.5000 2323.1912   20.0933
    7.5000  -45.0000  -22.5000 2325.6235   19.9936
   -7.5000  -37.5000  -22.5000 2417.9268   18.2258
    0.0000  -37.5000  -22.5000 2446.4246   17.9790
    7.5000  -37.5000  -22.5000 2452.6697   17.8846
   -7.5000  -30.0000  -22.5000 2525.1592   16.5757
    0.0000  -30.0000  -22.5000 2558.8616   16.3822
    7.5000  -30.0000  -22.5000 2562.6201   16.3268
   -7.5000  -22.5000  -22.5000 2628.7817   15.3733
    0.0000  -22.5000  -22.5000 2659.3191   15.1754
    7.5000  -22.5000  -22.5000 2666.2549   15.1503
   -7.5000  -15.0000  -22.5000 2698.8252   14.5006
    0.0000  -15.0000  -22.5000 2725.6160   14.3253
    7.5000  -15.0000  -22.5000 2737.9373   14.3201
   -7.5000   -7.5000  -22.5000 2754.2014   13.8614
    0.0000   -7.5000  -22.5000 2786.7285   13.6647
    7.5000   -7.5000  -22.5000 2795.8489   13.6646
   -7.5000    0.0000  -22.5000 2793.5330   13.4988
    0.0000    0.0000  -22.5000 2826.6917   13.2752
    7.5000    0.0000  -22.5000 2830.1179   13.2532
   -7.5000    7.5000  -22.5000 2807.3975   13.4250
    0.0000    7.5000  -22.5000 2836.9465   13.1325
    7.5000    7.5000  -22.5000 2847.8450   13.1653
   -7.5000   15.0000  -22.5000 2792.3850   13.6602
    0.0000   15.0000  -22.5000 2826.8784   13.3295
    7.5000   15.0000  -22.5000 2840.8560   13.3678
   -7.5000   22.5000  -22.5000 2757.9138   14.1126
    0.0000   22.5000  -22.5000 2807.1807   13.7742
    7.5000   22.5000  -22.5000 2819.5444   13.7920
   -7.5000   30.0000  -22.5000 2709.9290   14.7556
    0.0000   30.0000  -22.5000 2748.2234   14.4158
    7.5000   30.0000  -22.5000 2761.7959   14.4400
   -7.5000   37.5000  -22.5000 2636.8875   15.7324
    0.0000   37.5000  -22.5000 2669.7695   15.3523
    7.5000   37.5000  -22.5000 2685.6997   15.3841
   -7.5000   45.0000  -22.5000 2538.5112   17.0660
    0.0000   45.0000  -22.5000 2569.8987   16.6472
    7.5000   45.0000  -22.5000 2582.4812   16.6896
   -7.5000  -45.0000  -15.0000 2305.7007   19.8884
    0.0000  -45.0000  -15.0000 2335.1633   19.6047
    7.5000  -45.0000  -15.0000 2338.6541   19.5252
   -7.5000  -37.5000  -15.0000 2431.3267   17.7894
    0.0000  -37.5000  -15.0000 2458.6157   17.5113
    7.5000  -37.5000  -15.0000 2463.4053   17.4363
   -7.5000  -30.0000  -15.0000 2540.8943   16.1457
    0.0000  -30.0000  -15.0000 2568.5813   15.8892
    7.5000  -30.0000  -15.0000 2572.9392   15.8638
   -7.5000  -22.5000  -15.0000 2651.5449   14.9084
    0.0000  -22.5000  -15.0000 2677.2832   14.7124
    7.5000  -22.5000  -15.0000 2687.2515   14.7006
   -7.5000  -15.0000  -15.0000 2735.5386   14.0108
    0.0000  -15.0000  -15.0000 2763.3875   13.8488
    7.5000  -15.0000  -15.0000 2778.2620   13.8557
   -7.5000   -7.5000  -15.0000 2803.4075   13.4275
    0.0000   -7.5000  -15.0000 2833.7131   13.2523
    7.5000   -7.5000  -15.0000 2842.4910   13.2294
   -7.5000    0.0000  -15.0000 2847.5847   13.0784
    0.0000    0.0000  -15.0000 2880.9963   12.8333
    7.5000    0.0000  -15.0000 2889.7444   12.8626
   -7.5000    7.5000  -15.0000 2866.4397   13.0007
    0.0000    7.5000  -15.0000 2899.6702   12.6687
    7.5000    7.5000  -15.0000 2911.5303   12.7410
   -7.5000   15.0000  -15.0000 2850.3335   13.2112
    0.0000   15.0000  -15.0000 2884.4248   12.8506
    7.5000   15.0000  -15.0000 2904.0916   12.9247
   -7.5000   22.5000  -15.0000 2817.1511   13.6738
    0.0000   22.5000  -15.0000 2857.3816   13.2949
    7.5000   22.5000  -15.0000 2875.5266   13.3557
   -7.5000   30.0000  -15.0000 2769.0083   14.3381
    0.0000   30.0000  -15.0000 2804.3457   13.9034
    7.5000   30.0000  -15.0000 2816.2893   13.9754
   -7.5000   37.5000  -15.0000 2693.9575   15.3056
    0.0000   37.5000  -15.0000 2727.1826   14.8577
    7.5000   37.5000  -15.0000 2738.7412   14.9126
   -7.5000   45.0000  -15.0000 2593.9285   16.6371
    0.0000   45.0000  -15.0000 2629.2881   16.1436
    7.5000   45.0000  -15.0000 2638.6650   16.1884
   -7.5000  -45.0000   -7.5000 2304.9126   19.5552
    0.0000  -45.0000   -7.5000 2323.9067   19.2436
    7.5000  -45.0000   -7.5000 2335.1738   19.1497
   -7.5000  -37.5000   -7.5000 2427.4602   17.4233
    0.0000  -37.5000   -7.5000 2448.3257   17.1021
    7.5000  -37.5000   -7.5000 2455.7253   17.0120
   -7.5000  -30.0000   -7.5000 2537.7502   15.7659
    0.0000  -30.0000   -7.5000 2559.7917   15.5172
    7.5000  -30.0000   -7.5000 2570.7163   15.4753
   -7.5000  -22.5000   -7.5000 2653.4331   14.4831
    0.0000  -22.5000   -7.5000 2678.9688   14.3090
    7.5000  -22.5000   -7.5000 2691.9893   14.2862
   -7.5000  -15.0000   -7.5000 2754.7517   13.6031
    0.0000  -15.0000   -7.5000 2781.9680   13.4639
    7.5000  -15.0000   -7.5000 2794.6150   13.4285
   -7.5000   -7.5000   -7.5000 2832.4495   13.0485
    0.0000   -7.5000   -7.5000 2871.1782   12.9388
    7.5000   -7.5000   -7.5000 2879.3782   12.8973
   -7.5000    0.0000   -7.5000 2887.7688   12.8489
    0.0000    0.0000   -7.5000 2926.3188   12.6340
    7.5000    0.0000   -7.5000 2938.0691   12.6355
   -7.5000    7.5000   -7.5000 2910.4285   12.7989
    0.0000    7.5000   -7.5000 2954.2881   12.5295
    7.5000    7.5000   -7.5000 2963.9360   12.5714
   -7.5000   15.0000   -7.5000 2886.6660   12.9098
    0.0000   15.0000   -7.5000 2932.0791   12.5604
    7.5000   15.0000   -7.5000 2941.8323   12.6279
   -7.5000   22.5000   -7.5000 2850.1848   13.2748
    0.0000   22.5000   -7.5000 2894.5701   12.9281
    7.5000   22.5000   -7.5000 2908.7812   12.9399
   -7.5000   30.0000   -7.5000 2795.7871   13.9471
    0.0000   30.0000   -7.5000 2840.2344   13.5819
    7.5000   30.0000   -7.5000 2849.0491   13.5479
   -7.5000   37.5000   -7.5000 2718.4121   14.9325
    0.0000   37.5000   -7.5000 2760.2202   14.5746
    7.5000   37.5000   -7.5000 2764.7661   14.5206
   -7.5000   45.0000   -7.5000 2610.9829   16.2362
    0.0000   45.0000   -7.5000 2656.0708   15.8710
    7.5000   45.0000   -7.5000 2659.6299   15.7917
   -7.5000  -45.0000    0.0000 2300.1064   19.4974
    0.0000  -45.0000    0.0000 2308.9070   19.1341
    7.5000  -45.0000    0.0000 2320.0491   19.1338
   -7.5000  -37.5000    0.0000 2424.4590   17.3024
    0.0000  -37.5000    0.0000 2434.8025   16.9728
    7.5000  -37.5000    0.0000 2449.2363   16.9518
   -7.5000  -30.0000    0.0000 2538.5107   15.6447
    0.0000  -30.0000    0.0000 2546.0479   15.3527
    7.5000  -30.0000    0.0000 2566.4155   15.3377
   -7.5000  -22.5000    0.0000 2654.6245   14.3644
    0.0000  -22.5000    0.0000 2667.9387   14.1210
    7.5000  -22.5000    0.0000 2688.1729   14.1243
   -7.5000  -15.0000    0.0000 2755.9407   13.4564
    0.0000  -15.0000    0.0000 2783.3091   13.2880
    7.5000  -15.0000    0.0000 2794.9729   13.2554
   -7.5000   -7.5000    0.0000 2845.0623   12.9611
    0.0000   -7.5000    0.0000 2898.2512   12.9295
    7.5000   -7.5000    0.0000 2899.6492   12.8475
   -7.5000    0.0000    0.0000 2909.8533   12.8094
    0.0000    0.0000    0.0000 2986.6992   12.7682
    7.5000    0.0000    0.0000 2980.2419   12.6825
   -7.5000    7.5000    0.0000 2938.1101   12.7949
    0.0000    7.5000    0.0000 3018.1968   12.7645
    7.5000    7.5000    0.0000 3011.7981   12.6270
   -7.5000   15.0000    0.0000 2904.2400   12.8186
    0.0000   15.0000    0.0000 2967.8828   12.6463
    7.5000   15.0000    0.0000 2966.6536   12.5671
   -7.5000   22.5000    0.0000 2863.4395   13.0749
    0.0000   22.5000    0.0000 2922.5327   12.7802
    7.5000   22.5000    0.0000 2928.4978   12.7142
   -7.5000   30.0000    0.0000 2804.7234   13.6966
    0.0000   30.0000    0.0000 2848.7737   13.3715
    7.5000   30.0000    0.0000 2859.7551   13.3051
   -7.5000   37.5000    0.0000 2725.1458   14.7156
    0.0000   37.5000    0.0000 2760.6389   14.3668
    7.5000   37.5000    0.0000 2773.7297   14.3041
   -7.5000   45.0000    0.0000 2613.8279   16.0401
    0.0000   45.0000    0.0000 2657.2122   15.6662
    7.5000   45.0000    0.0000 2665.4302   15.6066
   -7.5000  -45.0000    7.5000 2294.0669   19.5701
    0.0000  -45.0000    7.5000 2303.1426   19.1945
    7.5000  -45.0000    7.5000 2313.4795   19.1997
   -7.5000  -37.5000    7.5000 2420.0647   17.4417
    0.0000  -37.5000    7.5000 2429.0596   17.0840
    7.5000  -37.5000    7.5000 2442.5342   17.0954
   -7.5000  -30.0000    7.5000 2531.9443   15.7967
    0.0000  -30.0000    7.5000 2546.7153   15.5361
    7.5000  -30.0000    7.5000 2559.3779   15.5261
   -7.5000  -22.5000    7.5000 2645.0889   14.5614
    0.0000  -22.5000    7.5000 2671.9929   14.3774
    7.5000  -22.5000    7.5000 2679.2930   14.3548
   -7.5000  -15.0000    7.5000 2752.3757   13.6428
    0.0000  -15.0000    7.5000 2786.6833   13.5508
    7.5000  -15.0000    7.5000 2786.7551   13.5030
   -7.5000   -7.5000    7.5000 2845.3301   13.1161
    0.0000   -7.5000    7.5000 2897.7258   13.1414
    7.5000   -7.5000    7.5000 2895.1409   13.0612
   -7.5000    0.0000    7.5000 2911.1292   12.9537
    0.0000    0.0000    7.5000 2988.3159   12.9291
    7.5000    0.0000    7.5000 2982.3127   12.8596
   -7.5000    7.5000    7.5000 2936.8235   12.9084
    0.0000    7.5000    7.5000 3023.7957   12.7847
    7.5000    7.5000    7.5000 3023.6631   12.7218
   -7.5000   15.0000    7.5000 2902.3743   12.9579
    0.0000   15.0000    7.5000 2971.1924   12.7203
    7.5000   15.0000    7.5000 2974.3286   12.6492
   -7.5000   22.5000    7.5000 2854.0566   13.2368
    0.0000   22.5000    7.5000 2913.5439   12.9267
    7.5000   22.5000    7.5000 2924.1409   12.8358
   -7.5000   30.0000    7.5000 2797.0115   13.8092
    0.0000   30.0000    7.5000 2840.2744   13.4854
    7.5000   30.0000    7.5000 2846.1096   13.4317
   -7.5000   37.5000    7.5000 2720.2725   14.7289
    0.0000   37.5000    7.5000 2754.5793   14.4163
    7.5000   37.5000    7.5000 2764.1790   14.3769
   -7.5000   45.0000    7.5000 2603.3689   16.0519
    0.0000   45.0000    7.5000 2648.4709   15.6760
    7.5000   45.0000    7.5000 2652.5469   15.6413
   -7.5000  -45.0000   15.0000 2278.5774   19.9127
    0.0000  -45.0000   15.0000 2291.0525   19.4926
    7.5000  -45.0000   15.0000 2295.8750   19.5746
   -7.5000  -37.5000   15.0000 2407.4773   17.7991
    0.0000  -37.5000   15.0000 2424.2437   17.4153
    7.5000  -37.5000   15.0000 2429.6477   17.4787
   -7.5000  -30.0000   15.0000 2521.6257   16.1877
    0.0000  -30.0000   15.0000 2539.3479   15.8445
    7.5000  -30.0000   15.0000 2546.8936   15.9435
   -7.5000  -22.5000   15.0000 2633.7927   14.9587
    0.0000  -22.5000   15.0000 2660.6492   14.6661
    7.5000  -22.5000   15.0000 2668.8003   14.7176
   -7.5000  -15.0000   15.0000 2733.8242   14.0042
    0.0000  -15.0000   15.0000 2767.8110   13.7570
    7.5000  -15.0000   15.0000 2777.8447   13.7807
   -7.5000   -7.5000   15.0000 2826.5249   13.4039
    0.0000   -7.5000   15.0000 2877.4956   13.2240
    7.5000   -7.5000   15.0000 2886.2231   13.2062
   -7.5000    0.0000   15.0000 2879.5195   13.1292
    0.0000    0.0000   15.0000 2941.8381   12.8943
    7.5000    0.0000   15.0000 2948.7683   12.8782
   -7.5000    7.5000   15.0000 2898.3674   13.0823
    0.0000    7.5000   15.0000 2968.1135   12.7291
    7.5000    7.5000   15.0000 2975.4729   12.6582
   -7.5000   15.0000   15.0000 2868.4329   13.2114
    0.0000   15.0000   15.0000 2936.0908   12.7954
    7.5000   15.0000   15.0000 2941.5486   12.7429
   -7.5000   22.5000   15.0000 2831.5488   13.5432
    0.0000   22.5000   15.0000 2885.0195   13.1741
    7.5000   22.5000   15.0000 2893.0029   13.1474
   -7.5000   30.0000   15.0000 2772.8225   14.1173
    0.0000   30.0000   15.0000 2811.8389   13.7712
    7.5000   30.0000   15.0000 2818.5742   13.7580
   -7.5000   37.5000   15.0000 2689.5088   15.0413
    0.0000   37.5000   15.0000 2726.6958   14.6945
    7.5000   37.5000   15.0000 2739.5820   14.6946
   -7.5000   45.0000   15.0000 2577.7385   16.2920
    0.0000   45.0000   15.0000 2617.5630   15.9163
    7.5000   45.0000   15.0000 2631.0093   15.8880
   -7.5000  -45.0000   22.5000 2257.1472   20.5028
    0.0000  -45.0000   22.5000 2262.7368   19.9654
    7.5000  -45.0000   22.5000 2265.5181   20.1543
   -7.5000  -37.5000   22.5000 2389.1106   18.3033
    0.0000  -37.5000   22.5000 2405.3838   17.7934
    7.5000  -37.5000   22.5000 2407.5486   17.9231
   -7.5000  -30.0000   22.5000 2497.8306   16.6679
    0.0000  -30.0000   22.5000 2516.6328   16.1677
    7.5000  -30.0000   22.5000 2522.9336   16.2900
   -7.5000  -22.5000   22.5000 2614.4253   15.4078
    0.0000  -22.5000   22.5000 2639.9707   14.9355
    7.5000  -22.5000   22.5000 2647.6655   15.0331
   -7.5000  -15.0000   22.5000 2717.1880   14.4245
    0.0000  -15.0000   22.5000 2743.4341   14.0015
    7.5000  -15.0000   22.5000 2756.2441   14.0793
   -7.5000   -7.5000   22.5000 2798.1165   13.7519
    0.0000   -7.5000   22.5000 2838.2366   13.3973
    7.5000   -7.5000   22.5000 2849.6826   13.4186
   -7.5000    0.0000   22.5000 2842.3811   13.3919
    0.0000    0.0000   22.5000 2885.6570   13.0131
    7.5000    0.0000   22.5000 2898.8062   13.0005
   -7.5000    7.5000   22.5000 2854.1902   13.3080
    0.0000    7.5000   22.5000 2909.7920   12.8514
    7.5000    7.5000   22.5000 2914.5388   12.8264
   -7.5000   15.0000   22.5000 2834.1052   13.5023
    0.0000   15.0000   22.5000 2894.6335   13.0981
    7.5000   15.0000   22.5000 2901.6382   13.1019
   -7.5000   22.5000   22.5000 2799.2964   13.9594
    0.0000   22.5000   22.5000 2849.2390   13.6139
    7.5000   22.5000   22.5000 2855.2837   13.5973
   -7.5000   30.0000   22.5000 2739.1274   14.6077
    0.0000   30.0000   22.5000 2777.4080   14.2816
    7.5000   30.0000   22.5000 2783.2249   14.2575
   -7.5000   37.5000   22.5000 2651.8882   15.5351
    0.0000   37.5000   22.5000 2691.3730   15.1794
    7.5000   37.5000   22.5000 2701.0276   15.1612
   -7.5000   45.0000   22.5000 2541.2600   16.7556
    0.0000   45.0000   22.5000 2577.6780   16.3633
    7.5000   45.0000   22.5000 2594.6633   16.3607
   -7.5000  -45.0000   30.0000 2222.1851   21.1719
    0.0000  -45.0000   30.0000 2228.7231   20.4963
    7.5000  -45.0000   30.0000 2229.4973   20.6859
   -7.5000  -37.5000   30.0000 2357.2424   18.8603
    0.0000  -37.5000   30.0000 2372.2290   18.2431
    7.5000  -37.5000   30.0000 2376.8799   18.4321
   -7.5000  -30.0000   30.0000 2471.3245   17.2221
    0.0000  -30.0000   30.0000 2488.5039   16.6126
    7.5000  -30.0000   30.0000 2494.2739   16.7409
   -7.5000  -22.5000   30.0000 2581.4072   15.9224
    0.0000  -22.5000   30.0000 2606.4038   15.3745
    7.5000  -22.5000   30.0000 2614.1506   15.4927
   -7.5000  -15.0000   30.0000 2677.0217   14.9084
    0.0000  -15.0000   30.0000 2709.5225   14.4328
    7.5000  -15.0000   30.0000 2720.8621   14.5253
   -7.5000   -7.5000   30.0000 2749.1392   14.2560
    0.0000   -7.5000   30.0000 2791.0271   13.7835
    7.5000   -7.5000   30.0000 2801.9868   13.8420
   -7.5000    0.0000   30.0000 2792.1106   13.8107
    0.0000    0.0000   30.0000 2833.3179   13.3628
    7.5000    0.0000   30.0000 2842.2776   13.3533
   -7.5000    7.5000   30.0000 2802.6145   13.6967
    0.0000    7.5000   30.0000 2855.7847   13.2377
    7.5000    7.5000   30.0000 2861.5396   13.2804
   -7.5000   15.0000   30.0000 2781.8284   13.9019
    0.0000   15.0000   30.0000 2842.6353   13.5628
    7.5000   15.0000   30.0000 2850.5256   13.5758
   -7.5000   22.5000   30.0000 2743.3330   14.4573
    0.0000   22.5000   30.0000 2797.4182   14.1183
    7.5000   22.5000   30.0000 2804.1147   14.1246
   -7.5000   30.0000   30.0000 2685.9036   15.1866
    0.0000   30.0000   30.0000 2726.1582   14.8404
    7.5000   30.0000   30.0000 2734.8337   14.8282
   -7.5000   37.5000   30.0000 2607.3606   16.1800
    0.0000   37.5000   30.0000 2644.3684   15.8207
    7.5000   37.5000   30.0000 2654.3132   15.7913
   -7.5000   45.0000   30.0000 2505.3401   17.4432
    0.0000   45.0000   30.0000 2529.0205   17.0560
    7.5000   45.0000   30.0000 2543.9695   17.0274
   -7.5000  -45.0000   37.5000 2178.6016   21.9455
    0.0000  -45.0000   37.5000 2196.4900   21.2434
    7.5000  -45.0000   37.5000 2200.3542   21.4117
   -7.5000  -37.5000   37.5000 2319.7031   19.6172
    0.0000  -37.5000   37.5000 2344.8342   18.9544
    7.5000  -37.5000   37.5000 2349.2834   19.1002
   -7.5000  -30.0000   37.5000 2435.5999   17.9293
    0.0000  -30.0000   37.5000 2459.1970   17.3256
    7.5000  -30.0000   37.5000 2464.3049   17.4513
   -7.5000  -22.5000   37.5000 2540.3047   16.6297
    0.0000  -22.5000   37.5000 2568.7234   16.0613
    7.5000  -22.5000   37.5000 2574.4629   16.1923
   -7.5000  -15.0000   37.5000 2619.8867   15.6470
    0.0000  -15.0000   37.5000 2659.2356   15.1021
    7.5000  -15.0000   37.5000 2668.8782   15.1569
   -7.5000   -7.5000   37.5000 2684.5486   14.9045
    0.0000   -7.5000   37.5000 2725.0542   14.3720
    7.5000   -7.5000   37.5000 2736.6240   14.4182
   -7.5000    0.0000   37.5000 2727.9187   14.4094
    0.0000    0.0000   37.5000 2766.4182   13.9739
    7.5000    0.0000   37.5000 2777.9634   13.9717
   -7.5000    7.5000   37.5000 2749.0803   14.3233
    0.0000    7.5000   37.5000 2792.9746   13.9174
    7.5000    7.5000   37.5000 2802.8357   13.9277
   -7.5000   15.0000   37.5000 2724.5132   14.6002
    0.0000   15.0000   37.5000 2774.2527   14.2790
    7.5000   15.0000   37.5000 2786.6292   14.2501
   -7.5000   22.5000   37.5000 2686.7236   15.1017
    0.0000   22.5000   37.5000 2737.0066   14.8007
    7.5000   22.5000   37.5000 2747.0449   14.7707
   -7.5000   30.0000   37.5000 2632.4255   15.8728
    0.0000   30.0000   37.5000 2670.4172   15.5155
    7.5000   30.0000   37.5000 2676.7275   15.4872
   -7.5000   37.5000   37.5000 2557.4846   16.8542
    0.0000   37.5000   37.5000 2588.7402   16.4903
    7.5000   37.5000   37.5000 2594.2341   16.4856
   -7.5000   45.0000   37.5000 2447.1782   18.1631
    0.0000   45.0000   37.5000 2471.9473   17.8377
    7.5000   45.0000   37.5000 2487.8005   17.8131
   -7.5000  -45.0000   45.0000 2129.8037   23.0321
    0.0000  -45.0000   45.0000 2160.6460   22.3382
    7.5000  -45.0000   45.0000 2161.2964   22.4135
   -7.5000  -37.5000   45.0000 2268.2241   20.6040
    0.0000  -37.5000   45.0000 2301.1440   19.9852
    7.5000  -37.5000   45.0000 2304.3452   20.0654
   -7.5000  -30.0000   45.0000 2382.8801   18.8912
    0.0000  -30.0000   45.0000 2415.7656   18.3131
    7.5000  -30.0000   45.0000 2417.5249   18.3767
   -7.5000  -22.5000   45.0000 2482.1633   17.5368
    0.0000  -22.5000   45.0000 2517.7593   17.0136
    7.5000  -22.5000   45.0000 2521.8513   17.0592
   -7.5000  -15.0000   45.0000 2550.3679   16.4992
    0.0000  -15.0000   45.0000 2593.4307   15.9554
    7.5000  -15.0000   45.0000 2599.7471   15.9741
   -7.5000   -7.5000   45.0000 2611.6028   15.7180
    0.0000   -7.5000   45.0000 2651.3228   15.2198
    7.5000   -7.5000   45.0000 2660.8464   15.2551
   -7.5000    0.0000   45.0000 2647.5908   15.2455
    0.0000    0.0000   45.0000 2690.3035   14.8290
    7.5000    0.0000   45.0000 2699.0896   14.8634
   -7.5000    7.5000   45.0000 2666.4299   15.1675
    0.0000    7.5000   45.0000 2713.0779   14.7898
    7.5000    7.5000   45.0000 2724.9385   14.8060
   -7.5000   15.0000   45.0000 2646.6987   15.4979
    0.0000   15.0000   45.0000 2692.4160   15.1417
    7.5000   15.0000   45.0000 2709.4365   15.1484
   -7.5000   22.5000   45.0000 2614.4746   15.9785
    0.0000   22.5000   45.0000 2662.0251   15.6549
    7.5000   22.5000   45.0000 2670.6475   15.6176
   -7.5000   30.0000   45.0000 2568.0581   16.7545
    0.0000   30.0000   45.0000 2600.2009   16.3725
    7.5000   30.0000   45.0000 2601.9460   16.3190
   -7.5000   37.5000   45.0000 2489.7427   17.7876
    0.0000   37.5000   45.0000 2518.5046   17.3814
    7.5000   37.5000   45.0000 2524.2327   17.3666
   -7.5000   45.0000   45.0000 2377.3406   19.1993
    0.0000   45.0000   45.0000 2403.7820   18.8295
    7.5000   45.0000   45.0000 2415.2979   18.7903

---------------------------------------------------------------------
imgreg_4dfp /opt/freesurfer/average/711-2C_as_mni_average_305 /opt/freesurfer/average/711-2B_as_mni_average_305_mask talsrcimg_g11 none talsrcimg_to_711-2C_as_mni_average_305_t4 1283
---------------------------------------------------------------------

freesurfer imgreg_4dfp.c
/opt/freesurfer/average/711-2C_as_mni_average_305.4dfp.img
       256       256       256         1
  1.000000  1.000000  1.000000
orientation T byte_order littleendian
Reading image: /opt/freesurfer/average/711-2C_as_mni_average_305.4dfp.img
dimensions:      256       256       256
mmppix:       1.0000   -1.0000   -1.0000
center:     128.0000 -129.0000 -129.0000
/opt/freesurfer/average/711-2B_as_mni_average_305_mask.4dfp.img
       256       256       256         1
  1.000000  1.000000  1.000000
orientation T byte_order littleendian
Reading mask: /opt/freesurfer/average/711-2B_as_mni_average_305_mask.4dfp.img (2306576 pixels)
talsrcimg_g11.4dfp.img
       256       256       256         1
  1.000000  1.000000  1.000000
orientation T byte_order littleendian
Reading image: talsrcimg_g11.4dfp.img
dimensions:      256       256       256
mmppix:       1.0000   -1.0000   -1.0000
center:     128.0000 -129.0000 -129.0000
rotation matrix determinant  1.000000
fimgreg.f
image alignment mode   1283 decimal      503 hex
parameters
    0.0000    7.5000    7.5000    0.0000    0.0000    0.0000
eta,q 0.94826 12.82516
niter,ni,del,rscale     5    3   12.0000    1.2000
parameter  1 -0.675599 -> -0.500000 qaram    1.1500
parameter  3  0.605101 ->  0.500000 qaram    1.1500
parameters
    3.4500    6.2460    4.0500   -2.7571   -1.7879   -1.6223
eta,q 0.95930 12.80542
  0.0825  0.0499  0.0446  0.0443  0.0449  0.0456
  0.0729  0.0478  0.0432  0.0417  0.0419  0.0424
  0.0622  0.0463  0.0440  0.0412  0.0410  0.0408
  0.0538  0.0454  0.0460  0.0435  0.0410  0.0410
  0.0472  0.0470  0.0491  0.0461  0.0440  0.0440
  0.0462  0.0512  0.0537  0.0479  0.0494  0.0496
  0.0505  0.0586  0.0600  0.0512  0.0560  0.0558
niter,ni,del,rscale     6    3   12.0000    1.2000
parameters
    3.7601    6.1308    3.7549   -2.2681   -2.0457   -1.7772
eta,q 0.95893 12.80641
  0.0663  0.0517  0.0542  0.0510  0.0486  0.0489
  0.0521  0.0449  0.0468  0.0456  0.0436  0.0449
  0.0418  0.0420  0.0420  0.0420  0.0412  0.0421
  0.0407  0.0410  0.0410  0.0408  0.0410  0.0410
  0.0440  0.0437  0.0446  0.0426  0.0412  0.0415
  0.0503  0.0469  0.0496  0.0450  0.0449  0.0448
  0.0604  0.0509  0.0550  0.0472  0.0501  0.0505
niter,ni,del,rscale     5    3   12.0000    1.2000
parameters
    3.7616    5.8631    3.7867   -2.1150   -2.0830   -1.7269
eta,q 0.95890 12.80480
  0.0643  0.0507  0.0554  0.0499  0.0492  0.0493
  0.0506  0.0442  0.0476  0.0445  0.0441  0.0453
  0.0415  0.0418  0.0424  0.0414  0.0414  0.0424
  0.0411  0.0411  0.0410  0.0410  0.0411  0.0411
  0.0447  0.0437  0.0439  0.0432  0.0411  0.0414
  0.0516  0.0468  0.0485  0.0453  0.0444  0.0443
  0.0625  0.0510  0.0539  0.0476  0.0494  0.0499
niter,ni,del,rscale     4    3   12.0000    1.2000
parameters
    3.7620    5.8263    3.8123   -2.0695   -2.0819   -1.7168
eta,q 0.95885 12.80493
  0.0644  0.0517  0.0553  0.0496  0.0493  0.0493
  0.0507  0.0446  0.0475  0.0442  0.0442  0.0453
  0.0414  0.0421  0.0424  0.0413  0.0414  0.0424
  0.0411  0.0411  0.0411  0.0411  0.0412  0.0412
  0.0447  0.0434  0.0439  0.0433  0.0411  0.0415
  0.0516  0.0464  0.0484  0.0454  0.0443  0.0444
  0.0627  0.0504  0.0539  0.0478  0.0493  0.0500
registration optimization eta report
parameter search radius
    6.9000    6.0000    6.9000    6.0000    6.0000    6.0000
100000*second partial in parameter space
       48.       27.       28.       20.       24.       24.
  0.0644  0.0517  0.0553  0.0496  0.0493  0.0493
  0.0507  0.0446  0.0475  0.0442  0.0442  0.0453
  0.0414  0.0421  0.0424  0.0413  0.0414  0.0424
  0.0411  0.0411  0.0411  0.0411  0.0412  0.0412
  0.0447  0.0434  0.0439  0.0433  0.0411  0.0415
  0.0516  0.0464  0.0484  0.0454  0.0443  0.0444
  0.0627  0.0504  0.0539  0.0478  0.0493  0.0500
    3.7620    5.8263    3.8123   -2.0695   -2.0819   -1.7168
eta,q 0.95885 12.80493

---------------------------------------------------------------------
imgreg_4dfp /opt/freesurfer/average/711-2C_as_mni_average_305 /opt/freesurfer/average/711-2B_as_mni_average_305_mask talsrcimg_g11 none talsrcimg_to_711-2C_as_mni_average_305_t4 3335
---------------------------------------------------------------------

freesurfer imgreg_4dfp.c
/opt/freesurfer/average/711-2C_as_mni_average_305.4dfp.img
       256       256       256         1
  1.000000  1.000000  1.000000
orientation T byte_order littleendian
Reading image: /opt/freesurfer/average/711-2C_as_mni_average_305.4dfp.img
dimensions:      256       256       256
mmppix:       1.0000   -1.0000   -1.0000
center:     128.0000 -129.0000 -129.0000
/opt/freesurfer/average/711-2B_as_mni_average_305_mask.4dfp.img
       256       256       256         1
  1.000000  1.000000  1.000000
orientation T byte_order littleendian
Reading mask: /opt/freesurfer/average/711-2B_as_mni_average_305_mask.4dfp.img (2306576 pixels)
talsrcimg_g11.4dfp.img
       256       256       256         1
  1.000000  1.000000  1.000000
orientation T byte_order littleendian
Reading image: talsrcimg_g11.4dfp.img
dimensions:      256       256       256
mmppix:       1.0000   -1.0000   -1.0000
center:     128.0000 -129.0000 -129.0000
fimgreg.f
image alignment mode   3335 decimal      D07 hex
parameters
    3.7620    5.8263    3.8123   -0.1109   -0.1061   -0.1312
    2.8628    3.7369   -2.9939    3.5007   -3.6327   -3.6087
eta,q 0.96118 12.93676
niter,ni,del,rscale     5    3    5.0000    1.2000
parameter  4  1.179891 ->  0.500000 qaram    1.1500
parameter  5  3.802160 ->  0.500000 qaram    1.1500
parameters
    3.6095    6.5028    3.8215   -4.2509   -4.2461    0.5960
    2.3465    3.2109   -2.5590    4.9538   -1.1300   -7.0981
eta,q 0.97031 12.82083
  0.0422  0.0419  0.0402  0.0345  0.0283  0.0336  0.0328  0.0357  0.0327  0.0362  0.0324  0.0303
  0.0403  0.0406  0.0393  0.0351  0.0302  0.0324  0.0315  0.0324  0.0316  0.0339  0.0313  0.0298
  0.0391  0.0395  0.0387  0.0363  0.0326  0.0314  0.0308  0.0308  0.0309  0.0319  0.0306  0.0297
  0.0388  0.0388  0.0386  0.0386  0.0354  0.0308  0.0306  0.0306  0.0306  0.0305  0.0302  0.0301
  0.0394  0.0386  0.0388  0.0419  0.0384  0.0303  0.0310  0.0317  0.0306  0.0303  0.0301  0.0309
  0.0409  0.0389  0.0393  0.0457  0.0416  0.0309  0.0320  0.0338  0.0312  0.0313  0.0302  0.0320
  0.0432  0.0398  0.0401  0.0494  0.0447  0.0332  0.0336  0.0371  0.0323  0.0333  0.0305  0.0332
niter,ni,del,rscale     6    3    5.0000    1.2000
parameter  4  0.592886 ->  0.500000 qaram    1.3225
parameter  5  0.779619 ->  0.500000 qaram    1.3225
parameters
    3.5953    5.8184    3.9765   -9.0119   -9.0071    3.0499
    2.9911    2.6816   -2.3048    4.6616   -1.2852   -7.6165
eta,q 0.97579 12.61058
  0.0338  0.0312  0.0315  0.0283  0.0258  0.0291  0.0297  0.0294  0.0280  0.0286  0.0254  0.0259
  0.0316  0.0299  0.0303  0.0278  0.0252  0.0274  0.0272  0.0263  0.0261  0.0262  0.0248  0.0249
  0.0302  0.0294  0.0296  0.0282  0.0258  0.0262  0.0253  0.0246  0.0248  0.0247  0.0244  0.0244
  0.0297  0.0297  0.0294  0.0294  0.0279  0.0252  0.0244  0.0243  0.0242  0.0242  0.0242  0.0242
  0.0302  0.0308  0.0295  0.0315  0.0313  0.0244  0.0245  0.0253  0.0246  0.0250  0.0244  0.0245
  0.0316  0.0326  0.0300  0.0352  0.0355  0.0245  0.0259  0.0276  0.0258  0.0267  0.0248  0.0253
  0.0339  0.0348  0.0310  0.0400  0.0393  0.0262  0.0283  0.0310  0.0276  0.0294  0.0255  0.0265
niter,ni,del,rscale     7    3    5.0000    1.2000
parameters
    3.6875    5.9965    4.5063   -8.6584  -11.1727    3.0338
    2.8384    2.6563   -2.1071    4.2847   -1.5835   -8.1079
eta,q 0.97613 12.51752
  0.0293  0.0289  0.0273  0.0302  0.0277  0.0272  0.0282  0.0296  0.0274  0.0277  0.0250  0.0255
  0.0266  0.0265  0.0258  0.0275  0.0257  0.0258  0.0260  0.0264  0.0257  0.0254  0.0244  0.0245
  0.0249  0.0249  0.0248  0.0252  0.0242  0.0248  0.0245  0.0245  0.0244  0.0241  0.0240  0.0240
  0.0242  0.0242  0.0242  0.0241  0.0240  0.0239  0.0239  0.0239  0.0239  0.0239  0.0239  0.0239
  0.0246  0.0245  0.0241  0.0242  0.0259  0.0238  0.0245  0.0246  0.0243  0.0247  0.0241  0.0242
  0.0261  0.0257  0.0245  0.0261  0.0295  0.0250  0.0262  0.0265  0.0254  0.0261  0.0245  0.0249
  0.0286  0.0277  0.0254  0.0301  0.0343  0.0280  0.0286  0.0296  0.0271  0.0284  0.0252  0.0258
niter,ni,del,rscale     6    3    5.0000    1.2000
parameters
    3.7345    6.2047    4.6268   -8.2354  -11.7943    3.0198
    2.6977    2.6811   -2.0710    4.4063   -1.6225   -8.3738
eta,q 0.97615 12.50393
  0.0286  0.0283  0.0260  0.0300  0.0290  0.0270  0.0282  0.0296  0.0272  0.0282  0.0250  0.0255
  0.0261  0.0260  0.0249  0.0273  0.0267  0.0257  0.0259  0.0263  0.0255  0.0256  0.0244  0.0245
  0.0245  0.0245  0.0242  0.0251  0.0248  0.0247  0.0244  0.0244  0.0243  0.0242  0.0240  0.0240
  0.0239  0.0239  0.0238  0.0238  0.0238  0.0238  0.0238  0.0238  0.0238  0.0238  0.0239  0.0239
  0.0243  0.0241  0.0240  0.0238  0.0246  0.0237  0.0244  0.0245  0.0243  0.0244  0.0240  0.0241
  0.0258  0.0252  0.0246  0.0257  0.0272  0.0249  0.0262  0.0264  0.0254  0.0257  0.0244  0.0248
  0.0283  0.0270  0.0257  0.0298  0.0312  0.0279  0.0285  0.0294  0.0271  0.0276  0.0251  0.0257
niter,ni,del,rscale     5    3    5.0000    1.2000
parameters
    3.7547    6.2721    4.6356   -8.1015  -11.9220    3.0237
    2.6630    2.6962   -2.0641    4.4907   -1.6204   -8.4627
eta,q 0.97616 12.50438
  0.0285  0.0278  0.0258  0.0297  0.0295  0.0271  0.0283  0.0296  0.0272  0.0281  0.0250  0.0256
  0.0260  0.0257  0.0248  0.0272  0.0271  0.0257  0.0260  0.0263  0.0254  0.0256  0.0244  0.0246
  0.0244  0.0243  0.0241  0.0250  0.0251  0.0247  0.0244  0.0244  0.0242  0.0241  0.0240  0.0240
  0.0238  0.0238  0.0238  0.0238  0.0238  0.0238  0.0238  0.0238  0.0238  0.0238  0.0238  0.0238
  0.0243  0.0242  0.0241  0.0239  0.0243  0.0237  0.0244  0.0245  0.0243  0.0244  0.0240  0.0241
  0.0259  0.0254  0.0247  0.0260  0.0267  0.0249  0.0261  0.0264  0.0254  0.0257  0.0244  0.0247
  0.0284  0.0273  0.0258  0.0303  0.0304  0.0279  0.0284  0.0294  0.0272  0.0276  0.0250  0.0256
niter,ni,del,rscale     4    3    5.0000    1.2000
parameters
    3.7579    6.2908    4.6337   -8.0669  -11.9443    3.0261
    2.6595    2.6998   -2.0624    4.5265   -1.6192   -8.4897
eta,q 0.97616 12.50537
  0.0284  0.0276  0.0258  0.0297  0.0296  0.0271  0.0283  0.0296  0.0272  0.0280  0.0250  0.0257
  0.0259  0.0255  0.0247  0.0271  0.0272  0.0257  0.0260  0.0263  0.0254  0.0255  0.0244  0.0246
  0.0244  0.0243  0.0241  0.0250  0.0251  0.0247  0.0245  0.0244  0.0242  0.0241  0.0240  0.0240
  0.0238  0.0238  0.0238  0.0238  0.0238  0.0238  0.0238  0.0238  0.0238  0.0238  0.0238  0.0238
  0.0244  0.0243  0.0241  0.0240  0.0243  0.0237  0.0244  0.0246  0.0243  0.0245  0.0240  0.0241
  0.0259  0.0255  0.0247  0.0261  0.0266  0.0249  0.0260  0.0265  0.0254  0.0257  0.0244  0.0247
  0.0284  0.0275  0.0258  0.0305  0.0303  0.0279  0.0284  0.0294  0.0271  0.0277  0.0250  0.0256
registration optimization eta report
parameter search radius
    2.4000    2.4000    2.4000    9.5220    9.5220    7.2000
    7.2000    7.2000    7.2000    7.2000    7.2000    7.2000
100000*second partial in parameter space
       79.       64.       34.        7.        7.        7.
        9.       11.        6.        8.        2.        3.
  0.0284  0.0276  0.0258  0.0297  0.0296  0.0271  0.0283  0.0296  0.0272  0.0280  0.0250  0.0257
  0.0259  0.0255  0.0247  0.0271  0.0272  0.0257  0.0260  0.0263  0.0254  0.0255  0.0244  0.0246
  0.0244  0.0243  0.0241  0.0250  0.0251  0.0247  0.0245  0.0244  0.0242  0.0241  0.0240  0.0240
  0.0238  0.0238  0.0238  0.0238  0.0238  0.0238  0.0238  0.0238  0.0238  0.0238  0.0238  0.0238
  0.0244  0.0243  0.0241  0.0240  0.0243  0.0237  0.0244  0.0246  0.0243  0.0245  0.0240  0.0241
  0.0259  0.0255  0.0247  0.0261  0.0266  0.0249  0.0260  0.0265  0.0254  0.0257  0.0244  0.0247
  0.0284  0.0275  0.0258  0.0305  0.0303  0.0279  0.0284  0.0294  0.0271  0.0277  0.0250  0.0256
    3.7579    6.2908    4.6337   -8.0669  -11.9443    3.0261
    2.6595    2.6998   -2.0624    4.5265   -1.6192   -8.4897
eta,q 0.97616 12.50537

---------------------------------------------------------------------
imgreg_4dfp /opt/freesurfer/average/711-2C_as_mni_average_305 /opt/freesurfer/average/711-2B_as_mni_average_305_mask talsrcimg_g11 none talsrcimg_to_711-2C_as_mni_average_305_t4 2311
---------------------------------------------------------------------

freesurfer imgreg_4dfp.c
/opt/freesurfer/average/711-2C_as_mni_average_305.4dfp.img
       256       256       256         1
  1.000000  1.000000  1.000000
orientation T byte_order littleendian
Reading image: /opt/freesurfer/average/711-2C_as_mni_average_305.4dfp.img
dimensions:      256       256       256
mmppix:       1.0000   -1.0000   -1.0000
center:     128.0000 -129.0000 -129.0000
/opt/freesurfer/average/711-2B_as_mni_average_305_mask.4dfp.img
       256       256       256         1
  1.000000  1.000000  1.000000
orientation T byte_order littleendian
Reading mask: /opt/freesurfer/average/711-2B_as_mni_average_305_mask.4dfp.img (2306576 pixels)
talsrcimg_g11.4dfp.img
       256       256       256         1
  1.000000  1.000000  1.000000
orientation T byte_order littleendian
Reading image: talsrcimg_g11.4dfp.img
dimensions:      256       256       256
mmppix:       1.0000   -1.0000   -1.0000
center:     128.0000 -129.0000 -129.0000
fimgreg.f
image alignment mode   2311 decimal      907 hex
parameters
    3.7579    6.2908    4.6337   -8.0669  -11.9443    3.0261
    2.6595    2.6998   -2.0624    4.5265   -1.6192   -8.4897
eta,q 0.97616 12.50537
niter,ni,del,rscale     5    3    5.0000    0.8000
parameters
    3.7637    6.2890    4.6416   -7.0437  -11.5774    3.7695
    2.6169    2.7303   -2.1362    4.7057   -1.2560   -8.3543
eta,q 0.97649 12.59157
  0.0259  0.0255  0.0248  0.0260  0.0259  0.0256  0.0258  0.0265  0.0251  0.0256  0.0242  0.0244
  0.0248  0.0246  0.0243  0.0250  0.0249  0.0249  0.0246  0.0247  0.0243  0.0244  0.0239  0.0239
  0.0241  0.0240  0.0240  0.0243  0.0241  0.0243  0.0238  0.0237  0.0237  0.0237  0.0236  0.0236
  0.0238  0.0238  0.0238  0.0238  0.0237  0.0237  0.0235  0.0235  0.0235  0.0235  0.0235  0.0235
  0.0241  0.0240  0.0239  0.0237  0.0238  0.0235  0.0238  0.0239  0.0237  0.0237  0.0236  0.0236
  0.0248  0.0246  0.0242  0.0240  0.0244  0.0239  0.0246  0.0248  0.0243  0.0243  0.0237  0.0239
  0.0259  0.0255  0.0247  0.0248  0.0254  0.0250  0.0259  0.0263  0.0252  0.0253  0.0241  0.0243
niter,ni,del,rscale     4    3    5.0000    0.7000
parameters
    3.7553    6.1520    4.7029   -7.0528  -11.4075    3.9988
    2.6992    2.6869   -2.1781    4.5751   -1.2004   -8.1627
eta,q 0.97656 12.60569
  0.0252  0.0246  0.0244  0.0248  0.0252  0.0250  0.0253  0.0257  0.0247  0.0249  0.0240  0.0242
  0.0243  0.0239  0.0239  0.0241  0.0244  0.0245  0.0244  0.0243  0.0240  0.0240  0.0237  0.0238
  0.0237  0.0236  0.0236  0.0237  0.0238  0.0239  0.0237  0.0236  0.0236  0.0235  0.0235  0.0235
  0.0235  0.0235  0.0235  0.0235  0.0235  0.0235  0.0235  0.0235  0.0234  0.0234  0.0234  0.0234
  0.0237  0.0238  0.0236  0.0236  0.0236  0.0235  0.0236  0.0237  0.0236  0.0237  0.0235  0.0235
  0.0243  0.0243  0.0238  0.0240  0.0241  0.0240  0.0242  0.0245  0.0241  0.0242  0.0237  0.0237
  0.0252  0.0251  0.0242  0.0249  0.0250  0.0250  0.0252  0.0257  0.0248  0.0250  0.0240  0.0241
niter,ni,del,rscale     3    3    5.0000    0.6000
parameters
    3.7511    6.0985    4.7517   -7.0429  -11.3518    4.2016
    2.7340    2.6573   -2.2069    4.4861   -1.2024   -8.0452
eta,q 0.97659 12.61352
  0.0247  0.0244  0.0241  0.0244  0.0247  0.0247  0.0248  0.0251  0.0244  0.0245  0.0238  0.0239
  0.0240  0.0238  0.0238  0.0239  0.0241  0.0242  0.0241  0.0241  0.0238  0.0239  0.0236  0.0237
  0.0236  0.0235  0.0235  0.0236  0.0236  0.0238  0.0236  0.0235  0.0235  0.0235  0.0235  0.0235
  0.0234  0.0234  0.0234  0.0234  0.0234  0.0234  0.0234  0.0234  0.0234  0.0234  0.0234  0.0234
  0.0236  0.0236  0.0235  0.0235  0.0235  0.0235  0.0235  0.0236  0.0235  0.0236  0.0235  0.0234
  0.0240  0.0240  0.0237  0.0238  0.0239  0.0238  0.0240  0.0242  0.0239  0.0240  0.0236  0.0236
  0.0247  0.0245  0.0240  0.0245  0.0247  0.0246  0.0248  0.0250  0.0244  0.0246  0.0238  0.0239
niter,ni,del,rscale     2    3    5.0000    0.5000
parameters
    3.7500    6.0657    4.7965   -7.0076  -11.3300    4.3706
    2.7519    2.6252   -2.2242    4.4171   -1.1978   -7.9569
eta,q 0.97661 12.61947
  0.0243  0.0241  0.0239  0.0241  0.0243  0.0244  0.0244  0.0245  0.0241  0.0242  0.0237  0.0238
  0.0238  0.0237  0.0236  0.0237  0.0238  0.0240  0.0238  0.0239  0.0237  0.0237  0.0235  0.0236
  0.0235  0.0235  0.0235  0.0235  0.0235  0.0236  0.0235  0.0235  0.0235  0.0234  0.0234  0.0234
  0.0234  0.0234  0.0234  0.0234  0.0234  0.0234  0.0234  0.0234  0.0234  0.0234  0.0234  0.0234
  0.0235  0.0235  0.0234  0.0234  0.0235  0.0235  0.0235  0.0235  0.0235  0.0235  0.0234  0.0234
  0.0238  0.0238  0.0236  0.0237  0.0238  0.0237  0.0238  0.0239  0.0237  0.0238  0.0235  0.0235
  0.0243  0.0242  0.0238  0.0241  0.0243  0.0243  0.0244  0.0246  0.0241  0.0242  0.0237  0.0237
niter,ni,del,rscale     1    3    5.0000    0.4000
parameters
    3.7490    6.0406    4.8350   -6.9626  -11.3137    4.4820
    2.7659    2.6113   -2.2429    4.3633   -1.2045   -7.9010
eta,q 0.97662 12.62379
  0.0240  0.0238  0.0237  0.0238  0.0240  0.0241  0.0240  0.0241  0.0238  0.0239  0.0236  0.0236
  0.0236  0.0236  0.0235  0.0236  0.0237  0.0238  0.0237  0.0237  0.0236  0.0236  0.0235  0.0235
  0.0235  0.0234  0.0234  0.0235  0.0235  0.0235  0.0235  0.0234  0.0234  0.0234  0.0234  0.0234
  0.0234  0.0234  0.0234  0.0234  0.0234  0.0234  0.0234  0.0234  0.0234  0.0234  0.0234  0.0234
  0.0234  0.0234  0.0234  0.0234  0.0234  0.0234  0.0234  0.0235  0.0234  0.0235  0.0234  0.0234
  0.0236  0.0236  0.0235  0.0236  0.0236  0.0236  0.0237  0.0237  0.0236  0.0236  0.0235  0.0235
  0.0240  0.0239  0.0237  0.0238  0.0240  0.0240  0.0240  0.0241  0.0238  0.0239  0.0236  0.0236
registration optimization eta report
parameter search radius
    0.8000    0.8000    0.8000    2.4000    2.4000    2.4000
    2.4000    2.4000    2.4000    2.4000    2.4000    2.4000
100000*second partial in parameter space
       89.       73.       45.        8.       10.       11.
       11.       13.        8.        9.        3.        4.
  0.0240  0.0238  0.0237  0.0238  0.0240  0.0241  0.0240  0.0241  0.0238  0.0239  0.0236  0.0236
  0.0236  0.0236  0.0235  0.0236  0.0237  0.0238  0.0237  0.0237  0.0236  0.0236  0.0235  0.0235
  0.0235  0.0234  0.0234  0.0235  0.0235  0.0235  0.0235  0.0234  0.0234  0.0234  0.0234  0.0234
  0.0234  0.0234  0.0234  0.0234  0.0234  0.0234  0.0234  0.0234  0.0234  0.0234  0.0234  0.0234
  0.0234  0.0234  0.0234  0.0234  0.0234  0.0234  0.0234  0.0235  0.0234  0.0235  0.0234  0.0234
  0.0236  0.0236  0.0235  0.0236  0.0236  0.0236  0.0237  0.0237  0.0236  0.0236  0.0235  0.0235
  0.0240  0.0239  0.0237  0.0238  0.0240  0.0240  0.0240  0.0241  0.0238  0.0239  0.0236  0.0236
    3.7490    6.0406    4.8350   -6.9626  -11.3137    4.4820
    2.7659    2.6113   -2.2429    4.3633   -1.2045   -7.9010
eta,q 0.97662 12.62379

---------------------------------------------------------------------
imgreg_4dfp /opt/freesurfer/average/711-2C_as_mni_average_305 /opt/freesurfer/average/711-2B_as_mni_average_305_mask talsrcimg_g11 none talsrcimg_to_711-2C_as_mni_average_305_t4 2311
---------------------------------------------------------------------

freesurfer imgreg_4dfp.c
/opt/freesurfer/average/711-2C_as_mni_average_305.4dfp.img
       256       256       256         1
  1.000000  1.000000  1.000000
orientation T byte_order littleendian
Reading image: /opt/freesurfer/average/711-2C_as_mni_average_305.4dfp.img
dimensions:      256       256       256
mmppix:       1.0000   -1.0000   -1.0000
center:     128.0000 -129.0000 -129.0000
/opt/freesurfer/average/711-2B_as_mni_average_305_mask.4dfp.img
       256       256       256         1
  1.000000  1.000000  1.000000
orientation T byte_order littleendian
Reading mask: /opt/freesurfer/average/711-2B_as_mni_average_305_mask.4dfp.img (2306576 pixels)
talsrcimg_g11.4dfp.img
       256       256       256         1
  1.000000  1.000000  1.000000
orientation T byte_order littleendian
Reading image: talsrcimg_g11.4dfp.img
dimensions:      256       256       256
mmppix:       1.0000   -1.0000   -1.0000
center:     128.0000 -129.0000 -129.0000
fimgreg.f
image alignment mode   2311 decimal      907 hex
parameters
    3.7490    6.0406    4.8350   -6.9626  -11.3137    4.4820
    2.7659    2.6113   -2.2429    4.3633   -1.2045   -7.9010
eta,q 0.97662 12.62380
niter,ni,del,rscale     5    3    5.0000    0.8000
parameters
    3.7395    6.0364    4.8316   -7.2966  -11.4440    3.9584
    2.7291    2.6773   -2.1575    4.3342   -1.3718   -8.0316
eta,q 0.97655 12.58998
  0.0256  0.0252  0.0245  0.0250  0.0253  0.0250  0.0257  0.0264  0.0252  0.0255  0.0241  0.0243
  0.0244  0.0242  0.0239  0.0241  0.0244  0.0244  0.0245  0.0247  0.0243  0.0243  0.0237  0.0238
  0.0236  0.0236  0.0235  0.0236  0.0237  0.0237  0.0237  0.0237  0.0237  0.0236  0.0235  0.0235
  0.0234  0.0234  0.0234  0.0234  0.0234  0.0234  0.0234  0.0234  0.0235  0.0234  0.0234  0.0234
  0.0236  0.0236  0.0235  0.0236  0.0236  0.0237  0.0237  0.0238  0.0236  0.0237  0.0235  0.0236
  0.0244  0.0242  0.0239  0.0243  0.0244  0.0246  0.0245  0.0247  0.0242  0.0244  0.0238  0.0239
  0.0257  0.0252  0.0245  0.0257  0.0257  0.0264  0.0258  0.0262  0.0251  0.0254  0.0242  0.0244
niter,ni,del,rscale     4    3    5.0000    0.7000
parameters
    3.7572    6.0981    4.7742   -7.1623  -11.4335    4.0302
    2.6946    2.6834   -2.1727    4.4178   -1.3035   -8.0864
eta,q 0.97657 12.59854
  0.0252  0.0249  0.0242  0.0248  0.0250  0.0249  0.0252  0.0257  0.0248  0.0251  0.0240  0.0241
  0.0242  0.0241  0.0238  0.0241  0.0243  0.0244  0.0243  0.0244  0.0240  0.0241  0.0237  0.0237
  0.0237  0.0236  0.0235  0.0237  0.0237  0.0238  0.0237  0.0236  0.0236  0.0236  0.0235  0.0235
  0.0235  0.0234  0.0234  0.0235  0.0234  0.0234  0.0234  0.0234  0.0234  0.0234  0.0234  0.0234
  0.0236  0.0236  0.0236  0.0235  0.0236  0.0235  0.0236  0.0237  0.0236  0.0236  0.0235  0.0235
  0.0242  0.0240  0.0239  0.0239  0.0241  0.0240  0.0243  0.0244  0.0241  0.0241  0.0237  0.0238
  0.0251  0.0247  0.0244  0.0248  0.0251  0.0251  0.0253  0.0256  0.0248  0.0249  0.0239  0.0241
niter,ni,del,rscale     3    3    5.0000    0.6000
parameters
    3.7568    6.0889    4.7770   -7.0702  -11.3878    4.2077
    2.7170    2.6589   -2.1985    4.4327   -1.2435   -8.0363
eta,q 0.97660 12.60989
  0.0247  0.0244  0.0241  0.0244  0.0246  0.0247  0.0248  0.0251  0.0244  0.0246  0.0238  0.0239
  0.0240  0.0239  0.0237  0.0239  0.0241  0.0242  0.0241  0.0241  0.0238  0.0239  0.0236  0.0236
  0.0236  0.0235  0.0235  0.0236  0.0236  0.0237  0.0236  0.0235  0.0235  0.0235  0.0235  0.0235
  0.0234  0.0234  0.0234  0.0234  0.0234  0.0234  0.0234  0.0234  0.0234  0.0234  0.0234  0.0234
  0.0236  0.0235  0.0235  0.0235  0.0235  0.0235  0.0235  0.0236  0.0235  0.0236  0.0234  0.0235
  0.0240  0.0239  0.0237  0.0238  0.0239  0.0238  0.0240  0.0242  0.0239  0.0239  0.0236  0.0236
  0.0247  0.0245  0.0241  0.0244  0.0247  0.0246  0.0248  0.0250  0.0244  0.0245  0.0238  0.0239
niter,ni,del,rscale     2    3    5.0000    0.5000
parameters
    3.7522    6.0660    4.8058   -7.0093  -11.3488    4.3711
    2.7447    2.6288   -2.2261    4.4081   -1.2214   -7.9559
eta,q 0.97661 12.61837
  0.0243  0.0241  0.0239  0.0241  0.0243  0.0244  0.0244  0.0245  0.0241  0.0242  0.0237  0.0238
  0.0238  0.0237  0.0236  0.0238  0.0238  0.0240  0.0239  0.0239  0.0237  0.0237  0.0235  0.0236
  0.0235  0.0235  0.0235  0.0235  0.0235  0.0236  0.0235  0.0235  0.0235  0.0235  0.0234  0.0234
  0.0234  0.0234  0.0234  0.0234  0.0234  0.0234  0.0234  0.0234  0.0234  0.0234  0.0234  0.0234
  0.0235  0.0235  0.0234  0.0234  0.0235  0.0235  0.0235  0.0235  0.0235  0.0235  0.0234  0.0234
  0.0238  0.0237  0.0236  0.0237  0.0238  0.0237  0.0238  0.0239  0.0237  0.0238  0.0235  0.0235
  0.0243  0.0242  0.0238  0.0241  0.0243  0.0243  0.0244  0.0245  0.0241  0.0242  0.0237  0.0237
niter,ni,del,rscale     1    3    5.0000    0.4000
parameters
    3.7481    6.0423    4.8398   -6.9610  -11.3206    4.4867
    2.7718    2.6097   -2.2417    4.3605   -1.2171   -7.8804
eta,q 0.97663 12.62368
  0.0240  0.0238  0.0237  0.0238  0.0240  0.0241  0.0240  0.0241  0.0238  0.0239  0.0236  0.0236
  0.0236  0.0236  0.0235  0.0236  0.0237  0.0238  0.0237  0.0237  0.0236  0.0236  0.0235  0.0235
  0.0235  0.0234  0.0234  0.0235  0.0235  0.0235  0.0235  0.0234  0.0234  0.0234  0.0234  0.0234
  0.0234  0.0234  0.0234  0.0234  0.0234  0.0234  0.0234  0.0234  0.0234  0.0234  0.0234  0.0234
  0.0234  0.0234  0.0234  0.0234  0.0234  0.0234  0.0234  0.0235  0.0234  0.0234  0.0234  0.0234
  0.0236  0.0236  0.0235  0.0236  0.0236  0.0236  0.0236  0.0237  0.0236  0.0236  0.0235  0.0235
  0.0240  0.0239  0.0237  0.0238  0.0240  0.0240  0.0240  0.0241  0.0238  0.0239  0.0236  0.0236
registration optimization eta report
parameter search radius
    0.8000    0.8000    0.8000    2.4000    2.4000    2.4000
    2.4000    2.4000    2.4000    2.4000    2.4000    2.4000
100000*second partial in parameter space
       90.       73.       46.        8.       10.       11.
       11.       13.        8.        9.        3.        4.
  0.0240  0.0238  0.0237  0.0238  0.0240  0.0241  0.0240  0.0241  0.0238  0.0239  0.0236  0.0236
  0.0236  0.0236  0.0235  0.0236  0.0237  0.0238  0.0237  0.0237  0.0236  0.0236  0.0235  0.0235
  0.0235  0.0234  0.0234  0.0235  0.0235  0.0235  0.0235  0.0234  0.0234  0.0234  0.0234  0.0234
  0.0234  0.0234  0.0234  0.0234  0.0234  0.0234  0.0234  0.0234  0.0234  0.0234  0.0234  0.0234
  0.0234  0.0234  0.0234  0.0234  0.0234  0.0234  0.0234  0.0235  0.0234  0.0234  0.0234  0.0234
  0.0236  0.0236  0.0235  0.0236  0.0236  0.0236  0.0236  0.0237  0.0236  0.0236  0.0235  0.0235
  0.0240  0.0239  0.0237  0.0238  0.0240  0.0240  0.0240  0.0241  0.0238  0.0239  0.0236  0.0236
    3.7481    6.0423    4.8398   -6.9610  -11.3206    4.4867
    2.7718    2.6097   -2.2417    4.3605   -1.2171   -7.8804
eta,q 0.97663 12.62368

---------------------------------------------------------------------
compute_vox2vox talsrcimg talsrcimg_to_711-2C_as_mni_average_305_t4 /opt/freesurfer/average/711-2C_as_mni_average_305
---------------------------------------------------------------------

freesurfer compute_vox2vox.c
Reading: talsrcimg.4dfp.ifh
Reading: talsrcimg_to_711-2C_as_mni_average_305_t4
Reading: /opt/freesurfer/average/711-2C_as_mni_average_305.4dfp.ifh
Writing: talsrcimg_to_711-2C_as_mni_average_305_t4_vox2vox.txt

start time Wed Mar 11 14:26:53 CET 2026
end		time Wed Mar 11 14:28:19 CET 2026

mpr2mni305 success

avi2talxfm orig_nu.mgz /opt/freesurfer/average/mni305.cor.mgz talsrcimg_to_711-2C_as_mni_average_305_t4_vox2vox.txt transforms/talairach.auto.xfm
avi2talxfm done
mv -f /out/sourcedata/freesurfer/sub-v2s18x29520_ses-1/mri/talsrcimg_to_711-2C_as_mni_average_305_t4_vox2vox.txt /out/sourcedata/freesurfer/sub-v2s18x29520_ses-1/mri/transforms/talsrcimg_to_711-2C_as_mni_average_305_t4_vox2vox.txt
lta_convert --src orig_nu.mgz --trg /opt/freesurfer/average/mni305.cor.mgz --inxfm transforms/talairach.auto.xfm --outlta transforms/talairach.auto.xfm.lta --subject fsaverage
7.3.2

--src: orig_nu.mgz src image (geometry).
--trg: /opt/freesurfer/average/mni305.cor.mgz trg image (geometry).
--inmni: transforms/talairach.auto.xfm input MNI/XFM transform.
--outlta: transforms/talairach.auto.xfm.lta output LTA.
--s: fsaverage subject name
 LTA read, type : 1
 1.07362  -0.02532  -0.03581  -8.56221;
 0.01450   0.95318   0.08425  -46.16949;
 0.02643  -0.04751   1.12261   4.13129;
 0.00000   0.00000   0.00000   1.00000;
setting subject to fsaverage
Writing  LTA to file transforms/talairach.auto.xfm.lta...
lta_convert successful.
 
 
Started at Wed Mar 11 14:26:52 CET 2026
Ended   at Wed Mar 11 14:28:20 CET 2026
talairach_avi done
