/out/sourcedata/freesurfer/sub-v2s18x29514_ses-1/mri
/opt/freesurfer/bin/talairach_avi
--i orig_nu.mgz --xfm transforms/talairach.auto.xfm
talairach_avi 7.3.2
Linux dna056 5.14.0-427.37.1.el9_4.x86_64 #1 SMP PREEMPT_DYNAMIC Fri Sep 13 12:41:50 EDT 2024 x86_64 x86_64 x86_64 GNU/Linux
Wed Mar 11 14:12:57 CET 2026
mri_convert orig_nu.mgz talsrcimg.img 
reading from orig_nu.mgz...
TR=0.00, TE=0.00, TI=0.00, flip angle=0.00
i_ras = (-1, -1.73895e-09, -3.72529e-09)
j_ras = (7.45058e-09, 1.16415e-10, -1)
k_ras = (-1.20053e-10, 1, -5.82077e-11)
writing to talsrcimg.img...
Analyze Output Matrix
-1.00000   0.00000  -0.00000   130.24121;
-0.00000   0.00000   1.00000  -108.83388;
-0.00000  -1.00000  -0.00000   132.92401;
 0.00000   0.00000   0.00000   1.00000;
--------------------
INFO: set hdr.hist.orient to -1
mpr2mni305 talsrcimg
Wed Mar 11 14:12:58 CET 2026
/opt/freesurfer/bin/mpr2mni305 talsrcimg
mpr2mni305 7.3.2
target=711-2C_as_mni_average_305

---------------------------------------------------------------------
analyzeto4dfp talsrcimg -O0 -y
---------------------------------------------------------------------

freesurfer ifh2hdr.c
Wed Mar 11 14:12:58 2026
Writing: talsrcimg.4dfp.hdr
freesurfer analyzeto4dfp.c
Reading: talsrcimg.hdr
header size 348 bytes
hdr.dime.datatype	offset=70	value=2
hdr.dime.bitpix		offset=72	value=8
hdr.hist.orient		offset=252	value=-1
dimensionality     4
dimensions       256       256       256         1
Reading: talsrcimg.img
Writing: talsrcimg.4dfp.img
Writing: talsrcimg.4dfp.ifh
ifh2hdr talsrcimg -r0to239
ori=2

---------------------------------------------------------------------
gauss_4dfp talsrcimg 1.1
---------------------------------------------------------------------

freesurfer gauss_4dfp.c
Reading: talsrcimg.4dfp.img
Writing: talsrcimg_g11.4dfp.img
image dimensions 256 256 256 padded to 288 288 288
processing volume 1freesurfer ifh2hdr.c
Wed Mar 11 14:13:00 2026
Writing: talsrcimg_g11.4dfp.hdr

Writing: talsrcimg_g11.4dfp.ifh
including: talsrcimg.4dfp.img.rec in talsrcimg_g11.4dfp.img.rec

---------------------------------------------------------------------
imgreg_4dfp /opt/freesurfer/average/711-2C_as_mni_average_305 none talsrcimg_g11 none talsrcimg_to_711-2C_as_mni_average_305_t4 4355
---------------------------------------------------------------------

freesurfer imgreg_4dfp.c
/opt/freesurfer/average/711-2C_as_mni_average_305.4dfp.img
       256       256       256         1
  1.000000  1.000000  1.000000
orientation T byte_order littleendian
Reading image: /opt/freesurfer/average/711-2C_as_mni_average_305.4dfp.img
dimensions:      256       256       256
mmppix:       1.0000   -1.0000   -1.0000
center:     128.0000 -129.0000 -129.0000
talsrcimg_g11.4dfp.img
       256       256       256         1
  1.000000  1.000000  1.000000
orientation T byte_order littleendian
Reading image: talsrcimg_g11.4dfp.img
dimensions:      256       256       256
mmppix:       1.0000   -1.0000   -1.0000
center:     128.0000 -129.0000 -129.0000
t4_read: open error in t4_sub.f l:  41 t4_file(1:l)talsrcimg_to_711-2C_as_mni_average_305_t4 
t4_read: transform initialized to I4
rotation matrix determinant  1.000000
image alignment mode   4355 decimal     1103 hex
   -7.5000  -45.0000  -45.0000 6781.8105   16.0492
    0.0000  -45.0000  -45.0000 7042.7754   16.0198
    7.5000  -45.0000  -45.0000 6757.0337   16.0339
   -7.5000  -37.5000  -45.0000 7376.2617   15.7956
    0.0000  -37.5000  -45.0000 7671.7241   15.7675
    7.5000  -37.5000  -45.0000 7340.2275   15.7830
   -7.5000  -30.0000  -45.0000 8325.3174   15.6529
    0.0000  -30.0000  -45.0000 8661.8916   15.6291
    7.5000  -30.0000  -45.0000 8256.8818   15.6499
   -7.5000  -22.5000  -45.0000 9318.0801   15.6029
    0.0000  -22.5000  -45.0000 9700.9053   15.5815
    7.5000  -22.5000  -45.0000 9251.9072   15.6049
   -7.5000  -15.0000  -45.000010235.5566   15.6164
    0.0000  -15.0000  -45.000010663.2695   15.5938
    7.5000  -15.0000  -45.000010165.2852   15.6150
   -7.5000   -7.5000  -45.000011034.7773   15.6247
    0.0000   -7.5000  -45.000011508.1875   15.5998
    7.5000   -7.5000  -45.000010952.5811   15.6174
   -7.5000    0.0000  -45.000011732.4795   15.6226
    0.0000    0.0000  -45.000012252.6162   15.5954
    7.5000    0.0000  -45.000011598.4902   15.6099
   -7.5000    7.5000  -45.000011572.6816   15.6099
    0.0000    7.5000  -45.000012057.4307   15.5836
    7.5000    7.5000  -45.000011428.5840   15.5994
   -7.5000   15.0000  -45.000011310.6260   15.5978
    0.0000   15.0000  -45.000011764.2842   15.5749
    7.5000   15.0000  -45.000011162.7354   15.5962
   -7.5000   22.5000  -45.000011049.5410   15.6000
    0.0000   22.5000  -45.000011471.0693   15.5786
    7.5000   22.5000  -45.000010884.9570   15.6021
   -7.5000   30.0000  -45.000010621.8994   15.4083
    0.0000   30.0000  -45.000011042.5537   15.3860
    7.5000   30.0000  -45.000010459.8828   15.4069
   -7.5000   37.5000  -45.000010452.4082   15.4164
    0.0000   37.5000  -45.000010869.6016   15.3919
    7.5000   37.5000  -45.000010298.8252   15.4093
   -7.5000   45.0000  -45.0000 9631.9043   15.0230
    0.0000   45.0000  -45.000010019.2100   14.9969
    7.5000   45.0000  -45.0000 9500.0273   15.0108
   -7.5000  -45.0000  -37.5000 7195.1650   15.9229
    0.0000  -45.0000  -37.5000 7473.5117   15.8998
    7.5000  -45.0000  -37.5000 7180.9600   15.9269
   -7.5000  -37.5000  -37.5000 7870.7563   15.6742
    0.0000  -37.5000  -37.5000 8197.7197   15.6462
    7.5000  -37.5000  -37.5000 7826.0762   15.6722
   -7.5000  -30.0000  -37.5000 8900.4004   15.5351
    0.0000  -30.0000  -37.5000 9277.3975   15.5072
    7.5000  -30.0000  -37.5000 8830.5791   15.5368
   -7.5000  -22.5000  -37.5000 9948.1191   15.4859
    0.0000  -22.5000  -37.500010364.2051   15.4634
    7.5000  -22.5000  -37.5000 9854.8311   15.4968
   -7.5000  -15.0000  -37.500010907.6543   15.4963
    0.0000  -15.0000  -37.500011399.3926   15.4786
    7.5000  -15.0000  -37.500010807.3730   15.5119
   -7.5000   -7.5000  -37.500011746.3877   15.5018
    0.0000   -7.5000  -37.500012278.3867   15.4846
    7.5000   -7.5000  -37.500011612.6133   15.5151
   -7.5000    0.0000  -37.500012476.3271   15.4997
    0.0000    0.0000  -37.500013043.6035   15.4786
    7.5000    0.0000  -37.500012307.6270   15.5053
   -7.5000    7.5000  -37.500012277.9395   15.4900
    0.0000    7.5000  -37.500012821.9043   15.4635
    7.5000    7.5000  -37.500012089.8428   15.4897
   -7.5000   15.0000  -37.500011976.8799   15.4808
    0.0000   15.0000  -37.500012475.0908   15.4538
    7.5000   15.0000  -37.500011792.6562   15.4837
   -7.5000   22.5000  -37.500011682.9619   15.4830
    0.0000   22.5000  -37.500012161.0342   15.4606
    7.5000   22.5000  -37.500011507.9199   15.4940
   -7.5000   30.0000  -37.500011206.8125   15.2898
    0.0000   30.0000  -37.500011670.8369   15.2723
    7.5000   30.0000  -37.500011021.7812   15.3052
   -7.5000   37.5000  -37.500011026.9863   15.2952
    0.0000   37.5000  -37.500011495.1777   15.2783
    7.5000   37.5000  -37.500010855.8398   15.3083
   -7.5000   45.0000  -37.500010097.8877   14.9048
    0.0000   45.0000  -37.500010551.6738   14.8845
    7.5000   45.0000  -37.5000 9975.0127   14.9102
   -7.5000  -45.0000  -30.0000 7783.3618   16.6056
    0.0000  -45.0000  -30.0000 8098.6895   16.5839
    7.5000  -45.0000  -30.0000 7752.6147   16.6165
   -7.5000  -37.5000  -30.0000 8529.7949   16.3470
    0.0000  -37.5000  -30.0000 8895.6992   16.3190
    7.5000  -37.5000  -30.0000 8467.4561   16.3482
   -7.5000  -30.0000  -30.0000 9642.5488   16.2091
    0.0000  -30.0000  -30.000010059.1748   16.1799
    7.5000  -30.0000  -30.0000 9540.7158   16.2084
   -7.5000  -22.5000  -30.000010770.3936   16.1639
    0.0000  -22.5000  -30.000011241.4346   16.1407
    7.5000  -22.5000  -30.000010647.7510   16.1715
   -7.5000  -15.0000  -30.000011789.9199   16.1732
    0.0000  -15.0000  -30.000012346.4824   16.1560
    7.5000  -15.0000  -30.000011662.4229   16.1888
   -7.5000   -7.5000  -30.000012683.6338   16.1704
    0.0000   -7.5000  -30.000013276.1328   16.1547
    7.5000   -7.5000  -30.000012527.1582   16.1882
   -7.5000    0.0000  -30.000013485.7178   16.1619
    0.0000    0.0000  -30.000014103.4932   16.1421
    7.5000    0.0000  -30.000013260.8115   16.1742
   -7.5000    7.5000  -30.000013271.0410   16.1537
    0.0000    7.5000  -30.000013885.9629   16.1274
    7.5000    7.5000  -30.000013015.6348   16.1567
   -7.5000   15.0000  -30.000012920.6924   16.1522
    0.0000   15.0000  -30.000013476.3643   16.1240
    7.5000   15.0000  -30.000012679.0127   16.1528
   -7.5000   22.5000  -30.000012548.1426   16.1593
    0.0000   22.5000  -30.000013100.7041   16.1361
    7.5000   22.5000  -30.000012344.5488   16.1669
   -7.5000   30.0000  -30.000011998.8408   15.9592
    0.0000   30.0000  -30.000012524.5576   15.9423
    7.5000   30.0000  -30.000011769.5576   15.9746
   -7.5000   37.5000  -30.000011798.1777   15.9564
    0.0000   37.5000  -30.000012322.6416   15.9409
    7.5000   37.5000  -30.000011571.2910   15.9740
   -7.5000   45.0000  -30.000010795.5068   15.5530
    0.0000   45.0000  -30.000011288.0645   15.5340
    7.5000   45.0000  -30.000010640.2109   15.5648
   -7.5000  -45.0000  -22.5000 8416.0986   17.1883
    0.0000  -45.0000  -22.5000 8758.1191   17.1609
    7.5000  -45.0000  -22.5000 8352.7256   17.1830
   -7.5000  -37.5000  -22.5000 9222.0977   16.9199
    0.0000  -37.5000  -22.5000 9617.8057   16.8922
    7.5000  -37.5000  -22.5000 9121.3574   16.9111
   -7.5000  -30.0000  -22.500010392.3281   16.7828
    0.0000  -30.0000  -22.500010851.1562   16.7573
    7.5000  -30.0000  -22.500010265.6182   16.7732
   -7.5000  -22.5000  -22.500011568.7314   16.7418
    0.0000  -22.5000  -22.500012090.7422   16.7196
    7.5000  -22.5000  -22.500011440.8379   16.7355
   -7.5000  -15.0000  -22.500012672.0332   16.7524
    0.0000  -15.0000  -22.500013256.5391   16.7307
    7.5000  -15.0000  -22.500012521.4941   16.7482
   -7.5000   -7.5000  -22.500013613.1328   16.7438
    0.0000   -7.5000  -22.500014244.0078   16.7207
    7.5000   -7.5000  -22.500013405.7080   16.7418
   -7.5000    0.0000  -22.500014475.1699   16.7286
    0.0000    0.0000  -22.500015135.2324   16.7035
    7.5000    0.0000  -22.500014191.2490   16.7256
   -7.5000    7.5000  -22.500014228.7734   16.7198
    0.0000    7.5000  -22.500014888.3320   16.6938
    7.5000    7.5000  -22.500013914.5771   16.7131
   -7.5000   15.0000  -22.500013832.0342   16.7238
    0.0000   15.0000  -22.500014464.8945   16.6993
    7.5000   15.0000  -22.500013549.7607   16.7157
   -7.5000   22.5000  -22.500013417.0342   16.7359
    0.0000   22.5000  -22.500014061.1768   16.7138
    7.5000   22.5000  -22.500013181.0586   16.7296
   -7.5000   30.0000  -22.500012774.5723   16.5333
    0.0000   30.0000  -22.500013356.6504   16.5119
    7.5000   30.0000  -22.500012503.1055   16.5292
   -7.5000   37.5000  -22.500012548.5264   16.5248
    0.0000   37.5000  -22.500013119.4414   16.5020
    7.5000   37.5000  -22.500012276.5293   16.5228
   -7.5000   45.0000  -22.500011486.6768   16.1104
    0.0000   45.0000  -22.500012007.5674   16.0863
    7.5000   45.0000  -22.500011290.2305   16.1076
   -7.5000  -45.0000  -15.0000 9043.8340   17.5916
    0.0000  -45.0000  -15.0000 9436.4277   17.5573
    7.5000  -45.0000  -15.0000 8981.0518   17.5652
   -7.5000  -37.5000  -15.0000 9881.2090   17.3162
    0.0000  -37.5000  -15.000010333.2100   17.2880
    7.5000  -37.5000  -15.0000 9789.9131   17.2949
   -7.5000  -30.0000  -15.000011098.4854   17.1750
    0.0000  -30.0000  -15.000011591.1387   17.1535
    7.5000  -30.0000  -15.000010986.5205   17.1596
   -7.5000  -22.5000  -15.000012359.4229   17.1331
    0.0000  -22.5000  -15.000012921.2168   17.1119
    7.5000  -22.5000  -15.000012230.9092   17.1171
   -7.5000  -15.0000  -15.000013552.3604   17.1456
    0.0000  -15.0000  -15.000014159.0693   17.1189
    7.5000  -15.0000  -15.000013364.4951   17.1238
   -7.5000   -7.5000  -15.000014555.9482   17.1385
    0.0000   -7.5000  -15.000015190.5146   17.1072
    7.5000   -7.5000  -15.000014323.4199   17.1148
   -7.5000    0.0000  -15.000015430.9219   17.1229
    0.0000    0.0000  -15.000016108.3184   17.0913
    7.5000    0.0000  -15.000015098.0469   17.1002
   -7.5000    7.5000  -15.000015140.7910   17.1124
    0.0000    7.5000  -15.000015821.4824   17.0860
    7.5000    7.5000  -15.000014790.5225   17.0937
   -7.5000   15.0000  -15.000014733.8945   17.1147
    0.0000   15.0000  -15.000015443.4648   17.0942
    7.5000   15.0000  -15.000014436.0674   17.1009
   -7.5000   22.5000  -15.000014326.4336   17.1262
    0.0000   22.5000  -15.000015040.2969   17.1051
    7.5000   22.5000  -15.000014044.9141   17.1104
   -7.5000   30.0000  -15.000013590.8838   16.9237
    0.0000   30.0000  -15.000014226.9600   16.8974
    7.5000   30.0000  -15.000013268.6270   16.9022
   -7.5000   37.5000  -15.000013316.4922   16.9167
    0.0000   37.5000  -15.000013927.8604   16.8858
    7.5000   37.5000  -15.000012982.7617   16.8933
   -7.5000   45.0000  -15.000012200.6562   16.5002
    0.0000   45.0000  -15.000012772.0684   16.4697
    7.5000   45.0000  -15.000011940.3613   16.4782
   -7.5000  -45.0000   -7.5000 9707.8447   17.7752
    0.0000  -45.0000   -7.500010116.4531   17.7389
    7.5000  -45.0000   -7.5000 9631.9463   17.7445
   -7.5000  -37.5000   -7.500010593.6992   17.4961
    0.0000  -37.5000   -7.500011057.2979   17.4664
    7.5000  -37.5000   -7.500010500.3301   17.4733
   -7.5000  -30.0000   -7.500011888.1562   17.3457
    0.0000  -30.0000   -7.500012412.9609   17.3238
    7.5000  -30.0000   -7.500011775.8223   17.3341
   -7.5000  -22.5000   -7.500013221.0713   17.2970
    0.0000  -22.5000   -7.500013797.9727   17.2753
    7.5000  -22.5000   -7.500013064.4004   17.2864
   -7.5000  -15.0000   -7.500014461.7520   17.3115
    0.0000  -15.0000   -7.500015108.2275   17.2837
    7.5000  -15.0000   -7.500014285.6963   17.2924
   -7.5000   -7.5000   -7.500015546.5420   17.3133
    0.0000   -7.5000   -7.500016245.0635   17.2803
    7.5000   -7.5000   -7.500015314.5420   17.2879
   -7.5000    0.0000   -7.500016449.7012   17.3042
    0.0000    0.0000   -7.500017180.6504   17.2706
    7.5000    0.0000   -7.500016124.5029   17.2772
   -7.5000    7.5000   -7.500016093.9229   17.2914
    0.0000    7.5000   -7.500016798.1094   17.2635
    7.5000    7.5000   -7.500015773.2842   17.2711
   -7.5000   15.0000   -7.500015662.5195   17.2851
    0.0000   15.0000   -7.500016407.8398   17.2641
    7.5000   15.0000   -7.500015387.2285   17.2751
   -7.5000   22.5000   -7.500015235.3164   17.2882
    0.0000   22.5000   -7.500015981.2988   17.2666
    7.5000   22.5000   -7.500014964.4502   17.2776
   -7.5000   30.0000   -7.500014416.7949   17.0870
    0.0000   30.0000   -7.500015091.7744   17.0595
    7.5000   30.0000   -7.500014088.4512   17.0681
   -7.5000   37.5000   -7.500014072.8594   17.0887
    0.0000   37.5000   -7.500014712.1982   17.0562
    7.5000   37.5000   -7.500013701.8525   17.0637
   -7.5000   45.0000   -7.500012899.7637   16.6780
    0.0000   45.0000   -7.500013506.9014   16.6456
    7.5000   45.0000   -7.500012609.1973   16.6519
   -7.5000  -45.0000    0.000010267.5469   17.7991
    0.0000  -45.0000    0.000010726.3877   17.7663
    7.5000  -45.0000    0.000010189.1807   17.7819
   -7.5000  -37.5000    0.000011214.3057   17.5196
    0.0000  -37.5000    0.000011698.6094   17.4884
    7.5000  -37.5000    0.000011115.3418   17.5055
   -7.5000  -30.0000    0.000012582.6270   17.3626
    0.0000  -30.0000    0.000013091.7129   17.3361
    7.5000  -30.0000    0.000012451.3672   17.3593
   -7.5000  -22.5000    0.000013933.2334   17.3074
    0.0000  -22.5000    0.000014476.3018   17.2839
    7.5000  -22.5000    0.000013767.2490   17.3102
   -7.5000  -15.0000    0.000015228.4570   17.3218
    0.0000  -15.0000    0.000015830.6318   17.2970
    7.5000  -15.0000    0.000015040.4814   17.3209
   -7.5000   -7.5000    0.000016477.2793   17.3305
    0.0000   -7.5000    0.000017164.0645   17.3030
    7.5000   -7.5000    0.000016214.1494   17.3227
   -7.5000    0.0000    0.000017478.8691   17.3283
    0.0000    0.0000    0.000018158.3398   17.2980
    7.5000    0.0000    0.000017123.0059   17.3141
   -7.5000    7.5000    0.000016995.0859   17.3149
    0.0000    7.5000    0.000017680.5703   17.2855
    7.5000    7.5000    0.000016730.0312   17.3030
   -7.5000   15.0000    0.000016539.0879   17.3020
    0.0000   15.0000    0.000017241.4121   17.2766
    7.5000   15.0000    0.000016303.2090   17.3003
   -7.5000   22.5000    0.000016053.6318   17.2986
    0.0000   22.5000    0.000016756.0527   17.2751
    7.5000   22.5000    0.000015816.3672   17.3015
   -7.5000   30.0000    0.000015125.7510   17.0976
    0.0000   30.0000    0.000015776.0039   17.0731
    7.5000   30.0000    0.000014854.5264   17.0967
   -7.5000   37.5000    0.000014738.4980   17.1062
    0.0000   37.5000    0.000015353.4473   17.0791
    7.5000   37.5000    0.000014403.8232   17.0986
   -7.5000   45.0000    0.000013534.0576   16.7025
    0.0000   45.0000    0.000014130.2793   16.6733
    7.5000   45.0000    0.000013236.0381   16.6888
   -7.5000  -45.0000    7.5000 9994.3555   17.8097
    0.0000  -45.0000    7.500010424.9062   17.7838
    7.5000  -45.0000    7.5000 9918.3623   17.8140
   -7.5000  -37.5000    7.500010917.0576   17.5319
    0.0000  -37.5000    7.500011355.2480   17.5005
    7.5000  -37.5000    7.500010806.2285   17.5295
   -7.5000  -30.0000    7.500012235.6885   17.3766
    0.0000  -30.0000    7.500012699.7197   17.3454
    7.5000  -30.0000    7.500012088.0352   17.3784
   -7.5000  -22.5000    7.500013517.6738   17.3217
    0.0000  -22.5000    7.500014005.3887   17.2965
    7.5000  -22.5000    7.500013358.7109   17.3338
   -7.5000  -15.0000    7.500014802.3457   17.3331
    0.0000  -15.0000    7.500015317.8369   17.3133
    7.5000  -15.0000    7.500014629.7188   17.3505
   -7.5000   -7.5000    7.500016121.6777   17.3389
    0.0000   -7.5000    7.500016681.3438   17.3198
    7.5000   -7.5000    7.500015825.0791   17.3537
   -7.5000    0.0000    7.500017097.6191   17.3366
    0.0000    0.0000    7.500017611.0039   17.3129
    7.5000    0.0000    7.500016847.6289   17.3426
   -7.5000    7.5000    7.500016579.6641   17.3259
    0.0000    7.5000    7.500017108.2227   17.2963
    7.5000    7.5000    7.500016500.5859   17.3255
   -7.5000   15.0000    7.500016180.1357   17.3159
    0.0000   15.0000    7.500016727.4316   17.2857
    7.5000   15.0000    7.500016062.1865   17.3191
   -7.5000   22.5000    7.500015708.9424   17.3129
    0.0000   22.5000    7.500016285.1016   17.2878
    7.5000   22.5000    7.500015556.7939   17.3250
   -7.5000   30.0000    7.500014751.0840   17.1088
    0.0000   30.0000    7.500015331.4463   17.0892
    7.5000   30.0000    7.500014553.7656   17.1259
   -7.5000   37.5000    7.500014280.3691   17.1145
    0.0000   37.5000    7.500014858.9551   17.0956
    7.5000   37.5000    7.500014010.9814   17.1291
   -7.5000   45.0000    7.500013126.8066   16.7105
    0.0000   45.0000    7.500013683.7148   16.6876
    7.5000   45.0000    7.500012836.3174   16.7163
   -7.5000  -45.0000   15.0000 9587.3564   17.8326
    0.0000  -45.0000   15.000010020.1143   17.8092
    7.5000  -45.0000   15.0000 9513.9492   17.8443
   -7.5000  -37.5000   15.000010452.7773   17.5548
    0.0000  -37.5000   15.000010892.3691   17.5248
    7.5000  -37.5000   15.000010373.5801   17.5561
   -7.5000  -30.0000   15.000011697.9736   17.4067
    0.0000  -30.0000   15.000012150.0977   17.3753
    7.5000  -30.0000   15.000011584.9639   17.4059
   -7.5000  -22.5000   15.000012917.9014   17.3581
    0.0000  -22.5000   15.000013371.5684   17.3333
    7.5000  -22.5000   15.000012798.2988   17.3663
   -7.5000  -15.0000   15.000014126.5703   17.3681
    0.0000  -15.0000   15.000014554.7461   17.3497
    7.5000  -15.0000   15.000013997.2344   17.3849
   -7.5000   -7.5000   15.000015231.1055   17.3652
    0.0000   -7.5000   15.000015687.6826   17.3483
    7.5000   -7.5000   15.000015094.4268   17.3843
   -7.5000    0.0000   15.000016230.5859   17.3560
    0.0000    0.0000   15.000016695.4883   17.3348
    7.5000    0.0000   15.000016093.7363   17.3692
   -7.5000    7.5000   15.000015993.9482   17.3472
    0.0000    7.5000   15.000016478.3398   17.3190
    7.5000    7.5000   15.000015829.6553   17.3504
   -7.5000   15.0000   15.000015670.7129   17.3456
    0.0000   15.0000   15.000016201.8232   17.3153
    7.5000   15.0000   15.000015411.4580   17.3463
   -7.5000   22.5000   15.000015145.8916   17.3493
    0.0000   22.5000   15.000015716.1992   17.3245
    7.5000   22.5000   15.000014900.6719   17.3576
   -7.5000   30.0000   15.000014136.1406   17.1434
    0.0000   30.0000   15.000014681.6611   17.1252
    7.5000   30.0000   15.000013906.1211   17.1599
   -7.5000   37.5000   15.000013621.1816   17.1404
    0.0000   37.5000   15.000014143.1318   17.1237
    7.5000   37.5000   15.000013383.2236   17.1593
   -7.5000   45.0000   15.000012567.1875   16.7292
    0.0000   45.0000   15.000013032.9551   16.7087
    7.5000   45.0000   15.000012309.1582   16.7419
   -7.5000  -45.0000   22.5000 9085.6895   17.9173
    0.0000  -45.0000   22.5000 9460.0469   17.8886
    7.5000  -45.0000   22.5000 9020.8525   17.9118
   -7.5000  -37.5000   22.5000 9861.2178   17.6364
    0.0000  -37.5000   22.500010280.6846   17.6075
    7.5000  -37.5000   22.5000 9815.4102   17.6273
   -7.5000  -30.0000   22.500011030.8877   17.4929
    0.0000  -30.0000   22.500011509.7900   17.4664
    7.5000  -30.0000   22.500010965.1826   17.4831
   -7.5000  -22.5000   22.500012201.2178   17.4500
    0.0000  -22.5000   22.500012700.7568   17.4269
    7.5000  -22.5000   22.500012105.4268   17.4435
   -7.5000  -15.0000   22.500013353.5244   17.4611
    0.0000  -15.0000   22.500013869.8076   17.4384
    7.5000  -15.0000   22.500013225.0713   17.4567
   -7.5000   -7.5000   22.500014408.3584   17.4521
    0.0000   -7.5000   22.500014948.9648   17.4279
    7.5000   -7.5000   22.500014286.8115   17.4499
   -7.5000    0.0000   22.500015316.4590   17.4361
    0.0000    0.0000   22.500015852.9414   17.4099
    7.5000    0.0000   22.500015192.8291   17.4331
   -7.5000    7.5000   22.500015110.1855   17.4269
    0.0000    7.5000   22.500015657.3662   17.3998
    7.5000    7.5000   22.500014917.9883   17.4201
   -7.5000   15.0000   22.500014819.0020   17.4312
    0.0000   15.0000   22.500015374.2080   17.4056
    7.5000   15.0000   22.500014573.0264   17.4229
   -7.5000   22.5000   22.500014337.4053   17.4412
    0.0000   22.5000   22.500014899.9531   17.4181
    7.5000   22.5000   22.500014129.7988   17.4347
   -7.5000   30.0000   22.500013385.2246   17.2352
    0.0000   30.0000   22.500013922.2314   17.2127
    7.5000   30.0000   22.500013203.8711   17.2308
   -7.5000   37.5000   22.500012877.8311   17.2262
    0.0000   37.5000   22.500013402.2852   17.2024
    7.5000   37.5000   22.500012685.9746   17.2241
   -7.5000   45.0000   22.500011871.4863   16.8064
    0.0000   45.0000   22.500012341.0986   16.7811
    7.5000   45.0000   22.500011673.9463   16.8035
   -7.5000  -45.0000   30.0000 8459.1289   18.0281
    0.0000  -45.0000   30.0000 8833.4053   17.9928
    7.5000  -45.0000   30.0000 8400.6406   18.0011
   -7.5000  -37.5000   30.0000 9202.0957   17.7476
    0.0000  -37.5000   30.0000 9614.0664   17.7187
    7.5000  -37.5000   30.0000 9141.9951   17.7259
   -7.5000  -30.0000   30.000010311.3057   17.6034
    0.0000  -30.0000   30.000010791.0000   17.5814
    7.5000  -30.0000   30.000010238.8613   17.5877
   -7.5000  -22.5000   30.000011435.2314   17.5600
    0.0000  -22.5000   30.000011952.5205   17.5383
    7.5000  -22.5000   30.000011326.3916   17.5437
   -7.5000  -15.0000   30.000012495.1367   17.5728
    0.0000  -15.0000   30.000012998.8438   17.5454
    7.5000  -15.0000   30.000012375.4912   17.5504
   -7.5000   -7.5000   30.000013432.0283   17.5653
    0.0000   -7.5000   30.000013930.9180   17.5332
    7.5000   -7.5000   30.000013330.9404   17.5411
   -7.5000    0.0000   30.000014232.3223   17.5492
    0.0000    0.0000   30.000014758.9932   17.5167
    7.5000    0.0000   30.000014155.0430   17.5259
   -7.5000    7.5000   30.000014008.9697   17.5386
    0.0000    7.5000   30.000014541.7139   17.5115
    7.5000    7.5000   30.000013916.5488   17.5194
   -7.5000   15.0000   30.000013746.2822   17.5411
    0.0000   15.0000   30.000014255.5654   17.5200
    7.5000   15.0000   30.000013603.5068   17.5270
   -7.5000   22.5000   30.000013365.8887   17.5511
    0.0000   22.5000   30.000013869.0820   17.5294
    7.5000   22.5000   30.000013220.9922   17.5349
   -7.5000   30.0000   30.000012516.0957   17.3453
    0.0000   30.0000   30.000013000.8496   17.3183
    7.5000   30.0000   30.000012376.3848   17.3233
   -7.5000   37.5000   30.000012064.5889   17.3379
    0.0000   37.5000   30.000012527.6094   17.3063
    7.5000   37.5000   30.000011890.7578   17.3141
   -7.5000   45.0000   30.000011111.2256   16.9154
    0.0000   45.0000   30.000011529.3184   16.8841
    7.5000   45.0000   30.000010911.3330   16.8930
   -7.5000  -45.0000   37.5000 8149.1855   18.2466
    0.0000  -45.0000   37.5000 8523.9785   18.2089
    7.5000  -45.0000   37.5000 8092.7124   18.2150
   -7.5000  -37.5000   37.5000 8868.6709   17.9633
    0.0000  -37.5000   37.5000 9309.7949   17.9326
    7.5000  -37.5000   37.5000 8817.3418   17.9402
   -7.5000  -30.0000   37.5000 9942.2334   17.8122
    0.0000  -30.0000   37.500010434.1543   17.7893
    7.5000  -30.0000   37.5000 9871.2705   17.8006
   -7.5000  -22.5000   37.500011000.0664   17.7613
    0.0000  -22.5000   37.500011514.7207   17.7385
    7.5000  -22.5000   37.500010901.9658   17.7503
   -7.5000  -15.0000   37.500012012.5752   17.7767
    0.0000  -15.0000   37.500012529.8486   17.7474
    7.5000  -15.0000   37.500011896.8066   17.7566
   -7.5000   -7.5000   37.500012879.3145   17.7789
    0.0000   -7.5000   37.500013421.5361   17.7444
    7.5000   -7.5000   37.500012792.6562   17.7524
   -7.5000    0.0000   37.500013646.8047   17.7693
    0.0000    0.0000   37.500014202.3633   17.7344
    7.5000    0.0000   37.500013583.8535   17.7416
   -7.5000    7.5000   37.500013424.1592   17.7556
    0.0000    7.5000   37.500013956.2178   17.7267
    7.5000    7.5000   37.500013341.9365   17.7351
   -7.5000   15.0000   37.500013150.0176   17.7489
    0.0000   15.0000   37.500013671.0420   17.7270
    7.5000   15.0000   37.500013050.5957   17.7389
   -7.5000   22.5000   37.500012822.1729   17.7523
    0.0000   22.5000   37.500013323.6445   17.7295
    7.5000   22.5000   37.500012702.5195   17.7413
   -7.5000   30.0000   37.500012065.3779   17.5467
    0.0000   30.0000   37.500012546.6943   17.5178
    7.5000   30.0000   37.500011953.0342   17.5268
   -7.5000   37.5000   37.500011615.9307   17.5488
    0.0000   37.5000   37.500012069.2178   17.5147
    7.5000   37.5000   37.500011473.2422   17.5227
   -7.5000   45.0000   37.500010690.7617   17.1276
    0.0000   45.0000   37.500011104.1045   17.0939
    7.5000   45.0000   37.500010528.5898   17.1008
   -7.5000  -45.0000   45.0000 7474.2998   18.4771
    0.0000  -45.0000   45.0000 7828.5898   18.4416
    7.5000  -45.0000   45.0000 7415.1831   18.4598
   -7.5000  -37.5000   45.0000 8149.1753   18.1911
    0.0000  -37.5000   45.0000 8557.3574   18.1572
    7.5000  -37.5000   45.0000 8075.6050   18.1773
   -7.5000  -30.0000   45.0000 9119.6426   18.0335
    0.0000  -30.0000   45.0000 9582.4111   18.0047
    7.5000  -30.0000   45.0000 9046.1309   18.0315
   -7.5000  -22.5000   45.000010068.8555   17.9737
    0.0000  -22.5000   45.000010572.3398   17.9478
    7.5000  -22.5000   45.0000 9994.7852   17.9780
   -7.5000  -15.0000   45.000010976.7031   17.9891
    0.0000  -15.0000   45.000011478.6348   17.9617
    7.5000  -15.0000   45.000010866.4199   17.9890
   -7.5000   -7.5000   45.000011779.8799   17.9995
    0.0000   -7.5000   45.000012299.1729   17.9692
    7.5000   -7.5000   45.000011689.9170   17.9919
   -7.5000    0.0000   45.000012472.0420   17.9979
    0.0000    0.0000   45.000013001.6074   17.9649
    7.5000    0.0000   45.000012402.8613   17.9836
   -7.5000    7.5000   45.000012255.3320   17.9834
    0.0000    7.5000   45.000012743.9150   17.9514
    7.5000    7.5000   45.000012200.6514   17.9719
   -7.5000   15.0000   45.000011978.2432   17.9687
    0.0000   15.0000   45.000012455.9629   17.9410
    7.5000   15.0000   45.000011923.6748   17.9683
   -7.5000   22.5000   45.000011707.9307   17.9645
    0.0000   22.5000   45.000012177.2119   17.9386
    7.5000   22.5000   45.000011620.5752   17.9688
   -7.5000   30.0000   45.000011048.4180   17.7548
    0.0000   30.0000   45.000011502.6650   17.7277
    7.5000   30.0000   45.000010962.5967   17.7547
   -7.5000   37.5000   45.000010664.8223   17.7650
    0.0000   37.5000   45.000011092.2080   17.7352
    7.5000   37.5000   45.000010552.8936   17.7575
   -7.5000   45.0000   45.0000 9827.2822   17.3558
    0.0000   45.0000   45.000010212.8916   17.3239
    7.5000   45.0000   45.0000 9697.2334   17.3420

---------------------------------------------------------------------
imgreg_4dfp /opt/freesurfer/average/711-2C_as_mni_average_305 /opt/freesurfer/average/711-2B_as_mni_average_305_mask talsrcimg_g11 none talsrcimg_to_711-2C_as_mni_average_305_t4 4355
---------------------------------------------------------------------

freesurfer imgreg_4dfp.c
/opt/freesurfer/average/711-2C_as_mni_average_305.4dfp.img
       256       256       256         1
  1.000000  1.000000  1.000000
orientation T byte_order littleendian
Reading image: /opt/freesurfer/average/711-2C_as_mni_average_305.4dfp.img
dimensions:      256       256       256
mmppix:       1.0000   -1.0000   -1.0000
center:     128.0000 -129.0000 -129.0000
/opt/freesurfer/average/711-2B_as_mni_average_305_mask.4dfp.img
       256       256       256         1
  1.000000  1.000000  1.000000
orientation T byte_order littleendian
Reading mask: /opt/freesurfer/average/711-2B_as_mni_average_305_mask.4dfp.img (2306576 pixels)
talsrcimg_g11.4dfp.img
       256       256       256         1
  1.000000  1.000000  1.000000
orientation T byte_order littleendian
Reading image: talsrcimg_g11.4dfp.img
dimensions:      256       256       256
mmppix:       1.0000   -1.0000   -1.0000
center:     128.0000 -129.0000 -129.0000
rotation matrix determinant  1.000000
image alignment mode   4355 decimal     1103 hex
   -7.5000  -45.0000  -45.0000 1905.4231   23.8001
    0.0000  -45.0000  -45.0000 1907.3347   23.6842
    7.5000  -45.0000  -45.0000 1895.5966   23.9189
   -7.5000  -37.5000  -45.0000 2020.4858   21.0424
    0.0000  -37.5000  -45.0000 2024.8121   21.0036
    7.5000  -37.5000  -45.0000 2014.7410   21.2339
   -7.5000  -30.0000  -45.0000 2124.2278   19.0607
    0.0000  -30.0000  -45.0000 2131.1719   19.0500
    7.5000  -30.0000  -45.0000 2112.3328   19.1571
   -7.5000  -22.5000  -45.0000 2226.0686   17.5457
    0.0000  -22.5000  -45.0000 2228.5073   17.5733
    7.5000  -22.5000  -45.0000 2216.1152   17.6624
   -7.5000  -15.0000  -45.0000 2287.2627   16.4665
    0.0000  -15.0000  -45.0000 2292.5127   16.4562
    7.5000  -15.0000  -45.0000 2280.5908   16.5163
   -7.5000   -7.5000  -45.0000 2323.3369   15.7170
    0.0000   -7.5000  -45.0000 2326.3604   15.6574
    7.5000   -7.5000  -45.0000 2312.3635   15.7300
   -7.5000    0.0000  -45.0000 2336.5303   15.2271
    0.0000    0.0000  -45.0000 2344.0957   15.1584
    7.5000    0.0000  -45.0000 2320.9065   15.2945
   -7.5000    7.5000  -45.0000 2341.1912   15.0696
    0.0000    7.5000  -45.0000 2346.6323   14.9742
    7.5000    7.5000  -45.0000 2326.0723   15.1506
   -7.5000   15.0000  -45.0000 2331.1270   15.1527
    0.0000   15.0000  -45.0000 2338.0239   15.0734
    7.5000   15.0000  -45.0000 2318.9900   15.2371
   -7.5000   22.5000  -45.0000 2319.1436   15.5477
    0.0000   22.5000  -45.0000 2322.3965   15.4492
    7.5000   22.5000  -45.0000 2298.0649   15.6663
   -7.5000   30.0000  -45.0000 2285.5410   16.1948
    0.0000   30.0000  -45.0000 2289.7961   16.1107
    7.5000   30.0000  -45.0000 2265.9473   16.3655
   -7.5000   37.5000  -45.0000 2234.9458   17.1529
    0.0000   37.5000  -45.0000 2235.7959   17.0492
    7.5000   37.5000  -45.0000 2209.0957   17.3654
   -7.5000   45.0000  -45.0000 2153.1775   18.4365
    0.0000   45.0000  -45.0000 2157.0369   18.3330
    7.5000   45.0000  -45.0000 2134.3184   18.6903
   -7.5000  -45.0000  -37.5000 1966.5066   21.9804
    0.0000  -45.0000  -37.5000 1970.2322   22.0283
    7.5000  -45.0000  -37.5000 1962.3522   22.2559
   -7.5000  -37.5000  -37.5000 2092.3264   19.4979
    0.0000  -37.5000  -37.5000 2100.7397   19.5375
    7.5000  -37.5000  -37.5000 2087.8779   19.7252
   -7.5000  -30.0000  -37.5000 2213.0625   17.6437
    0.0000  -30.0000  -37.5000 2218.3914   17.6879
    7.5000  -30.0000  -37.5000 2201.6077   17.7743
   -7.5000  -22.5000  -37.5000 2316.2119   16.2069
    0.0000  -22.5000  -37.5000 2318.4583   16.2664
    7.5000  -22.5000  -37.5000 2303.5190   16.3519
   -7.5000  -15.0000  -37.5000 2380.4458   15.1917
    0.0000  -15.0000  -37.5000 2386.9451   15.2083
    7.5000  -15.0000  -37.5000 2364.9773   15.2479
   -7.5000   -7.5000  -37.5000 2417.5327   14.4561
    0.0000   -7.5000  -37.5000 2425.1768   14.4616
    7.5000   -7.5000  -37.5000 2396.7776   14.5230
   -7.5000    0.0000  -37.5000 2435.0537   14.0257
    0.0000    0.0000  -37.5000 2442.0872   14.0099
    7.5000    0.0000  -37.5000 2415.3604   14.0984
   -7.5000    7.5000  -37.5000 2440.2087   13.8615
    0.0000    7.5000  -37.5000 2447.9355   13.8204
    7.5000    7.5000  -37.5000 2426.6316   13.9519
   -7.5000   15.0000  -37.5000 2432.0146   13.9644
    0.0000   15.0000  -37.5000 2437.7427   13.9613
    7.5000   15.0000  -37.5000 2416.9749   14.0969
   -7.5000   22.5000  -37.5000 2420.7766   14.3279
    0.0000   22.5000  -37.5000 2424.6245   14.2976
    7.5000   22.5000  -37.5000 2399.9336   14.5128
   -7.5000   30.0000  -37.5000 2388.2773   14.9437
    0.0000   30.0000  -37.5000 2387.9995   14.9181
    7.5000   30.0000  -37.5000 2363.0994   15.1480
   -7.5000   37.5000  -37.5000 2329.9836   15.8524
    0.0000   37.5000  -37.5000 2329.8938   15.8010
    7.5000   37.5000  -37.5000 2304.0291   16.0971
   -7.5000   45.0000  -37.5000 2242.5022   17.0599
    0.0000   45.0000  -37.5000 2242.5476   17.0231
    7.5000   45.0000  -37.5000 2216.9392   17.3472
   -7.5000  -45.0000  -30.0000 2059.9709   21.1897
    0.0000  -45.0000  -30.0000 2064.9685   21.3079
    7.5000  -45.0000  -30.0000 2055.6729   21.4341
   -7.5000  -37.5000  -30.0000 2198.6660   18.8025
    0.0000  -37.5000  -30.0000 2204.5747   18.9208
    7.5000  -37.5000  -30.0000 2194.2141   18.9874
   -7.5000  -30.0000  -30.0000 2324.3616   16.9613
    0.0000  -30.0000  -30.0000 2331.7876   17.0777
    7.5000  -30.0000  -30.0000 2314.4153   17.1285
   -7.5000  -22.5000  -30.0000 2435.4717   15.5637
    0.0000  -22.5000  -30.0000 2440.6821   15.6284
    7.5000  -22.5000  -30.0000 2418.6445   15.6571
   -7.5000  -15.0000  -30.0000 2510.4685   14.5317
    0.0000  -15.0000  -30.0000 2516.6191   14.5621
    7.5000  -15.0000  -30.0000 2489.3022   14.6046
   -7.5000   -7.5000  -30.0000 2554.0088   13.8341
    0.0000   -7.5000  -30.0000 2557.5410   13.8413
    7.5000   -7.5000  -30.0000 2531.0291   13.9118
   -7.5000    0.0000  -30.0000 2581.0667   13.3972
    0.0000    0.0000  -30.0000 2583.5188   13.4115
    7.5000    0.0000  -30.0000 2553.7659   13.4855
   -7.5000    7.5000  -30.0000 2599.5916   13.2487
    0.0000    7.5000  -30.0000 2601.6653   13.2319
    7.5000    7.5000  -30.0000 2575.5759   13.3376
   -7.5000   15.0000  -30.0000 2591.6702   13.3632
    0.0000   15.0000  -30.0000 2594.8074   13.3577
    7.5000   15.0000  -30.0000 2566.8135   13.4986
   -7.5000   22.5000  -30.0000 2572.3406   13.7453
    0.0000   22.5000  -30.0000 2575.2195   13.7282
    7.5000   22.5000  -30.0000 2541.5579   13.9024
   -7.5000   30.0000  -30.0000 2535.6489   14.3752
    0.0000   30.0000  -30.0000 2536.6836   14.3697
    7.5000   30.0000  -30.0000 2499.8584   14.5836
   -7.5000   37.5000  -30.0000 2471.5103   15.2515
    0.0000   37.5000  -30.0000 2469.7573   15.2680
    7.5000   37.5000  -30.0000 2434.6765   15.5099
   -7.5000   45.0000  -30.0000 2371.3174   16.4422
    0.0000   45.0000  -30.0000 2371.8711   16.4122
    7.5000   45.0000  -30.0000 2342.3699   16.6963
   -7.5000  -45.0000  -22.5000 2131.5540   20.3288
    0.0000  -45.0000  -22.5000 2135.1685   20.4358
    7.5000  -45.0000  -22.5000 2124.3174   20.5629
   -7.5000  -37.5000  -22.5000 2277.9490   18.0264
    0.0000  -37.5000  -22.5000 2287.7332   18.1159
    7.5000  -37.5000  -22.5000 2269.9822   18.1839
   -7.5000  -30.0000  -22.5000 2404.7881   16.1915
    0.0000  -30.0000  -22.5000 2415.4778   16.2864
    7.5000  -30.0000  -22.5000 2391.5579   16.3336
   -7.5000  -22.5000  -22.5000 2519.6541   14.7826
    0.0000  -22.5000  -22.5000 2526.7295   14.8792
    7.5000  -22.5000  -22.5000 2506.3174   14.9046
   -7.5000  -15.0000  -22.5000 2604.8848   13.7969
    0.0000  -15.0000  -22.5000 2609.5378   13.8344
    7.5000  -15.0000  -22.5000 2586.9961   13.8691
   -7.5000   -7.5000  -22.5000 2659.3711   13.0958
    0.0000   -7.5000  -22.5000 2662.5205   13.0993
    7.5000   -7.5000  -22.5000 2633.9893   13.1666
   -7.5000    0.0000  -22.5000 2698.3315   12.7083
    0.0000    0.0000  -22.5000 2699.8298   12.6887
    7.5000    0.0000  -22.5000 2667.3896   12.7866
   -7.5000    7.5000  -22.5000 2722.8665   12.5508
    0.0000    7.5000  -22.5000 2725.2690   12.5271
    7.5000    7.5000  -22.5000 2694.3811   12.6212
   -7.5000   15.0000  -22.5000 2720.4668   12.6799
    0.0000   15.0000  -22.5000 2722.4424   12.6753
    7.5000   15.0000  -22.5000 2687.0740   12.7796
   -7.5000   22.5000  -22.5000 2700.8455   13.0665
    0.0000   22.5000  -22.5000 2706.9392   13.0764
    7.5000   22.5000  -22.5000 2663.4387   13.2278
   -7.5000   30.0000  -22.5000 2654.1772   13.6982
    0.0000   30.0000  -22.5000 2660.0181   13.7126
    7.5000   30.0000  -22.5000 2615.2192   13.8944
   -7.5000   37.5000  -22.5000 2577.8245   14.5561
    0.0000   37.5000  -22.5000 2579.9756   14.5721
    7.5000   37.5000  -22.5000 2541.8286   14.7746
   -7.5000   45.0000  -22.5000 2472.8364   15.7205
    0.0000   45.0000  -22.5000 2471.3313   15.6972
    7.5000   45.0000  -22.5000 2443.7593   15.9381
   -7.5000  -45.0000  -15.0000 2176.3179   19.5615
    0.0000  -45.0000  -15.0000 2182.8652   19.5483
    7.5000  -45.0000  -15.0000 2172.7002   19.7030
   -7.5000  -37.5000  -15.0000 2321.3572   17.3167
    0.0000  -37.5000  -15.0000 2340.8643   17.3214
    7.5000  -37.5000  -15.0000 2317.4856   17.4525
   -7.5000  -30.0000  -15.0000 2443.7405   15.4708
    0.0000  -30.0000  -15.0000 2462.0051   15.5105
    7.5000  -30.0000  -15.0000 2440.5828   15.6372
   -7.5000  -22.5000  -15.0000 2570.6064   14.0962
    0.0000  -22.5000  -15.0000 2581.9690   14.1420
    7.5000  -22.5000  -15.0000 2560.8083   14.2456
   -7.5000  -15.0000  -15.0000 2671.2622   13.1027
    0.0000  -15.0000  -15.0000 2678.4788   13.1305
    7.5000  -15.0000  -15.0000 2648.0510   13.1973
   -7.5000   -7.5000  -15.0000 2740.0115   12.4124
    0.0000   -7.5000  -15.0000 2737.5198   12.4108
    7.5000   -7.5000  -15.0000 2713.4055   12.4984
   -7.5000    0.0000  -15.0000 2781.6421   12.0123
    0.0000    0.0000  -15.0000 2786.6873   11.9868
    7.5000    0.0000  -15.0000 2752.2173   12.0887
   -7.5000    7.5000  -15.0000 2816.0276   11.8517
    0.0000    7.5000  -15.0000 2820.7175   11.8443
    7.5000    7.5000  -15.0000 2782.2346   11.9407
   -7.5000   15.0000  -15.0000 2816.6799   12.0295
    0.0000   15.0000  -15.0000 2825.8374   12.0094
    7.5000   15.0000  -15.0000 2784.6057   12.1307
   -7.5000   22.5000  -15.0000 2798.8193   12.4510
    0.0000   22.5000  -15.0000 2807.8071   12.4424
    7.5000   22.5000  -15.0000 2761.0425   12.5825
   -7.5000   30.0000  -15.0000 2744.7781   13.0714
    0.0000   30.0000  -15.0000 2750.7158   13.0765
    7.5000   30.0000  -15.0000 2703.8303   13.2466
   -7.5000   37.5000  -15.0000 2657.8264   13.9257
    0.0000   37.5000  -15.0000 2661.1052   13.9142
    7.5000   37.5000  -15.0000 2620.0364   14.0686
   -7.5000   45.0000  -15.0000 2539.1851   15.0657
    0.0000   45.0000  -15.0000 2540.1797   15.0486
    7.5000   45.0000  -15.0000 2505.9895   15.2120
   -7.5000  -45.0000   -7.5000 2209.2620   19.0022
    0.0000  -45.0000   -7.5000 2214.3452   18.9181
    7.5000  -45.0000   -7.5000 2202.5657   19.1598
   -7.5000  -37.5000   -7.5000 2348.1675   16.7012
    0.0000  -37.5000   -7.5000 2361.0393   16.6535
    7.5000  -37.5000   -7.5000 2344.3311   16.8806
   -7.5000  -30.0000   -7.5000 2474.1914   14.8907
    0.0000  -30.0000   -7.5000 2487.8235   14.8478
    7.5000  -30.0000   -7.5000 2472.2981   15.0811
   -7.5000  -22.5000   -7.5000 2605.0684   13.5312
    0.0000  -22.5000   -7.5000 2615.4973   13.5126
    7.5000  -22.5000   -7.5000 2593.9409   13.6789
   -7.5000  -15.0000   -7.5000 2713.9880   12.5284
    0.0000  -15.0000   -7.5000 2721.6560   12.4980
    7.5000  -15.0000   -7.5000 2694.3040   12.6513
   -7.5000   -7.5000   -7.5000 2796.7825   11.8284
    0.0000   -7.5000   -7.5000 2803.4900   11.7912
    7.5000   -7.5000   -7.5000 2772.5945   11.9434
   -7.5000    0.0000   -7.5000 2855.9263   11.4036
    0.0000    0.0000   -7.5000 2863.7068   11.3666
    7.5000    0.0000   -7.5000 2824.1985   11.4933
   -7.5000    7.5000   -7.5000 2899.3196   11.2307
    0.0000    7.5000   -7.5000 2905.9346   11.2289
    7.5000    7.5000   -7.5000 2858.0759   11.3604
   -7.5000   15.0000   -7.5000 2902.1089   11.4452
    0.0000   15.0000   -7.5000 2909.2720   11.4005
    7.5000   15.0000   -7.5000 2864.9910   11.5503
   -7.5000   22.5000   -7.5000 2874.1511   11.8677
    0.0000   22.5000   -7.5000 2876.9553   11.8267
    7.5000   22.5000   -7.5000 2836.4194   12.0105
   -7.5000   30.0000   -7.5000 2807.8340   12.4955
    0.0000   30.0000   -7.5000 2811.5386   12.4569
    7.5000   30.0000   -7.5000 2765.2898   12.6458
   -7.5000   37.5000   -7.5000 2708.6770   13.3820
    0.0000   37.5000   -7.5000 2709.5708   13.3289
    7.5000   37.5000   -7.5000 2668.2561   13.5071
   -7.5000   45.0000   -7.5000 2581.6809   14.5169
    0.0000   45.0000   -7.5000 2583.3804   14.4711
    7.5000   45.0000   -7.5000 2550.3916   14.6528
   -7.5000  -45.0000    0.0000 2216.3792   18.6818
    0.0000  -45.0000    0.0000 2226.9570   18.5850
    7.5000  -45.0000    0.0000 2212.8828   18.8718
   -7.5000  -37.5000    0.0000 2360.8770   16.3424
    0.0000  -37.5000    0.0000 2371.0610   16.2628
    7.5000  -37.5000    0.0000 2357.0781   16.5810
   -7.5000  -30.0000    0.0000 2490.4785   14.5285
    0.0000  -30.0000    0.0000 2498.2485   14.4213
    7.5000  -30.0000    0.0000 2483.0171   14.7649
   -7.5000  -22.5000    0.0000 2614.9077   13.1636
    0.0000  -22.5000    0.0000 2622.5667   13.0442
    7.5000  -22.5000    0.0000 2605.2703   13.3521
   -7.5000  -15.0000    0.0000 2727.0798   12.1467
    0.0000  -15.0000    0.0000 2738.3230   12.0369
    7.5000  -15.0000    0.0000 2711.5916   12.3118
   -7.5000   -7.5000    0.0000 2831.0100   11.4613
    0.0000   -7.5000    0.0000 2841.4075   11.3762
    7.5000   -7.5000    0.0000 2805.5693   11.5909
   -7.5000    0.0000    0.0000 2918.1333   11.0333
    0.0000    0.0000    0.0000 2928.2766   10.9493
    7.5000    0.0000    0.0000 2875.7163   11.1555
   -7.5000    7.5000    0.0000 2972.8530   10.8108
    0.0000    7.5000    0.0000 2982.6074   10.7416
    7.5000    7.5000    0.0000 2918.0178   10.9955
   -7.5000   15.0000    0.0000 2969.0515   11.0282
    0.0000   15.0000    0.0000 2977.8879   10.9523
    7.5000   15.0000    0.0000 2922.8572   11.1836
   -7.5000   22.5000    0.0000 2926.1582   11.5000
    0.0000   22.5000    0.0000 2929.2151   11.4127
    7.5000   22.5000    0.0000 2884.1262   11.6544
   -7.5000   30.0000    0.0000 2846.5171   12.1174
    0.0000   30.0000    0.0000 2847.2703   12.0519
    7.5000   30.0000    0.0000 2805.2278   12.3195
   -7.5000   37.5000    0.0000 2739.2405   13.0062
    0.0000   37.5000    0.0000 2741.8887   12.9305
    7.5000   37.5000    0.0000 2703.7458   13.1846
   -7.5000   45.0000    0.0000 2604.0425   14.1458
    0.0000   45.0000    0.0000 2606.6460   14.0926
    7.5000   45.0000    0.0000 2574.6646   14.3493
   -7.5000  -45.0000    7.5000 2217.8811   18.5773
    0.0000  -45.0000    7.5000 2231.7791   18.3376
    7.5000  -45.0000    7.5000 2216.9187   18.7452
   -7.5000  -37.5000    7.5000 2360.0166   16.2434
    0.0000  -37.5000    7.5000 2367.5161   16.0387
    7.5000  -37.5000    7.5000 2357.6409   16.4479
   -7.5000  -30.0000    7.5000 2490.4512   14.4192
    0.0000  -30.0000    7.5000 2489.7805   14.2069
    7.5000  -30.0000    7.5000 2481.7742   14.6282
   -7.5000  -22.5000    7.5000 2615.7373   13.0375
    0.0000  -22.5000    7.5000 2615.4116   12.8457
    7.5000  -22.5000    7.5000 2599.3738   13.2425
   -7.5000  -15.0000    7.5000 2734.6548   12.0039
    0.0000  -15.0000    7.5000 2738.9419   11.8124
    7.5000  -15.0000    7.5000 2714.8567   12.2066
   -7.5000   -7.5000    7.5000 2845.2048   11.3087
    0.0000   -7.5000    7.5000 2854.1919   11.1353
    7.5000   -7.5000    7.5000 2820.0874   11.4907
   -7.5000    0.0000    7.5000 2948.3098   10.9062
    0.0000    0.0000    7.5000 2958.7336   10.7345
    7.5000    0.0000    7.5000 2904.8411   11.0382
   -7.5000    7.5000    7.5000 3016.9604   10.6472
    0.0000    7.5000    7.5000 3030.6194   10.4865
    7.5000    7.5000    7.5000 2955.0244   10.8899
   -7.5000   15.0000    7.5000 3015.5276   10.8658
    0.0000   15.0000    7.5000 3023.5210   10.7194
    7.5000   15.0000    7.5000 2953.7976   11.0967
   -7.5000   22.5000    7.5000 2948.2910   11.3891
    0.0000   22.5000    7.5000 2951.7029   11.2950
    7.5000   22.5000    7.5000 2904.7097   11.5403
   -7.5000   30.0000    7.5000 2859.6714   11.9815
    0.0000   30.0000    7.5000 2863.5481   11.9008
    7.5000   30.0000    7.5000 2823.0295   12.1525
   -7.5000   37.5000    7.5000 2746.1296   12.8300
    0.0000   37.5000    7.5000 2751.6624   12.7634
    7.5000   37.5000    7.5000 2715.8455   12.9888
   -7.5000   45.0000    7.5000 2610.9829   13.9828
    0.0000   45.0000    7.5000 2615.9766   13.9339
    7.5000   45.0000    7.5000 2583.2600   14.1488
   -7.5000  -45.0000   15.0000 2204.5649   18.6162
    0.0000  -45.0000   15.0000 2214.6113   18.3852
    7.5000  -45.0000   15.0000 2199.2043   18.7898
   -7.5000  -37.5000   15.0000 2348.3870   16.2711
    0.0000  -37.5000   15.0000 2358.2019   16.0507
    7.5000  -37.5000   15.0000 2342.4612   16.4745
   -7.5000  -30.0000   15.0000 2475.0806   14.4658
    0.0000  -30.0000   15.0000 2479.8723   14.2031
    7.5000  -30.0000   15.0000 2464.1833   14.6467
   -7.5000  -22.5000   15.0000 2602.8718   13.0827
    0.0000  -22.5000   15.0000 2600.6831   12.8339
    7.5000  -22.5000   15.0000 2586.0054   13.2900
   -7.5000  -15.0000   15.0000 2725.4075   12.0609
    0.0000  -15.0000   15.0000 2720.4128   11.8109
    7.5000  -15.0000   15.0000 2702.6602   12.2737
   -7.5000   -7.5000   15.0000 2832.3428   11.3558
    0.0000   -7.5000   15.0000 2834.0662   11.1134
    7.5000   -7.5000   15.0000 2810.7117   11.5521
   -7.5000    0.0000   15.0000 2930.6919   10.9118
    0.0000    0.0000   15.0000 2940.3225   10.7104
    7.5000    0.0000   15.0000 2896.2683   11.0987
   -7.5000    7.5000   15.0000 2995.7478   10.7485
    0.0000    7.5000   15.0000 3010.9365   10.5738
    7.5000    7.5000   15.0000 2944.9226   10.9372
   -7.5000   15.0000   15.0000 3000.7659   10.9914
    0.0000   15.0000   15.0000 3018.2678   10.8600
    7.5000   15.0000   15.0000 2939.1218   11.1081
   -7.5000   22.5000   15.0000 2935.3059   11.4454
    0.0000   22.5000   15.0000 2946.6475   11.3682
    7.5000   22.5000   15.0000 2894.0950   11.5644
   -7.5000   30.0000   15.0000 2842.1436   12.0314
    0.0000   30.0000   15.0000 2847.9119   11.9534
    7.5000   30.0000   15.0000 2810.4753   12.1659
   -7.5000   37.5000   15.0000 2728.1602   12.8742
    0.0000   37.5000   15.0000 2732.8096   12.8046
    7.5000   37.5000   15.0000 2700.6904   12.9901
   -7.5000   45.0000   15.0000 2605.4165   13.9852
    0.0000   45.0000   15.0000 2607.2183   13.9190
    7.5000   45.0000   15.0000 2576.5950   14.1112
   -7.5000  -45.0000   22.5000 2186.2373   18.8825
    0.0000  -45.0000   22.5000 2193.1626   18.6068
    7.5000  -45.0000   22.5000 2178.1523   19.0811
   -7.5000  -37.5000   22.5000 2330.9250   16.5079
    0.0000  -37.5000   22.5000 2336.4187   16.2535
    7.5000  -37.5000   22.5000 2324.1919   16.7007
   -7.5000  -30.0000   22.5000 2460.3718   14.7162
    0.0000  -30.0000   22.5000 2464.5515   14.4848
    7.5000  -30.0000   22.5000 2448.0884   14.9021
   -7.5000  -22.5000   22.5000 2588.2266   13.3614
    0.0000  -22.5000   22.5000 2587.9929   13.1378
    7.5000  -22.5000   22.5000 2568.3582   13.5694
   -7.5000  -15.0000   22.5000 2712.3943   12.3867
    0.0000  -15.0000   22.5000 2706.1926   12.1700
    7.5000  -15.0000   22.5000 2680.0957   12.5712
   -7.5000   -7.5000   22.5000 2814.6379   11.6805
    0.0000   -7.5000   22.5000 2813.6260   11.5015
    7.5000   -7.5000   22.5000 2781.1233   11.8658
   -7.5000    0.0000   22.5000 2896.8362   11.2158
    0.0000    0.0000   22.5000 2898.3315   11.0231
    7.5000    0.0000   22.5000 2859.6941   11.4146
   -7.5000    7.5000   22.5000 2948.4185   11.0527
    0.0000    7.5000   22.5000 2958.3330   10.9144
    7.5000    7.5000   22.5000 2904.5486   11.1849
   -7.5000   15.0000   22.5000 2951.0581   11.2740
    0.0000   15.0000   22.5000 2965.6863   11.1581
    7.5000   15.0000   22.5000 2901.0054   11.3281
   -7.5000   22.5000   22.5000 2888.6433   11.7362
    0.0000   22.5000   22.5000 2900.4150   11.6460
    7.5000   22.5000   22.5000 2850.5071   11.7968
   -7.5000   30.0000   22.5000 2802.2876   12.3285
    0.0000   30.0000   22.5000 2808.3196   12.2637
    7.5000   30.0000   22.5000 2769.5559   12.4352
   -7.5000   37.5000   22.5000 2693.7847   13.1171
    0.0000   37.5000   22.5000 2699.9004   13.0571
    7.5000   37.5000   22.5000 2662.7642   13.2463
   -7.5000   45.0000   22.5000 2575.2192   14.1504
    0.0000   45.0000   22.5000 2581.7437   14.0948
    7.5000   45.0000   22.5000 2547.7495   14.3085
   -7.5000  -45.0000   30.0000 2159.9734   19.3603
    0.0000  -45.0000   30.0000 2164.7361   19.1358
    7.5000  -45.0000   30.0000 2147.1750   19.5743
   -7.5000  -37.5000   30.0000 2306.3149   16.9873
    0.0000  -37.5000   30.0000 2314.0278   16.8090
    7.5000  -37.5000   30.0000 2293.4771   17.2139
   -7.5000  -30.0000   30.0000 2440.5203   15.2246
    0.0000  -30.0000   30.0000 2448.9270   15.0574
    7.5000  -30.0000   30.0000 2418.4724   15.4094
   -7.5000  -22.5000   30.0000 2568.8164   13.9139
    0.0000  -22.5000   30.0000 2575.4097   13.7520
    7.5000  -22.5000   30.0000 2541.3862   14.0932
   -7.5000  -15.0000   30.0000 2683.6633   12.9048
    0.0000  -15.0000   30.0000 2684.2534   12.7308
    7.5000  -15.0000   30.0000 2648.0813   13.0840
   -7.5000   -7.5000   30.0000 2777.6624   12.1729
    0.0000   -7.5000   30.0000 2775.6340   11.9627
    7.5000   -7.5000   30.0000 2742.9143   12.3780
   -7.5000    0.0000   30.0000 2842.7446   11.7001
    0.0000    0.0000   30.0000 2841.2151   11.5152
    7.5000    0.0000   30.0000 2808.5676   11.8781
   -7.5000    7.5000   30.0000 2881.0718   11.5403
    0.0000    7.5000   30.0000 2880.2161   11.3910
    7.5000    7.5000   30.0000 2850.4551   11.6834
   -7.5000   15.0000   30.0000 2877.2163   11.7093
    0.0000   15.0000   30.0000 2885.1187   11.5777
    7.5000   15.0000   30.0000 2841.2383   11.8068
   -7.5000   22.5000   30.0000 2821.6809   12.1835
    0.0000   22.5000   30.0000 2828.0811   12.0630
    7.5000   22.5000   30.0000 2786.9575   12.2424
   -7.5000   30.0000   30.0000 2737.0635   12.7881
    0.0000   30.0000   30.0000 2743.0176   12.6928
    7.5000   30.0000   30.0000 2706.8262   12.8555
   -7.5000   37.5000   30.0000 2640.2100   13.5848
    0.0000   37.5000   30.0000 2647.4509   13.5217
    7.5000   37.5000   30.0000 2613.0881   13.6815
   -7.5000   45.0000   30.0000 2524.6501   14.6076
    0.0000   45.0000   30.0000 2533.4604   14.5441
    7.5000   45.0000   30.0000 2502.5688   14.7076
   -7.5000  -45.0000   37.5000 2125.1626   20.0757
    0.0000  -45.0000   37.5000 2128.8813   19.9456
    7.5000  -45.0000   37.5000 2106.3494   20.3576
   -7.5000  -37.5000   37.5000 2273.1492   17.6839
    0.0000  -37.5000   37.5000 2285.6545   17.6257
    7.5000  -37.5000   37.5000 2255.0881   17.9605
   -7.5000  -30.0000   37.5000 2407.2617   15.8930
    0.0000  -30.0000   37.5000 2421.1604   15.8275
    7.5000  -30.0000   37.5000 2386.5352   16.1220
   -7.5000  -22.5000   37.5000 2530.4907   14.5522
    0.0000  -22.5000   37.5000 2540.5059   14.4618
    7.5000  -22.5000   37.5000 2503.0374   14.7392
   -7.5000  -15.0000   37.5000 2642.2407   13.5307
    0.0000  -15.0000   37.5000 2645.2256   13.4095
    7.5000  -15.0000   37.5000 2606.3088   13.7489
   -7.5000   -7.5000   37.5000 2723.8633   12.8047
    0.0000   -7.5000   37.5000 2726.6404   12.6515
    7.5000   -7.5000   37.5000 2688.2058   13.0199
   -7.5000    0.0000   37.5000 2774.8301   12.3478
    0.0000    0.0000   37.5000 2779.3862   12.2165
    7.5000    0.0000   37.5000 2748.9419   12.5264
   -7.5000    7.5000   37.5000 2802.9690   12.1727
    0.0000    7.5000   37.5000 2804.1882   12.0379
    7.5000    7.5000   37.5000 2776.4060   12.3212
   -7.5000   15.0000   37.5000 2792.8340   12.2902
    0.0000   15.0000   37.5000 2797.3848   12.1684
    7.5000   15.0000   37.5000 2762.5125   12.4165
   -7.5000   22.5000   37.5000 2740.0637   12.7831
    0.0000   22.5000   37.5000 2744.2400   12.6556
    7.5000   22.5000   37.5000 2706.5715   12.8674
   -7.5000   30.0000   37.5000 2661.0295   13.4063
    0.0000   30.0000   37.5000 2667.9841   13.3006
    7.5000   30.0000   37.5000 2636.3728   13.4841
   -7.5000   37.5000   37.5000 2572.2690   14.1659
    0.0000   37.5000   37.5000 2578.1182   14.1072
    7.5000   37.5000   37.5000 2546.6572   14.3041
   -7.5000   45.0000   37.5000 2460.6304   15.2184
    0.0000   45.0000   37.5000 2466.8413   15.1548
    7.5000   45.0000   37.5000 2436.3481   15.3207
   -7.5000  -45.0000   45.0000 2080.1887   21.0642
    0.0000  -45.0000   45.0000 2083.2747   21.0891
    7.5000  -45.0000   45.0000 2058.4717   21.3605
   -7.5000  -37.5000   45.0000 2229.1467   18.6449
    0.0000  -37.5000   45.0000 2243.2161   18.6455
    7.5000  -37.5000   45.0000 2204.1719   18.8910
   -7.5000  -30.0000   45.0000 2359.0588   16.7403
    0.0000  -30.0000   45.0000 2374.2441   16.7516
    7.5000  -30.0000   45.0000 2333.7876   17.0106
   -7.5000  -22.5000   45.0000 2475.5261   15.3638
    0.0000  -22.5000   45.0000 2486.2297   15.3346
    7.5000  -22.5000   45.0000 2445.0901   15.6024
   -7.5000  -15.0000   45.0000 2574.6562   14.3399
    0.0000  -15.0000   45.0000 2580.8042   14.2793
    7.5000  -15.0000   45.0000 2537.5864   14.5731
   -7.5000   -7.5000   45.0000 2649.4517   13.6286
    0.0000   -7.5000   45.0000 2655.4429   13.5526
    7.5000   -7.5000   45.0000 2612.0876   13.8484
   -7.5000    0.0000   45.0000 2689.9475   13.1530
    0.0000    0.0000   45.0000 2692.6064   13.0797
    7.5000    0.0000   45.0000 2662.4636   13.3358
   -7.5000    7.5000   45.0000 2705.1624   12.9697
    0.0000    7.5000   45.0000 2707.3418   12.8666
    7.5000    7.5000   45.0000 2684.7502   13.1261
   -7.5000   15.0000   45.0000 2693.8423   13.0335
    0.0000   15.0000   45.0000 2696.6133   12.9367
    7.5000   15.0000   45.0000 2670.8486   13.1720
   -7.5000   22.5000   45.0000 2653.7646   13.5026
    0.0000   22.5000   45.0000 2659.2937   13.3953
    7.5000   22.5000   45.0000 2622.7021   13.6120
   -7.5000   30.0000   45.0000 2581.5784   14.1447
    0.0000   30.0000   45.0000 2588.1848   14.0474
    7.5000   30.0000   45.0000 2556.7197   14.2520
   -7.5000   37.5000   45.0000 2497.2764   14.9162
    0.0000   37.5000   45.0000 2500.5515   14.8578
    7.5000   37.5000   45.0000 2475.4778   15.0548
   -7.5000   45.0000   45.0000 2391.7566   15.9919
    0.0000   45.0000   45.0000 2394.0476   15.9487
    7.5000   45.0000   45.0000 2368.4331   16.1007

---------------------------------------------------------------------
imgreg_4dfp /opt/freesurfer/average/711-2C_as_mni_average_305 /opt/freesurfer/average/711-2B_as_mni_average_305_mask talsrcimg_g11 none talsrcimg_to_711-2C_as_mni_average_305_t4 1283
---------------------------------------------------------------------

freesurfer imgreg_4dfp.c
/opt/freesurfer/average/711-2C_as_mni_average_305.4dfp.img
       256       256       256         1
  1.000000  1.000000  1.000000
orientation T byte_order littleendian
Reading image: /opt/freesurfer/average/711-2C_as_mni_average_305.4dfp.img
dimensions:      256       256       256
mmppix:       1.0000   -1.0000   -1.0000
center:     128.0000 -129.0000 -129.0000
/opt/freesurfer/average/711-2B_as_mni_average_305_mask.4dfp.img
       256       256       256         1
  1.000000  1.000000  1.000000
orientation T byte_order littleendian
Reading mask: /opt/freesurfer/average/711-2B_as_mni_average_305_mask.4dfp.img (2306576 pixels)
talsrcimg_g11.4dfp.img
       256       256       256         1
  1.000000  1.000000  1.000000
orientation T byte_order littleendian
Reading image: talsrcimg_g11.4dfp.img
dimensions:      256       256       256
mmppix:       1.0000   -1.0000   -1.0000
center:     128.0000 -129.0000 -129.0000
rotation matrix determinant  1.000000
fimgreg.f
image alignment mode   1283 decimal      503 hex
parameters
    0.0000    7.5000    7.5000    0.0000    0.0000    0.0000
eta,q 0.95086 10.50417
niter,ni,del,rscale     5    3   12.0000    1.2000
parameter  1  0.667828 ->  0.500000 qaram    1.1500
parameter  3 -0.617098 -> -0.500000 qaram    1.1500
parameters
   -3.4500   10.4673   10.9500   -0.9130    0.6272    1.4263
eta,q 0.95869 10.46187
  0.0507  0.0639  0.0540  0.0487  0.0497  0.0505
  0.0481  0.0581  0.0508  0.0440  0.0462  0.0475
  0.0484  0.0523  0.0477  0.0413  0.0429  0.0440
  0.0517  0.0473  0.0448  0.0420  0.0413  0.0416
  0.0570  0.0449  0.0426  0.0452  0.0424  0.0415
  0.0628  0.0455  0.0419  0.0489  0.0443  0.0430
  0.0667  0.0483  0.0444  0.0518  0.0468  0.0454
niter,ni,del,rscale     6    3   12.0000    1.2000
parameters
   -3.0067   11.4012   10.5634   -1.2325    0.7303    1.7670
eta,q 0.95852 10.46815
  0.0578  0.0594  0.0512  0.0504  0.0476  0.0482
  0.0506  0.0520  0.0474  0.0448  0.0444  0.0450
  0.0442  0.0446  0.0436  0.0414  0.0420  0.0421
  0.0413  0.0414  0.0415  0.0416  0.0414  0.0414
  0.0429  0.0425  0.0437  0.0438  0.0422  0.0422
  0.0466  0.0463  0.0492  0.0474  0.0443  0.0439
  0.0550  0.0509  0.0536  0.0509  0.0470  0.0468
niter,ni,del,rscale     5    3   12.0000    1.2000
parameters
   -2.9373   11.6562   10.5004   -1.3288    0.6859    1.8350
eta,q 0.95837 10.47539
  0.0564  0.0566  0.0520  0.0512  0.0473  0.0475
  0.0492  0.0484  0.0483  0.0454  0.0442  0.0444
  0.0433  0.0425  0.0442  0.0417  0.0421  0.0420
  0.0415  0.0415  0.0416  0.0417  0.0416  0.0416
  0.0432  0.0438  0.0431  0.0435  0.0425  0.0424
  0.0479  0.0482  0.0483  0.0469  0.0445  0.0442
  0.0564  0.0528  0.0529  0.0504  0.0472  0.0472
niter,ni,del,rscale     4    3   12.0000    1.2000
parameters
   -2.8998   11.7238   10.4893   -1.3622    0.6560    1.8525
eta,q 0.95833 10.47759
  0.0564  0.0558  0.0521  0.0514  0.0473  0.0474
  0.0492  0.0475  0.0485  0.0455  0.0442  0.0443
  0.0434  0.0421  0.0443  0.0418  0.0421  0.0420
  0.0416  0.0416  0.0417  0.0417  0.0417  0.0417
  0.0433  0.0442  0.0431  0.0434  0.0425  0.0425
  0.0482  0.0487  0.0482  0.0468  0.0445  0.0442
  0.0566  0.0533  0.0528  0.0503  0.0472  0.0472
niter,ni,del,rscale     3    3   12.0000    1.2000
parameters
   -2.8825   11.7428   10.4858   -1.3736    0.6433    1.8595
eta,q 0.95832 10.47810
  0.0563  0.0555  0.0521  0.0514  0.0473  0.0474
  0.0492  0.0472  0.0485  0.0456  0.0443  0.0443
  0.0434  0.0421  0.0443  0.0418  0.0421  0.0420
  0.0417  0.0417  0.0417  0.0417  0.0417  0.0417
  0.0434  0.0443  0.0430  0.0434  0.0425  0.0425
  0.0483  0.0489  0.0481  0.0468  0.0444  0.0443
  0.0567  0.0534  0.0528  0.0502  0.0472  0.0472
registration optimization eta report
parameter search radius
    6.9000    6.0000    6.9000    6.0000    6.0000    6.0000
100000*second partial in parameter space
       31.       35.       21.       26.       15.       16.
  0.0563  0.0555  0.0521  0.0514  0.0473  0.0474
  0.0492  0.0472  0.0485  0.0456  0.0443  0.0443
  0.0434  0.0421  0.0443  0.0418  0.0421  0.0420
  0.0417  0.0417  0.0417  0.0417  0.0417  0.0417
  0.0434  0.0443  0.0430  0.0434  0.0425  0.0425
  0.0483  0.0489  0.0481  0.0468  0.0444  0.0443
  0.0567  0.0534  0.0528  0.0502  0.0472  0.0472
   -2.8825   11.7428   10.4858   -1.3736    0.6433    1.8595
eta,q 0.95832 10.47810

---------------------------------------------------------------------
imgreg_4dfp /opt/freesurfer/average/711-2C_as_mni_average_305 /opt/freesurfer/average/711-2B_as_mni_average_305_mask talsrcimg_g11 none talsrcimg_to_711-2C_as_mni_average_305_t4 3335
---------------------------------------------------------------------

freesurfer imgreg_4dfp.c
/opt/freesurfer/average/711-2C_as_mni_average_305.4dfp.img
       256       256       256         1
  1.000000  1.000000  1.000000
orientation T byte_order littleendian
Reading image: /opt/freesurfer/average/711-2C_as_mni_average_305.4dfp.img
dimensions:      256       256       256
mmppix:       1.0000   -1.0000   -1.0000
center:     128.0000 -129.0000 -129.0000
/opt/freesurfer/average/711-2B_as_mni_average_305_mask.4dfp.img
       256       256       256         1
  1.000000  1.000000  1.000000
orientation T byte_order littleendian
Reading mask: /opt/freesurfer/average/711-2B_as_mni_average_305_mask.4dfp.img (2306576 pixels)
talsrcimg_g11.4dfp.img
       256       256       256         1
  1.000000  1.000000  1.000000
orientation T byte_order littleendian
Reading image: talsrcimg_g11.4dfp.img
dimensions:      256       256       256
mmppix:       1.0000   -1.0000   -1.0000
center:     128.0000 -129.0000 -129.0000
fimgreg.f
image alignment mode   3335 decimal      D07 hex
parameters
   -2.8825   11.7428   10.4858   -0.0590   -0.0805   -0.0350
   -3.2171   -1.1997    3.2447    2.3595    1.1228   -2.3970
eta,q 0.95956 10.52782
niter,ni,del,rscale     5    3    5.0000    1.2000
parameter  4  3.674729 ->  0.500000 qaram    1.1500
parameter  5  4.278065 ->  0.500000 qaram    1.1500
parameter  6  0.851679 ->  0.500000 qaram    1.1500
parameter 12  0.681037 ->  0.500000 qaram    1.1500
parameters
   -2.9755   11.9227   10.0970   -4.1990   -4.2205   -4.1750
   -4.0954   -0.9176    3.4561   -0.8807    0.6742   -6.5370
eta,q 0.97604 10.23472
  0.0422  0.0421  0.0413  0.0302  0.0253  0.0253  0.0275  0.0320  0.0276  0.0256  0.0263  0.0241
  0.0412  0.0413  0.0407  0.0323  0.0274  0.0251  0.0261  0.0288  0.0264  0.0247  0.0253  0.0239
  0.0407  0.0407  0.0404  0.0360  0.0300  0.0256  0.0253  0.0262  0.0255  0.0245  0.0247  0.0241
  0.0404  0.0405  0.0404  0.0404  0.0332  0.0281  0.0252  0.0251  0.0251  0.0251  0.0245  0.0245
  0.0406  0.0405  0.0407  0.0448  0.0363  0.0324  0.0258  0.0259  0.0253  0.0268  0.0249  0.0252
  0.0413  0.0409  0.0413  0.0494  0.0394  0.0371  0.0271  0.0281  0.0261  0.0293  0.0256  0.0262
  0.0427  0.0417  0.0422  0.0537  0.0430  0.0412  0.0289  0.0311  0.0274  0.0322  0.0267  0.0275
niter,ni,del,rscale     7    3    5.0000    1.2000
parameter  5  0.833759 ->  0.500000 qaram    1.3225
parameters
   -2.8273   10.9148    9.0896   -8.1427   -8.9815   -4.8416
   -4.0386   -0.9085    4.5300   -0.4747   -0.7886   -8.2012
eta,q 0.98029 10.09672
  0.0289  0.0244  0.0238  0.0236  0.0201  0.0232  0.0226  0.0246  0.0226  0.0234  0.0204  0.0209
  0.0264  0.0236  0.0232  0.0227  0.0196  0.0217  0.0212  0.0220  0.0213  0.0216  0.0200  0.0201
  0.0247  0.0235  0.0231  0.0220  0.0204  0.0207  0.0203  0.0204  0.0204  0.0204  0.0198  0.0197
  0.0240  0.0240  0.0235  0.0231  0.0222  0.0197  0.0199  0.0199  0.0199  0.0199  0.0199  0.0198
  0.0243  0.0249  0.0243  0.0264  0.0247  0.0193  0.0202  0.0204  0.0199  0.0201  0.0201  0.0203
  0.0257  0.0264  0.0255  0.0309  0.0279  0.0216  0.0211  0.0219  0.0204  0.0210  0.0205  0.0211
  0.0278  0.0282  0.0271  0.0363  0.0312  0.0264  0.0226  0.0246  0.0214  0.0228  0.0212  0.0222
niter,ni,del,rscale     7    3    5.0000    1.2000
parameters
   -2.6259   11.3562    9.4559   -8.3912  -10.8741   -4.4438
   -4.4725   -0.7085    4.8358   -0.0999   -1.3028   -9.1977
eta,q 0.98079 10.04566
  0.0238  0.0237  0.0216  0.0231  0.0229  0.0234  0.0217  0.0242  0.0215  0.0227  0.0202  0.0207
  0.0217  0.0218  0.0206  0.0217  0.0209  0.0218  0.0204  0.0215  0.0203  0.0209  0.0196  0.0198
  0.0203  0.0204  0.0199  0.0205  0.0196  0.0204  0.0195  0.0198  0.0196  0.0197  0.0193  0.0193
  0.0197  0.0197  0.0196  0.0195  0.0196  0.0194  0.0193  0.0193  0.0193  0.0193  0.0193  0.0193
  0.0199  0.0196  0.0196  0.0193  0.0212  0.0187  0.0197  0.0197  0.0194  0.0195  0.0195  0.0197
  0.0209  0.0203  0.0199  0.0212  0.0236  0.0200  0.0208  0.0212  0.0201  0.0205  0.0198  0.0205
  0.0227  0.0216  0.0207  0.0246  0.0271  0.0239  0.0224  0.0237  0.0212  0.0220  0.0204  0.0215
niter,ni,del,rscale     6    3    5.0000    1.2000
parameters
   -2.5895   11.5790    9.4529   -8.1434  -11.2052   -4.5291
   -4.5651   -0.6162    4.8956    0.3172   -1.4302   -9.5825
eta,q 0.98087 10.04512
  0.0228  0.0227  0.0208  0.0231  0.0240  0.0231  0.0218  0.0241  0.0212  0.0226  0.0203  0.0209
  0.0209  0.0209  0.0199  0.0215  0.0216  0.0214  0.0204  0.0214  0.0201  0.0208  0.0196  0.0199
  0.0197  0.0197  0.0194  0.0203  0.0199  0.0201  0.0195  0.0197  0.0194  0.0196  0.0192  0.0193
  0.0192  0.0192  0.0192  0.0192  0.0191  0.0191  0.0191  0.0191  0.0191  0.0191  0.0191  0.0191
  0.0195  0.0194  0.0194  0.0188  0.0199  0.0186  0.0195  0.0197  0.0193  0.0194  0.0193  0.0194
  0.0207  0.0202  0.0199  0.0204  0.0220  0.0204  0.0205  0.0213  0.0200  0.0204  0.0197  0.0202
  0.0227  0.0216  0.0209  0.0235  0.0248  0.0246  0.0220  0.0238  0.0212  0.0218  0.0203  0.0212
niter,ni,del,rscale     5    3    5.0000    1.2000
parameters
   -2.5856   11.6679    9.3735   -8.0453  -11.2532   -4.5652
   -4.5753   -0.5908    4.8991    0.5671   -1.4600   -9.7526
eta,q 0.98090 10.04845
  0.0227  0.0223  0.0207  0.0230  0.0242  0.0231  0.0219  0.0240  0.0211  0.0224  0.0203  0.0210
  0.0208  0.0206  0.0198  0.0214  0.0218  0.0214  0.0204  0.0213  0.0201  0.0206  0.0196  0.0199
  0.0196  0.0195  0.0193  0.0202  0.0200  0.0201  0.0195  0.0197  0.0194  0.0195  0.0192  0.0193
  0.0191  0.0191  0.0191  0.0191  0.0191  0.0191  0.0191  0.0191  0.0191  0.0191  0.0191  0.0191
  0.0195  0.0194  0.0193  0.0188  0.0198  0.0186  0.0194  0.0197  0.0193  0.0194  0.0193  0.0194
  0.0207  0.0203  0.0199  0.0206  0.0218  0.0203  0.0204  0.0213  0.0200  0.0204  0.0197  0.0201
  0.0228  0.0218  0.0209  0.0237  0.0245  0.0245  0.0219  0.0239  0.0212  0.0218  0.0202  0.0211
niter,ni,del,rscale     4    3    5.0000    1.2000
parameters
   -2.5871   11.7064    9.3250   -8.0099  -11.2720   -4.5753
   -4.5678   -0.5851    4.8980    0.6942   -1.4820   -9.8308
eta,q 0.98091 10.05013
  0.0227  0.0221  0.0207  0.0229  0.0242  0.0231  0.0219  0.0240  0.0211  0.0222  0.0203  0.0210
  0.0208  0.0205  0.0198  0.0214  0.0218  0.0215  0.0204  0.0213  0.0200  0.0205  0.0196  0.0200
  0.0195  0.0195  0.0193  0.0202  0.0200  0.0201  0.0195  0.0196  0.0194  0.0194  0.0192  0.0193
  0.0191  0.0191  0.0191  0.0191  0.0191  0.0191  0.0191  0.0191  0.0191  0.0191  0.0191  0.0191
  0.0195  0.0194  0.0193  0.0188  0.0197  0.0185  0.0194  0.0196  0.0193  0.0195  0.0193  0.0193
  0.0207  0.0204  0.0199  0.0206  0.0217  0.0203  0.0204  0.0213  0.0200  0.0205  0.0196  0.0200
  0.0228  0.0219  0.0209  0.0238  0.0244  0.0245  0.0219  0.0240  0.0211  0.0219  0.0202  0.0210
niter,ni,del,rscale     3    3    5.0000    1.2000
parameters
   -2.5880   11.7273    9.3008   -7.9924  -11.2809   -4.5815
   -4.5685   -0.5809    4.8994    0.7569   -1.4955   -9.8690
eta,q 0.98091 10.05097
  0.0227  0.0221  0.0207  0.0229  0.0242  0.0231  0.0219  0.0240  0.0211  0.0221  0.0203  0.0210
  0.0208  0.0204  0.0198  0.0214  0.0218  0.0215  0.0204  0.0213  0.0200  0.0205  0.0196  0.0200
  0.0195  0.0194  0.0193  0.0202  0.0200  0.0201  0.0195  0.0196  0.0194  0.0194  0.0192  0.0193
  0.0191  0.0191  0.0191  0.0191  0.0191  0.0191  0.0191  0.0191  0.0191  0.0191  0.0191  0.0191
  0.0195  0.0194  0.0193  0.0189  0.0197  0.0185  0.0194  0.0196  0.0193  0.0195  0.0193  0.0193
  0.0207  0.0204  0.0199  0.0207  0.0217  0.0203  0.0204  0.0213  0.0200  0.0205  0.0196  0.0200
  0.0228  0.0219  0.0208  0.0238  0.0244  0.0245  0.0219  0.0240  0.0211  0.0219  0.0202  0.0210
niter,ni,del,rscale     2    3    5.0000    1.2000
parameters
   -2.5875   11.7373    9.2908   -7.9874  -11.2891   -4.5867
   -4.5728   -0.5777    4.9020    0.7858   -1.4938   -9.8958
eta,q 0.98090 10.05105
  0.0227  0.0220  0.0207  0.0229  0.0242  0.0231  0.0219  0.0240  0.0211  0.0221  0.0203  0.0210
  0.0208  0.0204  0.0198  0.0214  0.0218  0.0215  0.0204  0.0213  0.0200  0.0204  0.0196  0.0200
  0.0195  0.0194  0.0193  0.0202  0.0200  0.0201  0.0195  0.0196  0.0194  0.0194  0.0192  0.0193
  0.0191  0.0191  0.0191  0.0191  0.0191  0.0191  0.0191  0.0191  0.0191  0.0191  0.0191  0.0191
  0.0195  0.0195  0.0193  0.0189  0.0197  0.0185  0.0194  0.0197  0.0193  0.0195  0.0193  0.0193
  0.0207  0.0204  0.0198  0.0207  0.0217  0.0203  0.0204  0.0213  0.0200  0.0205  0.0196  0.0200
  0.0228  0.0219  0.0208  0.0238  0.0244  0.0245  0.0219  0.0240  0.0211  0.0220  0.0202  0.0210
registration optimization eta report
parameter search radius
    2.4000    2.4000    2.4000    8.2800    9.5220    8.2800
    7.2000    7.2000    7.2000    7.2000    7.2000    8.2800
100000*second partial in parameter space
       64.       50.       29.        6.        6.        7.
        5.        9.        4.        6.        2.        3.
  0.0227  0.0220  0.0207  0.0229  0.0242  0.0231  0.0219  0.0240  0.0211  0.0221  0.0203  0.0210
  0.0208  0.0204  0.0198  0.0214  0.0218  0.0215  0.0204  0.0213  0.0200  0.0204  0.0196  0.0200
  0.0195  0.0194  0.0193  0.0202  0.0200  0.0201  0.0195  0.0196  0.0194  0.0194  0.0192  0.0193
  0.0191  0.0191  0.0191  0.0191  0.0191  0.0191  0.0191  0.0191  0.0191  0.0191  0.0191  0.0191
  0.0195  0.0195  0.0193  0.0189  0.0197  0.0185  0.0194  0.0197  0.0193  0.0195  0.0193  0.0193
  0.0207  0.0204  0.0198  0.0207  0.0217  0.0203  0.0204  0.0213  0.0200  0.0205  0.0196  0.0200
  0.0228  0.0219  0.0208  0.0238  0.0244  0.0245  0.0219  0.0240  0.0211  0.0220  0.0202  0.0210
   -2.5875   11.7373    9.2908   -7.9874  -11.2891   -4.5867
   -4.5728   -0.5777    4.9020    0.7858   -1.4938   -9.8958
eta,q 0.98090 10.05105

---------------------------------------------------------------------
imgreg_4dfp /opt/freesurfer/average/711-2C_as_mni_average_305 /opt/freesurfer/average/711-2B_as_mni_average_305_mask talsrcimg_g11 none talsrcimg_to_711-2C_as_mni_average_305_t4 2311
---------------------------------------------------------------------

freesurfer imgreg_4dfp.c
/opt/freesurfer/average/711-2C_as_mni_average_305.4dfp.img
       256       256       256         1
  1.000000  1.000000  1.000000
orientation T byte_order littleendian
Reading image: /opt/freesurfer/average/711-2C_as_mni_average_305.4dfp.img
dimensions:      256       256       256
mmppix:       1.0000   -1.0000   -1.0000
center:     128.0000 -129.0000 -129.0000
/opt/freesurfer/average/711-2B_as_mni_average_305_mask.4dfp.img
       256       256       256         1
  1.000000  1.000000  1.000000
orientation T byte_order littleendian
Reading mask: /opt/freesurfer/average/711-2B_as_mni_average_305_mask.4dfp.img (2306576 pixels)
talsrcimg_g11.4dfp.img
       256       256       256         1
  1.000000  1.000000  1.000000
orientation T byte_order littleendian
Reading image: talsrcimg_g11.4dfp.img
dimensions:      256       256       256
mmppix:       1.0000   -1.0000   -1.0000
center:     128.0000 -129.0000 -129.0000
fimgreg.f
image alignment mode   2311 decimal      907 hex
parameters
   -2.5875   11.7373    9.2908   -7.9874  -11.2891   -4.5867
   -4.5728   -0.5777    4.9020    0.7858   -1.4938   -9.8958
eta,q 0.98090 10.05105
niter,ni,del,rscale     5    3    5.0000    0.8000
parameters
   -2.5759   11.7248    9.2915   -6.7871  -11.2000   -3.2947
   -4.6568   -0.4672    4.5859    1.3432   -1.3903   -9.4107
eta,q 0.98157 10.12845
  0.0208  0.0204  0.0198  0.0211  0.0205  0.0208  0.0199  0.0215  0.0193  0.0203  0.0193  0.0193
  0.0198  0.0197  0.0194  0.0204  0.0197  0.0200  0.0191  0.0200  0.0189  0.0194  0.0188  0.0189
  0.0193  0.0192  0.0192  0.0197  0.0191  0.0193  0.0186  0.0189  0.0186  0.0188  0.0185  0.0186
  0.0191  0.0191  0.0191  0.0191  0.0188  0.0188  0.0185  0.0185  0.0185  0.0185  0.0184  0.0184
  0.0193  0.0193  0.0192  0.0188  0.0189  0.0184  0.0187  0.0187  0.0186  0.0185  0.0185  0.0185
  0.0198  0.0197  0.0194  0.0190  0.0195  0.0185  0.0192  0.0197  0.0190  0.0189  0.0188  0.0187
  0.0207  0.0204  0.0198  0.0200  0.0205  0.0196  0.0200  0.0213  0.0196  0.0196  0.0192  0.0190
niter,ni,del,rscale     4    3    5.0000    0.7000
parameters
   -2.6461   11.5788    9.1941   -6.8897  -11.0353   -3.1430
   -4.4505   -0.4965    4.6118    1.2592   -1.3057   -9.2083
eta,q 0.98163 10.13511
  0.0198  0.0193  0.0190  0.0200  0.0199  0.0201  0.0196  0.0207  0.0191  0.0195  0.0190  0.0190
  0.0190  0.0188  0.0187  0.0193  0.0192  0.0194  0.0190  0.0195  0.0187  0.0189  0.0187  0.0187
  0.0186  0.0185  0.0184  0.0188  0.0187  0.0189  0.0185  0.0187  0.0185  0.0185  0.0185  0.0184
  0.0184  0.0184  0.0184  0.0184  0.0184  0.0184  0.0184  0.0184  0.0184  0.0184  0.0184  0.0184
  0.0187  0.0186  0.0185  0.0185  0.0185  0.0183  0.0185  0.0186  0.0185  0.0185  0.0184  0.0184
  0.0192  0.0191  0.0188  0.0192  0.0190  0.0188  0.0188  0.0195  0.0187  0.0190  0.0187  0.0186
  0.0201  0.0197  0.0192  0.0204  0.0198  0.0202  0.0194  0.0208  0.0191  0.0197  0.0190  0.0189
niter,ni,del,rscale     3    3    5.0000    0.6000
parameters
   -2.6590   11.5254    9.2056   -6.8095  -10.9692   -2.9250
   -4.4428   -0.4904    4.5955    1.2584   -1.2950   -9.0757
eta,q 0.98169 10.14343
  0.0195  0.0191  0.0189  0.0197  0.0195  0.0197  0.0192  0.0202  0.0189  0.0192  0.0188  0.0188
  0.0189  0.0187  0.0186  0.0191  0.0189  0.0192  0.0187  0.0192  0.0186  0.0188  0.0185  0.0185
  0.0185  0.0184  0.0184  0.0187  0.0185  0.0187  0.0184  0.0185  0.0184  0.0184  0.0184  0.0184
  0.0184  0.0184  0.0184  0.0184  0.0184  0.0184  0.0183  0.0183  0.0183  0.0183  0.0183  0.0183
  0.0185  0.0185  0.0184  0.0184  0.0185  0.0182  0.0184  0.0185  0.0184  0.0184  0.0184  0.0183
  0.0189  0.0188  0.0186  0.0189  0.0188  0.0187  0.0187  0.0191  0.0186  0.0187  0.0185  0.0185
  0.0195  0.0192  0.0189  0.0198  0.0194  0.0197  0.0191  0.0202  0.0189  0.0193  0.0188  0.0187
niter,ni,del,rscale     2    3    5.0000    0.5000
parameters
   -2.6667   11.4812    9.2115   -6.7357  -10.9266   -2.7226
   -4.4266   -0.4707    4.5904    1.2847   -1.2724   -8.9833
eta,q 0.98174 10.15055
  0.0191  0.0188  0.0187  0.0193  0.0191  0.0193  0.0189  0.0196  0.0187  0.0190  0.0186  0.0186
  0.0187  0.0185  0.0185  0.0189  0.0187  0.0189  0.0185  0.0189  0.0184  0.0186  0.0184  0.0184
  0.0184  0.0184  0.0184  0.0185  0.0184  0.0186  0.0183  0.0184  0.0183  0.0184  0.0183  0.0183
  0.0183  0.0183  0.0183  0.0183  0.0183  0.0183  0.0183  0.0183  0.0183  0.0183  0.0183  0.0183
  0.0184  0.0184  0.0184  0.0183  0.0184  0.0182  0.0183  0.0184  0.0183  0.0183  0.0183  0.0183
  0.0187  0.0186  0.0185  0.0187  0.0186  0.0186  0.0185  0.0189  0.0184  0.0186  0.0184  0.0184
  0.0191  0.0189  0.0187  0.0193  0.0191  0.0193  0.0189  0.0196  0.0187  0.0190  0.0186  0.0185
niter,ni,del,rscale     1    3    5.0000    0.4000
parameters
   -2.6764   11.4472    9.2235   -6.6785  -10.8959   -2.5453
   -4.4028   -0.4556    4.5758    1.3178   -1.2699   -8.9248
eta,q 0.98176 10.15609
  0.0188  0.0186  0.0185  0.0189  0.0188  0.0190  0.0186  0.0191  0.0185  0.0187  0.0185  0.0184
  0.0185  0.0184  0.0184  0.0186  0.0185  0.0187  0.0184  0.0187  0.0183  0.0185  0.0183  0.0183
  0.0183  0.0183  0.0183  0.0184  0.0183  0.0185  0.0183  0.0183  0.0183  0.0183  0.0183  0.0183
  0.0183  0.0183  0.0183  0.0183  0.0183  0.0183  0.0182  0.0182  0.0182  0.0182  0.0182  0.0182
  0.0183  0.0183  0.0183  0.0183  0.0183  0.0182  0.0183  0.0183  0.0183  0.0183  0.0183  0.0183
  0.0185  0.0184  0.0184  0.0185  0.0185  0.0184  0.0184  0.0186  0.0183  0.0184  0.0183  0.0183
  0.0188  0.0187  0.0185  0.0189  0.0188  0.0189  0.0186  0.0191  0.0185  0.0187  0.0185  0.0184
registration optimization eta report
parameter search radius
    0.8000    0.8000    0.8000    2.4000    2.4000    2.4000
    2.4000    2.4000    2.4000    2.4000    2.4000    2.4000
100000*second partial in parameter space
       84.       57.       43.       12.        9.       12.
        7.       16.        5.        8.        4.        3.
  0.0188  0.0186  0.0185  0.0189  0.0188  0.0190  0.0186  0.0191  0.0185  0.0187  0.0185  0.0184
  0.0185  0.0184  0.0184  0.0186  0.0185  0.0187  0.0184  0.0187  0.0183  0.0185  0.0183  0.0183
  0.0183  0.0183  0.0183  0.0184  0.0183  0.0185  0.0183  0.0183  0.0183  0.0183  0.0183  0.0183
  0.0183  0.0183  0.0183  0.0183  0.0183  0.0183  0.0182  0.0182  0.0182  0.0182  0.0182  0.0182
  0.0183  0.0183  0.0183  0.0183  0.0183  0.0182  0.0183  0.0183  0.0183  0.0183  0.0183  0.0183
  0.0185  0.0184  0.0184  0.0185  0.0185  0.0184  0.0184  0.0186  0.0183  0.0184  0.0183  0.0183
  0.0188  0.0187  0.0185  0.0189  0.0188  0.0189  0.0186  0.0191  0.0185  0.0187  0.0185  0.0184
   -2.6764   11.4472    9.2235   -6.6785  -10.8959   -2.5453
   -4.4028   -0.4556    4.5758    1.3178   -1.2699   -8.9248
eta,q 0.98176 10.15609

---------------------------------------------------------------------
imgreg_4dfp /opt/freesurfer/average/711-2C_as_mni_average_305 /opt/freesurfer/average/711-2B_as_mni_average_305_mask talsrcimg_g11 none talsrcimg_to_711-2C_as_mni_average_305_t4 2311
---------------------------------------------------------------------

freesurfer imgreg_4dfp.c
/opt/freesurfer/average/711-2C_as_mni_average_305.4dfp.img
       256       256       256         1
  1.000000  1.000000  1.000000
orientation T byte_order littleendian
Reading image: /opt/freesurfer/average/711-2C_as_mni_average_305.4dfp.img
dimensions:      256       256       256
mmppix:       1.0000   -1.0000   -1.0000
center:     128.0000 -129.0000 -129.0000
/opt/freesurfer/average/711-2B_as_mni_average_305_mask.4dfp.img
       256       256       256         1
  1.000000  1.000000  1.000000
orientation T byte_order littleendian
Reading mask: /opt/freesurfer/average/711-2B_as_mni_average_305_mask.4dfp.img (2306576 pixels)
talsrcimg_g11.4dfp.img
       256       256       256         1
  1.000000  1.000000  1.000000
orientation T byte_order littleendian
Reading image: talsrcimg_g11.4dfp.img
dimensions:      256       256       256
mmppix:       1.0000   -1.0000   -1.0000
center:     128.0000 -129.0000 -129.0000
fimgreg.f
image alignment mode   2311 decimal      907 hex
parameters
   -2.6764   11.4472    9.2235   -6.6785  -10.8959   -2.5453
   -4.4028   -0.4556    4.5758    1.3178   -1.2699   -8.9248
eta,q 0.98176 10.15609
niter,ni,del,rscale     5    3    5.0000    0.8000
parameters
   -2.6833   11.4312    9.2687   -7.2137  -10.9909   -3.0916
   -4.3643   -0.5771    4.6585    0.9267   -1.2879   -9.0633
eta,q 0.98158 10.12747
  0.0203  0.0196  0.0194  0.0200  0.0200  0.0202  0.0199  0.0212  0.0194  0.0198  0.0192  0.0191
  0.0192  0.0189  0.0188  0.0192  0.0192  0.0194  0.0191  0.0197  0.0189  0.0190  0.0188  0.0187
  0.0185  0.0184  0.0184  0.0186  0.0186  0.0188  0.0186  0.0187  0.0186  0.0185  0.0185  0.0185
  0.0182  0.0182  0.0182  0.0182  0.0183  0.0183  0.0184  0.0184  0.0184  0.0184  0.0184  0.0184
  0.0185  0.0184  0.0183  0.0185  0.0185  0.0185  0.0186  0.0188  0.0185  0.0187  0.0185  0.0185
  0.0192  0.0189  0.0187  0.0196  0.0192  0.0198  0.0190  0.0199  0.0188  0.0193  0.0188  0.0188
  0.0204  0.0197  0.0193  0.0214  0.0202  0.0220  0.0198  0.0216  0.0194  0.0203  0.0192  0.0192
niter,ni,del,rscale     4    3    5.0000    0.7000
parameters
   -2.6565   11.4861    9.2718   -7.0101  -11.0073   -3.0969
   -4.4793   -0.5421    4.6457    1.0187   -1.3007   -9.0800
eta,q 0.98162 10.13225
  0.0200  0.0196  0.0192  0.0201  0.0198  0.0200  0.0194  0.0208  0.0191  0.0197  0.0190  0.0189
  0.0191  0.0190  0.0187  0.0194  0.0191  0.0194  0.0188  0.0195  0.0187  0.0190  0.0187  0.0186
  0.0186  0.0186  0.0185  0.0188  0.0186  0.0188  0.0185  0.0187  0.0185  0.0186  0.0185  0.0184
  0.0184  0.0184  0.0184  0.0184  0.0184  0.0184  0.0184  0.0184  0.0184  0.0184  0.0184  0.0184
  0.0186  0.0185  0.0185  0.0184  0.0185  0.0183  0.0185  0.0186  0.0185  0.0185  0.0185  0.0184
  0.0191  0.0189  0.0188  0.0189  0.0190  0.0190  0.0189  0.0194  0.0187  0.0189  0.0187  0.0186
  0.0199  0.0194  0.0192  0.0201  0.0199  0.0204  0.0196  0.0207  0.0192  0.0196  0.0190  0.0190
niter,ni,del,rscale     3    3    5.0000    0.6000
parameters
   -2.6566   11.4920    9.2486   -6.8392  -10.9725   -2.9271
   -4.4730   -0.4984    4.6080    1.1522   -1.2961   -9.0286
eta,q 0.98169 10.14189
  0.0195  0.0192  0.0189  0.0197  0.0194  0.0197  0.0192  0.0202  0.0189  0.0193  0.0188  0.0188
  0.0189  0.0187  0.0186  0.0192  0.0189  0.0192  0.0187  0.0192  0.0186  0.0188  0.0186  0.0185
  0.0185  0.0185  0.0184  0.0187  0.0185  0.0187  0.0184  0.0186  0.0184  0.0185  0.0184  0.0184
  0.0184  0.0184  0.0184  0.0184  0.0184  0.0184  0.0183  0.0183  0.0183  0.0183  0.0183  0.0183
  0.0185  0.0185  0.0185  0.0184  0.0185  0.0183  0.0184  0.0185  0.0184  0.0184  0.0184  0.0184
  0.0189  0.0187  0.0187  0.0188  0.0188  0.0187  0.0187  0.0191  0.0186  0.0187  0.0185  0.0185
  0.0195  0.0192  0.0190  0.0197  0.0195  0.0197  0.0192  0.0201  0.0189  0.0192  0.0188  0.0187
niter,ni,del,rscale     2    3    5.0000    0.5000
parameters
   -2.6666   11.4692    9.2320   -6.7409  -10.9304   -2.7283
   -4.4407   -0.4713    4.5929    1.2421   -1.2767   -8.9509
eta,q 0.98173 10.15012
  0.0191  0.0189  0.0187  0.0193  0.0191  0.0193  0.0189  0.0196  0.0187  0.0190  0.0186  0.0186
  0.0187  0.0185  0.0185  0.0189  0.0187  0.0189  0.0185  0.0189  0.0184  0.0186  0.0184  0.0184
  0.0184  0.0184  0.0184  0.0185  0.0184  0.0186  0.0183  0.0184  0.0183  0.0184  0.0183  0.0183
  0.0183  0.0183  0.0183  0.0183  0.0183  0.0183  0.0183  0.0183  0.0183  0.0183  0.0183  0.0183
  0.0184  0.0184  0.0184  0.0183  0.0184  0.0182  0.0183  0.0184  0.0183  0.0183  0.0183  0.0183
  0.0187  0.0186  0.0185  0.0187  0.0186  0.0186  0.0185  0.0189  0.0184  0.0185  0.0184  0.0184
  0.0191  0.0189  0.0187  0.0193  0.0191  0.0193  0.0189  0.0196  0.0187  0.0189  0.0186  0.0186
niter,ni,del,rscale     1    3    5.0000    0.4000
parameters
   -2.6731   11.4418    9.2302   -6.6778  -10.8915   -2.5430
   -4.4216   -0.4526    4.5780    1.2881   -1.2623   -8.9115
eta,q 0.98177 10.15601
  0.0188  0.0186  0.0185  0.0189  0.0188  0.0190  0.0186  0.0191  0.0185  0.0187  0.0185  0.0184
  0.0185  0.0184  0.0184  0.0186  0.0185  0.0187  0.0184  0.0187  0.0183  0.0185  0.0184  0.0183
  0.0183  0.0183  0.0183  0.0184  0.0183  0.0185  0.0183  0.0183  0.0183  0.0183  0.0183  0.0183
  0.0183  0.0183  0.0183  0.0183  0.0183  0.0183  0.0182  0.0182  0.0182  0.0182  0.0182  0.0182
  0.0183  0.0183  0.0183  0.0183  0.0183  0.0182  0.0183  0.0183  0.0183  0.0183  0.0183  0.0183
  0.0185  0.0184  0.0184  0.0185  0.0185  0.0184  0.0184  0.0186  0.0183  0.0184  0.0183  0.0183
  0.0188  0.0187  0.0185  0.0189  0.0188  0.0189  0.0186  0.0191  0.0185  0.0187  0.0185  0.0184
registration optimization eta report
parameter search radius
    0.8000    0.8000    0.8000    2.4000    2.4000    2.4000
    2.4000    2.4000    2.4000    2.4000    2.4000    2.4000
100000*second partial in parameter space
       84.       57.       43.       12.        9.       12.
        7.       16.        5.        8.        4.        3.
  0.0188  0.0186  0.0185  0.0189  0.0188  0.0190  0.0186  0.0191  0.0185  0.0187  0.0185  0.0184
  0.0185  0.0184  0.0184  0.0186  0.0185  0.0187  0.0184  0.0187  0.0183  0.0185  0.0184  0.0183
  0.0183  0.0183  0.0183  0.0184  0.0183  0.0185  0.0183  0.0183  0.0183  0.0183  0.0183  0.0183
  0.0183  0.0183  0.0183  0.0183  0.0183  0.0183  0.0182  0.0182  0.0182  0.0182  0.0182  0.0182
  0.0183  0.0183  0.0183  0.0183  0.0183  0.0182  0.0183  0.0183  0.0183  0.0183  0.0183  0.0183
  0.0185  0.0184  0.0184  0.0185  0.0185  0.0184  0.0184  0.0186  0.0183  0.0184  0.0183  0.0183
  0.0188  0.0187  0.0185  0.0189  0.0188  0.0189  0.0186  0.0191  0.0185  0.0187  0.0185  0.0184
   -2.6731   11.4418    9.2302   -6.6778  -10.8915   -2.5430
   -4.4216   -0.4526    4.5780    1.2881   -1.2623   -8.9115
eta,q 0.98177 10.15601

---------------------------------------------------------------------
compute_vox2vox talsrcimg talsrcimg_to_711-2C_as_mni_average_305_t4 /opt/freesurfer/average/711-2C_as_mni_average_305
---------------------------------------------------------------------

freesurfer compute_vox2vox.c
Reading: talsrcimg.4dfp.ifh
Reading: talsrcimg_to_711-2C_as_mni_average_305_t4
Reading: /opt/freesurfer/average/711-2C_as_mni_average_305.4dfp.ifh
Writing: talsrcimg_to_711-2C_as_mni_average_305_t4_vox2vox.txt

start time Wed Mar 11 14:12:58 CET 2026
end		time Wed Mar 11 14:14:27 CET 2026

mpr2mni305 success

avi2talxfm orig_nu.mgz /opt/freesurfer/average/mni305.cor.mgz talsrcimg_to_711-2C_as_mni_average_305_t4_vox2vox.txt transforms/talairach.auto.xfm
avi2talxfm done
mv -f /out/sourcedata/freesurfer/sub-v2s18x29514_ses-1/mri/talsrcimg_to_711-2C_as_mni_average_305_t4_vox2vox.txt /out/sourcedata/freesurfer/sub-v2s18x29514_ses-1/mri/transforms/talsrcimg_to_711-2C_as_mni_average_305_t4_vox2vox.txt
lta_convert --src orig_nu.mgz --trg /opt/freesurfer/average/mni305.cor.mgz --inxfm transforms/talairach.auto.xfm --outlta transforms/talairach.auto.xfm.lta --subject fsaverage
7.3.2

--src: orig_nu.mgz src image (geometry).
--trg: /opt/freesurfer/average/mni305.cor.mgz trg image (geometry).
--inmni: transforms/talairach.auto.xfm input MNI/XFM transform.
--outlta: transforms/talairach.auto.xfm.lta output LTA.
--s: fsaverage subject name
 LTA read, type : 1
 1.06899   0.00426   0.05347   0.58815;
 0.00881   1.02477   0.10292  -31.66862;
-0.05505  -0.01503   1.11799  -16.83076;
 0.00000   0.00000   0.00000   1.00000;
setting subject to fsaverage
Writing  LTA to file transforms/talairach.auto.xfm.lta...
lta_convert successful.
 
 
Started at Wed Mar 11 14:12:57 CET 2026
Ended   at Wed Mar 11 14:14:27 CET 2026
talairach_avi done
