/out/sourcedata/freesurfer/sub-v2s18x29518_ses-1/mri
/opt/freesurfer/bin/talairach_avi
--i orig_nu.mgz --xfm transforms/talairach.auto.xfm
talairach_avi 7.3.2
Linux dna020 5.14.0-427.37.1.el9_4.x86_64 #1 SMP PREEMPT_DYNAMIC Fri Sep 13 12:41:50 EDT 2024 x86_64 x86_64 x86_64 GNU/Linux
Wed Mar 11 14:25:00 CET 2026
mri_convert orig_nu.mgz talsrcimg.img 
reading from orig_nu.mgz...
TR=0.00, TE=0.00, TI=0.00, flip angle=0.00
i_ras = (-1, 0, 0)
j_ras = (0, 0, -1)
k_ras = (0, 1, 0)
writing to talsrcimg.img...
Analyze Output Matrix
-1.00000   0.00000   0.00000   132.21292;
 0.00000   0.00000   1.00000  -86.83800;
 0.00000  -1.00000   0.00000   105.07707;
 0.00000   0.00000   0.00000   1.00000;
--------------------
INFO: set hdr.hist.orient to -1
mpr2mni305 talsrcimg
Wed Mar 11 14:25:01 CET 2026
/opt/freesurfer/bin/mpr2mni305 talsrcimg
mpr2mni305 7.3.2
target=711-2C_as_mni_average_305

---------------------------------------------------------------------
analyzeto4dfp talsrcimg -O0 -y
---------------------------------------------------------------------

freesurfer ifh2hdr.c
Wed Mar 11 14:25:01 2026
Writing: talsrcimg.4dfp.hdr
freesurfer analyzeto4dfp.c
Reading: talsrcimg.hdr
header size 348 bytes
hdr.dime.datatype	offset=70	value=2
hdr.dime.bitpix		offset=72	value=8
hdr.hist.orient		offset=252	value=-1
dimensionality     4
dimensions       256       256       256         1
Reading: talsrcimg.img
Writing: talsrcimg.4dfp.img
Writing: talsrcimg.4dfp.ifh
ifh2hdr talsrcimg -r0to195
ori=2

---------------------------------------------------------------------
gauss_4dfp talsrcimg 1.1
---------------------------------------------------------------------

freesurfer gauss_4dfp.c
Reading: talsrcimg.4dfp.img
Writing: talsrcimg_g11.4dfp.img
image dimensions 256 256 256 padded to 288 288 288
processing volume 1freesurfer ifh2hdr.c
Wed Mar 11 14:25:03 2026
Writing: talsrcimg_g11.4dfp.hdr

Writing: talsrcimg_g11.4dfp.ifh
including: talsrcimg.4dfp.img.rec in talsrcimg_g11.4dfp.img.rec

---------------------------------------------------------------------
imgreg_4dfp /opt/freesurfer/average/711-2C_as_mni_average_305 none talsrcimg_g11 none talsrcimg_to_711-2C_as_mni_average_305_t4 4355
---------------------------------------------------------------------

freesurfer imgreg_4dfp.c
/opt/freesurfer/average/711-2C_as_mni_average_305.4dfp.img
       256       256       256         1
  1.000000  1.000000  1.000000
orientation T byte_order littleendian
Reading image: /opt/freesurfer/average/711-2C_as_mni_average_305.4dfp.img
dimensions:      256       256       256
mmppix:       1.0000   -1.0000   -1.0000
center:     128.0000 -129.0000 -129.0000
talsrcimg_g11.4dfp.img
       256       256       256         1
  1.000000  1.000000  1.000000
orientation T byte_order littleendian
Reading image: talsrcimg_g11.4dfp.img
dimensions:      256       256       256
mmppix:       1.0000   -1.0000   -1.0000
center:     128.0000 -129.0000 -129.0000
t4_read: open error in t4_sub.f l:  41 t4_file(1:l)talsrcimg_to_711-2C_as_mni_average_305_t4 
t4_read: transform initialized to I4
rotation matrix determinant  1.000000
image alignment mode   4355 decimal     1103 hex
   -7.5000  -45.0000  -45.0000 6488.1411   20.3687
    0.0000  -45.0000  -45.0000 6726.3818   20.3848
    7.5000  -45.0000  -45.0000 6430.7910   20.4172
   -7.5000  -37.5000  -45.0000 7052.9722   19.7962
    0.0000  -37.5000  -45.0000 7342.8345   19.8140
    7.5000  -37.5000  -45.0000 6991.4937   19.8470
   -7.5000  -30.0000  -45.0000 7968.6074   19.4058
    0.0000  -30.0000  -45.0000 8299.9961   19.4091
    7.5000  -30.0000  -45.0000 7871.6387   19.4349
   -7.5000  -22.5000  -45.0000 8971.6826   19.3233
    0.0000  -22.5000  -45.0000 9344.4209   19.3095
    7.5000  -22.5000  -45.0000 8847.2627   19.3259
   -7.5000  -15.0000  -45.0000 9945.0586   19.3151
    0.0000  -15.0000  -45.000010359.5020   19.2963
    7.5000  -15.0000  -45.0000 9799.9922   19.3075
   -7.5000   -7.5000  -45.000010916.8584   19.2921
    0.0000   -7.5000  -45.000011362.3535   19.2874
    7.5000   -7.5000  -45.000010723.6504   19.3035
   -7.5000    0.0000  -45.000011751.3008   19.2517
    0.0000    0.0000  -45.000012226.6104   19.2654
    7.5000    0.0000  -45.000011521.8193   19.2915
   -7.5000    7.5000  -45.000011703.5166   19.1942
    0.0000    7.5000  -45.000012142.1289   19.2116
    7.5000    7.5000  -45.000011480.0107   19.2414
   -7.5000   15.0000  -45.000011586.1357   19.1675
    0.0000   15.0000  -45.000011997.2490   19.1717
    7.5000   15.0000  -45.000011344.9316   19.1965
   -7.5000   22.5000  -45.000011329.2441   19.2018
    0.0000   22.5000  -45.000011728.0176   19.1887
    7.5000   22.5000  -45.000011073.7490   19.2047
   -7.5000   30.0000  -45.000010872.8828   19.0077
    0.0000   30.0000  -45.000011262.4541   18.9895
    7.5000   30.0000  -45.000010616.6807   19.0005
   -7.5000   37.5000  -45.000010783.6709   19.0257
    0.0000   37.5000  -45.000011194.7021   19.0212
    7.5000   37.5000  -45.000010503.5088   19.0372
   -7.5000   45.0000  -45.000010245.3418   18.5128
    0.0000   45.0000  -45.000010644.9600   18.5260
    7.5000   45.0000  -45.0000 9975.7324   18.5511
   -7.5000  -45.0000  -37.5000 6791.3457   20.3977
    0.0000  -45.0000  -37.5000 7055.3774   20.4096
    7.5000  -45.0000  -37.5000 6702.3975   20.4394
   -7.5000  -37.5000  -37.5000 7394.5596   19.8179
    0.0000  -37.5000  -37.5000 7729.3018   19.8283
    7.5000  -37.5000  -37.5000 7311.4233   19.8584
   -7.5000  -30.0000  -37.5000 8392.2627   19.4267
    0.0000  -30.0000  -37.5000 8766.8789   19.4215
    7.5000  -30.0000  -37.5000 8269.1152   19.4459
   -7.5000  -22.5000  -37.5000 9448.3818   19.3497
    0.0000  -22.5000  -37.5000 9857.4033   19.3297
    7.5000  -22.5000  -37.5000 9299.4629   19.3464
   -7.5000  -15.0000  -37.500010463.3262   19.3462
    0.0000  -15.0000  -37.500010898.6855   19.3238
    7.5000  -15.0000  -37.500010279.7275   19.3356
   -7.5000   -7.5000  -37.500011470.8965   19.3228
    0.0000   -7.5000  -37.500011950.0420   19.3159
    7.5000   -7.5000  -37.500011253.1367   19.3309
   -7.5000    0.0000  -37.500012346.3555   19.2775
    0.0000    0.0000  -37.500012836.3945   19.2878
    7.5000    0.0000  -37.500012097.9805   19.3112
   -7.5000    7.5000  -37.500012298.2373   19.2147
    0.0000    7.5000  -37.500012768.0312   19.2250
    7.5000    7.5000  -37.500012062.1826   19.2522
   -7.5000   15.0000  -37.500012166.1807   19.1876
    0.0000   15.0000  -37.500012630.4072   19.1835
    7.5000   15.0000  -37.500011897.5137   19.2069
   -7.5000   22.5000  -37.500011886.1807   19.2269
    0.0000   22.5000  -37.500012327.0762   19.2077
    7.5000   22.5000  -37.500011584.8438   19.2239
   -7.5000   30.0000  -37.500011378.5488   19.0373
    0.0000   30.0000  -37.500011805.3242   19.0157
    7.5000   30.0000  -37.500011101.8711   19.0272
   -7.5000   37.5000  -37.500011268.6797   19.0558
    0.0000   37.5000  -37.500011697.1953   19.0491
    7.5000   37.5000  -37.500010971.5537   19.0641
   -7.5000   45.0000  -37.500010730.6982   18.5376
    0.0000   45.0000  -37.500011121.1621   18.5475
    7.5000   45.0000  -37.500010431.1846   18.5700
   -7.5000  -45.0000  -30.0000 7186.4814   21.2636
    0.0000  -45.0000  -30.0000 7491.7227   21.2620
    7.5000  -45.0000  -30.0000 7101.1084   21.2958
   -7.5000  -37.5000  -30.0000 7870.5874   20.6656
    0.0000  -37.5000  -30.0000 8230.5029   20.6614
    7.5000  -37.5000  -30.0000 7769.3867   20.6914
   -7.5000  -30.0000  -30.0000 8931.9141   20.2606
    0.0000  -30.0000  -30.0000 9339.6250   20.2440
    7.5000  -30.0000  -30.0000 8812.4199   20.2663
   -7.5000  -22.5000  -30.000010070.2979   20.1761
    0.0000  -22.5000  -30.000010511.4180   20.1497
    7.5000  -22.5000  -30.0000 9929.0527   20.1658
   -7.5000  -15.0000  -30.000011143.8271   20.1653
    0.0000  -15.0000  -30.000011593.4795   20.1382
    7.5000  -15.0000  -30.000010961.4561   20.1532
   -7.5000   -7.5000  -30.000012206.8545   20.1388
    0.0000   -7.5000  -30.000012689.2061   20.1242
    7.5000   -7.5000  -30.000012007.2900   20.1443
   -7.5000    0.0000  -30.000013148.0293   20.0952
    0.0000    0.0000  -30.000013656.7061   20.0939
    7.5000    0.0000  -30.000012899.6758   20.1212
   -7.5000    7.5000  -30.000013102.6104   20.0360
    0.0000    7.5000  -30.000013583.9277   20.0329
    7.5000    7.5000  -30.000012825.6611   20.0604
   -7.5000   15.0000  -30.000012941.4736   20.0112
    0.0000   15.0000  -30.000013429.5723   19.9961
    7.5000   15.0000  -30.000012648.8633   20.0174
   -7.5000   22.5000  -30.000012642.8350   20.0455
    0.0000   22.5000  -30.000013118.0820   20.0200
    7.5000   22.5000  -30.000012323.0410   20.0356
   -7.5000   30.0000  -30.000012129.0596   19.8447
    0.0000   30.0000  -30.000012589.4541   19.8184
    7.5000   30.0000  -30.000011795.8369   19.8330
   -7.5000   37.5000  -30.000011984.3447   19.8623
    0.0000   37.5000  -30.000012440.5225   19.8480
    7.5000   37.5000  -30.000011646.8838   19.8679
   -7.5000   45.0000  -30.000011388.2393   19.3382
    0.0000   45.0000  -30.000011794.6836   19.3368
    7.5000   45.0000  -30.000011058.5449   19.3631
   -7.5000  -45.0000  -22.5000 7609.5249   21.9441
    0.0000  -45.0000  -22.5000 7937.1948   21.9319
    7.5000  -45.0000  -22.5000 7527.3530   21.9718
   -7.5000  -37.5000  -22.5000 8376.4883   21.3422
    0.0000  -37.5000  -22.5000 8733.7793   21.3301
    7.5000  -37.5000  -22.5000 8263.9795   21.3627
   -7.5000  -30.0000  -22.5000 9497.1641   20.9269
    0.0000  -30.0000  -22.5000 9904.8242   20.9079
    7.5000  -30.0000  -22.5000 9376.4199   20.9297
   -7.5000  -22.5000  -22.500010694.8047   20.8286
    0.0000  -22.5000  -22.500011132.0117   20.8027
    7.5000  -22.5000  -22.500010567.6572   20.8183
   -7.5000  -15.0000  -22.500011851.5781   20.8046
    0.0000  -15.0000  -22.500012319.9062   20.7768
    7.5000  -15.0000  -22.500011694.0244   20.7944
   -7.5000   -7.5000  -22.500012977.8252   20.7758
    0.0000   -7.5000  -22.500013495.3057   20.7553
    7.5000   -7.5000  -22.500012780.6348   20.7811
   -7.5000    0.0000  -22.500013999.9893   20.7410
    0.0000    0.0000  -22.500014531.1426   20.7304
    7.5000    0.0000  -22.500013735.0908   20.7638
   -7.5000    7.5000  -22.500013922.7363   20.6926
    0.0000    7.5000  -22.500014401.7871   20.6826
    7.5000    7.5000  -22.500013598.1465   20.7132
   -7.5000   15.0000  -22.500013729.7461   20.6703
    0.0000   15.0000  -22.500014210.4072   20.6527
    7.5000   15.0000  -22.500013376.2939   20.6735
   -7.5000   22.5000  -22.500013434.6475   20.6935
    0.0000   22.5000  -22.500013927.8213   20.6685
    7.5000   22.5000  -22.500013082.9092   20.6836
   -7.5000   30.0000  -22.500012926.9990   20.4775
    0.0000   30.0000  -22.500013418.6396   20.4505
    7.5000   30.0000  -22.500012557.5957   20.4676
   -7.5000   37.5000  -22.500012735.4551   20.4937
    0.0000   37.5000  -22.500013218.9287   20.4736
    7.5000   37.5000  -22.500012390.8555   20.4992
   -7.5000   45.0000  -22.500012024.2422   19.9746
    0.0000   45.0000  -22.500012458.2070   19.9644
    7.5000   45.0000  -22.500011713.6855   19.9966
   -7.5000  -45.0000  -15.0000 8027.0903   22.4211
    0.0000  -45.0000  -15.0000 8348.7383   22.4107
    7.5000  -45.0000  -15.0000 7928.4302   22.4516
   -7.5000  -37.5000  -15.0000 8825.6807   21.8155
    0.0000  -37.5000  -15.0000 9190.9414   21.8094
    7.5000  -37.5000  -15.0000 8708.2715   21.8440
   -7.5000  -30.0000  -15.0000 9993.4209   21.3914
    0.0000  -30.0000  -15.000010412.9375   21.3809
    7.5000  -30.0000  -15.0000 9893.0791   21.4038
   -7.5000  -22.5000  -15.000011273.9961   21.2836
    0.0000  -22.5000  -15.000011702.8877   21.2638
    7.5000  -22.5000  -15.000011143.8535   21.2786
   -7.5000  -15.0000  -15.000012494.4893   21.2521
    0.0000  -15.0000  -15.000012976.9873   21.2271
    7.5000  -15.0000  -15.000012365.0566   21.2433
   -7.5000   -7.5000  -15.000013716.8789   21.2229
    0.0000   -7.5000  -15.000014247.0449   21.2028
    7.5000   -7.5000  -15.000013540.0703   21.2285
   -7.5000    0.0000  -15.000014840.2988   21.1945
    0.0000    0.0000  -15.000015393.3799   21.1853
    7.5000    0.0000  -15.000014555.7217   21.2203
   -7.5000    7.5000  -15.000014724.0791   21.1525
    0.0000    7.5000  -15.000015239.5381   21.1483
    7.5000    7.5000  -15.000014377.8086   21.1811
   -7.5000   15.0000  -15.000014509.7754   21.1299
    0.0000   15.0000  -15.000015011.8701   21.1206
    7.5000   15.0000  -15.000014125.7393   21.1425
   -7.5000   22.5000  -15.000014211.9531   21.1460
    0.0000   22.5000  -15.000014742.7236   21.1269
    7.5000   22.5000  -15.000013846.2871   21.1414
   -7.5000   30.0000  -15.000013714.1055   20.9219
    0.0000   30.0000  -15.000014242.2354   20.8976
    7.5000   30.0000  -15.000013334.2393   20.9135
   -7.5000   37.5000  -15.000013466.7178   20.9378
    0.0000   37.5000  -15.000014023.3496   20.9181
    7.5000   37.5000  -15.000013129.4697   20.9435
   -7.5000   45.0000  -15.000012710.7295   20.4237
    0.0000   45.0000  -15.000013209.3096   20.4148
    7.5000   45.0000  -15.000012365.0088   20.4485
   -7.5000  -45.0000   -7.5000 8433.1396   22.6827
    0.0000  -45.0000   -7.5000 8738.6953   22.6876
    7.5000  -45.0000   -7.5000 8320.6094   22.7267
   -7.5000  -37.5000   -7.5000 9263.1602   22.0622
    0.0000  -37.5000   -7.5000 9628.7012   22.0723
    7.5000  -37.5000   -7.5000 9151.2783   22.1088
   -7.5000  -30.0000   -7.500010517.7480   21.6315
    0.0000  -30.0000   -7.500010941.8662   21.6324
    7.5000  -30.0000   -7.500010391.0205   21.6582
   -7.5000  -22.5000   -7.500011862.8877   21.5287
    0.0000  -22.5000   -7.500012303.3115   21.5141
    7.5000  -22.5000   -7.500011696.0254   21.5298
   -7.5000  -15.0000   -7.500013152.1562   21.5051
    0.0000  -15.0000   -7.500013639.2520   21.4835
    7.5000  -15.0000   -7.500012973.6016   21.4970
   -7.5000   -7.5000   -7.500014469.4072   21.4768
    0.0000   -7.5000   -7.500015005.1602   21.4643
    7.5000   -7.5000   -7.500014207.3867   21.4861
   -7.5000    0.0000   -7.500015750.3525   21.4419
    0.0000    0.0000   -7.500016358.0381   21.4459
    7.5000    0.0000   -7.500015354.3945   21.4788
   -7.5000    7.5000   -7.500015718.7920   21.3922
    0.0000    7.5000   -7.500016311.7998   21.4028
    7.5000    7.5000   -7.500015248.9492   21.4367
   -7.5000   15.0000   -7.500015483.4551   21.3670
    0.0000   15.0000   -7.500016058.7461   21.3688
    7.5000   15.0000   -7.500015004.8945   21.3935
   -7.5000   22.5000   -7.500015169.2881   21.3874
    0.0000   22.5000   -7.500015773.8223   21.3736
    7.5000   22.5000   -7.500014724.1445   21.3890
   -7.5000   30.0000   -7.500014623.1982   21.1709
    0.0000   30.0000   -7.500015292.7334   21.1500
    7.5000   30.0000   -7.500014165.6016   21.1632
   -7.5000   37.5000   -7.500014422.9941   21.1878
    0.0000   37.5000   -7.500015072.1631   21.1757
    7.5000   37.5000   -7.500013922.7598   21.1973
   -7.5000   45.0000   -7.500013621.2793   20.6660
    0.0000   45.0000   -7.500014193.6533   20.6698
    7.5000   45.0000   -7.500013080.4814   20.7015
   -7.5000  -45.0000    0.0000 8709.7070   22.7714
    0.0000  -45.0000    0.0000 9035.7266   22.7893
    7.5000  -45.0000    0.0000 8590.1729   22.8255
   -7.5000  -37.5000    0.0000 9599.5342   22.1319
    0.0000  -37.5000    0.0000 9993.9375   22.1518
    7.5000  -37.5000    0.0000 9481.3467   22.1886
   -7.5000  -30.0000    0.000010903.1445   21.6965
    0.0000  -30.0000    0.000011346.1484   21.7002
    7.5000  -30.0000    0.000010752.8936   21.7290
   -7.5000  -22.5000    0.000012281.5137   21.6053
    0.0000  -22.5000    0.000012769.6426   21.5898
    7.5000  -22.5000    0.000012111.2734   21.6081
   -7.5000  -15.0000    0.000013602.5518   21.5964
    0.0000  -15.0000    0.000014131.6670   21.5752
    7.5000  -15.0000    0.000013395.2725   21.5877
   -7.5000   -7.5000    0.000014945.4189   21.5698
    0.0000   -7.5000    0.000015504.0312   21.5645
    7.5000   -7.5000    0.000014728.7510   21.5823
   -7.5000    0.0000    0.000016497.1406   21.5237
    0.0000    0.0000    0.000017142.9082   21.5391
    7.5000    0.0000    0.000016037.1240   21.5681
   -7.5000    7.5000    0.000016869.4316   21.4595
    0.0000    7.5000    0.000017599.0781   21.4789
    7.5000    7.5000    0.000016159.5869   21.5122
   -7.5000   15.0000    0.000016722.9883   21.4303
    0.0000   15.0000    0.000017477.7070   21.4350
    7.5000   15.0000    0.000015931.5449   21.4627
   -7.5000   22.5000    0.000016312.1162   21.4626
    0.0000   22.5000    0.000017027.1895   21.4479
    7.5000   22.5000    0.000015541.8057   21.4658
   -7.5000   30.0000    0.000015631.8184   21.2609
    0.0000   30.0000    0.000016344.7285   21.2405
    7.5000   30.0000    0.000014879.1689   21.2528
   -7.5000   37.5000    0.000015376.0625   21.2803
    0.0000   37.5000    0.000016066.4707   21.2751
    7.5000   37.5000    0.000014566.0264   21.2929
   -7.5000   45.0000    0.000014404.9961   20.7464
    0.0000   45.0000    0.000015032.7061   20.7612
    7.5000   45.0000    0.000013645.2949   20.7892
   -7.5000  -45.0000    7.5000 8308.8730   22.8256
    0.0000  -45.0000    7.5000 8681.5850   22.8389
    7.5000  -45.0000    7.5000 8212.0547   22.8722
   -7.5000  -37.5000    7.5000 9195.0820   22.1767
    0.0000  -37.5000    7.5000 9611.8281   22.1884
    7.5000  -37.5000    7.5000 9089.9980   22.2221
   -7.5000  -30.0000    7.500010412.0781   21.7390
    0.0000  -30.0000    7.500010893.1514   21.7331
    7.5000  -30.0000    7.500010303.8955   21.7605
   -7.5000  -22.5000    7.500011736.2227   21.6529
    0.0000  -22.5000    7.500012245.7598   21.6305
    7.5000  -22.5000    7.500011606.8906   21.6492
   -7.5000  -15.0000    7.500013032.7715   21.6489
    0.0000  -15.0000    7.500013539.0713   21.6239
    7.5000  -15.0000    7.500012834.3838   21.6371
   -7.5000   -7.5000    7.500014358.3594   21.6227
    0.0000   -7.5000    7.500014910.9404   21.6150
    7.5000   -7.5000    7.500014113.5605   21.6318
   -7.5000    0.0000    7.500015970.3564   21.5720
    0.0000    0.0000    7.500016643.7578   21.5835
    7.5000    0.0000    7.500015457.2383   21.6097
   -7.5000    7.5000    7.500016546.9922   21.5018
    0.0000    7.5000    7.500017418.3086   21.5133
    7.5000    7.5000    7.500015654.8496   21.5437
   -7.5000   15.0000    7.500016436.6855   21.4715
    0.0000   15.0000    7.500017278.2031   21.4669
    7.5000   15.0000    7.500015462.3730   21.4931
   -7.5000   22.5000    7.500015889.1250   21.5084
    0.0000   22.5000    7.500016646.3066   21.4869
    7.5000   22.5000    7.500015033.1172   21.5051
   -7.5000   30.0000    7.500015080.8682   21.3116
    0.0000   30.0000    7.500015820.9375   21.2874
    7.5000   30.0000    7.500014337.9814   21.3003
   -7.5000   37.5000    7.500014803.2041   21.3323
    0.0000   37.5000    7.500015503.3271   21.3248
    7.5000   37.5000    7.500014057.4785   21.3415
   -7.5000   45.0000    7.500013808.7852   20.7929
    0.0000   45.0000    7.500014427.8203   20.8040
    7.5000   45.0000    7.500013144.5742   20.8293
   -7.5000  -45.0000   15.0000 7780.0210   22.8495
    0.0000  -45.0000   15.0000 8179.5728   22.8478
    7.5000  -45.0000   15.0000 7719.6978   22.8841
   -7.5000  -37.5000   15.0000 8656.1406   22.2067
    0.0000  -37.5000   15.0000 9106.5674   22.2022
    7.5000  -37.5000   15.0000 8561.9854   22.2345
   -7.5000  -30.0000   15.0000 9846.9580   21.7711
    0.0000  -30.0000   15.000010341.0068   21.7533
    7.5000  -30.0000   15.0000 9742.0742   21.7773
   -7.5000  -22.5000   15.000011127.7246   21.6802
    0.0000  -22.5000   15.000011655.1445   21.6519
    7.5000  -22.5000   15.000010980.2188   21.6692
   -7.5000  -15.0000   15.000012400.8389   21.6686
    0.0000  -15.0000   15.000012956.5039   21.6395
    7.5000  -15.0000   15.000012170.5596   21.6556
   -7.5000   -7.5000   15.000013701.9277   21.6402
    0.0000   -7.5000   15.000014321.3301   21.6245
    7.5000   -7.5000   15.000013406.2285   21.6461
   -7.5000    0.0000   15.000015094.9805   21.5934
    0.0000    0.0000   15.000015820.4512   21.5919
    7.5000    0.0000   15.000014638.7646   21.6213
   -7.5000    7.5000   15.000015270.8281   21.5297
    0.0000    7.5000   15.000016088.5957   21.5264
    7.5000    7.5000   15.000014761.0078   21.5560
   -7.5000   15.0000   15.000015002.7178   21.5029
    0.0000   15.0000   15.000015767.6309   21.4868
    7.5000   15.0000   15.000014626.4072   21.5096
   -7.5000   22.5000   15.000014616.0518   21.5350
    0.0000   22.5000   15.000015331.7949   21.5077
    7.5000   22.5000   15.000014298.7236   21.5245
   -7.5000   30.0000   15.000014040.8037   21.3303
    0.0000   30.0000   15.000014758.6533   21.3021
    7.5000   30.0000   15.000013702.1914   21.3178
   -7.5000   37.5000   15.000013862.4756   21.3494
    0.0000   37.5000   15.000014574.9922   21.3340
    7.5000   37.5000   15.000013459.1035   21.3554
   -7.5000   45.0000   15.000012973.2461   20.8135
    0.0000   45.0000   15.000013591.6895   20.8121
    7.5000   45.0000   15.000012552.9922   20.8404
   -7.5000  -45.0000   22.5000 7201.8120   22.8949
    0.0000  -45.0000   22.5000 7623.8965   22.8824
    7.5000  -45.0000   22.5000 7144.3066   22.9241
   -7.5000  -37.5000   22.5000 8079.7451   22.2663
    0.0000  -37.5000   22.5000 8554.9121   22.2538
    7.5000  -37.5000   22.5000 7975.5010   22.2880
   -7.5000  -30.0000   22.5000 9195.6260   21.8310
    0.0000  -30.0000   22.5000 9738.2334   21.8111
    7.5000  -30.0000   22.5000 9089.9189   21.8340
   -7.5000  -22.5000   22.500010417.6338   21.7280
    0.0000  -22.5000   22.500010987.6230   21.7009
    7.5000  -22.5000   22.500010244.6680   21.7173
   -7.5000  -15.0000   22.500011591.4277   21.7029
    0.0000  -15.0000   22.500012153.0664   21.6738
    7.5000  -15.0000   22.500011382.4258   21.6923
   -7.5000   -7.5000   22.500012739.9258   21.6726
    0.0000   -7.5000   22.500013321.9521   21.6513
    7.5000   -7.5000   22.500012568.6475   21.6784
   -7.5000    0.0000   22.500013882.4717   21.6361
    0.0000    0.0000   22.500014550.7979   21.6251
    7.5000    0.0000   22.500013674.8203   21.6603
   -7.5000    7.5000   22.500013916.3262   21.5853
    0.0000    7.5000   22.500014557.1240   21.5749
    7.5000    7.5000   22.500013727.4658   21.6071
   -7.5000   15.0000   22.500013612.7266   21.5620
    0.0000   15.0000   22.500014210.8037   21.5436
    7.5000   15.0000   22.500013538.8369   21.5654
   -7.5000   22.5000   22.500013283.4824   21.5831
    0.0000   22.5000   22.500013861.4980   21.5569
    7.5000   22.5000   22.500013228.9473   21.5728
   -7.5000   30.0000   22.500012820.4434   21.3643
    0.0000   30.0000   22.500013403.1299   21.3361
    7.5000   30.0000   22.500012741.6836   21.3541
   -7.5000   37.5000   22.500012762.2793   21.3813
    0.0000   37.5000   22.500013335.6787   21.3604
    7.5000   37.5000   22.500012586.5273   21.3872
   -7.5000   45.0000   22.500012019.2520   20.8547
    0.0000   45.0000   22.500012538.8496   20.8441
    7.5000   45.0000   22.500011795.0625   20.8780
   -7.5000  -45.0000   30.0000 6660.9814   23.3014
    0.0000  -45.0000   30.0000 7045.0630   23.2912
    7.5000  -45.0000   30.0000 6597.1294   23.3356
   -7.5000  -37.5000   30.0000 7487.0640   22.6628
    0.0000  -37.5000   30.0000 7911.3467   22.6570
    7.5000  -37.5000   30.0000 7387.2344   22.6946
   -7.5000  -30.0000   30.0000 8546.1260   22.2118
    0.0000  -30.0000   30.0000 9006.8447   22.2011
    7.5000  -30.0000   30.0000 8429.6172   22.2261
   -7.5000  -22.5000   30.0000 9669.8174   22.0977
    0.0000  -22.5000   30.000010110.4189   22.0772
    7.5000  -22.5000   30.0000 9505.5967   22.0936
   -7.5000  -15.0000   30.000010739.0410   22.0644
    0.0000  -15.0000   30.000011145.0410   22.0384
    7.5000  -15.0000   30.000010565.4492   22.0564
   -7.5000   -7.5000   30.000011758.3174   22.0331
    0.0000   -7.5000   30.000012244.3301   22.0124
    7.5000   -7.5000   30.000011653.7051   22.0405
   -7.5000    0.0000   30.000012783.6709   22.0026
    0.0000    0.0000   30.000013335.3555   21.9935
    7.5000    0.0000   30.000012680.9893   22.0316
   -7.5000    7.5000   30.000012753.8340   21.9576
    0.0000    7.5000   30.000013261.0156   21.9537
    7.5000    7.5000   30.000012677.3848   21.9893
   -7.5000   15.0000   30.000012510.5635   21.9337
    0.0000   15.0000   30.000012981.5430   21.9243
    7.5000   15.0000   30.000012468.1494   21.9482
   -7.5000   22.5000   30.000012225.2891   21.9492
    0.0000   22.5000   30.000012690.3281   21.9296
    7.5000   22.5000   30.000012175.0596   21.9455
   -7.5000   30.0000   30.000011797.4941   21.7202
    0.0000   30.0000   30.000012280.8467   21.6950
    7.5000   30.0000   30.000011741.0918   21.7126
   -7.5000   37.5000   30.000011784.2520   21.7368
    0.0000   37.5000   30.000012264.5234   21.7166
    7.5000   37.5000   30.000011662.9365   21.7445
   -7.5000   45.0000   30.000011155.5225   21.2080
    0.0000   45.0000   30.000011582.7422   21.1992
    7.5000   45.0000   30.000010979.4785   21.2359
   -7.5000  -45.0000   37.5000 6327.7593   23.8329
    0.0000  -45.0000   37.5000 6644.9712   23.8394
    7.5000  -45.0000   37.5000 6246.8486   23.8856
   -7.5000  -37.5000   37.5000 7117.1108   23.1629
    0.0000  -37.5000   37.5000 7452.5464   23.1744
    7.5000  -37.5000   37.5000 7008.5107   23.2175
   -7.5000  -30.0000   37.5000 8138.0977   22.6920
    0.0000  -30.0000   37.5000 8487.0938   22.6929
    7.5000  -30.0000   37.5000 8018.6904   22.7236
   -7.5000  -22.5000   37.5000 9177.2490   22.5804
    0.0000  -22.5000   37.5000 9521.5479   22.5645
    7.5000  -22.5000   37.5000 9036.0342   22.5842
   -7.5000  -15.0000   37.500010188.0684   22.5541
    0.0000  -15.0000   37.500010552.0410   22.5310
    7.5000  -15.0000   37.500010036.9365   22.5484
   -7.5000   -7.5000   37.500011210.7617   22.5211
    0.0000   -7.5000   37.500011636.6055   22.5086
    7.5000   -7.5000   37.500011084.1816   22.5353
   -7.5000    0.0000   37.500012153.7510   22.4816
    0.0000    0.0000   37.500012643.6260   22.4870
    7.5000    0.0000   37.500012054.6826   22.5260
   -7.5000    7.5000   37.500012134.7891   22.4274
    0.0000    7.5000   37.500012588.9346   22.4396
    7.5000    7.5000   37.500012060.6885   22.4794
   -7.5000   15.0000   37.500011937.4873   22.4016
    0.0000   15.0000   37.500012381.0439   22.4035
    7.5000   15.0000   37.500011868.2100   22.4331
   -7.5000   22.5000   37.500011668.7969   22.4259
    0.0000   22.5000   37.500012104.5684   22.4108
    7.5000   22.5000   37.500011587.5361   22.4300
   -7.5000   30.0000   37.500011263.0537   22.2016
    0.0000   30.0000   37.500011705.2695   22.1792
    7.5000   30.0000   37.500011188.9932   22.1962
   -7.5000   37.5000   37.500011251.1074   22.2183
    0.0000   37.5000   37.500011690.9375   22.2060
    7.5000   37.5000   37.500011148.1299   22.2325
   -7.5000   45.0000   37.500010680.1016   21.6696
    0.0000   45.0000   37.500011089.9463   21.6748
    7.5000   45.0000   37.500010519.1240   21.7124
   -7.5000  -45.0000   45.0000 5734.4404   24.5053
    0.0000  -45.0000   45.0000 6004.0742   24.5257
    7.5000  -45.0000   45.0000 5653.1855   24.5680
   -7.5000  -37.5000   45.0000 6444.3550   23.7847
    0.0000  -37.5000   45.0000 6727.4922   23.8060
    7.5000  -37.5000   45.0000 6336.5195   23.8486
   -7.5000  -30.0000   45.0000 7362.5352   23.2824
    0.0000  -30.0000   45.0000 7659.6724   23.2848
    7.5000  -30.0000   45.0000 7257.6450   23.3180
   -7.5000  -22.5000   45.0000 8322.0234   23.1741
    0.0000  -22.5000   45.0000 8627.6670   23.1550
    7.5000  -22.5000   45.0000 8192.8447   23.1768
   -7.5000  -15.0000   45.0000 9264.7832   23.1599
    0.0000  -15.0000   45.0000 9602.0762   23.1353
    7.5000  -15.0000   45.0000 9116.0391   23.1510
   -7.5000   -7.5000   45.000010212.2715   23.1284
    0.0000   -7.5000   45.000010622.4316   23.1224
    7.5000   -7.5000   45.000010071.9766   23.1443
   -7.5000    0.0000   45.000011062.9355   23.0779
    0.0000    0.0000   45.000011522.3857   23.0951
    7.5000    0.0000   45.000010967.8418   23.1292
   -7.5000    7.5000   45.000011066.9160   23.0070
    0.0000    7.5000   45.000011482.9521   23.0277
    7.5000    7.5000   45.000010981.7285   23.0661
   -7.5000   15.0000   45.000010886.0000   22.9742
    0.0000   15.0000   45.000011310.8340   22.9777
    7.5000   15.0000   45.000010807.8604   23.0096
   -7.5000   22.5000   45.000010647.8281   23.0096
    0.0000   22.5000   45.000011067.1455   22.9915
    7.5000   22.5000   45.000010550.8086   23.0128
   -7.5000   30.0000   45.000010303.1621   22.7934
    0.0000   30.0000   45.000010705.1562   22.7697
    7.5000   30.0000   45.000010207.6006   22.7851
   -7.5000   37.5000   45.000010287.6904   22.8150
    0.0000   37.5000   45.000010695.5518   22.8093
    7.5000   37.5000   45.000010183.9014   22.8310
   -7.5000   45.0000   45.0000 9781.0557   22.2545
    0.0000   45.0000   45.000010173.9385   22.2711
    7.5000   45.0000   45.0000 9623.8008   22.3040

---------------------------------------------------------------------
imgreg_4dfp /opt/freesurfer/average/711-2C_as_mni_average_305 /opt/freesurfer/average/711-2B_as_mni_average_305_mask talsrcimg_g11 none talsrcimg_to_711-2C_as_mni_average_305_t4 4355
---------------------------------------------------------------------

freesurfer imgreg_4dfp.c
/opt/freesurfer/average/711-2C_as_mni_average_305.4dfp.img
       256       256       256         1
  1.000000  1.000000  1.000000
orientation T byte_order littleendian
Reading image: /opt/freesurfer/average/711-2C_as_mni_average_305.4dfp.img
dimensions:      256       256       256
mmppix:       1.0000   -1.0000   -1.0000
center:     128.0000 -129.0000 -129.0000
/opt/freesurfer/average/711-2B_as_mni_average_305_mask.4dfp.img
       256       256       256         1
  1.000000  1.000000  1.000000
orientation T byte_order littleendian
Reading mask: /opt/freesurfer/average/711-2B_as_mni_average_305_mask.4dfp.img (2306576 pixels)
talsrcimg_g11.4dfp.img
       256       256       256         1
  1.000000  1.000000  1.000000
orientation T byte_order littleendian
Reading image: talsrcimg_g11.4dfp.img
dimensions:      256       256       256
mmppix:       1.0000   -1.0000   -1.0000
center:     128.0000 -129.0000 -129.0000
rotation matrix determinant  1.000000
image alignment mode   4355 decimal     1103 hex
   -7.5000  -37.5000  -45.0000 2001.5299   27.8496
    0.0000  -37.5000  -45.0000 2004.5918   28.0041
    7.5000  -37.5000  -45.0000 1985.7797   28.3017
   -7.5000  -30.0000  -45.0000 2121.6094   24.8191
    0.0000  -30.0000  -45.0000 2122.9363   24.9876
    7.5000  -30.0000  -45.0000 2100.4888   25.1767
   -7.5000  -22.5000  -45.0000 2231.5627   22.5319
    0.0000  -22.5000  -45.0000 2234.3625   22.6568
    7.5000  -22.5000  -45.0000 2212.6213   22.7687
   -7.5000  -15.0000  -45.0000 2316.7136   20.7503
    0.0000  -15.0000  -45.0000 2322.8901   20.8782
    7.5000  -15.0000  -45.0000 2297.1262   20.9854
   -7.5000   -7.5000  -45.0000 2384.0593   19.4807
    0.0000   -7.5000  -45.0000 2387.1914   19.5494
    7.5000   -7.5000  -45.0000 2360.3799   19.6597
   -7.5000    0.0000  -45.0000 2416.3057   18.6518
    0.0000    0.0000  -45.0000 2418.6292   18.6590
    7.5000    0.0000  -45.0000 2386.9541   18.7976
   -7.5000    7.5000  -45.0000 2436.1077   18.0695
    0.0000    7.5000  -45.0000 2437.9941   18.0642
    7.5000    7.5000  -45.0000 2407.8435   18.2784
   -7.5000   15.0000  -45.0000 2451.6648   17.8895
    0.0000   15.0000  -45.0000 2449.2246   17.8499
    7.5000   15.0000  -45.0000 2421.7368   18.1199
   -7.5000   22.5000  -45.0000 2452.3987   17.9898
    0.0000   22.5000  -45.0000 2448.8350   17.9652
    7.5000   22.5000  -45.0000 2421.3435   18.2434
   -7.5000   30.0000  -45.0000 2430.9031   18.4657
    0.0000   30.0000  -45.0000 2426.9883   18.4493
    7.5000   30.0000  -45.0000 2398.1179   18.7086
   -7.5000   37.5000  -45.0000 2383.7402   19.2772
    0.0000   37.5000  -45.0000 2384.6582   19.2815
    7.5000   37.5000  -45.0000 2347.7712   19.5143
   -7.5000   45.0000  -45.0000 2316.5310   20.3417
    0.0000   45.0000  -45.0000 2319.9570   20.4049
    7.5000   45.0000  -45.0000 2289.6565   20.6359
   -7.5000   52.5000  -45.0000 2213.9946   21.6777
    0.0000   52.5000  -45.0000 2212.3215   21.7162
    7.5000   52.5000  -45.0000 2185.1372   22.0077
   -7.5000  -37.5000  -37.5000 2049.9368   26.4375
    0.0000  -37.5000  -37.5000 2058.1128   26.7780
    7.5000  -37.5000  -37.5000 2034.8427   27.0408
   -7.5000  -30.0000  -37.5000 2182.7234   23.6379
    0.0000  -30.0000  -37.5000 2192.8462   23.8824
    7.5000  -30.0000  -37.5000 2161.9143   24.0289
   -7.5000  -22.5000  -37.5000 2298.6819   21.4408
    0.0000  -22.5000  -37.5000 2305.6978   21.6153
    7.5000  -22.5000  -37.5000 2274.8423   21.7576
   -7.5000  -15.0000  -37.5000 2384.3672   19.6726
    0.0000  -15.0000  -37.5000 2394.2561   19.7720
    7.5000  -15.0000  -37.5000 2360.2957   19.9229
   -7.5000   -7.5000  -37.5000 2457.6213   18.3561
    0.0000   -7.5000  -37.5000 2469.0872   18.4015
    7.5000   -7.5000  -37.5000 2431.7922   18.5592
   -7.5000    0.0000  -37.5000 2497.3323   17.5036
    0.0000    0.0000  -37.5000 2500.9382   17.4930
    7.5000    0.0000  -37.5000 2467.6985   17.6466
   -7.5000    7.5000  -37.5000 2527.8618   16.9523
    0.0000    7.5000  -37.5000 2527.7126   16.9069
    7.5000    7.5000  -37.5000 2501.9338   17.1416
   -7.5000   15.0000  -37.5000 2547.3970   16.7459
    0.0000   15.0000  -37.5000 2543.8931   16.7149
    7.5000   15.0000  -37.5000 2518.5247   16.9833
   -7.5000   22.5000  -37.5000 2545.1382   16.8457
    0.0000   22.5000  -37.5000 2542.0615   16.8458
    7.5000   22.5000  -37.5000 2509.2927   17.1021
   -7.5000   30.0000  -37.5000 2521.3240   17.2861
    0.0000   30.0000  -37.5000 2520.2170   17.2957
    7.5000   30.0000  -37.5000 2489.2297   17.5235
   -7.5000   37.5000  -37.5000 2477.5256   17.9656
    0.0000   37.5000  -37.5000 2480.6084   17.9929
    7.5000   37.5000  -37.5000 2443.6533   18.2399
   -7.5000   45.0000  -37.5000 2411.5864   18.9180
    0.0000   45.0000  -37.5000 2410.0410   18.9730
    7.5000   45.0000  -37.5000 2377.4094   19.2298
   -7.5000   52.5000  -37.5000 2301.3369   20.1220
    0.0000   52.5000  -37.5000 2303.9211   20.1698
    7.5000   52.5000  -37.5000 2273.3452   20.4897
   -7.5000  -37.5000  -30.0000 2130.5344   26.0793
    0.0000  -37.5000  -30.0000 2142.3269   26.4313
    7.5000  -37.5000  -30.0000 2118.1833   26.7193
   -7.5000  -30.0000  -30.0000 2268.7781   23.3145
    0.0000  -30.0000  -30.0000 2282.0176   23.5190
    7.5000  -30.0000  -30.0000 2251.6116   23.7615
   -7.5000  -22.5000  -30.0000 2388.2710   21.0622
    0.0000  -22.5000  -30.0000 2401.1978   21.2054
    7.5000  -22.5000  -30.0000 2369.8958   21.4705
   -7.5000  -15.0000  -30.0000 2478.5669   19.2965
    0.0000  -15.0000  -30.0000 2488.5210   19.3429
    7.5000  -15.0000  -30.0000 2456.4976   19.6080
   -7.5000   -7.5000  -30.0000 2562.4526   17.9541
    0.0000   -7.5000  -30.0000 2567.9028   17.9377
    7.5000   -7.5000  -30.0000 2538.7744   18.1448
   -7.5000    0.0000  -30.0000 2620.8667   17.0016
    0.0000    0.0000  -30.0000 2619.6123   16.9317
    7.5000    0.0000  -30.0000 2594.3862   17.1344
   -7.5000    7.5000  -30.0000 2658.4124   16.4005
    0.0000    7.5000  -30.0000 2656.3425   16.3305
    7.5000    7.5000  -30.0000 2632.9753   16.5752
   -7.5000   15.0000  -30.0000 2677.6411   16.1869
    0.0000   15.0000  -30.0000 2675.0583   16.1837
    7.5000   15.0000  -30.0000 2647.8318   16.4024
   -7.5000   22.5000  -30.0000 2677.9314   16.3176
    0.0000   22.5000  -30.0000 2678.4700   16.3124
    7.5000   22.5000  -30.0000 2647.1094   16.5767
   -7.5000   30.0000  -30.0000 2657.2141   16.7296
    0.0000   30.0000  -30.0000 2659.0493   16.7292
    7.5000   30.0000  -30.0000 2626.5286   16.9820
   -7.5000   37.5000  -30.0000 2614.1035   17.3679
    0.0000   37.5000  -30.0000 2616.6833   17.3638
    7.5000   37.5000  -30.0000 2581.2781   17.6665
   -7.5000   45.0000  -30.0000 2540.8865   18.2625
    0.0000   45.0000  -30.0000 2540.6143   18.2770
    7.5000   45.0000  -30.0000 2513.5408   18.6127
   -7.5000   52.5000  -30.0000 2426.7756   19.4169
    0.0000   52.5000  -30.0000 2426.2507   19.4430
    7.5000   52.5000  -30.0000 2405.2876   19.7647
   -7.5000  -37.5000  -22.5000 2180.1189   25.6507
    0.0000  -37.5000  -22.5000 2194.2866   25.8771
    7.5000  -37.5000  -22.5000 2170.7705   26.2791
   -7.5000  -30.0000  -22.5000 2320.5720   22.8559
    0.0000  -30.0000  -22.5000 2335.9524   22.9673
    7.5000  -30.0000  -22.5000 2310.4958   23.3062
   -7.5000  -22.5000  -22.5000 2442.8579   20.5902
    0.0000  -22.5000  -22.5000 2455.6816   20.6617
    7.5000  -22.5000  -22.5000 2433.4185   20.9836
   -7.5000  -15.0000  -22.5000 2541.2024   18.7816
    0.0000  -15.0000  -22.5000 2551.2112   18.7895
    7.5000  -15.0000  -22.5000 2534.1196   19.0995
   -7.5000   -7.5000  -22.5000 2632.1819   17.3499
    0.0000   -7.5000  -22.5000 2641.2654   17.3383
    7.5000   -7.5000  -22.5000 2617.5269   17.6240
   -7.5000    0.0000  -22.5000 2708.3787   16.3333
    0.0000    0.0000  -22.5000 2711.3032   16.3104
    7.5000    0.0000  -22.5000 2685.8606   16.5278
   -7.5000    7.5000  -22.5000 2753.7866   15.7075
    0.0000    7.5000  -22.5000 2752.1133   15.6423
    7.5000    7.5000  -22.5000 2724.1973   15.8806
   -7.5000   15.0000  -22.5000 2774.9912   15.4598
    0.0000   15.0000  -22.5000 2772.7520   15.4287
    7.5000   15.0000  -22.5000 2743.3677   15.6813
   -7.5000   22.5000  -22.5000 2781.4395   15.6181
    0.0000   22.5000  -22.5000 2782.4937   15.5784
    7.5000   22.5000  -22.5000 2754.8359   15.8381
   -7.5000   30.0000  -22.5000 2766.5264   16.0389
    0.0000   30.0000  -22.5000 2766.7000   15.9751
    7.5000   30.0000  -22.5000 2740.3674   16.2467
   -7.5000   37.5000  -22.5000 2717.5662   16.6449
    0.0000   37.5000  -22.5000 2717.8816   16.6183
    7.5000   37.5000  -22.5000 2698.0627   16.9225
   -7.5000   45.0000  -22.5000 2639.8704   17.5187
    0.0000   45.0000  -22.5000 2639.1406   17.5282
    7.5000   45.0000  -22.5000 2622.0139   17.8645
   -7.5000   52.5000  -22.5000 2517.5344   18.6382
    0.0000   52.5000  -22.5000 2518.5259   18.6607
    7.5000   52.5000  -22.5000 2501.5454   18.9919
   -7.5000  -37.5000  -15.0000 2192.1213   25.4735
    0.0000  -37.5000  -15.0000 2203.7622   25.6083
    7.5000  -37.5000  -15.0000 2180.4807   25.9355
   -7.5000  -30.0000  -15.0000 2328.4146   22.4942
    0.0000  -30.0000  -15.0000 2343.8984   22.5715
    7.5000  -30.0000  -15.0000 2321.8511   22.9440
   -7.5000  -22.5000  -15.0000 2454.7456   20.1891
    0.0000  -22.5000  -15.0000 2465.5957   20.1938
    7.5000  -22.5000  -15.0000 2450.0522   20.5844
   -7.5000  -15.0000  -15.0000 2558.2588   18.3252
    0.0000  -15.0000  -15.0000 2570.2449   18.3099
    7.5000  -15.0000  -15.0000 2557.0676   18.6894
   -7.5000   -7.5000  -15.0000 2655.6724   16.8980
    0.0000   -7.5000  -15.0000 2665.3118   16.8569
    7.5000   -7.5000  -15.0000 2649.1538   17.1892
   -7.5000    0.0000  -15.0000 2746.2161   15.8322
    0.0000    0.0000  -15.0000 2752.5469   15.8094
    7.5000    0.0000  -15.0000 2729.6025   16.0647
   -7.5000    7.5000  -15.0000 2804.3259   15.1305
    0.0000    7.5000  -15.0000 2802.8872   15.0565
    7.5000    7.5000  -15.0000 2777.1155   15.3452
   -7.5000   15.0000  -15.0000 2835.5693   14.8021
    0.0000   15.0000  -15.0000 2829.0396   14.7565
    7.5000   15.0000  -15.0000 2803.1702   15.0596
   -7.5000   22.5000  -15.0000 2851.0945   14.9331
    0.0000   22.5000  -15.0000 2846.5271   14.8832
    7.5000   22.5000  -15.0000 2824.1301   15.1955
   -7.5000   30.0000  -15.0000 2832.5383   15.4171
    0.0000   30.0000  -15.0000 2832.7153   15.3474
    7.5000   30.0000  -15.0000 2808.7200   15.6460
   -7.5000   37.5000  -15.0000 2780.2607   16.0510
    0.0000   37.5000  -15.0000 2781.8293   16.0272
    7.5000   37.5000  -15.0000 2766.6541   16.3329
   -7.5000   45.0000  -15.0000 2705.4751   16.8669
    0.0000   45.0000  -15.0000 2707.6777   16.8983
    7.5000   45.0000  -15.0000 2688.6470   17.2500
   -7.5000   52.5000  -15.0000 2585.4053   17.9457
    0.0000   52.5000  -15.0000 2583.4905   17.9591
    7.5000   52.5000  -15.0000 2563.7742   18.3328
   -7.5000  -37.5000   -7.5000 2188.6006   25.6128
    0.0000  -37.5000   -7.5000 2198.0398   25.5572
    7.5000  -37.5000   -7.5000 2176.0774   26.0072
   -7.5000  -30.0000   -7.5000 2321.1807   22.4657
    0.0000  -30.0000   -7.5000 2331.3394   22.4101
    7.5000  -30.0000   -7.5000 2314.3975   22.8414
   -7.5000  -22.5000   -7.5000 2448.6384   20.0098
    0.0000  -22.5000   -7.5000 2456.2205   19.9645
    7.5000  -22.5000   -7.5000 2442.9878   20.3587
   -7.5000  -15.0000   -7.5000 2557.6260   18.1447
    0.0000  -15.0000   -7.5000 2565.8259   18.0912
    7.5000  -15.0000   -7.5000 2550.9802   18.4389
   -7.5000   -7.5000   -7.5000 2661.0051   16.7006
    0.0000   -7.5000   -7.5000 2668.7725   16.6317
    7.5000   -7.5000   -7.5000 2646.2092   16.9240
   -7.5000    0.0000   -7.5000 2760.0742   15.6706
    0.0000    0.0000   -7.5000 2763.5583   15.5626
    7.5000    0.0000   -7.5000 2739.5483   15.7814
   -7.5000    7.5000   -7.5000 2839.1282   14.8944
    0.0000    7.5000   -7.5000 2839.9434   14.8088
    7.5000    7.5000   -7.5000 2809.0212   14.9987
   -7.5000   15.0000   -7.5000 2884.3320   14.4248
    0.0000   15.0000   -7.5000 2878.4966   14.3592
    7.5000   15.0000   -7.5000 2846.6926   14.6350
   -7.5000   22.5000   -7.5000 2906.7427   14.5489
    0.0000   22.5000   -7.5000 2898.4802   14.5127
    7.5000   22.5000   -7.5000 2871.1257   14.8039
   -7.5000   30.0000   -7.5000 2890.4133   15.0340
    0.0000   30.0000   -7.5000 2891.8950   14.9975
    7.5000   30.0000   -7.5000 2852.0974   15.2443
   -7.5000   37.5000   -7.5000 2837.2239   15.6716
    0.0000   37.5000   -7.5000 2842.5732   15.6663
    7.5000   37.5000   -7.5000 2805.0044   15.8787
   -7.5000   45.0000   -7.5000 2760.4717   16.4826
    0.0000   45.0000   -7.5000 2764.2734   16.4754
    7.5000   45.0000   -7.5000 2734.9153   16.7427
   -7.5000   52.5000   -7.5000 2632.7798   17.5531
    0.0000   52.5000   -7.5000 2629.6433   17.5046
    7.5000   52.5000   -7.5000 2604.7310   17.8194
   -7.5000  -37.5000    0.0000 2160.7148   25.9325
    0.0000  -37.5000    0.0000 2169.2771   25.8465
    7.5000  -37.5000    0.0000 2154.6545   26.3261
   -7.5000  -30.0000    0.0000 2290.9856   22.6176
    0.0000  -30.0000    0.0000 2299.3372   22.5365
    7.5000  -30.0000    0.0000 2283.7256   22.9875
   -7.5000  -22.5000    0.0000 2418.8311   20.0905
    0.0000  -22.5000    0.0000 2422.9487   19.9791
    7.5000  -22.5000    0.0000 2408.5281   20.4168
   -7.5000  -15.0000    0.0000 2535.1892   18.2022
    0.0000  -15.0000    0.0000 2537.6506   18.0655
    7.5000  -15.0000    0.0000 2519.8816   18.4738
   -7.5000   -7.5000    0.0000 2640.5999   16.7508
    0.0000   -7.5000    0.0000 2643.9211   16.6211
    7.5000   -7.5000    0.0000 2625.3816   16.9570
   -7.5000    0.0000    0.0000 2742.8650   15.7302
    0.0000    0.0000    0.0000 2747.0857   15.6298
    7.5000    0.0000    0.0000 2728.1455   15.8652
   -7.5000    7.5000    0.0000 2847.1943   15.1562
    0.0000    7.5000    0.0000 2855.4912   15.0366
    7.5000    7.5000    0.0000 2823.0930   15.1239
   -7.5000   15.0000    0.0000 2912.5793   14.6176
    0.0000   15.0000    0.0000 2921.3379   14.6137
    7.5000   15.0000    0.0000 2870.4153   14.6924
   -7.5000   22.5000    0.0000 2944.0315   14.5115
    0.0000   22.5000    0.0000 2945.0239   14.5414
    7.5000   22.5000    0.0000 2892.2930   14.6765
   -7.5000   30.0000    0.0000 2914.2053   14.8531
    0.0000   30.0000    0.0000 2920.3706   14.8740
    7.5000   30.0000    0.0000 2869.1155   14.9887
   -7.5000   37.5000    0.0000 2861.6975   15.4692
    0.0000   37.5000    0.0000 2862.9453   15.4473
    7.5000   37.5000    0.0000 2817.8010   15.5840
   -7.5000   45.0000    0.0000 2774.7312   16.3317
    0.0000   45.0000    0.0000 2779.8572   16.3062
    7.5000   45.0000    0.0000 2744.6272   16.4647
   -7.5000   52.5000    0.0000 2652.6299   17.3751
    0.0000   52.5000    0.0000 2649.8457   17.3352
    7.5000   52.5000    0.0000 2616.9309   17.5276
   -7.5000  -37.5000    7.5000 2130.6877   26.4719
    0.0000  -37.5000    7.5000 2142.4111   26.5048
    7.5000  -37.5000    7.5000 2120.9343   26.9748
   -7.5000  -30.0000    7.5000 2250.0361   22.9781
    0.0000  -30.0000    7.5000 2261.0156   22.8762
    7.5000  -30.0000    7.5000 2247.5640   23.4169
   -7.5000  -22.5000    7.5000 2372.2000   20.3919
    0.0000  -22.5000    7.5000 2378.9568   20.2765
    7.5000  -22.5000    7.5000 2373.2256   20.8211
   -7.5000  -15.0000    7.5000 2489.8918   18.5004
    0.0000  -15.0000    7.5000 2490.3906   18.3414
    7.5000  -15.0000    7.5000 2485.7134   18.8020
   -7.5000   -7.5000    7.5000 2605.1814   17.0740
    0.0000   -7.5000    7.5000 2604.6973   16.9460
    7.5000   -7.5000    7.5000 2594.8896   17.3112
   -7.5000    0.0000    7.5000 2727.1079   16.0814
    0.0000    0.0000    7.5000 2726.7808   16.0401
    7.5000    0.0000    7.5000 2706.2209   16.2558
   -7.5000    7.5000    7.5000 2843.2036   15.5565
    0.0000    7.5000    7.5000 2855.6545   15.6080
    7.5000    7.5000    7.5000 2805.3020   15.5552
   -7.5000   15.0000    7.5000 2916.9587   15.0240
    0.0000   15.0000    7.5000 2940.1550   15.1414
    7.5000   15.0000    7.5000 2857.3816   14.9960
   -7.5000   22.5000    7.5000 2944.9641   14.6903
    0.0000   22.5000    7.5000 2958.3120   14.7875
    7.5000   22.5000    7.5000 2883.7610   14.7832
   -7.5000   30.0000    7.5000 2914.2402   14.8038
    0.0000   30.0000    7.5000 2928.5066   14.8526
    7.5000   30.0000    7.5000 2870.8970   14.9893
   -7.5000   37.5000    7.5000 2859.6355   15.3969
    0.0000   37.5000    7.5000 2867.0022   15.4133
    7.5000   37.5000    7.5000 2817.6643   15.5724
   -7.5000   45.0000    7.5000 2769.1770   16.3208
    0.0000   45.0000    7.5000 2770.2227   16.3076
    7.5000   45.0000    7.5000 2740.1833   16.4814
   -7.5000   52.5000    7.5000 2647.6006   17.3835
    0.0000   52.5000    7.5000 2643.0417   17.3484
    7.5000   52.5000    7.5000 2617.7944   17.5464
   -7.5000  -37.5000   15.0000 2087.5388   27.3757
    0.0000  -37.5000   15.0000 2100.4824   27.4536
    7.5000  -37.5000   15.0000 2079.4309   27.9494
   -7.5000  -30.0000   15.0000 2203.3384   23.7340
    0.0000  -30.0000   15.0000 2219.1069   23.7487
    7.5000  -30.0000   15.0000 2207.0005   24.2564
   -7.5000  -22.5000   15.0000 2324.8118   21.1509
    0.0000  -22.5000   15.0000 2334.4883   21.1361
    7.5000  -22.5000   15.0000 2324.6577   21.5907
   -7.5000  -15.0000   15.0000 2443.8042   19.2051
    0.0000  -15.0000   15.0000 2448.0186   19.1835
    7.5000  -15.0000   15.0000 2433.7554   19.5597
   -7.5000   -7.5000   15.0000 2563.7825   17.7175
    0.0000   -7.5000   15.0000 2568.8506   17.7485
    7.5000   -7.5000   15.0000 2547.7236   18.0198
   -7.5000    0.0000   15.0000 2683.4731   16.6171
    0.0000    0.0000   15.0000 2690.6787   16.6760
    7.5000    0.0000   15.0000 2662.9390   16.8270
   -7.5000    7.5000   15.0000 2790.7429   15.8368
    0.0000    7.5000   15.0000 2804.4136   15.9485
    7.5000    7.5000   15.0000 2762.6453   16.0156
   -7.5000   15.0000   15.0000 2861.5842   15.1480
    0.0000   15.0000   15.0000 2879.9868   15.2777
    7.5000   15.0000   15.0000 2823.5012   15.4301
   -7.5000   22.5000   15.0000 2901.4111   14.9139
    0.0000   22.5000   15.0000 2906.1467   14.9303
    7.5000   22.5000   15.0000 2861.3940   15.2548
   -7.5000   30.0000   15.0000 2888.4043   15.1595
    0.0000   30.0000   15.0000 2896.2422   15.1810
    7.5000   30.0000   15.0000 2852.1709   15.4491
   -7.5000   37.5000   15.0000 2837.8850   15.7954
    0.0000   37.5000   15.0000 2849.1182   15.8385
    7.5000   37.5000   15.0000 2800.1926   16.0054
   -7.5000   45.0000   15.0000 2744.4224   16.7326
    0.0000   45.0000   15.0000 2748.8313   16.7349
    7.5000   45.0000   15.0000 2716.2349   16.9033
   -7.5000   52.5000   15.0000 2616.9875   17.7535
    0.0000   52.5000   15.0000 2621.1099   17.7225
    7.5000   52.5000   15.0000 2594.5090   17.9117
   -7.5000  -37.5000   22.5000 2035.6659   28.6769
    0.0000  -37.5000   22.5000 2052.1899   28.9826
    7.5000  -37.5000   22.5000 2025.8578   29.2673
   -7.5000  -30.0000   22.5000 2155.1233   24.8925
    0.0000  -30.0000   22.5000 2174.5164   25.2039
    7.5000  -30.0000   22.5000 2156.6606   25.5243
   -7.5000  -22.5000   22.5000 2282.9277   22.2107
    0.0000  -22.5000   22.5000 2299.9114   22.4155
    7.5000  -22.5000   22.5000 2272.6663   22.7116
   -7.5000  -15.0000   22.5000 2400.0618   20.1148
    0.0000  -15.0000   22.5000 2412.7603   20.1903
    7.5000  -15.0000   22.5000 2387.3755   20.5663
   -7.5000   -7.5000   22.5000 2514.0164   18.4221
    0.0000   -7.5000   22.5000 2522.6104   18.4399
    7.5000   -7.5000   22.5000 2508.6611   18.8566
   -7.5000    0.0000   22.5000 2628.3809   17.1400
    0.0000    0.0000   22.5000 2629.3560   17.1504
    7.5000    0.0000   22.5000 2617.5044   17.5809
   -7.5000    7.5000   22.5000 2730.1038   16.2693
    0.0000    7.5000   22.5000 2732.6003   16.3173
    7.5000    7.5000   22.5000 2718.0898   16.6666
   -7.5000   15.0000   22.5000 2799.6902   15.5580
    0.0000   15.0000   22.5000 2801.7490   15.5404
    7.5000   15.0000   22.5000 2783.6946   16.0303
   -7.5000   22.5000   22.5000 2841.6233   15.4104
    0.0000   22.5000   22.5000 2839.1328   15.3818
    7.5000   22.5000   22.5000 2820.2661   15.8621
   -7.5000   30.0000   22.5000 2830.3611   15.6947
    0.0000   30.0000   22.5000 2835.3914   15.6982
    7.5000   30.0000   22.5000 2809.8076   16.0256
   -7.5000   37.5000   22.5000 2791.6824   16.3364
    0.0000   37.5000   22.5000 2799.1455   16.3262
    7.5000   37.5000   22.5000 2760.8271   16.5834
   -7.5000   45.0000   22.5000 2707.5933   17.2389
    0.0000   45.0000   22.5000 2715.1897   17.2383
    7.5000   45.0000   22.5000 2684.5679   17.4617
   -7.5000   52.5000   22.5000 2577.8235   18.2938
    0.0000   52.5000   22.5000 2585.5779   18.2673
    7.5000   52.5000   22.5000 2561.4854   18.5140
   -7.5000  -37.5000   30.0000 1972.5062   30.5109
    0.0000  -37.5000   30.0000 1987.3528   30.8376
    7.5000  -37.5000   30.0000 1969.9279   31.1452
   -7.5000  -30.0000   30.0000 2096.7793   26.5411
    0.0000  -30.0000   30.0000 2113.4114   26.7380
    7.5000  -30.0000   30.0000 2100.1885   27.1947
   -7.5000  -22.5000   30.0000 2229.3115   23.5436
    0.0000  -22.5000   30.0000 2240.5603   23.5584
    7.5000  -22.5000   30.0000 2224.1611   24.0814
   -7.5000  -15.0000   30.0000 2353.4094   21.1856
    0.0000  -15.0000   30.0000 2356.1658   21.0797
    7.5000  -15.0000   30.0000 2342.7437   21.7267
   -7.5000   -7.5000   30.0000 2468.7971   19.3185
    0.0000   -7.5000   30.0000 2467.9250   19.2281
    7.5000   -7.5000   30.0000 2459.6934   19.9286
   -7.5000    0.0000   30.0000 2573.3433   17.9335
    0.0000    0.0000   30.0000 2570.3496   17.8736
    7.5000    0.0000   30.0000 2567.3049   18.4897
   -7.5000    7.5000   30.0000 2666.9055   16.9072
    0.0000    7.5000   30.0000 2660.8999   16.8217
    7.5000    7.5000   30.0000 2660.8909   17.4377
   -7.5000   15.0000   30.0000 2733.3333   16.1985
    0.0000   15.0000   30.0000 2723.6284   16.1332
    7.5000   15.0000   30.0000 2719.2429   16.7731
   -7.5000   22.5000   30.0000 2768.5271   16.1426
    0.0000   22.5000   30.0000 2758.1121   16.0778
    7.5000   22.5000   30.0000 2750.6804   16.6165
   -7.5000   30.0000   30.0000 2752.1917   16.4633
    0.0000   30.0000   30.0000 2755.8411   16.4153
    7.5000   30.0000   30.0000 2740.3088   16.8349
   -7.5000   37.5000   30.0000 2721.9521   17.0842
    0.0000   37.5000   30.0000 2726.0930   17.0246
    7.5000   37.5000   30.0000 2699.2571   17.3671
   -7.5000   45.0000   30.0000 2654.0325   17.9196
    0.0000   45.0000   30.0000 2658.4717   17.8937
    7.5000   45.0000   30.0000 2629.1050   18.2158
   -7.5000   52.5000   30.0000 2536.4658   18.9812
    0.0000   52.5000   30.0000 2539.9229   18.9596
    7.5000   52.5000   30.0000 2515.8589   19.2857
   -7.5000  -37.5000   37.5000 1909.7675   32.7463
    0.0000  -37.5000   37.5000 1917.8228   32.8131
    7.5000  -37.5000   37.5000 1903.8141   33.3422
   -7.5000  -30.0000   37.5000 2038.3617   28.3340
    0.0000  -30.0000   37.5000 2048.2856   28.1655
    7.5000  -30.0000   37.5000 2041.4022   28.9701
   -7.5000  -22.5000   37.5000 2167.7239   24.9709
    0.0000  -22.5000   37.5000 2175.0059   24.6914
    7.5000  -22.5000   37.5000 2166.6682   25.5516
   -7.5000  -15.0000   37.5000 2292.4480   22.4263
    0.0000  -15.0000   37.5000 2294.1106   22.1319
    7.5000  -15.0000   37.5000 2281.6221   23.0375
   -7.5000   -7.5000   37.5000 2412.0286   20.4311
    0.0000   -7.5000   37.5000 2409.7537   20.2833
    7.5000   -7.5000   37.5000 2396.6479   21.0976
   -7.5000    0.0000   37.5000 2508.3340   18.9679
    0.0000    0.0000   37.5000 2509.9702   18.8567
    7.5000    0.0000   37.5000 2502.8235   19.5877
   -7.5000    7.5000   37.5000 2595.7830   17.8339
    0.0000    7.5000   37.5000 2595.3936   17.7431
    7.5000    7.5000   37.5000 2588.7178   18.4745
   -7.5000   15.0000   37.5000 2656.7136   17.1712
    0.0000   15.0000   37.5000 2647.4221   17.1472
    7.5000   15.0000   37.5000 2643.0237   17.7891
   -7.5000   22.5000   37.5000 2683.0820   17.1206
    0.0000   22.5000   37.5000 2676.3149   17.0544
    7.5000   22.5000   37.5000 2670.0193   17.6102
   -7.5000   30.0000   37.5000 2667.7864   17.4481
    0.0000   30.0000   37.5000 2669.4680   17.3958
    7.5000   30.0000   37.5000 2657.6055   17.8378
   -7.5000   37.5000   37.5000 2642.9180   18.0401
    0.0000   37.5000   37.5000 2646.9958   17.9564
    7.5000   37.5000   37.5000 2627.1987   18.3661
   -7.5000   45.0000   37.5000 2580.1462   18.8343
    0.0000   45.0000   37.5000 2584.9011   18.7865
    7.5000   45.0000   37.5000 2556.1021   19.2110
   -7.5000   52.5000   37.5000 2476.6963   19.8293
    0.0000   52.5000   37.5000 2479.4348   19.8258
    7.5000   52.5000   37.5000 2454.0344   20.2186
   -7.5000  -37.5000   45.0000 1835.1844   35.1685
    0.0000  -37.5000   45.0000 1842.0031   34.9842
    7.5000  -37.5000   45.0000 1826.1018   35.8094
   -7.5000  -30.0000   45.0000 1971.3715   30.1855
    0.0000  -30.0000   45.0000 1979.3340   29.9302
    7.5000  -30.0000   45.0000 1968.5471   30.8763
   -7.5000  -22.5000   45.0000 2100.6648   26.5852
    0.0000  -22.5000   45.0000 2102.6401   26.2337
    7.5000  -22.5000   45.0000 2090.9263   27.2492
   -7.5000  -15.0000   45.0000 2221.0957   23.8703
    0.0000  -15.0000   45.0000 2223.2427   23.6199
    7.5000  -15.0000   45.0000 2205.9771   24.5889
   -7.5000   -7.5000   45.0000 2340.0029   21.8418
    0.0000   -7.5000   45.0000 2339.6440   21.6834
    7.5000   -7.5000   45.0000 2319.5776   22.5833
   -7.5000    0.0000   45.0000 2428.7529   20.2830
    0.0000    0.0000   45.0000 2434.3784   20.2036
    7.5000    0.0000   45.0000 2420.2180   20.9724
   -7.5000    7.5000   45.0000 2509.5581   19.1232
    0.0000    7.5000   45.0000 2512.6182   19.0706
    7.5000    7.5000   45.0000 2500.1562   19.8200
   -7.5000   15.0000   45.0000 2558.6208   18.4772
    0.0000   15.0000   45.0000 2555.3440   18.4734
    7.5000   15.0000   45.0000 2546.0918   19.1036
   -7.5000   22.5000   45.0000 2583.2288   18.3988
    0.0000   22.5000   45.0000 2582.1770   18.3530
    7.5000   22.5000   45.0000 2568.8184   18.8722
   -7.5000   30.0000   45.0000 2574.3574   18.7263
    0.0000   30.0000   45.0000 2573.6697   18.6658
    7.5000   30.0000   45.0000 2560.4292   19.0744
   -7.5000   37.5000   45.0000 2550.5955   19.2694
    0.0000   37.5000   45.0000 2554.4744   19.2390
    7.5000   37.5000   45.0000 2535.4949   19.6065
   -7.5000   45.0000   45.0000 2500.1672   19.9966
    0.0000   45.0000   45.0000 2508.9587   19.9456
    7.5000   45.0000   45.0000 2475.3074   20.3818
   -7.5000   52.5000   45.0000 2400.8599   20.9337
    0.0000   52.5000   45.0000 2410.1917   20.8880
    7.5000   52.5000   45.0000 2375.9607   21.3486

---------------------------------------------------------------------
imgreg_4dfp /opt/freesurfer/average/711-2C_as_mni_average_305 /opt/freesurfer/average/711-2B_as_mni_average_305_mask talsrcimg_g11 none talsrcimg_to_711-2C_as_mni_average_305_t4 1283
---------------------------------------------------------------------

freesurfer imgreg_4dfp.c
/opt/freesurfer/average/711-2C_as_mni_average_305.4dfp.img
       256       256       256         1
  1.000000  1.000000  1.000000
orientation T byte_order littleendian
Reading image: /opt/freesurfer/average/711-2C_as_mni_average_305.4dfp.img
dimensions:      256       256       256
mmppix:       1.0000   -1.0000   -1.0000
center:     128.0000 -129.0000 -129.0000
/opt/freesurfer/average/711-2B_as_mni_average_305_mask.4dfp.img
       256       256       256         1
  1.000000  1.000000  1.000000
orientation T byte_order littleendian
Reading mask: /opt/freesurfer/average/711-2B_as_mni_average_305_mask.4dfp.img (2306576 pixels)
talsrcimg_g11.4dfp.img
       256       256       256         1
  1.000000  1.000000  1.000000
orientation T byte_order littleendian
Reading image: talsrcimg_g11.4dfp.img
dimensions:      256       256       256
mmppix:       1.0000   -1.0000   -1.0000
center:     128.0000 -129.0000 -129.0000
rotation matrix determinant  1.000000
fimgreg.f
image alignment mode   1283 decimal      503 hex
parameters
    0.0000   22.5000    7.5000    0.0000    0.0000    0.0000
eta,q 0.93002 14.84959
niter,ni,del,rscale     5    3   12.0000    1.2000
parameter  4  1.403461 ->  0.500000 qaram    1.1500
parameter  6 -0.505731 -> -0.500000 qaram    1.1500
parameters
   -2.6581   19.6740    5.8294   -3.4500    0.3327    3.4500
eta,q 0.94257 14.95284
  0.0728  0.0667  0.0704  0.0576  0.0676  0.0706
  0.0674  0.0640  0.0660  0.0586  0.0639  0.0653
  0.0668  0.0649  0.0628  0.0607  0.0608  0.0615
  0.0709  0.0660  0.0643  0.0627  0.0592  0.0592
  0.0764  0.0681  0.0692  0.0660  0.0596  0.0576
  0.0833  0.0716  0.0756  0.0702  0.0621  0.0575
  0.0928  0.0753  0.0834  0.0742  0.0665  0.0589
niter,ni,del,rscale     6    3   12.0000    1.2000
parameter  4  0.829288 ->  0.500000 qaram    1.3225
parameters
   -2.6227   20.2270    4.8216   -7.4175    0.1828    3.1119
eta,q 0.94751 14.94962
  0.0778  0.0699  0.0689  0.0543  0.0607  0.0606
  0.0684  0.0614  0.0613  0.0525  0.0567  0.0561
  0.0601  0.0577  0.0574  0.0535  0.0539  0.0531
  0.0574  0.0574  0.0579  0.0569  0.0525  0.0525
  0.0608  0.0596  0.0634  0.0610  0.0540  0.0539
  0.0680  0.0615  0.0697  0.0647  0.0570  0.0573
  0.0772  0.0638  0.0758  0.0691  0.0618  0.0623
niter,ni,del,rscale     6    3   12.0000    1.2000
parameters
   -2.6323   21.2330    4.1718   -8.9814    0.2097    2.7759
eta,q 0.94924 14.91002
  0.0729  0.0709  0.0664  0.0586  0.0604  0.0588
  0.0634  0.0617  0.0581  0.0545  0.0563  0.0543
  0.0551  0.0560  0.0526  0.0512  0.0528  0.0513
  0.0525  0.0525  0.0522  0.0515  0.0508  0.0508
  0.0564  0.0532  0.0576  0.0553  0.0524  0.0525
  0.0632  0.0574  0.0644  0.0611  0.0556  0.0556
  0.0728  0.0610  0.0712  0.0652  0.0607  0.0602
niter,ni,del,rscale     5    3   12.0000    1.2000
parameters
   -2.6916   21.9460    3.8760  -10.2633    0.1995    2.4944
eta,q 0.94942 14.91680
  0.0717  0.0683  0.0668  0.0578  0.0604  0.0582
  0.0616  0.0599  0.0588  0.0540  0.0558  0.0540
  0.0533  0.0538  0.0528  0.0514  0.0521  0.0513
  0.0508  0.0507  0.0510  0.0508  0.0506  0.0506
  0.0550  0.0532  0.0552  0.0536  0.0521  0.0521
  0.0623  0.0582  0.0618  0.0586  0.0553  0.0552
  0.0719  0.0602  0.0690  0.0634  0.0608  0.0592
niter,ni,del,rscale     4    3   12.0000    1.2000
parameters
   -2.6975   22.6379    3.5430  -11.1746    0.1163    2.4524
eta,q 0.94929 14.88906
  0.0720  0.0675  0.0661  0.0582  0.0601  0.0582
  0.0616  0.0593  0.0582  0.0537  0.0553  0.0543
  0.0531  0.0530  0.0529  0.0507  0.0518  0.0515
  0.0506  0.0506  0.0510  0.0509  0.0507  0.0507
  0.0544  0.0534  0.0548  0.0532  0.0522  0.0519
  0.0617  0.0577  0.0615  0.0569  0.0554  0.0545
  0.0717  0.0596  0.0688  0.0615  0.0608  0.0582
niter,ni,del,rscale     3    3   12.0000    1.2000
parameters
   -2.7003   23.1747    3.2506  -11.6726    0.0601    2.5615
eta,q 0.94932 14.84586
  0.0721  0.0660  0.0658  0.0593  0.0601  0.0584
  0.0617  0.0581  0.0576  0.0543  0.0552  0.0545
  0.0532  0.0524  0.0526  0.0498  0.0516  0.0515
  0.0507  0.0507  0.0510  0.0510  0.0507  0.0507
  0.0544  0.0536  0.0540  0.0535  0.0521  0.0517
  0.0616  0.0574  0.0605  0.0564  0.0552  0.0542
  0.0718  0.0596  0.0681  0.0602  0.0605  0.0579
niter,ni,del,rscale     2    3   12.0000    1.2000
parameters
   -2.7377   23.4391    3.0945  -11.9179    0.0501    2.6264
eta,q 0.94937 14.82059
  0.0719  0.0644  0.0661  0.0602  0.0603  0.0584
  0.0615  0.0570  0.0576  0.0549  0.0553  0.0546
  0.0531  0.0519  0.0524  0.0496  0.0516  0.0515
  0.0507  0.0506  0.0508  0.0508  0.0506  0.0506
  0.0545  0.0540  0.0533  0.0536  0.0520  0.0516
  0.0619  0.0574  0.0595  0.0564  0.0551  0.0542
  0.0720  0.0604  0.0670  0.0596  0.0604  0.0582
niter,ni,del,rscale     1    3   12.0000    1.2000
parameters
   -2.7749   23.5552    3.0454  -12.0204    0.0708    2.6440
eta,q 0.94940 14.81059
  0.0718  0.0637  0.0664  0.0606  0.0604  0.0584
  0.0615  0.0565  0.0578  0.0554  0.0553  0.0545
  0.0532  0.0516  0.0523  0.0496  0.0517  0.0514
  0.0506  0.0506  0.0507  0.0507  0.0506  0.0506
  0.0545  0.0542  0.0529  0.0536  0.0519  0.0516
  0.0620  0.0575  0.0589  0.0563  0.0550  0.0543
  0.0719  0.0608  0.0663  0.0593  0.0603  0.0584
registration optimization eta report
parameter search radius
    6.0000    6.0000    6.0000    7.9350    6.0000    6.9000
100000*second partial in parameter space
       57.       31.       43.       15.       27.       16.
  0.0718  0.0637  0.0664  0.0606  0.0604  0.0584
  0.0615  0.0565  0.0578  0.0554  0.0553  0.0545
  0.0532  0.0516  0.0523  0.0496  0.0517  0.0514
  0.0506  0.0506  0.0507  0.0507  0.0506  0.0506
  0.0545  0.0542  0.0529  0.0536  0.0519  0.0516
  0.0620  0.0575  0.0589  0.0563  0.0550  0.0543
  0.0719  0.0608  0.0663  0.0593  0.0603  0.0584
   -2.7749   23.5552    3.0454  -12.0204    0.0708    2.6440
eta,q 0.94940 14.81059

---------------------------------------------------------------------
imgreg_4dfp /opt/freesurfer/average/711-2C_as_mni_average_305 /opt/freesurfer/average/711-2B_as_mni_average_305_mask talsrcimg_g11 none talsrcimg_to_711-2C_as_mni_average_305_t4 3335
---------------------------------------------------------------------

freesurfer imgreg_4dfp.c
/opt/freesurfer/average/711-2C_as_mni_average_305.4dfp.img
       256       256       256         1
  1.000000  1.000000  1.000000
orientation T byte_order littleendian
Reading image: /opt/freesurfer/average/711-2C_as_mni_average_305.4dfp.img
dimensions:      256       256       256
mmppix:       1.0000   -1.0000   -1.0000
center:     128.0000 -129.0000 -129.0000
/opt/freesurfer/average/711-2B_as_mni_average_305_mask.4dfp.img
       256       256       256         1
  1.000000  1.000000  1.000000
orientation T byte_order littleendian
Reading mask: /opt/freesurfer/average/711-2B_as_mni_average_305_mask.4dfp.img (2306576 pixels)
talsrcimg_g11.4dfp.img
       256       256       256         1
  1.000000  1.000000  1.000000
orientation T byte_order littleendian
Reading image: talsrcimg_g11.4dfp.img
dimensions:      256       256       256
mmppix:       1.0000   -1.0000   -1.0000
center:     128.0000 -129.0000 -129.0000
fimgreg.f
image alignment mode   3335 decimal      D07 hex
parameters
   -2.7749   23.5552    3.0454   -0.1065   -2.2956   -2.1927
   -4.4862   -1.0815    4.6130   20.7982    0.1236  -20.8260
eta,q 0.95195 14.88817
niter,ni,del,rscale     5    3    5.0000    1.2000
parameter  4  1.182782 ->  0.500000 qaram    1.1500
parameter  5-10.385214 ->  0.500000 qaram    1.1500
parameter  6  0.591876 ->  0.500000 qaram    1.1500
parameter 12 -0.512208 -> -0.500000 qaram    1.1500
parameters
   -2.9404   24.2195    3.1913   -4.2465   -6.4356   -6.3327
   -3.6632   -0.5056    5.1470   20.7997    2.6142  -16.6860
eta,q 0.96833 14.84249
  0.0532  0.0509  0.0515  0.0394  0.0288  0.0324  0.0362  0.0404  0.0353  0.0364  0.0346  0.0359
  0.0502  0.0496  0.0497  0.0400  0.0328  0.0322  0.0342  0.0358  0.0338  0.0344  0.0335  0.0342
  0.0484  0.0487  0.0484  0.0425  0.0367  0.0326  0.0329  0.0332  0.0327  0.0329  0.0327  0.0330
  0.0481  0.0480  0.0478  0.0478  0.0404  0.0339  0.0323  0.0323  0.0323  0.0323  0.0323  0.0321
  0.0491  0.0478  0.0480  0.0556  0.0443  0.0380  0.0325  0.0328  0.0325  0.0328  0.0321  0.0317
  0.0514  0.0481  0.0490  0.0641  0.0477  0.0451  0.0333  0.0346  0.0333  0.0343  0.0323  0.0317
  0.0546  0.0489  0.0508  0.0708  0.0512  0.0527  0.0347  0.0379  0.0345  0.0365  0.0327  0.0321
niter,ni,del,rscale     7    3    5.0000    1.2000
parameter  3  0.635678 ->  0.500000 qaram    1.1500
parameter  5  1.324726 ->  0.500000 qaram    1.3225
parameters
   -2.7879   23.4431    1.8113   -7.3031  -11.1966   -7.6480
   -3.6023   -1.0742    5.7875   20.2027    2.3790  -20.6347
eta,q 0.97452 14.62657
  0.0369  0.0327  0.0308  0.0323  0.0259  0.0289  0.0292  0.0304  0.0292  0.0292  0.0266  0.0261
  0.0342  0.0316  0.0306  0.0311  0.0256  0.0273  0.0275  0.0278  0.0276  0.0275  0.0262  0.0255
  0.0324  0.0313  0.0308  0.0303  0.0271  0.0263  0.0264  0.0263  0.0265  0.0263  0.0260  0.0255
  0.0317  0.0317  0.0313  0.0306  0.0304  0.0258  0.0260  0.0260  0.0260  0.0260  0.0260  0.0260
  0.0320  0.0326  0.0322  0.0331  0.0344  0.0259  0.0264  0.0269  0.0261  0.0265  0.0261  0.0267
  0.0334  0.0341  0.0336  0.0387  0.0378  0.0283  0.0275  0.0288  0.0269  0.0281  0.0263  0.0278
  0.0357  0.0360  0.0354  0.0469  0.0412  0.0342  0.0291  0.0321  0.0283  0.0308  0.0267  0.0291
niter,ni,del,rscale     7    3    5.0000    1.2000
parameters
   -2.8872   23.6606    1.4889   -7.1017  -14.4044   -7.2975
   -3.8746   -1.1212    6.3286   21.4915    3.2531  -23.0056
eta,q 0.97559 14.56249
  0.0292  0.0300  0.0270  0.0302  0.0281  0.0288  0.0277  0.0298  0.0278  0.0289  0.0257  0.0255
  0.0271  0.0277  0.0261  0.0282  0.0261  0.0270  0.0261  0.0270  0.0263  0.0269  0.0252  0.0247
  0.0258  0.0261  0.0255  0.0266  0.0249  0.0257  0.0251  0.0254  0.0253  0.0256  0.0248  0.0244
  0.0255  0.0255  0.0254  0.0254  0.0253  0.0250  0.0249  0.0249  0.0249  0.0249  0.0247  0.0247
  0.0260  0.0257  0.0258  0.0251  0.0282  0.0244  0.0254  0.0255  0.0250  0.0247  0.0247  0.0253
  0.0275  0.0267  0.0267  0.0266  0.0327  0.0254  0.0265  0.0270  0.0258  0.0253  0.0249  0.0262
  0.0298  0.0286  0.0280  0.0310  0.0368  0.0292  0.0281  0.0300  0.0271  0.0269  0.0253  0.0273
niter,ni,del,rscale     6    3    5.0000    1.2000
parameters
   -2.8985   24.1379    1.3028   -6.4923  -15.4580   -7.5587
   -3.9933   -1.2536    6.4614   22.3286    3.4225  -23.6921
eta,q 0.97586 14.54649
  0.0284  0.0293  0.0261  0.0296  0.0295  0.0281  0.0273  0.0292  0.0269  0.0277  0.0251  0.0260
  0.0262  0.0270  0.0250  0.0275  0.0269  0.0262  0.0256  0.0264  0.0255  0.0259  0.0246  0.0247
  0.0249  0.0253  0.0244  0.0257  0.0250  0.0249  0.0246  0.0248  0.0246  0.0248  0.0243  0.0242
  0.0244  0.0244  0.0243  0.0243  0.0240  0.0242  0.0242  0.0242  0.0242  0.0242  0.0242  0.0242
  0.0249  0.0243  0.0246  0.0237  0.0250  0.0238  0.0247  0.0248  0.0245  0.0243  0.0243  0.0246
  0.0263  0.0251  0.0254  0.0251  0.0287  0.0256  0.0258  0.0265  0.0254  0.0250  0.0245  0.0254
  0.0285  0.0266  0.0267  0.0295  0.0333  0.0299  0.0275  0.0297  0.0267  0.0265  0.0251  0.0264
niter,ni,del,rscale     5    3    5.0000    1.2000
parameters
   -2.9000   24.3441    1.1195   -6.3725  -15.8365   -7.7519
   -4.0386   -1.2894    6.4608   22.7262    3.4928  -24.0207
eta,q 0.97582 14.53241
  0.0283  0.0281  0.0259  0.0293  0.0302  0.0281  0.0273  0.0294  0.0267  0.0272  0.0251  0.0262
  0.0260  0.0260  0.0249  0.0273  0.0275  0.0263  0.0256  0.0264  0.0254  0.0255  0.0246  0.0249
  0.0246  0.0247  0.0243  0.0255  0.0254  0.0249  0.0246  0.0248  0.0245  0.0246  0.0243  0.0243
  0.0241  0.0241  0.0241  0.0241  0.0241  0.0242  0.0242  0.0242  0.0242  0.0242  0.0242  0.0242
  0.0246  0.0244  0.0244  0.0237  0.0244  0.0237  0.0246  0.0247  0.0245  0.0244  0.0243  0.0246
  0.0260  0.0253  0.0252  0.0256  0.0275  0.0255  0.0257  0.0264  0.0254  0.0251  0.0245  0.0253
  0.0283  0.0269  0.0265  0.0305  0.0323  0.0298  0.0274  0.0296  0.0267  0.0266  0.0251  0.0263
niter,ni,del,rscale     4    3    5.0000    1.2000
parameters
   -2.8998   24.4418    1.0204   -6.3159  -16.0077   -7.8806
   -4.0394   -1.3033    6.4392   22.9318    3.5233  -24.1561
eta,q 0.97577 14.52431
  0.0283  0.0277  0.0261  0.0293  0.0303  0.0282  0.0273  0.0294  0.0267  0.0270  0.0251  0.0263
  0.0260  0.0258  0.0250  0.0273  0.0277  0.0263  0.0257  0.0265  0.0253  0.0254  0.0246  0.0249
  0.0246  0.0246  0.0244  0.0256  0.0256  0.0250  0.0246  0.0248  0.0245  0.0246  0.0244  0.0243
  0.0242  0.0242  0.0242  0.0242  0.0242  0.0242  0.0242  0.0242  0.0242  0.0242  0.0242  0.0242
  0.0246  0.0245  0.0244  0.0238  0.0243  0.0237  0.0246  0.0247  0.0245  0.0244  0.0243  0.0246
  0.0260  0.0255  0.0252  0.0257  0.0271  0.0254  0.0257  0.0264  0.0254  0.0252  0.0246  0.0253
  0.0283  0.0271  0.0264  0.0308  0.0319  0.0297  0.0273  0.0296  0.0267  0.0267  0.0251  0.0262
niter,ni,del,rscale     3    3    5.0000    1.2000
parameters
   -2.9004   24.4961    0.9612   -6.2853  -16.0924   -7.9646
   -4.0291   -1.3101    6.4244   23.0453    3.5555  -24.2287
eta,q 0.97573 14.51944
  0.0283  0.0275  0.0262  0.0294  0.0304  0.0282  0.0274  0.0295  0.0267  0.0269  0.0251  0.0264
  0.0261  0.0257  0.0251  0.0274  0.0278  0.0264  0.0257  0.0265  0.0254  0.0254  0.0247  0.0250
  0.0247  0.0246  0.0245  0.0256  0.0257  0.0250  0.0246  0.0249  0.0245  0.0245  0.0244  0.0244
  0.0242  0.0242  0.0242  0.0242  0.0242  0.0243  0.0243  0.0243  0.0243  0.0243  0.0243  0.0243
  0.0247  0.0246  0.0245  0.0239  0.0243  0.0237  0.0246  0.0247  0.0245  0.0245  0.0243  0.0246
  0.0261  0.0256  0.0252  0.0258  0.0270  0.0254  0.0257  0.0264  0.0254  0.0252  0.0246  0.0253
  0.0283  0.0272  0.0264  0.0309  0.0318  0.0297  0.0273  0.0296  0.0267  0.0268  0.0251  0.0262
niter,ni,del,rscale     2    3    5.0000    1.2000
parameters
   -2.9012   24.5276    0.9241   -6.2684  -16.1430   -8.0184
   -4.0186   -1.3197    6.4123   23.1164    3.5624  -24.2700
eta,q 0.97571 14.51628
  0.0283  0.0275  0.0262  0.0294  0.0304  0.0283  0.0274  0.0295  0.0267  0.0268  0.0251  0.0264
  0.0261  0.0257  0.0251  0.0274  0.0278  0.0264  0.0257  0.0265  0.0254  0.0253  0.0247  0.0250
  0.0247  0.0246  0.0245  0.0257  0.0257  0.0251  0.0247  0.0249  0.0246  0.0245  0.0244  0.0244
  0.0243  0.0243  0.0243  0.0243  0.0243  0.0243  0.0243  0.0243  0.0243  0.0243  0.0243  0.0243
  0.0247  0.0246  0.0245  0.0239  0.0243  0.0238  0.0247  0.0248  0.0246  0.0245  0.0244  0.0246
  0.0261  0.0256  0.0252  0.0259  0.0270  0.0253  0.0257  0.0264  0.0254  0.0252  0.0246  0.0253
  0.0283  0.0272  0.0264  0.0309  0.0317  0.0296  0.0274  0.0296  0.0267  0.0268  0.0252  0.0262
niter,ni,del,rscale     1    3    5.0000    1.2000
parameters
   -2.9030   24.5490    0.9018   -6.2584  -16.1738   -8.0509
   -4.0142   -1.3236    6.4089   23.1639    3.5780  -24.2891
eta,q 0.97570 14.51435
  0.0284  0.0274  0.0263  0.0294  0.0304  0.0283  0.0274  0.0295  0.0267  0.0268  0.0251  0.0264
  0.0261  0.0257  0.0252  0.0274  0.0279  0.0264  0.0257  0.0265  0.0254  0.0253  0.0247  0.0250
  0.0248  0.0246  0.0245  0.0257  0.0257  0.0251  0.0247  0.0249  0.0246  0.0246  0.0244  0.0244
  0.0243  0.0243  0.0243  0.0243  0.0243  0.0243  0.0243  0.0243  0.0243  0.0243  0.0243  0.0243
  0.0248  0.0247  0.0245  0.0239  0.0243  0.0238  0.0247  0.0248  0.0246  0.0245  0.0244  0.0246
  0.0261  0.0257  0.0252  0.0259  0.0269  0.0253  0.0257  0.0264  0.0254  0.0253  0.0246  0.0253
  0.0284  0.0273  0.0264  0.0310  0.0317  0.0296  0.0274  0.0296  0.0267  0.0268  0.0252  0.0262
registration optimization eta report
parameter search radius
    2.4000    2.4000    2.7600    8.2800    9.5220    8.2800
    7.2000    7.2000    7.2000    7.2000    7.2000    8.2800
100000*second partial in parameter space
       71.       53.       26.        9.        7.        7.
        6.       10.        5.        5.        2.        3.
  0.0284  0.0274  0.0263  0.0294  0.0304  0.0283  0.0274  0.0295  0.0267  0.0268  0.0251  0.0264
  0.0261  0.0257  0.0252  0.0274  0.0279  0.0264  0.0257  0.0265  0.0254  0.0253  0.0247  0.0250
  0.0248  0.0246  0.0245  0.0257  0.0257  0.0251  0.0247  0.0249  0.0246  0.0246  0.0244  0.0244
  0.0243  0.0243  0.0243  0.0243  0.0243  0.0243  0.0243  0.0243  0.0243  0.0243  0.0243  0.0243
  0.0248  0.0247  0.0245  0.0239  0.0243  0.0238  0.0247  0.0248  0.0246  0.0245  0.0244  0.0246
  0.0261  0.0257  0.0252  0.0259  0.0269  0.0253  0.0257  0.0264  0.0254  0.0253  0.0246  0.0253
  0.0284  0.0273  0.0264  0.0310  0.0317  0.0296  0.0274  0.0296  0.0267  0.0268  0.0252  0.0262
   -2.9030   24.5490    0.9018   -6.2584  -16.1738   -8.0509
   -4.0142   -1.3236    6.4089   23.1639    3.5780  -24.2891
eta,q 0.97570 14.51435

---------------------------------------------------------------------
imgreg_4dfp /opt/freesurfer/average/711-2C_as_mni_average_305 /opt/freesurfer/average/711-2B_as_mni_average_305_mask talsrcimg_g11 none talsrcimg_to_711-2C_as_mni_average_305_t4 2311
---------------------------------------------------------------------

freesurfer imgreg_4dfp.c
/opt/freesurfer/average/711-2C_as_mni_average_305.4dfp.img
       256       256       256         1
  1.000000  1.000000  1.000000
orientation T byte_order littleendian
Reading image: /opt/freesurfer/average/711-2C_as_mni_average_305.4dfp.img
dimensions:      256       256       256
mmppix:       1.0000   -1.0000   -1.0000
center:     128.0000 -129.0000 -129.0000
/opt/freesurfer/average/711-2B_as_mni_average_305_mask.4dfp.img
       256       256       256         1
  1.000000  1.000000  1.000000
orientation T byte_order littleendian
Reading mask: /opt/freesurfer/average/711-2B_as_mni_average_305_mask.4dfp.img (2306576 pixels)
talsrcimg_g11.4dfp.img
       256       256       256         1
  1.000000  1.000000  1.000000
orientation T byte_order littleendian
Reading image: talsrcimg_g11.4dfp.img
dimensions:      256       256       256
mmppix:       1.0000   -1.0000   -1.0000
center:     128.0000 -129.0000 -129.0000
fimgreg.f
image alignment mode   2311 decimal      907 hex
parameters
   -2.9030   24.5490    0.9018   -6.2584  -16.1738   -8.0509
   -4.0142   -1.3236    6.4089   23.1639    3.5780  -24.2891
eta,q 0.97570 14.51434
niter,ni,del,rscale     5    3    5.0000    0.8000
parameters
   -2.9050   24.5277    0.9272   -4.7262  -15.1939   -6.6594
   -4.0405   -1.3934    6.3192   23.5716    3.3786  -24.1321
eta,q 0.97667 14.72250
  0.0261  0.0256  0.0250  0.0269  0.0263  0.0256  0.0250  0.0264  0.0246  0.0251  0.0239  0.0243
  0.0251  0.0249  0.0246  0.0259  0.0253  0.0247  0.0241  0.0247  0.0239  0.0242  0.0236  0.0237
  0.0245  0.0244  0.0244  0.0250  0.0245  0.0241  0.0235  0.0237  0.0235  0.0236  0.0234  0.0234
  0.0243  0.0243  0.0243  0.0243  0.0239  0.0237  0.0233  0.0234  0.0234  0.0234  0.0233  0.0233
  0.0245  0.0245  0.0244  0.0239  0.0237  0.0233  0.0235  0.0237  0.0235  0.0234  0.0234  0.0234
  0.0251  0.0250  0.0246  0.0241  0.0240  0.0233  0.0241  0.0248  0.0240  0.0238  0.0236  0.0237
  0.0262  0.0257  0.0250  0.0251  0.0251  0.0244  0.0251  0.0266  0.0248  0.0246  0.0240  0.0241
niter,ni,del,rscale     4    3    5.0000    0.7000
parameters
   -2.8994   24.3206    0.9832   -5.0981  -14.9384   -6.5890
   -4.0389   -1.3829    6.3267   23.3797    3.4107  -24.0820
eta,q 0.97671 14.72318
  0.0251  0.0242  0.0240  0.0250  0.0252  0.0247  0.0246  0.0256  0.0244  0.0244  0.0238  0.0240
  0.0241  0.0236  0.0236  0.0242  0.0244  0.0241  0.0239  0.0243  0.0238  0.0238  0.0235  0.0236
  0.0235  0.0233  0.0234  0.0236  0.0237  0.0237  0.0234  0.0236  0.0234  0.0234  0.0233  0.0233
  0.0233  0.0233  0.0233  0.0233  0.0233  0.0233  0.0233  0.0233  0.0233  0.0233  0.0233  0.0233
  0.0235  0.0236  0.0234  0.0235  0.0233  0.0231  0.0234  0.0235  0.0234  0.0234  0.0233  0.0234
  0.0241  0.0241  0.0236  0.0244  0.0239  0.0236  0.0239  0.0243  0.0238  0.0239  0.0235  0.0236
  0.0250  0.0249  0.0239  0.0262  0.0250  0.0251  0.0246  0.0256  0.0243  0.0247  0.0238  0.0239
niter,ni,del,rscale     3    3    5.0000    0.6000
parameters
   -2.8932   24.2570    1.0150   -5.0077  -14.7951   -6.3006
   -4.0496   -1.3984    6.3158   23.3811    3.3318  -24.0228
eta,q 0.97681 14.74666
  0.0245  0.0241  0.0238  0.0248  0.0247  0.0244  0.0242  0.0250  0.0240  0.0242  0.0235  0.0237
  0.0238  0.0236  0.0235  0.0241  0.0241  0.0240  0.0236  0.0240  0.0236  0.0237  0.0233  0.0234
  0.0234  0.0234  0.0233  0.0236  0.0236  0.0236  0.0233  0.0234  0.0233  0.0233  0.0232  0.0232
  0.0233  0.0233  0.0233  0.0233  0.0233  0.0233  0.0232  0.0232  0.0232  0.0232  0.0232  0.0232
  0.0234  0.0234  0.0233  0.0233  0.0233  0.0231  0.0233  0.0234  0.0233  0.0233  0.0232  0.0233
  0.0238  0.0238  0.0235  0.0238  0.0238  0.0234  0.0236  0.0240  0.0236  0.0236  0.0234  0.0234
  0.0245  0.0243  0.0237  0.0249  0.0246  0.0244  0.0242  0.0250  0.0240  0.0242  0.0236  0.0237
niter,ni,del,rscale     2    3    5.0000    0.5000
parameters
   -2.8919   24.2238    1.0704   -4.9378  -14.7011   -5.9970
   -4.0564   -1.4072    6.3072   23.3870    3.2211  -23.9980
eta,q 0.97689 14.76659
  0.0241  0.0238  0.0236  0.0243  0.0242  0.0241  0.0238  0.0244  0.0237  0.0238  0.0234  0.0235
  0.0236  0.0235  0.0234  0.0238  0.0237  0.0238  0.0234  0.0237  0.0234  0.0235  0.0232  0.0233
  0.0233  0.0233  0.0232  0.0234  0.0234  0.0234  0.0232  0.0233  0.0232  0.0232  0.0231  0.0231
  0.0232  0.0232  0.0232  0.0232  0.0232  0.0232  0.0231  0.0231  0.0231  0.0231  0.0231  0.0231
  0.0233  0.0233  0.0232  0.0232  0.0232  0.0231  0.0232  0.0233  0.0232  0.0232  0.0231  0.0232
  0.0236  0.0235  0.0233  0.0236  0.0235  0.0233  0.0234  0.0237  0.0234  0.0234  0.0232  0.0233
  0.0241  0.0239  0.0235  0.0244  0.0242  0.0240  0.0238  0.0244  0.0237  0.0239  0.0234  0.0235
niter,ni,del,rscale     1    3    5.0000    0.4000
parameters
   -2.8876   24.2021    1.1426   -4.8829  -14.6391   -5.6998
   -4.0730   -1.4031    6.2978   23.3902    3.1268  -23.9751
eta,q 0.97694 14.78334
  0.0237  0.0235  0.0234  0.0239  0.0238  0.0238  0.0235  0.0239  0.0234  0.0236  0.0232  0.0233
  0.0234  0.0233  0.0233  0.0235  0.0235  0.0235  0.0233  0.0235  0.0232  0.0233  0.0231  0.0232
  0.0232  0.0232  0.0232  0.0233  0.0232  0.0233  0.0231  0.0232  0.0231  0.0231  0.0231  0.0231
  0.0231  0.0231  0.0231  0.0231  0.0231  0.0231  0.0231  0.0231  0.0231  0.0231  0.0231  0.0231
  0.0232  0.0232  0.0231  0.0231  0.0231  0.0230  0.0231  0.0231  0.0231  0.0231  0.0231  0.0231
  0.0234  0.0233  0.0232  0.0234  0.0234  0.0232  0.0233  0.0234  0.0232  0.0233  0.0231  0.0232
  0.0237  0.0236  0.0233  0.0239  0.0238  0.0236  0.0235  0.0239  0.0235  0.0236  0.0233  0.0233
registration optimization eta report
parameter search radius
    0.8000    0.8000    0.8000    2.4000    2.4000    2.4000
    2.4000    2.4000    2.4000    2.4000    2.4000    2.4000
100000*second partial in parameter space
       92.       71.       39.       13.       12.       11.
        8.       15.        7.        9.        3.        4.
  0.0237  0.0235  0.0234  0.0239  0.0238  0.0238  0.0235  0.0239  0.0234  0.0236  0.0232  0.0233
  0.0234  0.0233  0.0233  0.0235  0.0235  0.0235  0.0233  0.0235  0.0232  0.0233  0.0231  0.0232
  0.0232  0.0232  0.0232  0.0233  0.0232  0.0233  0.0231  0.0232  0.0231  0.0231  0.0231  0.0231
  0.0231  0.0231  0.0231  0.0231  0.0231  0.0231  0.0231  0.0231  0.0231  0.0231  0.0231  0.0231
  0.0232  0.0232  0.0231  0.0231  0.0231  0.0230  0.0231  0.0231  0.0231  0.0231  0.0231  0.0231
  0.0234  0.0233  0.0232  0.0234  0.0234  0.0232  0.0233  0.0234  0.0232  0.0233  0.0231  0.0232
  0.0237  0.0236  0.0233  0.0239  0.0238  0.0236  0.0235  0.0239  0.0235  0.0236  0.0233  0.0233
   -2.8876   24.2021    1.1426   -4.8829  -14.6391   -5.6998
   -4.0730   -1.4031    6.2978   23.3902    3.1268  -23.9751
eta,q 0.97694 14.78334

---------------------------------------------------------------------
imgreg_4dfp /opt/freesurfer/average/711-2C_as_mni_average_305 /opt/freesurfer/average/711-2B_as_mni_average_305_mask talsrcimg_g11 none talsrcimg_to_711-2C_as_mni_average_305_t4 2311
---------------------------------------------------------------------

freesurfer imgreg_4dfp.c
/opt/freesurfer/average/711-2C_as_mni_average_305.4dfp.img
       256       256       256         1
  1.000000  1.000000  1.000000
orientation T byte_order littleendian
Reading image: /opt/freesurfer/average/711-2C_as_mni_average_305.4dfp.img
dimensions:      256       256       256
mmppix:       1.0000   -1.0000   -1.0000
center:     128.0000 -129.0000 -129.0000
/opt/freesurfer/average/711-2B_as_mni_average_305_mask.4dfp.img
       256       256       256         1
  1.000000  1.000000  1.000000
orientation T byte_order littleendian
Reading mask: /opt/freesurfer/average/711-2B_as_mni_average_305_mask.4dfp.img (2306576 pixels)
talsrcimg_g11.4dfp.img
       256       256       256         1
  1.000000  1.000000  1.000000
orientation T byte_order littleendian
Reading image: talsrcimg_g11.4dfp.img
dimensions:      256       256       256
mmppix:       1.0000   -1.0000   -1.0000
center:     128.0000 -129.0000 -129.0000
fimgreg.f
image alignment mode   2311 decimal      907 hex
parameters
   -2.8876   24.2021    1.1426   -4.8829  -14.6391   -5.6998
   -4.0730   -1.4031    6.2978   23.3902    3.1268  -23.9751
eta,q 0.97694 14.78335
niter,ni,del,rscale     5    3    5.0000    0.8000
parameters
   -2.8840   24.1965    1.2673   -5.4635  -14.9663   -6.3565
   -4.0356   -1.3217    6.3798   23.0826    3.3614  -23.8508
eta,q 0.97667 14.71183
  0.0254  0.0249  0.0243  0.0252  0.0252  0.0247  0.0250  0.0264  0.0247  0.0247  0.0239  0.0242
  0.0241  0.0239  0.0236  0.0242  0.0242  0.0241  0.0241  0.0246  0.0240  0.0240  0.0236  0.0237
  0.0233  0.0232  0.0232  0.0234  0.0235  0.0236  0.0235  0.0237  0.0235  0.0235  0.0234  0.0234
  0.0231  0.0231  0.0231  0.0231  0.0231  0.0232  0.0233  0.0233  0.0233  0.0233  0.0233  0.0233
  0.0233  0.0233  0.0231  0.0234  0.0234  0.0233  0.0235  0.0236  0.0235  0.0235  0.0234  0.0234
  0.0241  0.0239  0.0234  0.0247  0.0244  0.0245  0.0240  0.0245  0.0239  0.0242  0.0235  0.0237
  0.0254  0.0249  0.0239  0.0272  0.0262  0.0268  0.0249  0.0262  0.0247  0.0252  0.0239  0.0241
niter,ni,del,rscale     4    3    5.0000    0.7000
parameters
   -2.8861   24.2271    1.1164   -5.1717  -14.8600   -6.4442
   -4.0588   -1.3570    6.3704   23.1923    3.3638  -23.9443
eta,q 0.97674 14.72693
  0.0250  0.0247  0.0238  0.0254  0.0251  0.0246  0.0245  0.0255  0.0243  0.0246  0.0237  0.0239
  0.0241  0.0239  0.0235  0.0245  0.0243  0.0240  0.0238  0.0243  0.0238  0.0239  0.0235  0.0235
  0.0235  0.0235  0.0233  0.0238  0.0236  0.0236  0.0234  0.0235  0.0234  0.0235  0.0233  0.0233
  0.0233  0.0233  0.0233  0.0233  0.0233  0.0232  0.0233  0.0233  0.0233  0.0233  0.0233  0.0233
  0.0235  0.0235  0.0235  0.0233  0.0233  0.0231  0.0234  0.0235  0.0234  0.0233  0.0233  0.0234
  0.0241  0.0239  0.0237  0.0238  0.0239  0.0237  0.0239  0.0243  0.0238  0.0237  0.0235  0.0236
  0.0250  0.0246  0.0241  0.0252  0.0251  0.0252  0.0246  0.0256  0.0244  0.0245  0.0237  0.0239
niter,ni,del,rscale     3    3    5.0000    0.6000
parameters
   -2.8888   24.2224    1.0705   -5.0351  -14.7634   -6.2497
   -4.0641   -1.3810    6.3427   23.3001    3.3111  -23.9668
eta,q 0.97682 14.74781
  0.0245  0.0242  0.0237  0.0248  0.0246  0.0243  0.0242  0.0249  0.0240  0.0242  0.0235  0.0237
  0.0238  0.0237  0.0234  0.0241  0.0240  0.0239  0.0236  0.0240  0.0236  0.0237  0.0233  0.0234
  0.0234  0.0234  0.0233  0.0236  0.0235  0.0236  0.0233  0.0234  0.0233  0.0234  0.0232  0.0232
  0.0233  0.0233  0.0233  0.0233  0.0232  0.0232  0.0232  0.0232  0.0232  0.0232  0.0232  0.0232
  0.0234  0.0234  0.0233  0.0233  0.0233  0.0231  0.0233  0.0234  0.0233  0.0232  0.0232  0.0233
  0.0238  0.0237  0.0235  0.0238  0.0238  0.0234  0.0236  0.0240  0.0236  0.0236  0.0233  0.0234
  0.0245  0.0242  0.0238  0.0248  0.0246  0.0244  0.0242  0.0250  0.0240  0.0242  0.0236  0.0237
niter,ni,del,rscale     2    3    5.0000    0.5000
parameters
   -2.8874   24.2108    1.0925   -4.9471  -14.6877   -5.9746
   -4.0706   -1.3963    6.3176   23.3585    3.2118  -23.9703
eta,q 0.97689 14.76735
  0.0241  0.0239  0.0236  0.0243  0.0242  0.0240  0.0238  0.0244  0.0237  0.0239  0.0234  0.0235
  0.0236  0.0235  0.0233  0.0238  0.0237  0.0237  0.0234  0.0237  0.0234  0.0235  0.0232  0.0233
  0.0233  0.0233  0.0232  0.0234  0.0234  0.0234  0.0232  0.0233  0.0232  0.0232  0.0231  0.0231
  0.0232  0.0232  0.0232  0.0232  0.0232  0.0232  0.0231  0.0231  0.0231  0.0231  0.0231  0.0231
  0.0233  0.0233  0.0232  0.0232  0.0232  0.0231  0.0232  0.0233  0.0232  0.0232  0.0231  0.0232
  0.0236  0.0235  0.0233  0.0236  0.0236  0.0233  0.0234  0.0237  0.0234  0.0234  0.0232  0.0233
  0.0241  0.0239  0.0235  0.0243  0.0242  0.0240  0.0238  0.0244  0.0237  0.0238  0.0234  0.0235
niter,ni,del,rscale     1    3    5.0000    0.4000
parameters
   -2.8862   24.1956    1.1461   -4.8896  -14.6283   -5.6968
   -4.0696   -1.3997    6.3094   23.3797    3.1112  -23.9723
eta,q 0.97694 14.78351
  0.0237  0.0235  0.0234  0.0239  0.0238  0.0238  0.0235  0.0239  0.0234  0.0236  0.0232  0.0233
  0.0234  0.0233  0.0232  0.0235  0.0235  0.0235  0.0233  0.0234  0.0232  0.0233  0.0231  0.0232
  0.0232  0.0232  0.0231  0.0232  0.0232  0.0233  0.0231  0.0232  0.0231  0.0231  0.0231  0.0231
  0.0231  0.0231  0.0231  0.0231  0.0231  0.0231  0.0231  0.0231  0.0231  0.0231  0.0231  0.0231
  0.0232  0.0232  0.0231  0.0231  0.0231  0.0230  0.0231  0.0232  0.0231  0.0231  0.0231  0.0231
  0.0234  0.0233  0.0232  0.0234  0.0234  0.0232  0.0233  0.0234  0.0232  0.0233  0.0232  0.0232
  0.0237  0.0236  0.0233  0.0239  0.0238  0.0237  0.0235  0.0239  0.0234  0.0236  0.0233  0.0233
registration optimization eta report
parameter search radius
    0.8000    0.8000    0.8000    2.4000    2.4000    2.4000
    2.4000    2.4000    2.4000    2.4000    2.4000    2.4000
100000*second partial in parameter space
       92.       71.       39.       13.       12.       11.
        8.       15.        7.        9.        3.        4.
  0.0237  0.0235  0.0234  0.0239  0.0238  0.0238  0.0235  0.0239  0.0234  0.0236  0.0232  0.0233
  0.0234  0.0233  0.0232  0.0235  0.0235  0.0235  0.0233  0.0234  0.0232  0.0233  0.0231  0.0232
  0.0232  0.0232  0.0231  0.0232  0.0232  0.0233  0.0231  0.0232  0.0231  0.0231  0.0231  0.0231
  0.0231  0.0231  0.0231  0.0231  0.0231  0.0231  0.0231  0.0231  0.0231  0.0231  0.0231  0.0231
  0.0232  0.0232  0.0231  0.0231  0.0231  0.0230  0.0231  0.0232  0.0231  0.0231  0.0231  0.0231
  0.0234  0.0233  0.0232  0.0234  0.0234  0.0232  0.0233  0.0234  0.0232  0.0233  0.0232  0.0232
  0.0237  0.0236  0.0233  0.0239  0.0238  0.0237  0.0235  0.0239  0.0234  0.0236  0.0233  0.0233
   -2.8862   24.1956    1.1461   -4.8896  -14.6283   -5.6968
   -4.0696   -1.3997    6.3094   23.3797    3.1112  -23.9723
eta,q 0.97694 14.78351

---------------------------------------------------------------------
compute_vox2vox talsrcimg talsrcimg_to_711-2C_as_mni_average_305_t4 /opt/freesurfer/average/711-2C_as_mni_average_305
---------------------------------------------------------------------

freesurfer compute_vox2vox.c
Reading: talsrcimg.4dfp.ifh
Reading: talsrcimg_to_711-2C_as_mni_average_305_t4
Reading: /opt/freesurfer/average/711-2C_as_mni_average_305.4dfp.ifh
Writing: talsrcimg_to_711-2C_as_mni_average_305_t4_vox2vox.txt

start time Wed Mar 11 14:25:01 CET 2026
end		time Wed Mar 11 14:26:31 CET 2026

mpr2mni305 success

avi2talxfm orig_nu.mgz /opt/freesurfer/average/mni305.cor.mgz talsrcimg_to_711-2C_as_mni_average_305_t4_vox2vox.txt transforms/talairach.auto.xfm
avi2talxfm done
mv -f /out/sourcedata/freesurfer/sub-v2s18x29518_ses-1/mri/talsrcimg_to_711-2C_as_mni_average_305_t4_vox2vox.txt /out/sourcedata/freesurfer/sub-v2s18x29518_ses-1/mri/transforms/talsrcimg_to_711-2C_as_mni_average_305_t4_vox2vox.txt
lta_convert --src orig_nu.mgz --trg /opt/freesurfer/average/mni305.cor.mgz --inxfm transforms/talairach.auto.xfm --outlta transforms/talairach.auto.xfm.lta --subject fsaverage
7.3.2

--src: orig_nu.mgz src image (geometry).
--trg: /opt/freesurfer/average/mni305.cor.mgz trg image (geometry).
--inmni: transforms/talairach.auto.xfm input MNI/XFM transform.
--outlta: transforms/talairach.auto.xfm.lta output LTA.
--s: fsaverage subject name
 LTA read, type : 1
 1.04794   0.00296   0.05079  -0.48154;
-0.05073   0.99125   0.27592  -42.99652;
-0.06356  -0.27168   1.09203   11.21725;
 0.00000   0.00000   0.00000   1.00000;
setting subject to fsaverage
Writing  LTA to file transforms/talairach.auto.xfm.lta...
lta_convert successful.
 
 
Started at Wed Mar 11 14:25:00 CET 2026
Ended   at Wed Mar 11 14:26:32 CET 2026
talairach_avi done
