/out/sourcedata/freesurfer/sub-v2s18x29503_ses-1/mri
/opt/freesurfer/bin/talairach_avi
--i orig_nu.mgz --xfm transforms/talairach.auto.xfm
talairach_avi 7.3.2
Linux dna063 5.14.0-427.37.1.el9_4.x86_64 #1 SMP PREEMPT_DYNAMIC Fri Sep 13 12:41:50 EDT 2024 x86_64 x86_64 x86_64 GNU/Linux
Wed Mar 11 13:26:48 CET 2026
mri_convert orig_nu.mgz talsrcimg.img 
reading from orig_nu.mgz...
TR=0.00, TE=0.00, TI=0.00, flip angle=0.00
i_ras = (-1, 3.34694e-09, 0)
j_ras = (-3.72529e-09, 4.65661e-10, -1)
k_ras = (-3.33239e-09, 1, 4.65661e-10)
writing to talsrcimg.img...
Analyze Output Matrix
-1.00000  -0.00000  -0.00000   128.24413;
 0.00000   0.00000   1.00000  -100.82188;
 0.00000  -1.00000   0.00000   103.11943;
 0.00000   0.00000   0.00000   1.00000;
--------------------
INFO: set hdr.hist.orient to -1
mpr2mni305 talsrcimg
Wed Mar 11 13:26:48 CET 2026
/opt/freesurfer/bin/mpr2mni305 talsrcimg
mpr2mni305 7.3.2
target=711-2C_as_mni_average_305

---------------------------------------------------------------------
analyzeto4dfp talsrcimg -O0 -y
---------------------------------------------------------------------

freesurfer ifh2hdr.c
Wed Mar 11 13:26:48 2026
Writing: talsrcimg.4dfp.hdr
freesurfer analyzeto4dfp.c
Reading: talsrcimg.hdr
header size 348 bytes
hdr.dime.datatype	offset=70	value=2
hdr.dime.bitpix		offset=72	value=8
hdr.hist.orient		offset=252	value=-1
dimensionality     4
dimensions       256       256       256         1
Reading: talsrcimg.img
Writing: talsrcimg.4dfp.img
Writing: talsrcimg.4dfp.ifh
ifh2hdr talsrcimg -r0to204
ori=2

---------------------------------------------------------------------
gauss_4dfp talsrcimg 1.1
---------------------------------------------------------------------

freesurfer gauss_4dfp.c
Reading: talsrcimg.4dfp.img
Writing: talsrcimg_g11.4dfp.img
image dimensions 256 256 256 padded to 288 288 288
processing volume 1freesurfer ifh2hdr.c
Wed Mar 11 13:26:50 2026
Writing: talsrcimg_g11.4dfp.hdr

Writing: talsrcimg_g11.4dfp.ifh
including: talsrcimg.4dfp.img.rec in talsrcimg_g11.4dfp.img.rec

---------------------------------------------------------------------
imgreg_4dfp /opt/freesurfer/average/711-2C_as_mni_average_305 none talsrcimg_g11 none talsrcimg_to_711-2C_as_mni_average_305_t4 4355
---------------------------------------------------------------------

freesurfer imgreg_4dfp.c
/opt/freesurfer/average/711-2C_as_mni_average_305.4dfp.img
       256       256       256         1
  1.000000  1.000000  1.000000
orientation T byte_order littleendian
Reading image: /opt/freesurfer/average/711-2C_as_mni_average_305.4dfp.img
dimensions:      256       256       256
mmppix:       1.0000   -1.0000   -1.0000
center:     128.0000 -129.0000 -129.0000
talsrcimg_g11.4dfp.img
       256       256       256         1
  1.000000  1.000000  1.000000
orientation T byte_order littleendian
Reading image: talsrcimg_g11.4dfp.img
dimensions:      256       256       256
mmppix:       1.0000   -1.0000   -1.0000
center:     128.0000 -129.0000 -129.0000
t4_read: open error in t4_sub.f l:  41 t4_file(1:l)talsrcimg_to_711-2C_as_mni_average_305_t4 
t4_read: transform initialized to I4
rotation matrix determinant  1.000000
image alignment mode   4355 decimal     1103 hex
   -7.5000  -45.0000  -45.0000 6627.3389   21.0594
    0.0000  -45.0000  -45.0000 6924.2817   21.0778
    7.5000  -45.0000  -45.0000 6603.4492   21.0860
   -7.5000  -37.5000  -45.0000 7097.4360   20.6257
    0.0000  -37.5000  -45.0000 7402.7246   20.6360
    7.5000  -37.5000  -45.0000 7044.7402   20.6354
   -7.5000  -30.0000  -45.0000 7935.0869   20.5026
    0.0000  -30.0000  -45.0000 8258.2012   20.5020
    7.5000  -30.0000  -45.0000 7860.6880   20.4930
   -7.5000  -22.5000  -45.0000 8800.0605   20.4281
    0.0000  -22.5000  -45.0000 9142.5488   20.4227
    7.5000  -22.5000  -45.0000 8708.9336   20.4126
   -7.5000  -15.0000  -45.0000 9592.5166   20.3719
    0.0000  -15.0000  -45.0000 9982.1973   20.3708
    7.5000  -15.0000  -45.0000 9497.4355   20.3676
   -7.5000   -7.5000  -45.000010378.7637   20.3426
    0.0000   -7.5000  -45.000010804.7754   20.3528
    7.5000   -7.5000  -45.000010282.5508   20.3599
   -7.5000    0.0000  -45.000011118.4502   20.3484
    0.0000    0.0000  -45.000011572.9131   20.3652
    7.5000    0.0000  -45.000010988.4482   20.3740
   -7.5000    7.5000  -45.000011032.6846   20.3873
    0.0000    7.5000  -45.000011468.4688   20.3977
    7.5000    7.5000  -45.000010886.3203   20.3974
   -7.5000   15.0000  -45.000010689.5195   20.4174
    0.0000   15.0000  -45.000011105.7148   20.4171
    7.5000   15.0000  -45.000010544.9980   20.4083
   -7.5000   22.5000  -45.000010322.9424   20.4050
    0.0000   22.5000  -45.000010702.4707   20.3999
    7.5000   22.5000  -45.000010139.3584   20.3899
   -7.5000   30.0000  -45.0000 9794.4688   20.1005
    0.0000   30.0000  -45.000010180.0566   20.0994
    7.5000   30.0000  -45.0000 9632.9580   20.0962
   -7.5000   37.5000  -45.0000 9467.3770   20.0715
    0.0000   37.5000  -45.0000 9862.7588   20.0815
    7.5000   37.5000  -45.0000 9299.4727   20.0885
   -7.5000   45.0000  -45.0000 8743.1719   19.5675
    0.0000   45.0000  -45.0000 9111.7148   19.5836
    7.5000   45.0000  -45.0000 8567.9150   19.5921
   -7.5000  -45.0000  -37.5000 7027.7856   20.8143
    0.0000  -45.0000  -37.5000 7342.2520   20.8280
    7.5000  -45.0000  -37.5000 6980.5000   20.8238
   -7.5000  -37.5000  -37.5000 7537.5181   20.3765
    0.0000  -37.5000  -37.5000 7851.0161   20.3865
    7.5000  -37.5000  -37.5000 7464.8545   20.3754
   -7.5000  -30.0000  -37.5000 8429.0820   20.2411
    0.0000  -30.0000  -37.5000 8754.7783   20.2429
    7.5000  -30.0000  -37.5000 8350.1973   20.2265
   -7.5000  -22.5000  -37.5000 9356.1836   20.1659
    0.0000  -22.5000  -37.5000 9695.1045   20.1608
    7.5000  -22.5000  -37.5000 9260.3174   20.1445
   -7.5000  -15.0000  -37.500010205.7100   20.1216
    0.0000  -15.0000  -37.500010564.3086   20.1167
    7.5000  -15.0000  -37.500010075.6064   20.1065
   -7.5000   -7.5000  -37.500011016.6123   20.1057
    0.0000   -7.5000  -37.500011410.4707   20.1103
    7.5000   -7.5000  -37.500010889.1807   20.1079
   -7.5000    0.0000  -37.500011789.0059   20.1152
    0.0000    0.0000  -37.500012201.4746   20.1279
    7.5000    0.0000  -37.500011625.3652   20.1252
   -7.5000    7.5000  -37.500011700.8252   20.1426
    0.0000    7.5000  -37.500012123.5879   20.1527
    7.5000    7.5000  -37.500011529.6846   20.1423
   -7.5000   15.0000  -37.500011353.7051   20.1576
    0.0000   15.0000  -37.500011757.2461   20.1597
    7.5000   15.0000  -37.500011179.2695   20.1436
   -7.5000   22.5000  -37.500010927.3926   20.1434
    0.0000   22.5000  -37.500011312.1309   20.1384
    7.5000   22.5000  -37.500010721.3135   20.1222
   -7.5000   30.0000  -37.500010386.3496   19.8535
    0.0000   30.0000  -37.500010787.9258   19.8486
    7.5000   30.0000  -37.500010205.3945   19.8386
   -7.5000   37.5000  -37.500010027.6846   19.8378
    0.0000   37.5000  -37.500010427.2334   19.8423
    7.5000   37.5000  -37.5000 9863.9922   19.8399
   -7.5000   45.0000  -37.5000 9233.0352   19.3432
    0.0000   45.0000  -37.5000 9615.8848   19.3554
    7.5000   45.0000  -37.5000 9074.7764   19.3528
   -7.5000  -45.0000  -30.0000 7583.6587   21.5662
    0.0000  -45.0000  -30.0000 7904.0312   21.5813
    7.5000  -45.0000  -30.0000 7529.8940   21.5756
   -7.5000  -37.5000  -30.0000 8161.3018   21.1084
    0.0000  -37.5000  -30.0000 8479.0498   21.1200
    7.5000  -37.5000  -30.0000 8069.3667   21.1087
   -7.5000  -30.0000  -30.0000 9131.8086   20.9592
    0.0000  -30.0000  -30.0000 9453.2783   20.9627
    7.5000  -30.0000  -30.0000 9016.0234   20.9446
   -7.5000  -22.5000  -30.000010142.9941   20.8788
    0.0000  -22.5000  -30.000010476.5088   20.8751
    7.5000  -22.5000  -30.000010000.1191   20.8549
   -7.5000  -15.0000  -30.000011064.1084   20.8383
    0.0000  -15.0000  -30.000011419.5645   20.8348
    7.5000  -15.0000  -30.000010895.3848   20.8198
   -7.5000   -7.5000  -30.000011947.6611   20.8302
    0.0000   -7.5000  -30.000012336.4355   20.8366
    7.5000   -7.5000  -30.000011769.5273   20.8308
   -7.5000    0.0000  -30.000012776.9102   20.8443
    0.0000    0.0000  -30.000013163.3525   20.8586
    7.5000    0.0000  -30.000012559.1699   20.8549
   -7.5000    7.5000  -30.000012665.5957   20.8671
    0.0000    7.5000  -30.000013051.2412   20.8785
    7.5000    7.5000  -30.000012418.0566   20.8681
   -7.5000   15.0000  -30.000012277.4570   20.8731
    0.0000   15.0000  -30.000012645.0938   20.8767
    7.5000   15.0000  -30.000012022.8652   20.8589
   -7.5000   22.5000  -30.000011746.2314   20.8534
    0.0000   22.5000  -30.000012122.2109   20.8499
    7.5000   22.5000  -30.000011502.7305   20.8297
   -7.5000   30.0000  -30.000011186.7441   20.5626
    0.0000   30.0000  -30.000011571.7754   20.5591
    7.5000   30.0000  -30.000010972.7773   20.5443
   -7.5000   37.5000  -30.000010804.2852   20.5546
    0.0000   37.5000  -30.000011194.7773   20.5609
    7.5000   37.5000  -30.000010642.1572   20.5551
   -7.5000   45.0000  -30.0000 9927.6562   20.0590
    0.0000   45.0000  -30.000010284.4238   20.0728
    7.5000   45.0000  -30.0000 9778.7881   20.0692
   -7.5000  -45.0000  -22.5000 8192.7568   22.2863
    0.0000  -45.0000  -22.5000 8523.9326   22.3086
    7.5000  -45.0000  -22.5000 8112.3560   22.3163
   -7.5000  -37.5000  -22.5000 8833.1250   21.8180
    0.0000  -37.5000  -22.5000 9158.8291   21.8325
    7.5000  -37.5000  -22.5000 8710.7100   21.8341
   -7.5000  -30.0000  -22.5000 9873.0508   21.6701
    0.0000  -30.0000  -22.500010195.9365   21.6734
    7.5000  -30.0000  -22.5000 9718.9785   21.6634
   -7.5000  -22.5000  -22.500010955.5576   21.5892
    0.0000  -22.5000  -22.500011285.4453   21.5871
    7.5000  -22.5000  -22.500010774.4629   21.5711
   -7.5000  -15.0000  -22.500011967.5430   21.5434
    0.0000  -15.0000  -22.500012329.3252   21.5456
    7.5000  -15.0000  -22.500011778.8154   21.5345
   -7.5000   -7.5000  -22.500012911.2031   21.5296
    0.0000   -7.5000  -22.500013317.5918   21.5441
    7.5000   -7.5000  -22.500012701.1846   21.5462
   -7.5000    0.0000  -22.500013801.6182   21.5417
    0.0000    0.0000  -22.500014207.3633   21.5628
    7.5000    0.0000  -22.500013539.8613   21.5718
   -7.5000    7.5000  -22.500013652.4863   21.5685
    0.0000    7.5000  -22.500014037.6680   21.5827
    7.5000    7.5000  -22.500013374.3320   21.5847
   -7.5000   15.0000  -22.500013214.3047   21.5810
    0.0000   15.0000  -22.500013588.9365   21.5844
    7.5000   15.0000  -22.500012960.0801   21.5747
   -7.5000   22.5000  -22.500012614.9365   21.5614
    0.0000   22.5000  -22.500012986.2490   21.5595
    7.5000   22.5000  -22.500012397.3340   21.5436
   -7.5000   30.0000  -22.500012024.5850   21.2616
    0.0000   30.0000  -22.500012375.4932   21.2638
    7.5000   30.0000  -22.500011823.8467   21.2528
   -7.5000   37.5000  -22.500011649.8291   21.2480
    0.0000   37.5000  -22.500012016.7480   21.2623
    7.5000   37.5000  -22.500011492.0166   21.2644
   -7.5000   45.0000  -22.500010695.5068   20.7457
    0.0000   45.0000  -22.500011037.7041   20.7661
    7.5000   45.0000  -22.500010559.8496   20.7747
   -7.5000  -45.0000  -15.0000 8810.4854   22.8011
    0.0000  -45.0000  -15.0000 9146.7041   22.8291
    7.5000  -45.0000  -15.0000 8702.2285   22.8517
   -7.5000  -37.5000  -15.0000 9499.9209   22.3343
    0.0000  -37.5000  -15.0000 9855.0127   22.3500
    7.5000  -37.5000  -15.0000 9357.7324   22.3647
   -7.5000  -30.0000  -15.000010607.9336   22.2003
    0.0000  -30.0000  -15.000010979.9883   22.2012
    7.5000  -30.0000  -15.000010431.6797   22.2005
   -7.5000  -22.5000  -15.000011765.5693   22.1231
    0.0000  -22.5000  -15.000012139.3613   22.1208
    7.5000  -22.5000  -15.000011544.2607   22.1115
   -7.5000  -15.0000  -15.000012882.5645   22.0664
    0.0000  -15.0000  -15.000013288.9580   22.0728
    7.5000  -15.0000  -15.000012647.6475   22.0693
   -7.5000   -7.5000  -15.000013900.0713   22.0368
    0.0000   -7.5000  -15.000014328.6982   22.0578
    7.5000   -7.5000  -15.000013614.0332   22.0710
   -7.5000    0.0000  -15.000014856.5410   22.0421
    0.0000    0.0000  -15.000015275.1553   22.0686
    7.5000    0.0000  -15.000014516.3105   22.0914
   -7.5000    7.5000  -15.000014684.0801   22.0793
    0.0000    7.5000  -15.000015090.3525   22.0947
    7.5000    7.5000  -15.000014369.9053   22.1094
   -7.5000   15.0000  -15.000014212.1230   22.1090
    0.0000   15.0000  -15.000014623.4180   22.1103
    7.5000   15.0000  -15.000013947.5029   22.1097
   -7.5000   22.5000  -15.000013557.0254   22.0936
    0.0000   22.5000  -15.000013945.3779   22.0915
    7.5000   22.5000  -15.000013313.6777   22.0823
   -7.5000   30.0000  -15.000012888.9375   21.7808
    0.0000   30.0000  -15.000013247.2266   21.7871
    7.5000   30.0000  -15.000012691.1475   21.7837
   -7.5000   37.5000  -15.000012501.2227   21.7516
    0.0000   37.5000  -15.000012838.5205   21.7723
    7.5000   37.5000  -15.000012346.5859   21.7854
   -7.5000   45.0000  -15.000011481.0195   21.2404
    0.0000   45.0000  -15.000011786.0576   21.2660
    7.5000   45.0000  -15.000011348.5059   21.2880
   -7.5000  -45.0000   -7.5000 9461.4082   23.0665
    0.0000  -45.0000   -7.5000 9817.2119   23.0925
    7.5000  -45.0000   -7.5000 9331.9072   23.1145
   -7.5000  -37.5000   -7.500010193.2998   22.6032
    0.0000  -37.5000   -7.500010558.8242   22.6168
    7.5000  -37.5000   -7.500010031.3994   22.6292
   -7.5000  -30.0000   -7.500011382.6621   22.4774
    0.0000  -30.0000   -7.500011760.1543   22.4766
    7.5000  -30.0000   -7.500011194.6992   22.4750
   -7.5000  -22.5000   -7.500012592.8594   22.4005
    0.0000  -22.5000   -7.500013011.1465   22.3965
    7.5000  -22.5000   -7.500012368.8936   22.3893
   -7.5000  -15.0000   -7.500013816.1055   22.3361
    0.0000  -15.0000   -7.500014283.6846   22.3407
    7.5000  -15.0000   -7.500013549.6221   22.3406
   -7.5000   -7.5000   -7.500014983.3613   22.2975
    0.0000   -7.5000   -7.500015458.5938   22.3163
    7.5000   -7.5000   -7.500014602.6035   22.3315
   -7.5000    0.0000   -7.500016031.4961   22.3004
    0.0000    0.0000   -7.500016497.5254   22.3247
    7.5000    0.0000   -7.500015562.5342   22.3465
   -7.5000    7.5000   -7.500015819.1475   22.3457
    0.0000    7.5000   -7.500016293.8389   22.3592
    7.5000    7.5000   -7.500015420.9170   22.3715
   -7.5000   15.0000   -7.500015311.3486   22.3853
    0.0000   15.0000   -7.500015791.9619   22.3847
    7.5000   15.0000   -7.500014990.9756   22.3834
   -7.5000   22.5000   -7.500014605.0898   22.3682
    0.0000   22.5000   -7.500015059.8916   22.3644
    7.5000   22.5000   -7.500014336.1621   22.3573
   -7.5000   30.0000   -7.500013830.7090   22.0464
    0.0000   30.0000   -7.500014238.8193   22.0510
    7.5000   30.0000   -7.500013608.9941   22.0509
   -7.5000   37.5000   -7.500013450.7764   22.0083
    0.0000   37.5000   -7.500013805.4131   22.0269
    7.5000   37.5000   -7.500013256.8330   22.0419
   -7.5000   45.0000   -7.500012375.8271   21.4933
    0.0000   45.0000   -7.500012684.5000   21.5168
    7.5000   45.0000   -7.500012194.4736   21.5378
   -7.5000  -45.0000    0.000010030.0352   23.1311
    0.0000  -45.0000    0.000010406.4473   23.1505
    7.5000  -45.0000    0.0000 9883.8027   23.1582
   -7.5000  -37.5000    0.000010783.5840   22.6632
    0.0000  -37.5000    0.000011179.8828   22.6741
    7.5000  -37.5000    0.000010603.8926   22.6720
   -7.5000  -30.0000    0.000012031.2920   22.5314
    0.0000  -30.0000    0.000012466.1523   22.5307
    7.5000  -30.0000    0.000011835.4375   22.5198
   -7.5000  -22.5000    0.000013316.2188   22.4511
    0.0000  -22.5000    0.000013797.3555   22.4452
    7.5000  -22.5000    0.000013077.5996   22.4335
   -7.5000  -15.0000    0.000014668.2559   22.3893
    0.0000  -15.0000    0.000015182.5557   22.3880
    7.5000  -15.0000    0.000014338.1650   22.3840
   -7.5000   -7.5000    0.000016045.8643   22.3560
    0.0000   -7.5000    0.000016603.2734   22.3668
    7.5000   -7.5000    0.000015583.9102   22.3737
   -7.5000    0.0000    0.000017243.9668   22.3617
    0.0000    0.0000    0.000017820.1191   22.3797
    7.5000    0.0000    0.000016646.6953   22.3879
   -7.5000    7.5000    0.000016953.9688   22.4050
    0.0000    7.5000    0.000017559.1875   22.4161
    7.5000    7.5000    0.000016494.3008   22.4143
   -7.5000   15.0000    0.000016390.9766   22.4392
    0.0000   15.0000    0.000016985.6504   22.4388
    7.5000   15.0000    0.000016056.7168   22.4281
   -7.5000   22.5000    0.000015597.3457   22.4188
    0.0000   22.5000    0.000016182.4824   22.4132
    7.5000   22.5000    0.000015330.7725   22.4016
   -7.5000   30.0000    0.000014750.0547   22.0995
    0.0000   30.0000    0.000015254.0107   22.0982
    7.5000   30.0000    0.000014499.2949   22.0943
   -7.5000   37.5000    0.000014364.8291   22.0667
    0.0000   37.5000    0.000014791.3623   22.0773
    7.5000   37.5000    0.000014124.5898   22.0842
   -7.5000   45.0000    0.000013255.9316   21.5541
    0.0000   45.0000    0.000013649.7109   21.5714
    7.5000   45.0000    0.000013038.0908   21.5794
   -7.5000  -45.0000    7.5000 9841.1562   23.1477
    0.0000  -45.0000    7.500010208.6367   23.1624
    7.5000  -45.0000    7.5000 9662.3916   23.1567
   -7.5000  -37.5000    7.500010569.9346   22.6658
    0.0000  -37.5000    7.500010983.2803   22.6763
    7.5000  -37.5000    7.500010370.0537   22.6628
   -7.5000  -30.0000    7.500011775.7266   22.5173
    0.0000  -30.0000    7.500012244.7314   22.5187
    7.5000  -30.0000    7.500011558.8418   22.4992
   -7.5000  -22.5000    7.500013000.7832   22.4331
    0.0000  -22.5000    7.500013517.0332   22.4271
    7.5000  -22.5000    7.500012756.5361   22.4079
   -7.5000  -15.0000    7.500014340.1836   22.3821
    0.0000  -15.0000    7.500014925.3018   22.3765
    7.5000  -15.0000    7.500014021.7363   22.3643
   -7.5000   -7.5000    7.500015908.3926   22.3635
    0.0000   -7.5000    7.500016573.9727   22.3685
    7.5000   -7.5000    7.500015352.1748   22.3649
   -7.5000    0.0000    7.500017340.9883   22.3749
    0.0000    0.0000    7.500018174.2949   22.3886
    7.5000    0.0000    7.500016630.0762   22.3846
   -7.5000    7.5000    7.500017007.4238   22.4072
    0.0000    7.5000    7.500017926.5898   22.4178
    7.5000    7.5000    7.500016468.4297   22.4050
   -7.5000   15.0000    7.500016314.4072   22.4250
    0.0000   15.0000    7.500017145.4414   22.4267
    7.5000   15.0000    7.500015918.9590   22.4075
   -7.5000   22.5000    7.500015487.8174   22.4009
    0.0000   22.5000    7.500016227.2100   22.3951
    7.5000   22.5000    7.500015157.7002   22.3760
   -7.5000   30.0000    7.500014635.2510   22.0924
    0.0000   30.0000    7.500015270.3887   22.0869
    7.5000   30.0000    7.500014305.6533   22.0748
   -7.5000   37.5000    7.500014278.0771   22.0741
    0.0000   37.5000    7.500014835.4023   22.0790
    7.5000   37.5000    7.500013917.9658   22.0754
   -7.5000   45.0000    7.500013206.0264   21.5668
    0.0000   45.0000    7.500013692.1064   21.5800
    7.5000   45.0000    7.500012858.2285   21.5762
   -7.5000  -45.0000   15.0000 9488.4424   23.1505
    0.0000  -45.0000   15.0000 9907.6045   23.1667
    7.5000  -45.0000   15.0000 9329.1680   23.1604
   -7.5000  -37.5000   15.000010180.5938   22.6594
    0.0000  -37.5000   15.000010640.7500   22.6718
    7.5000  -37.5000   15.000010008.0635   22.6595
   -7.5000  -30.0000   15.000011327.7832   22.4990
    0.0000  -30.0000   15.000011843.6758   22.5027
    7.5000  -30.0000   15.000011137.0439   22.4831
   -7.5000  -22.5000   15.000012509.4033   22.4122
    0.0000  -22.5000   15.000013090.7471   22.4082
    7.5000  -22.5000   15.000012309.2822   22.3863
   -7.5000  -15.0000   15.000013828.7480   22.3686
    0.0000  -15.0000   15.000014505.9941   22.3647
    7.5000  -15.0000   15.000013609.1162   22.3484
   -7.5000   -7.5000   15.000015516.9229   22.3603
    0.0000   -7.5000   15.000016453.9316   22.3671
    7.5000   -7.5000   15.000015043.0244   22.3605
   -7.5000    0.0000   15.000017124.1621   22.3758
    0.0000    0.0000   15.000018482.3984   22.3912
    7.5000    0.0000   15.000016368.3379   22.3869
   -7.5000    7.5000   15.000016911.0078   22.4004
    0.0000    7.5000   15.000018169.1621   22.4126
    7.5000    7.5000   15.000016179.0000   22.4012
   -7.5000   15.0000   15.000016100.5195   22.4066
    0.0000   15.0000   15.000017087.3281   22.4104
    7.5000   15.0000   15.000015482.9346   22.3911
   -7.5000   22.5000   15.000015239.2227   22.3801
    0.0000   22.5000   15.000016088.3643   22.3763
    7.5000   22.5000   15.000014689.3369   22.3544
   -7.5000   30.0000   15.000014346.1758   22.0791
    0.0000   30.0000   15.000015075.1201   22.0753
    7.5000   30.0000   15.000013860.2744   22.0592
   -7.5000   37.5000   15.000013940.8926   22.0709
    0.0000   37.5000   15.000014572.4678   22.0776
    7.5000   37.5000   15.000013477.1299   22.0712
   -7.5000   45.0000   15.000012846.0039   21.5677
    0.0000   45.0000   15.000013380.8584   21.5825
    7.5000   45.0000   15.000012435.7637   21.5784
   -7.5000  -45.0000   22.5000 9091.8545   23.1376
    0.0000  -45.0000   22.5000 9526.2275   23.1609
    7.5000  -45.0000   22.5000 8999.2812   23.1689
   -7.5000  -37.5000   22.5000 9757.7217   22.6514
    0.0000  -37.5000   22.500010207.2002   22.6667
    7.5000  -37.5000   22.5000 9639.3301   22.6683
   -7.5000  -30.0000   22.500010855.8682   22.4979
    0.0000  -30.0000   22.500011368.8418   22.5014
    7.5000  -30.0000   22.500010704.1885   22.4911
   -7.5000  -22.5000   22.500012016.7041   22.4138
    0.0000  -22.5000   22.500012630.3906   22.4118
    7.5000  -22.5000   22.500011835.0869   22.3952
   -7.5000  -15.0000   22.500013311.4160   22.3663
    0.0000  -15.0000   22.500014082.5957   22.3687
    7.5000  -15.0000   22.500013054.3379   22.3572
   -7.5000   -7.5000   22.500014848.9570   22.3519
    0.0000   -7.5000   22.500015969.1406   22.3671
    7.5000   -7.5000   22.500014368.0430   22.3693
   -7.5000    0.0000   22.500016320.2930   22.3644
    0.0000    0.0000   22.500017696.7285   22.3866
    7.5000    0.0000   22.500015548.9170   22.3959
   -7.5000    7.5000   22.500016219.5264   22.3923
    0.0000    7.5000   22.500017395.3398   22.4073
    7.5000    7.5000   22.500015348.3242   22.4094
   -7.5000   15.0000   22.500015557.6348   22.4053
    0.0000   15.0000   22.500016537.8613   22.4091
    7.5000   15.0000   22.500014799.7246   22.3990
   -7.5000   22.5000   22.500014709.3242   22.3815
    0.0000   22.5000   22.500015637.7031   22.3797
    7.5000   22.5000   22.500014124.4648   22.3632
   -7.5000   30.0000   22.500013708.7031   22.0768
    0.0000   30.0000   22.500014516.8848   22.0792
    7.5000   30.0000   22.500013277.0928   22.0678
   -7.5000   37.5000   22.500013230.5781   22.0626
    0.0000   37.5000   22.500013937.7939   22.0776
    7.5000   37.5000   22.500012878.4531   22.0798
   -7.5000   45.0000   22.500012222.3740   21.5568
    0.0000   45.0000   22.500012807.6377   21.5781
    7.5000   45.0000   22.500011913.4033   21.5871
   -7.5000  -45.0000   30.0000 8546.8203   23.1685
    0.0000  -45.0000   30.0000 8952.5781   23.1978
    7.5000  -45.0000   30.0000 8454.0156   23.2208
   -7.5000  -37.5000   30.0000 9221.8857   22.6932
    0.0000  -37.5000   30.0000 9647.3818   22.7099
    7.5000  -37.5000   30.0000 9060.3857   22.7249
   -7.5000  -30.0000   30.000010304.9512   22.5567
    0.0000  -30.0000   30.000010794.3447   22.5585
    7.5000  -30.0000   30.000010105.8105   22.5575
   -7.5000  -22.5000   30.000011420.7295   22.4782
    0.0000  -22.5000   30.000011981.8906   22.4765
    7.5000  -22.5000   30.000011180.4160   22.4669
   -7.5000  -15.0000   30.000012568.3066   22.4204
    0.0000  -15.0000   30.000013231.9639   22.4276
    7.5000  -15.0000   30.000012288.7002   22.4239
   -7.5000   -7.5000   30.000013785.9717   22.3902
    0.0000   -7.5000   30.000014728.5146   22.4123
    7.5000   -7.5000   30.000013480.5605   22.4256
   -7.5000    0.0000   30.000014866.4922   22.3955
    0.0000    0.0000   30.000015862.5801   22.4233
    7.5000    0.0000   30.000014530.9590   22.4465
   -7.5000    7.5000   30.000014676.7236   22.4335
    0.0000    7.5000   30.000015511.5791   22.4499
    7.5000    7.5000   30.000014356.1641   22.4648
   -7.5000   15.0000   30.000014266.5898   22.4638
    0.0000   15.0000   30.000015056.4736   22.4658
    7.5000   15.0000   30.000013998.0020   22.4651
   -7.5000   22.5000   30.000013663.9082   22.4457
    0.0000   22.5000   30.000014499.3467   22.4443
    7.5000   22.5000   30.000013444.8623   22.4347
   -7.5000   30.0000   30.000012797.4336   22.1302
    0.0000   30.0000   30.000013573.6475   22.1373
    7.5000   30.0000   30.000012620.2822   22.1337
   -7.5000   37.5000   30.000012347.5146   22.1004
    0.0000   37.5000   30.000013027.5068   22.1222
    7.5000   37.5000   30.000012161.9395   22.1354
   -7.5000   45.0000   30.000011400.1201   21.5867
    0.0000   45.0000   30.000011984.2256   21.6135
    7.5000   45.0000   30.000011220.0352   21.6358
   -7.5000  -45.0000   37.5000 8284.5732   23.3095
    0.0000  -45.0000   37.5000 8657.0371   23.3371
    7.5000  -45.0000   37.5000 8162.1816   23.3583
   -7.5000  -37.5000   37.5000 8932.9453   22.8367
    0.0000  -37.5000   37.5000 9300.7217   22.8514
    7.5000  -37.5000   37.5000 8772.2441   22.8628
   -7.5000  -30.0000   37.5000 9945.1143   22.7075
    0.0000  -30.0000   37.500010356.4355   22.7074
    7.5000  -30.0000   37.5000 9785.4492   22.7046
   -7.5000  -22.5000   37.500010959.9727   22.6290
    0.0000  -22.5000   37.500011413.2207   22.6256
    7.5000  -22.5000   37.500010827.6797   22.6171
   -7.5000  -15.0000   37.500011992.4941   22.5641
    0.0000  -15.0000   37.500012568.0635   22.5697
    7.5000  -15.0000   37.500011916.6602   22.5685
   -7.5000   -7.5000   37.500013078.7510   22.5258
    0.0000   -7.5000   37.500013827.5195   22.5459
    7.5000   -7.5000   37.500013039.5547   22.5604
   -7.5000    0.0000   37.500014011.6055   22.5290
    0.0000    0.0000   37.500014725.3047   22.5547
    7.5000    0.0000   37.500013917.6475   22.5759
   -7.5000    7.5000   37.500013785.2900   22.5744
    0.0000    7.5000   37.500014423.5820   22.5889
    7.5000    7.5000   37.500013699.3789   22.6003
   -7.5000   15.0000   37.500013475.7266   22.6137
    0.0000   15.0000   37.500014108.0488   22.6138
    7.5000   15.0000   37.500013413.6553   22.6113
   -7.5000   22.5000   37.500012987.9961   22.5962
    0.0000   22.5000   37.500013642.6680   22.5931
    7.5000   22.5000   37.500012910.1416   22.5847
   -7.5000   30.0000   37.500012271.3223   22.2721
    0.0000   30.0000   37.500012885.3271   22.2776
    7.5000   30.0000   37.500012199.9941   22.2765
   -7.5000   37.5000   37.500011867.6729   22.2343
    0.0000   37.5000   37.500012441.3486   22.2541
    7.5000   37.5000   37.500011776.5703   22.2684
   -7.5000   45.0000   37.500010985.7627   21.7154
    0.0000   45.0000   37.500011521.4229   21.7402
    7.5000   45.0000   37.500010874.4268   21.7605
   -7.5000  -45.0000   45.0000 7629.9189   23.6474
    0.0000  -45.0000   45.0000 7931.5171   23.6682
    7.5000  -45.0000   45.0000 7565.2085   23.6748
   -7.5000  -37.5000   45.0000 8203.3867   23.1525
    0.0000  -37.5000   45.0000 8490.6328   23.1644
    7.5000  -37.5000   45.0000 8125.0928   23.1608
   -7.5000  -30.0000   45.0000 9118.6328   23.0119
    0.0000  -30.0000   45.0000 9431.4072   23.0115
    7.5000  -30.0000   45.0000 9061.8945   22.9985
   -7.5000  -22.5000   45.000010088.0312   22.9287
    0.0000  -22.5000   45.000010425.3369   22.9226
    7.5000  -22.5000   45.000010035.2852   22.9087
   -7.5000  -15.0000   45.000011074.1465   22.8665
    0.0000  -15.0000   45.000011506.2871   22.8650
    7.5000  -15.0000   45.000011053.3496   22.8593
   -7.5000   -7.5000   45.000012055.0977   22.8335
    0.0000   -7.5000   45.000012604.1895   22.8449
    7.5000   -7.5000   45.000012034.4307   22.8506
   -7.5000    0.0000   45.000012880.3848   22.8390
    0.0000    0.0000   45.000013385.2266   22.8581
    7.5000    0.0000   45.000012778.7432   22.8654
   -7.5000    7.5000   45.000012634.1826   22.8814
    0.0000    7.5000   45.000013122.7041   22.8933
    7.5000    7.5000   45.000012538.5771   22.8902
   -7.5000   15.0000   45.000012374.4346   22.9151
    0.0000   15.0000   45.000012878.6455   22.9149
    7.5000   15.0000   45.000012294.0479   22.9023
   -7.5000   22.5000   45.000011964.2324   22.8951
    0.0000   22.5000   45.000012473.3438   22.8892
    7.5000   22.5000   45.000011888.7959   22.8754
   -7.5000   30.0000   45.000011345.3262   22.5686
    0.0000   30.0000   45.000011820.7100   22.5672
    7.5000   30.0000   45.000011248.2900   22.5615
   -7.5000   37.5000   45.000010972.3906   22.5360
    0.0000   37.5000   45.000011427.8076   22.5472
    7.5000   37.5000   45.000010864.1924   22.5529
   -7.5000   45.0000   45.000010162.7598   22.0241
    0.0000   45.0000   45.000010602.4990   22.0426
    7.5000   45.0000   45.000010070.3438   22.0496

---------------------------------------------------------------------
imgreg_4dfp /opt/freesurfer/average/711-2C_as_mni_average_305 /opt/freesurfer/average/711-2B_as_mni_average_305_mask talsrcimg_g11 none talsrcimg_to_711-2C_as_mni_average_305_t4 4355
---------------------------------------------------------------------

freesurfer imgreg_4dfp.c
/opt/freesurfer/average/711-2C_as_mni_average_305.4dfp.img
       256       256       256         1
  1.000000  1.000000  1.000000
orientation T byte_order littleendian
Reading image: /opt/freesurfer/average/711-2C_as_mni_average_305.4dfp.img
dimensions:      256       256       256
mmppix:       1.0000   -1.0000   -1.0000
center:     128.0000 -129.0000 -129.0000
/opt/freesurfer/average/711-2B_as_mni_average_305_mask.4dfp.img
       256       256       256         1
  1.000000  1.000000  1.000000
orientation T byte_order littleendian
Reading mask: /opt/freesurfer/average/711-2B_as_mni_average_305_mask.4dfp.img (2306576 pixels)
talsrcimg_g11.4dfp.img
       256       256       256         1
  1.000000  1.000000  1.000000
orientation T byte_order littleendian
Reading image: talsrcimg_g11.4dfp.img
dimensions:      256       256       256
mmppix:       1.0000   -1.0000   -1.0000
center:     128.0000 -129.0000 -129.0000
rotation matrix determinant  1.000000
image alignment mode   4355 decimal     1103 hex
   -7.5000  -45.0000  -30.0000 2187.2483   30.4171
    0.0000  -45.0000  -30.0000 2191.0442   30.4288
    7.5000  -45.0000  -30.0000 2169.3896   30.5015
   -7.5000  -37.5000  -30.0000 2301.5493   27.5821
    0.0000  -37.5000  -30.0000 2304.4404   27.4858
    7.5000  -37.5000  -30.0000 2278.4106   27.5972
   -7.5000  -30.0000  -30.0000 2395.2927   25.2604
    0.0000  -30.0000  -30.0000 2393.2549   25.0987
    7.5000  -30.0000  -30.0000 2372.2732   25.3365
   -7.5000  -22.5000  -30.0000 2470.4431   23.4908
    0.0000  -22.5000  -30.0000 2470.2158   23.3519
    7.5000  -22.5000  -30.0000 2449.0398   23.6161
   -7.5000  -15.0000  -30.0000 2513.3806   22.3139
    0.0000  -15.0000  -30.0000 2509.7034   22.1702
    7.5000  -15.0000  -30.0000 2485.2585   22.4281
   -7.5000   -7.5000  -30.0000 2540.4937   21.6553
    0.0000   -7.5000  -30.0000 2537.0967   21.5100
    7.5000   -7.5000  -30.0000 2511.5576   21.7651
   -7.5000    0.0000  -30.0000 2541.2854   21.2651
    0.0000    0.0000  -30.0000 2540.2842   21.1377
    7.5000    0.0000  -30.0000 2518.6116   21.3563
   -7.5000    7.5000  -30.0000 2543.1919   21.1072
    0.0000    7.5000  -30.0000 2541.3115   20.9759
    7.5000    7.5000  -30.0000 2522.3181   21.2585
   -7.5000   15.0000  -30.0000 2531.9741   21.4306
    0.0000   15.0000  -30.0000 2532.6487   21.3268
    7.5000   15.0000  -30.0000 2512.1016   21.6258
   -7.5000   22.5000  -30.0000 2509.5920   22.0808
    0.0000   22.5000  -30.0000 2511.3923   21.9825
    7.5000   22.5000  -30.0000 2487.6252   22.2220
   -7.5000   30.0000  -30.0000 2468.3113   23.1004
    0.0000   30.0000  -30.0000 2474.6895   23.0307
    7.5000   30.0000  -30.0000 2442.5015   23.2479
   -7.5000   37.5000  -30.0000 2403.5461   24.4651
    0.0000   37.5000  -30.0000 2414.2327   24.4264
    7.5000   37.5000  -30.0000 2383.3882   24.5955
   -7.5000   45.0000  -30.0000 2320.0286   26.2808
    0.0000   45.0000  -30.0000 2330.5039   26.2775
    7.5000   45.0000  -30.0000 2298.1948   26.4726
   -7.5000  -45.0000  -22.5000 2275.6663   29.1881
    0.0000  -45.0000  -22.5000 2277.2156   29.1673
    7.5000  -45.0000  -22.5000 2246.5452   29.4164
   -7.5000  -37.5000  -22.5000 2398.8677   26.4407
    0.0000  -37.5000  -22.5000 2401.1843   26.3243
    7.5000  -37.5000  -22.5000 2367.2297   26.6121
   -7.5000  -30.0000  -22.5000 2501.0750   24.1833
    0.0000  -30.0000  -22.5000 2497.8674   24.0264
    7.5000  -30.0000  -22.5000 2472.6755   24.3757
   -7.5000  -22.5000  -22.5000 2581.4346   22.4749
    0.0000  -22.5000  -22.5000 2575.6511   22.2683
    7.5000  -22.5000  -22.5000 2554.9456   22.6039
   -7.5000  -15.0000  -22.5000 2625.7666   21.2898
    0.0000  -15.0000  -22.5000 2621.1963   21.0780
    7.5000  -15.0000  -22.5000 2602.2488   21.3607
   -7.5000   -7.5000  -22.5000 2654.6416   20.5172
    0.0000   -7.5000  -22.5000 2652.8057   20.3256
    7.5000   -7.5000  -22.5000 2632.3479   20.6394
   -7.5000    0.0000  -22.5000 2664.9395   20.1166
    0.0000    0.0000  -22.5000 2661.4419   19.9384
    7.5000    0.0000  -22.5000 2642.5566   20.2418
   -7.5000    7.5000  -22.5000 2664.0342   19.9719
    0.0000    7.5000  -22.5000 2660.9370   19.8542
    7.5000    7.5000  -22.5000 2641.0386   20.1719
   -7.5000   15.0000  -22.5000 2653.7954   20.2160
    0.0000   15.0000  -22.5000 2653.4888   20.1426
    7.5000   15.0000  -22.5000 2629.2141   20.4647
   -7.5000   22.5000  -22.5000 2631.6638   20.7943
    0.0000   22.5000  -22.5000 2636.2021   20.7185
    7.5000   22.5000  -22.5000 2609.5134   21.0140
   -7.5000   30.0000  -22.5000 2583.7295   21.7095
    0.0000   30.0000  -22.5000 2589.0896   21.6120
    7.5000   30.0000  -22.5000 2562.4294   21.9175
   -7.5000   37.5000  -22.5000 2520.0686   22.9693
    0.0000   37.5000  -22.5000 2527.7368   22.9168
    7.5000   37.5000  -22.5000 2499.1853   23.1897
   -7.5000   45.0000  -22.5000 2434.4387   24.6862
    0.0000   45.0000  -22.5000 2446.4126   24.6505
    7.5000   45.0000  -22.5000 2413.8496   24.9683
   -7.5000  -45.0000  -15.0000 2325.9690   28.1891
    0.0000  -45.0000  -15.0000 2325.4319   28.0557
    7.5000  -45.0000  -15.0000 2300.1074   28.3801
   -7.5000  -37.5000  -15.0000 2454.0745   25.3842
    0.0000  -37.5000  -15.0000 2453.9060   25.3104
    7.5000  -37.5000  -15.0000 2426.0645   25.6361
   -7.5000  -30.0000  -15.0000 2557.3105   23.1335
    0.0000  -30.0000  -15.0000 2556.9458   23.0732
    7.5000  -30.0000  -15.0000 2534.7556   23.4321
   -7.5000  -22.5000  -15.0000 2641.5078   21.4557
    0.0000  -22.5000  -15.0000 2636.2866   21.3235
    7.5000  -22.5000  -15.0000 2618.7280   21.6426
   -7.5000  -15.0000  -15.0000 2698.1667   20.3116
    0.0000  -15.0000  -15.0000 2694.4783   20.1301
    7.5000  -15.0000  -15.0000 2678.0427   20.3930
   -7.5000   -7.5000  -15.0000 2729.7161   19.5073
    0.0000   -7.5000  -15.0000 2725.8059   19.3038
    7.5000   -7.5000  -15.0000 2704.0803   19.5494
   -7.5000    0.0000  -15.0000 2746.1636   18.9516
    0.0000    0.0000  -15.0000 2746.2854   18.7900
    7.5000    0.0000  -15.0000 2724.5132   19.0578
   -7.5000    7.5000  -15.0000 2745.0918   18.7845
    0.0000    7.5000  -15.0000 2746.3142   18.6846
    7.5000    7.5000  -15.0000 2729.3950   19.0192
   -7.5000   15.0000  -15.0000 2735.9155   19.0121
    0.0000   15.0000  -15.0000 2739.8708   18.9325
    7.5000   15.0000  -15.0000 2721.3647   19.3397
   -7.5000   22.5000  -15.0000 2717.5078   19.5748
    0.0000   22.5000  -15.0000 2719.9160   19.4811
    7.5000   22.5000  -15.0000 2699.0295   19.8647
   -7.5000   30.0000  -15.0000 2667.9224   20.4118
    0.0000   30.0000  -15.0000 2673.5134   20.3052
    7.5000   30.0000  -15.0000 2653.6560   20.6814
   -7.5000   37.5000  -15.0000 2602.5234   21.5781
    0.0000   37.5000  -15.0000 2606.9636   21.4855
    7.5000   37.5000  -15.0000 2589.9106   21.8568
   -7.5000   45.0000  -15.0000 2513.2190   23.2379
    0.0000   45.0000  -15.0000 2518.7393   23.1491
    7.5000   45.0000  -15.0000 2500.3909   23.5014
   -7.5000  -45.0000   -7.5000 2350.8853   27.3559
    0.0000  -45.0000   -7.5000 2356.5229   27.2503
    7.5000  -45.0000   -7.5000 2336.0483   27.5243
   -7.5000  -37.5000   -7.5000 2478.1895   24.5746
    0.0000  -37.5000   -7.5000 2481.5513   24.5198
    7.5000  -37.5000   -7.5000 2462.4587   24.7470
   -7.5000  -30.0000   -7.5000 2585.0022   22.3435
    0.0000  -30.0000   -7.5000 2585.3118   22.2656
    7.5000  -30.0000   -7.5000 2576.3093   22.5520
   -7.5000  -22.5000   -7.5000 2676.8706   20.6073
    0.0000  -22.5000   -7.5000 2673.6721   20.5111
    7.5000  -22.5000   -7.5000 2663.1672   20.7917
   -7.5000  -15.0000   -7.5000 2739.6843   19.3626
    0.0000  -15.0000   -7.5000 2743.2866   19.3033
    7.5000  -15.0000   -7.5000 2728.7998   19.5093
   -7.5000   -7.5000   -7.5000 2779.3311   18.5611
    0.0000   -7.5000   -7.5000 2783.0413   18.4532
    7.5000   -7.5000   -7.5000 2761.2612   18.6528
   -7.5000    0.0000   -7.5000 2806.8284   17.9606
    0.0000    0.0000   -7.5000 2805.2239   17.8157
    7.5000    0.0000   -7.5000 2782.0452   18.1209
   -7.5000    7.5000   -7.5000 2806.6387   17.7529
    0.0000    7.5000   -7.5000 2810.3037   17.6681
    7.5000    7.5000   -7.5000 2792.4314   18.0693
   -7.5000   15.0000   -7.5000 2798.6541   17.9662
    0.0000   15.0000   -7.5000 2808.6868   17.8998
    7.5000   15.0000   -7.5000 2792.7629   18.3486
   -7.5000   22.5000   -7.5000 2780.9622   18.5095
    0.0000   22.5000   -7.5000 2788.6333   18.4225
    7.5000   22.5000   -7.5000 2774.6057   18.8126
   -7.5000   30.0000   -7.5000 2731.4167   19.2954
    0.0000   30.0000   -7.5000 2741.7588   19.1949
    7.5000   30.0000   -7.5000 2731.2061   19.5512
   -7.5000   37.5000   -7.5000 2667.0208   20.3888
    0.0000   37.5000   -7.5000 2671.4814   20.3112
    7.5000   37.5000   -7.5000 2665.9155   20.6826
   -7.5000   45.0000   -7.5000 2574.9817   21.9962
    0.0000   45.0000   -7.5000 2578.0940   21.8782
    7.5000   45.0000   -7.5000 2569.4128   22.2669
   -7.5000  -45.0000    0.0000 2354.9133   26.7946
    0.0000  -45.0000    0.0000 2362.1418   26.7875
    7.5000  -45.0000    0.0000 2346.8577   26.9938
   -7.5000  -37.5000    0.0000 2481.3291   24.0253
    0.0000  -37.5000    0.0000 2490.1841   24.0180
    7.5000  -37.5000    0.0000 2468.4871   24.2257
   -7.5000  -30.0000    0.0000 2589.0676   21.8070
    0.0000  -30.0000    0.0000 2595.1292   21.7750
    7.5000  -30.0000    0.0000 2579.0583   22.0188
   -7.5000  -22.5000    0.0000 2684.1912   20.0856
    0.0000  -22.5000    0.0000 2690.7729   20.0293
    7.5000  -22.5000    0.0000 2673.3013   20.2398
   -7.5000  -15.0000    0.0000 2764.8835   18.7996
    0.0000  -15.0000    0.0000 2769.3274   18.7693
    7.5000  -15.0000    0.0000 2752.9219   18.9176
   -7.5000   -7.5000    0.0000 2819.4456   17.9800
    0.0000   -7.5000    0.0000 2821.8867   17.9066
    7.5000   -7.5000    0.0000 2809.2700   18.0589
   -7.5000    0.0000    0.0000 2853.5598   17.4276
    0.0000    0.0000    0.0000 2854.9880   17.3079
    7.5000    0.0000    0.0000 2835.3555   17.5385
   -7.5000    7.5000    0.0000 2855.9043   17.0854
    0.0000    7.5000    0.0000 2858.8528   17.0073
    7.5000    7.5000    0.0000 2843.0894   17.4033
   -7.5000   15.0000    0.0000 2847.5391   17.2103
    0.0000   15.0000    0.0000 2856.4575   17.1297
    7.5000   15.0000    0.0000 2848.7012   17.6271
   -7.5000   22.5000    0.0000 2823.3926   17.7491
    0.0000   22.5000    0.0000 2837.6880   17.6502
    7.5000   22.5000    0.0000 2830.8655   18.0729
   -7.5000   30.0000    0.0000 2776.9138   18.4773
    0.0000   30.0000    0.0000 2793.8220   18.4057
    7.5000   30.0000    0.0000 2785.5691   18.7888
   -7.5000   37.5000    0.0000 2710.4062   19.5314
    0.0000   37.5000    0.0000 2719.7139   19.4578
    7.5000   37.5000    0.0000 2717.2598   19.8651
   -7.5000   45.0000    0.0000 2624.6948   21.1106
    0.0000   45.0000    0.0000 2631.3740   21.0174
    7.5000   45.0000    0.0000 2620.6921   21.4625
   -7.5000  -45.0000    7.5000 2356.8235   26.6019
    0.0000  -45.0000    7.5000 2363.1328   26.6220
    7.5000  -45.0000    7.5000 2342.3296   26.8629
   -7.5000  -37.5000    7.5000 2481.7778   23.8282
    0.0000  -37.5000    7.5000 2486.2117   23.8465
    7.5000  -37.5000    7.5000 2464.0396   24.0909
   -7.5000  -30.0000    7.5000 2587.5618   21.6064
    0.0000  -30.0000    7.5000 2594.1899   21.6228
    7.5000  -30.0000    7.5000 2572.4658   21.8099
   -7.5000  -22.5000    7.5000 2682.1482   19.8449
    0.0000  -22.5000    7.5000 2687.2810   19.8461
    7.5000  -22.5000    7.5000 2669.3867   19.9809
   -7.5000  -15.0000    7.5000 2771.9111   18.5253
    0.0000  -15.0000    7.5000 2780.8210   18.5393
    7.5000  -15.0000    7.5000 2759.4871   18.5971
   -7.5000   -7.5000    7.5000 2845.5935   17.7417
    0.0000   -7.5000    7.5000 2853.5959   17.7436
    7.5000   -7.5000    7.5000 2833.9429   17.7016
   -7.5000    0.0000    7.5000 2906.2397   17.3410
    0.0000    0.0000    7.5000 2914.0593   17.3146
    7.5000    0.0000    7.5000 2878.6094   17.2428
   -7.5000    7.5000    7.5000 2904.7468   16.8484
    0.0000    7.5000    7.5000 2919.6863   16.9022
    7.5000    7.5000    7.5000 2884.0093   17.0398
   -7.5000   15.0000    7.5000 2885.8921   16.7546
    0.0000   15.0000    7.5000 2900.4094   16.7790
    7.5000   15.0000    7.5000 2877.8198   17.1287
   -7.5000   22.5000    7.5000 2857.2168   17.1764
    0.0000   22.5000    7.5000 2875.3193   17.1816
    7.5000   22.5000    7.5000 2861.0432   17.5019
   -7.5000   30.0000    7.5000 2820.1565   17.9678
    0.0000   30.0000    7.5000 2832.2493   17.8728
    7.5000   30.0000    7.5000 2819.1116   18.1935
   -7.5000   37.5000    7.5000 2754.2732   19.1038
    0.0000   37.5000    7.5000 2763.2378   18.9699
    7.5000   37.5000    7.5000 2748.6875   19.2999
   -7.5000   45.0000    7.5000 2670.4329   20.7129
    0.0000   45.0000    7.5000 2672.0879   20.5525
    7.5000   45.0000    7.5000 2654.3318   20.8890
   -7.5000  -45.0000   15.0000 2323.2900   26.6787
    0.0000  -45.0000   15.0000 2341.0305   26.8531
    7.5000  -45.0000   15.0000 2319.7034   26.9686
   -7.5000  -37.5000   15.0000 2444.7292   23.7918
    0.0000  -37.5000   15.0000 2461.4768   23.9625
    7.5000  -37.5000   15.0000 2436.2883   24.0744
   -7.5000  -30.0000   15.0000 2553.6218   21.5277
    0.0000  -30.0000   15.0000 2565.6479   21.6749
    7.5000  -30.0000   15.0000 2545.4478   21.8048
   -7.5000  -22.5000   15.0000 2656.0288   19.7270
    0.0000  -22.5000   15.0000 2668.7778   19.8876
    7.5000  -22.5000   15.0000 2651.1467   19.9739
   -7.5000  -15.0000   15.0000 2754.0134   18.4374
    0.0000  -15.0000   15.0000 2773.7310   18.6077
    7.5000  -15.0000   15.0000 2751.2737   18.6487
   -7.5000   -7.5000   15.0000 2849.7056   17.7117
    0.0000   -7.5000   15.0000 2878.5117   17.9341
    7.5000   -7.5000   15.0000 2843.4167   17.7741
   -7.5000    0.0000   15.0000 2930.1008   17.3966
    0.0000    0.0000   15.0000 2970.0977   17.6860
    7.5000    0.0000   15.0000 2908.1716   17.2654
   -7.5000    7.5000   15.0000 2949.9197   16.9622
    0.0000    7.5000   15.0000 3000.8381   17.2890
    7.5000    7.5000   15.0000 2915.9758   16.8999
   -7.5000   15.0000   15.0000 2903.5071   16.6049
    0.0000   15.0000   15.0000 2934.2729   16.7855
    7.5000   15.0000   15.0000 2885.1741   16.7544
   -7.5000   22.5000   15.0000 2869.3413   16.9088
    0.0000   22.5000   15.0000 2889.3953   16.8539
    7.5000   22.5000   15.0000 2856.4424   17.0261
   -7.5000   30.0000   15.0000 2825.1155   17.7086
    0.0000   30.0000   15.0000 2840.1384   17.5851
    7.5000   30.0000   15.0000 2819.2717   17.7841
   -7.5000   37.5000   15.0000 2762.9741   18.8871
    0.0000   37.5000   15.0000 2773.4697   18.7356
    7.5000   37.5000   15.0000 2755.0908   18.9504
   -7.5000   45.0000   15.0000 2680.7903   20.4963
    0.0000   45.0000   15.0000 2686.4695   20.3565
    7.5000   45.0000   15.0000 2663.5898   20.5399
   -7.5000  -45.0000   22.5000 2290.2515   27.1129
    0.0000  -45.0000   22.5000 2317.8743   27.4005
    7.5000  -45.0000   22.5000 2298.8464   27.6982
   -7.5000  -37.5000   22.5000 2403.7708   24.0464
    0.0000  -37.5000   22.5000 2425.9836   24.3152
    7.5000  -37.5000   22.5000 2418.0066   24.6221
   -7.5000  -30.0000   22.5000 2509.8809   21.7772
    0.0000  -30.0000   22.5000 2529.0249   22.0519
    7.5000  -30.0000   22.5000 2524.5718   22.2580
   -7.5000  -22.5000   22.5000 2621.7646   20.0275
    0.0000  -22.5000   22.5000 2644.2861   20.3157
    7.5000  -22.5000   22.5000 2635.3372   20.3782
   -7.5000  -15.0000   22.5000 2736.4512   18.7879
    0.0000  -15.0000   22.5000 2763.6697   19.1311
    7.5000  -15.0000   22.5000 2735.8513   18.9782
   -7.5000   -7.5000   22.5000 2844.4880   18.0529
    0.0000   -7.5000   22.5000 2885.0195   18.4674
    7.5000   -7.5000   22.5000 2824.6699   18.0413
   -7.5000    0.0000   22.5000 2926.7698   17.6025
    0.0000    0.0000   22.5000 2985.7729   18.1195
    7.5000    0.0000   22.5000 2890.5364   17.4226
   -7.5000    7.5000   22.5000 2952.5239   17.0842
    0.0000    7.5000   22.5000 3012.8372   17.4651
    7.5000    7.5000   22.5000 2909.1104   16.9602
   -7.5000   15.0000   22.5000 2930.5598   16.8901
    0.0000   15.0000   22.5000 2953.7263   16.9050
    7.5000   15.0000   22.5000 2891.2939   16.8238
   -7.5000   22.5000   22.5000 2891.6384   17.1081
    0.0000   22.5000   22.5000 2915.1467   17.0395
    7.5000   22.5000   22.5000 2867.3149   17.0927
   -7.5000   30.0000   22.5000 2830.0320   17.7939
    0.0000   30.0000   22.5000 2845.6528   17.7449
    7.5000   30.0000   22.5000 2820.4973   17.8572
   -7.5000   37.5000   22.5000 2760.4597   18.9696
    0.0000   37.5000   22.5000 2767.0012   18.8661
    7.5000   37.5000   22.5000 2754.1155   19.0353
   -7.5000   45.0000   22.5000 2675.4480   20.5764
    0.0000   45.0000   22.5000 2679.2864   20.4295
    7.5000   45.0000   22.5000 2670.0042   20.6727
   -7.5000  -45.0000   30.0000 2247.9133   27.9679
    0.0000  -45.0000   30.0000 2276.4036   28.2896
    7.5000  -45.0000   30.0000 2267.1274   28.7142
   -7.5000  -37.5000   30.0000 2370.3174   25.0240
    0.0000  -37.5000   30.0000 2393.5947   25.3151
    7.5000  -37.5000   30.0000 2381.8196   25.5773
   -7.5000  -30.0000   30.0000 2483.1890   22.7365
    0.0000  -30.0000   30.0000 2503.0840   23.0820
    7.5000  -30.0000   30.0000 2489.6936   23.1538
   -7.5000  -22.5000   30.0000 2597.9141   20.9275
    0.0000  -22.5000   30.0000 2622.8662   21.2924
    7.5000  -22.5000   30.0000 2601.1028   21.2689
   -7.5000  -15.0000   30.0000 2708.2170   19.5118
    0.0000  -15.0000   30.0000 2728.8674   19.8706
    7.5000  -15.0000   30.0000 2702.4438   19.7287
   -7.5000   -7.5000   30.0000 2809.2749   18.5718
    0.0000   -7.5000   30.0000 2841.8816   18.9272
    7.5000   -7.5000   30.0000 2798.8013   18.6760
   -7.5000    0.0000   30.0000 2877.0608   17.8479
    0.0000    0.0000   30.0000 2927.5957   18.2620
    7.5000    0.0000   30.0000 2868.9978   17.9741
   -7.5000    7.5000   30.0000 2913.4492   17.3262
    0.0000    7.5000   30.0000 2942.1375   17.4072
    7.5000    7.5000   30.0000 2896.8174   17.4788
   -7.5000   15.0000   30.0000 2916.6035   17.3272
    0.0000   15.0000   30.0000 2933.6438   17.2906
    7.5000   15.0000   30.0000 2894.6201   17.4486
   -7.5000   22.5000   30.0000 2886.1938   17.7618
    0.0000   22.5000   30.0000 2913.7065   17.7201
    7.5000   22.5000   30.0000 2874.8574   17.8322
   -7.5000   30.0000   30.0000 2816.2148   18.5268
    0.0000   30.0000   30.0000 2837.1772   18.4658
    7.5000   30.0000   30.0000 2813.2383   18.5831
   -7.5000   37.5000   30.0000 2738.9514   19.6026
    0.0000   37.5000   30.0000 2747.2903   19.5262
    7.5000   37.5000   30.0000 2730.9438   19.6622
   -7.5000   45.0000   30.0000 2651.1318   21.0318
    0.0000   45.0000   30.0000 2652.3787   20.9371
    7.5000   45.0000   30.0000 2638.7844   21.1670
   -7.5000  -45.0000   37.5000 2214.4075   29.5478
    0.0000  -45.0000   37.5000 2230.4395   29.8099
    7.5000  -45.0000   37.5000 2221.5522   30.1999
   -7.5000  -37.5000   37.5000 2342.2422   26.3831
    0.0000  -37.5000   37.5000 2352.4421   26.6258
    7.5000  -37.5000   37.5000 2343.0640   26.9575
   -7.5000  -30.0000   37.5000 2452.0669   23.8506
    0.0000  -30.0000   37.5000 2461.1536   24.0805
    7.5000  -30.0000   37.5000 2454.8096   24.3985
   -7.5000  -22.5000   37.5000 2557.3613   21.8299
    0.0000  -22.5000   37.5000 2572.5042   22.0311
    7.5000  -22.5000   37.5000 2565.6929   22.3165
   -7.5000  -15.0000   37.5000 2660.9219   20.2090
    0.0000  -15.0000   37.5000 2676.5913   20.4400
    7.5000  -15.0000   37.5000 2669.7820   20.6377
   -7.5000   -7.5000   37.5000 2756.1824   19.1251
    0.0000   -7.5000   37.5000 2781.7051   19.3823
    7.5000   -7.5000   37.5000 2766.4500   19.4546
   -7.5000    0.0000   37.5000 2821.0984   18.3323
    0.0000    0.0000   37.5000 2844.6641   18.4270
    7.5000    0.0000   37.5000 2822.7463   18.5965
   -7.5000    7.5000   37.5000 2861.3855   17.7963
    0.0000    7.5000   37.5000 2877.6936   17.7375
    7.5000    7.5000   37.5000 2855.2820   18.0411
   -7.5000   15.0000   37.5000 2870.6592   17.8975
    0.0000   15.0000   37.5000 2884.1255   17.8652
    7.5000   15.0000   37.5000 2863.2100   18.1165
   -7.5000   22.5000   37.5000 2846.7620   18.4035
    0.0000   22.5000   37.5000 2870.5994   18.3839
    7.5000   22.5000   37.5000 2841.2698   18.5695
   -7.5000   30.0000   37.5000 2787.8452   19.2340
    0.0000   30.0000   37.5000 2805.4956   19.1579
    7.5000   30.0000   37.5000 2788.7930   19.3626
   -7.5000   37.5000   37.5000 2710.8022   20.3998
    0.0000   37.5000   37.5000 2721.0525   20.3075
    7.5000   37.5000   37.5000 2708.3108   20.5348
   -7.5000   45.0000   37.5000 2620.6072   21.9159
    0.0000   45.0000   37.5000 2623.9309   21.7942
    7.5000   45.0000   37.5000 2605.0364   22.0044
   -7.5000  -45.0000   45.0000 2168.8125   31.1666
    0.0000  -45.0000   45.0000 2168.1438   31.1452
    7.5000  -45.0000   45.0000 2174.0317   31.9168
   -7.5000  -37.5000   45.0000 2293.8462   27.7445
    0.0000  -37.5000   45.0000 2290.3584   27.6630
    7.5000  -37.5000   45.0000 2297.6633   28.4019
   -7.5000  -30.0000   45.0000 2403.7058   25.0152
    0.0000  -30.0000   45.0000 2398.7737   24.9373
    7.5000  -30.0000   45.0000 2412.3259   25.5947
   -7.5000  -22.5000   45.0000 2511.2712   22.8221
    0.0000  -22.5000   45.0000 2506.0588   22.7663
    7.5000  -22.5000   45.0000 2521.7844   23.3662
   -7.5000  -15.0000   45.0000 2609.7175   21.0979
    0.0000  -15.0000   45.0000 2612.2290   21.1116
    7.5000  -15.0000   45.0000 2622.7568   21.5727
   -7.5000   -7.5000   45.0000 2696.2957   19.9059
    0.0000   -7.5000   45.0000 2707.6067   19.9525
    7.5000   -7.5000   45.0000 2707.5210   20.2835
   -7.5000    0.0000   45.0000 2755.1077   19.0921
    0.0000    0.0000   45.0000 2767.1667   18.9781
    7.5000    0.0000   45.0000 2755.9707   19.3536
   -7.5000    7.5000   45.0000 2788.7456   18.5867
    0.0000    7.5000   45.0000 2798.0552   18.4866
    7.5000    7.5000   45.0000 2786.5759   18.8589
   -7.5000   15.0000   45.0000 2796.4714   18.7381
    0.0000   15.0000   45.0000 2810.3589   18.6500
    7.5000   15.0000   45.0000 2799.5625   18.9748
   -7.5000   22.5000   45.0000 2777.2866   19.2408
    0.0000   22.5000   45.0000 2795.8733   19.1605
    7.5000   22.5000   45.0000 2778.2766   19.4123
   -7.5000   30.0000   45.0000 2734.9600   20.0959
    0.0000   30.0000   45.0000 2748.5737   19.9824
    7.5000   30.0000   45.0000 2731.5535   20.2238
   -7.5000   37.5000   45.0000 2663.5369   21.2615
    0.0000   37.5000   45.0000 2667.7434   21.1705
    7.5000   37.5000   45.0000 2657.1606   21.4345
   -7.5000   45.0000   45.0000 2572.0740   22.8414
    0.0000   45.0000   45.0000 2578.1257   22.7419
    7.5000   45.0000   45.0000 2568.1128   23.0191
   -7.5000  -45.0000   52.5000 2116.9243   32.7952
    0.0000  -45.0000   52.5000 2097.6519   32.4635
    7.5000  -45.0000   52.5000 2116.0518   33.5801
   -7.5000  -37.5000   52.5000 2241.8171   29.1768
    0.0000  -37.5000   52.5000 2224.6963   28.8106
    7.5000  -37.5000   52.5000 2241.4265   29.8022
   -7.5000  -30.0000   52.5000 2353.5703   26.2819
    0.0000  -30.0000   52.5000 2335.2139   25.9413
    7.5000  -30.0000   52.5000 2355.6265   26.8227
   -7.5000  -22.5000   52.5000 2459.2974   24.0157
    0.0000  -22.5000   52.5000 2442.4661   23.7582
    7.5000  -22.5000   52.5000 2463.9341   24.5108
   -7.5000  -15.0000   52.5000 2553.0999   22.2280
    0.0000  -15.0000   52.5000 2543.1682   22.0743
    7.5000  -15.0000   52.5000 2558.7976   22.6716
   -7.5000   -7.5000   52.5000 2628.3162   20.9299
    0.0000   -7.5000   52.5000 2631.9663   20.7904
    7.5000   -7.5000   52.5000 2636.7444   21.3135
   -7.5000    0.0000   52.5000 2688.5811   20.0817
    0.0000    0.0000   52.5000 2692.3203   19.8877
    7.5000    0.0000   52.5000 2689.7520   20.4017
   -7.5000    7.5000   52.5000 2714.3987   19.6507
    0.0000    7.5000   52.5000 2718.0908   19.5168
    7.5000    7.5000   52.5000 2718.9768   19.9485
   -7.5000   15.0000   52.5000 2719.9126   19.8566
    0.0000   15.0000   52.5000 2726.1160   19.6774
    7.5000   15.0000   52.5000 2722.9922   20.0546
   -7.5000   22.5000   52.5000 2704.0020   20.3093
    0.0000   22.5000   52.5000 2715.5205   20.1483
    7.5000   22.5000   52.5000 2708.4990   20.4798
   -7.5000   30.0000   52.5000 2666.0464   21.1123
    0.0000   30.0000   52.5000 2677.5076   20.9263
    7.5000   30.0000   52.5000 2663.3003   21.2457
   -7.5000   37.5000   52.5000 2604.7363   22.2695
    0.0000   37.5000   52.5000 2612.9282   22.1191
    7.5000   37.5000   52.5000 2597.9863   22.4310
   -7.5000   45.0000   52.5000 2508.8125   23.8752
    0.0000   45.0000   52.5000 2519.3367   23.7599
    7.5000   45.0000   52.5000 2507.1926   24.0354
   -7.5000  -45.0000   60.0000 2031.8234   34.4283
    0.0000  -45.0000   60.0000 2013.4438   33.9447
    7.5000  -45.0000   60.0000 2028.6636   35.1245
   -7.5000  -37.5000   60.0000 2158.3130   30.6658
    0.0000  -37.5000   60.0000 2139.4578   30.0631
    7.5000  -37.5000   60.0000 2154.7820   31.1549
   -7.5000  -30.0000   60.0000 2273.1038   27.6865
    0.0000  -30.0000   60.0000 2250.5471   27.1131
    7.5000  -30.0000   60.0000 2264.9978   28.0974
   -7.5000  -22.5000   60.0000 2371.7612   25.3009
    0.0000  -22.5000   60.0000 2354.0557   24.9331
    7.5000  -22.5000   60.0000 2372.3101   25.7731
   -7.5000  -15.0000   60.0000 2460.4060   23.4701
    0.0000  -15.0000   60.0000 2451.6370   23.2100
    7.5000  -15.0000   60.0000 2465.9824   23.9425
   -7.5000   -7.5000   60.0000 2531.3696   22.1177
    0.0000   -7.5000   60.0000 2532.4526   21.8833
    7.5000   -7.5000   60.0000 2536.0024   22.5105
   -7.5000    0.0000   60.0000 2577.9758   21.2390
    0.0000    0.0000   60.0000 2584.4873   21.0414
    7.5000    0.0000   60.0000 2581.5925   21.5812
   -7.5000    7.5000   60.0000 2610.4741   20.9070
    0.0000    7.5000   60.0000 2610.9270   20.7957
    7.5000    7.5000   60.0000 2613.7446   21.2274
   -7.5000   15.0000   60.0000 2611.3926   21.0688
    0.0000   15.0000   60.0000 2615.6211   20.9341
    7.5000   15.0000   60.0000 2614.5491   21.2873
   -7.5000   22.5000   60.0000 2594.2151   21.5147
    0.0000   22.5000   60.0000 2597.6021   21.3434
    7.5000   22.5000   60.0000 2594.7952   21.7142
   -7.5000   30.0000   60.0000 2555.7793   22.2615
    0.0000   30.0000   60.0000 2567.4431   22.0320
    7.5000   30.0000   60.0000 2556.7756   22.3850
   -7.5000   37.5000   60.0000 2497.8083   23.3713
    0.0000   37.5000   60.0000 2519.8745   23.1737
    7.5000   37.5000   60.0000 2499.9490   23.4828
   -7.5000   45.0000   60.0000 2409.1697   24.9822
    0.0000   45.0000   60.0000 2423.8816   24.8371
    7.5000   45.0000   60.0000 2411.3311   25.1010

---------------------------------------------------------------------
imgreg_4dfp /opt/freesurfer/average/711-2C_as_mni_average_305 /opt/freesurfer/average/711-2B_as_mni_average_305_mask talsrcimg_g11 none talsrcimg_to_711-2C_as_mni_average_305_t4 1283
---------------------------------------------------------------------

freesurfer imgreg_4dfp.c
/opt/freesurfer/average/711-2C_as_mni_average_305.4dfp.img
       256       256       256         1
  1.000000  1.000000  1.000000
orientation T byte_order littleendian
Reading image: /opt/freesurfer/average/711-2C_as_mni_average_305.4dfp.img
dimensions:      256       256       256
mmppix:       1.0000   -1.0000   -1.0000
center:     128.0000 -129.0000 -129.0000
/opt/freesurfer/average/711-2B_as_mni_average_305_mask.4dfp.img
       256       256       256         1
  1.000000  1.000000  1.000000
orientation T byte_order littleendian
Reading mask: /opt/freesurfer/average/711-2B_as_mni_average_305_mask.4dfp.img (2306576 pixels)
talsrcimg_g11.4dfp.img
       256       256       256         1
  1.000000  1.000000  1.000000
orientation T byte_order littleendian
Reading image: talsrcimg_g11.4dfp.img
dimensions:      256       256       256
mmppix:       1.0000   -1.0000   -1.0000
center:     128.0000 -129.0000 -129.0000
rotation matrix determinant  1.000000
fimgreg.f
image alignment mode   1283 decimal      503 hex
parameters
    0.0000    7.5000   22.5000    0.0000    0.0000    0.0000
eta,q 0.94496 17.56100
niter,ni,del,rscale     5    3   12.0000    1.2000
parameter  2  0.624338 ->  0.500000 qaram    1.1500
parameter  3  0.521878 ->  0.500000 qaram    1.1500
parameters
   -1.3584    4.0500   19.0500   -1.6776   -2.2327   -0.5021
eta,q 0.95835 17.73411
  0.0667  0.0516  0.0466  0.0474  0.0469  0.0466
  0.0581  0.0473  0.0445  0.0442  0.0430  0.0430
  0.0536  0.0481  0.0453  0.0437  0.0419  0.0416
  0.0542  0.0529  0.0471  0.0450  0.0438  0.0418
  0.0611  0.0580  0.0514  0.0463  0.0479  0.0431
  0.0725  0.0642  0.0589  0.0490  0.0542  0.0449
  0.0828  0.0706  0.0683  0.0531  0.0615  0.0475
niter,ni,del,rscale     6    3   12.0000    1.2000
parameters
   -1.1361    5.3044   19.2816   -2.9694   -2.4430   -0.2309
eta,q 0.95904 17.75061
  0.0740  0.0708  0.0639  0.0456  0.0512  0.0468
  0.0593  0.0569  0.0500  0.0418  0.0458  0.0434
  0.0478  0.0470  0.0401  0.0409  0.0421  0.0415
  0.0416  0.0415  0.0410  0.0413  0.0409  0.0409
  0.0448  0.0424  0.0438  0.0433  0.0427  0.0415
  0.0567  0.0485  0.0497  0.0468  0.0467  0.0430
  0.0699  0.0545  0.0584  0.0503  0.0527  0.0455
niter,ni,del,rscale     5    3   12.0000    1.2000
parameters
   -0.9704    5.8665   19.0344   -3.4687   -2.7413   -0.1955
eta,q 0.95920 17.74424
  0.0711  0.0654  0.0603  0.0469  0.0508  0.0461
  0.0570  0.0529  0.0472  0.0426  0.0455  0.0429
  0.0463  0.0439  0.0395  0.0408  0.0419  0.0412
  0.0410  0.0409  0.0411  0.0409  0.0408  0.0408
  0.0441  0.0444  0.0444  0.0420  0.0427  0.0414
  0.0550  0.0509  0.0515  0.0450  0.0470  0.0430
  0.0683  0.0566  0.0603  0.0485  0.0529  0.0457
niter,ni,del,rscale     4    3   12.0000    1.2000
parameters
   -0.8811    6.1372   18.8701   -3.8319   -2.9624   -0.2000
eta,q 0.95929 17.74162
  0.0702  0.0630  0.0607  0.0469  0.0510  0.0460
  0.0565  0.0507  0.0480  0.0427  0.0458  0.0428
  0.0457  0.0424  0.0396  0.0408  0.0420  0.0411
  0.0408  0.0407  0.0410  0.0408  0.0407  0.0407
  0.0442  0.0453  0.0441  0.0418  0.0424  0.0413
  0.0553  0.0516  0.0513  0.0444  0.0469  0.0430
  0.0689  0.0569  0.0600  0.0479  0.0526  0.0458
niter,ni,del,rscale     3    3   12.0000    1.2000
parameters
   -0.8115    6.3164   18.7445   -4.0834   -3.1409   -0.1927
eta,q 0.95936 17.73854
  0.0700  0.0621  0.0609  0.0469  0.0511  0.0460
  0.0564  0.0498  0.0485  0.0428  0.0459  0.0428
  0.0456  0.0418  0.0398  0.0408  0.0420  0.0411
  0.0407  0.0407  0.0408  0.0407  0.0406  0.0406
  0.0442  0.0457  0.0440  0.0416  0.0423  0.0413
  0.0555  0.0516  0.0513  0.0440  0.0468  0.0429
  0.0690  0.0566  0.0599  0.0475  0.0525  0.0458
niter,ni,del,rscale     2    3   12.0000    1.2000
parameters
   -0.7514    6.4470   18.6555   -4.2781   -3.2807   -0.1923
eta,q 0.95939 17.73576
  0.0699  0.0615  0.0611  0.0469  0.0513  0.0461
  0.0565  0.0493  0.0488  0.0428  0.0461  0.0427
  0.0455  0.0415  0.0399  0.0408  0.0421  0.0411
  0.0406  0.0406  0.0408  0.0407  0.0406  0.0406
  0.0442  0.0459  0.0439  0.0416  0.0422  0.0412
  0.0556  0.0516  0.0512  0.0438  0.0468  0.0429
  0.0691  0.0565  0.0598  0.0472  0.0523  0.0459
niter,ni,del,rscale     1    3   12.0000    1.2000
parameters
   -0.7053    6.5482   18.5911   -4.4581   -3.3928   -0.1841
eta,q 0.95942 17.73364
  0.0698  0.0611  0.0612  0.0468  0.0514  0.0461
  0.0565  0.0489  0.0491  0.0427  0.0462  0.0428
  0.0455  0.0414  0.0401  0.0408  0.0421  0.0411
  0.0406  0.0406  0.0407  0.0406  0.0406  0.0406
  0.0443  0.0459  0.0439  0.0416  0.0422  0.0412
  0.0558  0.0515  0.0512  0.0437  0.0468  0.0429
  0.0693  0.0563  0.0597  0.0470  0.0522  0.0459
registration optimization eta report
parameter search radius
    6.0000    6.9000    6.9000    6.0000    6.0000    6.0000
100000*second partial in parameter space
       78.       37.       43.       18.       31.       15.
  0.0698  0.0611  0.0612  0.0468  0.0514  0.0461
  0.0565  0.0489  0.0491  0.0427  0.0462  0.0428
  0.0455  0.0414  0.0401  0.0408  0.0421  0.0411
  0.0406  0.0406  0.0407  0.0406  0.0406  0.0406
  0.0443  0.0459  0.0439  0.0416  0.0422  0.0412
  0.0558  0.0515  0.0512  0.0437  0.0468  0.0429
  0.0693  0.0563  0.0597  0.0470  0.0522  0.0459
   -0.7053    6.5482   18.5911   -4.4581   -3.3928   -0.1841
eta,q 0.95942 17.73364

---------------------------------------------------------------------
imgreg_4dfp /opt/freesurfer/average/711-2C_as_mni_average_305 /opt/freesurfer/average/711-2B_as_mni_average_305_mask talsrcimg_g11 none talsrcimg_to_711-2C_as_mni_average_305_t4 3335
---------------------------------------------------------------------

freesurfer imgreg_4dfp.c
/opt/freesurfer/average/711-2C_as_mni_average_305.4dfp.img
       256       256       256         1
  1.000000  1.000000  1.000000
orientation T byte_order littleendian
Reading image: /opt/freesurfer/average/711-2C_as_mni_average_305.4dfp.img
dimensions:      256       256       256
mmppix:       1.0000   -1.0000   -1.0000
center:     128.0000 -129.0000 -129.0000
/opt/freesurfer/average/711-2B_as_mni_average_305_mask.4dfp.img
       256       256       256         1
  1.000000  1.000000  1.000000
orientation T byte_order littleendian
Reading mask: /opt/freesurfer/average/711-2B_as_mni_average_305_mask.4dfp.img (2306576 pixels)
talsrcimg_g11.4dfp.img
       256       256       256         1
  1.000000  1.000000  1.000000
orientation T byte_order littleendian
Reading image: talsrcimg_g11.4dfp.img
dimensions:      256       256       256
mmppix:       1.0000   -1.0000   -1.0000
center:     128.0000 -129.0000 -129.0000
fimgreg.f
image alignment mode   3335 decimal      D07 hex
parameters
   -0.7053    6.5482   18.5911   -0.1758   -0.3016   -0.4773
   -0.1397    5.9252   -0.3208    7.7540   -5.9182   -7.7593
eta,q 0.95965 17.80733
niter,ni,del,rscale     5    3    5.0000    1.2000
parameter  4  0.603586 ->  0.500000 qaram    1.1500
parameter  5  1.164595 ->  0.500000 qaram    1.1500
parameter  6  0.709111 ->  0.500000 qaram    1.1500
parameters
   -0.7870    6.9902   18.5298   -4.3158   -4.4416   -4.6173
    0.2665    5.5174    0.8614    7.4695   -5.2892   -8.8379
eta,q 0.97040 17.67519
  0.0458  0.0444  0.0437  0.0380  0.0316  0.0307  0.0328  0.0334  0.0320  0.0321  0.0311  0.0306
  0.0428  0.0424  0.0417  0.0379  0.0325  0.0298  0.0311  0.0311  0.0308  0.0308  0.0303  0.0300
  0.0409  0.0410  0.0405  0.0383  0.0344  0.0302  0.0301  0.0299  0.0300  0.0300  0.0298  0.0297
  0.0404  0.0403  0.0403  0.0402  0.0379  0.0329  0.0297  0.0297  0.0297  0.0296  0.0296  0.0296
  0.0412  0.0403  0.0408  0.0453  0.0428  0.0389  0.0299  0.0302  0.0296  0.0299  0.0297  0.0299
  0.0433  0.0410  0.0421  0.0537  0.0486  0.0449  0.0307  0.0317  0.0300  0.0309  0.0300  0.0305
  0.0466  0.0422  0.0439  0.0635  0.0545  0.0513  0.0321  0.0345  0.0309  0.0327  0.0306  0.0315
niter,ni,del,rscale     7    3    5.0000    1.2000
parameter  2 -0.678906 -> -0.500000 qaram    1.1500
parameter  3  0.826655 ->  0.500000 qaram    1.1500
parameter  5  0.578670 ->  0.500000 qaram    1.3225
parameter 10 -1.146371 -> -0.500000 qaram    1.1500
parameters
   -1.0961    8.3702   17.1498   -4.5465   -9.2026   -7.3345
   -0.3304    4.6479    1.1872   11.6095   -5.0537  -11.9422
eta,q 0.97574 17.37717
  0.0315  0.0350  0.0272  0.0311  0.0263  0.0279  0.0281  0.0284  0.0277  0.0312  0.0253  0.0246
  0.0303  0.0328  0.0271  0.0296  0.0257  0.0270  0.0270  0.0269  0.0269  0.0293  0.0248  0.0243
  0.0297  0.0309  0.0275  0.0283  0.0260  0.0262  0.0264  0.0262  0.0264  0.0276  0.0246  0.0243
  0.0296  0.0296  0.0285  0.0272  0.0273  0.0257  0.0262  0.0262  0.0261  0.0261  0.0245  0.0245
  0.0301  0.0287  0.0299  0.0265  0.0303  0.0274  0.0266  0.0267  0.0263  0.0250  0.0245  0.0249
  0.0312  0.0285  0.0317  0.0279  0.0349  0.0330  0.0275  0.0278  0.0267  0.0243  0.0247  0.0256
  0.0328  0.0288  0.0338  0.0338  0.0406  0.0394  0.0289  0.0299  0.0275  0.0242  0.0252  0.0264
niter,ni,del,rscale     7    3    5.0000    1.2000
parameter  2 -0.941987 -> -0.500000 qaram    1.3225
parameter  3  0.653452 ->  0.500000 qaram    1.3225
parameter 10 -0.523815 -> -0.500000 qaram    1.3225
parameter 12  0.716883 ->  0.500000 qaram    1.1500
parameters
   -1.1257    9.9572   15.5628   -3.2037  -11.4657   -8.9840
   -0.7833    4.8218    1.2721   16.3705   -4.8580  -16.0822
eta,q 0.98050 17.39002
  0.0268  0.0325  0.0214  0.0253  0.0237  0.0241  0.0233  0.0255  0.0232  0.0279  0.0209  0.0196
  0.0254  0.0293  0.0210  0.0236  0.0218  0.0226  0.0221  0.0229  0.0221  0.0251  0.0204  0.0195
  0.0245  0.0265  0.0212  0.0222  0.0206  0.0216  0.0214  0.0215  0.0214  0.0228  0.0201  0.0196
  0.0243  0.0243  0.0220  0.0210  0.0205  0.0204  0.0211  0.0211  0.0211  0.0211  0.0200  0.0200
  0.0246  0.0227  0.0231  0.0199  0.0218  0.0210  0.0215  0.0215  0.0214  0.0202  0.0201  0.0207
  0.0255  0.0218  0.0246  0.0201  0.0255  0.0251  0.0225  0.0226  0.0220  0.0201  0.0203  0.0215
  0.0270  0.0218  0.0265  0.0243  0.0315  0.0321  0.0241  0.0251  0.0231  0.0211  0.0208  0.0226
niter,ni,del,rscale     7    3    5.0000    1.2000
parameters
   -1.0619   11.1484   15.0887   -3.1808  -12.2059   -9.2037
   -1.1354    4.9152    1.1959   16.6315   -5.3631  -18.6495
eta,q 0.98141 17.36833
  0.0228  0.0284  0.0207  0.0227  0.0239  0.0240  0.0213  0.0238  0.0210  0.0245  0.0195  0.0194
  0.0211  0.0246  0.0192  0.0211  0.0215  0.0220  0.0199  0.0208  0.0198  0.0215  0.0190  0.0188
  0.0199  0.0215  0.0186  0.0198  0.0195  0.0203  0.0191  0.0193  0.0191  0.0196  0.0188  0.0186
  0.0195  0.0195  0.0187  0.0186  0.0186  0.0187  0.0188  0.0188  0.0188  0.0188  0.0188  0.0188
  0.0198  0.0187  0.0193  0.0177  0.0191  0.0178  0.0192  0.0192  0.0191  0.0192  0.0189  0.0193
  0.0208  0.0192  0.0205  0.0191  0.0217  0.0204  0.0202  0.0206  0.0199  0.0209  0.0192  0.0200
  0.0226  0.0209  0.0222  0.0247  0.0273  0.0271  0.0219  0.0235  0.0211  0.0241  0.0197  0.0211
niter,ni,del,rscale     6    3    5.0000    1.2000
parameters
   -1.0473   11.3012   15.0449   -3.2643  -12.3719   -9.2833
   -1.2529    4.9989    1.2335   17.0747   -5.2968  -18.9377
eta,q 0.98133 17.36348
  0.0219  0.0245  0.0215  0.0227  0.0245  0.0241  0.0214  0.0237  0.0210  0.0246  0.0197  0.0201
  0.0201  0.0214  0.0196  0.0211  0.0220  0.0220  0.0200  0.0207  0.0198  0.0215  0.0190  0.0193
  0.0190  0.0194  0.0187  0.0197  0.0198  0.0203  0.0190  0.0191  0.0190  0.0195  0.0187  0.0188
  0.0186  0.0186  0.0186  0.0186  0.0186  0.0186  0.0187  0.0187  0.0187  0.0187  0.0187  0.0187
  0.0189  0.0191  0.0190  0.0177  0.0188  0.0177  0.0190  0.0191  0.0189  0.0190  0.0188  0.0189
  0.0200  0.0208  0.0200  0.0193  0.0210  0.0201  0.0200  0.0206  0.0197  0.0207  0.0191  0.0195
  0.0219  0.0235  0.0214  0.0249  0.0262  0.0266  0.0217  0.0234  0.0210  0.0237  0.0196  0.0203
niter,ni,del,rscale     5    3    5.0000    1.2000
parameters
   -1.0365   11.3517   15.0163   -3.2022  -12.4000   -9.2981
   -1.2483    4.9997    1.2177   17.1455   -5.2593  -19.0326
eta,q 0.98135 17.36742
  0.0219  0.0242  0.0216  0.0228  0.0247  0.0242  0.0215  0.0236  0.0209  0.0241  0.0197  0.0202
  0.0202  0.0212  0.0197  0.0212  0.0221  0.0220  0.0200  0.0206  0.0197  0.0212  0.0190  0.0193
  0.0191  0.0193  0.0188  0.0198  0.0199  0.0203  0.0190  0.0191  0.0189  0.0193  0.0187  0.0188
  0.0187  0.0187  0.0187  0.0187  0.0186  0.0186  0.0187  0.0187  0.0187  0.0187  0.0186  0.0187
  0.0190  0.0193  0.0191  0.0178  0.0188  0.0176  0.0189  0.0191  0.0189  0.0191  0.0188  0.0189
  0.0201  0.0211  0.0200  0.0191  0.0208  0.0200  0.0199  0.0206  0.0197  0.0209  0.0191  0.0194
  0.0220  0.0238  0.0214  0.0246  0.0260  0.0265  0.0216  0.0236  0.0210  0.0241  0.0196  0.0202
niter,ni,del,rscale     4    3    5.0000    1.2000
parameters
   -1.0385   11.3611   15.0137   -3.2028  -12.4045   -9.2980
   -1.2461    4.9933    1.2125   17.1651   -5.2606  -19.0409
eta,q 0.98135 17.36763
  0.0219  0.0241  0.0216  0.0228  0.0247  0.0242  0.0215  0.0236  0.0209  0.0241  0.0197  0.0202
  0.0201  0.0211  0.0198  0.0211  0.0221  0.0221  0.0200  0.0206  0.0197  0.0211  0.0190  0.0193
  0.0191  0.0192  0.0188  0.0198  0.0199  0.0203  0.0190  0.0191  0.0189  0.0193  0.0187  0.0188
  0.0187  0.0187  0.0186  0.0186  0.0186  0.0187  0.0187  0.0187  0.0187  0.0187  0.0187  0.0187
  0.0190  0.0193  0.0191  0.0178  0.0188  0.0176  0.0189  0.0191  0.0189  0.0192  0.0188  0.0189
  0.0201  0.0212  0.0200  0.0192  0.0208  0.0200  0.0199  0.0206  0.0197  0.0209  0.0191  0.0194
  0.0220  0.0239  0.0214  0.0248  0.0260  0.0265  0.0216  0.0236  0.0210  0.0242  0.0196  0.0202
registration optimization eta report
parameter search radius
    2.4000    3.1740    3.1740    8.2800    9.5220    8.2800
    7.2000    7.2000    7.2000    9.5220    7.2000    8.2800
100000*second partial in parameter space
       57.       53.       28.        8.        7.       10.
        5.       10.        4.        6.        2.        2.
  0.0219  0.0241  0.0216  0.0228  0.0247  0.0242  0.0215  0.0236  0.0209  0.0241  0.0197  0.0202
  0.0201  0.0211  0.0198  0.0211  0.0221  0.0221  0.0200  0.0206  0.0197  0.0211  0.0190  0.0193
  0.0191  0.0192  0.0188  0.0198  0.0199  0.0203  0.0190  0.0191  0.0189  0.0193  0.0187  0.0188
  0.0187  0.0187  0.0186  0.0186  0.0186  0.0187  0.0187  0.0187  0.0187  0.0187  0.0187  0.0187
  0.0190  0.0193  0.0191  0.0178  0.0188  0.0176  0.0189  0.0191  0.0189  0.0192  0.0188  0.0189
  0.0201  0.0212  0.0200  0.0192  0.0208  0.0200  0.0199  0.0206  0.0197  0.0209  0.0191  0.0194
  0.0220  0.0239  0.0214  0.0248  0.0260  0.0265  0.0216  0.0236  0.0210  0.0242  0.0196  0.0202
   -1.0385   11.3611   15.0137   -3.2028  -12.4045   -9.2980
   -1.2461    4.9933    1.2125   17.1651   -5.2606  -19.0409
eta,q 0.98135 17.36763

---------------------------------------------------------------------
imgreg_4dfp /opt/freesurfer/average/711-2C_as_mni_average_305 /opt/freesurfer/average/711-2B_as_mni_average_305_mask talsrcimg_g11 none talsrcimg_to_711-2C_as_mni_average_305_t4 2311
---------------------------------------------------------------------

freesurfer imgreg_4dfp.c
/opt/freesurfer/average/711-2C_as_mni_average_305.4dfp.img
       256       256       256         1
  1.000000  1.000000  1.000000
orientation T byte_order littleendian
Reading image: /opt/freesurfer/average/711-2C_as_mni_average_305.4dfp.img
dimensions:      256       256       256
mmppix:       1.0000   -1.0000   -1.0000
center:     128.0000 -129.0000 -129.0000
/opt/freesurfer/average/711-2B_as_mni_average_305_mask.4dfp.img
       256       256       256         1
  1.000000  1.000000  1.000000
orientation T byte_order littleendian
Reading mask: /opt/freesurfer/average/711-2B_as_mni_average_305_mask.4dfp.img (2306576 pixels)
talsrcimg_g11.4dfp.img
       256       256       256         1
  1.000000  1.000000  1.000000
orientation T byte_order littleendian
Reading image: talsrcimg_g11.4dfp.img
dimensions:      256       256       256
mmppix:       1.0000   -1.0000   -1.0000
center:     128.0000 -129.0000 -129.0000
fimgreg.f
image alignment mode   2311 decimal      907 hex
parameters
   -1.0385   11.3611   15.0137   -3.2028  -12.4045   -9.2980
   -1.2461    4.9933    1.2125   17.1651   -5.2606  -19.0409
eta,q 0.98135 17.36763
niter,ni,del,rscale     5    3    5.0000    0.8000
parameter  4 -0.624204 -> -0.500000 qaram    1.1500
parameters
   -1.0111   11.3213   14.8145   -0.4428  -11.5471   -8.5607
   -1.5164    5.3236    1.1056   17.5533   -4.7704  -18.5078
eta,q 0.98275 17.58775
  0.0201  0.0200  0.0192  0.0208  0.0200  0.0206  0.0189  0.0218  0.0185  0.0192  0.0186  0.0181
  0.0193  0.0192  0.0188  0.0200  0.0190  0.0196  0.0179  0.0194  0.0178  0.0182  0.0178  0.0177
  0.0188  0.0188  0.0187  0.0193  0.0182  0.0187  0.0174  0.0179  0.0174  0.0176  0.0174  0.0174
  0.0187  0.0187  0.0186  0.0186  0.0178  0.0177  0.0173  0.0173  0.0173  0.0173  0.0173  0.0173
  0.0188  0.0188  0.0188  0.0180  0.0177  0.0171  0.0176  0.0176  0.0174  0.0173  0.0173  0.0173
  0.0193  0.0194  0.0191  0.0178  0.0180  0.0178  0.0182  0.0187  0.0179  0.0178  0.0176  0.0175
  0.0201  0.0202  0.0195  0.0185  0.0189  0.0199  0.0193  0.0207  0.0186  0.0187  0.0181  0.0178
niter,ni,del,rscale     5    3    5.0000    0.8000
parameters
   -1.0180   11.2423   15.1517   -1.6434  -11.3801   -7.8437
   -1.0848    5.1077    1.0846   17.3156   -4.9251  -18.3847
eta,q 0.98293 17.57708
  0.0195  0.0186  0.0189  0.0193  0.0194  0.0207  0.0189  0.0202  0.0182  0.0186  0.0180  0.0178
  0.0183  0.0178  0.0180  0.0185  0.0184  0.0196  0.0180  0.0183  0.0176  0.0178  0.0174  0.0174
  0.0175  0.0174  0.0175  0.0177  0.0178  0.0185  0.0174  0.0173  0.0172  0.0173  0.0171  0.0172
  0.0172  0.0172  0.0172  0.0172  0.0175  0.0175  0.0171  0.0171  0.0171  0.0171  0.0171  0.0171
  0.0175  0.0175  0.0172  0.0178  0.0176  0.0169  0.0172  0.0176  0.0172  0.0173  0.0172  0.0172
  0.0183  0.0180  0.0175  0.0202  0.0181  0.0177  0.0176  0.0188  0.0176  0.0180  0.0175  0.0174
  0.0196  0.0189  0.0179  0.0246  0.0192  0.0199  0.0184  0.0208  0.0183  0.0191  0.0180  0.0177
niter,ni,del,rscale     4    3    5.0000    0.7000
parameters
   -1.0393   11.2424   15.2569   -1.7459  -11.4132   -7.5938
   -1.1352    5.1035    1.1200   17.2992   -5.0680  -18.3790
eta,q 0.98299 17.57955
  0.0185  0.0183  0.0181  0.0192  0.0185  0.0198  0.0182  0.0196  0.0179  0.0184  0.0177  0.0176
  0.0177  0.0176  0.0176  0.0184  0.0177  0.0189  0.0175  0.0181  0.0174  0.0177  0.0173  0.0172
  0.0172  0.0172  0.0172  0.0177  0.0173  0.0180  0.0171  0.0173  0.0171  0.0172  0.0171  0.0171
  0.0171  0.0171  0.0171  0.0171  0.0171  0.0171  0.0170  0.0170  0.0170  0.0170  0.0170  0.0170
  0.0172  0.0172  0.0172  0.0169  0.0172  0.0169  0.0171  0.0173  0.0171  0.0171  0.0171  0.0171
  0.0178  0.0176  0.0174  0.0178  0.0177  0.0179  0.0175  0.0182  0.0174  0.0176  0.0174  0.0173
  0.0186  0.0183  0.0178  0.0202  0.0186  0.0199  0.0182  0.0196  0.0179  0.0184  0.0178  0.0175
niter,ni,del,rscale     3    3    5.0000    0.6000
parameters
   -1.0364   11.2484   15.3289   -1.4610  -11.4434   -7.4036
   -1.1884    5.1455    1.1178   17.3067   -5.0960  -18.3315
eta,q 0.98313 17.59376
  0.0181  0.0179  0.0178  0.0188  0.0179  0.0192  0.0177  0.0190  0.0175  0.0179  0.0175  0.0173
  0.0175  0.0174  0.0174  0.0182  0.0174  0.0184  0.0172  0.0178  0.0172  0.0174  0.0171  0.0171
  0.0171  0.0171  0.0171  0.0176  0.0171  0.0176  0.0170  0.0171  0.0169  0.0170  0.0169  0.0169
  0.0170  0.0170  0.0170  0.0170  0.0169  0.0169  0.0169  0.0169  0.0169  0.0169  0.0169  0.0169
  0.0171  0.0171  0.0171  0.0168  0.0170  0.0169  0.0170  0.0171  0.0169  0.0170  0.0170  0.0169
  0.0175  0.0174  0.0173  0.0173  0.0174  0.0176  0.0173  0.0178  0.0172  0.0173  0.0171  0.0171
  0.0181  0.0179  0.0176  0.0189  0.0180  0.0192  0.0178  0.0189  0.0176  0.0179  0.0175  0.0173
niter,ni,del,rscale     2    3    5.0000    0.5000
parameters
   -1.0369   11.2476   15.4192   -1.2044  -11.4891   -7.2105
   -1.2149    5.1431    1.0972   17.3079   -5.0802  -18.2718
eta,q 0.98324 17.60384
  0.0177  0.0175  0.0175  0.0183  0.0175  0.0186  0.0174  0.0183  0.0172  0.0175  0.0172  0.0171
  0.0172  0.0171  0.0171  0.0178  0.0171  0.0180  0.0170  0.0174  0.0170  0.0171  0.0170  0.0169
  0.0170  0.0169  0.0170  0.0173  0.0169  0.0173  0.0168  0.0169  0.0168  0.0169  0.0168  0.0168
  0.0169  0.0169  0.0169  0.0169  0.0168  0.0168  0.0168  0.0168  0.0168  0.0168  0.0168  0.0168
  0.0170  0.0169  0.0169  0.0167  0.0169  0.0168  0.0168  0.0169  0.0168  0.0168  0.0168  0.0168
  0.0172  0.0171  0.0170  0.0171  0.0171  0.0174  0.0170  0.0175  0.0170  0.0171  0.0170  0.0169
  0.0177  0.0175  0.0173  0.0183  0.0176  0.0185  0.0174  0.0183  0.0172  0.0175  0.0172  0.0170
niter,ni,del,rscale     1    3    5.0000    0.4000
parameters
   -1.0466   11.2471   15.5117   -0.9820  -11.5422   -7.0519
   -1.2285    5.1276    1.0609   17.3067   -5.0675  -18.2245
eta,q 0.98331 17.61017
  0.0173  0.0172  0.0172  0.0178  0.0171  0.0181  0.0171  0.0177  0.0170  0.0172  0.0170  0.0169
  0.0170  0.0169  0.0170  0.0174  0.0169  0.0175  0.0169  0.0171  0.0168  0.0169  0.0168  0.0168
  0.0168  0.0168  0.0168  0.0170  0.0168  0.0170  0.0167  0.0168  0.0167  0.0167  0.0167  0.0167
  0.0168  0.0168  0.0168  0.0168  0.0167  0.0167  0.0167  0.0167  0.0167  0.0167  0.0167  0.0167
  0.0168  0.0168  0.0168  0.0167  0.0168  0.0167  0.0167  0.0168  0.0167  0.0167  0.0167  0.0167
  0.0170  0.0169  0.0169  0.0170  0.0169  0.0171  0.0169  0.0172  0.0168  0.0169  0.0168  0.0168
  0.0173  0.0172  0.0170  0.0177  0.0172  0.0179  0.0171  0.0177  0.0170  0.0172  0.0170  0.0169
registration optimization eta report
parameter search radius
    0.8000    0.8000    0.8000    2.7600    2.4000    2.4000
    2.4000    2.4000    2.4000    2.4000    2.4000    2.4000
100000*second partial in parameter space
       86.       63.       55.       13.        8.       22.
        7.       18.        5.        9.        6.        3.
  0.0173  0.0172  0.0172  0.0178  0.0171  0.0181  0.0171  0.0177  0.0170  0.0172  0.0170  0.0169
  0.0170  0.0169  0.0170  0.0174  0.0169  0.0175  0.0169  0.0171  0.0168  0.0169  0.0168  0.0168
  0.0168  0.0168  0.0168  0.0170  0.0168  0.0170  0.0167  0.0168  0.0167  0.0167  0.0167  0.0167
  0.0168  0.0168  0.0168  0.0168  0.0167  0.0167  0.0167  0.0167  0.0167  0.0167  0.0167  0.0167
  0.0168  0.0168  0.0168  0.0167  0.0168  0.0167  0.0167  0.0168  0.0167  0.0167  0.0167  0.0167
  0.0170  0.0169  0.0169  0.0170  0.0169  0.0171  0.0169  0.0172  0.0168  0.0169  0.0168  0.0168
  0.0173  0.0172  0.0170  0.0177  0.0172  0.0179  0.0171  0.0177  0.0170  0.0172  0.0170  0.0169
   -1.0466   11.2471   15.5117   -0.9820  -11.5422   -7.0519
   -1.2285    5.1276    1.0609   17.3067   -5.0675  -18.2245
eta,q 0.98331 17.61017

---------------------------------------------------------------------
imgreg_4dfp /opt/freesurfer/average/711-2C_as_mni_average_305 /opt/freesurfer/average/711-2B_as_mni_average_305_mask talsrcimg_g11 none talsrcimg_to_711-2C_as_mni_average_305_t4 2311
---------------------------------------------------------------------

freesurfer imgreg_4dfp.c
/opt/freesurfer/average/711-2C_as_mni_average_305.4dfp.img
       256       256       256         1
  1.000000  1.000000  1.000000
orientation T byte_order littleendian
Reading image: /opt/freesurfer/average/711-2C_as_mni_average_305.4dfp.img
dimensions:      256       256       256
mmppix:       1.0000   -1.0000   -1.0000
center:     128.0000 -129.0000 -129.0000
/opt/freesurfer/average/711-2B_as_mni_average_305_mask.4dfp.img
       256       256       256         1
  1.000000  1.000000  1.000000
orientation T byte_order littleendian
Reading mask: /opt/freesurfer/average/711-2B_as_mni_average_305_mask.4dfp.img (2306576 pixels)
talsrcimg_g11.4dfp.img
       256       256       256         1
  1.000000  1.000000  1.000000
orientation T byte_order littleendian
Reading image: talsrcimg_g11.4dfp.img
dimensions:      256       256       256
mmppix:       1.0000   -1.0000   -1.0000
center:     128.0000 -129.0000 -129.0000
fimgreg.f
image alignment mode   2311 decimal      907 hex
parameters
   -1.0466   11.2471   15.5117   -0.9820  -11.5422   -7.0519
   -1.2285    5.1276    1.0609   17.3067   -5.0675  -18.2245
eta,q 0.98331 17.61018
niter,ni,del,rscale     5    3    5.0000    0.8000
parameters
   -1.0659   11.2536   15.6101   -1.7298  -11.6801   -7.5199
   -1.0927    5.0917    1.1267   17.2647   -5.1522  -18.2649
eta,q 0.98297 17.56412
  0.0189  0.0183  0.0183  0.0187  0.0186  0.0198  0.0186  0.0202  0.0182  0.0187  0.0179  0.0177
  0.0177  0.0174  0.0174  0.0179  0.0177  0.0188  0.0178  0.0184  0.0176  0.0178  0.0174  0.0173
  0.0169  0.0169  0.0169  0.0172  0.0171  0.0177  0.0172  0.0173  0.0172  0.0173  0.0171  0.0171
  0.0167  0.0167  0.0167  0.0167  0.0169  0.0169  0.0170  0.0170  0.0170  0.0170  0.0170  0.0170
  0.0169  0.0169  0.0168  0.0169  0.0170  0.0172  0.0172  0.0174  0.0171  0.0172  0.0172  0.0171
  0.0177  0.0174  0.0172  0.0185  0.0177  0.0190  0.0176  0.0185  0.0175  0.0178  0.0175  0.0174
  0.0190  0.0183  0.0179  0.0217  0.0189  0.0224  0.0185  0.0203  0.0182  0.0189  0.0179  0.0177
niter,ni,del,rscale     4    3    5.0000    0.7000
parameters
   -1.0327   11.2484   15.3824   -1.4723  -11.5283   -7.5674
   -1.1918    5.1629    1.1286   17.3061   -5.0983  -18.3058
eta,q 0.98307 17.58379
  0.0185  0.0182  0.0177  0.0189  0.0184  0.0195  0.0181  0.0197  0.0178  0.0183  0.0177  0.0175
  0.0177  0.0175  0.0172  0.0182  0.0176  0.0187  0.0174  0.0181  0.0173  0.0176  0.0172  0.0172
  0.0172  0.0171  0.0170  0.0175  0.0171  0.0177  0.0170  0.0172  0.0170  0.0171  0.0170  0.0170
  0.0170  0.0170  0.0170  0.0170  0.0169  0.0169  0.0169  0.0169  0.0169  0.0169  0.0169  0.0169
  0.0172  0.0172  0.0172  0.0168  0.0170  0.0169  0.0171  0.0172  0.0170  0.0170  0.0170  0.0170
  0.0176  0.0176  0.0176  0.0173  0.0174  0.0181  0.0175  0.0181  0.0173  0.0175  0.0173  0.0172
  0.0184  0.0182  0.0182  0.0189  0.0183  0.0204  0.0182  0.0195  0.0179  0.0183  0.0177  0.0175
niter,ni,del,rscale     3    3    5.0000    0.6000
parameters
   -1.0317   11.2467   15.3709   -1.2191  -11.4886   -7.4243
   -1.2049    5.1649    1.0992   17.3161   -5.0577  -18.2695
eta,q 0.98319 17.59854
  0.0181  0.0178  0.0176  0.0185  0.0179  0.0191  0.0177  0.0190  0.0175  0.0179  0.0175  0.0172
  0.0174  0.0173  0.0172  0.0179  0.0173  0.0183  0.0172  0.0177  0.0171  0.0173  0.0171  0.0170
  0.0171  0.0170  0.0170  0.0174  0.0170  0.0175  0.0169  0.0170  0.0169  0.0170  0.0169  0.0169
  0.0169  0.0169  0.0169  0.0169  0.0169  0.0169  0.0168  0.0168  0.0168  0.0168  0.0168  0.0168
  0.0170  0.0170  0.0170  0.0168  0.0169  0.0168  0.0169  0.0171  0.0169  0.0169  0.0169  0.0169
  0.0174  0.0173  0.0173  0.0172  0.0173  0.0176  0.0172  0.0178  0.0171  0.0173  0.0171  0.0170
  0.0181  0.0178  0.0176  0.0184  0.0179  0.0192  0.0177  0.0189  0.0175  0.0179  0.0174  0.0172
niter,ni,del,rscale     2    3    5.0000    0.5000
parameters
   -1.0381   11.2439   15.4376   -1.0218  -11.5128   -7.2346
   -1.2147    5.1413    1.0789   17.3059   -5.0394  -18.2168
eta,q 0.98327 17.60680
  0.0176  0.0174  0.0174  0.0180  0.0175  0.0186  0.0174  0.0183  0.0172  0.0175  0.0172  0.0171
  0.0172  0.0171  0.0171  0.0176  0.0171  0.0179  0.0170  0.0174  0.0169  0.0171  0.0169  0.0169
  0.0169  0.0169  0.0169  0.0171  0.0169  0.0173  0.0168  0.0169  0.0168  0.0168  0.0168  0.0168
  0.0168  0.0168  0.0168  0.0168  0.0168  0.0168  0.0167  0.0167  0.0167  0.0167  0.0167  0.0167
  0.0169  0.0169  0.0169  0.0168  0.0168  0.0168  0.0168  0.0169  0.0168  0.0168  0.0168  0.0168
  0.0172  0.0171  0.0170  0.0171  0.0171  0.0173  0.0170  0.0175  0.0169  0.0171  0.0169  0.0169
  0.0177  0.0174  0.0173  0.0180  0.0175  0.0185  0.0174  0.0183  0.0172  0.0175  0.0172  0.0170
niter,ni,del,rscale     1    3    5.0000    0.4000
parameters
   -1.0485   11.2422   15.5215   -0.8613  -11.5572   -7.0718
   -1.2290    5.1176    1.0431   17.2992   -5.0413  -18.1852
eta,q 0.98332 17.61157
  0.0173  0.0171  0.0172  0.0176  0.0171  0.0181  0.0171  0.0177  0.0170  0.0172  0.0170  0.0169
  0.0170  0.0169  0.0169  0.0172  0.0169  0.0175  0.0169  0.0171  0.0168  0.0169  0.0168  0.0168
  0.0168  0.0168  0.0168  0.0169  0.0168  0.0170  0.0167  0.0168  0.0167  0.0167  0.0167  0.0167
  0.0167  0.0167  0.0167  0.0167  0.0167  0.0167  0.0167  0.0167  0.0167  0.0167  0.0167  0.0167
  0.0168  0.0168  0.0167  0.0167  0.0168  0.0167  0.0167  0.0168  0.0167  0.0167  0.0167  0.0167
  0.0170  0.0169  0.0168  0.0169  0.0169  0.0171  0.0169  0.0172  0.0168  0.0169  0.0168  0.0168
  0.0173  0.0171  0.0170  0.0175  0.0172  0.0179  0.0171  0.0177  0.0170  0.0172  0.0170  0.0169
registration optimization eta report
parameter search radius
    0.8000    0.8000    0.8000    2.4000    2.4000    2.4000
    2.4000    2.4000    2.4000    2.4000    2.4000    2.4000
100000*second partial in parameter space
       88.       63.       55.       14.        8.       22.
        7.       18.        5.        9.        6.        3.
  0.0173  0.0171  0.0172  0.0176  0.0171  0.0181  0.0171  0.0177  0.0170  0.0172  0.0170  0.0169
  0.0170  0.0169  0.0169  0.0172  0.0169  0.0175  0.0169  0.0171  0.0168  0.0169  0.0168  0.0168
  0.0168  0.0168  0.0168  0.0169  0.0168  0.0170  0.0167  0.0168  0.0167  0.0167  0.0167  0.0167
  0.0167  0.0167  0.0167  0.0167  0.0167  0.0167  0.0167  0.0167  0.0167  0.0167  0.0167  0.0167
  0.0168  0.0168  0.0167  0.0167  0.0168  0.0167  0.0167  0.0168  0.0167  0.0167  0.0167  0.0167
  0.0170  0.0169  0.0168  0.0169  0.0169  0.0171  0.0169  0.0172  0.0168  0.0169  0.0168  0.0168
  0.0173  0.0171  0.0170  0.0175  0.0172  0.0179  0.0171  0.0177  0.0170  0.0172  0.0170  0.0169
   -1.0485   11.2422   15.5215   -0.8613  -11.5572   -7.0718
   -1.2290    5.1176    1.0431   17.2992   -5.0413  -18.1852
eta,q 0.98332 17.61157

---------------------------------------------------------------------
compute_vox2vox talsrcimg talsrcimg_to_711-2C_as_mni_average_305_t4 /opt/freesurfer/average/711-2C_as_mni_average_305
---------------------------------------------------------------------

freesurfer compute_vox2vox.c
Reading: talsrcimg.4dfp.ifh
Reading: talsrcimg_to_711-2C_as_mni_average_305_t4
Reading: /opt/freesurfer/average/711-2C_as_mni_average_305.4dfp.ifh
Writing: talsrcimg_to_711-2C_as_mni_average_305_t4_vox2vox.txt

start time Wed Mar 11 13:26:48 CET 2026
end		time Wed Mar 11 13:28:16 CET 2026

mpr2mni305 success

avi2talxfm orig_nu.mgz /opt/freesurfer/average/mni305.cor.mgz talsrcimg_to_711-2C_as_mni_average_305_t4_vox2vox.txt transforms/talairach.auto.xfm
avi2talxfm done
mv -f /out/sourcedata/freesurfer/sub-v2s18x29503_ses-1/mri/talsrcimg_to_711-2C_as_mni_average_305_t4_vox2vox.txt /out/sourcedata/freesurfer/sub-v2s18x29503_ses-1/mri/transforms/talsrcimg_to_711-2C_as_mni_average_305_t4_vox2vox.txt
lta_convert --src orig_nu.mgz --trg /opt/freesurfer/average/mni305.cor.mgz --inxfm transforms/talairach.auto.xfm --outlta transforms/talairach.auto.xfm.lta --subject fsaverage
7.3.2

--src: orig_nu.mgz src image (geometry).
--trg: /opt/freesurfer/average/mni305.cor.mgz trg image (geometry).
--inmni: transforms/talairach.auto.xfm input MNI/XFM transform.
--outlta: transforms/talairach.auto.xfm.lta output LTA.
--s: fsaverage subject name
 LTA read, type : 1
 1.00582  -0.05585   0.00249   4.23631;
 0.05032   1.03363   0.21323  -41.92370;
-0.02170  -0.20152   1.08894   24.50580;
 0.00000   0.00000   0.00000   1.00000;
setting subject to fsaverage
Writing  LTA to file transforms/talairach.auto.xfm.lta...
lta_convert successful.
 
 
Started at Wed Mar 11 13:26:48 CET 2026
Ended   at Wed Mar 11 13:28:16 CET 2026
talairach_avi done
