status file for recon-all
Wed Mar 11 15:16:50 CET 2026
#@# Tessellate lh Wed Mar 11 15:16:50 CET 2026
#@# Smooth1 lh Wed Mar 11 15:16:53 CET 2026
#@# Inflation1 lh Wed Mar 11 15:16:57 CET 2026
#@# QSphere lh Wed Mar 11 15:17:12 CET 2026
#@# Fix Topology lh Wed Mar 11 15:18:25 CET 2026
#@# Smooth2 lh Wed Mar 11 15:25:31 CET 2026
#@# Inflation2 lh Wed Mar 11 15:25:35 CET 2026
#@# Curv .H and .K lh Wed Mar 11 15:25:51 CET 2026
#@# Sphere lh Wed Mar 11 15:26:55 CET 2026
#@# Surf Reg lh Wed Mar 11 15:29:24 CET 2026
#@# Jacobian white lh Wed Mar 11 15:34:32 CET 2026
#@# AvgCurv lh Wed Mar 11 15:34:34 CET 2026
#@# Cortical Parc lh Wed Mar 11 15:34:35 CET 2026
#@# white curv lh Wed Mar 11 15:43:03 CET 2026
#@# white area lh Wed Mar 11 15:43:05 CET 2026
#@# pial curv lh Wed Mar 11 15:43:06 CET 2026
#@# pial area lh Wed Mar 11 15:43:08 CET 2026
#@# thickness lh Wed Mar 11 15:43:09 CET 2026
#@# area and vertex vol lh Wed Mar 11 15:43:47 CET 2026
#@# Curvature Stats lh Wed Mar 11 15:43:49 CET 2026
#@# Cortical Parc 2 lh Wed Mar 11 15:43:52 CET 2026
#@# Cortical Parc 3 lh Wed Mar 11 15:44:08 CET 2026
#@# WM/GM Contrast lh Wed Mar 11 15:44:21 CET 2026
recon-all -s sub-v2s18x29506_ses-1 finished without error at Wed Mar 11 15:44:27 CET 2026



#New# invocation of recon-all 



status file for recon-all
Wed Mar 11 16:19:35 CET 2026
#@# white curv lh Wed Mar 11 16:19:35 CET 2026
#@# white area lh Wed Mar 11 16:19:35 CET 2026
#@# pial curv lh Wed Mar 11 16:19:35 CET 2026
#@# pial area lh Wed Mar 11 16:19:35 CET 2026
#@# thickness lh Wed Mar 11 16:19:35 CET 2026
#@# area and vertex vol lh Wed Mar 11 16:19:35 CET 2026
#@# Parcellation Stats lh Wed Mar 11 16:19:35 CET 2026
#@# Parcellation Stats 2 lh Wed Mar 11 16:20:01 CET 2026
#@# Parcellation Stats 3 lh Wed Mar 11 16:20:15 CET 2026
#@# BA_exvivo Labels lh Wed Mar 11 16:20:29 CET 2026
recon-all -s sub-v2s18x29506_ses-1 finished without error at Wed Mar 11 16:23:41 CET 2026
