status file for recon-all
Wed Mar 11 13:26:03 CET 2026
#@# MotionCor Wed Mar 11 13:26:11 CET 2026
#@# Talairach Wed Mar 11 13:26:31 CET 2026
#@# Talairach Failure Detection Wed Mar 11 13:30:56 CET 2026
#@# Nu Intensity Correction Wed Mar 11 13:30:56 CET 2026
#@# Intensity Normalization Wed Mar 11 13:34:13 CET 2026
recon-all -s sub-v2s18x29506_ses-1 finished without error at Wed Mar 11 13:35:40 CET 2026



#New# invocation of recon-all 



status file for recon-all
Wed Mar 11 13:47:24 CET 2026
#@# EM Registration Wed Mar 11 13:47:24 CET 2026
recon-all -s sub-v2s18x29506_ses-1 finished without error at Wed Mar 11 13:48:58 CET 2026



#New# invocation of recon-all 



status file for recon-all
Wed Mar 11 13:49:01 CET 2026
#@# CA Normalize Wed Mar 11 13:49:01 CET 2026
#@# CA Reg Wed Mar 11 13:50:24 CET 2026
#@# SubCort Seg Wed Mar 11 14:36:29 CET 2026
#@# CC Seg Wed Mar 11 15:10:51 CET 2026
#@# Merge ASeg Wed Mar 11 15:11:26 CET 2026
#@# Intensity Normalization2 Wed Mar 11 15:11:26 CET 2026
#@# Mask BFS Wed Mar 11 15:13:37 CET 2026
#@# WM Segmentation Wed Mar 11 15:13:38 CET 2026
#@# Fill Wed Mar 11 15:15:41 CET 2026
recon-all -s sub-v2s18x29506_ses-1 finished without error at Wed Mar 11 15:16:45 CET 2026



#New# invocation of recon-all 



status file for recon-all
Wed Mar 11 16:11:33 CET 2026
#@# white curv lh Wed Mar 11 16:11:33 CET 2026
#@# white area lh Wed Mar 11 16:11:33 CET 2026
#@# pial curv lh Wed Mar 11 16:11:33 CET 2026
#@# pial area lh Wed Mar 11 16:11:33 CET 2026
#@# thickness lh Wed Mar 11 16:11:33 CET 2026
#@# area and vertex vol lh Wed Mar 11 16:11:33 CET 2026
#@# white curv rh Wed Mar 11 16:11:33 CET 2026
#@# white area rh Wed Mar 11 16:11:33 CET 2026
#@# pial curv rh Wed Mar 11 16:11:33 CET 2026
#@# pial area rh Wed Mar 11 16:11:33 CET 2026
#@# thickness rh Wed Mar 11 16:11:33 CET 2026
#@# area and vertex vol rh Wed Mar 11 16:11:33 CET 2026
#@# Cortical ribbon mask Wed Mar 11 16:11:33 CET 2026
recon-all -s sub-v2s18x29506_ses-1 finished without error at Wed Mar 11 16:19:31 CET 2026



#New# invocation of recon-all 



status file for recon-all
Wed Mar 11 16:27:45 CET 2026
#@# white curv lh Wed Mar 11 16:27:45 CET 2026
#@# white area lh Wed Mar 11 16:27:45 CET 2026
#@# pial curv lh Wed Mar 11 16:27:45 CET 2026
#@# pial area lh Wed Mar 11 16:27:45 CET 2026
#@# thickness lh Wed Mar 11 16:27:45 CET 2026
#@# area and vertex vol lh Wed Mar 11 16:27:45 CET 2026
#@# white curv rh Wed Mar 11 16:27:45 CET 2026
#@# white area rh Wed Mar 11 16:27:45 CET 2026
#@# pial curv rh Wed Mar 11 16:27:45 CET 2026
#@# pial area rh Wed Mar 11 16:27:45 CET 2026
#@# thickness rh Wed Mar 11 16:27:45 CET 2026
#@# area and vertex vol rh Wed Mar 11 16:27:45 CET 2026
#@# Curvature Stats lh Wed Mar 11 16:27:45 CET 2026
#@# Curvature Stats rh Wed Mar 11 16:27:48 CET 2026
#@# Relabel Hypointensities Wed Mar 11 16:27:51 CET 2026
#@# APas-to-ASeg Wed Mar 11 16:28:09 CET 2026
#@# AParc-to-ASeg aparc Wed Mar 11 16:28:18 CET 2026
#@# AParc-to-ASeg aparc.a2009s Wed Mar 11 16:29:06 CET 2026
#@# AParc-to-ASeg aparc.DKTatlas Wed Mar 11 16:29:55 CET 2026
#@# WMParc Wed Mar 11 16:30:38 CET 2026
#@# ASeg Stats Wed Mar 11 16:34:18 CET 2026
recon-all -s sub-v2s18x29506_ses-1 finished without error at Wed Mar 11 16:34:56 CET 2026
