/out/sourcedata/freesurfer/sub-v2s18x29510_ses-1/mri
/opt/freesurfer/bin/talairach_avi
--i orig_nu.mgz --xfm transforms/talairach.auto.xfm
talairach_avi 7.3.2
Linux dna043 5.14.0-427.37.1.el9_4.x86_64 #1 SMP PREEMPT_DYNAMIC Fri Sep 13 12:41:50 EDT 2024 x86_64 x86_64 x86_64 GNU/Linux
Wed Mar 11 14:02:47 CET 2026
mri_convert orig_nu.mgz talsrcimg.img 
reading from orig_nu.mgz...
TR=0.00, TE=0.00, TI=0.00, flip angle=0.00
i_ras = (-1, -1.35697e-09, 1.86265e-09)
j_ras = (0, -1.16415e-10, -1)
k_ras = (-6.09725e-09, 1, 0)
writing to talsrcimg.img...
Analyze Output Matrix
-1.00000   0.00000  -0.00000   128.09650;
-0.00000  -0.00000   1.00000  -108.53606;
 0.00000  -1.00000   0.00000   118.46568;
 0.00000   0.00000   0.00000   1.00000;
--------------------
INFO: set hdr.hist.orient to -1
mpr2mni305 talsrcimg
Wed Mar 11 14:02:47 CET 2026
/opt/freesurfer/bin/mpr2mni305 talsrcimg
mpr2mni305 7.3.2
target=711-2C_as_mni_average_305

---------------------------------------------------------------------
analyzeto4dfp talsrcimg -O0 -y
---------------------------------------------------------------------

freesurfer ifh2hdr.c
Wed Mar 11 14:02:47 2026
Writing: talsrcimg.4dfp.hdr
freesurfer analyzeto4dfp.c
Reading: talsrcimg.hdr
header size 348 bytes
hdr.dime.datatype	offset=70	value=2
hdr.dime.bitpix		offset=72	value=8
hdr.hist.orient		offset=252	value=-1
dimensionality     4
dimensions       256       256       256         1
Reading: talsrcimg.img
Writing: talsrcimg.4dfp.img
Writing: talsrcimg.4dfp.ifh
ifh2hdr talsrcimg -r0to214
ori=2

---------------------------------------------------------------------
gauss_4dfp talsrcimg 1.1
---------------------------------------------------------------------

freesurfer gauss_4dfp.c
Reading: talsrcimg.4dfp.img
Writing: talsrcimg_g11.4dfp.img
image dimensions 256 256 256 padded to 288 288 288
processing volume 1freesurfer ifh2hdr.c
Wed Mar 11 14:02:49 2026
Writing: talsrcimg_g11.4dfp.hdr

Writing: talsrcimg_g11.4dfp.ifh
including: talsrcimg.4dfp.img.rec in talsrcimg_g11.4dfp.img.rec

---------------------------------------------------------------------
imgreg_4dfp /opt/freesurfer/average/711-2C_as_mni_average_305 none talsrcimg_g11 none talsrcimg_to_711-2C_as_mni_average_305_t4 4355
---------------------------------------------------------------------

freesurfer imgreg_4dfp.c
/opt/freesurfer/average/711-2C_as_mni_average_305.4dfp.img
       256       256       256         1
  1.000000  1.000000  1.000000
orientation T byte_order littleendian
Reading image: /opt/freesurfer/average/711-2C_as_mni_average_305.4dfp.img
dimensions:      256       256       256
mmppix:       1.0000   -1.0000   -1.0000
center:     128.0000 -129.0000 -129.0000
talsrcimg_g11.4dfp.img
       256       256       256         1
  1.000000  1.000000  1.000000
orientation T byte_order littleendian
Reading image: talsrcimg_g11.4dfp.img
dimensions:      256       256       256
mmppix:       1.0000   -1.0000   -1.0000
center:     128.0000 -129.0000 -129.0000
t4_read: open error in t4_sub.f l:  41 t4_file(1:l)talsrcimg_to_711-2C_as_mni_average_305_t4 
t4_read: transform initialized to I4
rotation matrix determinant  1.000000
image alignment mode   4355 decimal     1103 hex
   -7.5000  -45.0000  -45.0000 5084.4263   18.5172
    0.0000  -45.0000  -45.0000 5282.8867   18.5303
    7.5000  -45.0000  -45.0000 5077.9351   18.5954
   -7.5000  -37.5000  -45.0000 5692.3345   17.7858
    0.0000  -37.5000  -45.0000 5893.1631   17.7952
    7.5000  -37.5000  -45.0000 5674.7900   17.8508
   -7.5000  -30.0000  -45.0000 6543.5903   17.2478
    0.0000  -30.0000  -45.0000 6791.4189   17.2499
    7.5000  -30.0000  -45.0000 6527.4653   17.2977
   -7.5000  -22.5000  -45.0000 7447.9585   16.8572
    0.0000  -22.5000  -45.0000 7752.1528   16.8517
    7.5000  -22.5000  -45.0000 7452.5913   16.8979
   -7.5000  -15.0000  -45.0000 8398.1250   16.6504
    0.0000  -15.0000  -45.0000 8775.3398   16.6459
    7.5000  -15.0000  -45.0000 8399.5840   16.6959
   -7.5000   -7.5000  -45.0000 9432.4053   16.5884
    0.0000   -7.5000  -45.0000 9853.4307   16.5929
    7.5000   -7.5000  -45.0000 9416.7412   16.6486
   -7.5000    0.0000  -45.000010478.8281   16.6051
    0.0000    0.0000  -45.000010965.7070   16.6173
    7.5000    0.0000  -45.000010474.9717   16.6741
   -7.5000    7.5000  -45.000010659.3301   16.6176
    0.0000    7.5000  -45.000011169.6885   16.6294
    7.5000    7.5000  -45.000010649.2070   16.6800
   -7.5000   15.0000  -45.000010652.4600   16.6068
    0.0000   15.0000  -45.000011146.4727   16.6103
    7.5000   15.0000  -45.000010615.3926   16.6553
   -7.5000   22.5000  -45.000010535.2588   16.5809
    0.0000   22.5000  -45.000011056.5928   16.5761
    7.5000   22.5000  -45.000010478.7988   16.6213
   -7.5000   30.0000  -45.000010373.3867   16.3513
    0.0000   30.0000  -45.000010870.7158   16.3472
    7.5000   30.0000  -45.000010311.7930   16.3963
   -7.5000   37.5000  -45.000010515.6748   16.3608
    0.0000   37.5000  -45.000011043.4346   16.3653
    7.5000   37.5000  -45.000010476.5840   16.4203
   -7.5000   45.0000  -45.000010235.9131   15.9678
    0.0000   45.0000  -45.000010756.0303   15.9795
    7.5000   45.0000  -45.000010215.2979   16.0341
   -7.5000  -45.0000  -37.5000 5445.4346   18.3483
    0.0000  -45.0000  -37.5000 5655.1904   18.3706
    7.5000  -45.0000  -37.5000 5434.8271   18.4430
   -7.5000  -37.5000  -37.5000 6052.1538   17.6290
    0.0000  -37.5000  -37.5000 6274.9126   17.6512
    7.5000  -37.5000  -37.5000 6036.5195   17.7126
   -7.5000  -30.0000  -37.5000 6928.0029   17.0973
    0.0000  -30.0000  -37.5000 7204.3452   17.1153
    7.5000  -30.0000  -37.5000 6931.8115   17.1697
   -7.5000  -22.5000  -37.5000 7904.8296   16.7084
    0.0000  -22.5000  -37.5000 8248.1484   16.7186
    7.5000  -22.5000  -37.5000 7910.4688   16.7734
   -7.5000  -15.0000  -37.5000 8951.8652   16.5008
    0.0000  -15.0000  -37.5000 9384.2109   16.5086
    7.5000  -15.0000  -37.5000 8954.6152   16.5683
   -7.5000   -7.5000  -37.500010059.7334   16.4408
    0.0000   -7.5000  -37.500010555.0957   16.4535
    7.5000   -7.5000  -37.500010059.9189   16.5178
   -7.5000    0.0000  -37.500011172.2490   16.4619
    0.0000    0.0000  -37.500011720.1230   16.4818
    7.5000    0.0000  -37.500011162.8359   16.5445
   -7.5000    7.5000  -37.500011364.9668   16.4768
    0.0000    7.5000  -37.500011914.3594   16.4992
    7.5000    7.5000  -37.500011319.9883   16.5546
   -7.5000   15.0000  -37.500011336.9268   16.4654
    0.0000   15.0000  -37.500011883.1631   16.4834
    7.5000   15.0000  -37.500011258.3125   16.5343
   -7.5000   22.5000  -37.500011181.2539   16.4363
    0.0000   22.5000  -37.500011745.9053   16.4469
    7.5000   22.5000  -37.500011125.6777   16.5003
   -7.5000   30.0000  -37.500010965.1592   16.2050
    0.0000   30.0000  -37.500011519.3018   16.2129
    7.5000   30.0000  -37.500010911.4219   16.2715
   -7.5000   37.5000  -37.500011111.4189   16.2152
    0.0000   37.5000  -37.500011678.8584   16.2279
    7.5000   37.5000  -37.500011065.0947   16.2913
   -7.5000   45.0000  -37.500010837.2100   15.8301
    0.0000   45.0000  -37.500011380.9629   15.8492
    7.5000   45.0000  -37.500010777.3672   15.9095
   -7.5000  -45.0000  -30.0000 5890.3613   19.0991
    0.0000  -45.0000  -30.0000 6112.7158   19.1262
    7.5000  -45.0000  -30.0000 5866.7109   19.2073
   -7.5000  -37.5000  -30.0000 6524.4185   18.3569
    0.0000  -37.5000  -30.0000 6786.6714   18.3848
    7.5000  -37.5000  -30.0000 6523.1377   18.4535
   -7.5000  -30.0000  -30.0000 7484.1655   17.8083
    0.0000  -30.0000  -30.0000 7817.4683   17.8361
    7.5000  -30.0000  -30.0000 7508.2739   17.8972
   -7.5000  -22.5000  -30.0000 8556.5176   17.3990
    0.0000  -22.5000  -30.0000 8970.0293   17.4209
    7.5000  -22.5000  -30.0000 8582.3232   17.4822
   -7.5000  -15.0000  -30.0000 9723.1855   17.1755
    0.0000  -15.0000  -30.000010211.5098   17.1931
    7.5000  -15.0000  -30.0000 9720.5312   17.2600
   -7.5000   -7.5000  -30.000010904.7861   17.1095
    0.0000   -7.5000  -30.000011452.2109   17.1283
    7.5000   -7.5000  -30.000010902.8193   17.1997
   -7.5000    0.0000  -30.000012086.5205   17.1348
    0.0000    0.0000  -30.000012693.9111   17.1580
    7.5000    0.0000  -30.000012066.4580   17.2276
   -7.5000    7.5000  -30.000012284.8018   17.1572
    0.0000    7.5000  -30.000012913.7988   17.1843
    7.5000    7.5000  -30.000012240.2549   17.2459
   -7.5000   15.0000  -30.000012242.7539   17.1496
    0.0000   15.0000  -30.000012875.2822   17.1765
    7.5000   15.0000  -30.000012163.3408   17.2332
   -7.5000   22.5000  -30.000012089.3281   17.1142
    0.0000   22.5000  -30.000012709.6934   17.1360
    7.5000   22.5000  -30.000012006.8662   17.1957
   -7.5000   30.0000  -30.000011847.8877   16.8690
    0.0000   30.0000  -30.000012443.6572   16.8865
    7.5000   30.0000  -30.000011759.8330   16.9521
   -7.5000   37.5000  -30.000011977.2480   16.8763
    0.0000   37.5000  -30.000012596.2012   16.8950
    7.5000   37.5000  -30.000011912.7607   16.9655
   -7.5000   45.0000  -30.000011656.5293   16.4893
    0.0000   45.0000  -30.000012238.5508   16.5116
    7.5000   45.0000  -30.000011570.5059   16.5786
   -7.5000  -45.0000  -22.5000 6323.9321   19.7477
    0.0000  -45.0000  -22.5000 6585.7432   19.7690
    7.5000  -45.0000  -22.5000 6321.8989   19.8493
   -7.5000  -37.5000  -22.5000 7010.8823   18.9896
    0.0000  -37.5000  -22.5000 7318.1807   19.0080
    7.5000  -37.5000  -22.5000 7021.9404   19.0767
   -7.5000  -30.0000  -22.5000 8055.0288   18.4319
    0.0000  -30.0000  -22.5000 8452.9297   18.4502
    7.5000  -30.0000  -22.5000 8079.0259   18.5088
   -7.5000  -22.5000  -22.5000 9217.9580   18.0073
    0.0000  -22.5000  -22.5000 9693.9023   18.0214
    7.5000  -22.5000  -22.5000 9236.3721   18.0778
   -7.5000  -15.0000  -22.500010482.4434   17.7696
    0.0000  -15.0000  -22.500011020.3682   17.7820
    7.5000  -15.0000  -22.500010475.4238   17.8427
   -7.5000   -7.5000  -22.500011747.6416   17.6944
    0.0000   -7.5000  -22.500012344.9150   17.7094
    7.5000   -7.5000  -22.500011739.1338   17.7764
   -7.5000    0.0000  -22.500013001.2998   17.7194
    0.0000    0.0000  -22.500013663.0117   17.7373
    7.5000    0.0000  -22.500012984.5537   17.8057
   -7.5000    7.5000  -22.500013192.7646   17.7497
    0.0000    7.5000  -22.500013874.3516   17.7687
    7.5000    7.5000  -22.500013152.3340   17.8301
   -7.5000   15.0000  -22.500013141.2471   17.7498
    0.0000   15.0000  -22.500013813.1357   17.7677
    7.5000   15.0000  -22.500013060.9863   17.8221
   -7.5000   22.5000  -22.500012980.9707   17.7113
    0.0000   22.5000  -22.500013657.7031   17.7254
    7.5000   22.5000  -22.500012881.7100   17.7802
   -7.5000   30.0000  -22.500012702.5654   17.4548
    0.0000   30.0000  -22.500013383.0381   17.4672
    7.5000   30.0000  -22.500012618.0557   17.5268
   -7.5000   37.5000  -22.500012826.9785   17.4558
    0.0000   37.5000  -22.500013512.4404   17.4708
    7.5000   37.5000  -22.500012765.6631   17.5369
   -7.5000   45.0000  -22.500012428.4463   17.0647
    0.0000   45.0000  -22.500013093.9131   17.0819
    7.5000   45.0000  -22.500012358.4160   17.1478
   -7.5000  -45.0000  -15.0000 6759.2788   20.2182
    0.0000  -45.0000  -15.0000 7058.8066   20.2287
    7.5000  -45.0000  -15.0000 6753.4160   20.2998
   -7.5000  -37.5000  -15.0000 7506.7065   19.4426
    0.0000  -37.5000  -15.0000 7851.2822   19.4464
    7.5000  -37.5000  -15.0000 7499.7061   19.5089
   -7.5000  -30.0000  -15.0000 8637.7334   18.8746
    0.0000  -30.0000  -15.0000 9057.1055   18.8753
    7.5000  -30.0000  -15.0000 8640.7275   18.9269
   -7.5000  -22.5000  -15.0000 9881.6650   18.4438
    0.0000  -22.5000  -15.000010397.0811   18.4402
    7.5000  -22.5000  -15.0000 9896.4150   18.4872
   -7.5000  -15.0000  -15.000011214.6787   18.2038
    0.0000  -15.0000  -15.000011785.0381   18.2020
    7.5000  -15.0000  -15.000011207.6572   18.2511
   -7.5000   -7.5000  -15.000012543.8672   18.1253
    0.0000   -7.5000  -15.000013199.2773   18.1305
    7.5000   -7.5000  -15.000012562.0127   18.1867
   -7.5000    0.0000  -15.000013866.2539   18.1461
    0.0000    0.0000  -15.000014594.3115   18.1550
    7.5000    0.0000  -15.000013880.3848   18.2160
   -7.5000    7.5000  -15.000014069.8203   18.1753
    0.0000    7.5000  -15.000014801.2549   18.1822
    7.5000    7.5000  -15.000014071.4844   18.2383
   -7.5000   15.0000  -15.000014022.7158   18.1768
    0.0000   15.0000  -15.000014763.0039   18.1785
    7.5000   15.0000  -15.000013968.6426   18.2267
   -7.5000   22.5000  -15.000013811.2793   18.1398
    0.0000   22.5000  -15.000014560.6445   18.1367
    7.5000   22.5000  -15.000013741.5068   18.1825
   -7.5000   30.0000  -15.000013493.5635   17.8837
    0.0000   30.0000  -15.000014235.4434   17.8822
    7.5000   30.0000  -15.000013440.1201   17.9305
   -7.5000   37.5000  -15.000013628.9912   17.8834
    0.0000   37.5000  -15.000014408.2217   17.8887
    7.5000   37.5000  -15.000013617.9316   17.9442
   -7.5000   45.0000  -15.000013200.6152   17.4862
    0.0000   45.0000  -15.000013936.9434   17.4948
    7.5000   45.0000  -15.000013164.9697   17.5535
   -7.5000  -45.0000   -7.5000 7188.0146   20.4626
    0.0000  -45.0000   -7.5000 7501.1914   20.4702
    7.5000  -45.0000   -7.5000 7148.0869   20.5374
   -7.5000  -37.5000   -7.5000 8012.5684   19.6675
    0.0000  -37.5000   -7.5000 8389.5088   19.6682
    7.5000  -37.5000   -7.5000 8008.5181   19.7270
   -7.5000  -30.0000   -7.5000 9245.3662   19.0846
    0.0000  -30.0000   -7.5000 9694.9785   19.0788
    7.5000  -30.0000   -7.5000 9257.0449   19.1278
   -7.5000  -22.5000   -7.500010578.1748   18.6543
    0.0000  -22.5000   -7.500011128.7969   18.6424
    7.5000  -22.5000   -7.500010612.5547   18.6876
   -7.5000  -15.0000   -7.500011978.6182   18.4224
    0.0000  -15.0000   -7.500012583.2676   18.4136
    7.5000  -15.0000   -7.500011999.7891   18.4608
   -7.5000   -7.5000   -7.500013379.8867   18.3495
    0.0000   -7.5000   -7.500014053.7139   18.3505
    7.5000   -7.5000   -7.500013407.9023   18.4046
   -7.5000    0.0000   -7.500014758.4863   18.3671
    0.0000    0.0000   -7.500015507.4795   18.3743
    7.5000    0.0000   -7.500014804.6143   18.4326
   -7.5000    7.5000   -7.500014998.4795   18.3865
    0.0000    7.5000   -7.500015777.6729   18.3911
    7.5000    7.5000   -7.500015034.8672   18.4445
   -7.5000   15.0000   -7.500014945.8438   18.3803
    0.0000   15.0000   -7.500015799.0264   18.3765
    7.5000   15.0000   -7.500014948.6992   18.4226
   -7.5000   22.5000   -7.500014656.3340   18.3449
    0.0000   22.5000   -7.500015485.6875   18.3339
    7.5000   22.5000   -7.500014671.0020   18.3780
   -7.5000   30.0000   -7.500014289.1035   18.0983
    0.0000   30.0000   -7.500015084.8115   18.0900
    7.5000   30.0000   -7.500014320.4111   18.1365
   -7.5000   37.5000   -7.500014464.8008   18.1042
    0.0000   37.5000   -7.500015289.1738   18.1054
    7.5000   37.5000   -7.500014506.5762   18.1589
   -7.5000   45.0000   -7.500014003.8379   17.7025
    0.0000   45.0000   -7.500014793.8232   17.7094
    7.5000   45.0000   -7.500014011.3164   17.7655
   -7.5000  -45.0000    0.0000 7566.5254   20.5125
    0.0000  -45.0000    0.0000 7907.8623   20.5274
    7.5000  -45.0000    0.0000 7543.9644   20.6000
   -7.5000  -37.5000    0.0000 8477.5176   19.7080
    0.0000  -37.5000    0.0000 8836.1045   19.7187
    7.5000  -37.5000    0.0000 8451.3428   19.7807
   -7.5000  -30.0000    0.0000 9800.4854   19.1159
    0.0000  -30.0000    0.000010257.1357   19.1186
    7.5000  -30.0000    0.0000 9795.7373   19.1718
   -7.5000  -22.5000    0.000011205.4102   18.6860
    0.0000  -22.5000    0.000011764.8379   18.6804
    7.5000  -22.5000    0.000011245.6191   18.7321
   -7.5000  -15.0000    0.000012659.5811   18.4587
    0.0000  -15.0000    0.000013277.5059   18.4543
    7.5000  -15.0000    0.000012722.1162   18.5102
   -7.5000   -7.5000    0.000014111.7158   18.3910
    0.0000   -7.5000    0.000014779.5420   18.3964
    7.5000   -7.5000    0.000014169.4316   18.4586
   -7.5000    0.0000    0.000015522.9033   18.4096
    0.0000    0.0000    0.000016257.2568   18.4236
    7.5000    0.0000    0.000015617.9355   18.4868
   -7.5000    7.5000    0.000015826.7627   18.4232
    0.0000    7.5000    0.000016653.7363   18.4365
    7.5000    7.5000    0.000015923.2236   18.4928
   -7.5000   15.0000    0.000015835.5918   18.4109
    0.0000   15.0000    0.000016836.7871   18.4151
    7.5000   15.0000    0.000015976.2480   18.4652
   -7.5000   22.5000    0.000015519.4229   18.3762
    0.0000   22.5000    0.000016418.6465   18.3714
    7.5000   22.5000    0.000015673.3418   18.4218
   -7.5000   30.0000    0.000015078.8564   18.1348
    0.0000   30.0000    0.000015872.4746   18.1309
    7.5000   30.0000    0.000015221.3506   18.1858
   -7.5000   37.5000    0.000015232.2227   18.1457
    0.0000   37.5000    0.000016019.4473   18.1513
    7.5000   37.5000    0.000015372.3203   18.2126
   -7.5000   45.0000    0.000014692.6758   17.7448
    0.0000   45.0000    0.000015492.6523   17.7582
    7.5000   45.0000    0.000014804.8213   17.8191
   -7.5000  -45.0000    7.5000 7337.2637   20.5136
    0.0000  -45.0000    7.5000 7674.5688   20.5386
    7.5000  -45.0000    7.5000 7354.5571   20.6198
   -7.5000  -37.5000    7.5000 8256.6016   19.7099
    0.0000  -37.5000    7.5000 8641.6699   19.7346
    7.5000  -37.5000    7.5000 8259.2275   19.8034
   -7.5000  -30.0000    7.5000 9565.5830   19.1158
    0.0000  -30.0000    7.500010030.7266   19.1359
    7.5000  -30.0000    7.5000 9589.8672   19.1970
   -7.5000  -22.5000    7.500010941.7646   18.6816
    0.0000  -22.5000    7.500011465.2656   18.6931
    7.5000  -22.5000    7.500010990.8926   18.7545
   -7.5000  -15.0000    7.500012352.2676   18.4501
    0.0000  -15.0000    7.500012912.0557   18.4588
    7.5000  -15.0000    7.500012410.7246   18.5258
   -7.5000   -7.5000    7.500013720.6475   18.3830
    0.0000   -7.5000    7.500014370.3086   18.3973
    7.5000   -7.5000    7.500013809.8066   18.4694
   -7.5000    0.0000    7.500015085.1846   18.4063
    0.0000    0.0000    7.500015803.6807   18.4286
    7.5000    0.0000    7.500015209.2061   18.4989
   -7.5000    7.5000    7.500015424.0498   18.4227
    0.0000    7.5000    7.500016268.6699   18.4478
    7.5000    7.5000    7.500015581.2656   18.5098
   -7.5000   15.0000    7.500015552.8164   18.4099
    0.0000   15.0000    7.500016571.2441   18.4300
    7.5000   15.0000    7.500015733.6377   18.4871
   -7.5000   22.5000    7.500015310.1602   18.3718
    0.0000   22.5000    7.500016089.7119   18.3836
    7.5000   22.5000    7.500015455.1348   18.4434
   -7.5000   30.0000    7.500014834.3242   18.1265
    0.0000   30.0000    7.500015448.4941   18.1353
    7.5000   30.0000    7.500014970.1426   18.2010
   -7.5000   37.5000    7.500014903.3535   18.1379
    0.0000   37.5000    7.500015529.2920   18.1521
    7.5000   37.5000    7.500015083.9375   18.2232
   -7.5000   45.0000    7.500014366.8984   17.7416
    0.0000   45.0000    7.500015018.4404   17.7630
    7.5000   45.0000    7.500014520.8193   17.8308
   -7.5000  -45.0000   15.0000 7043.6812   20.5099
    0.0000  -45.0000   15.0000 7353.4707   20.5390
    7.5000  -45.0000   15.0000 7066.8584   20.6261
   -7.5000  -37.5000   15.0000 7912.4131   19.7129
    0.0000  -37.5000   15.0000 8287.5303   19.7428
    7.5000  -37.5000   15.0000 7952.7710   19.8166
   -7.5000  -30.0000   15.0000 9176.8760   19.1237
    0.0000  -30.0000   15.0000 9654.9932   19.1536
    7.5000  -30.0000   15.0000 9239.2803   19.2192
   -7.5000  -22.5000   15.000010504.2139   18.6841
    0.0000  -22.5000   15.000011041.0576   18.7077
    7.5000  -22.5000   15.000010580.3936   18.7736
   -7.5000  -15.0000   15.000011847.6611   18.4441
    0.0000  -15.0000   15.000012439.8008   18.4631
    7.5000  -15.0000   15.000011931.1211   18.5350
   -7.5000   -7.5000   15.000013180.5850   18.3733
    0.0000   -7.5000   15.000013803.2217   18.3935
    7.5000   -7.5000   15.000013270.0479   18.4702
   -7.5000    0.0000   15.000014480.5732   18.4005
    0.0000    0.0000   15.000015123.3994   18.4254
    7.5000    0.0000   15.000014594.5391   18.5001
   -7.5000    7.5000   15.000014725.4795   18.4244
    0.0000    7.5000   15.000015418.2490   18.4536
    7.5000    7.5000   15.000014856.3857   18.5197
   -7.5000   15.0000   15.000014793.1309   18.4163
    0.0000   15.0000   15.000015503.3398   18.4452
    7.5000   15.0000   15.000014885.8066   18.5062
   -7.5000   22.5000   15.000014662.0811   18.3742
    0.0000   22.5000   15.000015230.6357   18.3977
    7.5000   22.5000   15.000014642.7871   18.4618
   -7.5000   30.0000   15.000014358.6328   18.1203
    0.0000   30.0000   15.000014886.9141   18.1391
    7.5000   30.0000   15.000014307.5439   18.2096
   -7.5000   37.5000   15.000014514.7969   18.1281
    0.0000   37.5000   15.000015115.5391   18.1483
    7.5000   37.5000   15.000014499.5732   18.2240
   -7.5000   45.0000   15.000013977.4375   17.7359
    0.0000   45.0000   15.000014582.1387   17.7600
    7.5000   45.0000   15.000013946.7559   17.8320
   -7.5000  -45.0000   22.5000 6655.5068   20.5393
    0.0000  -45.0000   22.5000 6953.1274   20.5620
    7.5000  -45.0000   22.5000 6677.7803   20.6455
   -7.5000  -37.5000   22.5000 7475.0522   19.7500
    0.0000  -37.5000   22.5000 7855.3340   19.7695
    7.5000  -37.5000   22.5000 7510.2275   19.8410
   -7.5000  -30.0000   22.5000 8698.5420   19.1691
    0.0000  -30.0000   22.5000 9164.7246   19.1885
    7.5000  -30.0000   22.5000 8748.5234   19.2494
   -7.5000  -22.5000   22.5000 9971.1494   18.7269
    0.0000  -22.5000   22.500010471.0859   18.7419
    7.5000  -22.5000   22.500010025.9658   18.8004
   -7.5000  -15.0000   22.500011228.5244   18.4793
    0.0000  -15.0000   22.500011763.4014   18.4925
    7.5000  -15.0000   22.500011306.2256   18.5556
   -7.5000   -7.5000   22.500012452.1709   18.4009
    0.0000   -7.5000   22.500013039.1357   18.4169
    7.5000   -7.5000   22.500012549.7988   18.4865
   -7.5000    0.0000   22.500013675.9531   18.4269
    0.0000    0.0000   22.500014298.1172   18.4459
    7.5000    0.0000   22.500013793.6406   18.5171
   -7.5000    7.5000   22.500013882.3662   18.4583
    0.0000    7.5000   22.500014489.9180   18.4785
    7.5000    7.5000   22.500013997.4082   18.5424
   -7.5000   15.0000   22.500013939.5049   18.4584
    0.0000   15.0000   22.500014506.7002   18.4774
    7.5000   15.0000   22.500013987.1855   18.5339
   -7.5000   22.5000   22.500013849.5859   18.4157
    0.0000   22.5000   22.500014365.0176   18.4307
    7.5000   22.5000   22.500013797.9932   18.4876
   -7.5000   30.0000   22.500013649.7246   18.1543
    0.0000   30.0000   22.500014233.4473   18.1676
    7.5000   30.0000   22.500013576.8340   18.2294
   -7.5000   37.5000   22.500013861.7549   18.1554
    0.0000   37.5000   22.500014534.6523   18.1713
    7.5000   37.5000   22.500013795.0713   18.2400
   -7.5000   45.0000   22.500013333.7012   17.7614
    0.0000   45.0000   22.500013998.2119   17.7797
    7.5000   45.0000   22.500013263.9639   17.8483
   -7.5000  -45.0000   30.0000 6245.1411   20.6403
    0.0000  -45.0000   30.0000 6532.9814   20.6522
    7.5000  -45.0000   30.0000 6257.3242   20.7250
   -7.5000  -37.5000   30.0000 7018.4727   19.8516
    0.0000  -37.5000   30.0000 7377.2031   19.8565
    7.5000  -37.5000   30.0000 7041.3467   19.9205
   -7.5000  -30.0000   30.0000 8145.4561   19.2741
    0.0000  -30.0000   30.0000 8564.5342   19.2755
    7.5000  -30.0000   30.0000 8172.0015   19.3283
   -7.5000  -22.5000   30.0000 9319.7988   18.8353
    0.0000  -22.5000   30.0000 9782.1230   18.8321
    7.5000  -22.5000   30.0000 9346.1670   18.8801
   -7.5000  -15.0000   30.000010488.1787   18.5899
    0.0000  -15.0000   30.000011020.6738   18.5886
    7.5000  -15.0000   30.000010540.4102   18.6386
   -7.5000   -7.5000   30.000011647.0156   18.5091
    0.0000   -7.5000   30.000012235.2041   18.5151
    7.5000   -7.5000   30.000011711.8721   18.5725
   -7.5000    0.0000   30.000012784.0488   18.5305
    0.0000    0.0000   30.000013412.6406   18.5404
    7.5000    0.0000   30.000012863.7920   18.6028
   -7.5000    7.5000   30.000013002.8584   18.5604
    0.0000    7.5000   30.000013598.7949   18.5681
    7.5000    7.5000   30.000013035.9561   18.6256
   -7.5000   15.0000   30.000013051.1904   18.5618
    0.0000   15.0000   30.000013561.4629   18.5642
    7.5000   15.0000   30.000013010.3926   18.6134
   -7.5000   22.5000   30.000012899.3301   18.5219
    0.0000   22.5000   30.000013399.1182   18.5192
    7.5000   22.5000   30.000012852.2002   18.5660
   -7.5000   30.0000   30.000012691.1025   18.2622
    0.0000   30.0000   30.000013189.5205   18.2614
    7.5000   30.0000   30.000012639.3242   18.3106
   -7.5000   37.5000   30.000012881.0615   18.2621
    0.0000   37.5000   30.000013423.0293   18.2682
    7.5000   37.5000   30.000012853.8008   18.3249
   -7.5000   45.0000   30.000012433.9082   17.8613
    0.0000   45.0000   30.000012966.1699   17.8708
    7.5000   45.0000   30.000012420.6025   17.9310
   -7.5000  -45.0000   37.5000 6053.0996   20.9072
    0.0000  -45.0000   37.5000 6336.4722   20.9166
    7.5000  -45.0000   37.5000 6076.4800   20.9860
   -7.5000  -37.5000   37.5000 6773.8550   20.0955
    0.0000  -37.5000   37.5000 7131.6455   20.0975
    7.5000  -37.5000   37.5000 6807.6748   20.1586
   -7.5000  -30.0000   37.5000 7852.5376   19.5012
    0.0000  -30.0000   37.5000 8276.3701   19.4961
    7.5000  -30.0000   37.5000 7886.9941   19.5470
   -7.5000  -22.5000   37.5000 9006.0693   19.0631
    0.0000  -22.5000   37.5000 9477.2832   19.0514
    7.5000  -22.5000   37.5000 9017.1064   19.0981
   -7.5000  -15.0000   37.500010147.3711   18.8290
    0.0000  -15.0000   37.500010706.6064   18.8203
    7.5000  -15.0000   37.500010183.3838   18.8689
   -7.5000   -7.5000   37.500011283.7383   18.7535
    0.0000   -7.5000   37.500011921.0625   18.7552
    7.5000   -7.5000   37.500011344.6367   18.8107
   -7.5000    0.0000   37.500012384.0459   18.7722
    0.0000    0.0000   37.500013053.5771   18.7804
    7.5000    0.0000   37.500012440.4209   18.8403
   -7.5000    7.5000   37.500012561.2754   18.7921
    0.0000    7.5000   37.500013166.3604   18.7977
    7.5000    7.5000   37.500012554.2656   18.8527
   -7.5000   15.0000   37.500012536.4180   18.7853
    0.0000   15.0000   37.500013060.7588   18.7819
    7.5000   15.0000   37.500012485.7637   18.8296
   -7.5000   22.5000   37.500012357.7441   18.7482
    0.0000   22.5000   37.500012871.7500   18.7374
    7.5000   22.5000   37.500012333.7578   18.7829
   -7.5000   30.0000   37.500012129.8115   18.4965
    0.0000   30.0000   37.500012625.9102   18.4884
    7.5000   30.0000   37.500012122.8672   18.5362
   -7.5000   37.5000   37.500012309.1934   18.5032
    0.0000   37.5000   37.500012812.3711   18.5050
    7.5000   37.5000   37.500012305.4561   18.5599
   -7.5000   45.0000   37.500011945.0898   18.0942
    0.0000   45.0000   37.500012426.1816   18.1021
    7.5000   45.0000   37.500011934.9883   18.1598
   -7.5000  -45.0000   45.0000 5560.2808   21.1500
    0.0000  -45.0000   45.0000 5825.4229   21.1687
    7.5000  -45.0000   45.0000 5597.3628   21.2482
   -7.5000  -37.5000   45.0000 6228.0781   20.3148
    0.0000  -37.5000   45.0000 6567.9243   20.3288
    7.5000  -37.5000   45.0000 6276.0830   20.3968
   -7.5000  -30.0000   45.0000 7221.2388   19.7009
    0.0000  -30.0000   45.0000 7618.9697   19.7062
    7.5000  -30.0000   45.0000 7268.3438   19.7651
   -7.5000  -22.5000   45.0000 8278.0586   19.2570
    0.0000  -22.5000   45.0000 8737.6621   19.2531
    7.5000  -22.5000   45.0000 8310.4824   19.3105
   -7.5000  -15.0000   45.0000 9331.0078   19.0276
    0.0000  -15.0000   45.0000 9881.0186   19.0247
    7.5000  -15.0000   45.0000 9373.8877   19.0863
   -7.5000   -7.5000   45.000010364.2451   18.9567
    0.0000   -7.5000   45.000010971.6055   18.9640
    7.5000   -7.5000   45.000010431.7090   19.0317
   -7.5000    0.0000   45.000011333.7178   18.9783
    0.0000    0.0000   45.000011967.7656   18.9945
    7.5000    0.0000   45.000011413.3926   19.0631
   -7.5000    7.5000   45.000011481.0498   18.9933
    0.0000    7.5000   45.000012058.1318   19.0091
    7.5000    7.5000   45.000011494.4004   19.0705
   -7.5000   15.0000   45.000011458.9932   18.9792
    0.0000   15.0000   45.000011970.0840   18.9854
    7.5000   15.0000   45.000011447.0781   19.0406
   -7.5000   22.5000   45.000011285.2725   18.9405
    0.0000   22.5000   45.000011774.3789   18.9372
    7.5000   22.5000   45.000011292.3369   18.9931
   -7.5000   30.0000   45.000011058.6611   18.6890
    0.0000   30.0000   45.000011512.6982   18.6865
    7.5000   30.0000   45.000011074.4453   18.7470
   -7.5000   37.5000   45.000011210.0459   18.7019
    0.0000   37.5000   45.000011663.0068   18.7094
    7.5000   37.5000   45.000011231.4453   18.7762
   -7.5000   45.0000   45.000010902.5205   18.3012
    0.0000   45.0000   45.000011360.9004   18.3169
    7.5000   45.0000   45.000010933.3418   18.3830

---------------------------------------------------------------------
imgreg_4dfp /opt/freesurfer/average/711-2C_as_mni_average_305 /opt/freesurfer/average/711-2B_as_mni_average_305_mask talsrcimg_g11 none talsrcimg_to_711-2C_as_mni_average_305_t4 4355
---------------------------------------------------------------------

freesurfer imgreg_4dfp.c
/opt/freesurfer/average/711-2C_as_mni_average_305.4dfp.img
       256       256       256         1
  1.000000  1.000000  1.000000
orientation T byte_order littleendian
Reading image: /opt/freesurfer/average/711-2C_as_mni_average_305.4dfp.img
dimensions:      256       256       256
mmppix:       1.0000   -1.0000   -1.0000
center:     128.0000 -129.0000 -129.0000
/opt/freesurfer/average/711-2B_as_mni_average_305_mask.4dfp.img
       256       256       256         1
  1.000000  1.000000  1.000000
orientation T byte_order littleendian
Reading mask: /opt/freesurfer/average/711-2B_as_mni_average_305_mask.4dfp.img (2306576 pixels)
talsrcimg_g11.4dfp.img
       256       256       256         1
  1.000000  1.000000  1.000000
orientation T byte_order littleendian
Reading image: talsrcimg_g11.4dfp.img
dimensions:      256       256       256
mmppix:       1.0000   -1.0000   -1.0000
center:     128.0000 -129.0000 -129.0000
rotation matrix determinant  1.000000
image alignment mode   4355 decimal     1103 hex
   -7.5000  -30.0000  -45.0000 1790.8613   28.7796
    0.0000  -30.0000  -45.0000 1800.1786   28.5204
    7.5000  -30.0000  -45.0000 1793.2080   28.5608
   -7.5000  -22.5000  -45.0000 1916.2747   25.0871
    0.0000  -22.5000  -45.0000 1926.4607   24.8933
    7.5000  -22.5000  -45.0000 1924.1160   24.9935
   -7.5000  -15.0000  -45.0000 2023.2505   22.3236
    0.0000  -15.0000  -45.0000 2036.9480   22.1894
    7.5000  -15.0000  -45.0000 2029.4868   22.2444
   -7.5000   -7.5000  -45.0000 2126.8835   20.2267
    0.0000   -7.5000  -45.0000 2136.2954   20.1610
    7.5000   -7.5000  -45.0000 2128.6448   20.1780
   -7.5000    0.0000  -45.0000 2215.2251   18.6911
    0.0000    0.0000  -45.0000 2228.9734   18.6492
    7.5000    0.0000  -45.0000 2222.3232   18.7034
   -7.5000    7.5000  -45.0000 2274.2986   17.5904
    0.0000    7.5000  -45.0000 2287.8420   17.5320
    7.5000    7.5000  -45.0000 2277.0474   17.5415
   -7.5000   15.0000  -45.0000 2307.0933   16.7293
    0.0000   15.0000  -45.0000 2321.3271   16.6661
    7.5000   15.0000  -45.0000 2311.1101   16.6558
   -7.5000   22.5000  -45.0000 2330.9580   16.2569
    0.0000   22.5000  -45.0000 2349.8608   16.1476
    7.5000   22.5000  -45.0000 2335.0178   16.2001
   -7.5000   30.0000  -45.0000 2332.3667   16.1910
    0.0000   30.0000  -45.0000 2355.0266   16.0615
    7.5000   30.0000  -45.0000 2339.1245   16.1378
   -7.5000   37.5000  -45.0000 2324.0476   16.3267
    0.0000   37.5000  -45.0000 2348.4075   16.2488
    7.5000   37.5000  -45.0000 2334.2302   16.2968
   -7.5000   45.0000  -45.0000 2293.0481   16.8245
    0.0000   45.0000  -45.0000 2317.7913   16.7232
    7.5000   45.0000  -45.0000 2305.5469   16.7603
   -7.5000   52.5000  -45.0000 2230.3438   17.4787
    0.0000   52.5000  -45.0000 2249.0947   17.3543
    7.5000   52.5000  -45.0000 2239.9116   17.3932
   -7.5000   60.0000  -45.0000 2119.7708   18.2689
    0.0000   60.0000  -45.0000 2136.6025   18.1186
    7.5000   60.0000  -45.0000 2123.7961   18.1665
   -7.5000  -30.0000  -37.5000 1844.6484   26.6043
    0.0000  -30.0000  -37.5000 1855.1273   26.5600
    7.5000  -30.0000  -37.5000 1856.0188   26.6622
   -7.5000  -22.5000  -37.5000 1977.5280   23.2231
    0.0000  -22.5000  -37.5000 1990.1990   23.1715
    7.5000  -22.5000  -37.5000 1988.2902   23.2478
   -7.5000  -15.0000  -37.5000 2096.6882   20.6791
    0.0000  -15.0000  -37.5000 2115.3489   20.6125
    7.5000  -15.0000  -37.5000 2104.1284   20.6285
   -7.5000   -7.5000  -37.5000 2211.8074   18.6755
    0.0000   -7.5000  -37.5000 2226.6443   18.6489
    7.5000   -7.5000  -37.5000 2216.8682   18.6702
   -7.5000    0.0000  -37.5000 2309.6094   17.2388
    0.0000    0.0000  -37.5000 2323.7900   17.2457
    7.5000    0.0000  -37.5000 2311.4404   17.2558
   -7.5000    7.5000  -37.5000 2368.4421   16.2028
    0.0000    7.5000  -37.5000 2382.2915   16.1849
    7.5000    7.5000  -37.5000 2368.2620   16.1969
   -7.5000   15.0000  -37.5000 2403.6006   15.4554
    0.0000   15.0000  -37.5000 2422.4653   15.4073
    7.5000   15.0000  -37.5000 2405.0222   15.4242
   -7.5000   22.5000  -37.5000 2426.7842   15.0261
    0.0000   22.5000  -37.5000 2445.6489   14.9450
    7.5000   22.5000  -37.5000 2428.1169   14.9718
   -7.5000   30.0000  -37.5000 2427.8931   14.9093
    0.0000   30.0000  -37.5000 2449.3823   14.7845
    7.5000   30.0000  -37.5000 2435.3442   14.8629
   -7.5000   37.5000  -37.5000 2420.4241   15.0053
    0.0000   37.5000  -37.5000 2447.6382   14.9061
    7.5000   37.5000  -37.5000 2431.3638   14.9823
   -7.5000   45.0000  -37.5000 2393.9346   15.4425
    0.0000   45.0000  -37.5000 2420.2507   15.3518
    7.5000   45.0000  -37.5000 2405.5168   15.4362
   -7.5000   52.5000  -37.5000 2330.3579   16.0910
    0.0000   52.5000  -37.5000 2352.1514   16.0134
    7.5000   52.5000  -37.5000 2338.9392   16.0739
   -7.5000   60.0000  -37.5000 2210.7869   16.8674
    0.0000   60.0000  -37.5000 2229.0679   16.7483
    7.5000   60.0000  -37.5000 2217.4287   16.8374
   -7.5000  -30.0000  -30.0000 1931.7517   25.6464
    0.0000  -30.0000  -30.0000 1942.8958   25.6691
    7.5000  -30.0000  -30.0000 1949.8361   25.7609
   -7.5000  -22.5000  -30.0000 2072.5188   22.3615
    0.0000  -22.5000  -30.0000 2090.6770   22.4007
    7.5000  -22.5000  -30.0000 2089.4697   22.4141
   -7.5000  -15.0000  -30.0000 2210.2939   19.8764
    0.0000  -15.0000  -30.0000 2228.5266   19.8702
    7.5000  -15.0000  -30.0000 2218.8845   19.8805
   -7.5000   -7.5000  -30.0000 2330.9976   17.9428
    0.0000   -7.5000  -30.0000 2346.9895   17.9361
    7.5000   -7.5000  -30.0000 2335.9995   17.9273
   -7.5000    0.0000  -30.0000 2431.9077   16.5283
    0.0000    0.0000  -30.0000 2448.1704   16.5022
    7.5000    0.0000  -30.0000 2429.8096   16.5041
   -7.5000    7.5000  -30.0000 2499.9482   15.4797
    0.0000    7.5000  -30.0000 2517.9507   15.4491
    7.5000    7.5000  -30.0000 2497.8586   15.4692
   -7.5000   15.0000  -30.0000 2545.2417   14.7620
    0.0000   15.0000  -30.0000 2562.2024   14.6958
    7.5000   15.0000  -30.0000 2541.4968   14.7409
   -7.5000   22.5000  -30.0000 2572.5815   14.3403
    0.0000   22.5000  -30.0000 2593.9846   14.2391
    7.5000   22.5000  -30.0000 2573.6909   14.3048
   -7.5000   30.0000  -30.0000 2584.4836   14.2365
    0.0000   30.0000  -30.0000 2600.0696   14.1022
    7.5000   30.0000  -30.0000 2587.3308   14.1839
   -7.5000   37.5000  -30.0000 2576.0923   14.3584
    0.0000   37.5000  -30.0000 2600.5439   14.2262
    7.5000   37.5000  -30.0000 2583.2361   14.3226
   -7.5000   45.0000  -30.0000 2550.5383   14.7971
    0.0000   45.0000  -30.0000 2573.5898   14.6458
    7.5000   45.0000  -30.0000 2558.2297   14.7864
   -7.5000   52.5000  -30.0000 2476.6426   15.4483
    0.0000   52.5000  -30.0000 2497.1467   15.3196
    7.5000   52.5000  -30.0000 2483.4348   15.4220
   -7.5000   60.0000  -30.0000 2348.8347   16.1833
    0.0000   60.0000  -30.0000 2365.2837   16.0939
    7.5000   60.0000  -30.0000 2346.8958   16.1447
   -7.5000  -30.0000  -22.5000 1996.6893   24.6459
    0.0000  -30.0000  -22.5000 2012.2578   24.6709
    7.5000  -30.0000  -22.5000 2011.7032   24.7166
   -7.5000  -22.5000  -22.5000 2146.4021   21.4649
    0.0000  -22.5000  -22.5000 2163.8657   21.4802
    7.5000  -22.5000  -22.5000 2158.9763   21.5034
   -7.5000  -15.0000  -22.5000 2289.2600   18.9529
    0.0000  -15.0000  -22.5000 2309.3496   18.9679
    7.5000  -15.0000  -22.5000 2294.7532   18.9841
   -7.5000   -7.5000  -22.5000 2416.7715   17.1032
    0.0000   -7.5000  -22.5000 2434.8054   17.0514
    7.5000   -7.5000  -22.5000 2418.3650   17.1042
   -7.5000    0.0000  -22.5000 2525.6541   15.6978
    0.0000    0.0000  -22.5000 2543.2424   15.6575
    7.5000    0.0000  -22.5000 2523.4207   15.7174
   -7.5000    7.5000  -22.5000 2602.1631   14.6993
    0.0000    7.5000  -22.5000 2620.0757   14.6386
    7.5000    7.5000  -22.5000 2600.5920   14.6977
   -7.5000   15.0000  -22.5000 2653.5496   13.9845
    0.0000   15.0000  -22.5000 2672.8579   13.8940
    7.5000   15.0000  -22.5000 2656.0518   13.9673
   -7.5000   22.5000  -22.5000 2696.1238   13.5711
    0.0000   22.5000  -22.5000 2717.5681   13.4562
    7.5000   22.5000  -22.5000 2699.4119   13.5548
   -7.5000   30.0000  -22.5000 2712.6953   13.4694
    0.0000   30.0000  -22.5000 2737.4404   13.3380
    7.5000   30.0000  -22.5000 2720.3230   13.4272
   -7.5000   37.5000  -22.5000 2705.6599   13.6446
    0.0000   37.5000  -22.5000 2730.0801   13.5033
    7.5000   37.5000  -22.5000 2715.3367   13.6146
   -7.5000   45.0000  -22.5000 2672.3159   14.0984
    0.0000   45.0000  -22.5000 2700.2778   13.9533
    7.5000   45.0000  -22.5000 2681.6187   14.0726
   -7.5000   52.5000  -22.5000 2589.5579   14.7287
    0.0000   52.5000  -22.5000 2614.8833   14.5943
    7.5000   52.5000  -22.5000 2598.2861   14.6797
   -7.5000   60.0000  -22.5000 2454.4329   15.4265
    0.0000   60.0000  -22.5000 2474.5872   15.3090
    7.5000   60.0000  -22.5000 2455.2695   15.3995
   -7.5000  -30.0000  -15.0000 2031.3940   23.7168
    0.0000  -30.0000  -15.0000 2049.4719   23.7311
    7.5000  -30.0000  -15.0000 2042.9908   23.8245
   -7.5000  -22.5000  -15.0000 2186.4673   20.5891
    0.0000  -22.5000  -15.0000 2207.7366   20.5719
    7.5000  -22.5000  -15.0000 2197.7725   20.6541
   -7.5000  -15.0000  -15.0000 2335.1731   18.1359
    0.0000  -15.0000  -15.0000 2353.8174   18.0798
    7.5000  -15.0000  -15.0000 2337.0747   18.2167
   -7.5000   -7.5000  -15.0000 2467.9932   16.2917
    0.0000   -7.5000  -15.0000 2484.5818   16.2440
    7.5000   -7.5000  -15.0000 2466.5247   16.3714
   -7.5000    0.0000  -15.0000 2584.0642   14.9220
    0.0000    0.0000  -15.0000 2603.8232   14.8928
    7.5000    0.0000  -15.0000 2583.0244   15.0150
   -7.5000    7.5000  -15.0000 2671.4297   13.9412
    0.0000    7.5000  -15.0000 2690.6057   13.8661
    7.5000    7.5000  -15.0000 2673.8340   13.9769
   -7.5000   15.0000  -15.0000 2736.4272   13.2667
    0.0000   15.0000  -15.0000 2754.4485   13.1609
    7.5000   15.0000  -15.0000 2739.5708   13.2665
   -7.5000   22.5000  -15.0000 2788.6328   12.8353
    0.0000   22.5000  -15.0000 2811.0386   12.7056
    7.5000   22.5000  -15.0000 2791.1367   12.8374
   -7.5000   30.0000  -15.0000 2807.8013   12.7355
    0.0000   30.0000  -15.0000 2834.6858   12.6150
    7.5000   30.0000  -15.0000 2815.9517   12.7264
   -7.5000   37.5000  -15.0000 2800.5537   12.9562
    0.0000   37.5000  -15.0000 2831.9211   12.8369
    7.5000   37.5000  -15.0000 2815.8706   12.9359
   -7.5000   45.0000  -15.0000 2766.5505   13.4131
    0.0000   45.0000  -15.0000 2796.8494   13.2784
    7.5000   45.0000  -15.0000 2778.1675   13.3901
   -7.5000   52.5000  -15.0000 2675.8130   14.0533
    0.0000   52.5000  -15.0000 2701.5215   13.8780
    7.5000   52.5000  -15.0000 2683.8293   14.0002
   -7.5000   60.0000  -15.0000 2528.2134   14.7380
    0.0000   60.0000  -15.0000 2550.6860   14.5734
    7.5000   60.0000  -15.0000 2534.8120   14.6806
   -7.5000  -30.0000   -7.5000 2059.7966   22.9327
    0.0000  -30.0000   -7.5000 2077.2686   22.9478
    7.5000  -30.0000   -7.5000 2072.8037   23.2057
   -7.5000  -22.5000   -7.5000 2212.4553   19.8770
    0.0000  -22.5000   -7.5000 2236.3557   19.7882
    7.5000  -22.5000   -7.5000 2226.9460   20.0736
   -7.5000  -15.0000   -7.5000 2358.1621   17.5045
    0.0000  -15.0000   -7.5000 2378.6035   17.3844
    7.5000  -15.0000   -7.5000 2364.2195   17.6592
   -7.5000   -7.5000   -7.5000 2495.5334   15.7123
    0.0000   -7.5000   -7.5000 2514.6138   15.6193
    7.5000   -7.5000   -7.5000 2499.2471   15.8207
   -7.5000    0.0000   -7.5000 2618.6614   14.3500
    0.0000    0.0000   -7.5000 2641.0862   14.2834
    7.5000    0.0000   -7.5000 2624.4871   14.4524
   -7.5000    7.5000   -7.5000 2719.0706   13.3514
    0.0000    7.5000   -7.5000 2743.6035   13.2836
    7.5000    7.5000   -7.5000 2729.5000   13.4229
   -7.5000   15.0000   -7.5000 2797.5581   12.6574
    0.0000   15.0000   -7.5000 2826.4170   12.5636
    7.5000   15.0000   -7.5000 2806.6821   12.6853
   -7.5000   22.5000   -7.5000 2854.2456   12.2053
    0.0000   22.5000   -7.5000 2887.1653   12.0891
    7.5000   22.5000   -7.5000 2862.5635   12.2331
   -7.5000   30.0000   -7.5000 2881.0027   12.0705
    0.0000   30.0000   -7.5000 2918.0417   11.9478
    7.5000   30.0000   -7.5000 2894.8684   12.1044
   -7.5000   37.5000   -7.5000 2876.1934   12.3347
    0.0000   37.5000   -7.5000 2911.1890   12.2097
    7.5000   37.5000   -7.5000 2892.5383   12.3484
   -7.5000   45.0000   -7.5000 2836.4722   12.8126
    0.0000   45.0000   -7.5000 2869.0320   12.6410
    7.5000   45.0000   -7.5000 2852.7966   12.8018
   -7.5000   52.5000   -7.5000 2737.2715   13.4274
    0.0000   52.5000   -7.5000 2761.7205   13.2392
    7.5000   52.5000   -7.5000 2750.8540   13.3804
   -7.5000   60.0000   -7.5000 2578.4246   14.1090
    0.0000   60.0000   -7.5000 2601.7620   13.9257
    7.5000   60.0000   -7.5000 2589.9734   14.0755
   -7.5000  -30.0000    0.0000 2087.6067   22.5513
    0.0000  -30.0000    0.0000 2095.7529   22.3709
    7.5000  -30.0000    0.0000 2093.1023   22.7529
   -7.5000  -22.5000    0.0000 2233.9146   19.4369
    0.0000  -22.5000    0.0000 2250.2356   19.2966
    7.5000  -22.5000    0.0000 2243.7185   19.6871
   -7.5000  -15.0000    0.0000 2374.4890   17.1183
    0.0000  -15.0000    0.0000 2391.2483   16.9292
    7.5000  -15.0000    0.0000 2384.0886   17.3130
   -7.5000   -7.5000    0.0000 2510.4651   15.3336
    0.0000   -7.5000    0.0000 2527.7266   15.1603
    7.5000   -7.5000    0.0000 2518.7832   15.4826
   -7.5000    0.0000    0.0000 2634.8730   13.9922
    0.0000    0.0000    0.0000 2654.7979   13.8567
    7.5000    0.0000    0.0000 2648.1819   14.1171
   -7.5000    7.5000    0.0000 2745.6284   12.9932
    0.0000    7.5000    0.0000 2775.2620   12.8801
    7.5000    7.5000    0.0000 2763.3738   13.0859
   -7.5000   15.0000    0.0000 2836.5867   12.2898
    0.0000   15.0000    0.0000 2876.6475   12.2091
    7.5000   15.0000    0.0000 2856.7388   12.3506
   -7.5000   22.5000    0.0000 2906.4580   11.7987
    0.0000   22.5000    0.0000 2954.1414   11.6945
    7.5000   22.5000    0.0000 2926.1953   11.8682
   -7.5000   30.0000    0.0000 2943.7585   11.6276
    0.0000   30.0000    0.0000 2987.9094   11.4394
    7.5000   30.0000    0.0000 2960.2185   11.7008
   -7.5000   37.5000    0.0000 2933.5188   11.8852
    0.0000   37.5000    0.0000 2968.4404   11.7007
    7.5000   37.5000    0.0000 2952.9482   11.9280
   -7.5000   45.0000    0.0000 2881.9756   12.3684
    0.0000   45.0000    0.0000 2917.1353   12.1457
    7.5000   45.0000    0.0000 2901.2932   12.3709
   -7.5000   52.5000    0.0000 2772.8811   12.9900
    0.0000   52.5000    0.0000 2803.0127   12.7699
    7.5000   52.5000    0.0000 2792.6438   12.9955
   -7.5000   60.0000    0.0000 2611.5974   13.7171
    0.0000   60.0000    0.0000 2631.3542   13.5034
    7.5000   60.0000    0.0000 2621.0344   13.7600
   -7.5000  -30.0000    7.5000 2094.3621   22.4163
    0.0000  -30.0000    7.5000 2109.9414   22.1837
    7.5000  -30.0000    7.5000 2103.1272   22.6150
   -7.5000  -22.5000    7.5000 2239.5398   19.3011
    0.0000  -22.5000    7.5000 2259.6658   19.0170
    7.5000  -22.5000    7.5000 2253.0679   19.4809
   -7.5000  -15.0000    7.5000 2383.3438   16.9472
    0.0000  -15.0000    7.5000 2395.4851   16.6232
    7.5000  -15.0000    7.5000 2394.1667   17.0841
   -7.5000   -7.5000    7.5000 2515.5535   15.1842
    0.0000   -7.5000    7.5000 2531.9368   14.8806
    7.5000   -7.5000    7.5000 2525.4155   15.2652
   -7.5000    0.0000    7.5000 2638.3347   13.8305
    0.0000    0.0000    7.5000 2662.4553   13.6000
    7.5000    0.0000    7.5000 2658.7493   13.9205
   -7.5000    7.5000    7.5000 2754.6445   12.8349
    0.0000    7.5000    7.5000 2786.7739   12.6227
    7.5000    7.5000    7.5000 2778.7129   12.8934
   -7.5000   15.0000    7.5000 2859.3533   12.1495
    0.0000   15.0000    7.5000 2905.3682   11.9956
    7.5000   15.0000    7.5000 2884.8591   12.1822
   -7.5000   22.5000    7.5000 2943.5168   11.6382
    0.0000   22.5000    7.5000 3002.5933   11.4624
    7.5000   22.5000    7.5000 2965.8896   11.6706
   -7.5000   30.0000    7.5000 2984.8508   11.4126
    0.0000   30.0000    7.5000 3038.9910   11.1354
    7.5000   30.0000    7.5000 3003.6919   11.4738
   -7.5000   37.5000    7.5000 2958.1934   11.6592
    0.0000   37.5000    7.5000 3000.5549   11.3729
    7.5000   37.5000    7.5000 2980.7205   11.7249
   -7.5000   45.0000    7.5000 2898.0024   12.1482
    0.0000   45.0000    7.5000 2931.7546   11.9039
    7.5000   45.0000    7.5000 2919.5469   12.2035
   -7.5000   52.5000    7.5000 2786.4426   12.7940
    0.0000   52.5000    7.5000 2815.4631   12.5742
    7.5000   52.5000    7.5000 2806.3276   12.8096
   -7.5000   60.0000    7.5000 2619.6956   13.5057
    0.0000   60.0000    7.5000 2640.0347   13.3054
    7.5000   60.0000    7.5000 2634.0596   13.5066
   -7.5000  -30.0000   15.0000 2088.1558   22.5011
    0.0000  -30.0000   15.0000 2104.6289   22.1607
    7.5000  -30.0000   15.0000 2100.1372   22.6676
   -7.5000  -22.5000   15.0000 2234.2266   19.3619
    0.0000  -22.5000   15.0000 2251.3718   19.0042
    7.5000  -22.5000   15.0000 2251.5273   19.4480
   -7.5000  -15.0000   15.0000 2373.4819   16.9822
    0.0000  -15.0000   15.0000 2388.2551   16.6331
    7.5000  -15.0000   15.0000 2387.8865   17.0406
   -7.5000   -7.5000   15.0000 2503.4478   15.2436
    0.0000   -7.5000   15.0000 2524.3728   14.8924
    7.5000   -7.5000   15.0000 2519.3416   15.2499
   -7.5000    0.0000   15.0000 2625.9214   13.8978
    0.0000    0.0000   15.0000 2650.4563   13.5528
    7.5000    0.0000   15.0000 2648.1965   13.8993
   -7.5000    7.5000   15.0000 2745.7024   12.8580
    0.0000    7.5000   15.0000 2769.3652   12.5378
    7.5000    7.5000   15.0000 2767.9641   12.8601
   -7.5000   15.0000   15.0000 2850.5977   12.1195
    0.0000   15.0000   15.0000 2891.7598   11.8435
    7.5000   15.0000   15.0000 2882.0928   12.1086
   -7.5000   22.5000   15.0000 2933.5669   11.6410
    0.0000   22.5000   15.0000 2987.8389   11.3114
    7.5000   22.5000   15.0000 2961.5908   11.5960
   -7.5000   30.0000   15.0000 2978.6897   11.5087
    0.0000   30.0000   15.0000 3031.6831   11.2185
    7.5000   30.0000   15.0000 2998.5750   11.4676
   -7.5000   37.5000   15.0000 2954.6392   11.7370
    0.0000   37.5000   15.0000 3007.6274   11.5565
    7.5000   37.5000   15.0000 2974.9641   11.7500
   -7.5000   45.0000   15.0000 2891.2769   12.1616
    0.0000   45.0000   15.0000 2926.4797   12.0155
    7.5000   45.0000   15.0000 2905.5220   12.1998
   -7.5000   52.5000   15.0000 2774.1648   12.7911
    0.0000   52.5000   15.0000 2799.3838   12.6042
    7.5000   52.5000   15.0000 2788.4692   12.7594
   -7.5000   60.0000   15.0000 2606.5417   13.5130
    0.0000   60.0000   15.0000 2626.2441   13.3144
    7.5000   60.0000   15.0000 2620.8604   13.4685
   -7.5000  -30.0000   22.5000 2065.7139   22.8619
    0.0000  -30.0000   22.5000 2082.4263   22.5245
    7.5000  -30.0000   22.5000 2077.6340   22.8932
   -7.5000  -22.5000   22.5000 2218.5837   19.6807
    0.0000  -22.5000   22.5000 2236.2966   19.2805
    7.5000  -22.5000   22.5000 2229.9077   19.6617
   -7.5000  -15.0000   22.5000 2357.8577   17.2460
    0.0000  -15.0000   22.5000 2379.5427   16.8519
    7.5000  -15.0000   22.5000 2373.1406   17.2778
   -7.5000   -7.5000   22.5000 2485.4541   15.4733
    0.0000   -7.5000   22.5000 2509.4448   15.0576
    7.5000   -7.5000   22.5000 2504.2439   15.4585
   -7.5000    0.0000   22.5000 2603.1238   14.1751
    0.0000    0.0000   22.5000 2628.3660   13.7664
    7.5000    0.0000   22.5000 2630.2371   14.1348
   -7.5000    7.5000   22.5000 2720.6914   13.1579
    0.0000    7.5000   22.5000 2742.3438   12.7998
    7.5000    7.5000   22.5000 2747.5867   13.1171
   -7.5000   15.0000   22.5000 2826.3501   12.4317
    0.0000   15.0000   22.5000 2859.8711   12.1003
    7.5000   15.0000   22.5000 2856.4482   12.3815
   -7.5000   22.5000   22.5000 2905.4363   11.9921
    0.0000   22.5000   22.5000 2946.5530   11.6497
    7.5000   22.5000   22.5000 2924.5212   11.8941
   -7.5000   30.0000   22.5000 2939.5068   11.8962
    0.0000   30.0000   22.5000 2985.8101   11.6483
    7.5000   30.0000   22.5000 2959.1260   11.8053
   -7.5000   37.5000   22.5000 2919.2239   12.1170
    0.0000   37.5000   22.5000 2971.0154   11.9459
    7.5000   37.5000   22.5000 2941.5767   12.0546
   -7.5000   45.0000   22.5000 2851.5383   12.5460
    0.0000   45.0000   22.5000 2888.4021   12.4023
    7.5000   45.0000   22.5000 2868.5322   12.5195
   -7.5000   52.5000   22.5000 2734.7219   13.1298
    0.0000   52.5000   22.5000 2761.7024   12.9722
    7.5000   52.5000   22.5000 2750.1462   13.0853
   -7.5000   60.0000   22.5000 2572.9158   13.7643
    0.0000   60.0000   22.5000 2593.2488   13.5975
    7.5000   60.0000   22.5000 2585.1172   13.7225
   -7.5000  -30.0000   30.0000 2031.6531   23.5309
    0.0000  -30.0000   30.0000 2047.8354   23.0955
    7.5000  -30.0000   30.0000 2041.9049   23.3886
   -7.5000  -22.5000   30.0000 2191.9431   20.1951
    0.0000  -22.5000   30.0000 2208.5996   19.7839
    7.5000  -22.5000   30.0000 2200.8882   20.0922
   -7.5000  -15.0000   30.0000 2329.1274   17.7328
    0.0000  -15.0000   30.0000 2355.2327   17.3558
    7.5000  -15.0000   30.0000 2345.0498   17.6694
   -7.5000   -7.5000   30.0000 2457.4749   16.0069
    0.0000   -7.5000   30.0000 2484.7278   15.6093
    7.5000   -7.5000   30.0000 2475.0007   15.9133
   -7.5000    0.0000   30.0000 2572.1636   14.7287
    0.0000    0.0000   30.0000 2601.0298   14.3590
    7.5000    0.0000   30.0000 2596.4910   14.6231
   -7.5000    7.5000   30.0000 2684.8250   13.7509
    0.0000    7.5000   30.0000 2709.0430   13.4015
    7.5000    7.5000   30.0000 2711.3286   13.6394
   -7.5000   15.0000   30.0000 2781.5466   13.0297
    0.0000   15.0000   30.0000 2811.1790   12.6173
    7.5000   15.0000   30.0000 2810.0168   12.8676
   -7.5000   22.5000   30.0000 2847.3325   12.5379
    0.0000   22.5000   30.0000 2882.7466   12.1958
    7.5000   22.5000   30.0000 2872.7666   12.4148
   -7.5000   30.0000   30.0000 2877.7585   12.4134
    0.0000   30.0000   30.0000 2909.6113   12.1790
    7.5000   30.0000   30.0000 2901.9651   12.3377
   -7.5000   37.5000   30.0000 2855.2886   12.6306
    0.0000   37.5000   30.0000 2893.7644   12.4285
    7.5000   37.5000   30.0000 2879.2429   12.5795
   -7.5000   45.0000   30.0000 2788.3911   13.1009
    0.0000   45.0000   30.0000 2819.8674   12.9125
    7.5000   45.0000   30.0000 2808.9763   13.0662
   -7.5000   52.5000   30.0000 2678.7034   13.6922
    0.0000   52.5000   30.0000 2703.7769   13.4915
    7.5000   52.5000   30.0000 2693.6196   13.6461
   -7.5000   60.0000   30.0000 2523.6470   14.3284
    0.0000   60.0000   30.0000 2547.3914   14.1264
    7.5000   60.0000   30.0000 2537.2588   14.2638
   -7.5000  -30.0000   37.5000 1990.4404   24.2595
    0.0000  -30.0000   37.5000 2006.4678   23.9293
    7.5000  -30.0000   37.5000 2003.7643   24.1759
   -7.5000  -22.5000   37.5000 2154.9116   20.9489
    0.0000  -22.5000   37.5000 2174.6145   20.5794
    7.5000  -22.5000   37.5000 2164.7480   20.8070
   -7.5000  -15.0000   37.5000 2293.7512   18.5273
    0.0000  -15.0000   37.5000 2324.6636   18.1950
    7.5000  -15.0000   37.5000 2306.9661   18.4071
   -7.5000   -7.5000   37.5000 2421.8684   16.8294
    0.0000   -7.5000   37.5000 2453.7295   16.4934
    7.5000   -7.5000   37.5000 2437.5264   16.6955
   -7.5000    0.0000   37.5000 2534.8330   15.4892
    0.0000    0.0000   37.5000 2567.9041   15.1863
    7.5000    0.0000   37.5000 2553.1506   15.3627
   -7.5000    7.5000   37.5000 2644.5669   14.4767
    0.0000    7.5000   37.5000 2675.2041   14.1185
    7.5000    7.5000   37.5000 2665.0662   14.3067
   -7.5000   15.0000   37.5000 2725.3127   13.7232
    0.0000   15.0000   37.5000 2758.8606   13.3168
    7.5000   15.0000   37.5000 2749.2073   13.5238
   -7.5000   22.5000   37.5000 2779.9558   13.2274
    0.0000   22.5000   37.5000 2810.3481   12.9047
    7.5000   22.5000   37.5000 2805.3596   13.0992
   -7.5000   30.0000   37.5000 2798.3108   13.1100
    0.0000   30.0000   37.5000 2825.8713   12.8451
    7.5000   30.0000   37.5000 2822.6177   13.0107
   -7.5000   37.5000   37.5000 2774.6145   13.3010
    0.0000   37.5000   37.5000 2805.0156   13.0687
    7.5000   37.5000   37.5000 2800.1340   13.2335
   -7.5000   45.0000   37.5000 2712.3210   13.7722
    0.0000   45.0000   37.5000 2739.9937   13.5685
    7.5000   45.0000   37.5000 2735.9016   13.7288
   -7.5000   52.5000   37.5000 2608.5762   14.3722
    0.0000   52.5000   37.5000 2632.5396   14.1738
    7.5000   52.5000   37.5000 2625.8057   14.3123
   -7.5000   60.0000   37.5000 2465.0154   14.9675
    0.0000   60.0000   37.5000 2487.3066   14.7820
    7.5000   60.0000   37.5000 2478.5515   14.9138
   -7.5000  -30.0000   45.0000 1948.8746   25.4979
    0.0000  -30.0000   45.0000 1964.6241   25.3482
    7.5000  -30.0000   45.0000 1956.2467   25.4132
   -7.5000  -22.5000   45.0000 2108.0100   22.0278
    0.0000  -22.5000   45.0000 2130.2097   21.7895
    7.5000  -22.5000   45.0000 2118.9883   21.8797
   -7.5000  -15.0000   45.0000 2245.8916   19.5527
    0.0000  -15.0000   45.0000 2281.7439   19.2956
    7.5000  -15.0000   45.0000 2262.8674   19.4039
   -7.5000   -7.5000   45.0000 2373.3198   17.7597
    0.0000   -7.5000   45.0000 2408.0415   17.5152
    7.5000   -7.5000   45.0000 2390.6309   17.6369
   -7.5000    0.0000   45.0000 2481.7656   16.3836
    0.0000    0.0000   45.0000 2513.1877   16.1084
    7.5000    0.0000   45.0000 2498.9951   16.2761
   -7.5000    7.5000   45.0000 2583.0154   15.3387
    0.0000    7.5000   45.0000 2614.8018   15.0002
    7.5000    7.5000   45.0000 2599.4326   15.1842
   -7.5000   15.0000   45.0000 2654.4854   14.5753
    0.0000   15.0000   45.0000 2687.4636   14.2281
    7.5000   15.0000   45.0000 2673.9319   14.3929
   -7.5000   22.5000   45.0000 2699.8621   14.0955
    0.0000   22.5000   45.0000 2724.2783   13.8020
    7.5000   22.5000   45.0000 2720.3196   13.9453
   -7.5000   30.0000   45.0000 2704.6125   13.9817
    0.0000   30.0000   45.0000 2729.0410   13.7199
    7.5000   30.0000   45.0000 2725.0183   13.8495
   -7.5000   37.5000   45.0000 2684.7195   14.1112
    0.0000   37.5000   45.0000 2709.5554   13.8868
    7.5000   37.5000   45.0000 2706.5598   14.0369
   -7.5000   45.0000   45.0000 2629.1523   14.5590
    0.0000   45.0000   45.0000 2656.8176   14.3929
    7.5000   45.0000   45.0000 2652.0188   14.5571
   -7.5000   52.5000   45.0000 2532.2800   15.1645
    0.0000   52.5000   45.0000 2557.2400   14.9979
    7.5000   52.5000   45.0000 2549.1084   15.1272
   -7.5000   60.0000   45.0000 2395.4136   15.7612
    0.0000   60.0000   45.0000 2413.9238   15.5690
    7.5000   60.0000   45.0000 2403.9377   15.6694

---------------------------------------------------------------------
imgreg_4dfp /opt/freesurfer/average/711-2C_as_mni_average_305 /opt/freesurfer/average/711-2B_as_mni_average_305_mask talsrcimg_g11 none talsrcimg_to_711-2C_as_mni_average_305_t4 1283
---------------------------------------------------------------------

freesurfer imgreg_4dfp.c
/opt/freesurfer/average/711-2C_as_mni_average_305.4dfp.img
       256       256       256         1
  1.000000  1.000000  1.000000
orientation T byte_order littleendian
Reading image: /opt/freesurfer/average/711-2C_as_mni_average_305.4dfp.img
dimensions:      256       256       256
mmppix:       1.0000   -1.0000   -1.0000
center:     128.0000 -129.0000 -129.0000
/opt/freesurfer/average/711-2B_as_mni_average_305_mask.4dfp.img
       256       256       256         1
  1.000000  1.000000  1.000000
orientation T byte_order littleendian
Reading mask: /opt/freesurfer/average/711-2B_as_mni_average_305_mask.4dfp.img (2306576 pixels)
talsrcimg_g11.4dfp.img
       256       256       256         1
  1.000000  1.000000  1.000000
orientation T byte_order littleendian
Reading image: talsrcimg_g11.4dfp.img
dimensions:      256       256       256
mmppix:       1.0000   -1.0000   -1.0000
center:     128.0000 -129.0000 -129.0000
rotation matrix determinant  1.000000
fimgreg.f
image alignment mode   1283 decimal      503 hex
parameters
    0.0000   30.0000    7.5000    0.0000    0.0000    0.0000
eta,q 0.95215 11.18349
niter,ni,del,rscale     5    3   12.0000    1.2000
parameter  6  0.587089 ->  0.500000 qaram    1.1500
parameters
    0.7585   29.3749   10.2180   -1.2912   -1.3219   -3.4500
eta,q 0.95696 10.94010
  0.0629  0.0526  0.0603  0.0479  0.0483  0.0437
  0.0557  0.0492  0.0561  0.0451  0.0461  0.0431
  0.0502  0.0476  0.0515  0.0444  0.0445  0.0432
  0.0472  0.0470  0.0468  0.0447  0.0445  0.0443
  0.0487  0.0485  0.0445  0.0462  0.0465  0.0461
  0.0527  0.0516  0.0456  0.0487  0.0499  0.0487
  0.0562  0.0550  0.0486  0.0517  0.0545  0.0519
niter,ni,del,rscale     5    3   12.0000    1.2000
parameters
    0.9420   30.1803   10.4612   -1.8876   -2.1074   -3.5453
eta,q 0.95708 10.95692
  0.0559  0.0551  0.0515  0.0490  0.0466  0.0478
  0.0484  0.0500  0.0474  0.0441  0.0445  0.0450
  0.0447  0.0450  0.0438  0.0422  0.0433  0.0434
  0.0430  0.0430  0.0429  0.0430  0.0426  0.0429
  0.0440  0.0436  0.0443  0.0445  0.0435  0.0433
  0.0482  0.0463  0.0470  0.0473  0.0461  0.0451
  0.0539  0.0501  0.0497  0.0505  0.0502  0.0482
niter,ni,del,rscale     4    3   12.0000    1.2000
parameters
    1.2020   30.5488   10.6611   -2.1880   -2.2828   -3.5396
eta,q 0.95716 10.96836
  0.0551  0.0545  0.0504  0.0503  0.0476  0.0481
  0.0477  0.0489  0.0466  0.0450  0.0451  0.0452
  0.0442  0.0442  0.0437  0.0423  0.0435  0.0434
  0.0429  0.0429  0.0430  0.0430  0.0428  0.0428
  0.0437  0.0442  0.0441  0.0445  0.0431  0.0433
  0.0470  0.0475  0.0463  0.0471  0.0452  0.0451
  0.0527  0.0516  0.0490  0.0505  0.0488  0.0482
niter,ni,del,rscale     3    3   12.0000    1.2000
parameters
    1.2663   30.6978   10.7305   -2.2819   -2.3213   -3.5287
eta,q 0.95714 10.97184
  0.0540  0.0542  0.0498  0.0511  0.0479  0.0482
  0.0469  0.0483  0.0462  0.0457  0.0453  0.0453
  0.0438  0.0437  0.0434  0.0424  0.0436  0.0434
  0.0428  0.0428  0.0429  0.0429  0.0429  0.0429
  0.0439  0.0446  0.0441  0.0444  0.0430  0.0433
  0.0471  0.0482  0.0463  0.0469  0.0450  0.0452
  0.0530  0.0523  0.0490  0.0503  0.0485  0.0482
niter,ni,del,rscale     2    3   12.0000    1.2000
parameters
    1.2802   30.7527   10.7567   -2.3052   -2.3303   -3.5252
eta,q 0.95712 10.97296
  0.0537  0.0540  0.0496  0.0513  0.0480  0.0482
  0.0467  0.0480  0.0460  0.0459  0.0454  0.0453
  0.0437  0.0436  0.0433  0.0424  0.0436  0.0435
  0.0429  0.0429  0.0429  0.0429  0.0429  0.0429
  0.0440  0.0448  0.0441  0.0444  0.0430  0.0433
  0.0472  0.0485  0.0463  0.0468  0.0450  0.0452
  0.0531  0.0526  0.0490  0.0502  0.0485  0.0483
registration optimization eta report
parameter search radius
    6.0000    6.0000    6.0000    6.0000    6.0000    6.9000
100000*second partial in parameter space
       30.       29.       18.       23.       15.       11.
  0.0537  0.0540  0.0496  0.0513  0.0480  0.0482
  0.0467  0.0480  0.0460  0.0459  0.0454  0.0453
  0.0437  0.0436  0.0433  0.0424  0.0436  0.0435
  0.0429  0.0429  0.0429  0.0429  0.0429  0.0429
  0.0440  0.0448  0.0441  0.0444  0.0430  0.0433
  0.0472  0.0485  0.0463  0.0468  0.0450  0.0452
  0.0531  0.0526  0.0490  0.0502  0.0485  0.0483
    1.2802   30.7527   10.7567   -2.3052   -2.3303   -3.5252
eta,q 0.95712 10.97296

---------------------------------------------------------------------
imgreg_4dfp /opt/freesurfer/average/711-2C_as_mni_average_305 /opt/freesurfer/average/711-2B_as_mni_average_305_mask talsrcimg_g11 none talsrcimg_to_711-2C_as_mni_average_305_t4 3335
---------------------------------------------------------------------

freesurfer imgreg_4dfp.c
/opt/freesurfer/average/711-2C_as_mni_average_305.4dfp.img
       256       256       256         1
  1.000000  1.000000  1.000000
orientation T byte_order littleendian
Reading image: /opt/freesurfer/average/711-2C_as_mni_average_305.4dfp.img
dimensions:      256       256       256
mmppix:       1.0000   -1.0000   -1.0000
center:     128.0000 -129.0000 -129.0000
/opt/freesurfer/average/711-2B_as_mni_average_305_mask.4dfp.img
       256       256       256         1
  1.000000  1.000000  1.000000
orientation T byte_order littleendian
Reading mask: /opt/freesurfer/average/711-2B_as_mni_average_305_mask.4dfp.img (2306576 pixels)
talsrcimg_g11.4dfp.img
       256       256       256         1
  1.000000  1.000000  1.000000
orientation T byte_order littleendian
Reading image: talsrcimg_g11.4dfp.img
dimensions:      256       256       256
mmppix:       1.0000   -1.0000   -1.0000
center:     128.0000 -129.0000 -129.0000
fimgreg.f
image alignment mode   3335 decimal      D07 hex
parameters
    1.2802   30.7527   10.7567   -0.2718   -0.2599   -0.1636
    5.9806    4.3024   -6.1437    3.7649   -4.0661   -4.0190
eta,q 0.95752 11.16583
niter,ni,del,rscale     5    3    5.0000    1.2000
parameter  4  1.670032 ->  0.500000 qaram    1.1500
parameter  5  6.828012 ->  0.500000 qaram    1.1500
parameter  6  1.793623 ->  0.500000 qaram    1.1500
parameter 12  1.230815 ->  0.500000 qaram    1.1500
parameters
    1.6216   31.3949   10.6039   -4.4118   -4.3999   -4.3036
    3.7206    5.8890   -4.3523    0.9651   -4.1102   -8.1590
eta,q 0.97425 10.98169
  0.0451  0.0439  0.0434  0.0371  0.0305  0.0269  0.0294  0.0353  0.0312  0.0287  0.0295  0.0254
  0.0439  0.0432  0.0428  0.0380  0.0328  0.0280  0.0286  0.0326  0.0297  0.0276  0.0283  0.0256
  0.0430  0.0427  0.0424  0.0398  0.0355  0.0303  0.0283  0.0301  0.0286  0.0272  0.0275  0.0262
  0.0425  0.0424  0.0423  0.0422  0.0384  0.0335  0.0285  0.0283  0.0279  0.0277  0.0273  0.0272
  0.0424  0.0423  0.0425  0.0454  0.0411  0.0375  0.0293  0.0280  0.0278  0.0293  0.0276  0.0285
  0.0429  0.0424  0.0430  0.0489  0.0440  0.0416  0.0305  0.0291  0.0282  0.0316  0.0283  0.0301
  0.0441  0.0429  0.0438  0.0521  0.0473  0.0456  0.0320  0.0315  0.0291  0.0340  0.0295  0.0317
niter,ni,del,rscale     7    3    5.0000    1.2000
parameter  5  1.720908 ->  0.500000 qaram    1.3225
parameters
    1.3780   30.6610   10.6478   -6.8848   -9.1609   -7.0241
    4.2821    5.9992   -4.4745    2.8533   -5.2047  -10.4458
eta,q 0.97917 10.85051
  0.0290  0.0266  0.0280  0.0278  0.0197  0.0232  0.0245  0.0258  0.0237  0.0268  0.0220  0.0219
  0.0271  0.0257  0.0266  0.0265  0.0208  0.0222  0.0230  0.0234  0.0225  0.0245  0.0213  0.0212
  0.0259  0.0254  0.0257  0.0255  0.0228  0.0214  0.0219  0.0219  0.0216  0.0227  0.0210  0.0209
  0.0258  0.0257  0.0254  0.0254  0.0255  0.0212  0.0214  0.0214  0.0214  0.0214  0.0210  0.0209
  0.0265  0.0265  0.0257  0.0273  0.0288  0.0229  0.0216  0.0218  0.0217  0.0210  0.0213  0.0216
  0.0282  0.0277  0.0265  0.0309  0.0325  0.0273  0.0224  0.0231  0.0226  0.0216  0.0219  0.0228
  0.0306  0.0292  0.0278  0.0353  0.0361  0.0325  0.0238  0.0256  0.0239  0.0233  0.0227  0.0244
niter,ni,del,rscale     7    3    5.0000    1.2000
parameters
    1.6723   30.5029   10.2943   -5.8988  -13.5508   -7.2635
    4.2951    6.4485   -4.3947    3.3914   -5.2840  -10.9983
eta,q 0.98086 10.75247
  0.0249  0.0233  0.0220  0.0254  0.0210  0.0226  0.0222  0.0246  0.0217  0.0232  0.0203  0.0207
  0.0229  0.0218  0.0212  0.0236  0.0195  0.0212  0.0206  0.0218  0.0204  0.0213  0.0196  0.0198
  0.0215  0.0209  0.0208  0.0220  0.0192  0.0201  0.0196  0.0199  0.0195  0.0199  0.0192  0.0193
  0.0208  0.0208  0.0207  0.0207  0.0204  0.0191  0.0192  0.0192  0.0192  0.0192  0.0191  0.0191
  0.0209  0.0212  0.0211  0.0202  0.0228  0.0186  0.0195  0.0196  0.0195  0.0193  0.0193  0.0194
  0.0217  0.0224  0.0218  0.0214  0.0265  0.0203  0.0206  0.0209  0.0203  0.0204  0.0197  0.0201
  0.0233  0.0240  0.0230  0.0244  0.0306  0.0246  0.0222  0.0234  0.0216  0.0224  0.0203  0.0213
niter,ni,del,rscale     6    3    5.0000    1.2000
parameters
    1.6623   30.6424   10.3436   -5.0065  -13.9603   -7.2849
    4.2211    6.5200   -4.4157    3.5996   -5.0881  -11.1478
eta,q 0.98115 10.76305
  0.0226  0.0227  0.0207  0.0240  0.0236  0.0226  0.0219  0.0241  0.0214  0.0225  0.0203  0.0206
  0.0208  0.0208  0.0199  0.0221  0.0214  0.0212  0.0203  0.0213  0.0200  0.0207  0.0194  0.0197
  0.0196  0.0196  0.0193  0.0205  0.0196  0.0200  0.0192  0.0194  0.0192  0.0195  0.0190  0.0190
  0.0191  0.0191  0.0191  0.0191  0.0188  0.0188  0.0189  0.0189  0.0189  0.0189  0.0188  0.0189
  0.0195  0.0194  0.0193  0.0186  0.0195  0.0182  0.0192  0.0194  0.0192  0.0191  0.0190  0.0190
  0.0207  0.0204  0.0198  0.0200  0.0216  0.0199  0.0204  0.0211  0.0200  0.0203  0.0194  0.0197
  0.0228  0.0219  0.0206  0.0231  0.0249  0.0242  0.0220  0.0239  0.0214  0.0223  0.0201  0.0208
niter,ni,del,rscale     5    3    5.0000    1.2000
parameters
    1.6192   30.6721   10.3014   -4.9137  -13.9981   -7.2996
    4.2199    6.4861   -4.4558    3.6643   -4.9900  -11.2320
eta,q 0.98117 10.76401
  0.0224  0.0221  0.0204  0.0234  0.0239  0.0227  0.0219  0.0240  0.0213  0.0224  0.0202  0.0206
  0.0205  0.0203  0.0195  0.0217  0.0216  0.0212  0.0203  0.0212  0.0200  0.0206  0.0194  0.0197
  0.0193  0.0192  0.0190  0.0201  0.0198  0.0200  0.0192  0.0194  0.0191  0.0194  0.0189  0.0190
  0.0188  0.0188  0.0189  0.0189  0.0188  0.0188  0.0188  0.0188  0.0188  0.0188  0.0188  0.0188
  0.0193  0.0193  0.0190  0.0188  0.0193  0.0182  0.0192  0.0194  0.0191  0.0191  0.0190  0.0190
  0.0206  0.0203  0.0196  0.0207  0.0213  0.0199  0.0203  0.0212  0.0200  0.0204  0.0194  0.0196
  0.0228  0.0218  0.0205  0.0242  0.0244  0.0242  0.0220  0.0241  0.0214  0.0224  0.0201  0.0207
niter,ni,del,rscale     4    3    5.0000    1.2000
parameters
    1.6086   30.6854   10.2863   -4.8909  -14.0062   -7.3053
    4.2176    6.4682   -4.4810    3.6953   -4.9651  -11.2685
eta,q 0.98117 10.76425
  0.0225  0.0220  0.0204  0.0234  0.0239  0.0227  0.0219  0.0240  0.0213  0.0223  0.0202  0.0206
  0.0205  0.0202  0.0195  0.0216  0.0217  0.0212  0.0203  0.0212  0.0200  0.0206  0.0194  0.0197
  0.0193  0.0191  0.0190  0.0201  0.0198  0.0200  0.0192  0.0194  0.0191  0.0194  0.0189  0.0190
  0.0188  0.0188  0.0188  0.0188  0.0188  0.0188  0.0188  0.0188  0.0188  0.0188  0.0188  0.0188
  0.0192  0.0193  0.0190  0.0188  0.0193  0.0182  0.0192  0.0194  0.0191  0.0192  0.0190  0.0190
  0.0205  0.0203  0.0196  0.0208  0.0212  0.0199  0.0203  0.0212  0.0200  0.0204  0.0194  0.0196
  0.0227  0.0218  0.0205  0.0243  0.0244  0.0242  0.0220  0.0241  0.0213  0.0224  0.0201  0.0207
registration optimization eta report
parameter search radius
    2.4000    2.4000    2.4000    8.2800    9.5220    8.2800
    7.2000    7.2000    7.2000    7.2000    7.2000    8.2800
100000*second partial in parameter space
       65.       54.       28.        7.        6.        7.
        6.       10.        5.        7.        3.        3.
  0.0225  0.0220  0.0204  0.0234  0.0239  0.0227  0.0219  0.0240  0.0213  0.0223  0.0202  0.0206
  0.0205  0.0202  0.0195  0.0216  0.0217  0.0212  0.0203  0.0212  0.0200  0.0206  0.0194  0.0197
  0.0193  0.0191  0.0190  0.0201  0.0198  0.0200  0.0192  0.0194  0.0191  0.0194  0.0189  0.0190
  0.0188  0.0188  0.0188  0.0188  0.0188  0.0188  0.0188  0.0188  0.0188  0.0188  0.0188  0.0188
  0.0192  0.0193  0.0190  0.0188  0.0193  0.0182  0.0192  0.0194  0.0191  0.0192  0.0190  0.0190
  0.0205  0.0203  0.0196  0.0208  0.0212  0.0199  0.0203  0.0212  0.0200  0.0204  0.0194  0.0196
  0.0227  0.0218  0.0205  0.0243  0.0244  0.0242  0.0220  0.0241  0.0213  0.0224  0.0201  0.0207
    1.6086   30.6854   10.2863   -4.8909  -14.0062   -7.3053
    4.2176    6.4682   -4.4810    3.6953   -4.9651  -11.2685
eta,q 0.98117 10.76425

---------------------------------------------------------------------
imgreg_4dfp /opt/freesurfer/average/711-2C_as_mni_average_305 /opt/freesurfer/average/711-2B_as_mni_average_305_mask talsrcimg_g11 none talsrcimg_to_711-2C_as_mni_average_305_t4 2311
---------------------------------------------------------------------

freesurfer imgreg_4dfp.c
/opt/freesurfer/average/711-2C_as_mni_average_305.4dfp.img
       256       256       256         1
  1.000000  1.000000  1.000000
orientation T byte_order littleendian
Reading image: /opt/freesurfer/average/711-2C_as_mni_average_305.4dfp.img
dimensions:      256       256       256
mmppix:       1.0000   -1.0000   -1.0000
center:     128.0000 -129.0000 -129.0000
/opt/freesurfer/average/711-2B_as_mni_average_305_mask.4dfp.img
       256       256       256         1
  1.000000  1.000000  1.000000
orientation T byte_order littleendian
Reading mask: /opt/freesurfer/average/711-2B_as_mni_average_305_mask.4dfp.img (2306576 pixels)
talsrcimg_g11.4dfp.img
       256       256       256         1
  1.000000  1.000000  1.000000
orientation T byte_order littleendian
Reading image: talsrcimg_g11.4dfp.img
dimensions:      256       256       256
mmppix:       1.0000   -1.0000   -1.0000
center:     128.0000 -129.0000 -129.0000
fimgreg.f
image alignment mode   2311 decimal      907 hex
parameters
    1.6086   30.6854   10.2863   -4.8909  -14.0062   -7.3053
    4.2176    6.4682   -4.4810    3.6953   -4.9651  -11.2685
eta,q 0.98117 10.76425
niter,ni,del,rscale     5    3    5.0000    0.8000
parameters
    1.6310   30.6445   10.2847   -3.9343  -13.7540   -5.8091
    4.0312    6.6419   -4.3634    3.5580   -4.7486  -11.6670
eta,q 0.98183 10.82244
  0.0206  0.0202  0.0195  0.0212  0.0204  0.0207  0.0196  0.0216  0.0195  0.0201  0.0193  0.0188
  0.0196  0.0194  0.0191  0.0203  0.0195  0.0200  0.0188  0.0199  0.0188  0.0191  0.0187  0.0184
  0.0191  0.0189  0.0189  0.0195  0.0189  0.0193  0.0183  0.0187  0.0183  0.0184  0.0183  0.0182
  0.0188  0.0188  0.0188  0.0188  0.0186  0.0186  0.0182  0.0182  0.0182  0.0182  0.0182  0.0182
  0.0190  0.0190  0.0189  0.0186  0.0187  0.0182  0.0184  0.0185  0.0183  0.0184  0.0183  0.0183
  0.0195  0.0196  0.0191  0.0190  0.0192  0.0183  0.0190  0.0195  0.0187  0.0192  0.0186  0.0186
  0.0205  0.0203  0.0195  0.0201  0.0201  0.0194  0.0199  0.0212  0.0194  0.0204  0.0191  0.0191
niter,ni,del,rscale     4    3    5.0000    0.7000
parameters
    1.5199   30.6119   10.3907   -4.1762  -13.9552   -5.6385
    4.0330    6.5118   -4.3946    3.6719   -4.7889  -11.6948
eta,q 0.98187 10.81928
  0.0195  0.0193  0.0191  0.0198  0.0194  0.0199  0.0193  0.0204  0.0191  0.0198  0.0189  0.0187
  0.0187  0.0186  0.0186  0.0191  0.0187  0.0193  0.0187  0.0192  0.0186  0.0190  0.0185  0.0184
  0.0183  0.0183  0.0183  0.0185  0.0183  0.0187  0.0183  0.0184  0.0182  0.0184  0.0182  0.0182
  0.0182  0.0182  0.0182  0.0182  0.0182  0.0182  0.0181  0.0181  0.0181  0.0181  0.0181  0.0181
  0.0184  0.0183  0.0182  0.0184  0.0184  0.0181  0.0183  0.0185  0.0183  0.0183  0.0182  0.0182
  0.0190  0.0187  0.0184  0.0192  0.0189  0.0186  0.0187  0.0194  0.0186  0.0188  0.0185  0.0184
  0.0199  0.0194  0.0188  0.0205  0.0197  0.0200  0.0194  0.0207  0.0191  0.0197  0.0189  0.0188
niter,ni,del,rscale     3    3    5.0000    0.6000
parameters
    1.5244   30.6080   10.4150   -4.1149  -14.0014   -5.4489
    4.0311    6.5275   -4.3809    3.6653   -4.7991  -11.7690
eta,q 0.98192 10.82209
  0.0193  0.0190  0.0187  0.0196  0.0191  0.0195  0.0190  0.0200  0.0188  0.0193  0.0187  0.0185
  0.0186  0.0185  0.0184  0.0189  0.0186  0.0190  0.0185  0.0190  0.0184  0.0187  0.0183  0.0183
  0.0183  0.0182  0.0182  0.0184  0.0183  0.0185  0.0182  0.0183  0.0182  0.0183  0.0181  0.0181
  0.0181  0.0181  0.0181  0.0181  0.0181  0.0181  0.0181  0.0181  0.0181  0.0181  0.0181  0.0181
  0.0183  0.0182  0.0182  0.0182  0.0182  0.0180  0.0182  0.0183  0.0182  0.0182  0.0182  0.0182
  0.0186  0.0185  0.0184  0.0187  0.0186  0.0185  0.0185  0.0189  0.0184  0.0186  0.0184  0.0183
  0.0192  0.0190  0.0187  0.0196  0.0192  0.0195  0.0190  0.0200  0.0188  0.0193  0.0187  0.0186
niter,ni,del,rscale     2    3    5.0000    0.5000
parameters
    1.5173   30.6037   10.4347   -4.0649  -14.0400   -5.2507
    4.0077    6.5361   -4.3633    3.6560   -4.8076  -11.8432
eta,q 0.98194 10.82488
  0.0189  0.0187  0.0185  0.0191  0.0188  0.0192  0.0187  0.0194  0.0186  0.0189  0.0185  0.0184
  0.0184  0.0184  0.0183  0.0187  0.0184  0.0187  0.0183  0.0187  0.0183  0.0185  0.0182  0.0182
  0.0182  0.0182  0.0181  0.0183  0.0182  0.0183  0.0181  0.0182  0.0181  0.0182  0.0181  0.0181
  0.0181  0.0181  0.0181  0.0181  0.0181  0.0181  0.0181  0.0181  0.0181  0.0181  0.0181  0.0181
  0.0182  0.0182  0.0181  0.0182  0.0182  0.0180  0.0181  0.0182  0.0181  0.0182  0.0181  0.0181
  0.0184  0.0184  0.0183  0.0185  0.0184  0.0184  0.0183  0.0187  0.0183  0.0185  0.0183  0.0182
  0.0189  0.0187  0.0185  0.0192  0.0188  0.0191  0.0187  0.0194  0.0186  0.0190  0.0185  0.0184
niter,ni,del,rscale     1    3    5.0000    0.4000
parameters
    1.5104   30.5994   10.4607   -4.0375  -14.0784   -5.0650
    3.9878    6.5360   -4.3528    3.6412   -4.8123  -11.9236
eta,q 0.98197 10.82700
  0.0186  0.0185  0.0184  0.0188  0.0185  0.0188  0.0184  0.0189  0.0184  0.0186  0.0183  0.0183
  0.0183  0.0182  0.0182  0.0184  0.0183  0.0185  0.0182  0.0184  0.0182  0.0183  0.0182  0.0181
  0.0181  0.0181  0.0181  0.0182  0.0181  0.0182  0.0181  0.0181  0.0181  0.0181  0.0181  0.0181
  0.0181  0.0181  0.0181  0.0181  0.0181  0.0181  0.0180  0.0180  0.0180  0.0180  0.0180  0.0180
  0.0181  0.0181  0.0181  0.0181  0.0181  0.0180  0.0181  0.0181  0.0181  0.0181  0.0181  0.0181
  0.0183  0.0182  0.0182  0.0183  0.0183  0.0182  0.0182  0.0184  0.0182  0.0183  0.0182  0.0182
  0.0186  0.0185  0.0183  0.0188  0.0185  0.0187  0.0185  0.0189  0.0184  0.0186  0.0183  0.0183
registration optimization eta report
parameter search radius
    0.8000    0.8000    0.8000    2.4000    2.4000    2.4000
    2.4000    2.4000    2.4000    2.4000    2.4000    2.4000
100000*second partial in parameter space
       80.       62.       44.       12.        8.       13.
        7.       16.        6.       10.        5.        4.
  0.0186  0.0185  0.0184  0.0188  0.0185  0.0188  0.0184  0.0189  0.0184  0.0186  0.0183  0.0183
  0.0183  0.0182  0.0182  0.0184  0.0183  0.0185  0.0182  0.0184  0.0182  0.0183  0.0182  0.0181
  0.0181  0.0181  0.0181  0.0182  0.0181  0.0182  0.0181  0.0181  0.0181  0.0181  0.0181  0.0181
  0.0181  0.0181  0.0181  0.0181  0.0181  0.0181  0.0180  0.0180  0.0180  0.0180  0.0180  0.0180
  0.0181  0.0181  0.0181  0.0181  0.0181  0.0180  0.0181  0.0181  0.0181  0.0181  0.0181  0.0181
  0.0183  0.0182  0.0182  0.0183  0.0183  0.0182  0.0182  0.0184  0.0182  0.0183  0.0182  0.0182
  0.0186  0.0185  0.0183  0.0188  0.0185  0.0187  0.0185  0.0189  0.0184  0.0186  0.0183  0.0183
    1.5104   30.5994   10.4607   -4.0375  -14.0784   -5.0650
    3.9878    6.5360   -4.3528    3.6412   -4.8123  -11.9236
eta,q 0.98197 10.82700

---------------------------------------------------------------------
imgreg_4dfp /opt/freesurfer/average/711-2C_as_mni_average_305 /opt/freesurfer/average/711-2B_as_mni_average_305_mask talsrcimg_g11 none talsrcimg_to_711-2C_as_mni_average_305_t4 2311
---------------------------------------------------------------------

freesurfer imgreg_4dfp.c
/opt/freesurfer/average/711-2C_as_mni_average_305.4dfp.img
       256       256       256         1
  1.000000  1.000000  1.000000
orientation T byte_order littleendian
Reading image: /opt/freesurfer/average/711-2C_as_mni_average_305.4dfp.img
dimensions:      256       256       256
mmppix:       1.0000   -1.0000   -1.0000
center:     128.0000 -129.0000 -129.0000
/opt/freesurfer/average/711-2B_as_mni_average_305_mask.4dfp.img
       256       256       256         1
  1.000000  1.000000  1.000000
orientation T byte_order littleendian
Reading mask: /opt/freesurfer/average/711-2B_as_mni_average_305_mask.4dfp.img (2306576 pixels)
talsrcimg_g11.4dfp.img
       256       256       256         1
  1.000000  1.000000  1.000000
orientation T byte_order littleendian
Reading image: talsrcimg_g11.4dfp.img
dimensions:      256       256       256
mmppix:       1.0000   -1.0000   -1.0000
center:     128.0000 -129.0000 -129.0000
fimgreg.f
image alignment mode   2311 decimal      907 hex
parameters
    1.5104   30.5994   10.4607   -4.0375  -14.0784   -5.0650
    3.9878    6.5360   -4.3528    3.6412   -4.8123  -11.9236
eta,q 0.98197 10.82700
niter,ni,del,rscale     5    3    5.0000    0.8000
parameters
    1.4993   30.6310   10.5063   -4.4483  -14.1369   -5.6069
    4.0752    6.4671   -4.4020    3.7288   -4.8976  -11.6029
eta,q 0.98183 10.81144
  0.0200  0.0197  0.0192  0.0200  0.0197  0.0199  0.0198  0.0211  0.0194  0.0202  0.0191  0.0191
  0.0189  0.0188  0.0186  0.0191  0.0189  0.0192  0.0189  0.0195  0.0187  0.0192  0.0186  0.0186
  0.0183  0.0182  0.0182  0.0184  0.0183  0.0185  0.0184  0.0185  0.0183  0.0185  0.0183  0.0183
  0.0180  0.0180  0.0180  0.0180  0.0181  0.0181  0.0182  0.0182  0.0182  0.0182  0.0182  0.0182
  0.0183  0.0182  0.0182  0.0184  0.0183  0.0183  0.0183  0.0186  0.0183  0.0183  0.0183  0.0182
  0.0190  0.0187  0.0185  0.0194  0.0189  0.0195  0.0188  0.0196  0.0188  0.0190  0.0186  0.0185
  0.0201  0.0195  0.0191  0.0212  0.0199  0.0217  0.0197  0.0213  0.0195  0.0201  0.0191  0.0189
niter,ni,del,rscale     4    3    5.0000    0.7000
parameters
    1.5429   30.6143   10.4330   -4.2366  -14.0215   -5.6397
    4.0685    6.5409   -4.3658    3.6679   -4.8729  -11.6314
eta,q 0.98186 10.81645
  0.0197  0.0193  0.0189  0.0201  0.0195  0.0198  0.0193  0.0207  0.0191  0.0197  0.0189  0.0188
  0.0189  0.0187  0.0185  0.0193  0.0188  0.0192  0.0187  0.0193  0.0186  0.0189  0.0185  0.0184
  0.0184  0.0183  0.0182  0.0186  0.0183  0.0186  0.0183  0.0185  0.0183  0.0183  0.0182  0.0182
  0.0182  0.0182  0.0182  0.0182  0.0181  0.0181  0.0181  0.0181  0.0181  0.0181  0.0181  0.0181
  0.0183  0.0183  0.0183  0.0182  0.0182  0.0181  0.0183  0.0184  0.0182  0.0183  0.0182  0.0182
  0.0188  0.0187  0.0186  0.0188  0.0187  0.0188  0.0187  0.0192  0.0186  0.0189  0.0185  0.0184
  0.0196  0.0194  0.0190  0.0199  0.0194  0.0203  0.0194  0.0205  0.0191  0.0198  0.0189  0.0188
niter,ni,del,rscale     3    3    5.0000    0.6000
parameters
    1.5340   30.6036   10.4218   -4.1164  -14.0004   -5.4614
    4.0249    6.5513   -4.3597    3.6508   -4.8291  -11.7467
eta,q 0.98191 10.82186
  0.0192  0.0190  0.0187  0.0196  0.0191  0.0195  0.0190  0.0200  0.0188  0.0193  0.0187  0.0185
  0.0186  0.0185  0.0184  0.0189  0.0186  0.0190  0.0185  0.0190  0.0184  0.0187  0.0184  0.0183
  0.0183  0.0182  0.0182  0.0184  0.0183  0.0185  0.0182  0.0183  0.0182  0.0183  0.0182  0.0181
  0.0181  0.0181  0.0181  0.0181  0.0181  0.0181  0.0181  0.0181  0.0181  0.0181  0.0181  0.0181
  0.0183  0.0183  0.0182  0.0182  0.0182  0.0181  0.0182  0.0183  0.0182  0.0182  0.0182  0.0182
  0.0186  0.0186  0.0184  0.0187  0.0186  0.0185  0.0185  0.0189  0.0184  0.0186  0.0183  0.0183
  0.0193  0.0190  0.0187  0.0196  0.0191  0.0195  0.0190  0.0200  0.0188  0.0194  0.0187  0.0186
niter,ni,del,rscale     2    3    5.0000    0.5000
parameters
    1.5210   30.6029   10.4333   -4.0617  -14.0365   -5.2542
    4.0029    6.5431   -4.3635    3.6433   -4.8184  -11.8353
eta,q 0.98194 10.82486
  0.0189  0.0187  0.0185  0.0191  0.0188  0.0192  0.0187  0.0194  0.0186  0.0189  0.0185  0.0184
  0.0184  0.0184  0.0183  0.0187  0.0184  0.0187  0.0183  0.0187  0.0183  0.0185  0.0183  0.0182
  0.0182  0.0182  0.0181  0.0183  0.0182  0.0183  0.0181  0.0182  0.0181  0.0182  0.0181  0.0181
  0.0181  0.0181  0.0181  0.0181  0.0181  0.0181  0.0181  0.0181  0.0181  0.0181  0.0181  0.0181
  0.0182  0.0182  0.0181  0.0182  0.0182  0.0180  0.0181  0.0182  0.0181  0.0182  0.0181  0.0181
  0.0185  0.0184  0.0183  0.0185  0.0184  0.0184  0.0183  0.0187  0.0183  0.0185  0.0183  0.0182
  0.0189  0.0187  0.0185  0.0192  0.0188  0.0191  0.0187  0.0194  0.0186  0.0190  0.0185  0.0184
niter,ni,del,rscale     1    3    5.0000    0.4000
parameters
    1.5105   30.5997   10.4596   -4.0336  -14.0797   -5.0649
    3.9855    6.5400   -4.3497    3.6418   -4.8138  -11.9106
eta,q 0.98197 10.82699
  0.0186  0.0185  0.0184  0.0188  0.0185  0.0188  0.0184  0.0189  0.0184  0.0186  0.0183  0.0183
  0.0183  0.0182  0.0182  0.0184  0.0183  0.0185  0.0182  0.0184  0.0182  0.0183  0.0182  0.0181
  0.0181  0.0181  0.0181  0.0182  0.0181  0.0182  0.0181  0.0181  0.0181  0.0181  0.0181  0.0181
  0.0181  0.0181  0.0181  0.0181  0.0181  0.0181  0.0180  0.0180  0.0180  0.0180  0.0180  0.0180
  0.0181  0.0181  0.0181  0.0181  0.0181  0.0180  0.0181  0.0181  0.0181  0.0181  0.0181  0.0181
  0.0183  0.0182  0.0182  0.0183  0.0183  0.0182  0.0182  0.0184  0.0182  0.0183  0.0182  0.0182
  0.0186  0.0185  0.0183  0.0188  0.0185  0.0187  0.0185  0.0189  0.0184  0.0186  0.0183  0.0183
registration optimization eta report
parameter search radius
    0.8000    0.8000    0.8000    2.4000    2.4000    2.4000
    2.4000    2.4000    2.4000    2.4000    2.4000    2.4000
100000*second partial in parameter space
       80.       63.       44.       12.        8.       12.
        7.       16.        6.       10.        5.        4.
  0.0186  0.0185  0.0184  0.0188  0.0185  0.0188  0.0184  0.0189  0.0184  0.0186  0.0183  0.0183
  0.0183  0.0182  0.0182  0.0184  0.0183  0.0185  0.0182  0.0184  0.0182  0.0183  0.0182  0.0181
  0.0181  0.0181  0.0181  0.0182  0.0181  0.0182  0.0181  0.0181  0.0181  0.0181  0.0181  0.0181
  0.0181  0.0181  0.0181  0.0181  0.0181  0.0181  0.0180  0.0180  0.0180  0.0180  0.0180  0.0180
  0.0181  0.0181  0.0181  0.0181  0.0181  0.0180  0.0181  0.0181  0.0181  0.0181  0.0181  0.0181
  0.0183  0.0182  0.0182  0.0183  0.0183  0.0182  0.0182  0.0184  0.0182  0.0183  0.0182  0.0182
  0.0186  0.0185  0.0183  0.0188  0.0185  0.0187  0.0185  0.0189  0.0184  0.0186  0.0183  0.0183
    1.5105   30.5997   10.4596   -4.0336  -14.0797   -5.0649
    3.9855    6.5400   -4.3497    3.6418   -4.8138  -11.9106
eta,q 0.98197 10.82699

---------------------------------------------------------------------
compute_vox2vox talsrcimg talsrcimg_to_711-2C_as_mni_average_305_t4 /opt/freesurfer/average/711-2C_as_mni_average_305
---------------------------------------------------------------------

freesurfer compute_vox2vox.c
Reading: talsrcimg.4dfp.ifh
Reading: talsrcimg_to_711-2C_as_mni_average_305_t4
Reading: /opt/freesurfer/average/711-2C_as_mni_average_305.4dfp.ifh
Writing: talsrcimg_to_711-2C_as_mni_average_305_t4_vox2vox.txt

start time Wed Mar 11 14:02:47 CET 2026
end		time Wed Mar 11 14:04:12 CET 2026

mpr2mni305 success

avi2talxfm orig_nu.mgz /opt/freesurfer/average/mni305.cor.mgz talsrcimg_to_711-2C_as_mni_average_305_t4_vox2vox.txt transforms/talairach.auto.xfm
avi2talxfm done
mv -f /out/sourcedata/freesurfer/sub-v2s18x29510_ses-1/mri/talsrcimg_to_711-2C_as_mni_average_305_t4_vox2vox.txt /out/sourcedata/freesurfer/sub-v2s18x29510_ses-1/mri/transforms/talsrcimg_to_711-2C_as_mni_average_305_t4_vox2vox.txt
lta_convert --src orig_nu.mgz --trg /opt/freesurfer/average/mni305.cor.mgz --inxfm transforms/talairach.auto.xfm --outlta transforms/talairach.auto.xfm.lta --subject fsaverage
7.3.2

--src: orig_nu.mgz src image (geometry).
--trg: /opt/freesurfer/average/mni305.cor.mgz trg image (geometry).
--inmni: transforms/talairach.auto.xfm input MNI/XFM transform.
--outlta: transforms/talairach.auto.xfm.lta output LTA.
--s: fsaverage subject name
 LTA read, type : 1
 1.03595  -0.06916  -0.05764   2.59715;
 0.05880   1.04385   0.14198  -35.12031;
 0.04995  -0.04775   1.15493  -21.77580;
 0.00000   0.00000   0.00000   1.00000;
setting subject to fsaverage
Writing  LTA to file transforms/talairach.auto.xfm.lta...
lta_convert successful.
 
 
Started at Wed Mar 11 14:02:47 CET 2026
Ended   at Wed Mar 11 14:04:13 CET 2026
talairach_avi done
