status file for recon-all
Wed Mar 11 14:39:56 CET 2026
#@# MotionCor Wed Mar 11 14:40:02 CET 2026
#@# Talairach Wed Mar 11 14:40:21 CET 2026
#@# Talairach Failure Detection Wed Mar 11 14:44:49 CET 2026
#@# Nu Intensity Correction Wed Mar 11 14:44:49 CET 2026
#@# Intensity Normalization Wed Mar 11 14:48:03 CET 2026
recon-all -s sub-v2s18x29522_ses-1 finished without error at Wed Mar 11 14:49:28 CET 2026



#New# invocation of recon-all 



status file for recon-all
Wed Mar 11 15:00:21 CET 2026
#@# EM Registration Wed Mar 11 15:00:21 CET 2026
recon-all -s sub-v2s18x29522_ses-1 finished without error at Wed Mar 11 15:01:47 CET 2026



#New# invocation of recon-all 



status file for recon-all
Wed Mar 11 15:01:49 CET 2026
#@# CA Normalize Wed Mar 11 15:01:49 CET 2026
#@# CA Reg Wed Mar 11 15:03:07 CET 2026
#@# SubCort Seg Wed Mar 11 15:48:48 CET 2026
#@# CC Seg Wed Mar 11 16:16:44 CET 2026
#@# Merge ASeg Wed Mar 11 16:17:26 CET 2026
#@# Intensity Normalization2 Wed Mar 11 16:17:26 CET 2026
#@# Mask BFS Wed Mar 11 16:19:34 CET 2026
#@# WM Segmentation Wed Mar 11 16:19:35 CET 2026
#@# Fill Wed Mar 11 16:21:25 CET 2026
recon-all -s sub-v2s18x29522_ses-1 finished without error at Wed Mar 11 16:22:29 CET 2026



#New# invocation of recon-all 



status file for recon-all
Wed Mar 11 17:04:25 CET 2026
#@# white curv lh Wed Mar 11 17:04:25 CET 2026
#@# white area lh Wed Mar 11 17:04:25 CET 2026
#@# pial curv lh Wed Mar 11 17:04:25 CET 2026
#@# pial area lh Wed Mar 11 17:04:25 CET 2026
#@# thickness lh Wed Mar 11 17:04:25 CET 2026
#@# area and vertex vol lh Wed Mar 11 17:04:25 CET 2026
#@# white curv rh Wed Mar 11 17:04:25 CET 2026
#@# white area rh Wed Mar 11 17:04:25 CET 2026
#@# pial curv rh Wed Mar 11 17:04:25 CET 2026
#@# pial area rh Wed Mar 11 17:04:25 CET 2026
#@# thickness rh Wed Mar 11 17:04:25 CET 2026
#@# area and vertex vol rh Wed Mar 11 17:04:25 CET 2026
#@# Cortical ribbon mask Wed Mar 11 17:04:25 CET 2026
recon-all -s sub-v2s18x29522_ses-1 finished without error at Wed Mar 11 17:07:50 CET 2026



#New# invocation of recon-all 



status file for recon-all
Wed Mar 11 17:13:43 CET 2026
#@# white curv lh Wed Mar 11 17:13:43 CET 2026
#@# white area lh Wed Mar 11 17:13:43 CET 2026
#@# pial curv lh Wed Mar 11 17:13:43 CET 2026
#@# pial area lh Wed Mar 11 17:13:43 CET 2026
#@# thickness lh Wed Mar 11 17:13:43 CET 2026
#@# area and vertex vol lh Wed Mar 11 17:13:43 CET 2026
#@# white curv rh Wed Mar 11 17:13:43 CET 2026
#@# white area rh Wed Mar 11 17:13:43 CET 2026
#@# pial curv rh Wed Mar 11 17:13:43 CET 2026
#@# pial area rh Wed Mar 11 17:13:43 CET 2026
#@# thickness rh Wed Mar 11 17:13:43 CET 2026
#@# area and vertex vol rh Wed Mar 11 17:13:43 CET 2026
#@# Curvature Stats lh Wed Mar 11 17:13:43 CET 2026
#@# Curvature Stats rh Wed Mar 11 17:13:45 CET 2026
#@# Relabel Hypointensities Wed Mar 11 17:13:47 CET 2026
#@# APas-to-ASeg Wed Mar 11 17:14:02 CET 2026
#@# AParc-to-ASeg aparc Wed Mar 11 17:14:09 CET 2026
#@# AParc-to-ASeg aparc.a2009s Wed Mar 11 17:14:32 CET 2026
#@# AParc-to-ASeg aparc.DKTatlas Wed Mar 11 17:14:56 CET 2026
#@# WMParc Wed Mar 11 17:15:20 CET 2026
#@# ASeg Stats Wed Mar 11 17:19:00 CET 2026
recon-all -s sub-v2s18x29522_ses-1 finished without error at Wed Mar 11 17:19:32 CET 2026
