status file for recon-all
Wed Mar 11 16:22:33 CET 2026
#@# Tessellate lh Wed Mar 11 16:22:33 CET 2026
#@# Smooth1 lh Wed Mar 11 16:22:37 CET 2026
#@# Inflation1 lh Wed Mar 11 16:22:39 CET 2026
#@# QSphere lh Wed Mar 11 16:22:49 CET 2026
#@# Fix Topology lh Wed Mar 11 16:23:52 CET 2026
#@# Smooth2 lh Wed Mar 11 16:34:00 CET 2026
#@# Inflation2 lh Wed Mar 11 16:34:03 CET 2026
#@# Curv .H and .K lh Wed Mar 11 16:34:14 CET 2026
#@# Sphere lh Wed Mar 11 16:34:59 CET 2026
#@# Surf Reg lh Wed Mar 11 16:36:45 CET 2026
#@# Jacobian white lh Wed Mar 11 16:39:15 CET 2026
#@# AvgCurv lh Wed Mar 11 16:39:16 CET 2026
#@# Cortical Parc lh Wed Mar 11 16:39:16 CET 2026
#@# white curv lh Wed Mar 11 16:44:40 CET 2026
#@# white area lh Wed Mar 11 16:44:42 CET 2026
#@# pial curv lh Wed Mar 11 16:44:43 CET 2026
#@# pial area lh Wed Mar 11 16:44:44 CET 2026
#@# thickness lh Wed Mar 11 16:44:45 CET 2026
#@# area and vertex vol lh Wed Mar 11 16:45:13 CET 2026
#@# Curvature Stats lh Wed Mar 11 16:45:14 CET 2026
#@# Cortical Parc 2 lh Wed Mar 11 16:45:16 CET 2026
#@# Cortical Parc 3 lh Wed Mar 11 16:45:29 CET 2026
#@# WM/GM Contrast lh Wed Mar 11 16:45:39 CET 2026
recon-all -s sub-v2s18x29522_ses-1 finished without error at Wed Mar 11 16:45:44 CET 2026



#New# invocation of recon-all 



status file for recon-all
Wed Mar 11 17:07:55 CET 2026
#@# white curv lh Wed Mar 11 17:07:56 CET 2026
#@# white area lh Wed Mar 11 17:07:56 CET 2026
#@# pial curv lh Wed Mar 11 17:07:56 CET 2026
#@# pial area lh Wed Mar 11 17:07:56 CET 2026
#@# thickness lh Wed Mar 11 17:07:56 CET 2026
#@# area and vertex vol lh Wed Mar 11 17:07:56 CET 2026
#@# Parcellation Stats lh Wed Mar 11 17:07:56 CET 2026
#@# Parcellation Stats 2 lh Wed Mar 11 17:08:12 CET 2026
#@# Parcellation Stats 3 lh Wed Mar 11 17:08:21 CET 2026
#@# BA_exvivo Labels lh Wed Mar 11 17:08:29 CET 2026
recon-all -s sub-v2s18x29522_ses-1 finished without error at Wed Mar 11 17:10:48 CET 2026
