status file for recon-all
Wed Mar 11 16:45:45 CET 2026
#@# Tessellate rh Wed Mar 11 16:45:45 CET 2026
#@# Smooth1 rh Wed Mar 11 16:45:49 CET 2026
#@# Inflation1 rh Wed Mar 11 16:45:51 CET 2026
#@# QSphere rh Wed Mar 11 16:46:01 CET 2026
#@# Fix Topology rh Wed Mar 11 16:47:05 CET 2026
#@# Smooth2 rh Wed Mar 11 16:52:06 CET 2026
#@# Inflation2 rh Wed Mar 11 16:52:09 CET 2026
#@# Curv .H and .K rh Wed Mar 11 16:52:20 CET 2026
#@# Sphere rh Wed Mar 11 16:53:04 CET 2026
#@# Surf Reg rh Wed Mar 11 16:54:50 CET 2026
#@# Jacobian white rh Wed Mar 11 16:57:39 CET 2026
#@# AvgCurv rh Wed Mar 11 16:57:40 CET 2026
#@# Cortical Parc rh Wed Mar 11 16:57:41 CET 2026
#@# white curv rh Wed Mar 11 17:03:17 CET 2026
#@# white area rh Wed Mar 11 17:03:18 CET 2026
#@# pial curv rh Wed Mar 11 17:03:19 CET 2026
#@# pial area rh Wed Mar 11 17:03:20 CET 2026
#@# thickness rh Wed Mar 11 17:03:21 CET 2026
#@# area and vertex vol rh Wed Mar 11 17:03:48 CET 2026
#@# Curvature Stats rh Wed Mar 11 17:03:49 CET 2026
#@# Cortical Parc 2 rh Wed Mar 11 17:03:51 CET 2026
#@# Cortical Parc 3 rh Wed Mar 11 17:04:03 CET 2026
#@# WM/GM Contrast rh Wed Mar 11 17:04:13 CET 2026
recon-all -s sub-v2s18x29522_ses-1 finished without error at Wed Mar 11 17:04:17 CET 2026



#New# invocation of recon-all 



status file for recon-all
Wed Mar 11 17:10:50 CET 2026
#@# white curv rh Wed Mar 11 17:10:50 CET 2026
#@# white area rh Wed Mar 11 17:10:50 CET 2026
#@# pial curv rh Wed Mar 11 17:10:50 CET 2026
#@# pial area rh Wed Mar 11 17:10:50 CET 2026
#@# thickness rh Wed Mar 11 17:10:50 CET 2026
#@# area and vertex vol rh Wed Mar 11 17:10:50 CET 2026
#@# Parcellation Stats rh Wed Mar 11 17:10:50 CET 2026
#@# Parcellation Stats 2 rh Wed Mar 11 17:11:06 CET 2026
#@# Parcellation Stats 3 rh Wed Mar 11 17:11:14 CET 2026
#@# BA_exvivo Labels rh Wed Mar 11 17:11:22 CET 2026
recon-all -s sub-v2s18x29522_ses-1 finished without error at Wed Mar 11 17:13:37 CET 2026
