/out/sourcedata/freesurfer/sub-v2s18x29500_ses-1/mri
/opt/freesurfer/bin/talairach_avi
--i orig_nu.mgz --xfm transforms/talairach.auto.xfm
talairach_avi 7.3.2
Linux dna062 5.14.0-427.37.1.el9_4.x86_64 #1 SMP PREEMPT_DYNAMIC Fri Sep 13 12:41:50 EDT 2024 x86_64 x86_64 x86_64 GNU/Linux
Wed Mar 11 13:24:21 CET 2026
mri_convert orig_nu.mgz talsrcimg.img 
reading from orig_nu.mgz...
TR=0.00, TE=0.00, TI=0.00, flip angle=0.00
i_ras = (-1, 1.04228e-09, 1.86265e-09)
j_ras = (0, 1.16415e-10, -1)
k_ras = (-1.04046e-09, 1, 5.82077e-11)
writing to talsrcimg.img...
Analyze Output Matrix
-1.00000   0.00000  -0.00000   137.37842;
 0.00000   0.00000   1.00000  -90.70010;
 0.00000  -1.00000   0.00000   116.14023;
 0.00000   0.00000   0.00000   1.00000;
--------------------
INFO: set hdr.hist.orient to -1
mpr2mni305 talsrcimg
Wed Mar 11 13:24:22 CET 2026
/opt/freesurfer/bin/mpr2mni305 talsrcimg
mpr2mni305 7.3.2
target=711-2C_as_mni_average_305

---------------------------------------------------------------------
analyzeto4dfp talsrcimg -O0 -y
---------------------------------------------------------------------

freesurfer ifh2hdr.c
Wed Mar 11 13:24:22 2026
Writing: talsrcimg.4dfp.hdr
freesurfer analyzeto4dfp.c
Reading: talsrcimg.hdr
header size 348 bytes
hdr.dime.datatype	offset=70	value=2
hdr.dime.bitpix		offset=72	value=8
hdr.hist.orient		offset=252	value=-1
dimensionality     4
dimensions       256       256       256         1
Reading: talsrcimg.img
Writing: talsrcimg.4dfp.img
Writing: talsrcimg.4dfp.ifh
ifh2hdr talsrcimg -r0to192
ori=2

---------------------------------------------------------------------
gauss_4dfp talsrcimg 1.1
---------------------------------------------------------------------

freesurfer gauss_4dfp.c
Reading: talsrcimg.4dfp.img
Writing: talsrcimg_g11.4dfp.img
image dimensions 256 256 256 padded to 288 288 288
processing volume 1freesurfer ifh2hdr.c
Wed Mar 11 13:24:24 2026
Writing: talsrcimg_g11.4dfp.hdr

Writing: talsrcimg_g11.4dfp.ifh
including: talsrcimg.4dfp.img.rec in talsrcimg_g11.4dfp.img.rec

---------------------------------------------------------------------
imgreg_4dfp /opt/freesurfer/average/711-2C_as_mni_average_305 none talsrcimg_g11 none talsrcimg_to_711-2C_as_mni_average_305_t4 4355
---------------------------------------------------------------------

freesurfer imgreg_4dfp.c
/opt/freesurfer/average/711-2C_as_mni_average_305.4dfp.img
       256       256       256         1
  1.000000  1.000000  1.000000
orientation T byte_order littleendian
Reading image: /opt/freesurfer/average/711-2C_as_mni_average_305.4dfp.img
dimensions:      256       256       256
mmppix:       1.0000   -1.0000   -1.0000
center:     128.0000 -129.0000 -129.0000
talsrcimg_g11.4dfp.img
       256       256       256         1
  1.000000  1.000000  1.000000
orientation T byte_order littleendian
Reading image: talsrcimg_g11.4dfp.img
dimensions:      256       256       256
mmppix:       1.0000   -1.0000   -1.0000
center:     128.0000 -129.0000 -129.0000
t4_read: open error in t4_sub.f l:  41 t4_file(1:l)talsrcimg_to_711-2C_as_mni_average_305_t4 
t4_read: transform initialized to I4
rotation matrix determinant  1.000000
image alignment mode   4355 decimal     1103 hex
   -7.5000  -45.0000  -45.0000 6109.1899   20.2843
    0.0000  -45.0000  -45.0000 6365.1777   20.2767
    7.5000  -45.0000  -45.0000 6108.1450   20.2670
   -7.5000  -37.5000  -45.0000 6693.1724   19.7414
    0.0000  -37.5000  -45.0000 7002.8140   19.7282
    7.5000  -37.5000  -45.0000 6709.9624   19.7251
   -7.5000  -30.0000  -45.0000 7547.7832   19.3393
    0.0000  -30.0000  -45.0000 7921.3130   19.3295
    7.5000  -30.0000  -45.0000 7568.0791   19.3426
   -7.5000  -22.5000  -45.0000 8463.2168   19.1024
    0.0000  -22.5000  -45.0000 8881.6611   19.1007
    7.5000  -22.5000  -45.0000 8481.5625   19.1189
   -7.5000  -15.0000  -45.0000 9408.8643   19.0327
    0.0000  -15.0000  -45.0000 9890.4277   19.0376
    7.5000  -15.0000  -45.0000 9432.7959   19.0491
   -7.5000   -7.5000  -45.000010396.7949   18.9818
    0.0000   -7.5000  -45.000010903.7881   18.9861
    7.5000   -7.5000  -45.000010406.6240   18.9862
   -7.5000    0.0000  -45.000011230.9062   18.9521
    0.0000    0.0000  -45.000011781.6836   18.9490
    7.5000    0.0000  -45.000011245.6768   18.9424
   -7.5000    7.5000  -45.000011163.1152   18.9539
    0.0000    7.5000  -45.000011737.9014   18.9444
    7.5000    7.5000  -45.000011196.1865   18.9440
   -7.5000   15.0000  -45.000011013.5410   18.9784
    0.0000   15.0000  -45.000011579.4600   18.9698
    7.5000   15.0000  -45.000011046.8018   18.9829
   -7.5000   22.5000  -45.000010848.5566   19.0009
    0.0000   22.5000  -45.000011401.7998   18.9996
    7.5000   22.5000  -45.000010869.2949   19.0181
   -7.5000   30.0000  -45.000010559.7305   18.7544
    0.0000   30.0000  -45.000011109.3037   18.7595
    7.5000   30.0000  -45.000010587.4561   18.7712
   -7.5000   37.5000  -45.000010540.6514   18.7275
    0.0000   37.5000  -45.000011092.5166   18.7319
    7.5000   37.5000  -45.000010551.5000   18.7320
   -7.5000   45.0000  -45.000010034.5039   18.2247
    0.0000   45.0000  -45.000010575.9307   18.2218
    7.5000   45.0000  -45.000010058.1943   18.2154
   -7.5000  -45.0000  -37.5000 6426.7065   20.1241
    0.0000  -45.0000  -37.5000 6713.4814   20.1136
    7.5000  -45.0000  -37.5000 6442.1265   20.1050
   -7.5000  -37.5000  -37.5000 7050.9829   19.5810
    0.0000  -37.5000  -37.5000 7365.9243   19.5626
    7.5000  -37.5000  -37.5000 7065.0049   19.5590
   -7.5000  -30.0000  -37.5000 7990.3013   19.1870
    0.0000  -30.0000  -37.5000 8372.3604   19.1696
    7.5000  -30.0000  -37.5000 7999.1162   19.1791
   -7.5000  -22.5000  -37.5000 8981.7559   18.9631
    0.0000  -22.5000  -37.5000 9428.0791   18.9533
    7.5000  -22.5000  -37.5000 8992.4404   18.9676
   -7.5000  -15.0000  -37.5000 9974.0039   18.9023
    0.0000  -15.0000  -37.500010480.1934   18.9006
    7.5000  -15.0000  -37.5000 9995.2910   18.9096
   -7.5000   -7.5000  -37.500010992.4717   18.8503
    0.0000   -7.5000  -37.500011538.8721   18.8514
    7.5000   -7.5000  -37.500011003.8428   18.8510
   -7.5000    0.0000  -37.500011908.7920   18.8108
    0.0000    0.0000  -37.500012459.9541   18.8059
    7.5000    0.0000  -37.500011893.0469   18.8003
   -7.5000    7.5000  -37.500011843.1572   18.8053
    0.0000    7.5000  -37.500012401.3350   18.7913
    7.5000    7.5000  -37.500011825.0986   18.7904
   -7.5000   15.0000  -37.500011683.5264   18.8316
    0.0000   15.0000  -37.500012240.8584   18.8157
    7.5000   15.0000  -37.500011670.8877   18.8253
   -7.5000   22.5000  -37.500011486.9590   18.8628
    0.0000   22.5000  -37.500012050.8359   18.8534
    7.5000   22.5000  -37.500011464.4414   18.8681
   -7.5000   30.0000  -37.500011152.4746   18.6261
    0.0000   30.0000  -37.500011705.1416   18.6247
    7.5000   30.0000  -37.500011141.6465   18.6339
   -7.5000   37.5000  -37.500011093.9619   18.5979
    0.0000   37.5000  -37.500011657.6465   18.5991
    7.5000   37.5000  -37.500011086.6289   18.5987
   -7.5000   45.0000  -37.500010531.8320   18.0888
    0.0000   45.0000  -37.500011108.8037   18.0841
    7.5000   45.0000  -37.500010546.8828   18.0787
   -7.5000  -45.0000  -30.0000 6873.6748   20.9246
    0.0000  -45.0000  -30.0000 7174.0513   20.9130
    7.5000  -45.0000  -30.0000 6876.5503   20.8978
   -7.5000  -37.5000  -30.0000 7562.2969   20.3610
    0.0000  -37.5000  -30.0000 7890.6064   20.3387
    7.5000  -37.5000  -30.0000 7545.7710   20.3307
   -7.5000  -30.0000  -30.0000 8605.1104   19.9493
    0.0000  -30.0000  -30.0000 9005.5977   19.9260
    7.5000  -30.0000  -30.0000 8587.4736   19.9317
   -7.5000  -22.5000  -30.0000 9687.4141   19.7186
    0.0000  -22.5000  -30.000010142.3721   19.7029
    7.5000  -22.5000  -30.0000 9661.7012   19.7128
   -7.5000  -15.0000  -30.000010738.3291   19.6601
    0.0000  -15.0000  -30.000011251.5811   19.6544
    7.5000  -15.0000  -30.000010742.1064   19.6572
   -7.5000   -7.5000  -30.000011813.3613   19.6095
    0.0000   -7.5000  -30.000012371.9580   19.6094
    7.5000   -7.5000  -30.000011798.0508   19.6019
   -7.5000    0.0000  -30.000012821.4395   19.5680
    0.0000    0.0000  -30.000013377.9014   19.5621
    7.5000    0.0000  -30.000012764.1025   19.5504
   -7.5000    7.5000  -30.000012759.0947   19.5578
    0.0000    7.5000  -30.000013332.2178   19.5402
    7.5000    7.5000  -30.000012694.3359   19.5347
   -7.5000   15.0000  -30.000012600.6885   19.5811
    0.0000   15.0000  -30.000013181.0264   19.5594
    7.5000   15.0000  -30.000012514.2295   19.5652
   -7.5000   22.5000  -30.000012346.0410   19.6123
    0.0000   22.5000  -30.000012941.7793   19.5971
    7.5000   22.5000  -30.000012282.5771   19.6073
   -7.5000   30.0000  -30.000011957.4062   19.3745
    0.0000   30.0000  -30.000012544.4453   19.3692
    7.5000   30.0000  -30.000011925.4512   19.3723
   -7.5000   37.5000  -30.000011860.1309   19.3488
    0.0000   37.5000  -30.000012476.8779   19.3488
    7.5000   37.5000  -30.000011855.2080   19.3413
   -7.5000   45.0000  -30.000011260.6758   18.8308
    0.0000   45.0000  -30.000011851.0996   18.8251
    7.5000   45.0000  -30.000011273.5391   18.8139
   -7.5000  -45.0000  -22.5000 7330.5225   21.6663
    0.0000  -45.0000  -22.5000 7650.1743   21.6567
    7.5000  -45.0000  -22.5000 7337.0352   21.6326
   -7.5000  -37.5000  -22.5000 8091.1304   21.0894
    0.0000  -37.5000  -22.5000 8449.4131   21.0693
    7.5000  -37.5000  -22.5000 8073.9478   21.0574
   -7.5000  -30.0000  -22.5000 9215.4883   20.6550
    0.0000  -30.0000  -22.5000 9639.5908   20.6345
    7.5000  -30.0000  -22.5000 9191.0176   20.6401
   -7.5000  -22.5000  -22.500010374.4785   20.4058
    0.0000  -22.5000  -22.500010863.5234   20.3924
    7.5000  -22.5000  -22.500010342.8496   20.4013
   -7.5000  -15.0000  -22.500011518.3555   20.3409
    0.0000  -15.0000  -22.500012041.3271   20.3374
    7.5000  -15.0000  -22.500011488.6191   20.3352
   -7.5000   -7.5000  -22.500012674.8936   20.2945
    0.0000   -7.5000  -22.500013239.3203   20.2962
    7.5000   -7.5000  -22.500012610.0322   20.2808
   -7.5000    0.0000  -22.500013740.0225   20.2632
    0.0000    0.0000  -22.500014334.4971   20.2585
    7.5000    0.0000  -22.500013674.3076   20.2390
   -7.5000    7.5000  -22.500013696.2275   20.2561
    0.0000    7.5000  -22.500014284.9199   20.2403
    7.5000    7.5000  -22.500013591.8633   20.2308
   -7.5000   15.0000  -22.500013520.6758   20.2727
    0.0000   15.0000  -22.500014137.6621   20.2537
    7.5000   15.0000  -22.500013389.3701   20.2591
   -7.5000   22.5000  -22.500013224.7900   20.2940
    0.0000   22.5000  -22.500013880.9561   20.2811
    7.5000   22.5000  -22.500013139.4941   20.2903
   -7.5000   30.0000  -22.500012823.8281   20.0483
    0.0000   30.0000  -22.500013462.5977   20.0451
    7.5000   30.0000  -22.500012770.2441   20.0433
   -7.5000   37.5000  -22.500012680.1855   20.0277
    0.0000   37.5000  -22.500013344.4551   20.0294
    7.5000   37.5000  -22.500012666.0742   20.0142
   -7.5000   45.0000  -22.500012024.4668   19.5144
    0.0000   45.0000  -22.500012647.5264   19.5099
    7.5000   45.0000  -22.500012037.4014   19.4911
   -7.5000  -45.0000  -15.0000 7793.3413   22.1987
    0.0000  -45.0000  -15.0000 8138.0601   22.1909
    7.5000  -45.0000  -15.0000 7811.6240   22.1627
   -7.5000  -37.5000  -15.0000 8625.9746   21.6128
    0.0000  -37.5000  -15.0000 8999.5508   21.5975
    7.5000  -37.5000  -15.0000 8611.9658   21.5852
   -7.5000  -30.0000  -15.0000 9808.7871   21.1605
    0.0000  -30.0000  -15.000010242.0107   21.1478
    7.5000  -30.0000  -15.0000 9779.3955   21.1577
   -7.5000  -22.5000  -15.000011017.2373   20.8930
    0.0000  -22.5000  -15.000011532.5303   20.8878
    7.5000  -22.5000  -15.000011009.0859   20.9007
   -7.5000  -15.0000  -15.000012247.7148   20.8193
    0.0000  -15.0000  -15.000012809.9160   20.8221
    7.5000  -15.0000  -15.000012247.3320   20.8210
   -7.5000   -7.5000  -15.000013508.3711   20.7769
    0.0000   -7.5000  -15.000014124.9590   20.7810
    7.5000   -7.5000  -15.000013488.6934   20.7635
   -7.5000    0.0000  -15.000014633.5859   20.7571
    0.0000    0.0000  -15.000015311.7422   20.7535
    7.5000    0.0000  -15.000014601.4336   20.7305
   -7.5000    7.5000  -15.000014607.5498   20.7558
    0.0000    7.5000  -15.000015247.1436   20.7442
    7.5000    7.5000  -15.000014501.9453   20.7347
   -7.5000   15.0000  -15.000014405.0498   20.7674
    0.0000   15.0000  -15.000015050.1279   20.7559
    7.5000   15.0000  -15.000014280.1875   20.7656
   -7.5000   22.5000  -15.000014103.6279   20.7774
    0.0000   22.5000  -15.000014774.1006   20.7726
    7.5000   22.5000  -15.000014020.3145   20.7858
   -7.5000   30.0000  -15.000013703.3096   20.5226
    0.0000   30.0000  -15.000014388.0918   20.5257
    7.5000   30.0000  -15.000013649.9453   20.5250
   -7.5000   37.5000  -15.000013537.7432   20.5066
    0.0000   37.5000  -15.000014220.1865   20.5107
    7.5000   37.5000  -15.000013517.0146   20.4935
   -7.5000   45.0000  -15.000012814.3604   20.0022
    0.0000   45.0000  -15.000013466.0371   19.9987
    7.5000   45.0000  -15.000012811.8936   19.9766
   -7.5000  -45.0000   -7.5000 8228.5859   22.4432
    0.0000  -45.0000   -7.5000 8606.1846   22.4356
    7.5000  -45.0000   -7.5000 8268.5293   22.4140
   -7.5000  -37.5000   -7.5000 9143.2256   21.8506
    0.0000  -37.5000   -7.5000 9568.6865   21.8378
    7.5000  -37.5000   -7.5000 9160.7705   21.8296
   -7.5000  -30.0000   -7.500010402.4580   21.3970
    0.0000  -30.0000   -7.500010898.8057   21.3890
    7.5000  -30.0000   -7.500010406.1279   21.4033
   -7.5000  -22.5000   -7.500011698.6709   21.1254
    0.0000  -22.5000   -7.500012244.5908   21.1258
    7.5000  -22.5000   -7.500011693.7832   21.1444
   -7.5000  -15.0000   -7.500013004.1904   21.0465
    0.0000  -15.0000   -7.500013609.6904   21.0534
    7.5000  -15.0000   -7.500013007.6611   21.0599
   -7.5000   -7.5000   -7.500014354.0234   21.0000
    0.0000   -7.5000   -7.500015043.0537   21.0054
    7.5000   -7.5000   -7.500014372.7285   20.9958
   -7.5000    0.0000   -7.500015646.9805   20.9801
    0.0000    0.0000   -7.500016369.8379   20.9767
    7.5000    0.0000   -7.500015625.7217   20.9598
   -7.5000    7.5000   -7.500015612.8066   20.9830
    0.0000    7.5000   -7.500016358.4219   20.9738
    7.5000    7.5000   -7.500015572.7617   20.9686
   -7.5000   15.0000   -7.500015354.4199   20.9993
    0.0000   15.0000   -7.500016086.4277   20.9925
    7.5000   15.0000   -7.500015303.8154   21.0066
   -7.5000   22.5000   -7.500015043.3232   21.0066
    0.0000   22.5000   -7.500015739.0420   21.0074
    7.5000   22.5000   -7.500014984.0420   21.0263
   -7.5000   30.0000   -7.500014615.9404   20.7463
    0.0000   30.0000   -7.500015311.6377   20.7534
    7.5000   30.0000   -7.500014580.6553   20.7602
   -7.5000   37.5000   -7.500014457.2686   20.7263
    0.0000   37.5000   -7.500015160.9980   20.7316
    7.5000   37.5000   -7.500014441.9238   20.7222
   -7.5000   45.0000   -7.500013718.5371   20.2208
    0.0000   45.0000   -7.500014388.4180   20.2176
    7.5000   45.0000   -7.500013664.7061   20.2013
   -7.5000  -45.0000    0.0000 8636.7412   22.4614
    0.0000  -45.0000    0.0000 9020.4502   22.4525
    7.5000  -45.0000    0.0000 8654.1055   22.4411
   -7.5000  -37.5000    0.0000 9631.7168   21.8636
    0.0000  -37.5000    0.000010076.9482   21.8489
    7.5000  -37.5000    0.0000 9627.0537   21.8451
   -7.5000  -30.0000    0.000010942.2227   21.4201
    0.0000  -30.0000    0.000011473.0986   21.4092
    7.5000  -30.0000    0.000010939.9111   21.4235
   -7.5000  -22.5000    0.000012276.9043   21.1587
    0.0000  -22.5000    0.000012884.9062   21.1564
    7.5000  -22.5000    0.000012262.2803   21.1763
   -7.5000  -15.0000    0.000013624.7969   21.0821
    0.0000  -15.0000    0.000014301.3135   21.0868
    7.5000  -15.0000    0.000013587.7324   21.0992
   -7.5000   -7.5000    0.000014987.4248   21.0272
    0.0000   -7.5000    0.000015787.9131   21.0314
    7.5000   -7.5000    0.000014983.2178   21.0310
   -7.5000    0.0000    0.000016481.4590   20.9955
    0.0000    0.0000    0.000017344.4062   20.9918
    7.5000    0.0000    0.000016424.4160   20.9841
   -7.5000    7.5000    0.000016623.4375   20.9972
    0.0000    7.5000    0.000017558.3574   20.9867
    7.5000    7.5000    0.000016603.4375   20.9860
   -7.5000   15.0000    0.000016423.6914   21.0231
    0.0000   15.0000    0.000017286.9395   21.0135
    7.5000   15.0000    0.000016391.0312   21.0279
   -7.5000   22.5000    0.000016017.0088   21.0401
    0.0000   22.5000    0.000016733.8730   21.0382
    7.5000   22.5000    0.000015912.8613   21.0585
   -7.5000   30.0000    0.000015507.8311   20.7821
    0.0000   30.0000    0.000016215.3369   20.7871
    7.5000   30.0000    0.000015373.4297   20.7997
   -7.5000   37.5000    0.000015361.8096   20.7537
    0.0000   37.5000    0.000016121.4922   20.7579
    7.5000   37.5000    0.000015196.8877   20.7576
   -7.5000   45.0000    0.000014569.7754   20.2372
    0.0000   45.0000    0.000015293.9014   20.2337
    7.5000   45.0000    0.000014347.0693   20.2262
   -7.5000  -45.0000    7.5000 8358.9893   22.4528
    0.0000  -45.0000    7.5000 8742.0137   22.4411
    7.5000  -45.0000    7.5000 8325.9688   22.4315
   -7.5000  -37.5000    7.5000 9345.7393   21.8487
    0.0000  -37.5000    7.5000 9816.1699   21.8282
    7.5000  -37.5000    7.5000 9322.1836   21.8239
   -7.5000  -30.0000    7.500010609.5596   21.4102
    0.0000  -30.0000    7.500011188.3115   21.3906
    7.5000  -30.0000    7.500010633.0801   21.4011
   -7.5000  -22.5000    7.500011872.2314   21.1608
    0.0000  -22.5000    7.500012538.3994   21.1497
    7.5000  -22.5000    7.500011911.8359   21.1656
   -7.5000  -15.0000    7.500013149.6465   21.0930
    0.0000  -15.0000    7.500013836.7627   21.0911
    7.5000  -15.0000    7.500013123.4619   21.1010
   -7.5000   -7.5000    7.500014434.4297   21.0354
    0.0000   -7.5000    7.500015226.7891   21.0365
    7.5000   -7.5000    7.500014424.0791   21.0361
   -7.5000    0.0000    7.500015839.4785   20.9916
    0.0000    0.0000    7.500016863.1211   20.9861
    7.5000    0.0000    7.500015801.2695   20.9798
   -7.5000    7.5000    7.500016268.6914   20.9855
    0.0000    7.5000    7.500017509.1270   20.9699
    7.5000    7.5000    7.500016164.8174   20.9687
   -7.5000   15.0000    7.500016403.8086   21.0147
    0.0000   15.0000    7.500017481.0234   20.9969
    7.5000   15.0000    7.500016129.8438   21.0073
   -7.5000   22.5000    7.500016033.7539   21.0423
    0.0000   22.5000    7.500016826.6895   21.0317
    7.5000   22.5000    7.500015615.7598   21.0480
   -7.5000   30.0000    7.500015435.2705   20.7929
    0.0000   30.0000    7.500016141.1465   20.7914
    7.5000   30.0000    7.500015036.3955   20.8016
   -7.5000   37.5000    7.500015126.9629   20.7618
    0.0000   37.5000    7.500015866.9521   20.7630
    7.5000   37.5000    7.500014809.7051   20.7626
   -7.5000   45.0000    7.500014195.5029   20.2335
    0.0000   45.0000    7.500014882.0469   20.2282
    7.5000   45.0000    7.500013918.3311   20.2221
   -7.5000  -45.0000   15.0000 7971.6343   22.4868
    0.0000  -45.0000   15.0000 8353.5107   22.4745
    7.5000  -45.0000   15.0000 7920.8638   22.4583
   -7.5000  -37.5000   15.0000 8914.9033   21.8808
    0.0000  -37.5000   15.0000 9398.8975   21.8570
    7.5000  -37.5000   15.0000 8889.9570   21.8484
   -7.5000  -30.0000   15.000010112.4219   21.4381
    0.0000  -30.0000   15.000010697.7061   21.4132
    7.5000  -30.0000   15.000010139.3242   21.4194
   -7.5000  -22.5000   15.000011317.3545   21.1900
    0.0000  -22.5000   15.000011977.3242   21.1732
    7.5000  -22.5000   15.000011350.7646   21.1839
   -7.5000  -15.0000   15.000012530.8125   21.1270
    0.0000  -15.0000   15.000013247.3496   21.1210
    7.5000  -15.0000   15.000012506.9248   21.1240
   -7.5000   -7.5000   15.000013838.1943   21.0726
    0.0000   -7.5000   15.000014632.5469   21.0726
    7.5000   -7.5000   15.000013767.3926   21.0645
   -7.5000    0.0000   15.000015217.9785   21.0279
    0.0000    0.0000   15.000016201.4609   21.0217
    7.5000    0.0000   15.000015132.7207   21.0092
   -7.5000    7.5000   15.000015526.5527   21.0170
    0.0000    7.5000   15.000016746.0254   20.9982
    7.5000    7.5000   15.000015421.0342   20.9924
   -7.5000   15.0000   15.000015610.8955   21.0421
    0.0000   15.0000   15.000016615.2480   21.0190
    7.5000   15.0000   15.000015313.3135   21.0252
   -7.5000   22.5000   15.000015316.4160   21.0711
    0.0000   22.5000   15.000016125.3779   21.0548
    7.5000   22.5000   15.000014875.0566   21.0659
   -7.5000   30.0000   15.000014754.2812   20.8262
    0.0000   30.0000   15.000015562.8291   20.8206
    7.5000   30.0000   15.000014390.3672   20.8240
   -7.5000   37.5000   15.000014449.6055   20.7985
    0.0000   37.5000   15.000015242.6641   20.7986
    7.5000   37.5000   15.000014198.9639   20.7906
   -7.5000   45.0000   15.000013477.2666   20.2685
    0.0000   45.0000   15.000014182.0469   20.2625
    7.5000   45.0000   15.000013306.7900   20.2505
   -7.5000  -45.0000   22.5000 7480.1924   22.6088
    0.0000  -45.0000   22.5000 7851.9966   22.5987
    7.5000  -45.0000   22.5000 7407.9844   22.5735
   -7.5000  -37.5000   22.5000 8363.3643   22.0080
    0.0000  -37.5000   22.5000 8843.6709   21.9869
    7.5000  -37.5000   22.5000 8338.9023   21.9744
   -7.5000  -30.0000   22.5000 9536.7783   21.5530
    0.0000  -30.0000   22.500010085.1338   21.5314
    7.5000  -30.0000   22.5000 9514.2959   21.5374
   -7.5000  -22.5000   22.500010728.8213   21.2917
    0.0000  -22.5000   22.500011326.7490   21.2777
    7.5000  -22.5000   22.500010690.9541   21.2871
   -7.5000  -15.0000   22.500011877.1475   21.2237
    0.0000  -15.0000   22.500012536.6777   21.2200
    7.5000  -15.0000   22.500011848.6543   21.2179
   -7.5000   -7.5000   22.500013087.5723   21.1750
    0.0000   -7.5000   22.500013797.5439   21.1768
    7.5000   -7.5000   22.500013062.2539   21.1607
   -7.5000    0.0000   22.500014250.8301   21.1421
    0.0000    0.0000   22.500015104.5479   21.1371
    7.5000    0.0000   22.500014288.2529   21.1167
   -7.5000    7.5000   22.500014395.0352   21.1347
    0.0000    7.5000   22.500015292.1172   21.1181
    7.5000    7.5000   22.500014443.2549   21.1081
   -7.5000   15.0000   22.500014329.7861   21.1520
    0.0000   15.0000   22.500015089.7920   21.1320
    7.5000   15.0000   22.500014241.7705   21.1379
   -7.5000   22.5000   22.500014060.5176   21.1712
    0.0000   22.5000   22.500014752.2998   21.1577
    7.5000   22.5000   22.500013930.8486   21.1675
   -7.5000   30.0000   22.500013673.5371   20.9212
    0.0000   30.0000   22.500014406.9570   20.9179
    7.5000   30.0000   22.500013566.5430   20.9162
   -7.5000   37.5000   22.500013506.0029   20.8996
    0.0000   37.5000   22.500014244.5918   20.9014
    7.5000   37.5000   22.500013412.4043   20.8855
   -7.5000   45.0000   22.500012631.1787   20.3785
    0.0000   45.0000   22.500013307.3271   20.3737
    7.5000   45.0000   22.500012583.5596   20.3541
   -7.5000  -45.0000   30.0000 6952.6040   22.9748
    0.0000  -45.0000   30.0000 7320.3721   22.9667
    7.5000  -45.0000   30.0000 6896.5791   22.9363
   -7.5000  -37.5000   30.0000 7780.2646   22.3671
    0.0000  -37.5000   30.0000 8238.5693   22.3511
    7.5000  -37.5000   30.0000 7782.5049   22.3375
   -7.5000  -30.0000   30.0000 8880.5938   21.8951
    0.0000  -30.0000   30.0000 9390.9873   21.8817
    7.5000  -30.0000   30.0000 8884.2344   21.8915
   -7.5000  -22.5000   30.0000 9981.4473   21.6124
    0.0000  -22.5000   30.000010513.2607   21.6069
    7.5000  -22.5000   30.0000 9994.0664   21.6199
   -7.5000  -15.0000   30.000011053.0938   21.5349
    0.0000  -15.0000   30.000011622.5449   21.5378
    7.5000  -15.0000   30.000011109.7773   21.5360
   -7.5000   -7.5000   30.000012132.0332   21.4906
    0.0000   -7.5000   30.000012771.3057   21.4949
    7.5000   -7.5000   30.000012242.5049   21.4759
   -7.5000    0.0000   30.000013183.9189   21.4701
    0.0000    0.0000   30.000013918.3330   21.4663
    7.5000    0.0000   30.000013358.5684   21.4414
   -7.5000    7.5000   30.000013272.4092   21.4687
    0.0000    7.5000   30.000013996.1230   21.4564
    7.5000    7.5000   30.000013419.5908   21.4456
   -7.5000   15.0000   30.000013144.1982   21.4802
    0.0000   15.0000   30.000013795.5840   21.4680
    7.5000   15.0000   30.000013212.8623   21.4777
   -7.5000   22.5000   30.000012881.0605   21.4883
    0.0000   22.5000   30.000013527.0117   21.4832
    7.5000   22.5000   30.000012944.6680   21.4966
   -7.5000   30.0000   30.000012574.0645   21.2275
    0.0000   30.0000   30.000013229.1455   21.2306
    7.5000   30.0000   30.000012629.6650   21.2293
   -7.5000   37.5000   30.000012547.2051   21.2109
    0.0000   37.5000   30.000013162.0137   21.2153
    7.5000   37.5000   30.000012569.0557   21.1966
   -7.5000   45.0000   30.000011791.8477   20.6947
    0.0000   45.0000   30.000012366.2666   20.6911
    7.5000   45.0000   30.000011808.1914   20.6671
   -7.5000  -45.0000   37.5000 6644.5776   23.3646
    0.0000  -45.0000   37.5000 7026.6157   23.3570
    7.5000  -45.0000   37.5000 6659.4009   23.3329
   -7.5000  -37.5000   37.5000 7433.4858   22.7419
    0.0000  -37.5000   37.5000 7879.8501   22.7284
    7.5000  -37.5000   37.5000 7485.3052   22.7188
   -7.5000  -30.0000   37.5000 8491.1240   22.2628
    0.0000  -30.0000   37.5000 8949.8799   22.2542
    7.5000  -30.0000   37.5000 8554.6699   22.2685
   -7.5000  -22.5000   37.5000 9528.3467   21.9697
    0.0000  -22.5000   37.5000 9998.8877   21.9699
    7.5000  -22.5000   37.5000 9616.9668   21.9888
   -7.5000  -15.0000   37.500010547.9922   21.8857
    0.0000  -15.0000   37.500011085.8496   21.8930
    7.5000  -15.0000   37.500010720.1836   21.8988
   -7.5000   -7.5000   37.500011588.6855   21.8371
    0.0000   -7.5000   37.500012203.7100   21.8431
    7.5000   -7.5000   37.500011794.1182   21.8317
   -7.5000    0.0000   37.500012635.8486   21.8164
    0.0000    0.0000   37.500013316.4346   21.8131
    7.5000    0.0000   37.500012879.6572   21.7941
   -7.5000    7.5000   37.500012694.5850   21.8184
    0.0000    7.5000   37.500013334.0234   21.8087
    7.5000    7.5000   37.500012891.0967   21.8022
   -7.5000   15.0000   37.500012507.3105   21.8339
    0.0000   15.0000   37.500013103.7666   21.8265
    7.5000   15.0000   37.500012670.8076   21.8408
   -7.5000   22.5000   37.500012268.3379   21.8418
    0.0000   22.5000   37.500012863.0938   21.8425
    7.5000   22.5000   37.500012409.2852   21.8618
   -7.5000   30.0000   37.500011996.0967   21.5730
    0.0000   30.0000   37.500012580.5488   21.5805
    7.5000   30.0000   37.500012107.8936   21.5866
   -7.5000   37.5000   37.500011980.4160   21.5530
    0.0000   37.5000   37.500012564.2266   21.5590
    7.5000   37.5000   37.500012070.3818   21.5477
   -7.5000   45.0000   37.500011324.0605   21.0285
    0.0000   45.0000   37.500011870.2324   21.0254
    7.5000   45.0000   37.500011380.0508   21.0070
   -7.5000  -45.0000   45.0000 6104.3296   23.8204
    0.0000  -45.0000   45.0000 6454.8135   23.8092
    7.5000  -45.0000   45.0000 6142.2725   23.7951
   -7.5000  -37.5000   45.0000 6810.8237   23.1737
    0.0000  -37.5000   45.0000 7194.6001   23.1573
    7.5000  -37.5000   45.0000 6884.5356   23.1517
   -7.5000  -30.0000   45.0000 7778.9834   22.6918
    0.0000  -30.0000   45.0000 8184.6802   22.6802
    7.5000  -30.0000   45.0000 7863.3096   22.6949
   -7.5000  -22.5000   45.0000 8742.0215   22.3962
    0.0000  -22.5000   45.0000 9171.4619   22.3933
    7.5000  -22.5000   45.0000 8845.4736   22.4143
   -7.5000  -15.0000   45.0000 9701.3613   22.3093
    0.0000  -15.0000   45.000010185.0459   22.3129
    7.5000  -15.0000   45.0000 9840.4023   22.3255
   -7.5000   -7.5000   45.000010665.5781   22.2486
    0.0000   -7.5000   45.000011214.4160   22.2511
    7.5000   -7.5000   45.000010835.9131   22.2495
   -7.5000    0.0000   45.000011600.8213   22.2147
    0.0000    0.0000   45.000012202.8613   22.2093
    7.5000    0.0000   45.000011815.2188   22.1993
   -7.5000    7.5000   45.000011630.5137   22.2175
    0.0000    7.5000   45.000012208.8984   22.2057
    7.5000    7.5000   45.000011821.9473   22.2035
   -7.5000   15.0000   45.000011455.5684   22.2452
    0.0000   15.0000   45.000012009.9307   22.2350
    7.5000   15.0000   45.000011613.0664   22.2498
   -7.5000   22.5000   45.000011215.0586   22.2631
    0.0000   22.5000   45.000011762.1211   22.2607
    7.5000   22.5000   45.000011335.5430   22.2821
   -7.5000   30.0000   45.000010953.4248   21.9882
    0.0000   30.0000   45.000011474.6045   21.9920
    7.5000   30.0000   45.000011049.9160   22.0049
   -7.5000   37.5000   45.000010978.1943   21.9572
    0.0000   37.5000   45.000011501.5850   21.9598
    7.5000   37.5000   45.000011071.9775   21.9582
   -7.5000   45.0000   45.000010386.2354   21.4221
    0.0000   45.0000   45.000010913.5410   21.4169
    7.5000   45.0000   45.000010464.0469   21.4072

---------------------------------------------------------------------
imgreg_4dfp /opt/freesurfer/average/711-2C_as_mni_average_305 /opt/freesurfer/average/711-2B_as_mni_average_305_mask talsrcimg_g11 none talsrcimg_to_711-2C_as_mni_average_305_t4 4355
---------------------------------------------------------------------

freesurfer imgreg_4dfp.c
/opt/freesurfer/average/711-2C_as_mni_average_305.4dfp.img
       256       256       256         1
  1.000000  1.000000  1.000000
orientation T byte_order littleendian
Reading image: /opt/freesurfer/average/711-2C_as_mni_average_305.4dfp.img
dimensions:      256       256       256
mmppix:       1.0000   -1.0000   -1.0000
center:     128.0000 -129.0000 -129.0000
/opt/freesurfer/average/711-2B_as_mni_average_305_mask.4dfp.img
       256       256       256         1
  1.000000  1.000000  1.000000
orientation T byte_order littleendian
Reading mask: /opt/freesurfer/average/711-2B_as_mni_average_305_mask.4dfp.img (2306576 pixels)
talsrcimg_g11.4dfp.img
       256       256       256         1
  1.000000  1.000000  1.000000
orientation T byte_order littleendian
Reading image: talsrcimg_g11.4dfp.img
dimensions:      256       256       256
mmppix:       1.0000   -1.0000   -1.0000
center:     128.0000 -129.0000 -129.0000
rotation matrix determinant  1.000000
image alignment mode   4355 decimal     1103 hex
   -7.5000  -37.5000  -45.0000 1901.0396   30.3178
    0.0000  -37.5000  -45.0000 1915.6151   30.1502
    7.5000  -37.5000  -45.0000 1908.8782   30.2293
   -7.5000  -30.0000  -45.0000 2019.7883   26.9416
    0.0000  -30.0000  -45.0000 2033.4979   26.7748
    7.5000  -30.0000  -45.0000 2022.7764   26.7620
   -7.5000  -22.5000  -45.0000 2138.0081   24.1999
    0.0000  -22.5000  -45.0000 2151.0706   24.1511
    7.5000  -22.5000  -45.0000 2136.9150   24.1519
   -7.5000  -15.0000  -45.0000 2238.6572   22.1055
    0.0000  -15.0000  -45.0000 2252.2290   22.0930
    7.5000  -15.0000  -45.0000 2239.1013   22.1101
   -7.5000   -7.5000  -45.0000 2320.0542   20.4598
    0.0000   -7.5000  -45.0000 2329.6670   20.4290
    7.5000   -7.5000  -45.0000 2316.5891   20.4714
   -7.5000    0.0000  -45.0000 2358.5664   19.3051
    0.0000    0.0000  -45.0000 2372.0232   19.2474
    7.5000    0.0000  -45.0000 2355.5049   19.2959
   -7.5000    7.5000  -45.0000 2380.7886   18.6461
    0.0000    7.5000  -45.0000 2399.1995   18.5778
    7.5000    7.5000  -45.0000 2379.6152   18.6491
   -7.5000   15.0000  -45.0000 2390.0317   18.4040
    0.0000   15.0000  -45.0000 2405.9683   18.2874
    7.5000   15.0000  -45.0000 2388.2734   18.3462
   -7.5000   22.5000  -45.0000 2385.0464   18.4187
    0.0000   22.5000  -45.0000 2407.1289   18.3275
    7.5000   22.5000  -45.0000 2391.9255   18.4392
   -7.5000   30.0000  -45.0000 2365.9104   18.7633
    0.0000   30.0000  -45.0000 2387.8550   18.6809
    7.5000   30.0000  -45.0000 2376.7190   18.7580
   -7.5000   37.5000  -45.0000 2333.5061   19.4922
    0.0000   37.5000  -45.0000 2359.2029   19.3826
    7.5000   37.5000  -45.0000 2346.8806   19.4190
   -7.5000   45.0000  -45.0000 2280.0854   20.5290
    0.0000   45.0000  -45.0000 2303.6370   20.4103
    7.5000   45.0000  -45.0000 2293.2974   20.4203
   -7.5000   52.5000  -45.0000 2186.5522   21.8395
    0.0000   52.5000  -45.0000 2206.8433   21.7044
    7.5000   52.5000  -45.0000 2194.8105   21.7458
   -7.5000  -37.5000  -37.5000 1946.2030   28.5413
    0.0000  -37.5000  -37.5000 1959.4497   28.3442
    7.5000  -37.5000  -37.5000 1958.4196   28.3043
   -7.5000  -30.0000  -37.5000 2078.5188   25.3119
    0.0000  -30.0000  -37.5000 2092.1411   25.1327
    7.5000  -30.0000  -37.5000 2085.1370   25.0547
   -7.5000  -22.5000  -37.5000 2206.2446   22.8001
    0.0000  -22.5000  -37.5000 2222.4241   22.6902
    7.5000  -22.5000  -37.5000 2207.4658   22.6233
   -7.5000  -15.0000  -37.5000 2310.2266   20.7599
    0.0000  -15.0000  -37.5000 2326.9412   20.6812
    7.5000  -15.0000  -37.5000 2311.5088   20.6574
   -7.5000   -7.5000  -37.5000 2394.1433   19.1550
    0.0000   -7.5000  -37.5000 2407.1157   19.0781
    7.5000   -7.5000  -37.5000 2390.3706   19.1151
   -7.5000    0.0000  -37.5000 2443.0137   18.0590
    0.0000    0.0000  -37.5000 2455.1177   17.9107
    7.5000    0.0000  -37.5000 2438.8254   17.9810
   -7.5000    7.5000  -37.5000 2467.6902   17.3968
    0.0000    7.5000  -37.5000 2488.5120   17.2802
    7.5000    7.5000  -37.5000 2469.3059   17.3387
   -7.5000   15.0000  -37.5000 2481.5107   17.1214
    0.0000   15.0000  -37.5000 2502.5376   17.0033
    7.5000   15.0000  -37.5000 2488.3967   17.0742
   -7.5000   22.5000  -37.5000 2481.9729   17.1706
    0.0000   22.5000  -37.5000 2507.8013   17.0429
    7.5000   22.5000  -37.5000 2490.0134   17.1178
   -7.5000   30.0000  -37.5000 2462.1030   17.4534
    0.0000   30.0000  -37.5000 2489.3044   17.3678
    7.5000   30.0000  -37.5000 2471.2354   17.4507
   -7.5000   37.5000  -37.5000 2429.5894   18.0856
    0.0000   37.5000  -37.5000 2458.5977   18.0249
    7.5000   37.5000  -37.5000 2441.3525   18.0362
   -7.5000   45.0000  -37.5000 2369.9282   19.0036
    0.0000   45.0000  -37.5000 2398.6484   18.9399
    7.5000   45.0000  -37.5000 2382.6594   18.9445
   -7.5000   52.5000  -37.5000 2273.8577   20.1847
    0.0000   52.5000  -37.5000 2296.5391   20.1076
    7.5000   52.5000  -37.5000 2279.6223   20.0979
   -7.5000  -37.5000  -30.0000 2029.3505   27.8748
    0.0000  -37.5000  -30.0000 2037.7961   27.6959
    7.5000  -37.5000  -30.0000 2034.5592   27.7251
   -7.5000  -30.0000  -30.0000 2176.1877   24.7389
    0.0000  -30.0000  -30.0000 2190.2605   24.5894
    7.5000  -30.0000  -30.0000 2173.8650   24.4988
   -7.5000  -22.5000  -30.0000 2312.3562   22.3014
    0.0000  -22.5000  -30.0000 2326.0078   22.1193
    7.5000  -22.5000  -30.0000 2301.6858   22.0532
   -7.5000  -15.0000  -30.0000 2417.4705   20.2652
    0.0000  -15.0000  -30.0000 2432.8247   20.0864
    7.5000  -15.0000  -30.0000 2412.1274   20.0901
   -7.5000   -7.5000  -30.0000 2499.9690   18.6430
    0.0000   -7.5000  -30.0000 2517.5732   18.4985
    7.5000   -7.5000  -30.0000 2500.9421   18.5148
   -7.5000    0.0000  -30.0000 2564.1064   17.5426
    0.0000    0.0000  -30.0000 2574.1807   17.3088
    7.5000    0.0000  -30.0000 2562.0325   17.3790
   -7.5000    7.5000  -30.0000 2602.4705   16.8268
    0.0000    7.5000  -30.0000 2620.5557   16.6448
    7.5000    7.5000  -30.0000 2606.1089   16.6963
   -7.5000   15.0000  -30.0000 2621.7295   16.5125
    0.0000   15.0000  -30.0000 2643.3950   16.3619
    7.5000   15.0000  -30.0000 2625.0903   16.4022
   -7.5000   22.5000  -30.0000 2622.4751   16.5399
    0.0000   22.5000  -30.0000 2642.1074   16.4035
    7.5000   22.5000  -30.0000 2625.7344   16.4826
   -7.5000   30.0000  -30.0000 2600.0413   16.8297
    0.0000   30.0000  -30.0000 2626.4897   16.7384
    7.5000   30.0000  -30.0000 2609.5383   16.8009
   -7.5000   37.5000  -30.0000 2567.2666   17.4078
    0.0000   37.5000  -30.0000 2598.2764   17.3276
    7.5000   37.5000  -30.0000 2577.5762   17.3549
   -7.5000   45.0000  -30.0000 2502.0334   18.2673
    0.0000   45.0000  -30.0000 2527.5293   18.1946
    7.5000   45.0000  -30.0000 2515.1716   18.2161
   -7.5000   52.5000  -30.0000 2400.8215   19.4129
    0.0000   52.5000  -30.0000 2422.1743   19.3334
    7.5000   52.5000  -30.0000 2407.3281   19.3708
   -7.5000  -37.5000  -22.5000 2086.7183   27.2058
    0.0000  -37.5000  -22.5000 2094.5110   26.9452
    7.5000  -37.5000  -22.5000 2088.9468   27.0224
   -7.5000  -30.0000  -22.5000 2240.1897   24.0747
    0.0000  -30.0000  -22.5000 2251.9016   23.8601
    7.5000  -30.0000  -22.5000 2235.1953   23.8971
   -7.5000  -22.5000  -22.5000 2379.1213   21.6262
    0.0000  -22.5000  -22.5000 2392.0994   21.3901
    7.5000  -22.5000  -22.5000 2367.2441   21.4264
   -7.5000  -15.0000  -22.5000 2487.8879   19.5827
    0.0000  -15.0000  -22.5000 2501.5051   19.3734
    7.5000  -15.0000  -22.5000 2477.5068   19.4455
   -7.5000   -7.5000  -22.5000 2583.1233   17.9723
    0.0000   -7.5000  -22.5000 2595.6182   17.7566
    7.5000   -7.5000  -22.5000 2574.9614   17.7985
   -7.5000    0.0000  -22.5000 2651.5259   16.8590
    0.0000    0.0000  -22.5000 2664.9812   16.6420
    7.5000    0.0000  -22.5000 2655.4934   16.6712
   -7.5000    7.5000  -22.5000 2699.0247   16.1001
    0.0000    7.5000  -22.5000 2717.6604   15.9028
    7.5000    7.5000  -22.5000 2704.5601   15.9496
   -7.5000   15.0000  -22.5000 2727.7634   15.7386
    0.0000   15.0000  -22.5000 2753.5488   15.5730
    7.5000   15.0000  -22.5000 2731.8701   15.6193
   -7.5000   22.5000  -22.5000 2729.9541   15.7244
    0.0000   22.5000  -22.5000 2755.7285   15.6047
    7.5000   22.5000  -22.5000 2740.1807   15.6627
   -7.5000   30.0000  -22.5000 2713.7891   16.0250
    0.0000   30.0000  -22.5000 2738.7102   15.8995
    7.5000   30.0000  -22.5000 2724.5869   16.0026
   -7.5000   37.5000  -22.5000 2678.0530   16.5912
    0.0000   37.5000  -22.5000 2706.8464   16.4618
    7.5000   37.5000  -22.5000 2692.5833   16.5445
   -7.5000   45.0000  -22.5000 2611.5347   17.4431
    0.0000   45.0000  -22.5000 2635.5359   17.2978
    7.5000   45.0000  -22.5000 2627.1208   17.3410
   -7.5000   52.5000  -22.5000 2499.7681   18.5235
    0.0000   52.5000  -22.5000 2519.4482   18.4018
    7.5000   52.5000  -22.5000 2511.5012   18.4675
   -7.5000  -37.5000  -15.0000 2112.9746   26.6684
    0.0000  -37.5000  -15.0000 2124.7336   26.4246
    7.5000  -37.5000  -15.0000 2117.5603   26.6292
   -7.5000  -30.0000  -15.0000 2265.9905   23.5081
    0.0000  -30.0000  -15.0000 2278.3340   23.2424
    7.5000  -30.0000  -15.0000 2260.0437   23.3509
   -7.5000  -22.5000  -15.0000 2396.7261   20.9745
    0.0000  -22.5000  -15.0000 2414.4854   20.7895
    7.5000  -22.5000  -15.0000 2396.8806   20.8486
   -7.5000  -15.0000  -15.0000 2512.0054   18.9673
    0.0000  -15.0000  -15.0000 2525.6184   18.7270
    7.5000  -15.0000  -15.0000 2511.9053   18.8378
   -7.5000   -7.5000  -15.0000 2619.8818   17.3077
    0.0000   -7.5000  -15.0000 2638.8716   17.1138
    7.5000   -7.5000  -15.0000 2624.4180   17.2258
   -7.5000    0.0000  -15.0000 2695.7190   16.1244
    0.0000    0.0000  -15.0000 2720.1646   15.9701
    7.5000    0.0000  -15.0000 2709.9749   16.0293
   -7.5000    7.5000  -15.0000 2756.2358   15.3842
    0.0000    7.5000  -15.0000 2779.3984   15.1955
    7.5000    7.5000  -15.0000 2769.0408   15.2835
   -7.5000   15.0000  -15.0000 2795.3604   14.9571
    0.0000   15.0000  -15.0000 2819.5139   14.7790
    7.5000   15.0000  -15.0000 2804.7402   14.8879
   -7.5000   22.5000  -15.0000 2807.4995   14.9268
    0.0000   22.5000  -15.0000 2834.9897   14.7789
    7.5000   22.5000  -15.0000 2824.9333   14.9109
   -7.5000   30.0000  -15.0000 2792.8342   15.2571
    0.0000   30.0000  -15.0000 2824.3987   15.0955
    7.5000   30.0000  -15.0000 2814.3020   15.2220
   -7.5000   37.5000  -15.0000 2757.8730   15.7993
    0.0000   37.5000  -15.0000 2782.2012   15.6374
    7.5000   37.5000  -15.0000 2774.6475   15.7502
   -7.5000   45.0000  -15.0000 2684.9004   16.6342
    0.0000   45.0000  -15.0000 2708.9197   16.4766
    7.5000   45.0000  -15.0000 2702.0583   16.5958
   -7.5000   52.5000  -15.0000 2567.9563   17.7327
    0.0000   52.5000  -15.0000 2591.5679   17.6090
    7.5000   52.5000  -15.0000 2581.9268   17.7287
   -7.5000  -37.5000   -7.5000 2118.6909   26.2300
    0.0000  -37.5000   -7.5000 2137.8696   26.0504
    7.5000  -37.5000   -7.5000 2130.5256   26.2864
   -7.5000  -30.0000   -7.5000 2268.9231   23.0401
    0.0000  -30.0000   -7.5000 2293.4751   22.7644
    7.5000  -30.0000   -7.5000 2275.5547   22.9916
   -7.5000  -22.5000   -7.5000 2400.3210   20.4978
    0.0000  -22.5000   -7.5000 2425.3003   20.2714
    7.5000  -22.5000   -7.5000 2408.0166   20.4442
   -7.5000  -15.0000   -7.5000 2516.8105   18.4626
    0.0000  -15.0000   -7.5000 2537.7454   18.2290
    7.5000  -15.0000   -7.5000 2525.7378   18.3847
   -7.5000   -7.5000   -7.5000 2630.1672   16.8298
    0.0000   -7.5000   -7.5000 2656.8872   16.6151
    7.5000   -7.5000   -7.5000 2648.8926   16.7591
   -7.5000    0.0000   -7.5000 2726.8235   15.6514
    0.0000    0.0000   -7.5000 2756.2212   15.4295
    7.5000    0.0000   -7.5000 2749.5232   15.5874
   -7.5000    7.5000   -7.5000 2794.5361   14.8461
    0.0000    7.5000   -7.5000 2830.8291   14.6131
    7.5000    7.5000   -7.5000 2822.4929   14.7663
   -7.5000   15.0000   -7.5000 2844.5979   14.3507
    0.0000   15.0000   -7.5000 2878.0166   14.1091
    7.5000   15.0000   -7.5000 2865.3525   14.3443
   -7.5000   22.5000   -7.5000 2868.5271   14.2442
    0.0000   22.5000   -7.5000 2898.3289   14.0224
    7.5000   22.5000   -7.5000 2887.6929   14.2929
   -7.5000   30.0000   -7.5000 2850.5083   14.5900
    0.0000   30.0000   -7.5000 2881.1594   14.3847
    7.5000   30.0000   -7.5000 2879.5437   14.6305
   -7.5000   37.5000   -7.5000 2812.4387   15.1784
    0.0000   37.5000   -7.5000 2839.9141   14.9656
    7.5000   37.5000   -7.5000 2843.7673   15.1775
   -7.5000   45.0000   -7.5000 2737.7349   16.0399
    0.0000   45.0000   -7.5000 2764.4058   15.8344
    7.5000   45.0000   -7.5000 2762.8828   16.0447
   -7.5000   52.5000   -7.5000 2617.0906   17.1443
    0.0000   52.5000   -7.5000 2641.4675   16.9570
    7.5000   52.5000   -7.5000 2636.0938   17.1629
   -7.5000  -37.5000    0.0000 2122.2078   26.1089
    0.0000  -37.5000    0.0000 2138.8875   25.7544
    7.5000  -37.5000    0.0000 2136.3926   26.0811
   -7.5000  -30.0000    0.0000 2261.1133   22.8053
    0.0000  -30.0000    0.0000 2283.2944   22.5124
    7.5000  -30.0000    0.0000 2274.5659   22.7516
   -7.5000  -22.5000    0.0000 2390.1809   20.2471
    0.0000  -22.5000    0.0000 2410.1345   19.9906
    7.5000  -22.5000    0.0000 2401.3979   20.1933
   -7.5000  -15.0000    0.0000 2504.5295   18.1838
    0.0000  -15.0000    0.0000 2529.8406   17.9630
    7.5000  -15.0000    0.0000 2517.8599   18.0938
   -7.5000   -7.5000    0.0000 2620.6404   16.5348
    0.0000   -7.5000    0.0000 2655.3486   16.3293
    7.5000   -7.5000    0.0000 2648.7026   16.4754
   -7.5000    0.0000    0.0000 2736.8809   15.3770
    0.0000    0.0000    0.0000 2773.0232   15.1639
    7.5000    0.0000    0.0000 2766.4563   15.2761
   -7.5000    7.5000    0.0000 2823.2217   14.6620
    0.0000    7.5000    0.0000 2863.4231   14.3988
    7.5000    7.5000    0.0000 2859.0110   14.5435
   -7.5000   15.0000    0.0000 2887.8271   14.2123
    0.0000   15.0000    0.0000 2926.6792   13.9182
    7.5000   15.0000    0.0000 2914.1042   14.1883
   -7.5000   22.5000    0.0000 2922.0950   13.9823
    0.0000   22.5000    0.0000 2948.0059   13.7033
    7.5000   22.5000    0.0000 2933.8748   14.0380
   -7.5000   30.0000    0.0000 2896.5615   14.2849
    0.0000   30.0000    0.0000 2917.3745   14.0200
    7.5000   30.0000    0.0000 2915.3835   14.2776
   -7.5000   37.5000    0.0000 2846.3853   14.8710
    0.0000   37.5000    0.0000 2875.0266   14.5866
    7.5000   37.5000    0.0000 2874.7283   14.7824
   -7.5000   45.0000    0.0000 2772.3022   15.7048
    0.0000   45.0000    0.0000 2796.8267   15.4395
    7.5000   45.0000    0.0000 2792.0745   15.5912
   -7.5000   52.5000    0.0000 2646.4697   16.8097
    0.0000   52.5000    0.0000 2665.4963   16.5829
    7.5000   52.5000    0.0000 2658.1187   16.7168
   -7.5000  -37.5000    7.5000 2114.9978   26.3759
    0.0000  -37.5000    7.5000 2132.7812   26.0993
    7.5000  -37.5000    7.5000 2127.5737   26.2558
   -7.5000  -30.0000    7.5000 2247.6267   22.9142
    0.0000  -30.0000    7.5000 2271.2432   22.7020
    7.5000  -30.0000    7.5000 2263.3442   22.8611
   -7.5000  -22.5000    7.5000 2368.3384   20.2110
    0.0000  -22.5000    7.5000 2395.4280   20.0258
    7.5000  -22.5000    7.5000 2389.7241   20.2078
   -7.5000  -15.0000    7.5000 2482.3618   18.1192
    0.0000  -15.0000    7.5000 2509.5571   17.8984
    7.5000  -15.0000    7.5000 2504.6274   18.0698
   -7.5000   -7.5000    7.5000 2604.2085   16.4872
    0.0000   -7.5000    7.5000 2641.4387   16.2982
    7.5000   -7.5000    7.5000 2639.6746   16.4042
   -7.5000    0.0000    7.5000 2724.1421   15.3327
    0.0000    0.0000    7.5000 2765.9263   15.1844
    7.5000    0.0000    7.5000 2764.1306   15.2140
   -7.5000    7.5000    7.5000 2836.8809   14.7136
    0.0000    7.5000    7.5000 2880.3613   14.6073
    7.5000    7.5000    7.5000 2868.2061   14.5259
   -7.5000   15.0000    7.5000 2923.8655   14.4141
    0.0000   15.0000    7.5000 2969.9478   14.3117
    7.5000   15.0000    7.5000 2935.3455   14.2300
   -7.5000   22.5000    7.5000 2959.1560   14.1730
    0.0000   22.5000    7.5000 2996.1504   13.9042
    7.5000   22.5000    7.5000 2959.8416   14.0189
   -7.5000   30.0000    7.5000 2925.4226   14.3109
    0.0000   30.0000    7.5000 2952.9778   13.9942
    7.5000   30.0000    7.5000 2936.3406   14.1600
   -7.5000   37.5000    7.5000 2865.8613   14.7418
    0.0000   37.5000    7.5000 2892.2715   14.4594
    7.5000   37.5000    7.5000 2887.0588   14.6219
   -7.5000   45.0000    7.5000 2783.9204   15.5254
    0.0000   45.0000    7.5000 2802.1250   15.2656
    7.5000   45.0000    7.5000 2800.0171   15.4119
   -7.5000   52.5000    7.5000 2657.2134   16.6401
    0.0000   52.5000    7.5000 2673.1377   16.3850
    7.5000   52.5000    7.5000 2667.8096   16.5222
   -7.5000  -37.5000   15.0000 2088.7290   26.8418
    0.0000  -37.5000   15.0000 2116.0962   26.7273
    7.5000  -37.5000   15.0000 2106.7507   26.8436
   -7.5000  -30.0000   15.0000 2223.5500   23.2090
    0.0000  -30.0000   15.0000 2249.9883   23.0496
    7.5000  -30.0000   15.0000 2244.8643   23.2100
   -7.5000  -22.5000   15.0000 2342.1116   20.4527
    0.0000  -22.5000   15.0000 2370.2271   20.2542
    7.5000  -22.5000   15.0000 2369.8682   20.4527
   -7.5000  -15.0000   15.0000 2452.9878   18.4079
    0.0000  -15.0000   15.0000 2482.7107   18.1676
    7.5000  -15.0000   15.0000 2485.4641   18.2997
   -7.5000   -7.5000   15.0000 2586.5625   16.8311
    0.0000   -7.5000   15.0000 2620.0159   16.6774
    7.5000   -7.5000   15.0000 2619.6536   16.6975
   -7.5000    0.0000   15.0000 2712.6609   15.7072
    0.0000    0.0000   15.0000 2750.5708   15.5928
    7.5000    0.0000   15.0000 2739.7021   15.5332
   -7.5000    7.5000   15.0000 2826.5034   15.0489
    0.0000    7.5000   15.0000 2872.7791   14.9975
    7.5000    7.5000   15.0000 2847.2480   14.8141
   -7.5000   15.0000   15.0000 2910.3062   14.6245
    0.0000   15.0000   15.0000 2964.9731   14.5447
    7.5000   15.0000   15.0000 2922.2581   14.3947
   -7.5000   22.5000   15.0000 2952.9058   14.4648
    0.0000   22.5000   15.0000 2999.5620   14.1298
    7.5000   22.5000   15.0000 2946.3835   14.1563
   -7.5000   30.0000   15.0000 2920.0630   14.5682
    0.0000   30.0000   15.0000 2963.9863   14.2581
    7.5000   30.0000   15.0000 2923.2739   14.3481
   -7.5000   37.5000   15.0000 2858.3777   14.9528
    0.0000   37.5000   15.0000 2886.4617   14.7443
    7.5000   37.5000   15.0000 2870.0613   14.8519
   -7.5000   45.0000   15.0000 2770.7202   15.6937
    0.0000   45.0000   15.0000 2783.3955   15.4731
    7.5000   45.0000   15.0000 2782.1953   15.6059
   -7.5000   52.5000   15.0000 2640.9409   16.7404
    0.0000   52.5000   15.0000 2652.8491   16.5074
    7.5000   52.5000   15.0000 2652.3716   16.6289
   -7.5000  -37.5000   22.5000 2053.8635   27.6728
    0.0000  -37.5000   22.5000 2080.5686   27.5857
    7.5000  -37.5000   22.5000 2073.8457   27.6575
   -7.5000  -30.0000   22.5000 2195.0703   23.9013
    0.0000  -30.0000   22.5000 2217.2812   23.7809
    7.5000  -30.0000   22.5000 2208.8474   23.8989
   -7.5000  -22.5000   22.5000 2325.0952   21.1529
    0.0000  -22.5000   22.5000 2344.7952   20.9561
    7.5000  -22.5000   22.5000 2339.2163   21.0772
   -7.5000  -15.0000   22.5000 2434.9441   19.0825
    0.0000  -15.0000   22.5000 2459.6013   18.8280
    7.5000  -15.0000   22.5000 2460.8975   18.9311
   -7.5000   -7.5000   22.5000 2561.4131   17.4613
    0.0000   -7.5000   22.5000 2592.6279   17.2328
    7.5000   -7.5000   22.5000 2595.4375   17.3092
   -7.5000    0.0000   22.5000 2678.8181   16.2427
    0.0000    0.0000   22.5000 2717.0671   16.0178
    7.5000    0.0000   22.5000 2715.3801   16.0539
   -7.5000    7.5000   22.5000 2790.0823   15.4341
    0.0000    7.5000   22.5000 2830.6602   15.2695
    7.5000    7.5000   22.5000 2825.3975   15.2501
   -7.5000   15.0000   22.5000 2868.3777   14.9520
    0.0000   15.0000   22.5000 2913.7766   14.6770
    7.5000   15.0000   22.5000 2890.8745   14.7274
   -7.5000   22.5000   22.5000 2911.5713   14.7441
    0.0000   22.5000   22.5000 2946.7646   14.3844
    7.5000   22.5000   22.5000 2920.2136   14.5129
   -7.5000   30.0000   22.5000 2890.1113   14.9348
    0.0000   30.0000   22.5000 2929.9407   14.6462
    7.5000   30.0000   22.5000 2903.8628   14.7498
   -7.5000   37.5000   22.5000 2830.7051   15.4234
    0.0000   37.5000   22.5000 2863.0366   15.1922
    7.5000   37.5000   22.5000 2842.2969   15.2908
   -7.5000   45.0000   22.5000 2740.5659   16.1867
    0.0000   45.0000   22.5000 2757.0623   15.9837
    7.5000   45.0000   22.5000 2752.6338   16.0899
   -7.5000   52.5000   22.5000 2608.6843   17.1734
    0.0000   52.5000   22.5000 2623.0488   16.9553
    7.5000   52.5000   22.5000 2619.2507   17.0634
   -7.5000  -37.5000   30.0000 2005.3999   28.7477
    0.0000  -37.5000   30.0000 2030.5969   28.6777
    7.5000  -37.5000   30.0000 2025.5027   28.7868
   -7.5000  -30.0000   30.0000 2157.5227   24.9173
    0.0000  -30.0000   30.0000 2172.9578   24.7326
    7.5000  -30.0000   30.0000 2166.4636   24.9947
   -7.5000  -22.5000   30.0000 2289.6929   21.9979
    0.0000  -22.5000   30.0000 2304.2598   21.7585
    7.5000  -22.5000   30.0000 2299.7908   22.0727
   -7.5000  -15.0000   30.0000 2404.0640   19.8022
    0.0000  -15.0000   30.0000 2426.9233   19.5098
    7.5000  -15.0000   30.0000 2428.3267   19.8219
   -7.5000   -7.5000   30.0000 2528.9751   18.1478
    0.0000   -7.5000   30.0000 2555.2615   17.8329
    7.5000   -7.5000   30.0000 2561.6643   18.0959
   -7.5000    0.0000   30.0000 2643.9536   16.8725
    0.0000    0.0000   30.0000 2671.4229   16.5961
    7.5000    0.0000   30.0000 2679.9717   16.8142
   -7.5000    7.5000   30.0000 2747.0542   16.0414
    0.0000    7.5000   30.0000 2777.2944   15.7541
    7.5000    7.5000   30.0000 2781.4341   15.8996
   -7.5000   15.0000   30.0000 2808.6265   15.5108
    0.0000   15.0000   30.0000 2849.3137   15.1415
    7.5000   15.0000   30.0000 2841.7168   15.3296
   -7.5000   22.5000   30.0000 2842.6899   15.2889
    0.0000   22.5000   30.0000 2877.4111   14.9712
    7.5000   22.5000   30.0000 2868.6982   15.1397
   -7.5000   30.0000   30.0000 2827.1904   15.4452
    0.0000   30.0000   30.0000 2863.1396   15.1978
    7.5000   30.0000   30.0000 2847.7097   15.3591
   -7.5000   37.5000   30.0000 2782.3618   15.9998
    0.0000   37.5000   30.0000 2808.5464   15.7337
    7.5000   37.5000   30.0000 2797.9021   15.8827
   -7.5000   45.0000   30.0000 2694.3059   16.7917
    0.0000   45.0000   30.0000 2711.6924   16.5486
    7.5000   45.0000   30.0000 2706.9182   16.6975
   -7.5000   52.5000   30.0000 2562.4651   17.7967
    0.0000   52.5000   30.0000 2586.8789   17.5895
    7.5000   52.5000   30.0000 2582.9194   17.7046
   -7.5000  -37.5000   37.5000 1952.0095   29.9663
    0.0000  -37.5000   37.5000 1979.9100   29.7391
    7.5000  -37.5000   37.5000 1978.4993   30.2122
   -7.5000  -30.0000   37.5000 2109.1328   25.9950
    0.0000  -30.0000   37.5000 2128.4146   25.6922
    7.5000  -30.0000   37.5000 2126.5107   26.1789
   -7.5000  -22.5000   37.5000 2244.9053   22.9408
    0.0000  -22.5000   37.5000 2262.7021   22.5949
    7.5000  -22.5000   37.5000 2263.8662   23.1314
   -7.5000  -15.0000   37.5000 2367.7175   20.6450
    0.0000  -15.0000   37.5000 2389.1243   20.2629
    7.5000  -15.0000   37.5000 2398.7949   20.8189
   -7.5000   -7.5000   37.5000 2491.0046   18.9341
    0.0000   -7.5000   37.5000 2517.3347   18.5710
    7.5000   -7.5000   37.5000 2527.2488   19.0178
   -7.5000    0.0000   37.5000 2605.1189   17.6552
    0.0000    0.0000   37.5000 2630.2903   17.2841
    7.5000    0.0000   37.5000 2641.3970   17.6523
   -7.5000    7.5000   37.5000 2696.8474   16.7883
    0.0000    7.5000   37.5000 2723.6064   16.4232
    7.5000    7.5000   37.5000 2732.1584   16.7085
   -7.5000   15.0000   37.5000 2744.3328   16.2107
    0.0000   15.0000   37.5000 2774.7988   15.8410
    7.5000   15.0000   37.5000 2776.2722   16.1430
   -7.5000   22.5000   37.5000 2768.3372   16.0367
    0.0000   22.5000   37.5000 2796.6453   15.7207
    7.5000   22.5000   37.5000 2796.2246   15.9830
   -7.5000   30.0000   37.5000 2752.2329   16.1979
    0.0000   30.0000   37.5000 2781.9397   15.9573
    7.5000   30.0000   37.5000 2773.9905   16.1488
   -7.5000   37.5000   37.5000 2706.5256   16.7188
    0.0000   37.5000   37.5000 2737.0752   16.4694
    7.5000   37.5000   37.5000 2729.9597   16.6323
   -7.5000   45.0000   37.5000 2631.8235   17.5257
    0.0000   45.0000   37.5000 2654.0769   17.2767
    7.5000   45.0000   37.5000 2647.0022   17.4594
   -7.5000   52.5000   37.5000 2515.1924   18.5388
    0.0000   52.5000   37.5000 2536.9358   18.3164
    7.5000   52.5000   37.5000 2535.4526   18.4703
   -7.5000  -37.5000   45.0000 1900.5756   31.2454
    0.0000  -37.5000   45.0000 1926.4307   31.0224
    7.5000  -37.5000   45.0000 1930.6416   31.7605
   -7.5000  -30.0000   45.0000 2059.2195   27.2266
    0.0000  -30.0000   45.0000 2078.5332   26.8305
    7.5000  -30.0000   45.0000 2078.8577   27.5551
   -7.5000  -22.5000   45.0000 2198.5579   24.0722
    0.0000  -22.5000   45.0000 2218.3208   23.6540
    7.5000  -22.5000   45.0000 2220.6899   24.3280
   -7.5000  -15.0000   45.0000 2323.2568   21.6850
    0.0000  -15.0000   45.0000 2349.4846   21.3321
    7.5000  -15.0000   45.0000 2352.1704   21.9069
   -7.5000   -7.5000   45.0000 2442.8643   19.9496
    0.0000   -7.5000   45.0000 2470.5354   19.5587
    7.5000   -7.5000   45.0000 2473.3101   20.0387
   -7.5000    0.0000   45.0000 2545.5540   18.6076
    0.0000    0.0000   45.0000 2574.4163   18.2285
    7.5000    0.0000   45.0000 2578.3274   18.6407
   -7.5000    7.5000   45.0000 2626.9072   17.7245
    0.0000    7.5000   45.0000 2655.2354   17.3381
    7.5000    7.5000   45.0000 2659.0168   17.7015
   -7.5000   15.0000   45.0000 2669.3552   17.1746
    0.0000   15.0000   45.0000 2692.6196   16.8411
    7.5000   15.0000   45.0000 2696.6616   17.1657
   -7.5000   22.5000   45.0000 2679.3499   17.0332
    0.0000   22.5000   45.0000 2704.3889   16.7294
    7.5000   22.5000   45.0000 2704.3662   16.9640
   -7.5000   30.0000   45.0000 2663.9363   17.1713
    0.0000   30.0000   45.0000 2688.7056   16.9301
    7.5000   30.0000   45.0000 2684.3047   17.1362
   -7.5000   37.5000   45.0000 2623.2974   17.6782
    0.0000   37.5000   45.0000 2654.0513   17.4120
    7.5000   37.5000   45.0000 2650.5950   17.6269
   -7.5000   45.0000   45.0000 2553.6550   18.4424
    0.0000   45.0000   45.0000 2581.6377   18.1956
    7.5000   45.0000   45.0000 2576.8110   18.4009
   -7.5000   52.5000   45.0000 2451.4062   19.4198
    0.0000   52.5000   45.0000 2470.2876   19.2141
    7.5000   52.5000   45.0000 2463.1506   19.3809

---------------------------------------------------------------------
imgreg_4dfp /opt/freesurfer/average/711-2C_as_mni_average_305 /opt/freesurfer/average/711-2B_as_mni_average_305_mask talsrcimg_g11 none talsrcimg_to_711-2C_as_mni_average_305_t4 1283
---------------------------------------------------------------------

freesurfer imgreg_4dfp.c
/opt/freesurfer/average/711-2C_as_mni_average_305.4dfp.img
       256       256       256         1
  1.000000  1.000000  1.000000
orientation T byte_order littleendian
Reading image: /opt/freesurfer/average/711-2C_as_mni_average_305.4dfp.img
dimensions:      256       256       256
mmppix:       1.0000   -1.0000   -1.0000
center:     128.0000 -129.0000 -129.0000
/opt/freesurfer/average/711-2B_as_mni_average_305_mask.4dfp.img
       256       256       256         1
  1.000000  1.000000  1.000000
orientation T byte_order littleendian
Reading mask: /opt/freesurfer/average/711-2B_as_mni_average_305_mask.4dfp.img (2306576 pixels)
talsrcimg_g11.4dfp.img
       256       256       256         1
  1.000000  1.000000  1.000000
orientation T byte_order littleendian
Reading image: talsrcimg_g11.4dfp.img
dimensions:      256       256       256
mmppix:       1.0000   -1.0000   -1.0000
center:     128.0000 -129.0000 -129.0000
rotation matrix determinant  1.000000
fimgreg.f
image alignment mode   1283 decimal      503 hex
parameters
    0.0000   22.5000   15.0000    0.0000    0.0000    0.0000
eta,q 0.94080 14.20103
niter,ni,del,rscale     5    3   12.0000    1.2000
parameter  3  0.845407 ->  0.500000 qaram    1.1500
parameter  5  0.739645 ->  0.500000 qaram    1.1500
parameter  6  0.557527 ->  0.500000 qaram    1.1500
parameters
    0.0913   21.0096   11.5500   -2.6634   -3.4500   -3.4500
eta,q 0.95146 14.18405
  0.0732  0.0636  0.0554  0.0561  0.0514  0.0494
  0.0664  0.0595  0.0555  0.0549  0.0499  0.0488
  0.0607  0.0587  0.0574  0.0543  0.0512  0.0483
  0.0595  0.0594  0.0592  0.0556  0.0543  0.0500
  0.0628  0.0620  0.0618  0.0576  0.0574  0.0539
  0.0663  0.0654  0.0669  0.0608  0.0622  0.0592
  0.0714  0.0689  0.0729  0.0646  0.0682  0.0652
niter,ni,del,rscale     7    3   12.0000    1.2000
parameters
    0.2961   21.4636   10.5804   -3.5011   -3.5719   -4.6346
eta,q 0.95180 14.21566
  0.0670  0.0635  0.0581  0.0520  0.0560  0.0517
  0.0553  0.0543  0.0514  0.0497  0.0517  0.0490
  0.0496  0.0494  0.0476  0.0479  0.0493  0.0483
  0.0485  0.0487  0.0487  0.0479  0.0479  0.0480
  0.0520  0.0493  0.0517  0.0483  0.0485  0.0484
  0.0569  0.0528  0.0570  0.0520  0.0514  0.0515
  0.0619  0.0585  0.0640  0.0559  0.0574  0.0568
niter,ni,del,rscale     6    3   12.0000    1.2000
parameters
    0.2838   21.7513   10.2699   -4.5154   -3.1592   -4.9662
eta,q 0.95260 14.24335
  0.0653  0.0617  0.0599  0.0506  0.0578  0.0531
  0.0543  0.0533  0.0529  0.0497  0.0526  0.0496
  0.0489  0.0491  0.0485  0.0476  0.0493  0.0481
  0.0482  0.0482  0.0481  0.0479  0.0476  0.0473
  0.0515  0.0484  0.0505  0.0483  0.0475  0.0478
  0.0565  0.0525  0.0548  0.0508  0.0505  0.0506
  0.0631  0.0587  0.0615  0.0552  0.0562  0.0545
niter,ni,del,rscale     5    3   12.0000    1.2000
parameters
    0.2118   22.1756    9.9884   -5.6888   -2.9116   -5.2650
eta,q 0.95325 14.26268
  0.0656  0.0614  0.0595  0.0493  0.0587  0.0533
  0.0544  0.0541  0.0520  0.0491  0.0528  0.0495
  0.0482  0.0495  0.0478  0.0471  0.0488  0.0476
  0.0474  0.0473  0.0472  0.0470  0.0468  0.0466
  0.0508  0.0478  0.0496  0.0482  0.0477  0.0471
  0.0564  0.0518  0.0542  0.0499  0.0518  0.0506
  0.0647  0.0580  0.0607  0.0539  0.0573  0.0547
niter,ni,del,rscale     4    3   12.0000    1.2000
parameters
    0.2353   22.5786    9.5977   -6.7387   -2.7603   -5.3318
eta,q 0.95345 14.26254
  0.0666  0.0604  0.0592  0.0490  0.0592  0.0536
  0.0552  0.0542  0.0512  0.0484  0.0527  0.0496
  0.0481  0.0494  0.0473  0.0473  0.0482  0.0474
  0.0467  0.0468  0.0465  0.0464  0.0465  0.0465
  0.0497  0.0472  0.0494  0.0476  0.0481  0.0466
  0.0557  0.0514  0.0545  0.0494  0.0521  0.0497
  0.0653  0.0579  0.0611  0.0528  0.0580  0.0543
niter,ni,del,rscale     3    3   12.0000    1.2000
parameters
    0.2511   22.8091    9.2716   -7.2537   -2.7438   -5.2573
eta,q 0.95355 14.24891
  0.0660  0.0593  0.0600  0.0497  0.0590  0.0537
  0.0547  0.0532  0.0511  0.0482  0.0522  0.0497
  0.0480  0.0491  0.0471  0.0475  0.0477  0.0474
  0.0466  0.0466  0.0464  0.0463  0.0465  0.0465
  0.0491  0.0464  0.0492  0.0470  0.0482  0.0464
  0.0551  0.0513  0.0545  0.0488  0.0522  0.0493
  0.0650  0.0585  0.0612  0.0516  0.0586  0.0538
niter,ni,del,rscale     2    3   12.0000    1.2000
parameters
    0.2502   22.8780    9.1393   -7.3807   -2.7466   -5.2181
eta,q 0.95360 14.24049
  0.0653  0.0584  0.0613  0.0502  0.0589  0.0536
  0.0541  0.0523  0.0516  0.0485  0.0520  0.0496
  0.0477  0.0489  0.0473  0.0476  0.0476  0.0473
  0.0465  0.0465  0.0464  0.0463  0.0464  0.0464
  0.0489  0.0462  0.0490  0.0467  0.0481  0.0464
  0.0547  0.0516  0.0543  0.0485  0.0521  0.0493
  0.0645  0.0589  0.0607  0.0510  0.0587  0.0538
niter,ni,del,rscale     1    3   12.0000    1.2000
parameters
    0.2471   22.8823    9.1071   -7.3888   -2.7504   -5.2089
eta,q 0.95361 14.23809
  0.0650  0.0581  0.0619  0.0503  0.0588  0.0535
  0.0539  0.0520  0.0520  0.0485  0.0520  0.0495
  0.0475  0.0488  0.0474  0.0476  0.0476  0.0473
  0.0464  0.0464  0.0464  0.0464  0.0464  0.0464
  0.0489  0.0462  0.0488  0.0466  0.0481  0.0464
  0.0545  0.0518  0.0540  0.0484  0.0521  0.0494
  0.0643  0.0590  0.0605  0.0508  0.0587  0.0539
registration optimization eta report
parameter search radius
    6.0000    6.0000    6.9000    6.0000    6.9000    6.9000
100000*second partial in parameter space
       51.       34.       31.       11.       26.       16.
  0.0650  0.0581  0.0619  0.0503  0.0588  0.0535
  0.0539  0.0520  0.0520  0.0485  0.0520  0.0495
  0.0475  0.0488  0.0474  0.0476  0.0476  0.0473
  0.0464  0.0464  0.0464  0.0464  0.0464  0.0464
  0.0489  0.0462  0.0488  0.0466  0.0481  0.0464
  0.0545  0.0518  0.0540  0.0484  0.0521  0.0494
  0.0643  0.0590  0.0605  0.0508  0.0587  0.0539
    0.2471   22.8823    9.1071   -7.3888   -2.7504   -5.2089
eta,q 0.95361 14.23809

---------------------------------------------------------------------
imgreg_4dfp /opt/freesurfer/average/711-2C_as_mni_average_305 /opt/freesurfer/average/711-2B_as_mni_average_305_mask talsrcimg_g11 none talsrcimg_to_711-2C_as_mni_average_305_t4 3335
---------------------------------------------------------------------

freesurfer imgreg_4dfp.c
/opt/freesurfer/average/711-2C_as_mni_average_305.4dfp.img
       256       256       256         1
  1.000000  1.000000  1.000000
orientation T byte_order littleendian
Reading image: /opt/freesurfer/average/711-2C_as_mni_average_305.4dfp.img
dimensions:      256       256       256
mmppix:       1.0000   -1.0000   -1.0000
center:     128.0000 -129.0000 -129.0000
/opt/freesurfer/average/711-2B_as_mni_average_305_mask.4dfp.img
       256       256       256         1
  1.000000  1.000000  1.000000
orientation T byte_order littleendian
Reading mask: /opt/freesurfer/average/711-2B_as_mni_average_305_mask.4dfp.img (2306576 pixels)
talsrcimg_g11.4dfp.img
       256       256       256         1
  1.000000  1.000000  1.000000
orientation T byte_order littleendian
Reading image: talsrcimg_g11.4dfp.img
dimensions:      256       256       256
mmppix:       1.0000   -1.0000   -1.0000
center:     128.0000 -129.0000 -129.0000
fimgreg.f
image alignment mode   3335 decimal      D07 hex
parameters
    0.2471   22.8823    9.1071   -0.5277   -1.1839   -0.9446
    8.3888    5.9065   -9.0683   12.3750   -4.7985  -12.8453
eta,q 0.95597 14.30110
niter,ni,del,rscale     5    3    5.0000    1.2000
parameter  4  1.843864 ->  0.500000 qaram    1.1500
parameter  5  4.251641 ->  0.500000 qaram    1.1500
parameter  9 -0.526787 -> -0.500000 qaram    1.1500
parameters
    0.2810   23.0623    9.3662   -4.6677   -5.3239   -2.5545
    8.4540    6.3798   -4.9283   11.4020   -3.0536  -11.8553
eta,q 0.97009 14.21504
  0.0479  0.0466  0.0463  0.0362  0.0276  0.0335  0.0353  0.0398  0.0364  0.0336  0.0328  0.0324
  0.0457  0.0453  0.0450  0.0371  0.0301  0.0320  0.0331  0.0354  0.0341  0.0314  0.0316  0.0311
  0.0444  0.0444  0.0443  0.0398  0.0335  0.0311  0.0316  0.0323  0.0322  0.0303  0.0307  0.0303
  0.0440  0.0440  0.0440  0.0440  0.0377  0.0309  0.0309  0.0309  0.0309  0.0302  0.0301  0.0299
  0.0445  0.0441  0.0441  0.0487  0.0424  0.0317  0.0314  0.0316  0.0303  0.0311  0.0299  0.0300
  0.0457  0.0448  0.0445  0.0533  0.0470  0.0346  0.0329  0.0340  0.0302  0.0331  0.0303  0.0305
  0.0476  0.0459  0.0454  0.0579  0.0507  0.0393  0.0352  0.0378  0.0308  0.0361  0.0311  0.0313
niter,ni,del,rscale     7    3    5.0000    1.2000
parameter  5  0.962808 ->  0.500000 qaram    1.3225
parameters
    0.4224   23.3751    8.9736   -8.2738  -10.0849   -0.5115
    8.4988    6.1157   -5.2078   11.0051   -3.6177  -14.5037
eta,q 0.97544 13.98313
  0.0359  0.0340  0.0313  0.0309  0.0250  0.0301  0.0287  0.0316  0.0283  0.0293  0.0260  0.0253
  0.0328  0.0319  0.0304  0.0297  0.0253  0.0282  0.0268  0.0279  0.0264  0.0267  0.0253  0.0247
  0.0307  0.0305  0.0299  0.0290  0.0265  0.0267  0.0254  0.0255  0.0252  0.0252  0.0249  0.0246
  0.0299  0.0299  0.0299  0.0298  0.0291  0.0255  0.0249  0.0249  0.0249  0.0249  0.0248  0.0248
  0.0304  0.0300  0.0303  0.0329  0.0328  0.0248  0.0252  0.0258  0.0253  0.0256  0.0250  0.0254
  0.0320  0.0308  0.0313  0.0377  0.0373  0.0250  0.0265  0.0285  0.0267  0.0276  0.0255  0.0262
  0.0346  0.0323  0.0326  0.0430  0.0425  0.0272  0.0288  0.0327  0.0289  0.0303  0.0264  0.0273
niter,ni,del,rscale     7    3    5.0000    1.2000
parameters
    0.5638   23.6704    8.9167   -8.6897  -14.2076   -0.2942
    8.3973    6.2206   -5.2012   11.5610   -3.6648  -15.9826
eta,q 0.97651 13.75536
  0.0301  0.0293  0.0264  0.0294  0.0255  0.0274  0.0272  0.0307  0.0272  0.0288  0.0248  0.0245
  0.0272  0.0269  0.0252  0.0273  0.0241  0.0259  0.0253  0.0270  0.0253  0.0260  0.0240  0.0237
  0.0253  0.0253  0.0246  0.0256  0.0237  0.0246  0.0241  0.0245  0.0241  0.0243  0.0237  0.0234
  0.0246  0.0245  0.0245  0.0245  0.0246  0.0237  0.0236  0.0237  0.0237  0.0237  0.0236  0.0236
  0.0249  0.0247  0.0247  0.0247  0.0272  0.0233  0.0241  0.0243  0.0241  0.0240  0.0238  0.0241
  0.0264  0.0256  0.0254  0.0273  0.0318  0.0247  0.0254  0.0266  0.0253  0.0252  0.0241  0.0247
  0.0290  0.0274  0.0265  0.0317  0.0373  0.0278  0.0275  0.0304  0.0272  0.0273  0.0248  0.0255
niter,ni,del,rscale     6    3    5.0000    1.2000
parameters
    0.6471   24.0847    8.8432   -8.1695  -15.3383   -0.3879
    8.1775    6.3043   -5.2295   12.2556   -3.4747  -16.5418
eta,q 0.97679 13.71478
  0.0285  0.0282  0.0252  0.0290  0.0274  0.0269  0.0268  0.0304  0.0267  0.0283  0.0247  0.0247
  0.0258  0.0259  0.0240  0.0268  0.0252  0.0253  0.0249  0.0267  0.0248  0.0256  0.0239  0.0237
  0.0241  0.0243  0.0235  0.0249  0.0237  0.0241  0.0237  0.0242  0.0236  0.0239  0.0234  0.0232
  0.0235  0.0235  0.0234  0.0234  0.0232  0.0232  0.0233  0.0233  0.0233  0.0233  0.0233  0.0233
  0.0239  0.0235  0.0237  0.0231  0.0240  0.0231  0.0238  0.0240  0.0237  0.0236  0.0234  0.0236
  0.0254  0.0243  0.0243  0.0249  0.0264  0.0247  0.0252  0.0264  0.0249  0.0247  0.0238  0.0242
  0.0279  0.0258  0.0253  0.0287  0.0309  0.0280  0.0273  0.0302  0.0267  0.0265  0.0245  0.0249
niter,ni,del,rscale     5    3    5.0000    1.2000
parameters
    0.6613   24.2406    8.7595   -7.9741  -15.5110   -0.4756
    8.1439    6.3234   -5.2342   12.5707   -3.3979  -16.7136
eta,q 0.97682 13.71340
  0.0281  0.0270  0.0250  0.0286  0.0281  0.0269  0.0270  0.0303  0.0266  0.0277  0.0247  0.0248
  0.0254  0.0250  0.0239  0.0265  0.0258  0.0253  0.0250  0.0266  0.0247  0.0251  0.0239  0.0238
  0.0238  0.0237  0.0233  0.0246  0.0240  0.0240  0.0237  0.0241  0.0235  0.0236  0.0233  0.0232
  0.0232  0.0232  0.0232  0.0232  0.0231  0.0232  0.0232  0.0232  0.0232  0.0232  0.0232  0.0232
  0.0238  0.0235  0.0235  0.0231  0.0235  0.0230  0.0236  0.0240  0.0237  0.0237  0.0234  0.0235
  0.0254  0.0245  0.0242  0.0252  0.0253  0.0246  0.0250  0.0264  0.0248  0.0249  0.0238  0.0241
  0.0280  0.0261  0.0251  0.0292  0.0292  0.0281  0.0271  0.0303  0.0265  0.0267  0.0246  0.0248
niter,ni,del,rscale     4    3    5.0000    1.2000
parameters
    0.6567   24.2913    8.7087   -7.9183  -15.5343   -0.5318
    8.1448    6.3251   -5.2302   12.6794   -3.3675  -16.7625
eta,q 0.97681 13.71357
  0.0280  0.0267  0.0250  0.0285  0.0282  0.0269  0.0270  0.0302  0.0266  0.0274  0.0247  0.0249
  0.0254  0.0247  0.0239  0.0264  0.0259  0.0253  0.0250  0.0265  0.0247  0.0249  0.0239  0.0238
  0.0237  0.0236  0.0233  0.0246  0.0241  0.0241  0.0237  0.0241  0.0235  0.0235  0.0233  0.0232
  0.0232  0.0232  0.0232  0.0232  0.0232  0.0232  0.0232  0.0232  0.0232  0.0232  0.0232  0.0232
  0.0238  0.0236  0.0235  0.0232  0.0234  0.0229  0.0236  0.0240  0.0236  0.0237  0.0234  0.0235
  0.0254  0.0246  0.0241  0.0254  0.0251  0.0246  0.0250  0.0264  0.0248  0.0250  0.0239  0.0241
  0.0280  0.0263  0.0251  0.0294  0.0290  0.0280  0.0270  0.0303  0.0265  0.0269  0.0246  0.0247
niter,ni,del,rscale     3    3    5.0000    1.2000
parameters
    0.6532   24.3093    8.6862   -7.8979  -15.5417   -0.5586
    8.1465    6.3238   -5.2293   12.7204   -3.3570  -16.7751
eta,q 0.97681 13.71344
  0.0280  0.0265  0.0251  0.0285  0.0282  0.0270  0.0270  0.0302  0.0266  0.0273  0.0247  0.0249
  0.0254  0.0247  0.0239  0.0264  0.0259  0.0254  0.0250  0.0265  0.0247  0.0249  0.0239  0.0239
  0.0237  0.0235  0.0233  0.0246  0.0241  0.0241  0.0237  0.0241  0.0235  0.0235  0.0233  0.0232
  0.0232  0.0232  0.0232  0.0232  0.0232  0.0232  0.0232  0.0232  0.0232  0.0232  0.0232  0.0232
  0.0238  0.0236  0.0235  0.0232  0.0234  0.0229  0.0236  0.0240  0.0236  0.0238  0.0234  0.0235
  0.0254  0.0247  0.0241  0.0255  0.0251  0.0246  0.0250  0.0264  0.0248  0.0250  0.0239  0.0241
  0.0280  0.0264  0.0250  0.0295  0.0290  0.0280  0.0270  0.0303  0.0265  0.0270  0.0246  0.0247
registration optimization eta report
parameter search radius
    2.4000    2.4000    2.4000    8.2800    9.5220    7.2000
    7.2000    7.2000    8.2800    7.2000    7.2000    7.2000
100000*second partial in parameter space
       84.       56.       33.        8.        6.        8.
        7.       14.        5.        8.        3.        3.
  0.0280  0.0265  0.0251  0.0285  0.0282  0.0270  0.0270  0.0302  0.0266  0.0273  0.0247  0.0249
  0.0254  0.0247  0.0239  0.0264  0.0259  0.0254  0.0250  0.0265  0.0247  0.0249  0.0239  0.0239
  0.0237  0.0235  0.0233  0.0246  0.0241  0.0241  0.0237  0.0241  0.0235  0.0235  0.0233  0.0232
  0.0232  0.0232  0.0232  0.0232  0.0232  0.0232  0.0232  0.0232  0.0232  0.0232  0.0232  0.0232
  0.0238  0.0236  0.0235  0.0232  0.0234  0.0229  0.0236  0.0240  0.0236  0.0238  0.0234  0.0235
  0.0254  0.0247  0.0241  0.0255  0.0251  0.0246  0.0250  0.0264  0.0248  0.0250  0.0239  0.0241
  0.0280  0.0264  0.0250  0.0295  0.0290  0.0280  0.0270  0.0303  0.0265  0.0270  0.0246  0.0247
    0.6532   24.3093    8.6862   -7.8979  -15.5417   -0.5586
    8.1465    6.3238   -5.2293   12.7204   -3.3570  -16.7751
eta,q 0.97681 13.71344

---------------------------------------------------------------------
imgreg_4dfp /opt/freesurfer/average/711-2C_as_mni_average_305 /opt/freesurfer/average/711-2B_as_mni_average_305_mask talsrcimg_g11 none talsrcimg_to_711-2C_as_mni_average_305_t4 2311
---------------------------------------------------------------------

freesurfer imgreg_4dfp.c
/opt/freesurfer/average/711-2C_as_mni_average_305.4dfp.img
       256       256       256         1
  1.000000  1.000000  1.000000
orientation T byte_order littleendian
Reading image: /opt/freesurfer/average/711-2C_as_mni_average_305.4dfp.img
dimensions:      256       256       256
mmppix:       1.0000   -1.0000   -1.0000
center:     128.0000 -129.0000 -129.0000
/opt/freesurfer/average/711-2B_as_mni_average_305_mask.4dfp.img
       256       256       256         1
  1.000000  1.000000  1.000000
orientation T byte_order littleendian
Reading mask: /opt/freesurfer/average/711-2B_as_mni_average_305_mask.4dfp.img (2306576 pixels)
talsrcimg_g11.4dfp.img
       256       256       256         1
  1.000000  1.000000  1.000000
orientation T byte_order littleendian
Reading image: talsrcimg_g11.4dfp.img
dimensions:      256       256       256
mmppix:       1.0000   -1.0000   -1.0000
center:     128.0000 -129.0000 -129.0000
fimgreg.f
image alignment mode   2311 decimal      907 hex
parameters
    0.6532   24.3093    8.6862   -7.8979  -15.5417   -0.5586
    8.1465    6.3238   -5.2293   12.7204   -3.3570  -16.7751
eta,q 0.97681 13.71344
niter,ni,del,rscale     5    3    5.0000    0.8000
parameters
    0.6491   24.2844    8.6009   -6.9856  -14.9038   -0.2375
    7.9282    6.4369   -5.3377   12.7474   -3.2527  -16.8051
eta,q 0.97715 13.79864
  0.0254  0.0246  0.0239  0.0259  0.0247  0.0250  0.0246  0.0268  0.0241  0.0248  0.0238  0.0238
  0.0242  0.0238  0.0235  0.0248  0.0239  0.0242  0.0236  0.0247  0.0234  0.0237  0.0233  0.0232
  0.0234  0.0233  0.0232  0.0239  0.0233  0.0235  0.0230  0.0234  0.0230  0.0230  0.0230  0.0229
  0.0232  0.0232  0.0232  0.0232  0.0230  0.0229  0.0229  0.0229  0.0229  0.0229  0.0229  0.0229
  0.0235  0.0234  0.0233  0.0230  0.0230  0.0227  0.0231  0.0232  0.0230  0.0231  0.0230  0.0230
  0.0242  0.0239  0.0236  0.0234  0.0233  0.0234  0.0238  0.0244  0.0235  0.0237  0.0232  0.0233
  0.0254  0.0247  0.0241  0.0247  0.0240  0.0249  0.0250  0.0264  0.0242  0.0247  0.0237  0.0237
niter,ni,del,rscale     4    3    5.0000    0.7000
parameters
    0.6158   24.1335    8.6870   -6.9600  -14.7382    0.0581
    8.0189    6.4174   -5.3847   12.6097   -3.2698  -16.7553
eta,q 0.97725 13.81861
  0.0246  0.0238  0.0237  0.0248  0.0240  0.0246  0.0243  0.0257  0.0238  0.0242  0.0235  0.0235
  0.0236  0.0232  0.0232  0.0239  0.0234  0.0239  0.0235  0.0241  0.0232  0.0234  0.0231  0.0230
  0.0230  0.0229  0.0229  0.0232  0.0230  0.0233  0.0230  0.0231  0.0229  0.0229  0.0228  0.0228
  0.0229  0.0229  0.0228  0.0228  0.0228  0.0228  0.0228  0.0227  0.0228  0.0228  0.0227  0.0227
  0.0231  0.0231  0.0229  0.0229  0.0229  0.0227  0.0229  0.0231  0.0229  0.0230  0.0228  0.0229
  0.0237  0.0236  0.0231  0.0236  0.0232  0.0233  0.0234  0.0241  0.0232  0.0235  0.0231  0.0231
  0.0248  0.0243  0.0235  0.0250  0.0239  0.0245  0.0242  0.0258  0.0238  0.0244  0.0235  0.0234
niter,ni,del,rscale     3    3    5.0000    0.6000
parameters
    0.5970   24.0675    8.7454   -6.9402  -14.7409    0.2569
    8.0370    6.4073   -5.3923   12.5321   -3.3491  -16.7768
eta,q 0.97731 13.82471
  0.0241  0.0236  0.0234  0.0242  0.0236  0.0241  0.0238  0.0249  0.0235  0.0238  0.0232  0.0233
  0.0233  0.0231  0.0230  0.0236  0.0231  0.0236  0.0232  0.0237  0.0230  0.0232  0.0229  0.0229
  0.0229  0.0228  0.0228  0.0230  0.0228  0.0231  0.0228  0.0230  0.0228  0.0228  0.0227  0.0227
  0.0228  0.0227  0.0227  0.0227  0.0227  0.0227  0.0227  0.0227  0.0227  0.0227  0.0227  0.0227
  0.0229  0.0229  0.0228  0.0228  0.0228  0.0227  0.0228  0.0230  0.0228  0.0229  0.0228  0.0228
  0.0234  0.0232  0.0230  0.0234  0.0231  0.0231  0.0232  0.0237  0.0231  0.0233  0.0230  0.0230
  0.0242  0.0237  0.0233  0.0244  0.0236  0.0241  0.0238  0.0250  0.0235  0.0239  0.0233  0.0232
niter,ni,del,rscale     2    3    5.0000    0.5000
parameters
    0.5861   24.0374    8.7865   -6.9008  -14.7875    0.4441
    8.0260    6.4190   -5.3947   12.5139   -3.4263  -16.8257
eta,q 0.97734 13.82874
  0.0236  0.0233  0.0232  0.0238  0.0233  0.0237  0.0234  0.0243  0.0232  0.0235  0.0230  0.0231
  0.0231  0.0229  0.0229  0.0233  0.0229  0.0233  0.0230  0.0234  0.0229  0.0230  0.0228  0.0228
  0.0228  0.0228  0.0228  0.0229  0.0228  0.0230  0.0227  0.0228  0.0227  0.0227  0.0227  0.0227
  0.0227  0.0227  0.0227  0.0227  0.0227  0.0227  0.0227  0.0227  0.0227  0.0227  0.0227  0.0227
  0.0228  0.0228  0.0227  0.0228  0.0228  0.0226  0.0227  0.0228  0.0227  0.0228  0.0227  0.0227
  0.0231  0.0230  0.0229  0.0231  0.0230  0.0230  0.0230  0.0234  0.0229  0.0230  0.0229  0.0229
  0.0237  0.0234  0.0231  0.0238  0.0233  0.0237  0.0234  0.0243  0.0232  0.0235  0.0231  0.0230
niter,ni,del,rscale     1    3    5.0000    0.4000
parameters
    0.5795   24.0180    8.8261   -6.8658  -14.8300    0.6282
    8.0127    6.4316   -5.4006   12.5149   -3.5048  -16.8839
eta,q 0.97738 13.83271
  0.0233  0.0231  0.0230  0.0234  0.0230  0.0234  0.0231  0.0237  0.0230  0.0232  0.0229  0.0229
  0.0229  0.0228  0.0228  0.0230  0.0228  0.0231  0.0229  0.0231  0.0228  0.0229  0.0227  0.0227
  0.0227  0.0227  0.0227  0.0228  0.0227  0.0228  0.0227  0.0228  0.0227  0.0227  0.0226  0.0226
  0.0227  0.0227  0.0227  0.0227  0.0227  0.0227  0.0226  0.0226  0.0226  0.0226  0.0226  0.0226
  0.0227  0.0227  0.0227  0.0227  0.0227  0.0226  0.0227  0.0227  0.0227  0.0227  0.0227  0.0227
  0.0229  0.0229  0.0228  0.0230  0.0228  0.0228  0.0229  0.0231  0.0228  0.0229  0.0228  0.0228
  0.0233  0.0231  0.0229  0.0234  0.0230  0.0233  0.0231  0.0237  0.0230  0.0232  0.0229  0.0229
registration optimization eta report
parameter search radius
    0.8000    0.8000    0.8000    2.4000    2.4000    2.4000
    2.4000    2.4000    2.4000    2.4000    2.4000    2.4000
100000*second partial in parameter space
       97.       65.       44.       13.        7.       12.
        9.       18.        6.       10.        5.        5.
  0.0233  0.0231  0.0230  0.0234  0.0230  0.0234  0.0231  0.0237  0.0230  0.0232  0.0229  0.0229
  0.0229  0.0228  0.0228  0.0230  0.0228  0.0231  0.0229  0.0231  0.0228  0.0229  0.0227  0.0227
  0.0227  0.0227  0.0227  0.0228  0.0227  0.0228  0.0227  0.0228  0.0227  0.0227  0.0226  0.0226
  0.0227  0.0227  0.0227  0.0227  0.0227  0.0227  0.0226  0.0226  0.0226  0.0226  0.0226  0.0226
  0.0227  0.0227  0.0227  0.0227  0.0227  0.0226  0.0227  0.0227  0.0227  0.0227  0.0227  0.0227
  0.0229  0.0229  0.0228  0.0230  0.0228  0.0228  0.0229  0.0231  0.0228  0.0229  0.0228  0.0228
  0.0233  0.0231  0.0229  0.0234  0.0230  0.0233  0.0231  0.0237  0.0230  0.0232  0.0229  0.0229
    0.5795   24.0180    8.8261   -6.8658  -14.8300    0.6282
    8.0127    6.4316   -5.4006   12.5149   -3.5048  -16.8839
eta,q 0.97738 13.83271

---------------------------------------------------------------------
imgreg_4dfp /opt/freesurfer/average/711-2C_as_mni_average_305 /opt/freesurfer/average/711-2B_as_mni_average_305_mask talsrcimg_g11 none talsrcimg_to_711-2C_as_mni_average_305_t4 2311
---------------------------------------------------------------------

freesurfer imgreg_4dfp.c
/opt/freesurfer/average/711-2C_as_mni_average_305.4dfp.img
       256       256       256         1
  1.000000  1.000000  1.000000
orientation T byte_order littleendian
Reading image: /opt/freesurfer/average/711-2C_as_mni_average_305.4dfp.img
dimensions:      256       256       256
mmppix:       1.0000   -1.0000   -1.0000
center:     128.0000 -129.0000 -129.0000
/opt/freesurfer/average/711-2B_as_mni_average_305_mask.4dfp.img
       256       256       256         1
  1.000000  1.000000  1.000000
orientation T byte_order littleendian
Reading mask: /opt/freesurfer/average/711-2B_as_mni_average_305_mask.4dfp.img (2306576 pixels)
talsrcimg_g11.4dfp.img
       256       256       256         1
  1.000000  1.000000  1.000000
orientation T byte_order littleendian
Reading image: talsrcimg_g11.4dfp.img
dimensions:      256       256       256
mmppix:       1.0000   -1.0000   -1.0000
center:     128.0000 -129.0000 -129.0000
fimgreg.f
image alignment mode   2311 decimal      907 hex
parameters
    0.5795   24.0180    8.8261   -6.8658  -14.8300    0.6282
    8.0127    6.4316   -5.4006   12.5149   -3.5048  -16.8839
eta,q 0.97738 13.83272
niter,ni,del,rscale     5    3    5.0000    0.8000
parameters
    0.5861   24.0214    8.9371   -7.2689  -14.8881    0.2594
    8.0935    6.4052   -5.3479   12.4394   -3.4207  -16.6827
eta,q 0.97725 13.80720
  0.0251  0.0243  0.0240  0.0248  0.0241  0.0246  0.0247  0.0264  0.0241  0.0248  0.0237  0.0238
  0.0237  0.0234  0.0232  0.0238  0.0233  0.0238  0.0237  0.0244  0.0234  0.0236  0.0232  0.0232
  0.0229  0.0228  0.0228  0.0230  0.0228  0.0231  0.0230  0.0232  0.0229  0.0229  0.0228  0.0228
  0.0226  0.0226  0.0226  0.0226  0.0227  0.0227  0.0227  0.0227  0.0227  0.0227  0.0227  0.0227
  0.0229  0.0228  0.0227  0.0230  0.0228  0.0228  0.0229  0.0232  0.0229  0.0230  0.0229  0.0229
  0.0237  0.0234  0.0231  0.0241  0.0233  0.0240  0.0236  0.0245  0.0233  0.0237  0.0231  0.0232
  0.0251  0.0243  0.0236  0.0260  0.0242  0.0258  0.0246  0.0265  0.0240  0.0248  0.0236  0.0235
niter,ni,del,rscale     4    3    5.0000    0.7000
parameters
    0.6081   24.0701    8.8069   -7.1147  -14.8226    0.2062
    8.0377    6.4177   -5.3712   12.4770   -3.3828  -16.7346
eta,q 0.97727 13.81273
  0.0246  0.0241  0.0234  0.0247  0.0239  0.0244  0.0242  0.0257  0.0238  0.0244  0.0235  0.0235
  0.0236  0.0234  0.0230  0.0239  0.0233  0.0237  0.0234  0.0241  0.0232  0.0234  0.0230  0.0230
  0.0230  0.0229  0.0228  0.0232  0.0229  0.0231  0.0229  0.0231  0.0228  0.0229  0.0228  0.0228
  0.0227  0.0228  0.0228  0.0227  0.0227  0.0227  0.0227  0.0227  0.0227  0.0227  0.0227  0.0227
  0.0229  0.0229  0.0229  0.0228  0.0228  0.0227  0.0229  0.0231  0.0229  0.0229  0.0228  0.0229
  0.0235  0.0233  0.0232  0.0234  0.0232  0.0235  0.0234  0.0240  0.0232  0.0234  0.0231  0.0231
  0.0245  0.0239  0.0236  0.0247  0.0238  0.0248  0.0243  0.0257  0.0238  0.0243  0.0234  0.0234
niter,ni,del,rscale     3    3    5.0000    0.6000
parameters
    0.6013   24.0593    8.7856   -6.9870  -14.7919    0.2957
    8.0226    6.4235   -5.3839   12.4996   -3.4048  -16.7824
eta,q 0.97731 13.82145
  0.0241  0.0236  0.0233  0.0243  0.0236  0.0240  0.0238  0.0249  0.0235  0.0239  0.0232  0.0232
  0.0233  0.0231  0.0230  0.0236  0.0231  0.0235  0.0232  0.0237  0.0230  0.0232  0.0229  0.0229
  0.0229  0.0228  0.0228  0.0230  0.0228  0.0231  0.0228  0.0230  0.0228  0.0228  0.0227  0.0227
  0.0227  0.0227  0.0227  0.0227  0.0227  0.0227  0.0227  0.0227  0.0227  0.0227  0.0227  0.0227
  0.0229  0.0228  0.0228  0.0228  0.0228  0.0227  0.0228  0.0229  0.0228  0.0228  0.0228  0.0228
  0.0234  0.0232  0.0230  0.0233  0.0231  0.0232  0.0232  0.0237  0.0230  0.0232  0.0230  0.0230
  0.0241  0.0236  0.0233  0.0242  0.0235  0.0242  0.0238  0.0249  0.0235  0.0239  0.0232  0.0232
niter,ni,del,rscale     2    3    5.0000    0.5000
parameters
    0.5903   24.0360    8.7977   -6.9066  -14.8055    0.4519
    8.0199    6.4333   -5.3944   12.5057   -3.4412  -16.8438
eta,q 0.97735 13.82777
  0.0236  0.0233  0.0231  0.0238  0.0233  0.0237  0.0234  0.0243  0.0232  0.0235  0.0230  0.0231
  0.0231  0.0230  0.0229  0.0233  0.0229  0.0233  0.0230  0.0234  0.0229  0.0230  0.0228  0.0228
  0.0228  0.0227  0.0227  0.0229  0.0227  0.0230  0.0227  0.0228  0.0227  0.0227  0.0227  0.0227
  0.0227  0.0227  0.0227  0.0227  0.0227  0.0227  0.0227  0.0227  0.0227  0.0227  0.0227  0.0227
  0.0228  0.0228  0.0227  0.0228  0.0228  0.0226  0.0227  0.0228  0.0227  0.0228  0.0227  0.0227
  0.0231  0.0230  0.0229  0.0231  0.0229  0.0230  0.0230  0.0234  0.0229  0.0230  0.0228  0.0229
  0.0237  0.0234  0.0231  0.0238  0.0233  0.0237  0.0234  0.0242  0.0232  0.0235  0.0231  0.0230
niter,ni,del,rscale     1    3    5.0000    0.4000
parameters
    0.5816   24.0164    8.8299   -6.8697  -14.8427    0.6315
    8.0194    6.4380   -5.3949   12.5215   -3.5111  -16.8896
eta,q 0.97738 13.83215
  0.0233  0.0231  0.0230  0.0234  0.0230  0.0234  0.0231  0.0237  0.0230  0.0232  0.0229  0.0229
  0.0229  0.0228  0.0228  0.0230  0.0228  0.0231  0.0229  0.0231  0.0228  0.0229  0.0227  0.0227
  0.0227  0.0227  0.0227  0.0228  0.0227  0.0228  0.0227  0.0228  0.0227  0.0227  0.0227  0.0226
  0.0227  0.0227  0.0227  0.0227  0.0227  0.0226  0.0226  0.0226  0.0226  0.0226  0.0226  0.0226
  0.0227  0.0227  0.0227  0.0227  0.0227  0.0226  0.0227  0.0227  0.0227  0.0227  0.0227  0.0227
  0.0229  0.0229  0.0228  0.0229  0.0228  0.0228  0.0229  0.0231  0.0228  0.0229  0.0228  0.0228
  0.0233  0.0231  0.0229  0.0234  0.0230  0.0233  0.0231  0.0237  0.0230  0.0232  0.0229  0.0229
registration optimization eta report
parameter search radius
    0.8000    0.8000    0.8000    2.4000    2.4000    2.4000
    2.4000    2.4000    2.4000    2.4000    2.4000    2.4000
100000*second partial in parameter space
       97.       64.       44.       13.        7.       12.
        9.       18.        6.       10.        5.        5.
  0.0233  0.0231  0.0230  0.0234  0.0230  0.0234  0.0231  0.0237  0.0230  0.0232  0.0229  0.0229
  0.0229  0.0228  0.0228  0.0230  0.0228  0.0231  0.0229  0.0231  0.0228  0.0229  0.0227  0.0227
  0.0227  0.0227  0.0227  0.0228  0.0227  0.0228  0.0227  0.0228  0.0227  0.0227  0.0227  0.0226
  0.0227  0.0227  0.0227  0.0227  0.0227  0.0226  0.0226  0.0226  0.0226  0.0226  0.0226  0.0226
  0.0227  0.0227  0.0227  0.0227  0.0227  0.0226  0.0227  0.0227  0.0227  0.0227  0.0227  0.0227
  0.0229  0.0229  0.0228  0.0229  0.0228  0.0228  0.0229  0.0231  0.0228  0.0229  0.0228  0.0228
  0.0233  0.0231  0.0229  0.0234  0.0230  0.0233  0.0231  0.0237  0.0230  0.0232  0.0229  0.0229
    0.5816   24.0164    8.8299   -6.8697  -14.8427    0.6315
    8.0194    6.4380   -5.3949   12.5215   -3.5111  -16.8896
eta,q 0.97738 13.83215

---------------------------------------------------------------------
compute_vox2vox talsrcimg talsrcimg_to_711-2C_as_mni_average_305_t4 /opt/freesurfer/average/711-2C_as_mni_average_305
---------------------------------------------------------------------

freesurfer compute_vox2vox.c
Reading: talsrcimg.4dfp.ifh
Reading: talsrcimg_to_711-2C_as_mni_average_305_t4
Reading: /opt/freesurfer/average/711-2C_as_mni_average_305.4dfp.ifh
Writing: talsrcimg_to_711-2C_as_mni_average_305_t4_vox2vox.txt

start time Wed Mar 11 13:24:22 CET 2026
end		time Wed Mar 11 13:25:49 CET 2026

mpr2mni305 success

avi2talxfm orig_nu.mgz /opt/freesurfer/average/mni305.cor.mgz talsrcimg_to_711-2C_as_mni_average_305_t4_vox2vox.txt transforms/talairach.auto.xfm
avi2talxfm done
mv -f /out/sourcedata/freesurfer/sub-v2s18x29500_ses-1/mri/talsrcimg_to_711-2C_as_mni_average_305_t4_vox2vox.txt /out/sourcedata/freesurfer/sub-v2s18x29500_ses-1/mri/transforms/talsrcimg_to_711-2C_as_mni_average_305_t4_vox2vox.txt
lta_convert --src orig_nu.mgz --trg /opt/freesurfer/average/mni305.cor.mgz --inxfm transforms/talairach.auto.xfm --outlta transforms/talairach.auto.xfm.lta --subject fsaverage
7.3.2

--src: orig_nu.mgz src image (geometry).
--trg: /opt/freesurfer/average/mni305.cor.mgz trg image (geometry).
--inmni: transforms/talairach.auto.xfm input MNI/XFM transform.
--outlta: transforms/talairach.auto.xfm.lta output LTA.
--s: fsaverage subject name
 LTA read, type : 1
 1.06528  -0.05433  -0.11109  -5.79936;
 0.04733   0.96738   0.18741  -48.13983;
 0.06053  -0.14569   1.13970  -6.53722;
 0.00000   0.00000   0.00000   1.00000;
setting subject to fsaverage
Writing  LTA to file transforms/talairach.auto.xfm.lta...
lta_convert successful.
 
 
Started at Wed Mar 11 13:24:21 CET 2026
Ended   at Wed Mar 11 13:25:49 CET 2026
talairach_avi done
