status file for recon-all
Wed Mar 11 15:37:56 CET 2026
#@# Tessellate lh Wed Mar 11 15:37:56 CET 2026
#@# Smooth1 lh Wed Mar 11 15:37:58 CET 2026
#@# Inflation1 lh Wed Mar 11 15:38:01 CET 2026
#@# QSphere lh Wed Mar 11 15:38:14 CET 2026
#@# Fix Topology lh Wed Mar 11 15:39:21 CET 2026
#@# Smooth2 lh Wed Mar 11 15:44:50 CET 2026
#@# Inflation2 lh Wed Mar 11 15:44:52 CET 2026
#@# Curv .H and .K lh Wed Mar 11 15:45:06 CET 2026
#@# Sphere lh Wed Mar 11 15:45:46 CET 2026
#@# Surf Reg lh Wed Mar 11 15:55:36 CET 2026
#@# Jacobian white lh Wed Mar 11 16:03:55 CET 2026
#@# AvgCurv lh Wed Mar 11 16:03:56 CET 2026
#@# Cortical Parc lh Wed Mar 11 16:03:56 CET 2026
#@# white curv lh Wed Mar 11 16:09:44 CET 2026
#@# white area lh Wed Mar 11 16:09:45 CET 2026
#@# pial curv lh Wed Mar 11 16:09:46 CET 2026
#@# pial area lh Wed Mar 11 16:09:48 CET 2026
#@# thickness lh Wed Mar 11 16:09:49 CET 2026
#@# area and vertex vol lh Wed Mar 11 16:10:10 CET 2026
#@# Curvature Stats lh Wed Mar 11 16:10:11 CET 2026
#@# Cortical Parc 2 lh Wed Mar 11 16:10:13 CET 2026
#@# Cortical Parc 3 lh Wed Mar 11 16:10:24 CET 2026
#@# WM/GM Contrast lh Wed Mar 11 16:10:32 CET 2026
recon-all -s sub-v2s18x29515_ses-1 finished without error at Wed Mar 11 16:10:37 CET 2026



#New# invocation of recon-all 



status file for recon-all
Wed Mar 11 16:40:12 CET 2026
#@# white curv lh Wed Mar 11 16:40:12 CET 2026
#@# white area lh Wed Mar 11 16:40:12 CET 2026
#@# pial curv lh Wed Mar 11 16:40:12 CET 2026
#@# pial area lh Wed Mar 11 16:40:12 CET 2026
#@# thickness lh Wed Mar 11 16:40:12 CET 2026
#@# area and vertex vol lh Wed Mar 11 16:40:12 CET 2026
#@# Parcellation Stats lh Wed Mar 11 16:40:12 CET 2026
#@# Parcellation Stats 2 lh Wed Mar 11 16:40:28 CET 2026
#@# Parcellation Stats 3 lh Wed Mar 11 16:40:38 CET 2026
#@# BA_exvivo Labels lh Wed Mar 11 16:40:46 CET 2026
recon-all -s sub-v2s18x29515_ses-1 finished without error at Wed Mar 11 16:42:47 CET 2026
