status file for recon-all
Wed Mar 11 16:10:38 CET 2026
#@# Tessellate rh Wed Mar 11 16:10:38 CET 2026
#@# Smooth1 rh Wed Mar 11 16:10:41 CET 2026
#@# Inflation1 rh Wed Mar 11 16:10:43 CET 2026
#@# QSphere rh Wed Mar 11 16:10:57 CET 2026
#@# Fix Topology rh Wed Mar 11 16:11:50 CET 2026
#@# Smooth2 rh Wed Mar 11 16:16:25 CET 2026
#@# Inflation2 rh Wed Mar 11 16:16:27 CET 2026
#@# Curv .H and .K rh Wed Mar 11 16:16:44 CET 2026
#@# Sphere rh Wed Mar 11 16:17:23 CET 2026
#@# Surf Reg rh Wed Mar 11 16:22:27 CET 2026
#@# Jacobian white rh Wed Mar 11 16:27:32 CET 2026
#@# AvgCurv rh Wed Mar 11 16:27:33 CET 2026
#@# Cortical Parc rh Wed Mar 11 16:27:33 CET 2026
#@# white curv rh Wed Mar 11 16:33:16 CET 2026
#@# white area rh Wed Mar 11 16:33:18 CET 2026
#@# pial curv rh Wed Mar 11 16:33:18 CET 2026
#@# pial area rh Wed Mar 11 16:33:20 CET 2026
#@# thickness rh Wed Mar 11 16:33:20 CET 2026
#@# area and vertex vol rh Wed Mar 11 16:33:41 CET 2026
#@# Curvature Stats rh Wed Mar 11 16:33:42 CET 2026
#@# Cortical Parc 2 rh Wed Mar 11 16:33:44 CET 2026
#@# Cortical Parc 3 rh Wed Mar 11 16:33:55 CET 2026
#@# WM/GM Contrast rh Wed Mar 11 16:34:02 CET 2026
recon-all -s sub-v2s18x29515_ses-1 finished without error at Wed Mar 11 16:34:06 CET 2026



#New# invocation of recon-all 



status file for recon-all
Wed Mar 11 16:42:50 CET 2026
#@# white curv rh Wed Mar 11 16:42:50 CET 2026
#@# white area rh Wed Mar 11 16:42:50 CET 2026
#@# pial curv rh Wed Mar 11 16:42:50 CET 2026
#@# pial area rh Wed Mar 11 16:42:50 CET 2026
#@# thickness rh Wed Mar 11 16:42:50 CET 2026
#@# area and vertex vol rh Wed Mar 11 16:42:50 CET 2026
#@# Parcellation Stats rh Wed Mar 11 16:42:50 CET 2026
#@# Parcellation Stats 2 rh Wed Mar 11 16:43:07 CET 2026
#@# Parcellation Stats 3 rh Wed Mar 11 16:43:15 CET 2026
#@# BA_exvivo Labels rh Wed Mar 11 16:43:23 CET 2026
recon-all -s sub-v2s18x29515_ses-1 finished without error at Wed Mar 11 16:45:29 CET 2026
