status file for recon-all
Wed Mar 11 14:12:20 CET 2026
#@# MotionCor Wed Mar 11 14:12:25 CET 2026
#@# Talairach Wed Mar 11 14:12:34 CET 2026
#@# Talairach Failure Detection Wed Mar 11 14:15:25 CET 2026
#@# Nu Intensity Correction Wed Mar 11 14:15:25 CET 2026
#@# Intensity Normalization Wed Mar 11 14:18:11 CET 2026
recon-all -s sub-v2s18x29515_ses-1 finished without error at Wed Mar 11 14:19:09 CET 2026



#New# invocation of recon-all 



status file for recon-all
Wed Mar 11 14:28:27 CET 2026
#@# EM Registration Wed Mar 11 14:28:27 CET 2026
recon-all -s sub-v2s18x29515_ses-1 finished without error at Wed Mar 11 14:32:26 CET 2026



#New# invocation of recon-all 



status file for recon-all
Wed Mar 11 14:32:28 CET 2026
#@# CA Normalize Wed Mar 11 14:32:28 CET 2026
#@# CA Reg Wed Mar 11 14:33:21 CET 2026
#@# SubCort Seg Wed Mar 11 15:11:51 CET 2026
#@# CC Seg Wed Mar 11 15:33:46 CET 2026
#@# Merge ASeg Wed Mar 11 15:34:20 CET 2026
#@# Intensity Normalization2 Wed Mar 11 15:34:20 CET 2026
#@# Mask BFS Wed Mar 11 15:35:46 CET 2026
#@# WM Segmentation Wed Mar 11 15:35:46 CET 2026
#@# Fill Wed Mar 11 15:37:15 CET 2026
recon-all -s sub-v2s18x29515_ses-1 finished without error at Wed Mar 11 15:37:52 CET 2026



#New# invocation of recon-all 



status file for recon-all
Wed Mar 11 16:34:10 CET 2026
#@# white curv lh Wed Mar 11 16:34:10 CET 2026
#@# white area lh Wed Mar 11 16:34:10 CET 2026
#@# pial curv lh Wed Mar 11 16:34:10 CET 2026
#@# pial area lh Wed Mar 11 16:34:10 CET 2026
#@# thickness lh Wed Mar 11 16:34:10 CET 2026
#@# area and vertex vol lh Wed Mar 11 16:34:10 CET 2026
#@# white curv rh Wed Mar 11 16:34:10 CET 2026
#@# white area rh Wed Mar 11 16:34:10 CET 2026
#@# pial curv rh Wed Mar 11 16:34:10 CET 2026
#@# pial area rh Wed Mar 11 16:34:10 CET 2026
#@# thickness rh Wed Mar 11 16:34:10 CET 2026
#@# area and vertex vol rh Wed Mar 11 16:34:10 CET 2026
#@# Cortical ribbon mask Wed Mar 11 16:34:10 CET 2026
recon-all -s sub-v2s18x29515_ses-1 finished without error at Wed Mar 11 16:40:08 CET 2026



#New# invocation of recon-all 



status file for recon-all
Wed Mar 11 16:45:33 CET 2026
#@# white curv lh Wed Mar 11 16:45:33 CET 2026
#@# white area lh Wed Mar 11 16:45:33 CET 2026
#@# pial curv lh Wed Mar 11 16:45:33 CET 2026
#@# pial area lh Wed Mar 11 16:45:33 CET 2026
#@# thickness lh Wed Mar 11 16:45:33 CET 2026
#@# area and vertex vol lh Wed Mar 11 16:45:33 CET 2026
#@# white curv rh Wed Mar 11 16:45:33 CET 2026
#@# white area rh Wed Mar 11 16:45:33 CET 2026
#@# pial curv rh Wed Mar 11 16:45:33 CET 2026
#@# pial area rh Wed Mar 11 16:45:33 CET 2026
#@# thickness rh Wed Mar 11 16:45:34 CET 2026
#@# area and vertex vol rh Wed Mar 11 16:45:34 CET 2026
#@# Curvature Stats lh Wed Mar 11 16:45:34 CET 2026
#@# Curvature Stats rh Wed Mar 11 16:45:35 CET 2026
#@# Relabel Hypointensities Wed Mar 11 16:45:37 CET 2026
#@# APas-to-ASeg Wed Mar 11 16:45:48 CET 2026
#@# AParc-to-ASeg aparc Wed Mar 11 16:45:55 CET 2026
#@# AParc-to-ASeg aparc.a2009s Wed Mar 11 16:46:18 CET 2026
#@# AParc-to-ASeg aparc.DKTatlas Wed Mar 11 16:46:42 CET 2026
#@# WMParc Wed Mar 11 16:47:08 CET 2026
#@# ASeg Stats Wed Mar 11 16:48:55 CET 2026
recon-all -s sub-v2s18x29515_ses-1 finished without error at Wed Mar 11 16:49:14 CET 2026
