status file for recon-all
Wed Mar 11 13:59:27 CET 2026
#@# MotionCor Wed Mar 11 13:59:34 CET 2026
#@# Talairach Wed Mar 11 13:59:52 CET 2026
#@# Talairach Failure Detection Wed Mar 11 14:04:15 CET 2026
#@# Nu Intensity Correction Wed Mar 11 14:04:15 CET 2026
#@# Intensity Normalization Wed Mar 11 14:07:30 CET 2026
recon-all -s sub-v2s18x29510_ses-1 finished without error at Wed Mar 11 14:09:04 CET 2026



#New# invocation of recon-all 



status file for recon-all
Wed Mar 11 14:19:50 CET 2026
#@# EM Registration Wed Mar 11 14:19:50 CET 2026
recon-all -s sub-v2s18x29510_ses-1 finished without error at Wed Mar 11 14:21:11 CET 2026



#New# invocation of recon-all 



status file for recon-all
Wed Mar 11 14:21:14 CET 2026
#@# CA Normalize Wed Mar 11 14:21:14 CET 2026
#@# CA Reg Wed Mar 11 14:22:37 CET 2026
#@# SubCort Seg Wed Mar 11 14:58:35 CET 2026
#@# CC Seg Wed Mar 11 15:28:09 CET 2026
#@# Merge ASeg Wed Mar 11 15:28:49 CET 2026
#@# Intensity Normalization2 Wed Mar 11 15:28:49 CET 2026
#@# Mask BFS Wed Mar 11 15:31:13 CET 2026
#@# WM Segmentation Wed Mar 11 15:31:14 CET 2026
#@# Fill Wed Mar 11 15:33:16 CET 2026
recon-all -s sub-v2s18x29510_ses-1 finished without error at Wed Mar 11 15:34:21 CET 2026



#New# invocation of recon-all 



status file for recon-all
Wed Mar 11 16:16:41 CET 2026
#@# white curv lh Wed Mar 11 16:16:41 CET 2026
#@# white area lh Wed Mar 11 16:16:41 CET 2026
#@# pial curv lh Wed Mar 11 16:16:41 CET 2026
#@# pial area lh Wed Mar 11 16:16:41 CET 2026
#@# thickness lh Wed Mar 11 16:16:41 CET 2026
#@# area and vertex vol lh Wed Mar 11 16:16:41 CET 2026
#@# white curv rh Wed Mar 11 16:16:41 CET 2026
#@# white area rh Wed Mar 11 16:16:41 CET 2026
#@# pial curv rh Wed Mar 11 16:16:41 CET 2026
#@# pial area rh Wed Mar 11 16:16:41 CET 2026
#@# thickness rh Wed Mar 11 16:16:41 CET 2026
#@# area and vertex vol rh Wed Mar 11 16:16:41 CET 2026
#@# Cortical ribbon mask Wed Mar 11 16:16:41 CET 2026
recon-all -s sub-v2s18x29510_ses-1 finished without error at Wed Mar 11 16:23:44 CET 2026



#New# invocation of recon-all 



status file for recon-all
Wed Mar 11 16:29:53 CET 2026
#@# white curv lh Wed Mar 11 16:29:53 CET 2026
#@# white area lh Wed Mar 11 16:29:53 CET 2026
#@# pial curv lh Wed Mar 11 16:29:53 CET 2026
#@# pial area lh Wed Mar 11 16:29:53 CET 2026
#@# thickness lh Wed Mar 11 16:29:53 CET 2026
#@# area and vertex vol lh Wed Mar 11 16:29:53 CET 2026
#@# white curv rh Wed Mar 11 16:29:53 CET 2026
#@# white area rh Wed Mar 11 16:29:53 CET 2026
#@# pial curv rh Wed Mar 11 16:29:53 CET 2026
#@# pial area rh Wed Mar 11 16:29:53 CET 2026
#@# thickness rh Wed Mar 11 16:29:53 CET 2026
#@# area and vertex vol rh Wed Mar 11 16:29:53 CET 2026
#@# Curvature Stats lh Wed Mar 11 16:29:54 CET 2026
#@# Curvature Stats rh Wed Mar 11 16:29:56 CET 2026
#@# Relabel Hypointensities Wed Mar 11 16:29:58 CET 2026
#@# APas-to-ASeg Wed Mar 11 16:30:13 CET 2026
#@# AParc-to-ASeg aparc Wed Mar 11 16:30:20 CET 2026
#@# AParc-to-ASeg aparc.a2009s Wed Mar 11 16:31:00 CET 2026
#@# AParc-to-ASeg aparc.DKTatlas Wed Mar 11 16:31:40 CET 2026
#@# WMParc Wed Mar 11 16:32:21 CET 2026
#@# ASeg Stats Wed Mar 11 16:35:50 CET 2026
recon-all -s sub-v2s18x29510_ses-1 finished without error at Wed Mar 11 16:36:22 CET 2026
