status file for recon-all
Wed Mar 11 15:54:55 CET 2026
#@# Tessellate rh Wed Mar 11 15:54:55 CET 2026
#@# Smooth1 rh Wed Mar 11 15:54:58 CET 2026
#@# Inflation1 rh Wed Mar 11 15:55:00 CET 2026
#@# QSphere rh Wed Mar 11 15:55:12 CET 2026
#@# Fix Topology rh Wed Mar 11 15:56:11 CET 2026
#@# Smooth2 rh Wed Mar 11 16:01:28 CET 2026
#@# Inflation2 rh Wed Mar 11 16:01:30 CET 2026
#@# Curv .H and .K rh Wed Mar 11 16:01:42 CET 2026
#@# Sphere rh Wed Mar 11 16:02:31 CET 2026
#@# Surf Reg rh Wed Mar 11 16:05:22 CET 2026
#@# Jacobian white rh Wed Mar 11 16:09:23 CET 2026
#@# AvgCurv rh Wed Mar 11 16:09:24 CET 2026
#@# Cortical Parc rh Wed Mar 11 16:09:25 CET 2026
#@# white curv rh Wed Mar 11 16:15:32 CET 2026
#@# white area rh Wed Mar 11 16:15:33 CET 2026
#@# pial curv rh Wed Mar 11 16:15:34 CET 2026
#@# pial area rh Wed Mar 11 16:15:36 CET 2026
#@# thickness rh Wed Mar 11 16:15:36 CET 2026
#@# area and vertex vol rh Wed Mar 11 16:16:07 CET 2026
#@# Curvature Stats rh Wed Mar 11 16:16:08 CET 2026
#@# Cortical Parc 2 rh Wed Mar 11 16:16:10 CET 2026
#@# Cortical Parc 3 rh Wed Mar 11 16:16:23 CET 2026
#@# WM/GM Contrast rh Wed Mar 11 16:16:33 CET 2026
recon-all -s sub-v2s18x29510_ses-1 finished without error at Wed Mar 11 16:16:38 CET 2026



#New# invocation of recon-all 



status file for recon-all
Wed Mar 11 16:26:50 CET 2026
#@# white curv rh Wed Mar 11 16:26:50 CET 2026
#@# white area rh Wed Mar 11 16:26:50 CET 2026
#@# pial curv rh Wed Mar 11 16:26:50 CET 2026
#@# pial area rh Wed Mar 11 16:26:50 CET 2026
#@# thickness rh Wed Mar 11 16:26:50 CET 2026
#@# area and vertex vol rh Wed Mar 11 16:26:50 CET 2026
#@# Parcellation Stats rh Wed Mar 11 16:26:50 CET 2026
#@# Parcellation Stats 2 rh Wed Mar 11 16:27:09 CET 2026
#@# Parcellation Stats 3 rh Wed Mar 11 16:27:19 CET 2026
#@# BA_exvivo Labels rh Wed Mar 11 16:27:28 CET 2026
recon-all -s sub-v2s18x29510_ses-1 finished without error at Wed Mar 11 16:29:48 CET 2026
