status file for recon-all
Wed Mar 11 15:34:26 CET 2026
#@# Tessellate lh Wed Mar 11 15:34:26 CET 2026
#@# Smooth1 lh Wed Mar 11 15:34:29 CET 2026
#@# Inflation1 lh Wed Mar 11 15:34:32 CET 2026
#@# QSphere lh Wed Mar 11 15:34:42 CET 2026
#@# Fix Topology lh Wed Mar 11 15:35:42 CET 2026
#@# Smooth2 lh Wed Mar 11 15:41:13 CET 2026
#@# Inflation2 lh Wed Mar 11 15:41:16 CET 2026
#@# Curv .H and .K lh Wed Mar 11 15:41:27 CET 2026
#@# Sphere lh Wed Mar 11 15:42:15 CET 2026
#@# Surf Reg lh Wed Mar 11 15:44:35 CET 2026
#@# Jacobian white lh Wed Mar 11 15:47:51 CET 2026
#@# AvgCurv lh Wed Mar 11 15:47:52 CET 2026
#@# Cortical Parc lh Wed Mar 11 15:47:53 CET 2026
#@# white curv lh Wed Mar 11 15:53:44 CET 2026
#@# white area lh Wed Mar 11 15:53:45 CET 2026
#@# pial curv lh Wed Mar 11 15:53:46 CET 2026
#@# pial area lh Wed Mar 11 15:53:48 CET 2026
#@# thickness lh Wed Mar 11 15:53:48 CET 2026
#@# area and vertex vol lh Wed Mar 11 15:54:19 CET 2026
#@# Curvature Stats lh Wed Mar 11 15:54:20 CET 2026
#@# Cortical Parc 2 lh Wed Mar 11 15:54:23 CET 2026
#@# Cortical Parc 3 lh Wed Mar 11 15:54:37 CET 2026
#@# WM/GM Contrast lh Wed Mar 11 15:54:47 CET 2026
recon-all -s sub-v2s18x29510_ses-1 finished without error at Wed Mar 11 15:54:52 CET 2026



#New# invocation of recon-all 



status file for recon-all
Wed Mar 11 16:23:47 CET 2026
#@# white curv lh Wed Mar 11 16:23:47 CET 2026
#@# white area lh Wed Mar 11 16:23:47 CET 2026
#@# pial curv lh Wed Mar 11 16:23:47 CET 2026
#@# pial area lh Wed Mar 11 16:23:47 CET 2026
#@# thickness lh Wed Mar 11 16:23:47 CET 2026
#@# area and vertex vol lh Wed Mar 11 16:23:47 CET 2026
#@# Parcellation Stats lh Wed Mar 11 16:23:47 CET 2026
#@# Parcellation Stats 2 lh Wed Mar 11 16:24:05 CET 2026
#@# Parcellation Stats 3 lh Wed Mar 11 16:24:15 CET 2026
#@# BA_exvivo Labels lh Wed Mar 11 16:24:24 CET 2026
recon-all -s sub-v2s18x29510_ses-1 finished without error at Wed Mar 11 16:26:47 CET 2026
