status file for recon-all
Wed Mar 11 15:59:21 CET 2026
#@# Tessellate lh Wed Mar 11 15:59:21 CET 2026
#@# Smooth1 lh Wed Mar 11 15:59:24 CET 2026
#@# Inflation1 lh Wed Mar 11 15:59:27 CET 2026
#@# QSphere lh Wed Mar 11 15:59:38 CET 2026
#@# Fix Topology lh Wed Mar 11 16:00:40 CET 2026
#@# Smooth2 lh Wed Mar 11 16:05:11 CET 2026
#@# Inflation2 lh Wed Mar 11 16:05:14 CET 2026
#@# Curv .H and .K lh Wed Mar 11 16:05:28 CET 2026
#@# Sphere lh Wed Mar 11 16:06:05 CET 2026
#@# Surf Reg lh Wed Mar 11 16:09:03 CET 2026
#@# Jacobian white lh Wed Mar 11 16:12:00 CET 2026
#@# AvgCurv lh Wed Mar 11 16:12:01 CET 2026
#@# Cortical Parc lh Wed Mar 11 16:12:02 CET 2026
#@# white curv lh Wed Mar 11 16:17:19 CET 2026
#@# white area lh Wed Mar 11 16:17:20 CET 2026
#@# pial curv lh Wed Mar 11 16:17:21 CET 2026
#@# pial area lh Wed Mar 11 16:17:22 CET 2026
#@# thickness lh Wed Mar 11 16:17:23 CET 2026
#@# area and vertex vol lh Wed Mar 11 16:17:46 CET 2026
#@# Curvature Stats lh Wed Mar 11 16:17:47 CET 2026
#@# Cortical Parc 2 lh Wed Mar 11 16:17:49 CET 2026
#@# Cortical Parc 3 lh Wed Mar 11 16:18:00 CET 2026
#@# WM/GM Contrast lh Wed Mar 11 16:18:08 CET 2026
recon-all -s sub-v2s18x29519_ses-1 finished without error at Wed Mar 11 16:18:13 CET 2026



#New# invocation of recon-all 



status file for recon-all
Wed Mar 11 16:39:53 CET 2026
#@# white curv lh Wed Mar 11 16:39:54 CET 2026
#@# white area lh Wed Mar 11 16:39:54 CET 2026
#@# pial curv lh Wed Mar 11 16:39:54 CET 2026
#@# pial area lh Wed Mar 11 16:39:54 CET 2026
#@# thickness lh Wed Mar 11 16:39:54 CET 2026
#@# area and vertex vol lh Wed Mar 11 16:39:54 CET 2026
#@# Parcellation Stats lh Wed Mar 11 16:39:54 CET 2026
#@# Parcellation Stats 2 lh Wed Mar 11 16:40:07 CET 2026
#@# Parcellation Stats 3 lh Wed Mar 11 16:40:14 CET 2026
#@# BA_exvivo Labels lh Wed Mar 11 16:40:21 CET 2026
recon-all -s sub-v2s18x29519_ses-1 finished without error at Wed Mar 11 16:42:33 CET 2026
