status file for recon-all
Wed Mar 11 16:18:15 CET 2026
#@# Tessellate rh Wed Mar 11 16:18:15 CET 2026
#@# Smooth1 rh Wed Mar 11 16:18:18 CET 2026
#@# Inflation1 rh Wed Mar 11 16:18:20 CET 2026
#@# QSphere rh Wed Mar 11 16:18:32 CET 2026
#@# Fix Topology rh Wed Mar 11 16:19:48 CET 2026
#@# Smooth2 rh Wed Mar 11 16:24:49 CET 2026
#@# Inflation2 rh Wed Mar 11 16:24:52 CET 2026
#@# Curv .H and .K rh Wed Mar 11 16:25:07 CET 2026
#@# Sphere rh Wed Mar 11 16:25:45 CET 2026
#@# Surf Reg rh Wed Mar 11 16:26:58 CET 2026
#@# Jacobian white rh Wed Mar 11 16:29:57 CET 2026
#@# AvgCurv rh Wed Mar 11 16:29:58 CET 2026
#@# Cortical Parc rh Wed Mar 11 16:29:59 CET 2026
#@# white curv rh Wed Mar 11 16:35:34 CET 2026
#@# white area rh Wed Mar 11 16:35:36 CET 2026
#@# pial curv rh Wed Mar 11 16:35:36 CET 2026
#@# pial area rh Wed Mar 11 16:35:38 CET 2026
#@# thickness rh Wed Mar 11 16:35:38 CET 2026
#@# area and vertex vol rh Wed Mar 11 16:36:01 CET 2026
#@# Curvature Stats rh Wed Mar 11 16:36:02 CET 2026
#@# Cortical Parc 2 rh Wed Mar 11 16:36:04 CET 2026
#@# Cortical Parc 3 rh Wed Mar 11 16:36:15 CET 2026
#@# WM/GM Contrast rh Wed Mar 11 16:36:23 CET 2026
recon-all -s sub-v2s18x29519_ses-1 finished without error at Wed Mar 11 16:36:28 CET 2026



#New# invocation of recon-all 



status file for recon-all
Wed Mar 11 16:42:35 CET 2026
#@# white curv rh Wed Mar 11 16:42:35 CET 2026
#@# white area rh Wed Mar 11 16:42:35 CET 2026
#@# pial curv rh Wed Mar 11 16:42:35 CET 2026
#@# pial area rh Wed Mar 11 16:42:35 CET 2026
#@# thickness rh Wed Mar 11 16:42:35 CET 2026
#@# area and vertex vol rh Wed Mar 11 16:42:35 CET 2026
#@# Parcellation Stats rh Wed Mar 11 16:42:35 CET 2026
#@# Parcellation Stats 2 rh Wed Mar 11 16:42:48 CET 2026
#@# Parcellation Stats 3 rh Wed Mar 11 16:42:55 CET 2026
#@# BA_exvivo Labels rh Wed Mar 11 16:43:02 CET 2026
recon-all -s sub-v2s18x29519_ses-1 finished without error at Wed Mar 11 16:45:11 CET 2026
