status file for recon-all
Wed Mar 11 14:21:59 CET 2026
#@# MotionCor Wed Mar 11 14:22:05 CET 2026
#@# Talairach Wed Mar 11 14:22:27 CET 2026
#@# Talairach Failure Detection Wed Mar 11 14:26:52 CET 2026
#@# Nu Intensity Correction Wed Mar 11 14:26:52 CET 2026
#@# Intensity Normalization Wed Mar 11 14:30:07 CET 2026
recon-all -s sub-v2s18x29519_ses-1 finished without error at Wed Mar 11 14:31:41 CET 2026



#New# invocation of recon-all 



status file for recon-all
Wed Mar 11 14:42:40 CET 2026
#@# EM Registration Wed Mar 11 14:42:40 CET 2026
recon-all -s sub-v2s18x29519_ses-1 finished without error at Wed Mar 11 14:44:23 CET 2026



#New# invocation of recon-all 



status file for recon-all
Wed Mar 11 14:44:26 CET 2026
#@# CA Normalize Wed Mar 11 14:44:26 CET 2026
#@# CA Reg Wed Mar 11 14:45:50 CET 2026
#@# SubCort Seg Wed Mar 11 15:31:21 CET 2026
#@# CC Seg Wed Mar 11 15:53:40 CET 2026
#@# Merge ASeg Wed Mar 11 15:54:16 CET 2026
#@# Intensity Normalization2 Wed Mar 11 15:54:16 CET 2026
#@# Mask BFS Wed Mar 11 15:56:29 CET 2026
#@# WM Segmentation Wed Mar 11 15:56:30 CET 2026
#@# Fill Wed Mar 11 15:58:16 CET 2026
recon-all -s sub-v2s18x29519_ses-1 finished without error at Wed Mar 11 15:59:17 CET 2026



#New# invocation of recon-all 



status file for recon-all
Wed Mar 11 16:36:31 CET 2026
#@# white curv lh Wed Mar 11 16:36:31 CET 2026
#@# white area lh Wed Mar 11 16:36:31 CET 2026
#@# pial curv lh Wed Mar 11 16:36:31 CET 2026
#@# pial area lh Wed Mar 11 16:36:31 CET 2026
#@# thickness lh Wed Mar 11 16:36:31 CET 2026
#@# area and vertex vol lh Wed Mar 11 16:36:31 CET 2026
#@# white curv rh Wed Mar 11 16:36:31 CET 2026
#@# white area rh Wed Mar 11 16:36:31 CET 2026
#@# pial curv rh Wed Mar 11 16:36:31 CET 2026
#@# pial area rh Wed Mar 11 16:36:31 CET 2026
#@# thickness rh Wed Mar 11 16:36:31 CET 2026
#@# area and vertex vol rh Wed Mar 11 16:36:31 CET 2026
#@# Cortical ribbon mask Wed Mar 11 16:36:31 CET 2026
recon-all -s sub-v2s18x29519_ses-1 finished without error at Wed Mar 11 16:39:49 CET 2026



#New# invocation of recon-all 



status file for recon-all
Wed Mar 11 16:45:16 CET 2026
#@# white curv lh Wed Mar 11 16:45:17 CET 2026
#@# white area lh Wed Mar 11 16:45:17 CET 2026
#@# pial curv lh Wed Mar 11 16:45:17 CET 2026
#@# pial area lh Wed Mar 11 16:45:17 CET 2026
#@# thickness lh Wed Mar 11 16:45:17 CET 2026
#@# area and vertex vol lh Wed Mar 11 16:45:17 CET 2026
#@# white curv rh Wed Mar 11 16:45:17 CET 2026
#@# white area rh Wed Mar 11 16:45:17 CET 2026
#@# pial curv rh Wed Mar 11 16:45:17 CET 2026
#@# pial area rh Wed Mar 11 16:45:17 CET 2026
#@# thickness rh Wed Mar 11 16:45:17 CET 2026
#@# area and vertex vol rh Wed Mar 11 16:45:17 CET 2026
#@# Curvature Stats lh Wed Mar 11 16:45:17 CET 2026
#@# Curvature Stats rh Wed Mar 11 16:45:19 CET 2026
#@# Relabel Hypointensities Wed Mar 11 16:45:21 CET 2026
#@# APas-to-ASeg Wed Mar 11 16:45:34 CET 2026
#@# AParc-to-ASeg aparc Wed Mar 11 16:45:41 CET 2026
#@# AParc-to-ASeg aparc.a2009s Wed Mar 11 16:46:09 CET 2026
#@# AParc-to-ASeg aparc.DKTatlas Wed Mar 11 16:46:32 CET 2026
#@# WMParc Wed Mar 11 16:46:56 CET 2026
#@# ASeg Stats Wed Mar 11 16:51:25 CET 2026
recon-all -s sub-v2s18x29519_ses-1 finished without error at Wed Mar 11 16:52:08 CET 2026
