/out/sourcedata/freesurfer/sub-v2s18x29523_ses-1/mri
/opt/freesurfer/bin/talairach_avi
--i orig_nu.mgz --xfm transforms/talairach.auto.xfm
talairach_avi 7.3.2
Linux dna048 5.14.0-427.37.1.el9_4.x86_64 #1 SMP PREEMPT_DYNAMIC Fri Sep 13 12:41:50 EDT 2024 x86_64 x86_64 x86_64 GNU/Linux
Wed Mar 11 14:44:23 CET 2026
mri_convert orig_nu.mgz talsrcimg.img 
reading from orig_nu.mgz...
TR=0.00, TE=0.00, TI=0.00, flip angle=0.00
i_ras = (-1, 1.97906e-09, 0)
j_ras = (-3.72529e-09, 1.16415e-10, -1)
k_ras = (-1.09139e-10, 1, 1.16415e-10)
writing to talsrcimg.img...
Analyze Output Matrix
-1.00000  -0.00000  -0.00000   124.21075;
 0.00000   0.00000   1.00000  -88.47798;
 0.00000  -1.00000   0.00000   84.72545;
 0.00000   0.00000   0.00000   1.00000;
--------------------
INFO: set hdr.hist.orient to -1
mpr2mni305 talsrcimg
Wed Mar 11 14:44:23 CET 2026
/opt/freesurfer/bin/mpr2mni305 talsrcimg
mpr2mni305 7.3.2
target=711-2C_as_mni_average_305

---------------------------------------------------------------------
analyzeto4dfp talsrcimg -O0 -y
---------------------------------------------------------------------

freesurfer ifh2hdr.c
Wed Mar 11 14:44:24 2026
Writing: talsrcimg.4dfp.hdr
freesurfer analyzeto4dfp.c
Reading: talsrcimg.hdr
header size 348 bytes
hdr.dime.datatype	offset=70	value=2
hdr.dime.bitpix		offset=72	value=8
hdr.hist.orient		offset=252	value=-1
dimensionality     4
dimensions       256       256       256         1
Reading: talsrcimg.img
Writing: talsrcimg.4dfp.img
Writing: talsrcimg.4dfp.ifh
ifh2hdr talsrcimg -r0to230
ori=2

---------------------------------------------------------------------
gauss_4dfp talsrcimg 1.1
---------------------------------------------------------------------

freesurfer gauss_4dfp.c
Reading: talsrcimg.4dfp.img
Writing: talsrcimg_g11.4dfp.img
image dimensions 256 256 256 padded to 288 288 288
processing volume 1freesurfer ifh2hdr.c
Wed Mar 11 14:44:25 2026
Writing: talsrcimg_g11.4dfp.hdr

Writing: talsrcimg_g11.4dfp.ifh
including: talsrcimg.4dfp.img.rec in talsrcimg_g11.4dfp.img.rec

---------------------------------------------------------------------
imgreg_4dfp /opt/freesurfer/average/711-2C_as_mni_average_305 none talsrcimg_g11 none talsrcimg_to_711-2C_as_mni_average_305_t4 4355
---------------------------------------------------------------------

freesurfer imgreg_4dfp.c
/opt/freesurfer/average/711-2C_as_mni_average_305.4dfp.img
       256       256       256         1
  1.000000  1.000000  1.000000
orientation T byte_order littleendian
Reading image: /opt/freesurfer/average/711-2C_as_mni_average_305.4dfp.img
dimensions:      256       256       256
mmppix:       1.0000   -1.0000   -1.0000
center:     128.0000 -129.0000 -129.0000
talsrcimg_g11.4dfp.img
       256       256       256         1
  1.000000  1.000000  1.000000
orientation T byte_order littleendian
Reading image: talsrcimg_g11.4dfp.img
dimensions:      256       256       256
mmppix:       1.0000   -1.0000   -1.0000
center:     128.0000 -129.0000 -129.0000
t4_read: open error in t4_sub.f l:  41 t4_file(1:l)talsrcimg_to_711-2C_as_mni_average_305_t4 
t4_read: transform initialized to I4
rotation matrix determinant  1.000000
image alignment mode   4355 decimal     1103 hex
   -7.5000  -45.0000  -45.0000 4778.2769   19.1048
    0.0000  -45.0000  -45.0000 4998.8569   19.0809
    7.5000  -45.0000  -45.0000 4827.6597   19.0394
   -7.5000  -37.5000  -45.0000 5398.0269   18.1030
    0.0000  -37.5000  -45.0000 5640.1709   18.0799
    7.5000  -37.5000  -45.0000 5440.1045   18.0417
   -7.5000  -30.0000  -45.0000 6239.9170   17.3381
    0.0000  -30.0000  -45.0000 6534.0640   17.3290
    7.5000  -30.0000  -45.0000 6294.0273   17.2961
   -7.5000  -22.5000  -45.0000 7140.9995   16.7983
    0.0000  -22.5000  -45.0000 7464.6318   16.7915
    7.5000  -22.5000  -45.0000 7204.0508   16.7617
   -7.5000  -15.0000  -45.0000 8085.0083   16.3987
    0.0000  -15.0000  -45.0000 8454.5420   16.3840
    7.5000  -15.0000  -45.0000 8139.0332   16.3533
   -7.5000   -7.5000  -45.0000 9089.8613   16.1160
    0.0000   -7.5000  -45.0000 9519.2676   16.0922
    7.5000   -7.5000  -45.0000 9150.9971   16.0588
   -7.5000    0.0000  -45.000010157.5137   16.0765
    0.0000    0.0000  -45.000010647.4756   16.0495
    7.5000    0.0000  -45.000010211.2549   16.0125
   -7.5000    7.5000  -45.000010447.1924   16.0877
    0.0000    7.5000  -45.000010971.5303   16.0685
    7.5000    7.5000  -45.000010492.5625   16.0321
   -7.5000   15.0000  -45.000010618.4385   16.0837
    0.0000   15.0000  -45.000011162.6592   16.0749
    7.5000   15.0000  -45.000010647.1709   16.0426
   -7.5000   22.5000  -45.000010607.3496   16.0689
    0.0000   22.5000  -45.000011156.4570   16.0617
    7.5000   22.5000  -45.000010637.4697   16.0325
   -7.5000   30.0000  -45.000010475.7402   15.8585
    0.0000   30.0000  -45.000011000.3369   15.8442
    7.5000   30.0000  -45.000010501.4453   15.8151
   -7.5000   37.5000  -45.000010698.1250   15.8442
    0.0000   37.5000  -45.000011222.3740   15.8205
    7.5000   37.5000  -45.000010704.9736   15.7878
   -7.5000   45.0000  -45.000010496.0439   15.4595
    0.0000   45.0000  -45.000011034.7646   15.4335
    7.5000   45.0000  -45.000010537.0840   15.3980
   -7.5000  -45.0000  -37.5000 5029.7993   19.0542
    0.0000  -45.0000  -37.5000 5259.8247   19.0359
    7.5000  -45.0000  -37.5000 5070.6797   19.0011
   -7.5000  -37.5000  -37.5000 5665.0366   18.0570
    0.0000  -37.5000  -37.5000 5924.9634   18.0379
    7.5000  -37.5000  -37.5000 5697.7578   18.0071
   -7.5000  -30.0000  -37.5000 6552.6812   17.3102
    0.0000  -30.0000  -37.5000 6864.9160   17.3025
    7.5000  -30.0000  -37.5000 6614.3535   17.2770
   -7.5000  -22.5000  -37.5000 7504.2612   16.7813
    0.0000  -22.5000  -37.5000 7855.6289   16.7753
    7.5000  -22.5000  -37.5000 7557.6470   16.7525
   -7.5000  -15.0000  -37.5000 8521.9932   16.3813
    0.0000  -15.0000  -37.5000 8928.2988   16.3689
    7.5000  -15.0000  -37.5000 8563.9365   16.3443
   -7.5000   -7.5000  -37.5000 9608.3301   16.0882
    0.0000   -7.5000  -37.500010083.5195   16.0692
    7.5000   -7.5000  -37.5000 9656.8535   16.0421
   -7.5000    0.0000  -37.500010764.7705   16.0384
    0.0000    0.0000  -37.500011290.7900   16.0181
    7.5000    0.0000  -37.500010790.0205   15.9880
   -7.5000    7.5000  -37.500011071.0869   16.0525
    0.0000    7.5000  -37.500011614.9971   16.0380
    7.5000    7.5000  -37.500011083.2109   16.0089
   -7.5000   15.0000  -37.500011212.5127   16.0596
    0.0000   15.0000  -37.500011781.1943   16.0523
    7.5000   15.0000  -37.500011236.4893   16.0273
   -7.5000   22.5000  -37.500011195.4180   16.0528
    0.0000   22.5000  -37.500011769.0586   16.0463
    7.5000   22.5000  -37.500011231.2549   16.0237
   -7.5000   30.0000  -37.500011057.1074   15.8420
    0.0000   30.0000  -37.500011617.1729   15.8298
    7.5000   30.0000  -37.500011082.7305   15.8065
   -7.5000   37.5000  -37.500011284.5156   15.8172
    0.0000   37.5000  -37.500011870.0244   15.7982
    7.5000   37.5000  -37.500011292.3184   15.7716
   -7.5000   45.0000  -37.500011071.9727   15.4229
    0.0000   45.0000  -37.500011650.6562   15.4033
    7.5000   45.0000  -37.500011094.4912   15.3744
   -7.5000  -45.0000  -30.0000 5347.9272   19.8400
    0.0000  -45.0000  -30.0000 5615.0605   19.8257
    7.5000  -45.0000  -30.0000 5390.5957   19.7982
   -7.5000  -37.5000  -30.0000 6014.3140   18.8158
    0.0000  -37.5000  -30.0000 6303.4126   18.8001
    7.5000  -37.5000  -30.0000 6053.9150   18.7758
   -7.5000  -30.0000  -30.0000 6946.7461   18.0469
    0.0000  -30.0000  -30.0000 7276.7988   18.0402
    7.5000  -30.0000  -30.0000 7005.3726   18.0222
   -7.5000  -22.5000  -30.0000 7983.2729   17.4950
    0.0000  -22.5000  -30.0000 8372.9727   17.4895
    7.5000  -22.5000  -30.0000 8034.0786   17.4754
   -7.5000  -15.0000  -30.0000 9108.8271   17.0766
    0.0000  -15.0000  -30.0000 9565.3047   17.0662
    7.5000  -15.0000  -30.0000 9161.5479   17.0504
   -7.5000   -7.5000  -30.000010304.8535   16.7665
    0.0000   -7.5000  -30.000010838.3418   16.7524
    7.5000   -7.5000  -30.000010361.5020   16.7332
   -7.5000    0.0000  -30.000011545.9551   16.7104
    0.0000    0.0000  -30.000012112.5674   16.6966
    7.5000    0.0000  -30.000011561.0088   16.6735
   -7.5000    7.5000  -30.000011847.0986   16.7271
    0.0000    7.5000  -30.000012422.5967   16.7173
    7.5000    7.5000  -30.000011849.3271   16.6947
   -7.5000   15.0000  -30.000011965.4033   16.7395
    0.0000   15.0000  -30.000012582.0469   16.7339
    7.5000   15.0000  -30.000012010.1631   16.7158
   -7.5000   22.5000  -30.000011949.9131   16.7331
    0.0000   22.5000  -30.000012595.2139   16.7271
    7.5000   22.5000  -30.000012012.2383   16.7124
   -7.5000   30.0000  -30.000011806.4268   16.5160
    0.0000   30.0000  -30.000012449.3848   16.5056
    7.5000   30.0000  -30.000011841.9014   16.4907
   -7.5000   37.5000  -30.000012035.7266   16.4858
    0.0000   37.5000  -30.000012705.6592   16.4716
    7.5000   37.5000  -30.000012084.1475   16.4528
   -7.5000   45.0000  -30.000011796.8252   16.0809
    0.0000   45.0000  -30.000012463.9014   16.0676
    7.5000   45.0000  -30.000011843.4131   16.0453
   -7.5000  -45.0000  -22.5000 5647.0898   20.4851
    0.0000  -45.0000  -22.5000 5907.4756   20.4691
    7.5000  -45.0000  -22.5000 5673.2354   20.4439
   -7.5000  -37.5000  -22.5000 6348.4297   19.4439
    0.0000  -37.5000  -22.5000 6637.3530   19.4280
    7.5000  -37.5000  -22.5000 6379.4478   19.4048
   -7.5000  -30.0000  -22.5000 7353.7129   18.6429
    0.0000  -30.0000  -22.5000 7717.2446   18.6365
    7.5000  -30.0000  -22.5000 7423.2002   18.6200
   -7.5000  -22.5000  -22.5000 8492.2070   18.0626
    0.0000  -22.5000  -22.5000 8911.2012   18.0580
    7.5000  -22.5000  -22.5000 8550.0234   18.0464
   -7.5000  -15.0000  -22.5000 9717.7676   17.6326
    0.0000  -15.0000  -22.500010215.2705   17.6232
    7.5000  -15.0000  -22.5000 9772.4023   17.6108
   -7.5000   -7.5000  -22.500011006.2441   17.3219
    0.0000   -7.5000  -22.500011576.3848   17.3085
    7.5000   -7.5000  -22.500011062.8008   17.2917
   -7.5000    0.0000  -22.500012296.5684   17.2708
    0.0000    0.0000  -22.500012918.2002   17.2571
    7.5000    0.0000  -22.500012323.2246   17.2355
   -7.5000    7.5000  -22.500012603.9805   17.2860
    0.0000    7.5000  -22.500013251.2988   17.2765
    7.5000    7.5000  -22.500012643.8838   17.2548
   -7.5000   15.0000  -22.500012707.0059   17.2907
    0.0000   15.0000  -22.500013407.5186   17.2859
    7.5000   15.0000  -22.500012803.2324   17.2687
   -7.5000   22.5000  -22.500012698.2500   17.2763
    0.0000   22.5000  -22.500013400.2158   17.2712
    7.5000   22.5000  -22.500012787.5273   17.2589
   -7.5000   30.0000  -22.500012509.8672   17.0573
    0.0000   30.0000  -22.500013198.7568   17.0477
    7.5000   30.0000  -22.500012580.3516   17.0359
   -7.5000   37.5000  -22.500012740.6982   17.0346
    0.0000   37.5000  -22.500013483.0303   17.0210
    7.5000   37.5000  -22.500012852.0742   17.0046
   -7.5000   45.0000  -22.500012511.8945   16.6327
    0.0000   45.0000  -22.500013264.6553   16.6194
    7.5000   45.0000  -22.500012621.2559   16.5986
   -7.5000  -45.0000  -15.0000 5925.8535   20.9535
    0.0000  -45.0000  -15.0000 6182.1191   20.9319
    7.5000  -45.0000  -15.0000 5929.5591   20.9009
   -7.5000  -37.5000  -15.0000 6686.4316   19.8909
    0.0000  -37.5000  -15.0000 6978.6479   19.8705
    7.5000  -37.5000  -15.0000 6724.0850   19.8408
   -7.5000  -30.0000  -15.0000 7777.2056   19.0565
    0.0000  -30.0000  -15.0000 8136.8550   19.0485
    7.5000  -30.0000  -15.0000 7841.1382   19.0254
   -7.5000  -22.5000  -15.0000 8997.1670   18.4548
    0.0000  -22.5000  -15.0000 9438.1934   18.4497
    7.5000  -22.5000  -15.0000 9055.6416   18.4315
   -7.5000  -15.0000  -15.000010288.6299   18.0194
    0.0000  -15.0000  -15.000010814.8574   18.0086
    7.5000  -15.0000  -15.000010340.4639   17.9902
   -7.5000   -7.5000  -15.000011641.4336   17.7150
    0.0000   -7.5000  -15.000012219.4639   17.6973
    7.5000   -7.5000  -15.000011691.4951   17.6745
   -7.5000    0.0000  -15.000013005.2812   17.6725
    0.0000    0.0000  -15.000013653.4014   17.6522
    7.5000    0.0000  -15.000013036.6523   17.6242
   -7.5000    7.5000  -15.000013323.4219   17.6835
    0.0000    7.5000  -15.000014012.6084   17.6693
    7.5000    7.5000  -15.000013402.2100   17.6410
   -7.5000   15.0000  -15.000013454.5430   17.6760
    0.0000   15.0000  -15.000014187.5879   17.6697
    7.5000   15.0000  -15.000013592.1631   17.6460
   -7.5000   22.5000  -15.000013456.5361   17.6528
    0.0000   22.5000  -15.000014215.7793   17.6473
    7.5000   22.5000  -15.000013577.6318   17.6289
   -7.5000   30.0000  -15.000013209.3506   17.4347
    0.0000   30.0000  -15.000013938.0039   17.4238
    7.5000   30.0000  -15.000013347.2109   17.4064
   -7.5000   37.5000  -15.000013446.1953   17.4235
    0.0000   37.5000  -15.000014205.4424   17.4057
    7.5000   37.5000  -15.000013607.2266   17.3834
   -7.5000   45.0000  -15.000013230.3389   17.0298
    0.0000   45.0000  -15.000013990.1387   17.0102
    7.5000   45.0000  -15.000013382.5811   16.9833
   -7.5000  -45.0000   -7.5000 6180.5283   21.2216
    0.0000  -45.0000   -7.5000 6460.1064   21.1948
    7.5000  -45.0000   -7.5000 6191.6626   21.1528
   -7.5000  -37.5000   -7.5000 7014.7017   20.1296
    0.0000  -37.5000   -7.5000 7322.5317   20.1040
    7.5000  -37.5000   -7.5000 7054.6016   20.0640
   -7.5000  -30.0000   -7.5000 8175.1001   19.2757
    0.0000  -30.0000   -7.5000 8554.3340   19.2653
    7.5000  -30.0000   -7.5000 8228.5010   19.2317
   -7.5000  -22.5000   -7.5000 9495.1309   18.6678
    0.0000  -22.5000   -7.5000 9954.3428   18.6605
    7.5000  -22.5000   -7.5000 9548.3643   18.6315
   -7.5000  -15.0000   -7.500010853.0762   18.2279
    0.0000  -15.0000   -7.500011385.1973   18.2130
    7.5000  -15.0000   -7.500010905.2832   18.1837
   -7.5000   -7.5000   -7.500012254.0342   17.9238
    0.0000   -7.5000   -7.500012840.3721   17.8992
    7.5000   -7.5000   -7.500012298.2861   17.8661
   -7.5000    0.0000   -7.500013681.4443   17.8855
    0.0000    0.0000   -7.500014346.8594   17.8570
    7.5000    0.0000   -7.500013728.3193   17.8190
   -7.5000    7.5000   -7.500014034.6279   17.8955
    0.0000    7.5000   -7.500014777.1758   17.8749
    7.5000    7.5000   -7.500014167.7656   17.8368
   -7.5000   15.0000   -7.500014181.5244   17.8832
    0.0000   15.0000   -7.500014979.2627   17.8738
    7.5000   15.0000   -7.500014382.9834   17.8404
   -7.5000   22.5000   -7.500014256.3145   17.8551
    0.0000   22.5000   -7.500015114.0156   17.8476
    7.5000   22.5000   -7.500014470.5889   17.8190
   -7.5000   30.0000   -7.500014044.5146   17.6357
    0.0000   30.0000   -7.500014865.8164   17.6210
    7.5000   30.0000   -7.500014299.2471   17.5933
   -7.5000   37.5000   -7.500014282.0264   17.6281
    0.0000   37.5000   -7.500015060.2646   17.6036
    7.5000   37.5000   -7.500014567.7412   17.5712
   -7.5000   45.0000   -7.500014054.3838   17.2383
    0.0000   45.0000   -7.500014803.0391   17.2108
    7.5000   45.0000   -7.500014317.6748   17.1741
   -7.5000  -45.0000    0.0000 6402.1543   21.3054
    0.0000  -45.0000    0.0000 6689.8145   21.2786
    7.5000  -45.0000    0.0000 6424.6543   21.2325
   -7.5000  -37.5000    0.0000 7285.4414   20.1916
    0.0000  -37.5000    0.0000 7607.4214   20.1655
    7.5000  -37.5000    0.0000 7327.7847   20.1231
   -7.5000  -30.0000    0.0000 8498.4072   19.3404
    0.0000  -30.0000    0.0000 8892.5410   19.3299
    7.5000  -30.0000    0.0000 8555.1533   19.2934
   -7.5000  -22.5000    0.0000 9857.7363   18.7395
    0.0000  -22.5000    0.000010353.0654   18.7317
    7.5000  -22.5000    0.0000 9927.8096   18.6987
   -7.5000  -15.0000    0.000011268.7832   18.2954
    0.0000  -15.0000    0.000011854.4502   18.2789
    7.5000  -15.0000    0.000011347.2441   18.2448
   -7.5000   -7.5000    0.000012720.5420   17.9818
    0.0000   -7.5000    0.000013379.7715   17.9550
    7.5000   -7.5000    0.000012810.1016   17.9179
   -7.5000    0.0000    0.000014183.9062   17.9381
    0.0000    0.0000    0.000014950.8418   17.9078
    7.5000    0.0000    0.000014323.7578   17.8667
   -7.5000    7.5000    0.000014553.6982   17.9503
    0.0000    7.5000    0.000015368.3926   17.9286
    7.5000    7.5000    0.000014785.1465   17.8882
   -7.5000   15.0000    0.000014738.4453   17.9452
    0.0000   15.0000    0.000015588.9258   17.9351
    7.5000   15.0000    0.000015009.8193   17.8992
   -7.5000   22.5000    0.000014930.7285   17.9224
    0.0000   22.5000    0.000015887.8730   17.9142
    7.5000   22.5000    0.000015262.8057   17.8818
   -7.5000   30.0000    0.000014954.7871   17.7007
    0.0000   30.0000    0.000015904.1807   17.6846
    7.5000   30.0000    0.000015350.0244   17.6523
   -7.5000   37.5000    0.000015254.8271   17.6856
    0.0000   37.5000    0.000016124.4814   17.6589
    7.5000   37.5000    0.000015647.3057   17.6226
   -7.5000   45.0000    0.000014957.1660   17.2903
    0.0000   45.0000    0.000015721.8838   17.2611
    7.5000   45.0000    0.000015209.9209   17.2215
   -7.5000  -45.0000    7.5000 6112.9751   21.3218
    0.0000  -45.0000    7.5000 6391.5195   21.3013
    7.5000  -45.0000    7.5000 6130.0820   21.2624
   -7.5000  -37.5000    7.5000 6942.5737   20.2060
    0.0000  -37.5000    7.5000 7271.2007   20.1847
    7.5000  -37.5000    7.5000 6975.8438   20.1502
   -7.5000  -30.0000    7.5000 8130.1758   19.3703
    0.0000  -30.0000    7.5000 8563.5361   19.3617
    7.5000  -30.0000    7.5000 8212.9717   19.3332
   -7.5000  -22.5000    7.5000 9473.4404   18.7784
    0.0000  -22.5000    7.5000 9986.2295   18.7717
    7.5000  -22.5000    7.5000 9579.9922   18.7463
   -7.5000  -15.0000    7.500010843.4277   18.3309
    0.0000  -15.0000    7.500011408.5107   18.3170
    7.5000  -15.0000    7.500010971.5703   18.2895
   -7.5000   -7.5000    7.500012223.3984   18.0029
    0.0000   -7.5000    7.500012869.6445   17.9816
    7.5000   -7.5000    7.500012371.2705   17.9513
   -7.5000    0.0000    7.500013624.1475   17.9472
    0.0000    0.0000    7.500014372.6641   17.9244
    7.5000    0.0000    7.500013818.8682   17.8908
   -7.5000    7.5000    7.500013962.6514   17.9629
    0.0000    7.5000    7.500014707.1133   17.9467
    7.5000    7.5000    7.500014184.5020   17.9141
   -7.5000   15.0000    7.500014104.6992   17.9709
    0.0000   15.0000    7.500014884.9316   17.9627
    7.5000   15.0000    7.500014375.2744   17.9347
   -7.5000   22.5000    7.500014343.4951   17.9575
    0.0000   22.5000    7.500015373.2178   17.9502
    7.5000   22.5000    7.500014687.5908   17.9249
   -7.5000   30.0000    7.500014478.4775   17.7342
    0.0000   30.0000    7.500015721.1084   17.7206
    7.5000   30.0000    7.500014888.4316   17.6946
   -7.5000   37.5000    7.500014878.3428   17.7065
    0.0000   37.5000    7.500015996.0400   17.6852
    7.5000   37.5000    7.500015159.1660   17.6555
   -7.5000   45.0000    7.500014506.7607   17.2991
    0.0000   45.0000    7.500015456.2500   17.2771
    7.5000   45.0000    7.500014646.4775   17.2447
   -7.5000  -45.0000   15.0000 5705.8633   21.3240
    0.0000  -45.0000   15.0000 5989.9482   21.3089
    7.5000  -45.0000   15.0000 5742.4067   21.2795
   -7.5000  -37.5000   15.0000 6509.8052   20.2231
    0.0000  -37.5000   15.0000 6835.8062   20.2065
    7.5000  -37.5000   15.0000 6568.1851   20.1806
   -7.5000  -30.0000   15.0000 7652.5293   19.3963
    0.0000  -30.0000   15.0000 8066.6665   19.3893
    7.5000  -30.0000   15.0000 7762.2925   19.3702
   -7.5000  -22.5000   15.0000 8955.2256   18.8027
    0.0000  -22.5000   15.0000 9459.5127   18.7970
    7.5000  -22.5000   15.0000 9088.7959   18.7820
   -7.5000  -15.0000   15.000010291.2334   18.3528
    0.0000  -15.0000   15.000010882.1709   18.3417
    7.5000  -15.0000   15.000010449.0430   18.3249
   -7.5000   -7.5000   15.000011631.0195   18.0191
    0.0000   -7.5000   15.000012310.4971   18.0042
    7.5000   -7.5000   15.000011811.9990   17.9836
   -7.5000    0.0000   15.000012967.8662   17.9587
    0.0000    0.0000   15.000013729.5137   17.9440
    7.5000    0.0000   15.000013178.6553   17.9194
   -7.5000    7.5000   15.000013293.4014   17.9767
    0.0000    7.5000   15.000014035.6416   17.9663
    7.5000    7.5000   15.000013473.5332   17.9422
   -7.5000   15.0000   15.000013430.8916   17.9900
    0.0000   15.0000   15.000014236.3066   17.9842
    7.5000   15.0000   15.000013670.3779   17.9649
   -7.5000   22.5000   15.000013626.1357   17.9792
    0.0000   22.5000   15.000014534.0381   17.9729
    7.5000   22.5000   15.000013887.1670   17.9573
   -7.5000   30.0000   15.000013654.7832   17.7552
    0.0000   30.0000   15.000014560.3066   17.7441
    7.5000   30.0000   15.000013875.2725   17.7282
   -7.5000   37.5000   15.000013975.3926   17.7226
    0.0000   37.5000   15.000014757.3359   17.7075
    7.5000   37.5000   15.000014051.9473   17.6874
   -7.5000   45.0000   15.000013679.0273   17.3102
    0.0000   45.0000   15.000014452.7412   17.2960
    7.5000   45.0000   15.000013730.3027   17.2722
   -7.5000  -45.0000   22.5000 5275.8228   21.4001
    0.0000  -45.0000   22.5000 5527.8521   21.3841
    7.5000  -45.0000   22.5000 5323.2275   21.3583
   -7.5000  -37.5000   22.5000 6041.1665   20.3155
    0.0000  -37.5000   22.5000 6351.6333   20.2993
    7.5000  -37.5000   22.5000 6101.7212   20.2754
   -7.5000  -30.0000   22.5000 7116.2007   19.4816
    0.0000  -30.0000   22.5000 7516.8931   19.4754
    7.5000  -30.0000   22.5000 7226.4980   19.4584
   -7.5000  -22.5000   22.5000 8367.1543   18.8773
    0.0000  -22.5000   22.5000 8867.9395   18.8730
    7.5000  -22.5000   22.5000 8491.8135   18.8611
   -7.5000  -15.0000   22.5000 9662.8682   18.4254
    0.0000  -15.0000   22.500010243.6543   18.4160
    7.5000  -15.0000   22.5000 9806.2236   18.4033
   -7.5000   -7.5000   22.500010942.5996   18.0986
    0.0000   -7.5000   22.500011600.1582   18.0850
    7.5000   -7.5000   22.500011111.5244   18.0678
   -7.5000    0.0000   22.500012224.2256   18.0450
    0.0000    0.0000   22.500012920.2490   18.0310
    7.5000    0.0000   22.500012384.8828   18.0086
   -7.5000    7.5000   22.500012506.6826   18.0609
    0.0000    7.5000   22.500013185.2100   18.0513
    7.5000    7.5000   22.500012666.3115   18.0288
   -7.5000   15.0000   22.500012637.4922   18.0658
    0.0000   15.0000   22.500013333.7998   18.0612
    7.5000   15.0000   22.500012830.5820   18.0434
   -7.5000   22.5000   22.500012758.2783   18.0479
    0.0000   22.5000   22.500013459.6172   18.0430
    7.5000   22.5000   22.500012946.5801   18.0303
   -7.5000   30.0000   22.500012707.8711   17.8244
    0.0000   30.0000   22.500013338.3125   17.8147
    7.5000   30.0000   22.500012838.2734   17.8027
   -7.5000   37.5000   22.500012950.9189   17.8005
    0.0000   37.5000   22.500013516.0791   17.7867
    7.5000   37.5000   22.500012985.8662   17.7699
   -7.5000   45.0000   22.500012645.7109   17.3933
    0.0000   45.0000   22.500013246.1885   17.3798
    7.5000   45.0000   22.500012746.2021   17.3582
   -7.5000  -45.0000   30.0000 4845.3325   21.8308
    0.0000  -45.0000   30.0000 5090.6714   21.8086
    7.5000  -45.0000   30.0000 4905.1528   21.7761
   -7.5000  -37.5000   30.0000 5595.4946   20.7139
    0.0000  -37.5000   30.0000 5890.8550   20.6926
    7.5000  -37.5000   30.0000 5633.9395   20.6611
   -7.5000  -30.0000   30.0000 6609.8320   19.8392
    0.0000  -30.0000   30.0000 6996.5127   19.8312
    7.5000  -30.0000   30.0000 6712.6362   19.8067
   -7.5000  -22.5000   30.0000 7805.9834   19.2092
    0.0000  -22.5000   30.0000 8269.0020   19.2043
    7.5000  -22.5000   30.0000 7911.3101   19.1851
   -7.5000  -15.0000   30.0000 8994.8408   18.7459
    0.0000  -15.0000   30.0000 9522.2959   18.7350
    7.5000  -15.0000   30.0000 9129.3008   18.7157
   -7.5000   -7.5000   30.000010205.9805   18.4207
    0.0000   -7.5000   30.000010766.7490   18.4024
    7.5000   -7.5000   30.000010323.5693   18.3785
   -7.5000    0.0000   30.000011407.8438   18.3753
    0.0000    0.0000   30.000012004.0830   18.3541
    7.5000    0.0000   30.000011516.2529   18.3244
   -7.5000    7.5000   30.000011657.5410   18.3874
    0.0000    7.5000   30.000012276.8359   18.3724
    7.5000    7.5000   30.000011818.7041   18.3424
   -7.5000   15.0000   30.000011779.2676   18.3795
    0.0000   15.0000   30.000012429.6211   18.3731
    7.5000   15.0000   30.000011980.7061   18.3480
   -7.5000   22.5000   30.000011894.5859   18.3529
    0.0000   22.5000   30.000012498.1162   18.3475
    7.5000   22.5000   30.000012050.4375   18.3282
   -7.5000   30.0000   30.000011817.9639   18.1282
    0.0000   30.0000   30.000012353.7783   18.1171
    7.5000   30.0000   30.000011903.3877   18.0989
   -7.5000   37.5000   30.000012024.5254   18.1159
    0.0000   37.5000   30.000012533.7910   18.0975
    7.5000   37.5000   30.000012065.1230   18.0741
   -7.5000   45.0000   30.000011721.1367   17.7117
    0.0000   45.0000   30.000012267.0430   17.6912
    7.5000   45.0000   30.000011825.4580   17.6626
   -7.5000  -45.0000   37.5000 4612.1387   22.3942
    0.0000  -45.0000   37.5000 4851.1440   22.3647
    7.5000  -45.0000   37.5000 4684.4619   22.3199
   -7.5000  -37.5000   37.5000 5344.6826   21.2140
    0.0000  -37.5000   37.5000 5629.4980   21.1860
    7.5000  -37.5000   37.5000 5396.3818   21.1428
   -7.5000  -30.0000   37.5000 6330.6680   20.2943
    0.0000  -30.0000   37.5000 6690.2134   20.2832
    7.5000  -30.0000   37.5000 6441.8877   20.2474
   -7.5000  -22.5000   37.5000 7464.7163   19.6419
    0.0000  -22.5000   37.5000 7879.9873   19.6344
    7.5000  -22.5000   37.5000 7573.1069   19.6041
   -7.5000  -15.0000   37.5000 8598.7217   19.1609
    0.0000  -15.0000   37.5000 9083.4766   19.1449
    7.5000  -15.0000   37.5000 8735.5527   19.1145
   -7.5000   -7.5000   37.5000 9756.3457   18.8259
    0.0000   -7.5000   37.500010291.4590   18.7990
    7.5000   -7.5000   37.5000 9886.4424   18.7640
   -7.5000    0.0000   37.500010912.1328   18.7843
    0.0000    0.0000   37.500011492.3740   18.7527
    7.5000    0.0000   37.500011036.7139   18.7118
   -7.5000    7.5000   37.500011199.3486   18.7958
    0.0000    7.5000   37.500011787.8467   18.7732
    7.5000    7.5000   37.500011340.9814   18.7319
   -7.5000   15.0000   37.500011330.2861   18.7822
    0.0000   15.0000   37.500011945.1143   18.7719
    7.5000   15.0000   37.500011503.3877   18.7362
   -7.5000   22.5000   37.500011426.9150   18.7509
    0.0000   22.5000   37.500012020.8789   18.7430
    7.5000   22.5000   37.500011564.3018   18.7132
   -7.5000   30.0000   37.500011349.4336   18.5209
    0.0000   30.0000   37.500011857.4678   18.5052
    7.5000   30.0000   37.500011429.5000   18.4765
   -7.5000   37.5000   37.500011549.2480   18.5127
    0.0000   37.5000   37.500012054.2227   18.4859
    7.5000   37.5000   37.500011611.6943   18.4516
   -7.5000   45.0000   37.500011252.6094   18.1059
    0.0000   45.0000   37.500011760.1250   18.0755
    7.5000   45.0000   37.500011335.9453   18.0360
   -7.5000  -45.0000   45.0000 4202.8330   23.0085
    0.0000  -45.0000   45.0000 4419.5806   22.9786
    7.5000  -45.0000   45.0000 4269.6274   22.9281
   -7.5000  -37.5000   45.0000 4873.3945   21.7709
    0.0000  -37.5000   45.0000 5129.7671   21.7411
    7.5000  -37.5000   45.0000 4941.4365   21.6959
   -7.5000  -30.0000   45.0000 5789.6948   20.8155
    0.0000  -30.0000   45.0000 6094.7378   20.8039
    7.5000  -30.0000   45.0000 5883.9170   20.7672
   -7.5000  -22.5000   45.0000 6802.9243   20.1451
    0.0000  -22.5000   45.0000 7166.5498   20.1370
    7.5000  -22.5000   45.0000 6904.0156   20.1043
   -7.5000  -15.0000   45.0000 7847.9185   19.6398
    0.0000  -15.0000   45.0000 8271.2266   19.6218
    7.5000  -15.0000   45.0000 7963.8262   19.5866
   -7.5000   -7.5000   45.0000 8929.7666   19.2770
    0.0000   -7.5000   45.0000 9399.2891   19.2472
    7.5000   -7.5000   45.0000 9035.8789   19.2069
   -7.5000    0.0000   45.0000 9984.3535   19.2267
    0.0000    0.0000   45.000010521.1602   19.1921
    7.5000    0.0000   45.000010107.1348   19.1467
   -7.5000    7.5000   45.000010260.3340   19.2404
    0.0000    7.5000   45.000010803.2959   19.2154
    7.5000    7.5000   45.000010396.3184   19.1719
   -7.5000   15.0000   45.000010382.6758   19.2339
    0.0000   15.0000   45.000010956.2100   19.2222
    7.5000   15.0000   45.000010549.2031   19.1857
   -7.5000   22.5000   45.000010489.9023   19.2079
    0.0000   22.5000   45.000011028.9268   19.1991
    7.5000   22.5000   45.000010611.3711   19.1670
   -7.5000   30.0000   45.000010420.4775   18.9694
    0.0000   30.0000   45.000010899.2510   18.9519
    7.5000   30.0000   45.000010488.6484   18.9187
   -7.5000   37.5000   45.000010587.0723   18.9525
    0.0000   37.5000   45.000011051.1367   18.9227
    7.5000   37.5000   45.000010637.2207   18.8833
   -7.5000   45.0000   45.000010313.8457   18.5407
    0.0000   45.0000   45.000010781.8369   18.5074
    7.5000   45.0000   45.000010385.5234   18.4635

---------------------------------------------------------------------
imgreg_4dfp /opt/freesurfer/average/711-2C_as_mni_average_305 /opt/freesurfer/average/711-2B_as_mni_average_305_mask talsrcimg_g11 none talsrcimg_to_711-2C_as_mni_average_305_t4 4355
---------------------------------------------------------------------

freesurfer imgreg_4dfp.c
/opt/freesurfer/average/711-2C_as_mni_average_305.4dfp.img
       256       256       256         1
  1.000000  1.000000  1.000000
orientation T byte_order littleendian
Reading image: /opt/freesurfer/average/711-2C_as_mni_average_305.4dfp.img
dimensions:      256       256       256
mmppix:       1.0000   -1.0000   -1.0000
center:     128.0000 -129.0000 -129.0000
/opt/freesurfer/average/711-2B_as_mni_average_305_mask.4dfp.img
       256       256       256         1
  1.000000  1.000000  1.000000
orientation T byte_order littleendian
Reading mask: /opt/freesurfer/average/711-2B_as_mni_average_305_mask.4dfp.img (2306576 pixels)
talsrcimg_g11.4dfp.img
       256       256       256         1
  1.000000  1.000000  1.000000
orientation T byte_order littleendian
Reading image: talsrcimg_g11.4dfp.img
dimensions:      256       256       256
mmppix:       1.0000   -1.0000   -1.0000
center:     128.0000 -129.0000 -129.0000
rotation matrix determinant  1.000000
image alignment mode   4355 decimal     1103 hex
   -7.5000   -7.5000  -45.0000 2105.3521   20.2793
    0.0000   -7.5000  -45.0000 2119.0825   20.1755
    7.5000   -7.5000  -45.0000 2117.4539   20.0381
   -7.5000    0.0000  -45.0000 2218.4858   18.3431
    0.0000    0.0000  -45.0000 2231.5847   18.2500
    7.5000    0.0000  -45.0000 2229.3079   18.1504
   -7.5000    7.5000  -45.0000 2311.9504   16.8673
    0.0000    7.5000  -45.0000 2326.7695   16.7838
    7.5000    7.5000  -45.0000 2319.7102   16.6850
   -7.5000   15.0000  -45.0000 2382.6921   15.8018
    0.0000   15.0000  -45.0000 2399.4922   15.7474
    7.5000   15.0000  -45.0000 2385.5803   15.6784
   -7.5000   22.5000  -45.0000 2412.4656   15.1228
    0.0000   22.5000  -45.0000 2438.5098   15.0193
    7.5000   22.5000  -45.0000 2422.4224   15.0070
   -7.5000   30.0000  -45.0000 2426.4905   14.7077
    0.0000   30.0000  -45.0000 2450.9451   14.6151
    7.5000   30.0000  -45.0000 2438.8752   14.6140
   -7.5000   37.5000  -45.0000 2430.5149   14.6641
    0.0000   37.5000  -45.0000 2455.3357   14.5360
    7.5000   37.5000  -45.0000 2443.9316   14.5448
   -7.5000   45.0000  -45.0000 2420.5647   14.8643
    0.0000   45.0000  -45.0000 2446.2507   14.7379
    7.5000   45.0000  -45.0000 2437.6257   14.7649
   -7.5000   52.5000  -45.0000 2370.9131   15.3026
    0.0000   52.5000  -45.0000 2392.3523   15.1561
    7.5000   52.5000  -45.0000 2383.3381   15.1682
   -7.5000   60.0000  -45.0000 2266.7349   15.7386
    0.0000   60.0000  -45.0000 2289.2271   15.5908
    7.5000   60.0000  -45.0000 2284.3914   15.5997
   -7.5000   67.5000  -45.0000 2136.2568   16.1005
    0.0000   67.5000  -45.0000 2158.1426   15.9423
    7.5000   67.5000  -45.0000 2149.9307   15.9629
   -7.5000   75.0000  -45.0000 1983.2014   16.4539
    0.0000   75.0000  -45.0000 1996.9478   16.2896
    7.5000   75.0000  -45.0000 1986.6536   16.3532
   -7.5000   82.5000  -45.0000 1886.3179   18.1397
    0.0000   82.5000  -45.0000 1900.3126   17.9171
    7.5000   82.5000  -45.0000 1890.8066   18.0295
   -7.5000   -7.5000  -37.5000 2171.5854   19.1430
    0.0000   -7.5000  -37.5000 2191.3286   19.0834
    7.5000   -7.5000  -37.5000 2185.4104   18.9541
   -7.5000    0.0000  -37.5000 2292.5574   17.3334
    0.0000    0.0000  -37.5000 2312.9473   17.2501
    7.5000    0.0000  -37.5000 2303.4114   17.1557
   -7.5000    7.5000  -37.5000 2390.6919   15.8695
    0.0000    7.5000  -37.5000 2407.7715   15.8144
    7.5000    7.5000  -37.5000 2399.3054   15.7105
   -7.5000   15.0000  -37.5000 2459.5400   14.8245
    0.0000   15.0000  -37.5000 2482.7812   14.7378
    7.5000   15.0000  -37.5000 2471.5078   14.6903
   -7.5000   22.5000  -37.5000 2497.5759   14.1297
    0.0000   22.5000  -37.5000 2522.6738   14.0469
    7.5000   22.5000  -37.5000 2512.5349   14.0260
   -7.5000   30.0000  -37.5000 2520.0862   13.7721
    0.0000   30.0000  -37.5000 2545.0024   13.6755
    7.5000   30.0000  -37.5000 2537.3667   13.6693
   -7.5000   37.5000  -37.5000 2529.0576   13.6569
    0.0000   37.5000  -37.5000 2551.3096   13.5653
    7.5000   37.5000  -37.5000 2543.0786   13.5755
   -7.5000   45.0000  -37.5000 2516.2192   13.8521
    0.0000   45.0000  -37.5000 2540.5110   13.7507
    7.5000   45.0000  -37.5000 2534.8499   13.7682
   -7.5000   52.5000  -37.5000 2458.2490   14.2213
    0.0000   52.5000  -37.5000 2485.2397   14.1167
    7.5000   52.5000  -37.5000 2475.6580   14.1428
   -7.5000   60.0000  -37.5000 2355.7178   14.6334
    0.0000   60.0000  -37.5000 2384.3914   14.5258
    7.5000   60.0000  -37.5000 2376.6404   14.5251
   -7.5000   67.5000  -37.5000 2220.1318   14.9516
    0.0000   67.5000  -37.5000 2246.5720   14.8392
    7.5000   67.5000  -37.5000 2236.7722   14.8452
   -7.5000   75.0000  -37.5000 2058.3826   15.2638
    0.0000   75.0000  -37.5000 2079.2808   15.1476
    7.5000   75.0000  -37.5000 2067.1445   15.2014
   -7.5000   82.5000  -37.5000 1958.5515   16.8163
    0.0000   82.5000  -37.5000 1976.1029   16.6399
    7.5000   82.5000  -37.5000 1970.6239   16.7116
   -7.5000   -7.5000  -30.0000 2269.8486   18.7425
    0.0000   -7.5000  -30.0000 2291.7605   18.6919
    7.5000   -7.5000  -30.0000 2285.1414   18.6022
   -7.5000    0.0000  -30.0000 2396.4680   16.9285
    0.0000    0.0000  -30.0000 2420.6548   16.8610
    7.5000    0.0000  -30.0000 2407.4243   16.7878
   -7.5000    7.5000  -30.0000 2495.4023   15.4703
    0.0000    7.5000  -30.0000 2516.1196   15.4102
    7.5000    7.5000  -30.0000 2507.1714   15.3411
   -7.5000   15.0000  -30.0000 2566.8818   14.4123
    0.0000   15.0000  -30.0000 2594.0447   14.3317
    7.5000   15.0000  -30.0000 2590.6914   14.2815
   -7.5000   22.5000  -30.0000 2621.9963   13.6751
    0.0000   22.5000  -30.0000 2649.7971   13.6007
    7.5000   22.5000  -30.0000 2648.6118   13.5837
   -7.5000   30.0000  -30.0000 2654.7290   13.2598
    0.0000   30.0000  -30.0000 2685.0105   13.2128
    7.5000   30.0000  -30.0000 2675.8833   13.2046
   -7.5000   37.5000  -30.0000 2670.0156   13.1253
    0.0000   37.5000  -30.0000 2695.4304   13.0895
    7.5000   37.5000  -30.0000 2689.0542   13.1192
   -7.5000   45.0000  -30.0000 2656.1377   13.3569
    0.0000   45.0000  -30.0000 2684.6968   13.2808
    7.5000   45.0000  -30.0000 2674.9749   13.3193
   -7.5000   52.5000  -30.0000 2596.9297   13.7519
    0.0000   52.5000  -30.0000 2627.1233   13.6303
    7.5000   52.5000  -30.0000 2615.7847   13.6671
   -7.5000   60.0000  -30.0000 2487.7075   14.1279
    0.0000   60.0000  -30.0000 2521.5103   14.0216
    7.5000   60.0000  -30.0000 2512.6084   14.0497
   -7.5000   67.5000  -30.0000 2349.6829   14.4478
    0.0000   67.5000  -30.0000 2376.3198   14.3296
    7.5000   67.5000  -30.0000 2370.5308   14.3707
   -7.5000   75.0000  -30.0000 2180.1118   14.7779
    0.0000   75.0000  -30.0000 2202.1326   14.6510
    7.5000   75.0000  -30.0000 2192.0581   14.7073
   -7.5000   82.5000  -30.0000 2070.8103   16.2562
    0.0000   82.5000  -30.0000 2092.3574   16.1008
    7.5000   82.5000  -30.0000 2084.9233   16.1415
   -7.5000   -7.5000  -22.5000 2326.9116   18.2841
    0.0000   -7.5000  -22.5000 2354.2324   18.1769
    7.5000   -7.5000  -22.5000 2346.7102   18.1345
   -7.5000    0.0000  -22.5000 2453.3728   16.4374
    0.0000    0.0000  -22.5000 2483.7534   16.3197
    7.5000    0.0000  -22.5000 2471.9426   16.2983
   -7.5000    7.5000  -22.5000 2559.8013   14.9860
    0.0000    7.5000  -22.5000 2589.8271   14.8794
    7.5000    7.5000  -22.5000 2579.0151   14.8888
   -7.5000   15.0000  -22.5000 2638.9121   13.8923
    0.0000   15.0000  -22.5000 2676.6736   13.8103
    7.5000   15.0000  -22.5000 2670.8459   13.8134
   -7.5000   22.5000  -22.5000 2704.3853   13.1214
    0.0000   22.5000  -22.5000 2741.7373   13.0389
    7.5000   22.5000  -22.5000 2743.1631   13.0549
   -7.5000   30.0000  -22.5000 2745.3899   12.6453
    0.0000   30.0000  -22.5000 2783.1548   12.5848
    7.5000   30.0000  -22.5000 2777.2297   12.6386
   -7.5000   37.5000  -22.5000 2769.4358   12.4883
    0.0000   37.5000  -22.5000 2805.8032   12.4517
    7.5000   37.5000  -22.5000 2799.9971   12.5009
   -7.5000   45.0000  -22.5000 2760.9111   12.7574
    0.0000   45.0000  -22.5000 2800.3420   12.6576
    7.5000   45.0000  -22.5000 2791.8301   12.7293
   -7.5000   52.5000  -22.5000 2705.7073   13.1483
    0.0000   52.5000  -22.5000 2739.4233   13.0389
    7.5000   52.5000  -22.5000 2731.4250   13.0915
   -7.5000   60.0000  -22.5000 2593.0645   13.5442
    0.0000   60.0000  -22.5000 2624.5354   13.4187
    7.5000   60.0000  -22.5000 2619.3142   13.4533
   -7.5000   67.5000  -22.5000 2446.9121   13.8437
    0.0000   67.5000  -22.5000 2471.0383   13.7213
    7.5000   67.5000  -22.5000 2470.6855   13.7766
   -7.5000   75.0000  -22.5000 2263.3406   14.2054
    0.0000   75.0000  -22.5000 2285.8911   14.0609
    7.5000   75.0000  -22.5000 2279.9329   14.1287
   -7.5000   82.5000  -22.5000 2153.5566   15.6314
    0.0000   82.5000  -22.5000 2174.1418   15.4942
    7.5000   82.5000  -22.5000 2168.8223   15.5353
   -7.5000   -7.5000  -15.0000 2337.9661   17.8647
    0.0000   -7.5000  -15.0000 2369.0327   17.7127
    7.5000   -7.5000  -15.0000 2361.7932   17.7183
   -7.5000    0.0000  -15.0000 2467.1802   15.9870
    0.0000    0.0000  -15.0000 2495.0071   15.8463
    7.5000    0.0000  -15.0000 2490.0754   15.8732
   -7.5000    7.5000  -15.0000 2579.8538   14.5323
    0.0000    7.5000  -15.0000 2613.4250   14.4221
    7.5000    7.5000  -15.0000 2609.5107   14.4678
   -7.5000   15.0000  -15.0000 2673.3694   13.4302
    0.0000   15.0000  -15.0000 2711.5732   13.3293
    7.5000   15.0000  -15.0000 2711.3201   13.3800
   -7.5000   22.5000  -15.0000 2755.7502   12.6349
    0.0000   22.5000  -15.0000 2793.1841   12.5756
    7.5000   22.5000  -15.0000 2791.8440   12.6071
   -7.5000   30.0000  -15.0000 2802.6084   12.1038
    0.0000   30.0000  -15.0000 2839.2693   12.0212
    7.5000   30.0000  -15.0000 2838.3726   12.1191
   -7.5000   37.5000  -15.0000 2839.2842   11.9128
    0.0000   37.5000  -15.0000 2871.2854   11.8185
    7.5000   37.5000  -15.0000 2866.0920   11.9541
   -7.5000   45.0000  -15.0000 2835.5383   12.1853
    0.0000   45.0000  -15.0000 2870.4026   12.0660
    7.5000   45.0000  -15.0000 2866.0574   12.1612
   -7.5000   52.5000  -15.0000 2771.6672   12.6048
    0.0000   52.5000  -15.0000 2805.9866   12.4631
    7.5000   52.5000  -15.0000 2806.1777   12.5593
   -7.5000   60.0000  -15.0000 2656.9204   13.0102
    0.0000   60.0000  -15.0000 2685.2920   12.8654
    7.5000   60.0000  -15.0000 2688.9390   12.9379
   -7.5000   67.5000  -15.0000 2504.9614   13.3377
    0.0000   67.5000  -15.0000 2526.7837   13.1658
    7.5000   67.5000  -15.0000 2529.9761   13.2698
   -7.5000   75.0000  -15.0000 2320.2114   13.6788
    0.0000   75.0000  -15.0000 2340.9829   13.5084
    7.5000   75.0000  -15.0000 2337.1599   13.6029
   -7.5000   82.5000  -15.0000 2207.2964   15.0947
    0.0000   82.5000  -15.0000 2230.4028   14.9306
    7.5000   82.5000  -15.0000 2224.5571   15.0070
   -7.5000   -7.5000   -7.5000 2333.1709   17.6204
    0.0000   -7.5000   -7.5000 2360.8259   17.3792
    7.5000   -7.5000   -7.5000 2360.0911   17.4737
   -7.5000    0.0000   -7.5000 2463.1362   15.7292
    0.0000    0.0000   -7.5000 2489.0845   15.5241
    7.5000    0.0000   -7.5000 2488.8584   15.6024
   -7.5000    7.5000   -7.5000 2580.7927   14.2787
    0.0000    7.5000   -7.5000 2612.1750   14.0956
    7.5000    7.5000   -7.5000 2614.2966   14.1838
   -7.5000   15.0000   -7.5000 2681.7202   13.1347
    0.0000   15.0000   -7.5000 2715.9832   12.9887
    7.5000   15.0000   -7.5000 2723.0627   13.0796
   -7.5000   22.5000   -7.5000 2779.0190   12.3330
    0.0000   22.5000   -7.5000 2816.7080   12.2212
    7.5000   22.5000   -7.5000 2823.3652   12.2885
   -7.5000   30.0000   -7.5000 2845.0977   11.7773
    0.0000   30.0000   -7.5000 2886.4023   11.6406
    7.5000   30.0000   -7.5000 2889.7568   11.7713
   -7.5000   37.5000   -7.5000 2886.8066   11.5426
    0.0000   37.5000   -7.5000 2922.8064   11.3463
    7.5000   37.5000   -7.5000 2923.9348   11.5623
   -7.5000   45.0000   -7.5000 2889.7810   11.8102
    0.0000   45.0000   -7.5000 2916.3853   11.5838
    7.5000   45.0000   -7.5000 2925.9219   11.7893
   -7.5000   52.5000   -7.5000 2823.8167   12.2288
    0.0000   52.5000   -7.5000 2855.7480   12.0153
    7.5000   52.5000   -7.5000 2868.6841   12.1726
   -7.5000   60.0000   -7.5000 2707.7275   12.6119
    0.0000   60.0000   -7.5000 2734.2109   12.4079
    7.5000   60.0000   -7.5000 2742.7878   12.5384
   -7.5000   67.5000   -7.5000 2547.1094   12.9454
    0.0000   67.5000   -7.5000 2571.6777   12.7303
    7.5000   67.5000   -7.5000 2574.0366   12.8451
   -7.5000   75.0000   -7.5000 2358.6553   13.3282
    0.0000   75.0000   -7.5000 2376.2957   13.1071
    7.5000   75.0000   -7.5000 2376.2231   13.2080
   -7.5000   82.5000   -7.5000 2242.6887   14.7144
    0.0000   82.5000   -7.5000 2266.1230   14.4990
    7.5000   82.5000   -7.5000 2263.3770   14.6067
   -7.5000   -7.5000    0.0000 2313.6758   17.5761
    0.0000   -7.5000    0.0000 2335.3376   17.3608
    7.5000   -7.5000    0.0000 2340.9961   17.4332
   -7.5000    0.0000    0.0000 2444.7803   15.6541
    0.0000    0.0000    0.0000 2470.5764   15.4571
    7.5000    0.0000    0.0000 2472.6655   15.5204
   -7.5000    7.5000    0.0000 2567.3191   14.1818
    0.0000    7.5000    0.0000 2598.4717   13.9954
    7.5000    7.5000    0.0000 2604.1143   14.1084
   -7.5000   15.0000    0.0000 2678.2676   13.0511
    0.0000   15.0000    0.0000 2706.7583   12.8726
    7.5000   15.0000    0.0000 2719.2681   12.9867
   -7.5000   22.5000    0.0000 2781.0806   12.2867
    0.0000   22.5000    0.0000 2814.8879   12.1148
    7.5000   22.5000    0.0000 2833.7881   12.2134
   -7.5000   30.0000    0.0000 2864.5327   11.8001
    0.0000   30.0000    0.0000 2909.8809   11.6433
    7.5000   30.0000    0.0000 2926.7249   11.7445
   -7.5000   37.5000    0.0000 2922.4963   11.5428
    0.0000   37.5000    0.0000 2964.8428   11.3235
    7.5000   37.5000    0.0000 2975.7444   11.4981
   -7.5000   45.0000    0.0000 2928.7534   11.6609
    0.0000   45.0000    0.0000 2962.2751   11.4055
    7.5000   45.0000    0.0000 2963.2791   11.5873
   -7.5000   52.5000    0.0000 2856.8015   11.9592
    0.0000   52.5000    0.0000 2889.0654   11.7548
    7.5000   52.5000    0.0000 2894.4424   11.8454
   -7.5000   60.0000    0.0000 2730.3323   12.3239
    0.0000   60.0000    0.0000 2760.1963   12.1194
    7.5000   60.0000    0.0000 2767.0122   12.1726
   -7.5000   67.5000    0.0000 2568.0515   12.6823
    0.0000   67.5000    0.0000 2594.6042   12.5024
    7.5000   67.5000    0.0000 2594.5518   12.5420
   -7.5000   75.0000    0.0000 2376.4189   13.0929
    0.0000   75.0000    0.0000 2398.5146   12.9205
    7.5000   75.0000    0.0000 2392.9841   12.9503
   -7.5000   82.5000    0.0000 2261.0254   14.4489
    0.0000   82.5000    0.0000 2285.9905   14.2746
    7.5000   82.5000    0.0000 2276.6687   14.2922
   -7.5000   -7.5000    7.5000 2287.0559   17.6966
    0.0000   -7.5000    7.5000 2306.7830   17.3942
    7.5000   -7.5000    7.5000 2317.8987   17.5798
   -7.5000    0.0000    7.5000 2416.2268   15.7547
    0.0000    0.0000    7.5000 2439.7224   15.4833
    7.5000    0.0000    7.5000 2450.0342   15.6387
   -7.5000    7.5000    7.5000 2538.7146   14.3006
    0.0000    7.5000    7.5000 2561.1838   14.0417
    7.5000    7.5000    7.5000 2576.0715   14.2011
   -7.5000   15.0000    7.5000 2653.6038   13.1670
    0.0000   15.0000    7.5000 2677.0208   12.9587
    7.5000   15.0000    7.5000 2693.0310   13.0920
   -7.5000   22.5000    7.5000 2765.4219   12.4386
    0.0000   22.5000    7.5000 2802.3132   12.2922
    7.5000   22.5000    7.5000 2814.3218   12.3657
   -7.5000   30.0000    7.5000 2863.6333   11.9712
    0.0000   30.0000    7.5000 2917.5129   11.9094
    7.5000   30.0000    7.5000 2918.5603   11.9003
   -7.5000   37.5000    7.5000 2925.3760   11.7073
    0.0000   37.5000    7.5000 2985.3345   11.6175
    7.5000   37.5000    7.5000 2978.3357   11.5992
   -7.5000   45.0000    7.5000 2939.0012   11.6455
    0.0000   45.0000    7.5000 2985.2178   11.4796
    7.5000   45.0000    7.5000 2972.2041   11.5180
   -7.5000   52.5000    7.5000 2866.4490   11.8349
    0.0000   52.5000    7.5000 2904.8269   11.6348
    7.5000   52.5000    7.5000 2897.4009   11.6526
   -7.5000   60.0000    7.5000 2733.6257   12.1606
    0.0000   60.0000    7.5000 2767.4829   11.9764
    7.5000   60.0000    7.5000 2771.6631   11.9949
   -7.5000   67.5000    7.5000 2572.9753   12.5548
    0.0000   67.5000    7.5000 2594.5303   12.3737
    7.5000   67.5000    7.5000 2591.7332   12.3991
   -7.5000   75.0000    7.5000 2380.7224   12.9983
    0.0000   75.0000    7.5000 2400.8931   12.8264
    7.5000   75.0000    7.5000 2393.0701   12.8607
   -7.5000   82.5000    7.5000 2266.3396   14.3570
    0.0000   82.5000    7.5000 2288.3000   14.1801
    7.5000   82.5000    7.5000 2277.0845   14.2268
   -7.5000   -7.5000   15.0000 2251.2288   18.0904
    0.0000   -7.5000   15.0000 2276.0110   17.7853
    7.5000   -7.5000   15.0000 2286.2048   17.9806
   -7.5000    0.0000   15.0000 2381.9424   16.0995
    0.0000    0.0000   15.0000 2404.9390   15.8087
    7.5000    0.0000   15.0000 2415.3223   16.0067
   -7.5000    7.5000   15.0000 2504.4089   14.6208
    0.0000    7.5000   15.0000 2522.7341   14.3605
    7.5000    7.5000   15.0000 2533.8936   14.5213
   -7.5000   15.0000   15.0000 2616.5640   13.5111
    0.0000   15.0000   15.0000 2641.3105   13.2801
    7.5000   15.0000   15.0000 2649.6433   13.3776
   -7.5000   22.5000   15.0000 2733.4497   12.7463
    0.0000   22.5000   15.0000 2763.4207   12.5617
    7.5000   22.5000   15.0000 2773.2439   12.6119
   -7.5000   30.0000   15.0000 2835.5281   12.2111
    0.0000   30.0000   15.0000 2874.6055   12.0320
    7.5000   30.0000   15.0000 2878.6765   12.0745
   -7.5000   37.5000   15.0000 2898.9802   11.8875
    0.0000   37.5000   15.0000 2947.9570   11.6451
    7.5000   37.5000   15.0000 2938.8110   11.7237
   -7.5000   45.0000   15.0000 2918.7224   11.8511
    0.0000   45.0000   15.0000 2962.4482   11.5751
    7.5000   45.0000   15.0000 2946.7927   11.6233
   -7.5000   52.5000   15.0000 2849.6919   12.0333
    0.0000   52.5000   15.0000 2897.4812   11.8195
    7.5000   52.5000   15.0000 2888.5808   11.8337
   -7.5000   60.0000   15.0000 2718.8616   12.3189
    0.0000   60.0000   15.0000 2758.1941   12.1546
    7.5000   60.0000   15.0000 2757.1934   12.1732
   -7.5000   67.5000   15.0000 2553.8943   12.6765
    0.0000   67.5000   15.0000 2577.9165   12.5377
    7.5000   67.5000   15.0000 2573.6880   12.5575
   -7.5000   75.0000   15.0000 2360.8564   13.0908
    0.0000   75.0000   15.0000 2381.7971   12.9206
    7.5000   75.0000   15.0000 2373.8831   12.9714
   -7.5000   82.5000   15.0000 2244.0237   14.4344
    0.0000   82.5000   15.0000 2266.9841   14.2565
    7.5000   82.5000   15.0000 2258.0857   14.3144
   -7.5000   -7.5000   22.5000 2221.2126   18.7664
    0.0000   -7.5000   22.5000 2244.9053   18.4794
    7.5000   -7.5000   22.5000 2246.0710   18.6696
   -7.5000    0.0000   22.5000 2351.2898   16.7201
    0.0000    0.0000   22.5000 2372.1077   16.4112
    7.5000    0.0000   22.5000 2374.2283   16.5917
   -7.5000    7.5000   22.5000 2468.1379   15.2080
    0.0000    7.5000   22.5000 2488.9695   14.8592
    7.5000    7.5000   22.5000 2491.8315   15.0088
   -7.5000   15.0000   22.5000 2579.2002   14.0194
    0.0000   15.0000   22.5000 2604.2471   13.7110
    7.5000   15.0000   22.5000 2612.1902   13.8211
   -7.5000   22.5000   22.5000 2694.5078   13.1692
    0.0000   22.5000   22.5000 2722.0691   12.8852
    7.5000   22.5000   22.5000 2731.8247   12.9712
   -7.5000   30.0000   22.5000 2791.8240   12.5796
    0.0000   30.0000   22.5000 2820.8159   12.2751
    7.5000   30.0000   22.5000 2826.9592   12.3731
   -7.5000   37.5000   22.5000 2853.7109   12.2203
    0.0000   37.5000   22.5000 2889.6384   11.8643
    7.5000   37.5000   22.5000 2885.0562   11.9720
   -7.5000   45.0000   22.5000 2869.2078   12.1817
    0.0000   45.0000   22.5000 2908.1638   11.8537
    7.5000   45.0000   22.5000 2906.2507   11.9419
   -7.5000   52.5000   22.5000 2807.0122   12.3840
    0.0000   52.5000   22.5000 2849.7356   12.1413
    7.5000   52.5000   22.5000 2848.3684   12.2035
   -7.5000   60.0000   22.5000 2683.9404   12.6999
    0.0000   60.0000   22.5000 2720.2881   12.4995
    7.5000   60.0000   22.5000 2723.0515   12.5434
   -7.5000   67.5000   22.5000 2522.9795   13.0268
    0.0000   67.5000   22.5000 2554.3074   12.8452
    7.5000   67.5000   22.5000 2551.1658   12.8840
   -7.5000   75.0000   22.5000 2329.3020   13.3873
    0.0000   75.0000   22.5000 2359.2009   13.2313
    7.5000   75.0000   22.5000 2350.3247   13.2640
   -7.5000   82.5000   22.5000 2216.8516   14.7076
    0.0000   82.5000   22.5000 2240.8245   14.5376
    7.5000   82.5000   22.5000 2235.5740   14.5828
   -7.5000   -7.5000   30.0000 2177.8196   19.6589
    0.0000   -7.5000   30.0000 2195.0564   19.2986
    7.5000   -7.5000   30.0000 2195.1865   19.4821
   -7.5000    0.0000   30.0000 2312.5337   17.5133
    0.0000    0.0000   30.0000 2331.0154   17.1459
    7.5000    0.0000   30.0000 2327.9827   17.2844
   -7.5000    7.5000   30.0000 2427.6663   15.8940
    0.0000    7.5000   30.0000 2455.1836   15.5195
    7.5000    7.5000   30.0000 2453.2114   15.6507
   -7.5000   15.0000   30.0000 2534.5107   14.6515
    0.0000   15.0000   30.0000 2568.4856   14.3123
    7.5000   15.0000   30.0000 2570.4006   14.4463
   -7.5000   22.5000   30.0000 2647.8916   13.7996
    0.0000   22.5000   30.0000 2678.1230   13.4077
    7.5000   22.5000   30.0000 2681.7549   13.5201
   -7.5000   30.0000   30.0000 2735.5869   13.1207
    0.0000   30.0000   30.0000 2762.4675   12.7491
    7.5000   30.0000   30.0000 2763.6992   12.8658
   -7.5000   37.5000   30.0000 2786.2473   12.7359
    0.0000   37.5000   30.0000 2818.5315   12.3572
    7.5000   37.5000   30.0000 2813.8723   12.4560
   -7.5000   45.0000   30.0000 2796.2310   12.6916
    0.0000   45.0000   30.0000 2830.1985   12.3850
    7.5000   45.0000   30.0000 2832.7664   12.4352
   -7.5000   52.5000   30.0000 2748.9382   12.8714
    0.0000   52.5000   30.0000 2778.8960   12.6144
    7.5000   52.5000   30.0000 2780.1917   12.6673
   -7.5000   60.0000   30.0000 2629.8579   13.1870
    0.0000   60.0000   30.0000 2659.7346   12.9694
    7.5000   60.0000   30.0000 2661.3191   13.0299
   -7.5000   67.5000   30.0000 2473.0688   13.5298
    0.0000   67.5000   30.0000 2510.7522   13.3133
    7.5000   67.5000   30.0000 2505.1465   13.3712
   -7.5000   75.0000   30.0000 2286.9443   13.8565
    0.0000   75.0000   30.0000 2319.8958   13.6740
    7.5000   75.0000   30.0000 2310.5762   13.7314
   -7.5000   82.5000   30.0000 2178.6094   15.1807
    0.0000   82.5000   30.0000 2203.7019   14.9675
    7.5000   82.5000   30.0000 2198.6042   15.0478
   -7.5000   -7.5000   37.5000 2123.1948   20.7235
    0.0000   -7.5000   37.5000 2146.6082   20.3217
    7.5000   -7.5000   37.5000 2148.1501   20.4522
   -7.5000    0.0000   37.5000 2256.3923   18.4885
    0.0000    0.0000   37.5000 2283.8008   18.0629
    7.5000    0.0000   37.5000 2279.5178   18.1998
   -7.5000    7.5000   37.5000 2381.0178   16.7862
    0.0000    7.5000   37.5000 2408.8582   16.3751
    7.5000    7.5000   37.5000 2403.2014   16.5154
   -7.5000   15.0000   37.5000 2486.3000   15.5178
    0.0000   15.0000   37.5000 2521.0779   15.1101
    7.5000   15.0000   37.5000 2516.3135   15.2262
   -7.5000   22.5000   37.5000 2588.8848   14.5704
    0.0000   22.5000   37.5000 2626.6023   14.1350
    7.5000   22.5000   37.5000 2621.8367   14.2383
   -7.5000   30.0000   37.5000 2668.1492   13.8723
    0.0000   30.0000   37.5000 2696.8762   13.4676
    7.5000   30.0000   37.5000 2694.0161   13.5790
   -7.5000   37.5000   37.5000 2716.5630   13.4535
    0.0000   37.5000   37.5000 2745.0056   13.0755
    7.5000   37.5000   37.5000 2740.8369   13.1714
   -7.5000   45.0000   37.5000 2718.4260   13.3937
    0.0000   45.0000   37.5000 2748.0229   13.0781
    7.5000   45.0000   37.5000 2746.5999   13.1213
   -7.5000   52.5000   37.5000 2671.3611   13.5626
    0.0000   52.5000   37.5000 2701.3760   13.2868
    7.5000   52.5000   37.5000 2700.6726   13.3339
   -7.5000   60.0000   37.5000 2558.7271   13.8362
    0.0000   60.0000   37.5000 2590.4678   13.6022
    7.5000   60.0000   37.5000 2594.2998   13.6490
   -7.5000   67.5000   37.5000 2412.8628   14.1066
    0.0000   67.5000   37.5000 2448.4204   13.8936
    7.5000   67.5000   37.5000 2447.2458   13.9367
   -7.5000   75.0000   37.5000 2236.6472   14.4495
    0.0000   75.0000   37.5000 2264.4941   14.2405
    7.5000   75.0000   37.5000 2263.6138   14.2890
   -7.5000   82.5000   37.5000 2129.3679   15.7546
    0.0000   82.5000   37.5000 2149.6343   15.5552
    7.5000   82.5000   37.5000 2144.7407   15.5882
   -7.5000   -7.5000   45.0000 2065.5681   22.0926
    0.0000   -7.5000   45.0000 2089.3523   21.6414
    7.5000   -7.5000   45.0000 2091.3191   21.7237
   -7.5000    0.0000   45.0000 2197.3037   19.6600
    0.0000    0.0000   45.0000 2228.7468   19.2703
    7.5000    0.0000   45.0000 2224.7078   19.3797
   -7.5000    7.5000   45.0000 2313.2524   17.8691
    0.0000    7.5000   45.0000 2348.5481   17.4726
    7.5000    7.5000   45.0000 2343.4995   17.6069
   -7.5000   15.0000   45.0000 2419.0791   16.5562
    0.0000   15.0000   45.0000 2456.0249   16.1317
    7.5000   15.0000   45.0000 2450.3340   16.2392
   -7.5000   22.5000   45.0000 2516.0303   15.5265
    0.0000   22.5000   45.0000 2551.1460   15.1332
    7.5000   22.5000   45.0000 2548.5444   15.2223
   -7.5000   30.0000   45.0000 2586.3152   14.8086
    0.0000   30.0000   45.0000 2614.8228   14.4323
    7.5000   30.0000   45.0000 2611.7422   14.5191
   -7.5000   37.5000   45.0000 2628.7444   14.3489
    0.0000   37.5000   45.0000 2651.4226   14.0011
    7.5000   37.5000   45.0000 2647.7468   14.0697
   -7.5000   45.0000   45.0000 2627.4944   14.2821
    0.0000   45.0000   45.0000 2654.6675   13.9551
    7.5000   45.0000   45.0000 2652.9553   14.0156
   -7.5000   52.5000   45.0000 2579.6531   14.4361
    0.0000   52.5000   45.0000 2610.6252   14.1671
    7.5000   52.5000   45.0000 2608.4783   14.2199
   -7.5000   60.0000   45.0000 2474.7817   14.6944
    0.0000   60.0000   45.0000 2508.6738   14.4647
    7.5000   60.0000   45.0000 2510.6350   14.5042
   -7.5000   67.5000   45.0000 2342.0420   14.9019
    0.0000   67.5000   45.0000 2375.5835   14.6806
    7.5000   67.5000   45.0000 2377.0535   14.7041
   -7.5000   75.0000   45.0000 2175.5115   15.1131
    0.0000   75.0000   45.0000 2202.4434   14.9026
    7.5000   75.0000   45.0000 2202.4763   14.9404
   -7.5000   82.5000   45.0000 2069.2993   16.4929
    0.0000   82.5000   45.0000 2086.9368   16.2705
    7.5000   82.5000   45.0000 2086.8538   16.3001

---------------------------------------------------------------------
imgreg_4dfp /opt/freesurfer/average/711-2C_as_mni_average_305 /opt/freesurfer/average/711-2B_as_mni_average_305_mask talsrcimg_g11 none talsrcimg_to_711-2C_as_mni_average_305_t4 1283
---------------------------------------------------------------------

freesurfer imgreg_4dfp.c
/opt/freesurfer/average/711-2C_as_mni_average_305.4dfp.img
       256       256       256         1
  1.000000  1.000000  1.000000
orientation T byte_order littleendian
Reading image: /opt/freesurfer/average/711-2C_as_mni_average_305.4dfp.img
dimensions:      256       256       256
mmppix:       1.0000   -1.0000   -1.0000
center:     128.0000 -129.0000 -129.0000
/opt/freesurfer/average/711-2B_as_mni_average_305_mask.4dfp.img
       256       256       256         1
  1.000000  1.000000  1.000000
orientation T byte_order littleendian
Reading mask: /opt/freesurfer/average/711-2B_as_mni_average_305_mask.4dfp.img (2306576 pixels)
talsrcimg_g11.4dfp.img
       256       256       256         1
  1.000000  1.000000  1.000000
orientation T byte_order littleendian
Reading image: talsrcimg_g11.4dfp.img
dimensions:      256       256       256
mmppix:       1.0000   -1.0000   -1.0000
center:     128.0000 -129.0000 -129.0000
rotation matrix determinant  1.000000
fimgreg.f
image alignment mode   1283 decimal      503 hex
parameters
    0.0000   37.5000    7.5000    0.0000    0.0000    0.0000
eta,q 0.93836 11.65557
niter,ni,del,rscale     5    3   12.0000    1.2000
parameter  4  0.718122 ->  0.500000 qaram    1.1500
parameter  6  0.544767 ->  0.500000 qaram    1.1500
parameters
    2.6492   40.0851    7.4391   -3.4500   -1.7511   -3.4500
eta,q 0.94940 11.60323
  0.0779  0.0791  0.0630  0.0552  0.0568  0.0523
  0.0704  0.0714  0.0603  0.0535  0.0536  0.0507
  0.0655  0.0647  0.0571  0.0542  0.0524  0.0509
  0.0623  0.0588  0.0566  0.0566  0.0535  0.0525
  0.0595  0.0563  0.0582  0.0601  0.0559  0.0556
  0.0596  0.0578  0.0603  0.0642  0.0600  0.0598
  0.0632  0.0612  0.0631  0.0676  0.0644  0.0644
niter,ni,del,rscale     6    3   12.0000    1.2000
parameters
    2.6729   40.4370    6.1786   -3.6982   -1.9597   -2.9156
eta,q 0.95023 11.53554
  0.0640  0.0700  0.0551  0.0597  0.0584  0.0597
  0.0585  0.0611  0.0511  0.0562  0.0538  0.0548
  0.0526  0.0535  0.0494  0.0520  0.0508  0.0509
  0.0506  0.0506  0.0508  0.0497  0.0498  0.0497
  0.0529  0.0540  0.0529  0.0516  0.0513  0.0505
  0.0576  0.0598  0.0560  0.0566  0.0546  0.0530
  0.0641  0.0648  0.0594  0.0620  0.0596  0.0569
niter,ni,del,rscale     5    3   12.0000    1.2000
parameters
    2.8522   40.4695    6.0374   -3.8632   -2.0458   -2.8076
eta,q 0.95016 11.53277
  0.0640  0.0672  0.0576  0.0597  0.0586  0.0586
  0.0584  0.0587  0.0536  0.0563  0.0540  0.0537
  0.0520  0.0516  0.0501  0.0524  0.0510  0.0503
  0.0498  0.0498  0.0499  0.0498  0.0498  0.0498
  0.0517  0.0541  0.0518  0.0514  0.0511  0.0509
  0.0563  0.0600  0.0542  0.0563  0.0541  0.0536
  0.0631  0.0650  0.0577  0.0616  0.0592  0.0577
niter,ni,del,rscale     4    3   12.0000    1.2000
parameters
    2.9191   40.4980    5.9697   -3.9512   -2.0761   -2.7762
eta,q 0.95012 11.53061
  0.0635  0.0669  0.0578  0.0598  0.0587  0.0584
  0.0578  0.0584  0.0537  0.0565  0.0541  0.0535
  0.0517  0.0516  0.0503  0.0526  0.0511  0.0503
  0.0498  0.0499  0.0499  0.0498  0.0499  0.0499
  0.0519  0.0539  0.0517  0.0512  0.0511  0.0510
  0.0566  0.0598  0.0541  0.0561  0.0540  0.0537
  0.0633  0.0648  0.0576  0.0614  0.0590  0.0578
niter,ni,del,rscale     3    3   12.0000    1.2000
parameters
    2.9422   40.5168    5.9319   -4.0012   -2.0904   -2.7671
eta,q 0.95009 11.52919
  0.0633  0.0667  0.0579  0.0599  0.0587  0.0583
  0.0576  0.0583  0.0538  0.0565  0.0541  0.0534
  0.0516  0.0516  0.0504  0.0527  0.0511  0.0503
  0.0499  0.0499  0.0499  0.0499  0.0499  0.0499
  0.0519  0.0539  0.0517  0.0511  0.0511  0.0510
  0.0567  0.0597  0.0541  0.0559  0.0540  0.0537
  0.0634  0.0647  0.0575  0.0612  0.0589  0.0578
registration optimization eta report
parameter search radius
    6.0000    6.0000    6.0000    6.9000    6.0000    6.9000
100000*second partial in parameter space
       37.       42.       21.       21.       24.       17.
  0.0633  0.0667  0.0579  0.0599  0.0587  0.0583
  0.0576  0.0583  0.0538  0.0565  0.0541  0.0534
  0.0516  0.0516  0.0504  0.0527  0.0511  0.0503
  0.0499  0.0499  0.0499  0.0499  0.0499  0.0499
  0.0519  0.0539  0.0517  0.0511  0.0511  0.0510
  0.0567  0.0597  0.0541  0.0559  0.0540  0.0537
  0.0634  0.0647  0.0575  0.0612  0.0589  0.0578
    2.9422   40.5168    5.9319   -4.0012   -2.0904   -2.7671
eta,q 0.95009 11.52919

---------------------------------------------------------------------
imgreg_4dfp /opt/freesurfer/average/711-2C_as_mni_average_305 /opt/freesurfer/average/711-2B_as_mni_average_305_mask talsrcimg_g11 none talsrcimg_to_711-2C_as_mni_average_305_t4 3335
---------------------------------------------------------------------

freesurfer imgreg_4dfp.c
/opt/freesurfer/average/711-2C_as_mni_average_305.4dfp.img
       256       256       256         1
  1.000000  1.000000  1.000000
orientation T byte_order littleendian
Reading image: /opt/freesurfer/average/711-2C_as_mni_average_305.4dfp.img
dimensions:      256       256       256
mmppix:       1.0000   -1.0000   -1.0000
center:     128.0000 -129.0000 -129.0000
/opt/freesurfer/average/711-2B_as_mni_average_305_mask.4dfp.img
       256       256       256         1
  1.000000  1.000000  1.000000
orientation T byte_order littleendian
Reading mask: /opt/freesurfer/average/711-2B_as_mni_average_305_mask.4dfp.img (2306576 pixels)
talsrcimg_g11.4dfp.img
       256       256       256         1
  1.000000  1.000000  1.000000
orientation T byte_order littleendian
Reading image: talsrcimg_g11.4dfp.img
dimensions:      256       256       256
mmppix:       1.0000   -1.0000   -1.0000
center:     128.0000 -129.0000 -129.0000
fimgreg.f
image alignment mode   3335 decimal      D07 hex
parameters
    2.9422   40.5168    5.9319   -0.1831   -0.3478   -0.3101
    4.5616    3.9713   -4.8244    6.7939   -3.6476   -6.9731
eta,q 0.94796 11.58131
niter,ni,del,rscale     5    3    5.0000    1.2000
parameter  4  3.282880 ->  0.500000 qaram    1.1500
parameter  5  2.411043 ->  0.500000 qaram    1.1500
parameter  6  1.242769 ->  0.500000 qaram    1.1500
parameter 11 -0.780001 -> -0.500000 qaram    1.1500
parameters
    2.6373   41.5605    6.5643   -4.3231   -4.4878   -4.4501
    4.1318    4.5462   -4.8584    9.2096    0.4924   -9.2741
eta,q 0.96229 11.34679
  0.0535  0.0552  0.0539  0.0439  0.0385  0.0368  0.0405  0.0427  0.0400  0.0425  0.0401  0.0382
  0.0525  0.0538  0.0529  0.0456  0.0404  0.0382  0.0394  0.0404  0.0392  0.0406  0.0394  0.0378
  0.0521  0.0526  0.0521  0.0483  0.0430  0.0397  0.0388  0.0390  0.0388  0.0393  0.0387  0.0377
  0.0520  0.0520  0.0517  0.0517  0.0462  0.0410  0.0386  0.0386  0.0386  0.0386  0.0383  0.0378
  0.0524  0.0518  0.0517  0.0552  0.0500  0.0428  0.0389  0.0388  0.0387  0.0383  0.0380  0.0381
  0.0532  0.0518  0.0519  0.0587  0.0540  0.0456  0.0397  0.0397  0.0392  0.0385  0.0378  0.0387
  0.0544  0.0522  0.0524  0.0623  0.0582  0.0502  0.0411  0.0415  0.0400  0.0393  0.0379  0.0395
niter,ni,del,rscale     7    3    5.0000    1.2000
parameter  2 -0.577247 -> -0.500000 qaram    1.1500
parameter  3  0.738394 ->  0.500000 qaram    1.1500
parameter  4  0.776877 ->  0.500000 qaram    1.3225
parameter  5  1.294685 ->  0.500000 qaram    1.3225
parameter  6  1.023753 ->  0.500000 qaram    1.3225
parameter 10 -0.552132 -> -0.500000 qaram    1.1500
parameter 12  0.970187 ->  0.500000 qaram    1.1500
parameters
    2.8727   42.9405    5.1843   -9.0841   -9.2488   -9.2111
    4.4296    3.7311   -5.9773   13.3496   -2.2923  -13.4141
eta,q 0.97403 10.92270
  0.0411  0.0418  0.0364  0.0343  0.0292  0.0281  0.0304  0.0310  0.0291  0.0329  0.0275  0.0259
  0.0394  0.0401  0.0364  0.0341  0.0304  0.0279  0.0291  0.0291  0.0284  0.0308  0.0270  0.0259
  0.0382  0.0387  0.0365  0.0346  0.0319  0.0287  0.0283  0.0281  0.0280  0.0292  0.0268  0.0263
  0.0377  0.0377  0.0369  0.0364  0.0341  0.0307  0.0280  0.0280  0.0279  0.0279  0.0270  0.0268
  0.0378  0.0371  0.0376  0.0395  0.0373  0.0326  0.0282  0.0287  0.0283  0.0271  0.0275  0.0277
  0.0386  0.0370  0.0385  0.0435  0.0411  0.0349  0.0289  0.0303  0.0291  0.0271  0.0283  0.0287
  0.0401  0.0374  0.0397  0.0475  0.0454  0.0378  0.0300  0.0326  0.0302  0.0278  0.0293  0.0299
niter,ni,del,rscale     7    3    5.0000    1.2000
parameter  5  0.807415 ->  0.500000 qaram    1.5209
parameter 12  0.673363 ->  0.500000 qaram    1.3225
parameters
    2.6594   44.2905    4.3828  -11.9404  -14.7239  -10.7947
    4.5489    3.9148   -5.9639   16.5016   -2.9793  -18.1751
eta,q 0.97903 10.56144
  0.0288  0.0327  0.0262  0.0267  0.0225  0.0259  0.0248  0.0268  0.0248  0.0291  0.0229  0.0213
  0.0271  0.0298  0.0253  0.0256  0.0223  0.0240  0.0236  0.0246  0.0235  0.0262  0.0221  0.0210
  0.0262  0.0275  0.0249  0.0250  0.0233  0.0227  0.0227  0.0230  0.0227  0.0240  0.0217  0.0211
  0.0260  0.0260  0.0251  0.0249  0.0250  0.0225  0.0224  0.0224  0.0224  0.0224  0.0217  0.0217
  0.0266  0.0252  0.0259  0.0261  0.0276  0.0238  0.0226  0.0228  0.0227  0.0217  0.0220  0.0227
  0.0279  0.0253  0.0273  0.0292  0.0314  0.0264  0.0234  0.0242  0.0235  0.0220  0.0225  0.0238
  0.0300  0.0261  0.0293  0.0335  0.0358  0.0291  0.0247  0.0265  0.0248  0.0235  0.0233  0.0251
niter,ni,del,rscale     7    3    5.0000    1.2000
parameters
    2.5630   44.8645    4.1265  -12.0337  -17.3733  -10.0192
    4.4514    4.1422   -5.9565   17.8827   -3.1292  -19.2702
eta,q 0.98009 10.49412
  0.0242  0.0269  0.0229  0.0245  0.0239  0.0263  0.0229  0.0253  0.0230  0.0262  0.0216  0.0220
  0.0223  0.0240  0.0216  0.0226  0.0218  0.0237  0.0215  0.0228  0.0215  0.0234  0.0207  0.0207
  0.0212  0.0220  0.0209  0.0213  0.0205  0.0216  0.0206  0.0209  0.0206  0.0215  0.0202  0.0200
  0.0210  0.0210  0.0208  0.0208  0.0208  0.0204  0.0203  0.0203  0.0203  0.0203  0.0200  0.0200
  0.0215  0.0209  0.0213  0.0208  0.0225  0.0205  0.0206  0.0207  0.0206  0.0200  0.0202  0.0206
  0.0227  0.0217  0.0223  0.0221  0.0256  0.0225  0.0216  0.0222  0.0216  0.0211  0.0208  0.0216
  0.0247  0.0234  0.0239  0.0253  0.0301  0.0249  0.0231  0.0248  0.0230  0.0234  0.0217  0.0230
niter,ni,del,rscale     6    3    5.0000    1.2000
parameters
    2.5750   45.1510    4.3025  -11.9907  -18.0588   -9.4455
    4.4334    4.2223   -6.0170   18.3276   -3.1294  -19.6267
eta,q 0.98029 10.49528
  0.0236  0.0253  0.0229  0.0238  0.0251  0.0259  0.0226  0.0249  0.0226  0.0251  0.0215  0.0223
  0.0215  0.0226  0.0213  0.0218  0.0227  0.0232  0.0211  0.0222  0.0211  0.0225  0.0206  0.0208
  0.0203  0.0208  0.0203  0.0205  0.0207  0.0210  0.0202  0.0204  0.0201  0.0208  0.0199  0.0199
  0.0199  0.0199  0.0199  0.0198  0.0198  0.0198  0.0198  0.0198  0.0198  0.0198  0.0197  0.0197
  0.0203  0.0201  0.0200  0.0198  0.0208  0.0203  0.0201  0.0203  0.0202  0.0200  0.0200  0.0202
  0.0215  0.0214  0.0208  0.0211  0.0232  0.0225  0.0211  0.0220  0.0212  0.0216  0.0206  0.0212
  0.0235  0.0234  0.0223  0.0244  0.0271  0.0247  0.0227  0.0247  0.0227  0.0243  0.0215  0.0225
niter,ni,del,rscale     5    3    5.0000    1.2000
parameters
    2.5910   45.2546    4.3738  -12.0135  -18.2554   -9.2142
    4.4297    4.2400   -6.0454   18.4764   -3.1268  -19.7449
eta,q 0.98032 10.49680
  0.0235  0.0246  0.0227  0.0236  0.0255  0.0255  0.0226  0.0248  0.0226  0.0248  0.0215  0.0224
  0.0214  0.0221  0.0212  0.0217  0.0229  0.0229  0.0211  0.0221  0.0211  0.0223  0.0205  0.0209
  0.0201  0.0204  0.0201  0.0203  0.0208  0.0207  0.0201  0.0203  0.0201  0.0206  0.0199  0.0200
  0.0197  0.0197  0.0197  0.0197  0.0197  0.0197  0.0197  0.0197  0.0197  0.0197  0.0197  0.0197
  0.0201  0.0201  0.0199  0.0197  0.0205  0.0205  0.0200  0.0203  0.0201  0.0201  0.0199  0.0202
  0.0213  0.0216  0.0209  0.0210  0.0227  0.0227  0.0210  0.0220  0.0211  0.0218  0.0206  0.0211
  0.0233  0.0239  0.0225  0.0244  0.0264  0.0249  0.0226  0.0248  0.0226  0.0247  0.0215  0.0224
niter,ni,del,rscale     4    3    5.0000    1.2000
parameters
    2.5955   45.2870    4.4009  -12.0250  -18.3189   -9.1368
    4.4324    4.2471   -6.0582   18.5239   -3.1304  -19.7813
eta,q 0.98032 10.49703
  0.0234  0.0243  0.0226  0.0236  0.0256  0.0254  0.0226  0.0247  0.0226  0.0247  0.0216  0.0224
  0.0213  0.0219  0.0211  0.0217  0.0230  0.0227  0.0211  0.0221  0.0211  0.0222  0.0205  0.0209
  0.0201  0.0203  0.0201  0.0203  0.0209  0.0206  0.0201  0.0203  0.0201  0.0205  0.0199  0.0200
  0.0197  0.0197  0.0197  0.0197  0.0197  0.0197  0.0197  0.0197  0.0197  0.0197  0.0197  0.0197
  0.0201  0.0202  0.0200  0.0197  0.0204  0.0206  0.0200  0.0203  0.0200  0.0201  0.0199  0.0201
  0.0213  0.0218  0.0210  0.0210  0.0226  0.0228  0.0210  0.0220  0.0211  0.0219  0.0206  0.0210
  0.0233  0.0241  0.0226  0.0243  0.0262  0.0251  0.0226  0.0248  0.0226  0.0249  0.0215  0.0224
niter,ni,del,rscale     3    3    5.0000    1.2000
parameters
    2.5964   45.2967    4.4098  -12.0296  -18.3388   -9.1109
    4.4350    4.2495   -6.0624   18.5400   -3.1303  -19.7936
eta,q 0.98032 10.49716
  0.0234  0.0243  0.0226  0.0236  0.0256  0.0253  0.0226  0.0247  0.0226  0.0247  0.0216  0.0225
  0.0213  0.0218  0.0211  0.0217  0.0230  0.0227  0.0211  0.0221  0.0211  0.0222  0.0205  0.0209
  0.0201  0.0202  0.0201  0.0203  0.0209  0.0206  0.0201  0.0203  0.0201  0.0205  0.0199  0.0200
  0.0197  0.0197  0.0197  0.0197  0.0197  0.0197  0.0197  0.0197  0.0197  0.0197  0.0197  0.0197
  0.0201  0.0202  0.0200  0.0197  0.0204  0.0207  0.0200  0.0203  0.0200  0.0202  0.0199  0.0201
  0.0213  0.0218  0.0210  0.0210  0.0225  0.0228  0.0210  0.0220  0.0211  0.0220  0.0206  0.0210
  0.0233  0.0242  0.0226  0.0243  0.0262  0.0251  0.0226  0.0248  0.0226  0.0249  0.0215  0.0224
registration optimization eta report
parameter search radius
    2.4000    2.7600    2.7600    9.5220   10.9503    9.5220
    7.2000    7.2000    7.2000    8.2800    8.2800    9.5220
100000*second partial in parameter space
       64.       59.       38.        5.        5.        6.
        6.       10.        6.        7.        3.        3.
  0.0234  0.0243  0.0226  0.0236  0.0256  0.0253  0.0226  0.0247  0.0226  0.0247  0.0216  0.0225
  0.0213  0.0218  0.0211  0.0217  0.0230  0.0227  0.0211  0.0221  0.0211  0.0222  0.0205  0.0209
  0.0201  0.0202  0.0201  0.0203  0.0209  0.0206  0.0201  0.0203  0.0201  0.0205  0.0199  0.0200
  0.0197  0.0197  0.0197  0.0197  0.0197  0.0197  0.0197  0.0197  0.0197  0.0197  0.0197  0.0197
  0.0201  0.0202  0.0200  0.0197  0.0204  0.0207  0.0200  0.0203  0.0200  0.0202  0.0199  0.0201
  0.0213  0.0218  0.0210  0.0210  0.0225  0.0228  0.0210  0.0220  0.0211  0.0220  0.0206  0.0210
  0.0233  0.0242  0.0226  0.0243  0.0262  0.0251  0.0226  0.0248  0.0226  0.0249  0.0215  0.0224
    2.5964   45.2967    4.4098  -12.0296  -18.3388   -9.1109
    4.4350    4.2495   -6.0624   18.5400   -3.1303  -19.7936
eta,q 0.98032 10.49716

---------------------------------------------------------------------
imgreg_4dfp /opt/freesurfer/average/711-2C_as_mni_average_305 /opt/freesurfer/average/711-2B_as_mni_average_305_mask talsrcimg_g11 none talsrcimg_to_711-2C_as_mni_average_305_t4 2311
---------------------------------------------------------------------

freesurfer imgreg_4dfp.c
/opt/freesurfer/average/711-2C_as_mni_average_305.4dfp.img
       256       256       256         1
  1.000000  1.000000  1.000000
orientation T byte_order littleendian
Reading image: /opt/freesurfer/average/711-2C_as_mni_average_305.4dfp.img
dimensions:      256       256       256
mmppix:       1.0000   -1.0000   -1.0000
center:     128.0000 -129.0000 -129.0000
/opt/freesurfer/average/711-2B_as_mni_average_305_mask.4dfp.img
       256       256       256         1
  1.000000  1.000000  1.000000
orientation T byte_order littleendian
Reading mask: /opt/freesurfer/average/711-2B_as_mni_average_305_mask.4dfp.img (2306576 pixels)
talsrcimg_g11.4dfp.img
       256       256       256         1
  1.000000  1.000000  1.000000
orientation T byte_order littleendian
Reading image: talsrcimg_g11.4dfp.img
dimensions:      256       256       256
mmppix:       1.0000   -1.0000   -1.0000
center:     128.0000 -129.0000 -129.0000
fimgreg.f
image alignment mode   2311 decimal      907 hex
parameters
    2.5964   45.2967    4.4098  -12.0296  -18.3388   -9.1109
    4.4350    4.2495   -6.0624   18.5400   -3.1303  -19.7936
eta,q 0.98032 10.49715
niter,ni,del,rscale     5    3    5.0000    0.8000
parameters
    2.5803   45.2876    4.4543  -10.7869  -17.8935   -9.2939
    4.4187    4.2488   -6.0815   18.7662   -3.0174  -20.0107
eta,q 0.98044 10.58074
  0.0213  0.0213  0.0208  0.0209  0.0214  0.0214  0.0209  0.0219  0.0210  0.0216  0.0203  0.0203
  0.0204  0.0204  0.0202  0.0203  0.0206  0.0205  0.0202  0.0206  0.0202  0.0206  0.0199  0.0199
  0.0198  0.0199  0.0198  0.0199  0.0199  0.0198  0.0197  0.0198  0.0198  0.0199  0.0197  0.0196
  0.0197  0.0197  0.0197  0.0197  0.0196  0.0196  0.0196  0.0196  0.0196  0.0196  0.0196  0.0196
  0.0199  0.0199  0.0198  0.0196  0.0197  0.0198  0.0197  0.0199  0.0198  0.0197  0.0196  0.0197
  0.0204  0.0204  0.0201  0.0197  0.0201  0.0206  0.0202  0.0206  0.0202  0.0203  0.0199  0.0200
  0.0214  0.0213  0.0207  0.0201  0.0209  0.0218  0.0210  0.0219  0.0210  0.0213  0.0202  0.0204
niter,ni,del,rscale     4    3    5.0000    0.7000
parameters
    2.6369   45.2669    4.3658  -10.8540  -17.8152   -9.2851
    4.4053    4.2410   -6.1030   18.8371   -3.0872  -20.0883
eta,q 0.98044 10.58598
  0.0209  0.0208  0.0203  0.0202  0.0209  0.0211  0.0206  0.0214  0.0206  0.0211  0.0201  0.0202
  0.0202  0.0201  0.0199  0.0199  0.0202  0.0203  0.0200  0.0203  0.0201  0.0203  0.0198  0.0199
  0.0197  0.0197  0.0196  0.0197  0.0197  0.0198  0.0197  0.0197  0.0197  0.0198  0.0196  0.0196
  0.0196  0.0196  0.0196  0.0196  0.0196  0.0196  0.0196  0.0196  0.0196  0.0196  0.0196  0.0196
  0.0197  0.0197  0.0197  0.0196  0.0197  0.0197  0.0197  0.0198  0.0197  0.0197  0.0196  0.0197
  0.0201  0.0202  0.0200  0.0198  0.0201  0.0203  0.0200  0.0204  0.0201  0.0202  0.0198  0.0199
  0.0207  0.0209  0.0205  0.0204  0.0208  0.0212  0.0206  0.0213  0.0207  0.0210  0.0201  0.0202
niter,ni,del,rscale     3    3    5.0000    0.6000
parameters
    2.6296   45.2713    4.3644  -10.7308  -17.8318   -9.2416
    4.4158    4.2316   -6.0955   18.9002   -3.0765  -20.1222
eta,q 0.98045 10.59444
  0.0205  0.0205  0.0202  0.0201  0.0205  0.0208  0.0203  0.0209  0.0204  0.0207  0.0199  0.0200
  0.0200  0.0200  0.0198  0.0198  0.0200  0.0202  0.0199  0.0201  0.0199  0.0201  0.0197  0.0198
  0.0197  0.0197  0.0196  0.0196  0.0197  0.0197  0.0197  0.0197  0.0197  0.0197  0.0196  0.0196
  0.0196  0.0196  0.0196  0.0196  0.0196  0.0196  0.0196  0.0196  0.0196  0.0196  0.0196  0.0195
  0.0197  0.0197  0.0196  0.0196  0.0197  0.0196  0.0196  0.0197  0.0196  0.0196  0.0196  0.0196
  0.0200  0.0200  0.0198  0.0197  0.0200  0.0200  0.0199  0.0201  0.0199  0.0200  0.0197  0.0198
  0.0205  0.0205  0.0202  0.0201  0.0205  0.0208  0.0203  0.0208  0.0204  0.0207  0.0199  0.0201
niter,ni,del,rscale     2    3    5.0000    0.5000
parameters
    2.6355   45.2727    4.3689  -10.6092  -17.8574   -9.1872
    4.4173    4.2109   -6.1046   18.9469   -3.0658  -20.1534
eta,q 0.98046 10.60249
  0.0202  0.0202  0.0200  0.0199  0.0202  0.0204  0.0201  0.0204  0.0201  0.0204  0.0198  0.0199
  0.0198  0.0199  0.0197  0.0197  0.0199  0.0200  0.0198  0.0199  0.0198  0.0199  0.0197  0.0197
  0.0196  0.0196  0.0196  0.0196  0.0196  0.0197  0.0196  0.0196  0.0196  0.0197  0.0196  0.0196
  0.0196  0.0195  0.0195  0.0195  0.0195  0.0195  0.0195  0.0195  0.0195  0.0195  0.0195  0.0195
  0.0196  0.0196  0.0196  0.0195  0.0196  0.0196  0.0196  0.0197  0.0196  0.0196  0.0196  0.0196
  0.0198  0.0199  0.0197  0.0196  0.0199  0.0199  0.0198  0.0200  0.0198  0.0199  0.0197  0.0197
  0.0202  0.0202  0.0200  0.0199  0.0202  0.0204  0.0201  0.0204  0.0201  0.0203  0.0198  0.0199
niter,ni,del,rscale     1    3    5.0000    0.4000
parameters
    2.6412   45.2753    4.3755  -10.4984  -17.8783   -9.1294
    4.4291    4.1934   -6.0993   18.9934   -3.0376  -20.1661
eta,q 0.98046 10.61008
  0.0200  0.0200  0.0198  0.0198  0.0200  0.0201  0.0199  0.0201  0.0199  0.0201  0.0197  0.0198
  0.0197  0.0197  0.0197  0.0197  0.0197  0.0198  0.0197  0.0198  0.0197  0.0198  0.0196  0.0196
  0.0196  0.0196  0.0196  0.0196  0.0196  0.0196  0.0196  0.0196  0.0196  0.0196  0.0196  0.0196
  0.0195  0.0195  0.0195  0.0195  0.0195  0.0195  0.0195  0.0195  0.0195  0.0195  0.0195  0.0195
  0.0196  0.0196  0.0196  0.0195  0.0196  0.0196  0.0196  0.0196  0.0196  0.0196  0.0196  0.0196
  0.0197  0.0197  0.0197  0.0196  0.0198  0.0198  0.0197  0.0198  0.0197  0.0198  0.0196  0.0196
  0.0200  0.0200  0.0198  0.0197  0.0200  0.0201  0.0199  0.0201  0.0199  0.0201  0.0197  0.0198
registration optimization eta report
parameter search radius
    0.8000    0.8000    0.8000    2.4000    2.4000    2.4000
    2.4000    2.4000    2.4000    2.4000    2.4000    2.4000
100000*second partial in parameter space
       65.       67.       43.        4.        8.       10.
        6.       10.        6.        9.        3.        4.
  0.0200  0.0200  0.0198  0.0198  0.0200  0.0201  0.0199  0.0201  0.0199  0.0201  0.0197  0.0198
  0.0197  0.0197  0.0197  0.0197  0.0197  0.0198  0.0197  0.0198  0.0197  0.0198  0.0196  0.0196
  0.0196  0.0196  0.0196  0.0196  0.0196  0.0196  0.0196  0.0196  0.0196  0.0196  0.0196  0.0196
  0.0195  0.0195  0.0195  0.0195  0.0195  0.0195  0.0195  0.0195  0.0195  0.0195  0.0195  0.0195
  0.0196  0.0196  0.0196  0.0195  0.0196  0.0196  0.0196  0.0196  0.0196  0.0196  0.0196  0.0196
  0.0197  0.0197  0.0197  0.0196  0.0198  0.0198  0.0197  0.0198  0.0197  0.0198  0.0196  0.0196
  0.0200  0.0200  0.0198  0.0197  0.0200  0.0201  0.0199  0.0201  0.0199  0.0201  0.0197  0.0198
    2.6412   45.2753    4.3755  -10.4984  -17.8783   -9.1294
    4.4291    4.1934   -6.0993   18.9934   -3.0376  -20.1661
eta,q 0.98046 10.61008

---------------------------------------------------------------------
imgreg_4dfp /opt/freesurfer/average/711-2C_as_mni_average_305 /opt/freesurfer/average/711-2B_as_mni_average_305_mask talsrcimg_g11 none talsrcimg_to_711-2C_as_mni_average_305_t4 2311
---------------------------------------------------------------------

freesurfer imgreg_4dfp.c
/opt/freesurfer/average/711-2C_as_mni_average_305.4dfp.img
       256       256       256         1
  1.000000  1.000000  1.000000
orientation T byte_order littleendian
Reading image: /opt/freesurfer/average/711-2C_as_mni_average_305.4dfp.img
dimensions:      256       256       256
mmppix:       1.0000   -1.0000   -1.0000
center:     128.0000 -129.0000 -129.0000
/opt/freesurfer/average/711-2B_as_mni_average_305_mask.4dfp.img
       256       256       256         1
  1.000000  1.000000  1.000000
orientation T byte_order littleendian
Reading mask: /opt/freesurfer/average/711-2B_as_mni_average_305_mask.4dfp.img (2306576 pixels)
talsrcimg_g11.4dfp.img
       256       256       256         1
  1.000000  1.000000  1.000000
orientation T byte_order littleendian
Reading image: talsrcimg_g11.4dfp.img
dimensions:      256       256       256
mmppix:       1.0000   -1.0000   -1.0000
center:     128.0000 -129.0000 -129.0000
fimgreg.f
image alignment mode   2311 decimal      907 hex
parameters
    2.6412   45.2753    4.3755  -10.4984  -17.8783   -9.1294
    4.4291    4.1934   -6.0993   18.9934   -3.0376  -20.1661
eta,q 0.98046 10.61008
niter,ni,del,rscale     5    3    5.0000    0.8000
parameters
    2.6436   45.2828    4.3477  -11.0307  -17.8333   -9.2607
    4.3955    4.2600   -6.1084   18.8404   -3.0991  -20.1093
eta,q 0.98043 10.57798
  0.0212  0.0212  0.0206  0.0203  0.0212  0.0215  0.0209  0.0220  0.0210  0.0214  0.0202  0.0204
  0.0203  0.0203  0.0200  0.0199  0.0204  0.0205  0.0202  0.0206  0.0202  0.0204  0.0199  0.0200
  0.0197  0.0197  0.0197  0.0196  0.0198  0.0198  0.0197  0.0198  0.0197  0.0198  0.0196  0.0197
  0.0195  0.0195  0.0195  0.0195  0.0196  0.0196  0.0196  0.0196  0.0196  0.0196  0.0196  0.0196
  0.0197  0.0197  0.0197  0.0196  0.0198  0.0198  0.0197  0.0198  0.0197  0.0198  0.0197  0.0197
  0.0203  0.0203  0.0200  0.0200  0.0203  0.0206  0.0202  0.0206  0.0202  0.0205  0.0199  0.0200
  0.0212  0.0212  0.0207  0.0210  0.0211  0.0217  0.0210  0.0218  0.0210  0.0217  0.0203  0.0204
niter,ni,del,rscale     4    3    5.0000    0.7000
parameters
    2.6224   45.2746    4.3668  -10.8598  -17.8222   -9.2743
    4.4095    4.2505   -6.1009   18.8590   -3.0765  -20.1098
eta,q 0.98044 10.58629
  0.0208  0.0208  0.0204  0.0203  0.0208  0.0211  0.0206  0.0214  0.0207  0.0211  0.0201  0.0202
  0.0201  0.0201  0.0200  0.0199  0.0202  0.0203  0.0200  0.0203  0.0201  0.0203  0.0198  0.0199
  0.0197  0.0197  0.0197  0.0197  0.0197  0.0198  0.0197  0.0197  0.0197  0.0198  0.0196  0.0196
  0.0196  0.0196  0.0196  0.0196  0.0196  0.0196  0.0196  0.0196  0.0196  0.0196  0.0196  0.0196
  0.0197  0.0197  0.0196  0.0196  0.0197  0.0197  0.0197  0.0198  0.0197  0.0197  0.0196  0.0197
  0.0202  0.0202  0.0199  0.0197  0.0202  0.0203  0.0200  0.0204  0.0201  0.0202  0.0198  0.0199
  0.0209  0.0209  0.0204  0.0202  0.0208  0.0212  0.0206  0.0213  0.0207  0.0211  0.0201  0.0202
niter,ni,del,rscale     3    3    5.0000    0.6000
parameters
    2.6317   45.2723    4.3628  -10.7340  -17.8336   -9.2358
    4.4093    4.2333   -6.0990   18.9038   -3.0805  -20.1415
eta,q 0.98045 10.59467
  0.0205  0.0205  0.0202  0.0201  0.0205  0.0208  0.0203  0.0209  0.0204  0.0207  0.0199  0.0201
  0.0200  0.0200  0.0198  0.0198  0.0200  0.0201  0.0199  0.0201  0.0199  0.0201  0.0197  0.0198
  0.0197  0.0197  0.0196  0.0196  0.0197  0.0197  0.0197  0.0197  0.0197  0.0197  0.0196  0.0196
  0.0196  0.0196  0.0196  0.0196  0.0195  0.0196  0.0195  0.0195  0.0195  0.0196  0.0195  0.0195
  0.0197  0.0197  0.0196  0.0196  0.0197  0.0196  0.0196  0.0197  0.0196  0.0197  0.0196  0.0196
  0.0200  0.0200  0.0198  0.0197  0.0200  0.0201  0.0199  0.0201  0.0199  0.0200  0.0197  0.0198
  0.0205  0.0205  0.0202  0.0201  0.0205  0.0208  0.0203  0.0209  0.0204  0.0207  0.0199  0.0201
niter,ni,del,rscale     2    3    5.0000    0.5000
parameters
    2.6363   45.2731    4.3698  -10.6080  -17.8616   -9.1857
    4.4189    4.2111   -6.0952   18.9517   -3.0756  -20.1509
eta,q 0.98046 10.60239
  0.0202  0.0202  0.0200  0.0199  0.0202  0.0204  0.0201  0.0204  0.0201  0.0204  0.0198  0.0199
  0.0198  0.0199  0.0197  0.0197  0.0199  0.0200  0.0198  0.0199  0.0198  0.0199  0.0197  0.0197
  0.0196  0.0196  0.0196  0.0196  0.0196  0.0197  0.0196  0.0196  0.0196  0.0197  0.0196  0.0196
  0.0195  0.0195  0.0195  0.0195  0.0195  0.0195  0.0195  0.0195  0.0195  0.0195  0.0195  0.0195
  0.0196  0.0196  0.0196  0.0195  0.0196  0.0196  0.0196  0.0197  0.0196  0.0196  0.0196  0.0196
  0.0198  0.0199  0.0197  0.0196  0.0199  0.0199  0.0198  0.0200  0.0198  0.0199  0.0197  0.0197
  0.0202  0.0202  0.0200  0.0199  0.0202  0.0204  0.0201  0.0204  0.0201  0.0203  0.0198  0.0199
niter,ni,del,rscale     1    3    5.0000    0.4000
parameters
    2.6408   45.2753    4.3730  -10.4765  -17.8765   -9.1327
    4.4227    4.1884   -6.1086   18.9957   -3.0396  -20.1685
eta,q 0.98046 10.61121
  0.0200  0.0200  0.0198  0.0198  0.0200  0.0201  0.0199  0.0201  0.0199  0.0201  0.0197  0.0198
  0.0197  0.0197  0.0197  0.0197  0.0197  0.0198  0.0197  0.0198  0.0197  0.0198  0.0196  0.0196
  0.0196  0.0196  0.0196  0.0196  0.0196  0.0196  0.0196  0.0196  0.0196  0.0196  0.0196  0.0196
  0.0195  0.0195  0.0195  0.0195  0.0195  0.0195  0.0195  0.0195  0.0195  0.0195  0.0195  0.0195
  0.0196  0.0196  0.0196  0.0196  0.0196  0.0196  0.0196  0.0196  0.0196  0.0196  0.0196  0.0196
  0.0197  0.0197  0.0197  0.0196  0.0198  0.0198  0.0197  0.0198  0.0197  0.0198  0.0196  0.0197
  0.0200  0.0200  0.0198  0.0197  0.0200  0.0201  0.0199  0.0201  0.0199  0.0201  0.0197  0.0198
registration optimization eta report
parameter search radius
    0.8000    0.8000    0.8000    2.4000    2.4000    2.4000
    2.4000    2.4000    2.4000    2.4000    2.4000    2.4000
100000*second partial in parameter space
       65.       67.       44.        4.        8.       10.
        6.       10.        6.        9.        3.        4.
  0.0200  0.0200  0.0198  0.0198  0.0200  0.0201  0.0199  0.0201  0.0199  0.0201  0.0197  0.0198
  0.0197  0.0197  0.0197  0.0197  0.0197  0.0198  0.0197  0.0198  0.0197  0.0198  0.0196  0.0196
  0.0196  0.0196  0.0196  0.0196  0.0196  0.0196  0.0196  0.0196  0.0196  0.0196  0.0196  0.0196
  0.0195  0.0195  0.0195  0.0195  0.0195  0.0195  0.0195  0.0195  0.0195  0.0195  0.0195  0.0195
  0.0196  0.0196  0.0196  0.0196  0.0196  0.0196  0.0196  0.0196  0.0196  0.0196  0.0196  0.0196
  0.0197  0.0197  0.0197  0.0196  0.0198  0.0198  0.0197  0.0198  0.0197  0.0198  0.0196  0.0197
  0.0200  0.0200  0.0198  0.0197  0.0200  0.0201  0.0199  0.0201  0.0199  0.0201  0.0197  0.0198
    2.6408   45.2753    4.3730  -10.4765  -17.8765   -9.1327
    4.4227    4.1884   -6.1086   18.9957   -3.0396  -20.1685
eta,q 0.98046 10.61121

---------------------------------------------------------------------
compute_vox2vox talsrcimg talsrcimg_to_711-2C_as_mni_average_305_t4 /opt/freesurfer/average/711-2C_as_mni_average_305
---------------------------------------------------------------------

freesurfer compute_vox2vox.c
Reading: talsrcimg.4dfp.ifh
Reading: talsrcimg_to_711-2C_as_mni_average_305_t4
Reading: /opt/freesurfer/average/711-2C_as_mni_average_305.4dfp.ifh
Writing: talsrcimg_to_711-2C_as_mni_average_305_t4_vox2vox.txt

start time Wed Mar 11 14:44:23 CET 2026
end		time Wed Mar 11 14:45:48 CET 2026

mpr2mni305 success

avi2talxfm orig_nu.mgz /opt/freesurfer/average/mni305.cor.mgz talsrcimg_to_711-2C_as_mni_average_305_t4_vox2vox.txt transforms/talairach.auto.xfm
avi2talxfm done
mv -f /out/sourcedata/freesurfer/sub-v2s18x29523_ses-1/mri/talsrcimg_to_711-2C_as_mni_average_305_t4_vox2vox.txt /out/sourcedata/freesurfer/sub-v2s18x29523_ses-1/mri/transforms/talsrcimg_to_711-2C_as_mni_average_305_t4_vox2vox.txt
lta_convert --src orig_nu.mgz --trg /opt/freesurfer/average/mni305.cor.mgz --inxfm transforms/talairach.auto.xfm --outlta transforms/talairach.auto.xfm.lta --subject fsaverage
7.3.2

--src: orig_nu.mgz src image (geometry).
--trg: /opt/freesurfer/average/mni305.cor.mgz trg image (geometry).
--inmni: transforms/talairach.auto.xfm input MNI/XFM transform.
--outlta: transforms/talairach.auto.xfm.lta output LTA.
--s: fsaverage subject name
 LTA read, type : 1
 1.11108  -0.03681  -0.06888   4.07198;
 0.05280   1.04502   0.25380  -47.01158;
 0.07043  -0.24446   1.15385   9.72713;
 0.00000   0.00000   0.00000   1.00000;
setting subject to fsaverage
Writing  LTA to file transforms/talairach.auto.xfm.lta...
lta_convert successful.
 
 
Started at Wed Mar 11 14:44:23 CET 2026
Ended   at Wed Mar 11 14:45:49 CET 2026
talairach_avi done
