status file for recon-all
Wed Mar 11 15:58:14 CET 2026
#@# Tessellate lh Wed Mar 11 15:58:14 CET 2026
#@# Smooth1 lh Wed Mar 11 15:58:17 CET 2026
#@# Inflation1 lh Wed Mar 11 15:58:20 CET 2026
#@# QSphere lh Wed Mar 11 15:58:36 CET 2026
#@# Fix Topology lh Wed Mar 11 16:00:13 CET 2026
#@# Smooth2 lh Wed Mar 11 16:06:03 CET 2026
#@# Inflation2 lh Wed Mar 11 16:06:06 CET 2026
#@# Curv .H and .K lh Wed Mar 11 16:06:23 CET 2026
#@# Sphere lh Wed Mar 11 16:07:14 CET 2026
#@# Surf Reg lh Wed Mar 11 16:09:39 CET 2026
#@# Jacobian white lh Wed Mar 11 16:13:57 CET 2026
#@# AvgCurv lh Wed Mar 11 16:13:58 CET 2026
#@# Cortical Parc lh Wed Mar 11 16:13:59 CET 2026
#@# white curv lh Wed Mar 11 16:20:33 CET 2026
#@# white area lh Wed Mar 11 16:20:35 CET 2026
#@# pial curv lh Wed Mar 11 16:20:35 CET 2026
#@# pial area lh Wed Mar 11 16:20:38 CET 2026
#@# thickness lh Wed Mar 11 16:20:38 CET 2026
#@# area and vertex vol lh Wed Mar 11 16:21:10 CET 2026
#@# Curvature Stats lh Wed Mar 11 16:21:11 CET 2026
#@# Cortical Parc 2 lh Wed Mar 11 16:21:14 CET 2026
#@# Cortical Parc 3 lh Wed Mar 11 16:21:27 CET 2026
#@# WM/GM Contrast lh Wed Mar 11 16:21:38 CET 2026
recon-all -s sub-v2s18x29512_ses-1 finished without error at Wed Mar 11 16:21:43 CET 2026



#New# invocation of recon-all 



status file for recon-all
Wed Mar 11 16:54:54 CET 2026
#@# white curv lh Wed Mar 11 16:54:54 CET 2026
#@# white area lh Wed Mar 11 16:54:54 CET 2026
#@# pial curv lh Wed Mar 11 16:54:55 CET 2026
#@# pial area lh Wed Mar 11 16:54:55 CET 2026
#@# thickness lh Wed Mar 11 16:54:55 CET 2026
#@# area and vertex vol lh Wed Mar 11 16:54:55 CET 2026
#@# Parcellation Stats lh Wed Mar 11 16:54:55 CET 2026
#@# Parcellation Stats 2 lh Wed Mar 11 16:55:15 CET 2026
#@# Parcellation Stats 3 lh Wed Mar 11 16:55:25 CET 2026
#@# BA_exvivo Labels lh Wed Mar 11 16:55:35 CET 2026
recon-all -s sub-v2s18x29512_ses-1 finished without error at Wed Mar 11 16:58:20 CET 2026
