status file for recon-all
Wed Mar 11 16:21:44 CET 2026
#@# Tessellate rh Wed Mar 11 16:21:44 CET 2026
#@# Smooth1 rh Wed Mar 11 16:21:48 CET 2026
#@# Inflation1 rh Wed Mar 11 16:21:51 CET 2026
#@# QSphere rh Wed Mar 11 16:22:04 CET 2026
#@# Fix Topology rh Wed Mar 11 16:23:27 CET 2026
#@# Smooth2 rh Wed Mar 11 16:29:39 CET 2026
#@# Inflation2 rh Wed Mar 11 16:29:42 CET 2026
#@# Curv .H and .K rh Wed Mar 11 16:29:58 CET 2026
#@# Sphere rh Wed Mar 11 16:30:51 CET 2026
#@# Surf Reg rh Wed Mar 11 16:34:02 CET 2026
#@# Jacobian white rh Wed Mar 11 16:38:23 CET 2026
#@# AvgCurv rh Wed Mar 11 16:38:24 CET 2026
#@# Cortical Parc rh Wed Mar 11 16:38:25 CET 2026
#@# white curv rh Wed Mar 11 16:45:46 CET 2026
#@# white area rh Wed Mar 11 16:45:48 CET 2026
#@# pial curv rh Wed Mar 11 16:45:49 CET 2026
#@# pial area rh Wed Mar 11 16:45:51 CET 2026
#@# thickness rh Wed Mar 11 16:45:52 CET 2026
#@# area and vertex vol rh Wed Mar 11 16:46:30 CET 2026
#@# Curvature Stats rh Wed Mar 11 16:46:31 CET 2026
#@# Cortical Parc 2 rh Wed Mar 11 16:46:34 CET 2026
#@# Cortical Parc 3 rh Wed Mar 11 16:46:50 CET 2026
#@# WM/GM Contrast rh Wed Mar 11 16:47:02 CET 2026
recon-all -s sub-v2s18x29512_ses-1 finished without error at Wed Mar 11 16:47:07 CET 2026



#New# invocation of recon-all 



status file for recon-all
Wed Mar 11 16:58:24 CET 2026
#@# white curv rh Wed Mar 11 16:58:24 CET 2026
#@# white area rh Wed Mar 11 16:58:24 CET 2026
#@# pial curv rh Wed Mar 11 16:58:24 CET 2026
#@# pial area rh Wed Mar 11 16:58:24 CET 2026
#@# thickness rh Wed Mar 11 16:58:24 CET 2026
#@# area and vertex vol rh Wed Mar 11 16:58:24 CET 2026
#@# Parcellation Stats rh Wed Mar 11 16:58:24 CET 2026
#@# Parcellation Stats 2 rh Wed Mar 11 16:58:45 CET 2026
#@# Parcellation Stats 3 rh Wed Mar 11 16:58:55 CET 2026
#@# BA_exvivo Labels rh Wed Mar 11 16:59:06 CET 2026
recon-all -s sub-v2s18x29512_ses-1 finished without error at Wed Mar 11 17:01:51 CET 2026
