status file for recon-all
Wed Mar 11 15:38:56 CET 2026
#@# Tessellate rh Wed Mar 11 15:38:56 CET 2026
#@# Smooth1 rh Wed Mar 11 15:39:00 CET 2026
#@# Inflation1 rh Wed Mar 11 15:39:03 CET 2026
#@# QSphere rh Wed Mar 11 15:39:17 CET 2026
#@# Fix Topology rh Wed Mar 11 15:40:18 CET 2026
#@# Smooth2 rh Wed Mar 11 15:46:39 CET 2026
#@# Inflation2 rh Wed Mar 11 15:46:42 CET 2026
#@# Curv .H and .K rh Wed Mar 11 15:46:55 CET 2026
#@# Sphere rh Wed Mar 11 15:47:41 CET 2026
#@# Surf Reg rh Wed Mar 11 15:51:39 CET 2026
#@# Jacobian white rh Wed Mar 11 15:55:32 CET 2026
#@# AvgCurv rh Wed Mar 11 15:55:33 CET 2026
#@# Cortical Parc rh Wed Mar 11 15:55:33 CET 2026
#@# white curv rh Wed Mar 11 16:02:02 CET 2026
#@# white area rh Wed Mar 11 16:02:04 CET 2026
#@# pial curv rh Wed Mar 11 16:02:04 CET 2026
#@# pial area rh Wed Mar 11 16:02:06 CET 2026
#@# thickness rh Wed Mar 11 16:02:07 CET 2026
#@# area and vertex vol rh Wed Mar 11 16:02:35 CET 2026
#@# Curvature Stats rh Wed Mar 11 16:02:36 CET 2026
#@# Cortical Parc 2 rh Wed Mar 11 16:02:38 CET 2026
#@# Cortical Parc 3 rh Wed Mar 11 16:02:51 CET 2026
#@# WM/GM Contrast rh Wed Mar 11 16:03:00 CET 2026
recon-all -s sub-v2s18x29503_ses-1 finished without error at Wed Mar 11 16:03:05 CET 2026



#New# invocation of recon-all 



status file for recon-all
Wed Mar 11 16:13:18 CET 2026
#@# white curv rh Wed Mar 11 16:13:19 CET 2026
#@# white area rh Wed Mar 11 16:13:19 CET 2026
#@# pial curv rh Wed Mar 11 16:13:19 CET 2026
#@# pial area rh Wed Mar 11 16:13:19 CET 2026
#@# thickness rh Wed Mar 11 16:13:19 CET 2026
#@# area and vertex vol rh Wed Mar 11 16:13:19 CET 2026
#@# Parcellation Stats rh Wed Mar 11 16:13:19 CET 2026
#@# Parcellation Stats 2 rh Wed Mar 11 16:13:35 CET 2026
#@# Parcellation Stats 3 rh Wed Mar 11 16:13:44 CET 2026
#@# BA_exvivo Labels rh Wed Mar 11 16:13:53 CET 2026
recon-all -s sub-v2s18x29503_ses-1 finished without error at Wed Mar 11 16:16:23 CET 2026
