status file for recon-all
Wed Mar 11 13:23:24 CET 2026
#@# MotionCor Wed Mar 11 13:23:31 CET 2026
#@# Talairach Wed Mar 11 13:23:53 CET 2026
#@# Talairach Failure Detection Wed Mar 11 13:28:19 CET 2026
#@# Nu Intensity Correction Wed Mar 11 13:28:19 CET 2026
#@# Intensity Normalization Wed Mar 11 13:31:34 CET 2026
recon-all -s sub-v2s18x29503_ses-1 finished without error at Wed Mar 11 13:32:59 CET 2026



#New# invocation of recon-all 



status file for recon-all
Wed Mar 11 13:44:30 CET 2026
#@# EM Registration Wed Mar 11 13:44:30 CET 2026
recon-all -s sub-v2s18x29503_ses-1 finished without error at Wed Mar 11 13:47:09 CET 2026



#New# invocation of recon-all 



status file for recon-all
Wed Mar 11 13:47:13 CET 2026
#@# CA Normalize Wed Mar 11 13:47:13 CET 2026
#@# CA Reg Wed Mar 11 13:48:35 CET 2026
#@# SubCort Seg Wed Mar 11 14:38:32 CET 2026
#@# CC Seg Wed Mar 11 15:08:45 CET 2026
#@# Merge ASeg Wed Mar 11 15:09:19 CET 2026
#@# Intensity Normalization2 Wed Mar 11 15:09:19 CET 2026
#@# Mask BFS Wed Mar 11 15:11:30 CET 2026
#@# WM Segmentation Wed Mar 11 15:11:31 CET 2026
#@# Fill Wed Mar 11 15:13:33 CET 2026
recon-all -s sub-v2s18x29503_ses-1 finished without error at Wed Mar 11 15:14:35 CET 2026



#New# invocation of recon-all 



status file for recon-all
Wed Mar 11 16:03:12 CET 2026
#@# white curv lh Wed Mar 11 16:03:12 CET 2026
#@# white area lh Wed Mar 11 16:03:12 CET 2026
#@# pial curv lh Wed Mar 11 16:03:12 CET 2026
#@# pial area lh Wed Mar 11 16:03:12 CET 2026
#@# thickness lh Wed Mar 11 16:03:12 CET 2026
#@# area and vertex vol lh Wed Mar 11 16:03:12 CET 2026
#@# white curv rh Wed Mar 11 16:03:12 CET 2026
#@# white area rh Wed Mar 11 16:03:12 CET 2026
#@# pial curv rh Wed Mar 11 16:03:12 CET 2026
#@# pial area rh Wed Mar 11 16:03:12 CET 2026
#@# thickness rh Wed Mar 11 16:03:12 CET 2026
#@# area and vertex vol rh Wed Mar 11 16:03:12 CET 2026
#@# Cortical ribbon mask Wed Mar 11 16:03:12 CET 2026
recon-all -s sub-v2s18x29503_ses-1 finished without error at Wed Mar 11 16:10:04 CET 2026



#New# invocation of recon-all 



status file for recon-all
Wed Mar 11 16:16:26 CET 2026
#@# white curv lh Wed Mar 11 16:16:26 CET 2026
#@# white area lh Wed Mar 11 16:16:26 CET 2026
#@# pial curv lh Wed Mar 11 16:16:26 CET 2026
#@# pial area lh Wed Mar 11 16:16:26 CET 2026
#@# thickness lh Wed Mar 11 16:16:26 CET 2026
#@# area and vertex vol lh Wed Mar 11 16:16:26 CET 2026
#@# white curv rh Wed Mar 11 16:16:26 CET 2026
#@# white area rh Wed Mar 11 16:16:26 CET 2026
#@# pial curv rh Wed Mar 11 16:16:26 CET 2026
#@# pial area rh Wed Mar 11 16:16:26 CET 2026
#@# thickness rh Wed Mar 11 16:16:26 CET 2026
#@# area and vertex vol rh Wed Mar 11 16:16:26 CET 2026
#@# Curvature Stats lh Wed Mar 11 16:16:26 CET 2026
#@# Curvature Stats rh Wed Mar 11 16:16:29 CET 2026
#@# Relabel Hypointensities Wed Mar 11 16:16:32 CET 2026
#@# APas-to-ASeg Wed Mar 11 16:16:47 CET 2026
#@# AParc-to-ASeg aparc Wed Mar 11 16:16:55 CET 2026
#@# AParc-to-ASeg aparc.a2009s Wed Mar 11 16:17:31 CET 2026
#@# AParc-to-ASeg aparc.DKTatlas Wed Mar 11 16:18:03 CET 2026
#@# WMParc Wed Mar 11 16:18:37 CET 2026
#@# ASeg Stats Wed Mar 11 16:22:10 CET 2026
recon-all -s sub-v2s18x29503_ses-1 finished without error at Wed Mar 11 16:22:51 CET 2026
