status file for recon-all
Wed Mar 11 15:14:38 CET 2026
#@# Tessellate lh Wed Mar 11 15:14:38 CET 2026
#@# Smooth1 lh Wed Mar 11 15:14:41 CET 2026
#@# Inflation1 lh Wed Mar 11 15:14:44 CET 2026
#@# QSphere lh Wed Mar 11 15:14:57 CET 2026
#@# Fix Topology lh Wed Mar 11 15:16:00 CET 2026
#@# Smooth2 lh Wed Mar 11 15:22:03 CET 2026
#@# Inflation2 lh Wed Mar 11 15:22:06 CET 2026
#@# Curv .H and .K lh Wed Mar 11 15:22:21 CET 2026
#@# Sphere lh Wed Mar 11 15:23:05 CET 2026
#@# Surf Reg lh Wed Mar 11 15:26:54 CET 2026
#@# Jacobian white lh Wed Mar 11 15:31:09 CET 2026
#@# AvgCurv lh Wed Mar 11 15:31:10 CET 2026
#@# Cortical Parc lh Wed Mar 11 15:31:10 CET 2026
#@# white curv lh Wed Mar 11 15:37:49 CET 2026
#@# white area lh Wed Mar 11 15:37:51 CET 2026
#@# pial curv lh Wed Mar 11 15:37:51 CET 2026
#@# pial area lh Wed Mar 11 15:37:53 CET 2026
#@# thickness lh Wed Mar 11 15:37:54 CET 2026
#@# area and vertex vol lh Wed Mar 11 15:38:22 CET 2026
#@# Curvature Stats lh Wed Mar 11 15:38:23 CET 2026
#@# Cortical Parc 2 lh Wed Mar 11 15:38:26 CET 2026
#@# Cortical Parc 3 lh Wed Mar 11 15:38:38 CET 2026
#@# WM/GM Contrast lh Wed Mar 11 15:38:49 CET 2026
recon-all -s sub-v2s18x29503_ses-1 finished without error at Wed Mar 11 15:38:54 CET 2026



#New# invocation of recon-all 



status file for recon-all
Wed Mar 11 16:10:08 CET 2026
#@# white curv lh Wed Mar 11 16:10:08 CET 2026
#@# white area lh Wed Mar 11 16:10:08 CET 2026
#@# pial curv lh Wed Mar 11 16:10:08 CET 2026
#@# pial area lh Wed Mar 11 16:10:08 CET 2026
#@# thickness lh Wed Mar 11 16:10:08 CET 2026
#@# area and vertex vol lh Wed Mar 11 16:10:08 CET 2026
#@# Parcellation Stats lh Wed Mar 11 16:10:08 CET 2026
#@# Parcellation Stats 2 lh Wed Mar 11 16:10:26 CET 2026
#@# Parcellation Stats 3 lh Wed Mar 11 16:10:36 CET 2026
#@# BA_exvivo Labels lh Wed Mar 11 16:10:44 CET 2026
recon-all -s sub-v2s18x29503_ses-1 finished without error at Wed Mar 11 16:13:16 CET 2026
