status file for recon-all
Wed Mar 11 16:42:50 CET 2026
#@# Tessellate rh Wed Mar 11 16:42:50 CET 2026
#@# Smooth1 rh Wed Mar 11 16:42:54 CET 2026
#@# Inflation1 rh Wed Mar 11 16:42:57 CET 2026
#@# QSphere rh Wed Mar 11 16:43:08 CET 2026
#@# Fix Topology rh Wed Mar 11 16:44:08 CET 2026
#@# Smooth2 rh Wed Mar 11 16:49:12 CET 2026
#@# Inflation2 rh Wed Mar 11 16:49:15 CET 2026
#@# Curv .H and .K rh Wed Mar 11 16:49:25 CET 2026
#@# Sphere rh Wed Mar 11 16:50:11 CET 2026
#@# Surf Reg rh Wed Mar 11 16:53:06 CET 2026
#@# Jacobian white rh Wed Mar 11 16:56:26 CET 2026
#@# AvgCurv rh Wed Mar 11 16:56:27 CET 2026
#@# Cortical Parc rh Wed Mar 11 16:56:27 CET 2026
#@# white curv rh Wed Mar 11 17:02:25 CET 2026
#@# white area rh Wed Mar 11 17:02:27 CET 2026
#@# pial curv rh Wed Mar 11 17:02:27 CET 2026
#@# pial area rh Wed Mar 11 17:02:29 CET 2026
#@# thickness rh Wed Mar 11 17:02:30 CET 2026
#@# area and vertex vol rh Wed Mar 11 17:02:59 CET 2026
#@# Curvature Stats rh Wed Mar 11 17:03:00 CET 2026
#@# Cortical Parc 2 rh Wed Mar 11 17:03:02 CET 2026
#@# Cortical Parc 3 rh Wed Mar 11 17:03:15 CET 2026
#@# WM/GM Contrast rh Wed Mar 11 17:03:24 CET 2026
recon-all -s sub-v2s18x29524_ses-1 finished without error at Wed Mar 11 17:03:29 CET 2026



#New# invocation of recon-all 



status file for recon-all
Wed Mar 11 17:13:06 CET 2026
#@# white curv rh Wed Mar 11 17:13:06 CET 2026
#@# white area rh Wed Mar 11 17:13:06 CET 2026
#@# pial curv rh Wed Mar 11 17:13:06 CET 2026
#@# pial area rh Wed Mar 11 17:13:06 CET 2026
#@# thickness rh Wed Mar 11 17:13:06 CET 2026
#@# area and vertex vol rh Wed Mar 11 17:13:06 CET 2026
#@# Parcellation Stats rh Wed Mar 11 17:13:06 CET 2026
#@# Parcellation Stats 2 rh Wed Mar 11 17:13:24 CET 2026
#@# Parcellation Stats 3 rh Wed Mar 11 17:13:34 CET 2026
#@# BA_exvivo Labels rh Wed Mar 11 17:13:43 CET 2026
recon-all -s sub-v2s18x29524_ses-1 finished without error at Wed Mar 11 17:16:09 CET 2026
