status file for recon-all
Wed Mar 11 14:41:02 CET 2026
#@# MotionCor Wed Mar 11 14:41:09 CET 2026
#@# Talairach Wed Mar 11 14:41:27 CET 2026
#@# Talairach Failure Detection Wed Mar 11 14:45:53 CET 2026
#@# Nu Intensity Correction Wed Mar 11 14:45:53 CET 2026
#@# Intensity Normalization Wed Mar 11 14:49:08 CET 2026
recon-all -s sub-v2s18x29524_ses-1 finished without error at Wed Mar 11 14:50:40 CET 2026



#New# invocation of recon-all 



status file for recon-all
Wed Mar 11 15:01:46 CET 2026
#@# EM Registration Wed Mar 11 15:01:46 CET 2026
recon-all -s sub-v2s18x29524_ses-1 finished without error at Wed Mar 11 15:03:32 CET 2026



#New# invocation of recon-all 



status file for recon-all
Wed Mar 11 15:03:35 CET 2026
#@# CA Normalize Wed Mar 11 15:03:35 CET 2026
#@# CA Reg Wed Mar 11 15:04:57 CET 2026
#@# SubCort Seg Wed Mar 11 15:48:45 CET 2026
#@# CC Seg Wed Mar 11 16:16:46 CET 2026
#@# Merge ASeg Wed Mar 11 16:17:28 CET 2026
#@# Intensity Normalization2 Wed Mar 11 16:17:28 CET 2026
#@# Mask BFS Wed Mar 11 16:19:44 CET 2026
#@# WM Segmentation Wed Mar 11 16:19:45 CET 2026
#@# Fill Wed Mar 11 16:21:37 CET 2026
recon-all -s sub-v2s18x29524_ses-1 finished without error at Wed Mar 11 16:22:41 CET 2026



#New# invocation of recon-all 



status file for recon-all
Wed Mar 11 17:03:35 CET 2026
#@# white curv lh Wed Mar 11 17:03:35 CET 2026
#@# white area lh Wed Mar 11 17:03:35 CET 2026
#@# pial curv lh Wed Mar 11 17:03:35 CET 2026
#@# pial area lh Wed Mar 11 17:03:35 CET 2026
#@# thickness lh Wed Mar 11 17:03:35 CET 2026
#@# area and vertex vol lh Wed Mar 11 17:03:35 CET 2026
#@# white curv rh Wed Mar 11 17:03:35 CET 2026
#@# white area rh Wed Mar 11 17:03:35 CET 2026
#@# pial curv rh Wed Mar 11 17:03:35 CET 2026
#@# pial area rh Wed Mar 11 17:03:35 CET 2026
#@# thickness rh Wed Mar 11 17:03:35 CET 2026
#@# area and vertex vol rh Wed Mar 11 17:03:35 CET 2026
#@# Cortical ribbon mask Wed Mar 11 17:03:35 CET 2026
recon-all -s sub-v2s18x29524_ses-1 finished without error at Wed Mar 11 17:09:55 CET 2026



#New# invocation of recon-all 



status file for recon-all
Wed Mar 11 17:16:13 CET 2026
#@# white curv lh Wed Mar 11 17:16:13 CET 2026
#@# white area lh Wed Mar 11 17:16:13 CET 2026
#@# pial curv lh Wed Mar 11 17:16:13 CET 2026
#@# pial area lh Wed Mar 11 17:16:13 CET 2026
#@# thickness lh Wed Mar 11 17:16:13 CET 2026
#@# area and vertex vol lh Wed Mar 11 17:16:13 CET 2026
#@# white curv rh Wed Mar 11 17:16:13 CET 2026
#@# white area rh Wed Mar 11 17:16:13 CET 2026
#@# pial curv rh Wed Mar 11 17:16:13 CET 2026
#@# pial area rh Wed Mar 11 17:16:13 CET 2026
#@# thickness rh Wed Mar 11 17:16:13 CET 2026
#@# area and vertex vol rh Wed Mar 11 17:16:13 CET 2026
#@# Curvature Stats lh Wed Mar 11 17:16:13 CET 2026
#@# Curvature Stats rh Wed Mar 11 17:16:15 CET 2026
#@# Relabel Hypointensities Wed Mar 11 17:16:17 CET 2026
#@# APas-to-ASeg Wed Mar 11 17:16:31 CET 2026
#@# AParc-to-ASeg aparc Wed Mar 11 17:16:38 CET 2026
#@# AParc-to-ASeg aparc.a2009s Wed Mar 11 17:17:11 CET 2026
#@# AParc-to-ASeg aparc.DKTatlas Wed Mar 11 17:17:46 CET 2026
#@# WMParc Wed Mar 11 17:18:20 CET 2026
#@# ASeg Stats Wed Mar 11 17:21:57 CET 2026
recon-all -s sub-v2s18x29524_ses-1 finished without error at Wed Mar 11 17:22:28 CET 2026
