/out/sourcedata/freesurfer/sub-v2s18x29521_ses-1/mri
/opt/freesurfer/bin/talairach_avi
--i orig_nu.mgz --xfm transforms/talairach.auto.xfm
talairach_avi 7.3.2
Linux dna030 5.14.0-427.37.1.el9_4.x86_64 #1 SMP PREEMPT_DYNAMIC Fri Sep 13 12:41:50 EDT 2024 x86_64 x86_64 x86_64 GNU/Linux
Wed Mar 11 14:41:51 CET 2026
mri_convert orig_nu.mgz talsrcimg.img 
reading from orig_nu.mgz...
TR=0.00, TE=0.00, TI=0.00, flip angle=0.00
i_ras = (-1, 1.84809e-09, 0)
j_ras = (3.72529e-09, 0, -1)
k_ras = (-1.84082e-09, 1, 2.32831e-10)
writing to talsrcimg.img...
Analyze Output Matrix
-1.00000   0.00000  -0.00000   138.79031;
 0.00000   0.00000   1.00000  -83.05718;
 0.00000  -1.00000   0.00000   104.86635;
 0.00000   0.00000   0.00000   1.00000;
--------------------
INFO: set hdr.hist.orient to -1
mpr2mni305 talsrcimg
Wed Mar 11 14:41:51 CET 2026
/opt/freesurfer/bin/mpr2mni305 talsrcimg
mpr2mni305 7.3.2
target=711-2C_as_mni_average_305

---------------------------------------------------------------------
analyzeto4dfp talsrcimg -O0 -y
---------------------------------------------------------------------

freesurfer ifh2hdr.c
Wed Mar 11 14:41:51 2026
Writing: talsrcimg.4dfp.hdr
freesurfer analyzeto4dfp.c
Reading: talsrcimg.hdr
header size 348 bytes
hdr.dime.datatype	offset=70	value=2
hdr.dime.bitpix		offset=72	value=8
hdr.hist.orient		offset=252	value=-1
dimensionality     4
dimensions       256       256       256         1
Reading: talsrcimg.img
Writing: talsrcimg.4dfp.img
Writing: talsrcimg.4dfp.ifh
ifh2hdr talsrcimg -r0to193
ori=2

---------------------------------------------------------------------
gauss_4dfp talsrcimg 1.1
---------------------------------------------------------------------

freesurfer gauss_4dfp.c
Reading: talsrcimg.4dfp.img
Writing: talsrcimg_g11.4dfp.img
image dimensions 256 256 256 padded to 288 288 288
processing volume 1freesurfer ifh2hdr.c
Wed Mar 11 14:41:53 2026
Writing: talsrcimg_g11.4dfp.hdr

Writing: talsrcimg_g11.4dfp.ifh
including: talsrcimg.4dfp.img.rec in talsrcimg_g11.4dfp.img.rec

---------------------------------------------------------------------
imgreg_4dfp /opt/freesurfer/average/711-2C_as_mni_average_305 none talsrcimg_g11 none talsrcimg_to_711-2C_as_mni_average_305_t4 4355
---------------------------------------------------------------------

freesurfer imgreg_4dfp.c
/opt/freesurfer/average/711-2C_as_mni_average_305.4dfp.img
       256       256       256         1
  1.000000  1.000000  1.000000
orientation T byte_order littleendian
Reading image: /opt/freesurfer/average/711-2C_as_mni_average_305.4dfp.img
dimensions:      256       256       256
mmppix:       1.0000   -1.0000   -1.0000
center:     128.0000 -129.0000 -129.0000
talsrcimg_g11.4dfp.img
       256       256       256         1
  1.000000  1.000000  1.000000
orientation T byte_order littleendian
Reading image: talsrcimg_g11.4dfp.img
dimensions:      256       256       256
mmppix:       1.0000   -1.0000   -1.0000
center:     128.0000 -129.0000 -129.0000
t4_read: open error in t4_sub.f l:  41 t4_file(1:l)talsrcimg_to_711-2C_as_mni_average_305_t4 
t4_read: transform initialized to I4
rotation matrix determinant  1.000000
image alignment mode   4355 decimal     1103 hex
   -7.5000  -45.0000  -45.0000 4925.2939   25.1813
    0.0000  -45.0000  -45.0000 5150.1294   25.1595
    7.5000  -45.0000  -45.0000 4981.5601   25.1565
   -7.5000  -37.5000  -45.0000 5483.5483   24.1798
    0.0000  -37.5000  -45.0000 5694.4292   24.1672
    7.5000  -37.5000  -45.0000 5536.9067   24.1598
   -7.5000  -30.0000  -45.0000 6225.4370   23.4321
    0.0000  -30.0000  -45.0000 6463.5059   23.4248
    7.5000  -30.0000  -45.0000 6283.8589   23.4175
   -7.5000  -22.5000  -45.0000 7024.1343   22.8724
    0.0000  -22.5000  -45.0000 7318.6577   22.8634
    7.5000  -22.5000  -45.0000 7086.6792   22.8640
   -7.5000  -15.0000  -45.0000 7939.1519   22.7060
    0.0000  -15.0000  -45.0000 8287.7949   22.6910
    7.5000  -15.0000  -45.0000 8009.2686   22.6990
   -7.5000   -7.5000  -45.0000 8879.4209   22.6456
    0.0000   -7.5000  -45.0000 9276.3330   22.6265
    7.5000   -7.5000  -45.0000 8936.2432   22.6346
   -7.5000    0.0000  -45.0000 9810.5596   22.6037
    0.0000    0.0000  -45.000010253.9922   22.5854
    7.5000    0.0000  -45.0000 9869.0889   22.5876
   -7.5000    7.5000  -45.000010026.0654   22.6247
    0.0000    7.5000  -45.000010498.6523   22.6129
    7.5000    7.5000  -45.000010089.3467   22.6080
   -7.5000   15.0000  -45.0000 9993.5479   22.6812
    0.0000   15.0000  -45.000010462.9785   22.6753
    7.5000   15.0000  -45.000010032.0459   22.6688
   -7.5000   22.5000  -45.0000 9830.7812   22.7151
    0.0000   22.5000  -45.000010302.7656   22.7068
    7.5000   22.5000  -45.0000 9833.2344   22.7076
   -7.5000   30.0000  -45.0000 9636.1895   22.4011
    0.0000   30.0000  -45.000010083.8340   22.3864
    7.5000   30.0000  -45.0000 9627.5068   22.3944
   -7.5000   37.5000  -45.0000 9820.1885   22.3438
    0.0000   37.5000  -45.000010281.9951   22.3250
    7.5000   37.5000  -45.0000 9820.0625   22.3330
   -7.5000   45.0000  -45.0000 9629.0996   21.7362
    0.0000   45.0000  -45.000010084.5195   21.7186
    7.5000   45.0000  -45.0000 9624.3262   21.7207
   -7.5000  -45.0000  -37.5000 5229.3857   25.0786
    0.0000  -45.0000  -37.5000 5454.2466   25.0552
    7.5000  -45.0000  -37.5000 5286.7603   25.0519
   -7.5000  -37.5000  -37.5000 5813.2241   24.0892
    0.0000  -37.5000  -37.5000 6037.2847   24.0719
    7.5000  -37.5000  -37.5000 5856.8110   24.0604
   -7.5000  -30.0000  -37.5000 6615.7534   23.3706
    0.0000  -30.0000  -37.5000 6893.0356   23.3611
    7.5000  -30.0000  -37.5000 6667.4097   23.3418
   -7.5000  -22.5000  -37.5000 7480.3481   22.8302
    0.0000  -22.5000  -37.5000 7818.5503   22.8258
    7.5000  -22.5000  -37.5000 7537.8467   22.8106
   -7.5000  -15.0000  -37.5000 8470.7832   22.6581
    0.0000  -15.0000  -37.5000 8852.9414   22.6519
    7.5000  -15.0000  -37.5000 8526.2441   22.6461
   -7.5000   -7.5000  -37.5000 9476.9229   22.5744
    0.0000   -7.5000  -37.5000 9933.0791   22.5608
    7.5000   -7.5000  -37.5000 9540.4473   22.5627
   -7.5000    0.0000  -37.500010442.7041   22.5151
    0.0000    0.0000  -37.500010949.7646   22.4961
    7.5000    0.0000  -37.500010509.8135   22.4984
   -7.5000    7.5000  -37.500010669.1035   22.5436
    0.0000    7.5000  -37.500011202.5137   22.5278
    7.5000    7.5000  -37.500010717.8330   22.5199
   -7.5000   15.0000  -37.500010654.2168   22.6234
    0.0000   15.0000  -37.500011178.1396   22.6155
    7.5000   15.0000  -37.500010655.6943   22.5982
   -7.5000   22.5000  -37.500010454.8086   22.6731
    0.0000   22.5000  -37.500010994.1963   22.6695
    7.5000   22.5000  -37.500010427.7490   22.6548
   -7.5000   30.0000  -37.500010224.5723   22.3538
    0.0000   30.0000  -37.500010748.9727   22.3478
    7.5000   30.0000  -37.500010188.8838   22.3421
   -7.5000   37.5000  -37.500010405.7275   22.2735
    0.0000   37.5000  -37.500010957.5889   22.2601
    7.5000   37.5000  -37.500010357.4219   22.2620
   -7.5000   45.0000  -37.500010192.6719   21.6509
    0.0000   45.0000  -37.500010738.2871   21.6327
    7.5000   45.0000  -37.500010147.0840   21.6349
   -7.5000  -45.0000  -30.0000 5596.4805   26.1223
    0.0000  -45.0000  -30.0000 5818.7974   26.0981
    7.5000  -45.0000  -30.0000 5643.9644   26.0775
   -7.5000  -37.5000  -30.0000 6216.7104   25.0727
    0.0000  -37.5000  -30.0000 6468.3989   25.0512
    7.5000  -37.5000  -30.0000 6254.0342   25.0222
   -7.5000  -30.0000  -30.0000 7105.8086   24.3204
    0.0000  -30.0000  -30.0000 7410.9375   24.3051
    7.5000  -30.0000  -30.0000 7138.1704   24.2685
   -7.5000  -22.5000  -30.0000 8071.9297   23.7714
    0.0000  -22.5000  -30.0000 8449.0156   23.7630
    7.5000  -22.5000  -30.0000 8116.2090   23.7298
   -7.5000  -15.0000  -30.0000 9144.4795   23.6060
    0.0000  -15.0000  -30.0000 9585.1719   23.5984
    7.5000  -15.0000  -30.0000 9185.6807   23.5747
   -7.5000   -7.5000  -30.000010216.7109   23.5216
    0.0000   -7.5000  -30.000010717.0312   23.5080
    7.5000   -7.5000  -30.000010267.8643   23.4936
   -7.5000    0.0000  -30.000011264.9092   23.4498
    0.0000    0.0000  -30.000011809.0176   23.4299
    7.5000    0.0000  -30.000011284.6230   23.4171
   -7.5000    7.5000  -30.000011509.8770   23.4655
    0.0000    7.5000  -30.000012070.9277   23.4459
    7.5000    7.5000  -30.000011498.0674   23.4223
   -7.5000   15.0000  -30.000011511.1045   23.5449
    0.0000   15.0000  -30.000012041.4834   23.5317
    7.5000   15.0000  -30.000011473.4902   23.4977
   -7.5000   22.5000  -30.000011298.1992   23.6056
    0.0000   22.5000  -30.000011874.5605   23.5979
    7.5000   22.5000  -30.000011222.2686   23.5657
   -7.5000   30.0000  -30.000011044.5801   23.2912
    0.0000   30.0000  -30.000011638.0781   23.2838
    7.5000   30.0000  -30.000010954.4209   23.2605
   -7.5000   37.5000  -30.000011183.1699   23.2104
    0.0000   37.5000  -30.000011798.8857   23.1970
    7.5000   37.5000  -30.000011092.5771   23.1828
   -7.5000   45.0000  -30.000010905.8604   22.5663
    0.0000   45.0000  -30.000011507.5273   22.5472
    7.5000   45.0000  -30.000010829.5576   22.5349
   -7.5000  -45.0000  -22.5000 5948.3047   27.0168
    0.0000  -45.0000  -22.5000 6191.2812   26.9943
    7.5000  -45.0000  -22.5000 5997.8813   26.9547
   -7.5000  -37.5000  -22.5000 6656.1621   25.9059
    0.0000  -37.5000  -22.5000 6918.9385   25.8852
    7.5000  -37.5000  -22.5000 6684.4512   25.8420
   -7.5000  -30.0000  -22.5000 7645.7192   25.0955
    0.0000  -30.0000  -22.5000 7946.3384   25.0754
    7.5000  -30.0000  -22.5000 7665.8218   25.0335
   -7.5000  -22.5000  -22.5000 8700.9834   24.5240
    0.0000  -22.5000  -22.5000 9076.9326   24.5038
    7.5000  -22.5000  -22.5000 8715.6562   24.4690
   -7.5000  -15.0000  -22.5000 9855.1494   24.3753
    0.0000  -15.0000  -22.500010302.5693   24.3548
    7.5000  -15.0000  -22.5000 9873.3008   24.3279
   -7.5000   -7.5000  -22.500010992.2275   24.3193
    0.0000   -7.5000  -22.500011521.5166   24.2993
    7.5000   -7.5000  -22.500011008.7666   24.2744
   -7.5000    0.0000  -22.500012100.7178   24.2563
    0.0000    0.0000  -22.500012677.8770   24.2366
    7.5000    0.0000  -22.500012098.7803   24.2073
   -7.5000    7.5000  -22.500012343.9238   24.2486
    0.0000    7.5000  -22.500012917.4609   24.2294
    7.5000    7.5000  -22.500012313.5625   24.1921
   -7.5000   15.0000  -22.500012316.3027   24.2984
    0.0000   15.0000  -22.500012899.3125   24.2801
    7.5000   15.0000  -22.500012286.6660   24.2404
   -7.5000   22.5000  -22.500012105.0791   24.3521
    0.0000   22.5000  -22.500012732.3799   24.3330
    7.5000   22.5000  -22.500012032.1064   24.2992
   -7.5000   30.0000  -22.500011853.1572   24.0539
    0.0000   30.0000  -22.500012507.9473   24.0339
    7.5000   30.0000  -22.500011778.1025   24.0074
   -7.5000   37.5000  -22.500012002.1855   24.0012
    0.0000   37.5000  -22.500012666.2441   23.9814
    7.5000   37.5000  -22.500011884.7246   23.9569
   -7.5000   45.0000  -22.500011703.6631   23.3600
    0.0000   45.0000  -22.500012374.9014   23.3410
    7.5000   45.0000  -22.500011607.3604   23.3128
   -7.5000  -45.0000  -15.0000 6345.8462   27.6685
    0.0000  -45.0000  -15.0000 6570.4980   27.6487
    7.5000  -45.0000  -15.0000 6359.9839   27.6071
   -7.5000  -37.5000  -15.0000 7118.8120   26.5237
    0.0000  -37.5000  -15.0000 7383.3110   26.5078
    7.5000  -37.5000  -15.0000 7129.3818   26.4665
   -7.5000  -30.0000  -15.0000 8160.9507   25.6655
    0.0000  -30.0000  -15.0000 8492.7373   25.6456
    7.5000  -30.0000  -15.0000 8183.3145   25.6141
   -7.5000  -22.5000  -15.0000 9269.3213   25.0634
    0.0000  -22.5000  -15.0000 9695.7246   25.0356
    7.5000  -22.5000  -15.0000 9313.4707   25.0159
   -7.5000  -15.0000  -15.000010502.8252   24.9207
    0.0000  -15.0000  -15.000011009.2676   24.8894
    7.5000  -15.0000  -15.000010543.8027   24.8763
   -7.5000   -7.5000  -15.000011729.0293   24.8921
    0.0000   -7.5000  -15.000012303.9570   24.8661
    7.5000   -7.5000  -15.000011745.5303   24.8468
   -7.5000    0.0000  -15.000012905.2080   24.8479
    0.0000    0.0000  -15.000013515.6973   24.8295
    7.5000    0.0000  -15.000012904.0918   24.7984
   -7.5000    7.5000  -15.000013146.5273   24.8295
    0.0000    7.5000  -15.000013767.1475   24.8143
    7.5000    7.5000  -15.000013128.5811   24.7780
   -7.5000   15.0000  -15.000013110.8301   24.8517
    0.0000   15.0000  -15.000013766.5127   24.8335
    7.5000   15.0000  -15.000013089.9424   24.8029
   -7.5000   22.5000  -15.000012919.7354   24.8874
    0.0000   22.5000  -15.000013608.4980   24.8607
    7.5000   22.5000  -15.000012860.6729   24.8417
   -7.5000   30.0000  -15.000012657.7500   24.5957
    0.0000   30.0000  -15.000013368.7480   24.5649
    7.5000   30.0000  -15.000012573.2900   24.5520
   -7.5000   37.5000  -15.000012818.7207   24.5699
    0.0000   37.5000  -15.000013537.9033   24.5443
    7.5000   37.5000  -15.000012703.8613   24.5252
   -7.5000   45.0000  -15.000012511.5195   23.9442
    0.0000   45.0000  -15.000013204.3398   23.9264
    7.5000   45.0000  -15.000012392.6006   23.8965
   -7.5000  -45.0000   -7.5000 6762.6963   28.0072
    0.0000  -45.0000   -7.5000 7014.6338   27.9870
    7.5000  -45.0000   -7.5000 6783.5518   27.9640
   -7.5000  -37.5000   -7.5000 7593.4868   26.8698
    0.0000  -37.5000   -7.5000 7885.8472   26.8579
    7.5000  -37.5000   -7.5000 7619.5552   26.8346
   -7.5000  -30.0000   -7.5000 8701.4473   26.0084
    0.0000  -30.0000   -7.5000 9089.6445   25.9957
    7.5000  -30.0000   -7.5000 8737.4922   25.9817
   -7.5000  -22.5000   -7.5000 9875.8857   25.3855
    0.0000  -22.5000   -7.500010356.5039   25.3644
    7.5000  -22.5000   -7.5000 9904.6094   25.3628
   -7.5000  -15.0000   -7.500011168.9326   25.2253
    0.0000  -15.0000   -7.500011728.1279   25.1975
    7.5000  -15.0000   -7.500011195.7168   25.2021
   -7.5000   -7.5000   -7.500012470.9473   25.1904
    0.0000   -7.5000   -7.500013134.8408   25.1647
    7.5000   -7.5000   -7.500012505.9102   25.1622
   -7.5000    0.0000   -7.500013749.0654   25.1538
    0.0000    0.0000   -7.500014447.8633   25.1355
    7.5000    0.0000   -7.500013756.9658   25.1205
   -7.5000    7.5000   -7.500014068.7793   25.1516
    0.0000    7.5000   -7.500014820.2529   25.1400
    7.5000    7.5000   -7.500014068.0830   25.1200
   -7.5000   15.0000   -7.500014074.4834   25.1814
    0.0000   15.0000   -7.500014905.0850   25.1702
    7.5000   15.0000   -7.500014042.3008   25.1565
   -7.5000   22.5000   -7.500013893.6182   25.2043
    0.0000   22.5000   -7.500014691.7617   25.1842
    7.5000   22.5000   -7.500013768.8242   25.1829
   -7.5000   30.0000   -7.500013567.1963   24.8957
    0.0000   30.0000   -7.500014307.3857   24.8683
    7.5000   30.0000   -7.500013440.4561   24.8729
   -7.5000   37.5000   -7.500013722.6973   24.8637
    0.0000   37.5000   -7.500014448.1357   24.8384
    7.5000   37.5000   -7.500013595.9580   24.8359
   -7.5000   45.0000   -7.500013396.3584   24.2435
    0.0000   45.0000   -7.500014104.9043   24.2259
    7.5000   45.0000   -7.500013255.7344   24.2114
   -7.5000  -45.0000    0.0000 7043.1660   28.0728
    0.0000  -45.0000    0.0000 7306.7378   28.0491
    7.5000  -45.0000    0.0000 7074.0894   28.0457
   -7.5000  -37.5000    0.0000 7972.0391   26.9604
    0.0000  -37.5000    0.0000 8293.1006   26.9470
    7.5000  -37.5000    0.0000 7988.8794   26.9388
   -7.5000  -30.0000    0.0000 9186.0137   26.1299
    0.0000  -30.0000    0.0000 9627.5957   26.1224
    7.5000  -30.0000    0.0000 9203.2119   26.1143
   -7.5000  -22.5000    0.000010418.3594   25.5079
    0.0000  -22.5000    0.000010948.9941   25.4983
    7.5000  -22.5000    0.000010420.9453   25.4990
   -7.5000  -15.0000    0.000011747.4893   25.3226
    0.0000  -15.0000    0.000012337.4570   25.3064
    7.5000  -15.0000    0.000011730.6553   25.3153
   -7.5000   -7.5000    0.000013069.5381   25.2552
    0.0000   -7.5000    0.000013709.8447   25.2344
    7.5000   -7.5000    0.000013052.0303   25.2433
   -7.5000    0.0000    0.000014449.1953   25.2086
    0.0000    0.0000    0.000015214.7646   25.1887
    7.5000    0.0000    0.000014425.7471   25.1911
   -7.5000    7.5000    0.000014969.2305   25.2322
    0.0000    7.5000    0.000015890.2168   25.2196
    7.5000    7.5000    0.000014959.8037   25.2142
   -7.5000   15.0000    0.000015219.0508   25.2954
    0.0000   15.0000    0.000016237.8486   25.2893
    7.5000   15.0000    0.000015150.0654   25.2822
   -7.5000   22.5000    0.000015021.2783   25.3248
    0.0000   22.5000    0.000015809.2637   25.3161
    7.5000   22.5000    0.000014816.2695   25.3170
   -7.5000   30.0000    0.000014559.7324   24.9923
    0.0000   30.0000    0.000015097.3008   24.9764
    7.5000   30.0000    0.000014337.5029   24.9853
   -7.5000   37.5000    0.000014680.0029   24.9283
    0.0000   37.5000    0.000015256.0195   24.9078
    7.5000   37.5000    0.000014478.3516   24.9166
   -7.5000   45.0000    0.000014313.0557   24.2982
    0.0000   45.0000    0.000014947.8369   24.2790
    7.5000   45.0000    0.000014135.0342   24.2813
   -7.5000  -45.0000    7.5000 6804.2949   28.0628
    0.0000  -45.0000    7.5000 7049.5117   28.0367
    7.5000  -45.0000    7.5000 6809.2949   28.0331
   -7.5000  -37.5000    7.5000 7726.1548   26.9557
    0.0000  -37.5000    7.5000 8035.8105   26.9364
    7.5000  -37.5000    7.5000 7716.1035   26.9235
   -7.5000  -30.0000    7.5000 8910.9404   26.1517
    0.0000  -30.0000    7.5000 9355.5547   26.1410
    7.5000  -30.0000    7.5000 8899.8213   26.1194
   -7.5000  -22.5000    7.500010118.0752   25.5470
    0.0000  -22.5000    7.500010670.1484   25.5422
    7.5000  -22.5000    7.500010089.6953   25.5251
   -7.5000  -15.0000    7.500011397.2422   25.3544
    0.0000  -15.0000    7.500012022.3320   25.3476
    7.5000  -15.0000    7.500011374.7451   25.3411
   -7.5000   -7.5000    7.500012645.9141   25.2608
    0.0000   -7.5000    7.500013293.5938   25.2456
    7.5000   -7.5000    7.500012588.8281   25.2477
   -7.5000    0.0000    7.500013981.0615   25.1943
    0.0000    0.0000    7.500014701.8350   25.1731
    7.5000    0.0000    7.500013936.7646   25.1757
   -7.5000    7.5000    7.500014635.9551   25.2263
    0.0000    7.5000    7.500015594.9541   25.2086
    7.5000    7.5000    7.500014635.6680   25.1998
   -7.5000   15.0000    7.500015033.8203   25.3156
    0.0000   15.0000    7.500016019.6436   25.3068
    7.5000   15.0000    7.500014991.8525   25.2875
   -7.5000   22.5000    7.500014900.7471   25.3630
    0.0000   22.5000    7.500015379.6533   25.3590
    7.5000   22.5000    7.500014725.8174   25.3426
   -7.5000   30.0000    7.500014387.7861   25.0237
    0.0000   30.0000    7.500014615.1963   25.0170
    7.5000   30.0000    7.500014117.4365   25.0107
   -7.5000   37.5000    7.500014520.4141   24.9338
    0.0000   37.5000    7.500014856.6670   24.9188
    7.5000   37.5000    7.500014212.5400   24.9210
   -7.5000   45.0000    7.500014122.1748   24.2844
    0.0000   45.0000    7.500014633.4990   24.2640
    7.5000   45.0000    7.500013820.8711   24.2665
   -7.5000  -45.0000   15.0000 6444.0376   28.0511
    0.0000  -45.0000   15.0000 6718.6548   28.0251
    7.5000  -45.0000   15.0000 6437.1362   28.0029
   -7.5000  -37.5000   15.0000 7343.6738   26.9240
    0.0000  -37.5000   15.0000 7701.0142   26.9009
    7.5000  -37.5000   15.0000 7316.7466   26.8698
   -7.5000  -30.0000   15.0000 8530.3984   26.1161
    0.0000  -30.0000   15.0000 9005.9531   26.0998
    7.5000  -30.0000   15.0000 8497.4150   26.0605
   -7.5000  -22.5000   15.0000 9727.4922   25.5266
    0.0000  -22.5000   15.000010268.4023   25.5175
    7.5000  -22.5000   15.0000 9699.1387   25.4819
   -7.5000  -15.0000   15.000010971.2842   25.3490
    0.0000  -15.0000   15.000011532.7002   25.3408
    7.5000  -15.0000   15.000010927.9932   25.3154
   -7.5000   -7.5000   15.000012153.4971   25.2584
    0.0000   -7.5000   15.000012718.7412   25.2438
    7.5000   -7.5000   15.000012106.8818   25.2284
   -7.5000    0.0000   15.000013407.7793   25.1812
    0.0000    0.0000   15.000014079.4219   25.1599
    7.5000    0.0000   15.000013399.7061   25.1462
   -7.5000    7.5000   15.000013921.6787   25.1982
    0.0000    7.5000   15.000014775.7363   25.1771
    7.5000    7.5000   15.000014008.6943   25.1517
   -7.5000   15.0000   15.000014152.0166   25.2834
    0.0000   15.0000   15.000015089.9688   25.2692
    7.5000   15.0000   15.000014225.3105   25.2327
   -7.5000   22.5000   15.000014054.0830   25.3429
    0.0000   22.5000   15.000014700.0850   25.3348
    7.5000   22.5000   15.000013908.7100   25.3002
   -7.5000   30.0000   15.000013726.3984   25.0183
    0.0000   30.0000   15.000014253.5205   25.0104
    7.5000   30.0000   15.000013445.8125   24.9854
   -7.5000   37.5000   15.000013889.1826   24.9315
    0.0000   37.5000   15.000014507.2090   24.9171
    7.5000   37.5000   15.000013549.4053   24.9019
   -7.5000   45.0000   15.000013476.3389   24.2718
    0.0000   45.0000   15.000014110.6895   24.2512
    7.5000   45.0000   15.000013135.0967   24.2380
   -7.5000  -45.0000   22.5000 6076.4248   28.0860
    0.0000  -45.0000   22.5000 6383.9736   28.0627
    7.5000  -45.0000   22.5000 6068.9233   28.0221
   -7.5000  -37.5000   22.5000 6926.0273   26.9296
    0.0000  -37.5000   22.5000 7313.0283   26.9082
    7.5000  -37.5000   22.5000 6895.9033   26.8639
   -7.5000  -30.0000   22.5000 8026.9419   26.0861
    0.0000  -30.0000   22.5000 8513.3242   26.0653
    7.5000  -30.0000   22.5000 7998.9292   26.0223
   -7.5000  -22.5000   22.5000 9150.8828   25.4913
    0.0000  -22.5000   22.5000 9714.5840   25.4703
    7.5000  -22.5000   22.5000 9143.9658   25.4346
   -7.5000  -15.0000   22.500010322.1982   25.3364
    0.0000  -15.0000   22.500010934.5713   25.3152
    7.5000  -15.0000   22.500010329.7705   25.2876
   -7.5000   -7.5000   22.500011471.4053   25.2781
    0.0000   -7.5000   22.500012166.8994   25.2573
    7.5000   -7.5000   22.500011478.4316   25.2319
   -7.5000    0.0000   22.500012679.7695   25.2126
    0.0000    0.0000   22.500013500.1074   25.1921
    7.5000    0.0000   22.500012716.4570   25.1622
   -7.5000    7.5000   22.500013061.3057   25.2046
    0.0000    7.5000   22.500013976.8535   25.1847
    7.5000    7.5000   22.500013184.1367   25.1465
   -7.5000   15.0000   22.500013165.5518   25.2565
    0.0000   15.0000   22.500014020.6934   25.2376
    7.5000   15.0000   22.500013250.8682   25.1967
   -7.5000   22.5000   22.500012983.0293   25.3085
    0.0000   22.5000   22.500013683.7432   25.2886
    7.5000   22.5000   22.500012928.8584   25.2540
   -7.5000   30.0000   22.500012696.9023   25.0059
    0.0000   30.0000   22.500013356.1621   24.9851
    7.5000   30.0000   22.500012577.7627   24.9579
   -7.5000   37.5000   22.500012892.6162   24.9510
    0.0000   37.5000   22.500013592.5264   24.9304
    7.5000   37.5000   22.500012746.1133   24.9054
   -7.5000   45.0000   22.500012517.6221   24.3020
    0.0000   45.0000   22.500013201.0986   24.2823
    7.5000   45.0000   22.500012369.3877   24.2535
   -7.5000  -45.0000   30.0000 5624.1235   28.3217
    0.0000  -45.0000   30.0000 5927.7471   28.3014
    7.5000  -45.0000   30.0000 5625.8574   28.2592
   -7.5000  -37.5000   30.0000 6392.4995   27.1455
    0.0000  -37.5000   30.0000 6774.4951   27.1291
    7.5000  -37.5000   30.0000 6380.9326   27.0872
   -7.5000  -30.0000   30.0000 7398.1304   26.2619
    0.0000  -30.0000   30.0000 7860.6411   26.2413
    7.5000  -30.0000   30.0000 7407.3110   26.2095
   -7.5000  -22.5000   30.0000 8433.7734   25.6398
    0.0000  -22.5000   30.0000 8945.6152   25.6112
    7.5000  -22.5000   30.0000 8476.1211   25.5915
   -7.5000  -15.0000   30.0000 9560.4512   25.4914
    0.0000  -15.0000   30.000010132.4404   25.4594
    7.5000  -15.0000   30.0000 9644.2578   25.4464
   -7.5000   -7.5000   30.000010698.0518   25.4616
    0.0000   -7.5000   30.000011345.0820   25.4352
    7.5000   -7.5000   30.000010786.3750   25.4159
   -7.5000    0.0000   30.000011787.0566   25.4167
    0.0000    0.0000   30.000012527.6582   25.3980
    7.5000    0.0000   30.000011897.7490   25.3666
   -7.5000    7.5000   30.000012069.8643   25.3987
    0.0000    7.5000   30.000012816.4424   25.3831
    7.5000    7.5000   30.000012229.4170   25.3464
   -7.5000   15.0000   30.000012081.7607   25.4221
    0.0000   15.0000   30.000012753.3008   25.4033
    7.5000   15.0000   30.000012190.8184   25.3724
   -7.5000   22.5000   30.000011902.5186   25.4555
    0.0000   22.5000   30.000012495.1172   25.4281
    7.5000   22.5000   30.000011933.7256   25.4091
   -7.5000   30.0000   30.000011630.1484   25.1589
    0.0000   30.0000   30.000012235.8457   25.1274
    7.5000   30.0000   30.000011657.0137   25.1146
   -7.5000   37.5000   30.000011798.4180   25.1321
    0.0000   37.5000   30.000012426.8174   25.1060
    7.5000   37.5000   30.000011798.5488   25.0870
   -7.5000   45.0000   30.000011507.0615   24.4988
    0.0000   45.0000   30.000012130.9971   24.4807
    7.5000   45.0000   30.000011494.5674   24.4505
   -7.5000  -45.0000   37.5000 5377.4282   28.8568
    0.0000  -45.0000   37.5000 5665.3330   28.8351
    7.5000  -45.0000   37.5000 5382.1992   28.8120
   -7.5000  -37.5000   37.5000 6122.0146   27.6704
    0.0000  -37.5000   37.5000 6465.6304   27.6573
    7.5000  -37.5000   37.5000 6126.4907   27.6336
   -7.5000  -30.0000   37.5000 7092.9800   26.7714
    0.0000  -30.0000   37.5000 7497.8125   26.7575
    7.5000  -30.0000   37.5000 7129.6289   26.7436
   -7.5000  -22.5000   37.5000 8095.5786   26.1169
    0.0000  -22.5000   37.5000 8514.0918   26.0945
    7.5000  -22.5000   37.5000 8158.8027   26.0938
   -7.5000  -15.0000   37.5000 9169.2217   25.9457
    0.0000  -15.0000   37.5000 9662.5273   25.9164
    7.5000  -15.0000   37.5000 9273.2812   25.9224
   -7.5000   -7.5000   37.500010236.1914   25.9077
    0.0000   -7.5000   37.500010804.0342   25.8808
    7.5000   -7.5000   37.500010385.4004   25.8793
   -7.5000    0.0000   37.500011263.7061   25.8699
    0.0000    0.0000   37.500011906.3926   25.8504
    7.5000    0.0000   37.500011438.9434   25.8358
   -7.5000    7.5000   37.500011518.8721   25.8694
    0.0000    7.5000   37.500012172.5684   25.8568
    7.5000    7.5000   37.500011697.4385   25.8366
   -7.5000   15.0000   37.500011520.9482   25.9022
    0.0000   15.0000   37.500012116.6211   25.8900
    7.5000   15.0000   37.500011646.6875   25.8765
   -7.5000   22.5000   37.500011355.7559   25.9259
    0.0000   22.5000   37.500011925.0674   25.9046
    7.5000   22.5000   37.500011427.0859   25.9042
   -7.5000   30.0000   37.500011097.5342   25.6072
    0.0000   30.0000   37.500011646.4326   25.5784
    7.5000   30.0000   37.500011145.0723   25.5844
   -7.5000   37.5000   37.500011235.1953   25.5724
    0.0000   37.5000   37.500011820.1348   25.5459
    7.5000   37.5000   37.500011280.7275   25.5444
   -7.5000   45.0000   37.500010969.2471   24.9356
    0.0000   45.0000   37.500011555.1992   24.9168
    7.5000   45.0000   37.500011000.4531   24.9027
   -7.5000  -45.0000   45.0000 4953.0210   29.5207
    0.0000  -45.0000   45.0000 5197.9248   29.4966
    7.5000  -45.0000   45.0000 4934.2642   29.4885
   -7.5000  -37.5000   45.0000 5614.2852   28.3081
    0.0000  -37.5000   45.0000 5926.3516   28.2950
    7.5000  -37.5000   45.0000 5626.9014   28.2825
   -7.5000  -30.0000   45.0000 6512.0947   27.4013
    0.0000  -30.0000   45.0000 6861.9619   27.3943
    7.5000  -30.0000   45.0000 6546.8140   27.3825
   -7.5000  -22.5000   45.0000 7456.2217   26.7202
    0.0000  -22.5000   45.0000 7813.4263   26.7108
    7.5000  -22.5000   45.0000 7495.0967   26.7088
   -7.5000  -15.0000   45.0000 8425.1816   26.5165
    0.0000  -15.0000   45.0000 8838.0127   26.5003
    7.5000  -15.0000   45.0000 8489.1807   26.5068
   -7.5000   -7.5000   45.0000 9377.1367   26.4481
    0.0000   -7.5000   45.0000 9850.7988   26.4272
    7.5000   -7.5000   45.0000 9484.6748   26.4336
   -7.5000    0.0000   45.000010328.1768   26.4012
    0.0000    0.0000   45.000010867.9004   26.3812
    7.5000    0.0000   45.000010450.9570   26.3805
   -7.5000    7.5000   45.000010556.1914   26.4253
    0.0000    7.5000   45.000011099.9883   26.4129
    7.5000    7.5000   45.000010678.4014   26.4042
   -7.5000   15.0000   45.000010568.7344   26.4896
    0.0000   15.0000   45.000011091.9619   26.4842
    7.5000   15.0000   45.000010676.4639   26.4738
   -7.5000   22.5000   45.000010401.0000   26.5186
    0.0000   22.5000   45.000010930.4912   26.5103
    7.5000   22.5000   45.000010478.1582   26.5084
   -7.5000   30.0000   45.000010133.6035   26.1682
    0.0000   30.0000   45.000010641.3896   26.1523
    7.5000   30.0000   45.000010188.0146   26.1589
   -7.5000   37.5000   45.000010228.9326   26.1036
    0.0000   37.5000   45.000010737.2969   26.0829
    7.5000   37.5000   45.000010282.5264   26.0892
   -7.5000   45.0000   45.000010020.1582   25.4593
    0.0000   45.0000   45.000010530.6455   25.4399
    7.5000   45.0000   45.000010044.9824   25.4393

---------------------------------------------------------------------
imgreg_4dfp /opt/freesurfer/average/711-2C_as_mni_average_305 /opt/freesurfer/average/711-2B_as_mni_average_305_mask talsrcimg_g11 none talsrcimg_to_711-2C_as_mni_average_305_t4 4355
---------------------------------------------------------------------

freesurfer imgreg_4dfp.c
/opt/freesurfer/average/711-2C_as_mni_average_305.4dfp.img
       256       256       256         1
  1.000000  1.000000  1.000000
orientation T byte_order littleendian
Reading image: /opt/freesurfer/average/711-2C_as_mni_average_305.4dfp.img
dimensions:      256       256       256
mmppix:       1.0000   -1.0000   -1.0000
center:     128.0000 -129.0000 -129.0000
/opt/freesurfer/average/711-2B_as_mni_average_305_mask.4dfp.img
       256       256       256         1
  1.000000  1.000000  1.000000
orientation T byte_order littleendian
Reading mask: /opt/freesurfer/average/711-2B_as_mni_average_305_mask.4dfp.img (2306576 pixels)
talsrcimg_g11.4dfp.img
       256       256       256         1
  1.000000  1.000000  1.000000
orientation T byte_order littleendian
Reading image: talsrcimg_g11.4dfp.img
dimensions:      256       256       256
mmppix:       1.0000   -1.0000   -1.0000
center:     128.0000 -129.0000 -129.0000
rotation matrix determinant  1.000000
image alignment mode   4355 decimal     1103 hex
   -7.5000  -30.0000  -45.0000 1726.0392   38.4394
    0.0000  -30.0000  -45.0000 1724.0027   37.7580
    7.5000  -30.0000  -45.0000 1724.4492   38.2136
   -7.5000  -22.5000  -45.0000 1851.5107   33.7755
    0.0000  -22.5000  -45.0000 1855.2666   33.2208
    7.5000  -22.5000  -45.0000 1851.3956   33.4614
   -7.5000  -15.0000  -45.0000 1972.0226   30.0869
    0.0000  -15.0000  -45.0000 1980.4705   29.6423
    7.5000  -15.0000  -45.0000 1977.3730   29.7969
   -7.5000   -7.5000  -45.0000 2083.4758   27.1367
    0.0000   -7.5000  -45.0000 2095.4753   26.7837
    7.5000   -7.5000  -45.0000 2090.6289   26.8895
   -7.5000    0.0000  -45.0000 2180.5161   24.9355
    0.0000    0.0000  -45.0000 2194.7246   24.7103
    7.5000    0.0000  -45.0000 2189.8750   24.7340
   -7.5000    7.5000  -45.0000 2255.3733   23.4510
    0.0000    7.5000  -45.0000 2276.3096   23.3039
    7.5000    7.5000  -45.0000 2265.8357   23.3003
   -7.5000   15.0000  -45.0000 2284.9412   22.5330
    0.0000   15.0000  -45.0000 2307.3174   22.3390
    7.5000   15.0000  -45.0000 2291.3623   22.3307
   -7.5000   22.5000  -45.0000 2300.3267   21.9688
    0.0000   22.5000  -45.0000 2317.1660   21.7203
    7.5000   22.5000  -45.0000 2303.3215   21.7377
   -7.5000   30.0000  -45.0000 2304.2668   21.8126
    0.0000   30.0000  -45.0000 2322.8396   21.5999
    7.5000   30.0000  -45.0000 2303.2388   21.6053
   -7.5000   37.5000  -45.0000 2297.9617   22.1631
    0.0000   37.5000  -45.0000 2315.5591   21.9281
    7.5000   37.5000  -45.0000 2298.9819   21.9808
   -7.5000   45.0000  -45.0000 2267.9453   22.9707
    0.0000   45.0000  -45.0000 2286.2773   22.7192
    7.5000   45.0000  -45.0000 2272.1477   22.7309
   -7.5000   52.5000  -45.0000 2199.1909   24.1509
    0.0000   52.5000  -45.0000 2214.7178   23.8322
    7.5000   52.5000  -45.0000 2200.3418   23.8676
   -7.5000   60.0000  -45.0000 2078.7007   25.4953
    0.0000   60.0000  -45.0000 2093.8799   25.1051
    7.5000   60.0000  -45.0000 2077.6946   25.1641
   -7.5000  -30.0000  -37.5000 1778.9932   35.7655
    0.0000  -30.0000  -37.5000 1785.9681   35.4456
    7.5000  -30.0000  -37.5000 1783.5221   35.5208
   -7.5000  -22.5000  -37.5000 1915.5796   31.4466
    0.0000  -22.5000  -37.5000 1925.2911   31.1918
    7.5000  -22.5000  -37.5000 1914.2903   31.1514
   -7.5000  -15.0000  -37.5000 2046.8192   28.0999
    0.0000  -15.0000  -37.5000 2057.9680   27.8377
    7.5000  -15.0000  -37.5000 2048.3201   27.8377
   -7.5000   -7.5000  -37.5000 2166.9490   25.2697
    0.0000   -7.5000  -37.5000 2185.2930   25.0648
    7.5000   -7.5000  -37.5000 2171.2109   25.0790
   -7.5000    0.0000  -37.5000 2263.8313   23.1194
    0.0000    0.0000  -37.5000 2284.1296   22.9975
    7.5000    0.0000  -37.5000 2271.4822   22.9811
   -7.5000    7.5000  -37.5000 2342.0010   21.7100
    0.0000    7.5000  -37.5000 2371.7869   21.6380
    7.5000    7.5000  -37.5000 2349.8823   21.6070
   -7.5000   15.0000  -37.5000 2376.5330   20.8805
    0.0000   15.0000  -37.5000 2407.2839   20.7677
    7.5000   15.0000  -37.5000 2379.5449   20.6954
   -7.5000   22.5000  -37.5000 2396.6843   20.3691
    0.0000   22.5000  -37.5000 2425.0078   20.2611
    7.5000   22.5000  -37.5000 2398.6226   20.1302
   -7.5000   30.0000  -37.5000 2398.5352   20.2255
    0.0000   30.0000  -37.5000 2426.4578   20.1286
    7.5000   30.0000  -37.5000 2399.7891   20.0447
   -7.5000   37.5000  -37.5000 2389.7161   20.4541
    0.0000   37.5000  -37.5000 2418.5874   20.3753
    7.5000   37.5000  -37.5000 2392.4663   20.3019
   -7.5000   45.0000  -37.5000 2361.6855   21.1388
    0.0000   45.0000  -37.5000 2393.6753   21.0358
    7.5000   45.0000  -37.5000 2365.3113   20.9231
   -7.5000   52.5000  -37.5000 2291.0815   22.2148
    0.0000   52.5000  -37.5000 2317.0972   22.0786
    7.5000   52.5000  -37.5000 2290.7439   21.9465
   -7.5000   60.0000  -37.5000 2163.2820   23.4540
    0.0000   60.0000  -37.5000 2189.3220   23.2664
    7.5000   60.0000  -37.5000 2165.0151   23.2213
   -7.5000  -30.0000  -30.0000 1862.3035   34.7641
    0.0000  -30.0000  -30.0000 1875.8624   34.5461
    7.5000  -30.0000  -30.0000 1865.0929   34.6163
   -7.5000  -22.5000  -30.0000 2008.4163   30.6059
    0.0000  -22.5000  -30.0000 2023.2480   30.3893
    7.5000  -22.5000  -30.0000 2008.7306   30.2557
   -7.5000  -15.0000  -30.0000 2151.2288   27.2615
    0.0000  -15.0000  -30.0000 2173.2683   27.1631
    7.5000  -15.0000  -30.0000 2152.0859   26.9489
   -7.5000   -7.5000  -30.0000 2277.7856   24.5466
    0.0000   -7.5000  -30.0000 2304.5642   24.4876
    7.5000   -7.5000  -30.0000 2284.8640   24.3244
   -7.5000    0.0000  -30.0000 2377.7302   22.3875
    0.0000    0.0000  -30.0000 2405.4133   22.3153
    7.5000    0.0000  -30.0000 2384.4280   22.1712
   -7.5000    7.5000  -30.0000 2463.5251   20.9712
    0.0000    7.5000  -30.0000 2491.8340   20.8336
    7.5000    7.5000  -30.0000 2468.6731   20.7554
   -7.5000   15.0000  -30.0000 2510.3008   20.0573
    0.0000   15.0000  -30.0000 2538.1799   19.9604
    7.5000   15.0000  -30.0000 2513.0339   19.8567
   -7.5000   22.5000  -30.0000 2542.4089   19.5285
    0.0000   22.5000  -30.0000 2573.7310   19.4939
    7.5000   22.5000  -30.0000 2537.9958   19.3090
   -7.5000   30.0000  -30.0000 2549.7419   19.3838
    0.0000   30.0000  -30.0000 2578.7776   19.3696
    7.5000   30.0000  -30.0000 2547.0525   19.2396
   -7.5000   37.5000  -30.0000 2532.9473   19.5920
    0.0000   37.5000  -30.0000 2566.5447   19.5734
    7.5000   37.5000  -30.0000 2535.3552   19.4259
   -7.5000   45.0000  -30.0000 2496.0159   20.2232
    0.0000   45.0000  -30.0000 2534.9141   20.2092
    7.5000   45.0000  -30.0000 2501.3259   20.0518
   -7.5000   52.5000  -30.0000 2422.5088   21.1843
    0.0000   52.5000  -30.0000 2461.1550   21.1636
    7.5000   52.5000  -30.0000 2428.0037   21.0072
   -7.5000   60.0000  -30.0000 2293.4297   22.3253
    0.0000   60.0000  -30.0000 2330.0657   22.2357
    7.5000   60.0000  -30.0000 2300.5601   22.1590
   -7.5000  -30.0000  -22.5000 1934.2157   33.7984
    0.0000  -30.0000  -22.5000 1945.8774   33.6067
    7.5000  -30.0000  -22.5000 1934.2240   33.6203
   -7.5000  -22.5000  -22.5000 2086.7485   29.6840
    0.0000  -22.5000  -22.5000 2103.8125   29.4329
    7.5000  -22.5000  -22.5000 2084.2576   29.3242
   -7.5000  -15.0000  -22.5000 2233.2700   26.3675
    0.0000  -15.0000  -22.5000 2255.8152   26.1696
    7.5000  -15.0000  -22.5000 2236.9011   26.0534
   -7.5000   -7.5000  -22.5000 2358.8252   23.6762
    0.0000   -7.5000  -22.5000 2391.1426   23.5330
    7.5000   -7.5000  -22.5000 2367.0767   23.3942
   -7.5000    0.0000  -22.5000 2457.4492   21.5926
    0.0000    0.0000  -22.5000 2493.1331   21.5419
    7.5000    0.0000  -22.5000 2470.9636   21.3513
   -7.5000    7.5000  -22.5000 2546.5698   20.0678
    0.0000    7.5000  -22.5000 2579.4954   19.9746
    7.5000    7.5000  -22.5000 2557.9692   19.8728
   -7.5000   15.0000  -22.5000 2605.4001   19.0449
    0.0000   15.0000  -22.5000 2637.5317   18.9615
    7.5000   15.0000  -22.5000 2617.9543   18.9062
   -7.5000   22.5000  -22.5000 2644.0510   18.5149
    0.0000   22.5000  -22.5000 2680.2100   18.4779
    7.5000   22.5000  -22.5000 2651.1743   18.3805
   -7.5000   30.0000  -22.5000 2660.7043   18.4138
    0.0000   30.0000  -22.5000 2696.9165   18.4037
    7.5000   30.0000  -22.5000 2668.1941   18.2763
   -7.5000   37.5000  -22.5000 2649.7598   18.5876
    0.0000   37.5000  -22.5000 2691.2219   18.5850
    7.5000   37.5000  -22.5000 2655.1714   18.4717
   -7.5000   45.0000  -22.5000 2613.8049   19.2412
    0.0000   45.0000  -22.5000 2658.8064   19.2406
    7.5000   45.0000  -22.5000 2623.7832   19.1186
   -7.5000   52.5000  -22.5000 2531.8127   20.1260
    0.0000   52.5000  -22.5000 2573.1912   20.0883
    7.5000   52.5000  -22.5000 2542.6919   20.0092
   -7.5000   60.0000  -22.5000 2396.8857   21.1701
    0.0000   60.0000  -22.5000 2434.6758   21.0754
    7.5000   60.0000  -22.5000 2412.8801   21.0392
   -7.5000  -30.0000  -15.0000 1970.0291   32.8399
    0.0000  -30.0000  -15.0000 1981.4645   32.6180
    7.5000  -30.0000  -15.0000 1973.3848   32.6780
   -7.5000  -22.5000  -15.0000 2120.3857   28.7270
    0.0000  -22.5000  -15.0000 2144.5051   28.5273
    7.5000  -22.5000  -15.0000 2127.7559   28.4903
   -7.5000  -15.0000  -15.0000 2264.0225   25.4032
    0.0000  -15.0000  -15.0000 2294.7229   25.2532
    7.5000  -15.0000  -15.0000 2279.7480   25.2350
   -7.5000   -7.5000  -15.0000 2387.8816   22.7745
    0.0000   -7.5000  -15.0000 2423.9241   22.6475
    7.5000   -7.5000  -15.0000 2410.7539   22.6043
   -7.5000    0.0000  -15.0000 2489.1909   20.7599
    0.0000    0.0000  -15.0000 2528.6953   20.6589
    7.5000    0.0000  -15.0000 2517.5000   20.5855
   -7.5000    7.5000  -15.0000 2592.8284   19.2368
    0.0000    7.5000  -15.0000 2633.0081   19.1161
    7.5000    7.5000  -15.0000 2615.2432   19.0849
   -7.5000   15.0000  -15.0000 2664.5046   18.1485
    0.0000   15.0000  -15.0000 2697.3091   18.0601
    7.5000   15.0000  -15.0000 2681.1294   18.0355
   -7.5000   22.5000  -15.0000 2707.8113   17.5519
    0.0000   22.5000  -15.0000 2746.3936   17.5117
    7.5000   22.5000  -15.0000 2722.7615   17.4658
   -7.5000   30.0000  -15.0000 2735.6882   17.4388
    0.0000   30.0000  -15.0000 2774.1362   17.3789
    7.5000   30.0000  -15.0000 2749.1592   17.3372
   -7.5000   37.5000  -15.0000 2733.0703   17.6401
    0.0000   37.5000  -15.0000 2770.9832   17.5727
    7.5000   37.5000  -15.0000 2745.7446   17.5358
   -7.5000   45.0000  -15.0000 2701.6729   18.3171
    0.0000   45.0000  -15.0000 2735.7783   18.2514
    7.5000   45.0000  -15.0000 2709.1292   18.2237
   -7.5000   52.5000  -15.0000 2611.0386   19.1952
    0.0000   52.5000  -15.0000 2644.6387   19.1056
    7.5000   52.5000  -15.0000 2621.8987   19.0803
   -7.5000   60.0000  -15.0000 2466.2009   20.1823
    0.0000   60.0000  -15.0000 2499.7295   20.0612
    7.5000   60.0000  -15.0000 2481.2754   20.0521
   -7.5000  -30.0000   -7.5000 1976.1760   31.9999
    0.0000  -30.0000   -7.5000 1991.6085   31.8065
    7.5000  -30.0000   -7.5000 1992.6123   31.9251
   -7.5000  -22.5000   -7.5000 2125.7766   27.8602
    0.0000  -22.5000   -7.5000 2153.8389   27.7291
    7.5000  -22.5000   -7.5000 2143.2217   27.7504
   -7.5000  -15.0000   -7.5000 2268.2795   24.6332
    0.0000  -15.0000   -7.5000 2302.6282   24.4947
    7.5000  -15.0000   -7.5000 2291.1628   24.4989
   -7.5000   -7.5000   -7.5000 2397.8098   22.0508
    0.0000   -7.5000   -7.5000 2437.9321   21.9174
    7.5000   -7.5000   -7.5000 2424.2197   21.9468
   -7.5000    0.0000   -7.5000 2505.2947   20.0736
    0.0000    0.0000   -7.5000 2548.2681   19.9519
    7.5000    0.0000   -7.5000 2538.3181   19.9606
   -7.5000    7.5000   -7.5000 2624.0198   18.6222
    0.0000    7.5000   -7.5000 2669.7539   18.4839
    7.5000    7.5000   -7.5000 2653.4749   18.5150
   -7.5000   15.0000   -7.5000 2706.0225   17.5241
    0.0000   15.0000   -7.5000 2755.0220   17.4312
    7.5000   15.0000   -7.5000 2729.8162   17.4179
   -7.5000   22.5000   -7.5000 2760.8564   16.8156
    0.0000   22.5000   -7.5000 2796.5559   16.6679
    7.5000   22.5000   -7.5000 2771.4421   16.6823
   -7.5000   30.0000   -7.5000 2791.2222   16.5996
    0.0000   30.0000   -7.5000 2815.5984   16.4488
    7.5000   30.0000   -7.5000 2800.0520   16.4912
   -7.5000   37.5000   -7.5000 2793.0674   16.7730
    0.0000   37.5000   -7.5000 2815.1814   16.6078
    7.5000   37.5000   -7.5000 2801.9226   16.6856
   -7.5000   45.0000   -7.5000 2756.6511   17.4958
    0.0000   45.0000   -7.5000 2779.6570   17.2993
    7.5000   45.0000   -7.5000 2766.7207   17.4209
   -7.5000   52.5000   -7.5000 2660.1357   18.4116
    0.0000   52.5000   -7.5000 2681.1255   18.1660
    7.5000   52.5000   -7.5000 2672.6113   18.3013
   -7.5000   60.0000   -7.5000 2509.4917   19.4295
    0.0000   60.0000   -7.5000 2534.6697   19.2247
    7.5000   60.0000   -7.5000 2524.4124   19.3674
   -7.5000  -30.0000    0.0000 1969.2993   31.7836
    0.0000  -30.0000    0.0000 1994.3131   31.5223
    7.5000  -30.0000    0.0000 1988.0319   31.6706
   -7.5000  -22.5000    0.0000 2117.9910   27.5628
    0.0000  -22.5000    0.0000 2152.1125   27.3180
    7.5000  -22.5000    0.0000 2138.7520   27.3829
   -7.5000  -15.0000    0.0000 2263.1018   24.3015
    0.0000  -15.0000    0.0000 2297.3123   24.0078
    7.5000  -15.0000    0.0000 2289.2231   24.1168
   -7.5000   -7.5000    0.0000 2393.7666   21.7310
    0.0000   -7.5000    0.0000 2429.9902   21.4094
    7.5000   -7.5000    0.0000 2418.3730   21.5518
   -7.5000    0.0000    0.0000 2510.1042   19.8175
    0.0000    0.0000    0.0000 2548.3022   19.5049
    7.5000    0.0000    0.0000 2535.0686   19.6300
   -7.5000    7.5000    0.0000 2634.9045   18.4208
    0.0000    7.5000    0.0000 2677.0288   18.1915
    7.5000    7.5000    0.0000 2662.1646   18.2528
   -7.5000   15.0000    0.0000 2735.3843   17.3894
    0.0000   15.0000    0.0000 2781.3665   17.1462
    7.5000   15.0000    0.0000 2759.3770   17.2173
   -7.5000   22.5000    0.0000 2804.7183   16.5063
    0.0000   22.5000    0.0000 2831.6951   16.1497
    7.5000   22.5000    0.0000 2810.5776   16.3838
   -7.5000   30.0000    0.0000 2835.8789   16.1066
    0.0000   30.0000    0.0000 2842.7043   15.6283
    7.5000   30.0000    0.0000 2833.3604   16.0117
   -7.5000   37.5000    0.0000 2837.9690   16.3013
    0.0000   37.5000    0.0000 2840.0203   15.8216
    7.5000   37.5000    0.0000 2837.4402   16.1648
   -7.5000   45.0000    0.0000 2795.9504   17.0541
    0.0000   45.0000    0.0000 2795.4856   16.5933
    7.5000   45.0000    0.0000 2803.8987   16.9320
   -7.5000   52.5000    0.0000 2696.0876   17.9558
    0.0000   52.5000    0.0000 2705.0266   17.5852
    7.5000   52.5000    0.0000 2708.5149   17.8574
   -7.5000   60.0000    0.0000 2543.5779   19.0558
    0.0000   60.0000    0.0000 2555.9929   18.7307
    7.5000   60.0000    0.0000 2551.3018   18.9633
   -7.5000  -30.0000    7.5000 1957.9374   32.0584
    0.0000  -30.0000    7.5000 1980.3027   31.6341
    7.5000  -30.0000    7.5000 1974.6361   31.7635
   -7.5000  -22.5000    7.5000 2111.0242   27.6825
    0.0000  -22.5000    7.5000 2139.0989   27.2852
    7.5000  -22.5000    7.5000 2125.7358   27.3951
   -7.5000  -15.0000    7.5000 2252.2737   24.3056
    0.0000  -15.0000    7.5000 2287.8530   23.9623
    7.5000  -15.0000    7.5000 2274.7866   24.0848
   -7.5000   -7.5000    7.5000 2384.6384   21.7208
    0.0000   -7.5000    7.5000 2417.7524   21.3447
    7.5000   -7.5000    7.5000 2403.0774   21.5274
   -7.5000    0.0000    7.5000 2502.7466   19.7736
    0.0000    0.0000    7.5000 2533.4260   19.4109
    7.5000    0.0000    7.5000 2524.0449   19.6164
   -7.5000    7.5000    7.5000 2635.3918   18.4068
    0.0000    7.5000    7.5000 2663.5979   18.0879
    7.5000    7.5000    7.5000 2658.7314   18.2539
   -7.5000   15.0000    7.5000 2741.9199   17.4366
    0.0000   15.0000    7.5000 2776.0610   17.1078
    7.5000   15.0000    7.5000 2761.8147   17.2696
   -7.5000   22.5000    7.5000 2831.0334   16.6243
    0.0000   22.5000    7.5000 2846.5378   16.1106
    7.5000   22.5000    7.5000 2831.8843   16.4275
   -7.5000   30.0000    7.5000 2867.7888   15.9957
    0.0000   30.0000    7.5000 2857.9473   15.2888
    7.5000   30.0000    7.5000 2856.4521   15.9366
   -7.5000   37.5000    7.5000 2871.6865   16.1111
    0.0000   37.5000    7.5000 2857.1152   15.4788
    7.5000   37.5000    7.5000 2860.9277   16.0023
   -7.5000   45.0000    7.5000 2807.5461   16.8337
    0.0000   45.0000    7.5000 2805.5293   16.3951
    7.5000   45.0000    7.5000 2813.1328   16.6979
   -7.5000   52.5000    7.5000 2714.6184   17.7488
    0.0000   52.5000    7.5000 2723.4019   17.3889
    7.5000   52.5000    7.5000 2720.6196   17.5661
   -7.5000   60.0000    7.5000 2558.3203   18.8614
    0.0000   60.0000    7.5000 2575.1174   18.5514
    7.5000   60.0000    7.5000 2561.9302   18.6472
   -7.5000  -30.0000   15.0000 1930.2694   32.7026
    0.0000  -30.0000   15.0000 1958.5850   32.4605
    7.5000  -30.0000   15.0000 1944.3440   32.3938
   -7.5000  -22.5000   15.0000 2093.8013   28.0611
    0.0000  -22.5000   15.0000 2124.3826   27.7447
    7.5000  -22.5000   15.0000 2105.9941   27.9097
   -7.5000  -15.0000   15.0000 2240.6504   24.6128
    0.0000  -15.0000   15.0000 2267.7512   24.1909
    7.5000  -15.0000   15.0000 2253.3003   24.4429
   -7.5000   -7.5000   15.0000 2366.6746   21.9681
    0.0000   -7.5000   15.0000 2388.0610   21.4925
    7.5000   -7.5000   15.0000 2382.3386   21.8165
   -7.5000    0.0000   15.0000 2483.1238   20.0629
    0.0000    0.0000   15.0000 2499.6426   19.6025
    7.5000    0.0000   15.0000 2501.2959   19.9038
   -7.5000    7.5000   15.0000 2613.4712   18.6847
    0.0000    7.5000   15.0000 2632.0522   18.3699
    7.5000    7.5000   15.0000 2633.0876   18.5692
   -7.5000   15.0000   15.0000 2717.1509   17.6654
    0.0000   15.0000   15.0000 2747.2466   17.3694
    7.5000   15.0000   15.0000 2731.2568   17.5440
   -7.5000   22.5000   15.0000 2802.7485   16.7190
    0.0000   22.5000   15.0000 2824.7776   16.3211
    7.5000   22.5000   15.0000 2799.0571   16.5969
   -7.5000   30.0000   15.0000 2851.4763   16.1882
    0.0000   30.0000   15.0000 2861.0269   15.7569
    7.5000   30.0000   15.0000 2831.8635   16.0705
   -7.5000   37.5000   15.0000 2859.1567   16.3005
    0.0000   37.5000   15.0000 2877.3335   16.0354
    7.5000   37.5000   15.0000 2843.6121   16.1801
   -7.5000   45.0000   15.0000 2803.5227   16.9554
    0.0000   45.0000   15.0000 2815.8262   16.7386
    7.5000   45.0000   15.0000 2798.8926   16.8253
   -7.5000   52.5000   15.0000 2705.2732   17.8648
    0.0000   52.5000   15.0000 2717.3069   17.5540
    7.5000   52.5000   15.0000 2706.6499   17.6524
   -7.5000   60.0000   15.0000 2550.6675   18.9526
    0.0000   60.0000   15.0000 2567.8171   18.6325
    7.5000   60.0000   15.0000 2557.6638   18.6732
   -7.5000  -30.0000   22.5000 1899.9885   33.4704
    0.0000  -30.0000   22.5000 1931.7782   33.4564
    7.5000  -30.0000   22.5000 1917.8599   33.3903
   -7.5000  -22.5000   22.5000 2066.3193   28.6590
    0.0000  -22.5000   22.5000 2099.1914   28.4953
    7.5000  -22.5000   22.5000 2083.1328   28.6263
   -7.5000  -15.0000   22.5000 2213.5979   25.1868
    0.0000  -15.0000   22.5000 2240.3696   24.8688
    7.5000  -15.0000   22.5000 2223.2500   25.1139
   -7.5000   -7.5000   22.5000 2340.7332   22.4796
    0.0000   -7.5000   22.5000 2366.9661   22.1639
    7.5000   -7.5000   22.5000 2352.6321   22.4600
   -7.5000    0.0000   22.5000 2455.8188   20.5820
    0.0000    0.0000   22.5000 2484.6428   20.3857
    7.5000    0.0000   22.5000 2470.4385   20.6013
   -7.5000    7.5000   22.5000 2583.7358   19.2111
    0.0000    7.5000   22.5000 2614.9482   19.0022
    7.5000    7.5000   22.5000 2602.3167   19.1956
   -7.5000   15.0000   22.5000 2682.7212   18.0482
    0.0000   15.0000   22.5000 2714.1760   17.7707
    7.5000   15.0000   22.5000 2697.9072   17.9966
   -7.5000   22.5000   22.5000 2760.2712   17.1230
    0.0000   22.5000   22.5000 2781.2637   16.6874
    7.5000   22.5000   22.5000 2761.6536   16.9767
   -7.5000   30.0000   22.5000 2811.6260   16.6400
    0.0000   30.0000   22.5000 2833.6853   16.3074
    7.5000   30.0000   22.5000 2806.8867   16.4864
   -7.5000   37.5000   22.5000 2830.5974   16.7467
    0.0000   37.5000   22.5000 2854.3738   16.5599
    7.5000   37.5000   22.5000 2820.3259   16.5887
   -7.5000   45.0000   22.5000 2779.9958   17.3696
    0.0000   45.0000   22.5000 2802.8262   17.2537
    7.5000   45.0000   22.5000 2773.0371   17.2185
   -7.5000   52.5000   22.5000 2670.5425   18.2466
    0.0000   52.5000   22.5000 2694.2598   18.1166
    7.5000   52.5000   22.5000 2670.1384   18.0520
   -7.5000   60.0000   22.5000 2520.4314   19.2089
    0.0000   60.0000   22.5000 2546.5859   19.0568
    7.5000   60.0000   22.5000 2524.9617   19.0021
   -7.5000  -30.0000   30.0000 1862.3948   34.6177
    0.0000  -30.0000   30.0000 1895.9713   34.5496
    7.5000  -30.0000   30.0000 1884.7455   34.8375
   -7.5000  -22.5000   30.0000 2033.4949   29.6919
    0.0000  -22.5000   30.0000 2060.3604   29.5280
    7.5000  -22.5000   30.0000 2049.0513   29.9322
   -7.5000  -15.0000   30.0000 2185.3105   26.1424
    0.0000  -15.0000   30.0000 2208.5908   25.8845
    7.5000  -15.0000   30.0000 2195.0659   26.3188
   -7.5000   -7.5000   30.0000 2320.2896   23.4141
    0.0000   -7.5000   30.0000 2341.0239   23.1584
    7.5000   -7.5000   30.0000 2331.5381   23.5720
   -7.5000    0.0000   30.0000 2430.2683   21.4308
    0.0000    0.0000   30.0000 2457.4236   21.1792
    7.5000    0.0000   30.0000 2443.3892   21.5514
   -7.5000    7.5000   30.0000 2550.7383   19.8835
    0.0000    7.5000   30.0000 2574.5952   19.5692
    7.5000    7.5000   30.0000 2568.2346   19.9584
   -7.5000   15.0000   30.0000 2644.2222   18.6173
    0.0000   15.0000   30.0000 2661.4277   18.1742
    7.5000   15.0000   30.0000 2659.3215   18.6234
   -7.5000   22.5000   30.0000 2714.9944   17.7281
    0.0000   22.5000   30.0000 2735.4072   17.2985
    7.5000   22.5000   30.0000 2722.9636   17.6486
   -7.5000   30.0000   30.0000 2760.1433   17.3254
    0.0000   30.0000   30.0000 2777.8750   16.9729
    7.5000   30.0000   30.0000 2767.3171   17.2151
   -7.5000   37.5000   30.0000 2767.8945   17.4347
    0.0000   37.5000   30.0000 2791.4031   17.1859
    7.5000   37.5000   30.0000 2765.9111   17.3144
   -7.5000   45.0000   30.0000 2720.6069   18.0524
    0.0000   45.0000   30.0000 2747.4175   17.8588
    7.5000   45.0000   30.0000 2723.2170   17.9189
   -7.5000   52.5000   30.0000 2627.1340   18.9243
    0.0000   52.5000   30.0000 2650.6719   18.7536
    7.5000   52.5000   30.0000 2626.9185   18.7607
   -7.5000   60.0000   30.0000 2476.6345   19.8720
    0.0000   60.0000   30.0000 2505.1567   19.7404
    7.5000   60.0000   30.0000 2483.6663   19.6737
   -7.5000  -30.0000   37.5000 1828.7638   35.9300
    0.0000  -30.0000   37.5000 1856.2802   35.8280
    7.5000  -30.0000   37.5000 1847.8059   36.5188
   -7.5000  -22.5000   37.5000 1997.3276   30.9187
    0.0000  -22.5000   37.5000 2014.4238   30.7193
    7.5000  -22.5000   37.5000 2016.2998   31.4297
   -7.5000  -15.0000   37.5000 2146.6865   27.2546
    0.0000  -15.0000   37.5000 2164.4065   27.0050
    7.5000  -15.0000   37.5000 2167.5691   27.7363
   -7.5000   -7.5000   37.5000 2283.9023   24.5223
    0.0000   -7.5000   37.5000 2303.4004   24.2342
    7.5000   -7.5000   37.5000 2302.8115   24.8622
   -7.5000    0.0000   37.5000 2391.3992   22.3700
    0.0000    0.0000   37.5000 2414.6130   22.0441
    7.5000    0.0000   37.5000 2409.4028   22.6210
   -7.5000    7.5000   37.5000 2504.0635   20.7160
    0.0000    7.5000   37.5000 2522.4067   20.2928
    7.5000    7.5000   37.5000 2521.9929   20.8863
   -7.5000   15.0000   37.5000 2594.1521   19.4348
    0.0000   15.0000   37.5000 2615.7764   18.9820
    7.5000   15.0000   37.5000 2606.5259   19.5404
   -7.5000   22.5000   37.5000 2661.2144   18.6002
    0.0000   22.5000   37.5000 2683.2002   18.2412
    7.5000   22.5000   37.5000 2672.1482   18.6524
   -7.5000   30.0000   37.5000 2694.0271   18.2501
    0.0000   30.0000   37.5000 2712.5049   17.9147
    7.5000   30.0000   37.5000 2703.2017   18.2188
   -7.5000   37.5000   37.5000 2689.8118   18.3981
    0.0000   37.5000   37.5000 2715.8340   18.0949
    7.5000   37.5000   37.5000 2698.6650   18.3088
   -7.5000   45.0000   37.5000 2647.1504   18.9574
    0.0000   45.0000   37.5000 2672.1802   18.7314
    7.5000   45.0000   37.5000 2651.9790   18.8812
   -7.5000   52.5000   37.5000 2561.3281   19.7922
    0.0000   52.5000   37.5000 2585.2708   19.5642
    7.5000   52.5000   37.5000 2569.8940   19.7146
   -7.5000   60.0000   37.5000 2415.2007   20.7388
    0.0000   60.0000   37.5000 2448.1711   20.5913
    7.5000   60.0000   37.5000 2431.8066   20.6779
   -7.5000  -30.0000   45.0000 1784.3473   37.6061
    0.0000  -30.0000   45.0000 1809.1077   37.5805
    7.5000  -30.0000   45.0000 1802.3322   38.4647
   -7.5000  -22.5000   45.0000 1955.2794   32.4685
    0.0000  -22.5000   45.0000 1971.3435   32.2191
    7.5000  -22.5000   45.0000 1972.3942   33.1628
   -7.5000  -15.0000   45.0000 2100.2837   28.6899
    0.0000  -15.0000   45.0000 2122.4888   28.3962
    7.5000  -15.0000   45.0000 2119.0667   29.2253
   -7.5000   -7.5000   45.0000 2226.3542   25.7978
    0.0000   -7.5000   45.0000 2248.9409   25.4946
    7.5000   -7.5000   45.0000 2244.5657   26.2773
   -7.5000    0.0000   45.0000 2331.6375   23.5707
    0.0000    0.0000   45.0000 2356.4509   23.2242
    7.5000    0.0000   45.0000 2347.5300   23.9376
   -7.5000    7.5000   45.0000 2437.7944   21.8317
    0.0000    7.5000   45.0000 2457.5913   21.4414
    7.5000    7.5000   45.0000 2454.4590   22.0894
   -7.5000   15.0000   45.0000 2526.5474   20.5328
    0.0000   15.0000   45.0000 2549.9253   20.1943
    7.5000   15.0000   45.0000 2537.7927   20.7470
   -7.5000   22.5000   45.0000 2581.1260   19.7140
    0.0000   22.5000   45.0000 2605.8962   19.4755
    7.5000   22.5000   45.0000 2595.5383   19.8796
   -7.5000   30.0000   45.0000 2602.4543   19.4480
    0.0000   30.0000   45.0000 2626.0569   19.1969
    7.5000   30.0000   45.0000 2614.5449   19.4946
   -7.5000   37.5000   45.0000 2596.6143   19.5317
    0.0000   37.5000   45.0000 2622.2905   19.3369
    7.5000   37.5000   45.0000 2610.4407   19.5669
   -7.5000   45.0000   45.0000 2567.6172   20.0661
    0.0000   45.0000   45.0000 2599.5295   19.8404
    7.5000   45.0000   45.0000 2575.8911   20.0793
   -7.5000   52.5000   45.0000 2488.6526   20.8680
    0.0000   52.5000   45.0000 2515.2957   20.6745
    7.5000   52.5000   45.0000 2497.6187   20.8280
   -7.5000   60.0000   45.0000 2346.9043   21.7604
    0.0000   60.0000   45.0000 2371.6055   21.6376
    7.5000   60.0000   45.0000 2360.4836   21.7143

---------------------------------------------------------------------
imgreg_4dfp /opt/freesurfer/average/711-2C_as_mni_average_305 /opt/freesurfer/average/711-2B_as_mni_average_305_mask talsrcimg_g11 none talsrcimg_to_711-2C_as_mni_average_305_t4 1283
---------------------------------------------------------------------

freesurfer imgreg_4dfp.c
/opt/freesurfer/average/711-2C_as_mni_average_305.4dfp.img
       256       256       256         1
  1.000000  1.000000  1.000000
orientation T byte_order littleendian
Reading image: /opt/freesurfer/average/711-2C_as_mni_average_305.4dfp.img
dimensions:      256       256       256
mmppix:       1.0000   -1.0000   -1.0000
center:     128.0000 -129.0000 -129.0000
/opt/freesurfer/average/711-2B_as_mni_average_305_mask.4dfp.img
       256       256       256         1
  1.000000  1.000000  1.000000
orientation T byte_order littleendian
Reading mask: /opt/freesurfer/average/711-2B_as_mni_average_305_mask.4dfp.img (2306576 pixels)
talsrcimg_g11.4dfp.img
       256       256       256         1
  1.000000  1.000000  1.000000
orientation T byte_order littleendian
Reading image: talsrcimg_g11.4dfp.img
dimensions:      256       256       256
mmppix:       1.0000   -1.0000   -1.0000
center:     128.0000 -129.0000 -129.0000
rotation matrix determinant  1.000000
fimgreg.f
image alignment mode   1283 decimal      503 hex
parameters
    0.0000   37.5000   15.0000    0.0000    0.0000    0.0000
eta,q 0.90315 16.03127
niter,ni,del,rscale     5    3   12.0000    1.2000
parameter  1 -1.105893 ->  0.500000 qaram    1.1500
parameters
   -3.4500   36.0657   16.1747   -0.7716    1.6149   -1.5614
eta,q 0.91074 15.95436
  0.0965  0.1003  0.0963  0.0967  0.1016  0.0928
  0.0935  0.0973  0.0967  0.0943  0.0981  0.0909
  0.0975  0.0936  0.0970  0.0917  0.0945  0.0893
  0.1029  0.0934  0.0935  0.0912  0.0909  0.0899
  0.1037  0.0980  0.0912  0.0935  0.0898  0.0920
  0.1012  0.1048  0.0940  0.0973  0.0914  0.0950
  0.1029  0.1115  0.0966  0.0991  0.0954  0.0974
niter,ni,del,rscale     5    3   12.0000    1.2000
parameters
   -2.0432   35.7988   16.5177   -0.9426    1.3833   -2.0469
eta,q 0.90786 15.99662
  0.1120  0.1051  0.0992  0.1007  0.0974  0.0964
  0.1005  0.1004  0.0995  0.0982  0.0965  0.0949
  0.0913  0.0955  0.0969  0.0942  0.0939  0.0930
  0.0893  0.0922  0.0923  0.0921  0.0921  0.0921
  0.0945  0.0939  0.0933  0.0942  0.0937  0.0933
  0.0976  0.1012  0.0964  0.0985  0.0965  0.0958
  0.0959  0.1091  0.1003  0.1020  0.0987  0.0982
niter,ni,del,rscale     4    3   12.0000    1.2000
parameters
   -1.3054   35.7503   16.6340   -0.9367    1.3185   -2.2363
eta,q 0.90613 16.00281
  0.1058  0.1067  0.0998  0.1022  0.0975  0.0982
  0.0954  0.1012  0.1006  0.0998  0.0979  0.0966
  0.0896  0.0969  0.0977  0.0960  0.0958  0.0949
  0.0921  0.0938  0.0938  0.0938  0.0938  0.0938
  0.0968  0.0946  0.0949  0.0954  0.0951  0.0944
  0.0961  0.1007  0.0977  0.0992  0.0971  0.0967
  0.0968  0.1085  0.1020  0.1027  0.0985  0.0992
niter,ni,del,rscale     3    3   12.0000    1.2000
parameters
   -1.3647   35.7829   16.6418   -0.9102    1.2417   -2.2765
eta,q 0.90622 16.00491
  0.1023  0.1066  0.0999  0.1021  0.0974  0.0980
  0.0933  0.1010  0.1005  0.0997  0.0978  0.0965
  0.0899  0.0969  0.0973  0.0960  0.0958  0.0949
  0.0939  0.0938  0.0937  0.0937  0.0937  0.0938
  0.0974  0.0944  0.0951  0.0953  0.0950  0.0941
  0.0952  0.1001  0.0979  0.0990  0.0971  0.0962
  0.0989  0.1076  0.1023  0.1026  0.0985  0.0987
niter,ni,del,rscale     2    3   12.0000    1.2000
parameters
   -1.2836   35.7708   16.6610   -0.8734    1.2322   -2.2984
eta,q 0.90607 16.00521
  0.1027  0.1066  0.0999  0.1022  0.0974  0.0982
  0.0935  0.1010  0.1006  0.0998  0.0980  0.0966
  0.0899  0.0969  0.0975  0.0961  0.0961  0.0951
  0.0938  0.0939  0.0939  0.0939  0.0939  0.0939
  0.0974  0.0946  0.0952  0.0955  0.0951  0.0943
  0.0952  0.1004  0.0980  0.0991  0.0971  0.0963
  0.0985  0.1079  0.1023  0.1027  0.0984  0.0987
niter,ni,del,rscale     1    3   12.0000    1.2000
parameters
   -1.3089   35.7655   16.6663   -0.8629    1.2031   -2.2938
eta,q 0.90610 16.00527
  0.1023  0.1065  0.0999  0.1021  0.0974  0.0981
  0.0933  0.1009  0.1006  0.0997  0.0979  0.0966
  0.0900  0.0969  0.0974  0.0960  0.0961  0.0951
  0.0939  0.0939  0.0939  0.0939  0.0939  0.0939
  0.0974  0.0945  0.0953  0.0955  0.0950  0.0942
  0.0951  0.1003  0.0980  0.0991  0.0971  0.0962
  0.0988  0.1078  0.1023  0.1027  0.0984  0.0986
registration optimization eta report
parameter search radius
    6.9000    6.0000    6.0000    6.0000    6.0000    6.0000
100000*second partial in parameter space
       15.       36.       17.       22.        9.       12.
  0.1023  0.1065  0.0999  0.1021  0.0974  0.0981
  0.0933  0.1009  0.1006  0.0997  0.0979  0.0966
  0.0900  0.0969  0.0974  0.0960  0.0961  0.0951
  0.0939  0.0939  0.0939  0.0939  0.0939  0.0939
  0.0974  0.0945  0.0953  0.0955  0.0950  0.0942
  0.0951  0.1003  0.0980  0.0991  0.0971  0.0962
  0.0988  0.1078  0.1023  0.1027  0.0984  0.0986
   -1.3089   35.7655   16.6663   -0.8629    1.2031   -2.2938
eta,q 0.90610 16.00527

---------------------------------------------------------------------
imgreg_4dfp /opt/freesurfer/average/711-2C_as_mni_average_305 /opt/freesurfer/average/711-2B_as_mni_average_305_mask talsrcimg_g11 none talsrcimg_to_711-2C_as_mni_average_305_t4 3335
---------------------------------------------------------------------

freesurfer imgreg_4dfp.c
/opt/freesurfer/average/711-2C_as_mni_average_305.4dfp.img
       256       256       256         1
  1.000000  1.000000  1.000000
orientation T byte_order littleendian
Reading image: /opt/freesurfer/average/711-2C_as_mni_average_305.4dfp.img
dimensions:      256       256       256
mmppix:       1.0000   -1.0000   -1.0000
center:     128.0000 -129.0000 -129.0000
/opt/freesurfer/average/711-2B_as_mni_average_305_mask.4dfp.img
       256       256       256         1
  1.000000  1.000000  1.000000
orientation T byte_order littleendian
Reading mask: /opt/freesurfer/average/711-2B_as_mni_average_305_mask.4dfp.img (2306576 pixels)
talsrcimg_g11.4dfp.img
       256       256       256         1
  1.000000  1.000000  1.000000
orientation T byte_order littleendian
Reading image: talsrcimg_g11.4dfp.img
dimensions:      256       256       256
mmppix:       1.0000   -1.0000   -1.0000
center:     128.0000 -129.0000 -129.0000
fimgreg.f
image alignment mode   3335 decimal      D07 hex
parameters
   -1.3089   35.7655   16.6663   -0.1022   -0.0927   -0.0334
    4.0336   -2.0375   -4.0016    1.5888    2.0997   -1.5056
eta,q 0.90640 16.02525
niter,ni,del,rscale     5    3    5.0000    1.2000
parameter  3  0.713815 ->  0.500000 qaram    1.1500
parameter  4-25.199776 ->  0.500000 qaram    1.1500
parameter  5  1.485511 ->  0.500000 qaram    1.1500
parameter  6  1.119837 ->  0.500000 qaram    1.1500
parameter  9  0.742086 ->  0.500000 qaram    1.1500
parameter 10 -0.812579 -> -0.500000 qaram    1.1500
parameter 11  0.653287 ->  0.500000 qaram    1.1500
parameter 12 -1.814445 -> -0.500000 qaram    1.1500
parameters
   -1.7048   35.5683   15.2863   -4.2422   -4.2327   -4.1734
    0.4585   -2.4324   -8.1416    5.7288   -2.0403    2.6344
eta,q 0.92500 15.80060
  0.0943  0.0947  0.0932  0.0794  0.0796  0.0778  0.0788  0.0826  0.0781  0.0836  0.0765  0.0797
  0.0938  0.0941  0.0933  0.0828  0.0804  0.0786  0.0785  0.0797  0.0780  0.0814  0.0764  0.0785
  0.0936  0.0937  0.0935  0.0876  0.0821  0.0795  0.0785  0.0784  0.0781  0.0795  0.0765  0.0774
  0.0936  0.0936  0.0936  0.0934  0.0840  0.0808  0.0788  0.0785  0.0784  0.0780  0.0766  0.0764
  0.0938  0.0938  0.0938  0.0985  0.0863  0.0817  0.0795  0.0794  0.0788  0.0770  0.0769  0.0755
  0.0943  0.0943  0.0944  0.1026  0.0894  0.0833  0.0806  0.0809  0.0794  0.0766  0.0772  0.0749
  0.0951  0.0952  0.0953  0.1064  0.0928  0.0871  0.0821  0.0830  0.0801  0.0767  0.0777  0.0745
niter,ni,del,rscale     7    3    5.0000    1.2000
parameter  3  2.238665 ->  0.500000 qaram    1.3225
parameter  4  1.404503 ->  0.500000 qaram    1.3225
parameter  5  2.438466 ->  0.500000 qaram    1.3225
parameter  6  3.032799 ->  0.500000 qaram    1.3225
parameter 12  0.697667 ->  0.500000 qaram    1.3225
parameters
   -2.3709   34.5109   13.6993   -9.0032   -8.9937   -8.9344
   -0.1893   -4.3185   -8.4152    2.0929   -2.8105   -2.1266
eta,q 0.94225 15.39237
  0.0764  0.0749  0.0713  0.0640  0.0602  0.0580  0.0607  0.0615  0.0606  0.0594  0.0593  0.0578
  0.0752  0.0746  0.0724  0.0655  0.0619  0.0589  0.0599  0.0596  0.0596  0.0584  0.0586  0.0577
  0.0747  0.0745  0.0735  0.0681  0.0640  0.0604  0.0594  0.0589  0.0590  0.0582  0.0583  0.0578
  0.0750  0.0747  0.0745  0.0727  0.0660  0.0625  0.0593  0.0593  0.0589  0.0589  0.0582  0.0581
  0.0760  0.0753  0.0758  0.0794  0.0680  0.0637  0.0596  0.0607  0.0592  0.0602  0.0584  0.0587
  0.0776  0.0762  0.0775  0.0871  0.0713  0.0655  0.0603  0.0629  0.0598  0.0620  0.0589  0.0595
  0.0798  0.0775  0.0795  0.0927  0.0745  0.0679  0.0614  0.0658  0.0608  0.0641  0.0599  0.0604
niter,ni,del,rscale     7    3    5.0000    1.2000
parameter  2  2.663821 ->  0.500000 qaram    1.1500
parameter  3  2.889516 ->  0.500000 qaram    1.5209
parameter  4  0.660286 ->  0.500000 qaram    1.5209
parameter  5  3.542603 ->  0.500000 qaram    1.5209
parameter  6  0.517109 ->  0.500000 qaram    1.5209
parameter  7 -0.927633 -> -0.500000 qaram    1.1500
parameter  9 -0.686176 -> -0.500000 qaram    1.3225
parameter 11 -0.506024 -> -0.500000 qaram    1.3225
parameters
   -1.5441   33.1309   11.8742  -14.4783  -14.4688  -14.4096
    3.9507   -2.5115   -3.6542    2.1703    1.9505   -5.0997
eta,q 0.96476 15.27795
  0.0623  0.0529  0.0465  0.0464  0.0369  0.0402  0.0453  0.0433  0.0427  0.0398  0.0374  0.0360
  0.0603  0.0541  0.0487  0.0465  0.0391  0.0390  0.0429  0.0404  0.0403  0.0375  0.0364  0.0355
  0.0587  0.0556  0.0514  0.0474  0.0426  0.0388  0.0407  0.0383  0.0382  0.0361  0.0359  0.0352
  0.0578  0.0575  0.0545  0.0494  0.0466  0.0400  0.0388  0.0370  0.0367  0.0356  0.0356  0.0354
  0.0574  0.0596  0.0579  0.0535  0.0514  0.0426  0.0375  0.0368  0.0358  0.0359  0.0354  0.0359
  0.0577  0.0618  0.0618  0.0607  0.0558  0.0466  0.0369  0.0376  0.0355  0.0373  0.0354  0.0369
  0.0586  0.0641  0.0658  0.0692  0.0599  0.0500  0.0370  0.0391  0.0359  0.0397  0.0355  0.0388
niter,ni,del,rscale     7    3    5.0000    1.2000
parameter  2  1.399943 ->  0.500000 qaram    1.3225
parameter  3  1.543959 ->  0.500000 qaram    1.7490
parameter  6 -0.746556 -> -0.500000 qaram    1.7490
parameters
   -0.7264   31.5439    9.7754  -14.7248  -19.7081   -8.1131
    4.4502   -3.0846   -2.2302    3.6713    2.6367   -8.9273
eta,q 0.97702 15.32744
  0.0400  0.0305  0.0270  0.0342  0.0288  0.0342  0.0284  0.0280  0.0294  0.0304  0.0257  0.0240
  0.0379  0.0312  0.0280  0.0316  0.0270  0.0313  0.0262  0.0256  0.0268  0.0270  0.0245  0.0232
  0.0363  0.0327  0.0295  0.0296  0.0266  0.0287  0.0245  0.0241  0.0248  0.0247  0.0238  0.0230
  0.0352  0.0349  0.0315  0.0284  0.0284  0.0265  0.0238  0.0238  0.0237  0.0236  0.0235  0.0235
  0.0349  0.0376  0.0340  0.0283  0.0322  0.0246  0.0241  0.0247  0.0237  0.0236  0.0236  0.0244
  0.0352  0.0408  0.0370  0.0301  0.0372  0.0237  0.0254  0.0267  0.0249  0.0247  0.0242  0.0257
  0.0362  0.0443  0.0403  0.0367  0.0446  0.0252  0.0275  0.0295  0.0270  0.0267  0.0252  0.0273
niter,ni,del,rscale     7    3    5.0000    1.2000
parameters
   -0.8075   30.4387    8.2122  -13.4025  -20.1402   -9.1377
    4.0162   -2.9807   -1.7776    4.1606    3.8419   -8.6356
eta,q 0.97881 15.37208
  0.0266  0.0247  0.0237  0.0300  0.0280  0.0289  0.0247  0.0265  0.0263  0.0270  0.0236  0.0238
  0.0245  0.0228  0.0220  0.0266  0.0246  0.0255  0.0228  0.0236  0.0238  0.0239  0.0225  0.0223
  0.0233  0.0222  0.0215  0.0237  0.0223  0.0228  0.0216  0.0219  0.0220  0.0220  0.0217  0.0214
  0.0230  0.0230  0.0222  0.0215  0.0209  0.0210  0.0213  0.0213  0.0213  0.0212  0.0212  0.0212
  0.0235  0.0249  0.0244  0.0202  0.0213  0.0211  0.0219  0.0219  0.0216  0.0216  0.0212  0.0215
  0.0249  0.0281  0.0277  0.0214  0.0249  0.0249  0.0233  0.0236  0.0231  0.0231  0.0217  0.0223
  0.0270  0.0321  0.0323  0.0286  0.0301  0.0356  0.0255  0.0261  0.0255  0.0257  0.0227  0.0233
niter,ni,del,rscale     6    3    5.0000    1.2000
parameters
   -0.7766   30.5362    8.0163  -13.4104  -20.0194   -9.1886
    3.9650   -3.0188   -1.8415    4.2585    3.8785   -8.8468
eta,q 0.97882 15.38204
  0.0252  0.0273  0.0260  0.0289  0.0286  0.0297  0.0249  0.0261  0.0257  0.0264  0.0231  0.0235
  0.0230  0.0240  0.0234  0.0257  0.0253  0.0261  0.0230  0.0234  0.0233  0.0235  0.0222  0.0221
  0.0217  0.0219  0.0218  0.0231  0.0228  0.0233  0.0216  0.0218  0.0217  0.0217  0.0215  0.0213
  0.0212  0.0212  0.0212  0.0212  0.0212  0.0212  0.0212  0.0212  0.0212  0.0212  0.0212  0.0212
  0.0216  0.0218  0.0219  0.0204  0.0211  0.0207  0.0217  0.0218  0.0217  0.0217  0.0213  0.0216
  0.0229  0.0236  0.0240  0.0228  0.0243  0.0229  0.0230  0.0236  0.0234  0.0234  0.0220  0.0225
  0.0250  0.0266  0.0271  0.0317  0.0293  0.0329  0.0251  0.0261  0.0259  0.0261  0.0232  0.0235
niter,ni,del,rscale     5    3    5.0000    1.2000
parameters
   -0.7755   30.5617    7.9811  -13.4156  -20.0078   -9.1914
    3.9773   -3.0154   -1.8476    4.3172    3.8982   -8.9114
eta,q 0.97882 15.38434
  0.0251  0.0271  0.0264  0.0289  0.0285  0.0298  0.0250  0.0262  0.0258  0.0264  0.0231  0.0236
  0.0230  0.0238  0.0236  0.0257  0.0252  0.0261  0.0230  0.0234  0.0234  0.0234  0.0221  0.0222
  0.0216  0.0218  0.0219  0.0231  0.0227  0.0233  0.0216  0.0218  0.0217  0.0217  0.0215  0.0213
  0.0212  0.0212  0.0212  0.0212  0.0212  0.0212  0.0212  0.0212  0.0212  0.0212  0.0212  0.0212
  0.0216  0.0218  0.0217  0.0204  0.0212  0.0207  0.0216  0.0218  0.0217  0.0218  0.0213  0.0216
  0.0230  0.0238  0.0236  0.0228  0.0245  0.0228  0.0229  0.0235  0.0233  0.0234  0.0220  0.0224
  0.0251  0.0268  0.0267  0.0317  0.0295  0.0328  0.0250  0.0261  0.0258  0.0261  0.0232  0.0234
registration optimization eta report
parameter search radius
    2.4000    3.1740    4.1976   10.9503   10.9503   12.5928
    8.2800    7.2000    9.5220    8.2800    9.5220    9.5220
100000*second partial in parameter space
       68.       57.       30.        8.        7.        6.
        6.        9.        5.        7.        2.        3.
  0.0251  0.0271  0.0264  0.0289  0.0285  0.0298  0.0250  0.0262  0.0258  0.0264  0.0231  0.0236
  0.0230  0.0238  0.0236  0.0257  0.0252  0.0261  0.0230  0.0234  0.0234  0.0234  0.0221  0.0222
  0.0216  0.0218  0.0219  0.0231  0.0227  0.0233  0.0216  0.0218  0.0217  0.0217  0.0215  0.0213
  0.0212  0.0212  0.0212  0.0212  0.0212  0.0212  0.0212  0.0212  0.0212  0.0212  0.0212  0.0212
  0.0216  0.0218  0.0217  0.0204  0.0212  0.0207  0.0216  0.0218  0.0217  0.0218  0.0213  0.0216
  0.0230  0.0238  0.0236  0.0228  0.0245  0.0228  0.0229  0.0235  0.0233  0.0234  0.0220  0.0224
  0.0251  0.0268  0.0267  0.0317  0.0295  0.0328  0.0250  0.0261  0.0258  0.0261  0.0232  0.0234
   -0.7755   30.5617    7.9811  -13.4156  -20.0078   -9.1914
    3.9773   -3.0154   -1.8476    4.3172    3.8982   -8.9114
eta,q 0.97882 15.38434

---------------------------------------------------------------------
imgreg_4dfp /opt/freesurfer/average/711-2C_as_mni_average_305 /opt/freesurfer/average/711-2B_as_mni_average_305_mask talsrcimg_g11 none talsrcimg_to_711-2C_as_mni_average_305_t4 2311
---------------------------------------------------------------------

freesurfer imgreg_4dfp.c
/opt/freesurfer/average/711-2C_as_mni_average_305.4dfp.img
       256       256       256         1
  1.000000  1.000000  1.000000
orientation T byte_order littleendian
Reading image: /opt/freesurfer/average/711-2C_as_mni_average_305.4dfp.img
dimensions:      256       256       256
mmppix:       1.0000   -1.0000   -1.0000
center:     128.0000 -129.0000 -129.0000
/opt/freesurfer/average/711-2B_as_mni_average_305_mask.4dfp.img
       256       256       256         1
  1.000000  1.000000  1.000000
orientation T byte_order littleendian
Reading mask: /opt/freesurfer/average/711-2B_as_mni_average_305_mask.4dfp.img (2306576 pixels)
talsrcimg_g11.4dfp.img
       256       256       256         1
  1.000000  1.000000  1.000000
orientation T byte_order littleendian
Reading image: talsrcimg_g11.4dfp.img
dimensions:      256       256       256
mmppix:       1.0000   -1.0000   -1.0000
center:     128.0000 -129.0000 -129.0000
fimgreg.f
image alignment mode   2311 decimal      907 hex
parameters
   -0.7755   30.5617    7.9811  -13.4156  -20.0078   -9.1914
    3.9773   -3.0154   -1.8476    4.3172    3.8982   -8.9114
eta,q 0.97882 15.38433
niter,ni,del,rscale     5    3    5.0000    0.8000
parameter  4 -0.770250 -> -0.500000 qaram    1.1500
parameter  6 -0.612723 -> -0.500000 qaram    1.1500
parameters
   -0.7747   30.5398    8.0901  -10.6556  -19.1330   -6.4314
    3.8864   -2.8152   -1.8589    4.6909    3.8568   -9.0148
eta,q 0.98030 15.75760
  0.0230  0.0226  0.0221  0.0239  0.0227  0.0229  0.0215  0.0234  0.0214  0.0222  0.0205  0.0205
  0.0220  0.0218  0.0216  0.0229  0.0218  0.0219  0.0205  0.0212  0.0205  0.0209  0.0200  0.0200
  0.0214  0.0213  0.0213  0.0219  0.0210  0.0209  0.0199  0.0200  0.0199  0.0201  0.0198  0.0198
  0.0212  0.0212  0.0212  0.0212  0.0204  0.0202  0.0197  0.0197  0.0197  0.0197  0.0197  0.0197
  0.0214  0.0214  0.0212  0.0206  0.0202  0.0198  0.0200  0.0201  0.0199  0.0198  0.0198  0.0198
  0.0220  0.0219  0.0215  0.0204  0.0206  0.0197  0.0206  0.0210  0.0205  0.0204  0.0200  0.0201
  0.0230  0.0227  0.0219  0.0207  0.0217  0.0200  0.0217  0.0226  0.0214  0.0216  0.0205  0.0206
niter,ni,del,rscale     6    3    5.0000    0.9000
parameters
   -0.8659   30.3576    7.9215  -11.6777  -19.3071   -6.7748
    4.0373   -2.8961   -1.8729    4.5202    4.1005   -8.9084
eta,q 0.98014 15.68302
  0.0223  0.0216  0.0207  0.0224  0.0221  0.0222  0.0221  0.0235  0.0218  0.0223  0.0208  0.0209
  0.0208  0.0204  0.0201  0.0211  0.0211  0.0210  0.0209  0.0212  0.0207  0.0209  0.0203  0.0203
  0.0199  0.0198  0.0197  0.0201  0.0203  0.0202  0.0202  0.0201  0.0201  0.0201  0.0200  0.0199
  0.0197  0.0197  0.0197  0.0197  0.0198  0.0198  0.0199  0.0199  0.0199  0.0199  0.0199  0.0199
  0.0201  0.0201  0.0199  0.0201  0.0199  0.0200  0.0201  0.0204  0.0201  0.0202  0.0199  0.0200
  0.0211  0.0211  0.0204  0.0222  0.0210  0.0208  0.0208  0.0216  0.0207  0.0211  0.0202  0.0203
  0.0229  0.0225  0.0213  0.0267  0.0228  0.0235  0.0219  0.0235  0.0218  0.0227  0.0206  0.0208
niter,ni,del,rscale     5    3    5.0000    0.8000
parameters
   -0.8328   30.4049    8.0018  -11.4277  -19.2154   -6.5654
    3.9922   -2.9575   -1.9007    4.5660    4.0171   -8.9164
eta,q 0.98023 15.71108
  0.0220  0.0217  0.0210  0.0226  0.0218  0.0219  0.0215  0.0227  0.0213  0.0219  0.0204  0.0206
  0.0208  0.0207  0.0204  0.0214  0.0209  0.0209  0.0206  0.0209  0.0205  0.0208  0.0200  0.0201
  0.0201  0.0201  0.0200  0.0205  0.0202  0.0201  0.0200  0.0200  0.0200  0.0200  0.0198  0.0198
  0.0199  0.0199  0.0199  0.0199  0.0198  0.0198  0.0198  0.0198  0.0198  0.0198  0.0198  0.0198
  0.0201  0.0200  0.0199  0.0197  0.0198  0.0199  0.0200  0.0202  0.0200  0.0199  0.0199  0.0199
  0.0207  0.0206  0.0202  0.0205  0.0205  0.0204  0.0206  0.0211  0.0205  0.0206  0.0201  0.0201
  0.0218  0.0215  0.0208  0.0227  0.0220  0.0219  0.0216  0.0227  0.0214  0.0219  0.0205  0.0205
niter,ni,del,rscale     4    3    5.0000    0.7000
parameters
   -0.8404   30.3824    7.9847  -11.2491  -19.1204   -6.4136
    3.9889   -2.9701   -1.8815    4.6245    4.0119   -8.8995
eta,q 0.98028 15.73535
  0.0214  0.0211  0.0205  0.0219  0.0213  0.0213  0.0211  0.0220  0.0210  0.0214  0.0203  0.0203
  0.0205  0.0204  0.0201  0.0210  0.0206  0.0205  0.0204  0.0206  0.0203  0.0205  0.0199  0.0200
  0.0200  0.0199  0.0199  0.0203  0.0201  0.0200  0.0199  0.0199  0.0199  0.0199  0.0198  0.0198
  0.0198  0.0198  0.0198  0.0198  0.0197  0.0197  0.0197  0.0197  0.0197  0.0197  0.0197  0.0197
  0.0200  0.0199  0.0199  0.0197  0.0198  0.0198  0.0199  0.0200  0.0199  0.0198  0.0198  0.0198
  0.0205  0.0204  0.0201  0.0203  0.0203  0.0202  0.0204  0.0207  0.0203  0.0204  0.0200  0.0200
  0.0214  0.0212  0.0206  0.0221  0.0214  0.0213  0.0211  0.0220  0.0209  0.0214  0.0203  0.0203
niter,ni,del,rscale     3    3    5.0000    0.6000
parameters
   -0.8467   30.3670    7.9628  -11.0588  -19.0266   -6.3060
    3.9841   -2.9914   -1.8740    4.6918    4.0036   -8.8976
eta,q 0.98033 15.75772
  0.0209  0.0207  0.0203  0.0214  0.0209  0.0208  0.0207  0.0214  0.0206  0.0209  0.0201  0.0201
  0.0203  0.0202  0.0200  0.0207  0.0204  0.0203  0.0202  0.0203  0.0201  0.0203  0.0198  0.0199
  0.0198  0.0198  0.0198  0.0201  0.0199  0.0198  0.0198  0.0198  0.0198  0.0199  0.0197  0.0197
  0.0197  0.0197  0.0197  0.0197  0.0197  0.0197  0.0197  0.0197  0.0197  0.0197  0.0197  0.0197
  0.0199  0.0198  0.0198  0.0197  0.0197  0.0198  0.0198  0.0199  0.0198  0.0198  0.0197  0.0197
  0.0203  0.0202  0.0200  0.0202  0.0201  0.0201  0.0202  0.0205  0.0201  0.0202  0.0199  0.0199
  0.0210  0.0208  0.0203  0.0214  0.0210  0.0208  0.0208  0.0213  0.0206  0.0209  0.0201  0.0201
niter,ni,del,rscale     2    3    5.0000    0.5000
parameters
   -0.8535   30.3531    7.9408  -10.8944  -18.9293   -6.2392
    3.9771   -3.0104   -1.8577    4.7644    4.0090   -8.9118
eta,q 0.98036 15.77661
  0.0205  0.0204  0.0201  0.0209  0.0206  0.0204  0.0204  0.0208  0.0203  0.0205  0.0199  0.0200
  0.0201  0.0200  0.0198  0.0204  0.0202  0.0200  0.0200  0.0201  0.0199  0.0201  0.0198  0.0198
  0.0198  0.0197  0.0197  0.0199  0.0198  0.0198  0.0197  0.0197  0.0197  0.0198  0.0197  0.0197
  0.0197  0.0197  0.0197  0.0197  0.0196  0.0196  0.0196  0.0196  0.0196  0.0196  0.0196  0.0196
  0.0198  0.0198  0.0197  0.0197  0.0197  0.0197  0.0197  0.0198  0.0197  0.0197  0.0197  0.0197
  0.0201  0.0200  0.0199  0.0200  0.0200  0.0200  0.0200  0.0202  0.0199  0.0200  0.0198  0.0198
  0.0206  0.0204  0.0201  0.0209  0.0206  0.0204  0.0204  0.0208  0.0203  0.0205  0.0199  0.0200
niter,ni,del,rscale     1    3    5.0000    0.4000
parameters
   -0.8598   30.3436    7.9184  -10.7485  -18.8456   -6.2056
    3.9774   -3.0305   -1.8449    4.8343    3.9958   -8.9362
eta,q 0.98038 15.79163
  0.0202  0.0201  0.0199  0.0205  0.0203  0.0201  0.0201  0.0204  0.0201  0.0202  0.0198  0.0198
  0.0199  0.0199  0.0198  0.0201  0.0200  0.0199  0.0199  0.0199  0.0198  0.0199  0.0197  0.0197
  0.0197  0.0197  0.0197  0.0198  0.0197  0.0197  0.0197  0.0197  0.0197  0.0197  0.0196  0.0196
  0.0196  0.0196  0.0196  0.0196  0.0196  0.0196  0.0196  0.0196  0.0196  0.0196  0.0196  0.0196
  0.0197  0.0197  0.0197  0.0196  0.0196  0.0197  0.0197  0.0197  0.0197  0.0197  0.0196  0.0196
  0.0199  0.0199  0.0198  0.0199  0.0198  0.0198  0.0198  0.0200  0.0198  0.0198  0.0197  0.0197
  0.0202  0.0201  0.0199  0.0204  0.0202  0.0201  0.0201  0.0204  0.0201  0.0202  0.0198  0.0198
registration optimization eta report
parameter search radius
    0.8000    0.8000    0.8000    2.7600    2.4000    2.7600
    2.4000    2.4000    2.4000    2.4000    2.4000    2.4000
100000*second partial in parameter space
       88.       76.       42.       11.       11.        7.
        9.       13.        8.       10.        3.        4.
  0.0202  0.0201  0.0199  0.0205  0.0203  0.0201  0.0201  0.0204  0.0201  0.0202  0.0198  0.0198
  0.0199  0.0199  0.0198  0.0201  0.0200  0.0199  0.0199  0.0199  0.0198  0.0199  0.0197  0.0197
  0.0197  0.0197  0.0197  0.0198  0.0197  0.0197  0.0197  0.0197  0.0197  0.0197  0.0196  0.0196
  0.0196  0.0196  0.0196  0.0196  0.0196  0.0196  0.0196  0.0196  0.0196  0.0196  0.0196  0.0196
  0.0197  0.0197  0.0197  0.0196  0.0196  0.0197  0.0197  0.0197  0.0197  0.0197  0.0196  0.0196
  0.0199  0.0199  0.0198  0.0199  0.0198  0.0198  0.0198  0.0200  0.0198  0.0198  0.0197  0.0197
  0.0202  0.0201  0.0199  0.0204  0.0202  0.0201  0.0201  0.0204  0.0201  0.0202  0.0198  0.0198
   -0.8598   30.3436    7.9184  -10.7485  -18.8456   -6.2056
    3.9774   -3.0305   -1.8449    4.8343    3.9958   -8.9362
eta,q 0.98038 15.79163

---------------------------------------------------------------------
imgreg_4dfp /opt/freesurfer/average/711-2C_as_mni_average_305 /opt/freesurfer/average/711-2B_as_mni_average_305_mask talsrcimg_g11 none talsrcimg_to_711-2C_as_mni_average_305_t4 2311
---------------------------------------------------------------------

freesurfer imgreg_4dfp.c
/opt/freesurfer/average/711-2C_as_mni_average_305.4dfp.img
       256       256       256         1
  1.000000  1.000000  1.000000
orientation T byte_order littleendian
Reading image: /opt/freesurfer/average/711-2C_as_mni_average_305.4dfp.img
dimensions:      256       256       256
mmppix:       1.0000   -1.0000   -1.0000
center:     128.0000 -129.0000 -129.0000
/opt/freesurfer/average/711-2B_as_mni_average_305_mask.4dfp.img
       256       256       256         1
  1.000000  1.000000  1.000000
orientation T byte_order littleendian
Reading mask: /opt/freesurfer/average/711-2B_as_mni_average_305_mask.4dfp.img (2306576 pixels)
talsrcimg_g11.4dfp.img
       256       256       256         1
  1.000000  1.000000  1.000000
orientation T byte_order littleendian
Reading image: talsrcimg_g11.4dfp.img
dimensions:      256       256       256
mmppix:       1.0000   -1.0000   -1.0000
center:     128.0000 -129.0000 -129.0000
fimgreg.f
image alignment mode   2311 decimal      907 hex
parameters
   -0.8598   30.3436    7.9184  -10.7485  -18.8456   -6.2056
    3.9774   -3.0305   -1.8449    4.8343    3.9958   -8.9362
eta,q 0.98038 15.79162
niter,ni,del,rscale     5    3    5.0000    0.8000
parameters
   -0.8828   30.3414    7.8910  -11.3206  -19.2190   -6.3470
    4.0027   -2.9135   -1.8573    4.6064    4.0866   -8.8582
eta,q 0.98025 15.73179
  0.0218  0.0216  0.0207  0.0215  0.0215  0.0212  0.0215  0.0230  0.0213  0.0217  0.0205  0.0206
  0.0206  0.0205  0.0201  0.0206  0.0207  0.0204  0.0206  0.0210  0.0204  0.0206  0.0201  0.0201
  0.0199  0.0198  0.0197  0.0200  0.0200  0.0199  0.0200  0.0200  0.0199  0.0200  0.0198  0.0198
  0.0196  0.0196  0.0196  0.0196  0.0197  0.0197  0.0197  0.0197  0.0197  0.0197  0.0197  0.0197
  0.0199  0.0198  0.0197  0.0198  0.0199  0.0199  0.0199  0.0201  0.0199  0.0200  0.0198  0.0198
  0.0207  0.0205  0.0201  0.0209  0.0209  0.0203  0.0205  0.0210  0.0205  0.0208  0.0200  0.0201
  0.0220  0.0216  0.0207  0.0234  0.0225  0.0216  0.0215  0.0226  0.0213  0.0221  0.0204  0.0205
niter,ni,del,rscale     4    3    5.0000    0.7000
parameters
   -0.8475   30.3713    7.9628  -11.0506  -19.1664   -6.3054
    3.9902   -2.9553   -1.8750    4.6426    4.0087   -8.8903
eta,q 0.98031 15.74865
  0.0215  0.0212  0.0206  0.0215  0.0213  0.0209  0.0211  0.0220  0.0209  0.0213  0.0202  0.0203
  0.0205  0.0204  0.0201  0.0207  0.0206  0.0203  0.0203  0.0206  0.0202  0.0205  0.0199  0.0199
  0.0200  0.0199  0.0199  0.0201  0.0200  0.0199  0.0199  0.0199  0.0198  0.0199  0.0197  0.0197
  0.0197  0.0197  0.0197  0.0197  0.0197  0.0197  0.0197  0.0197  0.0197  0.0197  0.0197  0.0197
  0.0199  0.0199  0.0198  0.0197  0.0197  0.0198  0.0199  0.0200  0.0198  0.0198  0.0198  0.0198
  0.0204  0.0203  0.0200  0.0201  0.0203  0.0201  0.0203  0.0208  0.0203  0.0204  0.0200  0.0200
  0.0213  0.0211  0.0204  0.0214  0.0215  0.0209  0.0211  0.0220  0.0210  0.0214  0.0203  0.0203
niter,ni,del,rscale     3    3    5.0000    0.6000
parameters
   -0.8549   30.3580    7.9476  -10.9111  -19.0552   -6.2363
    3.9903   -2.9698   -1.8606    4.7104    4.0133   -8.8961
eta,q 0.98035 15.76716
  0.0209  0.0207  0.0203  0.0210  0.0209  0.0205  0.0207  0.0214  0.0206  0.0209  0.0201  0.0201
  0.0202  0.0201  0.0199  0.0204  0.0204  0.0201  0.0202  0.0203  0.0201  0.0203  0.0198  0.0198
  0.0198  0.0198  0.0197  0.0200  0.0199  0.0198  0.0198  0.0198  0.0198  0.0198  0.0197  0.0197
  0.0197  0.0197  0.0197  0.0197  0.0197  0.0197  0.0197  0.0197  0.0197  0.0197  0.0197  0.0197
  0.0198  0.0198  0.0198  0.0197  0.0197  0.0197  0.0198  0.0199  0.0198  0.0197  0.0197  0.0197
  0.0202  0.0202  0.0200  0.0201  0.0201  0.0200  0.0201  0.0205  0.0201  0.0201  0.0198  0.0199
  0.0209  0.0208  0.0203  0.0210  0.0210  0.0205  0.0207  0.0214  0.0206  0.0209  0.0201  0.0201
niter,ni,del,rscale     2    3    5.0000    0.5000
parameters
   -0.8592   30.3467    7.9274  -10.7788  -18.9552   -6.2069
    3.9821   -2.9946   -1.8461    4.7749    3.9998   -8.9053
eta,q 0.98037 15.78244
  0.0205  0.0204  0.0200  0.0206  0.0206  0.0202  0.0204  0.0209  0.0203  0.0205  0.0199  0.0200
  0.0200  0.0200  0.0198  0.0202  0.0202  0.0199  0.0200  0.0201  0.0199  0.0201  0.0198  0.0198
  0.0198  0.0197  0.0197  0.0198  0.0198  0.0197  0.0197  0.0197  0.0197  0.0198  0.0197  0.0197
  0.0197  0.0197  0.0197  0.0196  0.0196  0.0196  0.0196  0.0196  0.0196  0.0196  0.0196  0.0196
  0.0198  0.0197  0.0197  0.0197  0.0197  0.0197  0.0197  0.0198  0.0197  0.0197  0.0197  0.0197
  0.0200  0.0200  0.0198  0.0199  0.0200  0.0199  0.0200  0.0202  0.0199  0.0200  0.0198  0.0198
  0.0205  0.0204  0.0201  0.0206  0.0206  0.0202  0.0204  0.0208  0.0203  0.0205  0.0199  0.0199
niter,ni,del,rscale     1    3    5.0000    0.4000
parameters
   -0.8652   30.3391    7.9154  -10.6671  -18.8666   -6.1944
    3.9791   -3.0205   -1.8397    4.8364    3.9935   -8.9253
eta,q 0.98039 15.79478
  0.0202  0.0201  0.0199  0.0203  0.0203  0.0200  0.0201  0.0204  0.0201  0.0202  0.0198  0.0198
  0.0199  0.0198  0.0197  0.0200  0.0200  0.0198  0.0199  0.0199  0.0198  0.0199  0.0197  0.0197
  0.0197  0.0197  0.0197  0.0197  0.0197  0.0197  0.0197  0.0197  0.0197  0.0197  0.0196  0.0196
  0.0196  0.0196  0.0196  0.0196  0.0196  0.0196  0.0196  0.0196  0.0196  0.0196  0.0196  0.0196
  0.0197  0.0197  0.0197  0.0196  0.0196  0.0197  0.0197  0.0197  0.0197  0.0197  0.0196  0.0196
  0.0199  0.0199  0.0198  0.0198  0.0198  0.0198  0.0198  0.0200  0.0198  0.0198  0.0197  0.0197
  0.0202  0.0201  0.0199  0.0202  0.0202  0.0200  0.0201  0.0204  0.0201  0.0202  0.0198  0.0198
registration optimization eta report
parameter search radius
    0.8000    0.8000    0.8000    2.4000    2.4000    2.4000
    2.4000    2.4000    2.4000    2.4000    2.4000    2.4000
100000*second partial in parameter space
       89.       76.       42.       11.       11.        7.
        9.       14.        8.       10.        3.        4.
  0.0202  0.0201  0.0199  0.0203  0.0203  0.0200  0.0201  0.0204  0.0201  0.0202  0.0198  0.0198
  0.0199  0.0198  0.0197  0.0200  0.0200  0.0198  0.0199  0.0199  0.0198  0.0199  0.0197  0.0197
  0.0197  0.0197  0.0197  0.0197  0.0197  0.0197  0.0197  0.0197  0.0197  0.0197  0.0196  0.0196
  0.0196  0.0196  0.0196  0.0196  0.0196  0.0196  0.0196  0.0196  0.0196  0.0196  0.0196  0.0196
  0.0197  0.0197  0.0197  0.0196  0.0196  0.0197  0.0197  0.0197  0.0197  0.0197  0.0196  0.0196
  0.0199  0.0199  0.0198  0.0198  0.0198  0.0198  0.0198  0.0200  0.0198  0.0198  0.0197  0.0197
  0.0202  0.0201  0.0199  0.0202  0.0202  0.0200  0.0201  0.0204  0.0201  0.0202  0.0198  0.0198
   -0.8652   30.3391    7.9154  -10.6671  -18.8666   -6.1944
    3.9791   -3.0205   -1.8397    4.8364    3.9935   -8.9253
eta,q 0.98039 15.79478

---------------------------------------------------------------------
compute_vox2vox talsrcimg talsrcimg_to_711-2C_as_mni_average_305_t4 /opt/freesurfer/average/711-2C_as_mni_average_305
---------------------------------------------------------------------

freesurfer compute_vox2vox.c
Reading: talsrcimg.4dfp.ifh
Reading: talsrcimg_to_711-2C_as_mni_average_305_t4
Reading: /opt/freesurfer/average/711-2C_as_mni_average_305.4dfp.ifh
Writing: talsrcimg_to_711-2C_as_mni_average_305_t4_vox2vox.txt

start time Wed Mar 11 14:41:51 CET 2026
end		time Wed Mar 11 14:43:17 CET 2026

mpr2mni305 success

avi2talxfm orig_nu.mgz /opt/freesurfer/average/mni305.cor.mgz talsrcimg_to_711-2C_as_mni_average_305_t4_vox2vox.txt transforms/talairach.auto.xfm
avi2talxfm done
mv -f /out/sourcedata/freesurfer/sub-v2s18x29521_ses-1/mri/talsrcimg_to_711-2C_as_mni_average_305_t4_vox2vox.txt /out/sourcedata/freesurfer/sub-v2s18x29521_ses-1/mri/transforms/talsrcimg_to_711-2C_as_mni_average_305_t4_vox2vox.txt
lta_convert --src orig_nu.mgz --trg /opt/freesurfer/average/mni305.cor.mgz --inxfm transforms/talairach.auto.xfm --outlta transforms/talairach.auto.xfm.lta --subject fsaverage
7.3.2

--src: orig_nu.mgz src image (geometry).
--trg: /opt/freesurfer/average/mni305.cor.mgz trg image (geometry).
--inmni: transforms/talairach.auto.xfm input MNI/XFM transform.
--outlta: transforms/talairach.auto.xfm.lta output LTA.
--s: fsaverage subject name
 LTA read, type : 1
 1.11664   0.03856  -0.05052  -11.69089;
-0.04487   1.05847   0.11864  -57.28472;
 0.02799  -0.06222   1.22432  -4.55839;
 0.00000   0.00000   0.00000   1.00000;
setting subject to fsaverage
Writing  LTA to file transforms/talairach.auto.xfm.lta...
lta_convert successful.
 
 
Started at Wed Mar 11 14:41:51 CET 2026
Ended   at Wed Mar 11 14:43:18 CET 2026
talairach_avi done
