status file for recon-all
Wed Mar 11 13:37:59 CET 2026
#@# MotionCor Wed Mar 11 13:38:06 CET 2026
#@# Talairach Wed Mar 11 13:38:23 CET 2026
#@# Talairach Failure Detection Wed Mar 11 13:42:47 CET 2026
#@# Nu Intensity Correction Wed Mar 11 13:42:47 CET 2026
#@# Intensity Normalization Wed Mar 11 13:46:04 CET 2026
recon-all -s sub-v2s18x29507_ses-1 finished without error at Wed Mar 11 13:47:36 CET 2026



#New# invocation of recon-all 



status file for recon-all
Wed Mar 11 13:58:38 CET 2026
#@# EM Registration Wed Mar 11 13:58:38 CET 2026
recon-all -s sub-v2s18x29507_ses-1 finished without error at Wed Mar 11 14:00:21 CET 2026



#New# invocation of recon-all 



status file for recon-all
Wed Mar 11 14:00:24 CET 2026
#@# CA Normalize Wed Mar 11 14:00:24 CET 2026
#@# CA Reg Wed Mar 11 14:01:48 CET 2026
#@# SubCort Seg Wed Mar 11 14:45:25 CET 2026
#@# CC Seg Wed Mar 11 15:12:48 CET 2026
#@# Merge ASeg Wed Mar 11 15:13:19 CET 2026
#@# Intensity Normalization2 Wed Mar 11 15:13:19 CET 2026
#@# Mask BFS Wed Mar 11 15:15:36 CET 2026
#@# WM Segmentation Wed Mar 11 15:15:37 CET 2026
#@# Fill Wed Mar 11 15:17:26 CET 2026
recon-all -s sub-v2s18x29507_ses-1 finished without error at Wed Mar 11 15:18:25 CET 2026



#New# invocation of recon-all 



status file for recon-all
Wed Mar 11 16:01:11 CET 2026
#@# white curv lh Wed Mar 11 16:01:11 CET 2026
#@# white area lh Wed Mar 11 16:01:11 CET 2026
#@# pial curv lh Wed Mar 11 16:01:11 CET 2026
#@# pial area lh Wed Mar 11 16:01:11 CET 2026
#@# thickness lh Wed Mar 11 16:01:11 CET 2026
#@# area and vertex vol lh Wed Mar 11 16:01:11 CET 2026
#@# white curv rh Wed Mar 11 16:01:11 CET 2026
#@# white area rh Wed Mar 11 16:01:11 CET 2026
#@# pial curv rh Wed Mar 11 16:01:11 CET 2026
#@# pial area rh Wed Mar 11 16:01:11 CET 2026
#@# thickness rh Wed Mar 11 16:01:11 CET 2026
#@# area and vertex vol rh Wed Mar 11 16:01:11 CET 2026
#@# Cortical ribbon mask Wed Mar 11 16:01:11 CET 2026
recon-all -s sub-v2s18x29507_ses-1 finished without error at Wed Mar 11 16:07:33 CET 2026



#New# invocation of recon-all 



status file for recon-all
Wed Mar 11 16:13:49 CET 2026
#@# white curv lh Wed Mar 11 16:13:49 CET 2026
#@# white area lh Wed Mar 11 16:13:49 CET 2026
#@# pial curv lh Wed Mar 11 16:13:49 CET 2026
#@# pial area lh Wed Mar 11 16:13:49 CET 2026
#@# thickness lh Wed Mar 11 16:13:49 CET 2026
#@# area and vertex vol lh Wed Mar 11 16:13:49 CET 2026
#@# white curv rh Wed Mar 11 16:13:49 CET 2026
#@# white area rh Wed Mar 11 16:13:49 CET 2026
#@# pial curv rh Wed Mar 11 16:13:49 CET 2026
#@# pial area rh Wed Mar 11 16:13:49 CET 2026
#@# thickness rh Wed Mar 11 16:13:49 CET 2026
#@# area and vertex vol rh Wed Mar 11 16:13:49 CET 2026
#@# Curvature Stats lh Wed Mar 11 16:13:49 CET 2026
#@# Curvature Stats rh Wed Mar 11 16:13:52 CET 2026
#@# Relabel Hypointensities Wed Mar 11 16:13:54 CET 2026
#@# APas-to-ASeg Wed Mar 11 16:14:09 CET 2026
#@# AParc-to-ASeg aparc Wed Mar 11 16:14:16 CET 2026
#@# AParc-to-ASeg aparc.a2009s Wed Mar 11 16:14:45 CET 2026
#@# AParc-to-ASeg aparc.DKTatlas Wed Mar 11 16:15:15 CET 2026
#@# WMParc Wed Mar 11 16:15:46 CET 2026
#@# ASeg Stats Wed Mar 11 16:19:11 CET 2026
recon-all -s sub-v2s18x29507_ses-1 finished without error at Wed Mar 11 16:19:47 CET 2026
