status file for recon-all
Wed Mar 11 15:39:26 CET 2026
#@# Tessellate rh Wed Mar 11 15:39:26 CET 2026
#@# Smooth1 rh Wed Mar 11 15:39:30 CET 2026
#@# Inflation1 rh Wed Mar 11 15:39:32 CET 2026
#@# QSphere rh Wed Mar 11 15:39:45 CET 2026
#@# Fix Topology rh Wed Mar 11 15:41:15 CET 2026
#@# Smooth2 rh Wed Mar 11 15:46:29 CET 2026
#@# Inflation2 rh Wed Mar 11 15:46:32 CET 2026
#@# Curv .H and .K rh Wed Mar 11 15:46:45 CET 2026
#@# Sphere rh Wed Mar 11 15:47:34 CET 2026
#@# Surf Reg rh Wed Mar 11 15:49:59 CET 2026
#@# Jacobian white rh Wed Mar 11 15:53:51 CET 2026
#@# AvgCurv rh Wed Mar 11 15:53:52 CET 2026
#@# Cortical Parc rh Wed Mar 11 15:53:53 CET 2026
#@# white curv rh Wed Mar 11 16:00:00 CET 2026
#@# white area rh Wed Mar 11 16:00:02 CET 2026
#@# pial curv rh Wed Mar 11 16:00:03 CET 2026
#@# pial area rh Wed Mar 11 16:00:04 CET 2026
#@# thickness rh Wed Mar 11 16:00:05 CET 2026
#@# area and vertex vol rh Wed Mar 11 16:00:34 CET 2026
#@# Curvature Stats rh Wed Mar 11 16:00:36 CET 2026
#@# Cortical Parc 2 rh Wed Mar 11 16:00:38 CET 2026
#@# Cortical Parc 3 rh Wed Mar 11 16:00:51 CET 2026
#@# WM/GM Contrast rh Wed Mar 11 16:01:01 CET 2026
recon-all -s sub-v2s18x29507_ses-1 finished without error at Wed Mar 11 16:01:06 CET 2026



#New# invocation of recon-all 



status file for recon-all
Wed Mar 11 16:10:40 CET 2026
#@# white curv rh Wed Mar 11 16:10:40 CET 2026
#@# white area rh Wed Mar 11 16:10:40 CET 2026
#@# pial curv rh Wed Mar 11 16:10:40 CET 2026
#@# pial area rh Wed Mar 11 16:10:40 CET 2026
#@# thickness rh Wed Mar 11 16:10:40 CET 2026
#@# area and vertex vol rh Wed Mar 11 16:10:40 CET 2026
#@# Parcellation Stats rh Wed Mar 11 16:10:40 CET 2026
#@# Parcellation Stats 2 rh Wed Mar 11 16:11:00 CET 2026
#@# Parcellation Stats 3 rh Wed Mar 11 16:11:09 CET 2026
#@# BA_exvivo Labels rh Wed Mar 11 16:11:19 CET 2026
recon-all -s sub-v2s18x29507_ses-1 finished without error at Wed Mar 11 16:13:44 CET 2026
