/out/sourcedata/freesurfer/sub-v2s18x29498_ses-1/mri
/opt/freesurfer/bin/talairach_avi
--i orig_nu.mgz --xfm transforms/talairach.auto.xfm
talairach_avi 7.3.2
Linux dna060 5.14.0-427.37.1.el9_4.x86_64 #1 SMP PREEMPT_DYNAMIC Fri Sep 13 12:41:50 EDT 2024 x86_64 x86_64 x86_64 GNU/Linux
Wed Mar 11 13:23:08 CET 2026
mri_convert orig_nu.mgz talsrcimg.img 
reading from orig_nu.mgz...
TR=0.00, TE=0.00, TI=0.00, flip angle=0.00
i_ras = (-1, -5.67525e-10, 0)
j_ras = (0, 0, -1)
k_ras = (-3.17232e-09, 1, 2.32831e-10)
writing to talsrcimg.img...
Analyze Output Matrix
-1.00000   0.00000  -0.00000   136.39844;
-0.00000   0.00000   1.00000  -89.88714;
 0.00000  -1.00000   0.00000   111.14629;
 0.00000   0.00000   0.00000   1.00000;
--------------------
INFO: set hdr.hist.orient to -1
mpr2mni305 talsrcimg
Wed Mar 11 13:23:08 CET 2026
/opt/freesurfer/bin/mpr2mni305 talsrcimg
mpr2mni305 7.3.2
target=711-2C_as_mni_average_305

---------------------------------------------------------------------
analyzeto4dfp talsrcimg -O0 -y
---------------------------------------------------------------------

freesurfer ifh2hdr.c
Wed Mar 11 13:23:08 2026
Writing: talsrcimg.4dfp.hdr
freesurfer analyzeto4dfp.c
Reading: talsrcimg.hdr
header size 348 bytes
hdr.dime.datatype	offset=70	value=2
hdr.dime.bitpix		offset=72	value=8
hdr.hist.orient		offset=252	value=-1
dimensionality     4
dimensions       256       256       256         1
Reading: talsrcimg.img
Writing: talsrcimg.4dfp.img
Writing: talsrcimg.4dfp.ifh
ifh2hdr talsrcimg -r0to218
ori=2

---------------------------------------------------------------------
gauss_4dfp talsrcimg 1.1
---------------------------------------------------------------------

freesurfer gauss_4dfp.c
Reading: talsrcimg.4dfp.img
Writing: talsrcimg_g11.4dfp.img
image dimensions 256 256 256 padded to 288 288 288
processing volume 1freesurfer ifh2hdr.c
Wed Mar 11 13:23:10 2026
Writing: talsrcimg_g11.4dfp.hdr

Writing: talsrcimg_g11.4dfp.ifh
including: talsrcimg.4dfp.img.rec in talsrcimg_g11.4dfp.img.rec

---------------------------------------------------------------------
imgreg_4dfp /opt/freesurfer/average/711-2C_as_mni_average_305 none talsrcimg_g11 none talsrcimg_to_711-2C_as_mni_average_305_t4 4355
---------------------------------------------------------------------

freesurfer imgreg_4dfp.c
/opt/freesurfer/average/711-2C_as_mni_average_305.4dfp.img
       256       256       256         1
  1.000000  1.000000  1.000000
orientation T byte_order littleendian
Reading image: /opt/freesurfer/average/711-2C_as_mni_average_305.4dfp.img
dimensions:      256       256       256
mmppix:       1.0000   -1.0000   -1.0000
center:     128.0000 -129.0000 -129.0000
talsrcimg_g11.4dfp.img
       256       256       256         1
  1.000000  1.000000  1.000000
orientation T byte_order littleendian
Reading image: talsrcimg_g11.4dfp.img
dimensions:      256       256       256
mmppix:       1.0000   -1.0000   -1.0000
center:     128.0000 -129.0000 -129.0000
t4_read: open error in t4_sub.f l:  41 t4_file(1:l)talsrcimg_to_711-2C_as_mni_average_305_t4 
t4_read: transform initialized to I4
rotation matrix determinant  1.000000
image alignment mode   4355 decimal     1103 hex
   -7.5000  -45.0000  -45.0000 5075.6079   17.9010
    0.0000  -45.0000  -45.0000 5362.4980   17.8590
    7.5000  -45.0000  -45.0000 5145.8481   17.8570
   -7.5000  -37.5000  -45.0000 5680.3540   17.1620
    0.0000  -37.5000  -45.0000 6002.2007   17.1239
    7.5000  -37.5000  -45.0000 5750.5864   17.1222
   -7.5000  -30.0000  -45.0000 6488.0342   16.6150
    0.0000  -30.0000  -45.0000 6859.1650   16.5734
    7.5000  -30.0000  -45.0000 6606.5840   16.5768
   -7.5000  -22.5000  -45.0000 7325.4082   16.2239
    0.0000  -22.5000  -45.0000 7730.3140   16.1772
    7.5000  -22.5000  -45.0000 7458.9092   16.1875
   -7.5000  -15.0000  -45.0000 8213.8291   15.9816
    0.0000  -15.0000  -45.0000 8667.3018   15.9350
    7.5000  -15.0000  -45.0000 8365.3164   15.9468
   -7.5000   -7.5000  -45.0000 9209.8398   15.9142
    0.0000   -7.5000  -45.0000 9726.5713   15.8772
    7.5000   -7.5000  -45.0000 9366.7471   15.8859
   -7.5000    0.0000  -45.000010238.2373   15.9210
    0.0000    0.0000  -45.000010790.7627   15.8930
    7.5000    0.0000  -45.000010391.9277   15.8960
   -7.5000    7.5000  -45.000010406.1670   15.9097
    0.0000    7.5000  -45.000010954.5381   15.8808
    7.5000    7.5000  -45.000010544.5000   15.8797
   -7.5000   15.0000  -45.000010369.7012   15.8943
    0.0000   15.0000  -45.000010929.7227   15.8580
    7.5000   15.0000  -45.000010518.3623   15.8601
   -7.5000   22.5000  -45.000010265.9326   15.8865
    0.0000   22.5000  -45.000010830.7432   15.8417
    7.5000   22.5000  -45.000010453.2188   15.8503
   -7.5000   30.0000  -45.000010105.2744   15.6841
    0.0000   30.0000  -45.000010657.6240   15.6383
    7.5000   30.0000  -45.000010268.9932   15.6492
   -7.5000   37.5000  -45.000010257.3604   15.7006
    0.0000   37.5000  -45.000010837.2646   15.6640
    7.5000   37.5000  -45.000010428.8701   15.6726
   -7.5000   45.0000  -45.000010070.6025   15.3100
    0.0000   45.0000  -45.000010641.7783   15.2830
    7.5000   45.0000  -45.000010226.4561   15.2859
   -7.5000  -45.0000  -37.5000 5382.3188   17.5492
    0.0000  -45.0000  -37.5000 5686.0327   17.5010
    7.5000  -45.0000  -37.5000 5450.6318   17.4972
   -7.5000  -37.5000  -37.5000 5998.0479   16.8338
    0.0000  -37.5000  -37.5000 6333.5728   16.7929
    7.5000  -37.5000  -37.5000 6081.7661   16.7916
   -7.5000  -30.0000  -37.5000 6846.9868   16.3045
    0.0000  -30.0000  -37.5000 7221.7217   16.2662
    7.5000  -30.0000  -37.5000 6969.1030   16.2677
   -7.5000  -22.5000  -37.5000 7754.8535   15.9244
    0.0000  -22.5000  -37.5000 8171.2593   15.8817
    7.5000  -22.5000  -37.5000 7885.9248   15.8858
   -7.5000  -15.0000  -37.5000 8718.7949   15.6881
    0.0000  -15.0000  -37.5000 9177.0820   15.6422
    7.5000  -15.0000  -37.5000 8851.3730   15.6454
   -7.5000   -7.5000  -37.5000 9783.8438   15.6200
    0.0000   -7.5000  -37.500010325.6729   15.5793
    7.5000   -7.5000  -37.5000 9936.2139   15.5820
   -7.5000    0.0000  -37.500010852.6025   15.6242
    0.0000    0.0000  -37.500011455.8262   15.5910
    7.5000    0.0000  -37.500011001.2354   15.5931
   -7.5000    7.5000  -37.500011034.3926   15.6144
    0.0000    7.5000  -37.500011633.8027   15.5836
    7.5000    7.5000  -37.500011162.4795   15.5838
   -7.5000   15.0000  -37.500011015.8887   15.6022
    0.0000   15.0000  -37.500011605.9277   15.5687
    7.5000   15.0000  -37.500011153.7979   15.5697
   -7.5000   22.5000  -37.500010895.2373   15.5956
    0.0000   22.5000  -37.500011508.8672   15.5547
    7.5000   22.5000  -37.500011070.2451   15.5573
   -7.5000   30.0000  -37.500010682.1895   15.3964
    0.0000   30.0000  -37.500011279.0254   15.3513
    7.5000   30.0000  -37.500010843.9443   15.3537
   -7.5000   37.5000  -37.500010827.1934   15.4103
    0.0000   37.5000  -37.500011443.4385   15.3701
    7.5000   37.5000  -37.500010984.9404   15.3728
   -7.5000   45.0000  -37.500010599.7998   15.0245
    0.0000   45.0000  -37.500011208.0908   14.9926
    7.5000   45.0000  -37.500010765.4521   14.9946
   -7.5000  -45.0000  -30.0000 5793.1582   18.0536
    0.0000  -45.0000  -30.0000 6101.6353   17.9988
    7.5000  -45.0000  -30.0000 5854.7651   18.0033
   -7.5000  -37.5000  -30.0000 6445.4458   17.3197
    0.0000  -37.5000  -30.0000 6802.4019   17.2734
    7.5000  -37.5000  -30.0000 6529.7881   17.2808
   -7.5000  -30.0000  -30.0000 7375.7764   16.7841
    0.0000  -30.0000  -30.0000 7783.4053   16.7421
    7.5000  -30.0000  -30.0000 7488.6689   16.7473
   -7.5000  -22.5000  -30.0000 8372.0029   16.3969
    0.0000  -22.5000  -30.0000 8821.8506   16.3507
    7.5000  -22.5000  -30.0000 8502.4775   16.3534
   -7.5000  -15.0000  -30.0000 9433.4043   16.1552
    0.0000  -15.0000  -30.0000 9942.2373   16.1050
    7.5000  -15.0000  -30.0000 9570.6914   16.1056
   -7.5000   -7.5000  -30.000010570.3311   16.0799
    0.0000   -7.5000  -30.000011163.5615   16.0342
    7.5000   -7.5000  -30.000010731.9805   16.0385
   -7.5000    0.0000  -30.000011701.9023   16.0783
    0.0000    0.0000  -30.000012358.6982   16.0400
    7.5000    0.0000  -30.000011865.5234   16.0494
   -7.5000    7.5000  -30.000011891.4727   16.0691
    0.0000    7.5000  -30.000012533.7510   16.0339
    7.5000    7.5000  -30.000012036.3857   16.0424
   -7.5000   15.0000  -30.000011888.4287   16.0618
    0.0000   15.0000  -30.000012540.0137   16.0250
    7.5000   15.0000  -30.000012048.1016   16.0297
   -7.5000   22.5000  -30.000011779.0732   16.0579
    0.0000   22.5000  -30.000012451.9150   16.0136
    7.5000   22.5000  -30.000011932.7041   16.0149
   -7.5000   30.0000  -30.000011516.9473   15.8566
    0.0000   30.0000  -30.000012154.2930   15.8073
    7.5000   30.0000  -30.000011636.4863   15.8072
   -7.5000   37.5000  -30.000011638.6885   15.8656
    0.0000   37.5000  -30.000012271.9521   15.8205
    7.5000   37.5000  -30.000011758.7256   15.8247
   -7.5000   45.0000  -30.000011389.5107   15.4726
    0.0000   45.0000  -30.000012011.5234   15.4357
    7.5000   45.0000  -30.000011544.5088   15.4447
   -7.5000  -45.0000  -22.5000 6205.0835   18.6688
    0.0000  -45.0000  -22.5000 6548.8003   18.6168
    7.5000  -45.0000  -22.5000 6292.8789   18.6304
   -7.5000  -37.5000  -22.5000 6912.1377   17.9081
    0.0000  -37.5000  -22.5000 7285.6221   17.8619
    7.5000  -37.5000  -22.5000 7025.2920   17.8770
   -7.5000  -30.0000  -22.5000 7949.9189   17.3583
    0.0000  -30.0000  -22.5000 8370.1523   17.3117
    7.5000  -30.0000  -22.5000 8087.7754   17.3224
   -7.5000  -22.5000  -22.5000 9047.7539   16.9591
    0.0000  -22.5000  -22.5000 9513.9541   16.9079
    7.5000  -22.5000  -22.5000 9196.6514   16.9152
   -7.5000  -15.0000  -22.500010188.4043   16.7089
    0.0000  -15.0000  -22.500010727.1357   16.6571
    7.5000  -15.0000  -22.500010360.7334   16.6630
   -7.5000   -7.5000  -22.500011401.4287   16.6285
    0.0000   -7.5000  -22.500011998.3975   16.5846
    7.5000   -7.5000  -22.500011576.8232   16.5955
   -7.5000    0.0000  -22.500012611.4082   16.6254
    0.0000    0.0000  -22.500013296.6094   16.5895
    7.5000    0.0000  -22.500012827.2480   16.6058
   -7.5000    7.5000  -22.500012783.9834   16.6157
    0.0000    7.5000  -22.500013490.5176   16.5803
    7.5000    7.5000  -22.500013001.3232   16.5950
   -7.5000   15.0000  -22.500012805.5332   16.6098
    0.0000   15.0000  -22.500013508.4248   16.5689
    7.5000   15.0000  -22.500013015.2773   16.5784
   -7.5000   22.5000  -22.500012693.8018   16.6071
    0.0000   22.5000  -22.500013401.2891   16.5580
    7.5000   22.5000  -22.500012861.7910   16.5636
   -7.5000   30.0000  -22.500012424.2324   16.4024
    0.0000   30.0000  -22.500013082.1885   16.3515
    7.5000   30.0000  -22.500012538.2314   16.3565
   -7.5000   37.5000  -22.500012551.0967   16.4094
    0.0000   37.5000  -22.500013225.7070   16.3660
    7.5000   37.5000  -22.500012677.0645   16.3767
   -7.5000   45.0000  -22.500012265.8271   16.0111
    0.0000   45.0000  -22.500012940.6641   15.9765
    7.5000   45.0000  -22.500012425.2236   15.9922
   -7.5000  -45.0000  -15.0000 6609.9131   19.1132
    0.0000  -45.0000  -15.0000 6948.8032   19.0676
    7.5000  -45.0000  -15.0000 6700.2720   19.0807
   -7.5000  -37.5000  -15.0000 7404.5586   18.3332
    0.0000  -37.5000  -15.0000 7768.6099   18.2890
    7.5000  -37.5000  -15.0000 7511.3916   18.3026
   -7.5000  -30.0000  -15.0000 8539.2227   17.7675
    0.0000  -30.0000  -15.0000 8975.2510   17.7175
    7.5000  -30.0000  -15.0000 8674.5986   17.7295
   -7.5000  -22.5000  -15.0000 9716.2051   17.3567
    0.0000  -22.5000  -15.000010229.1123   17.3027
    7.5000  -22.5000  -15.0000 9874.2744   17.3158
   -7.5000  -15.0000  -15.000010911.7861   17.0999
    0.0000  -15.0000  -15.000011491.3623   17.0495
    7.5000  -15.0000  -15.000011094.6562   17.0632
   -7.5000   -7.5000  -15.000012179.0068   17.0198
    0.0000   -7.5000  -15.000012841.4961   16.9810
    7.5000   -7.5000  -15.000012406.3564   16.9962
   -7.5000    0.0000  -15.000013467.5098   17.0197
    0.0000    0.0000  -15.000014232.7637   16.9890
    7.5000    0.0000  -15.000013747.4023   17.0044
   -7.5000    7.5000  -15.000013717.6338   17.0087
    0.0000    7.5000  -15.000014518.6406   16.9746
    7.5000    7.5000  -15.000014018.4092   16.9869
   -7.5000   15.0000  -15.000013747.8555   16.9997
    0.0000   15.0000  -15.000014558.7041   16.9557
    7.5000   15.0000  -15.000014029.1328   16.9661
   -7.5000   22.5000  -15.000013629.8916   16.9951
    0.0000   22.5000  -15.000014412.9775   16.9433
    7.5000   22.5000  -15.000013838.8721   16.9544
   -7.5000   30.0000  -15.000013348.9551   16.7886
    0.0000   30.0000  -15.000014065.0225   16.7391
    7.5000   30.0000  -15.000013477.8906   16.7517
   -7.5000   37.5000  -15.000013495.8018   16.7979
    0.0000   37.5000  -15.000014242.6846   16.7596
    7.5000   37.5000  -15.000013644.7139   16.7745
   -7.5000   45.0000  -15.000013175.6602   16.4007
    0.0000   45.0000  -15.000013908.3955   16.3711
    7.5000   45.0000  -15.000013348.1943   16.3860
   -7.5000  -45.0000   -7.5000 7012.9385   19.3312
    0.0000  -45.0000   -7.5000 7366.7983   19.2883
    7.5000  -45.0000   -7.5000 7097.3804   19.2915
   -7.5000  -37.5000   -7.5000 7864.4883   18.5428
    0.0000  -37.5000   -7.5000 8282.6172   18.5003
    7.5000  -37.5000   -7.5000 7978.6724   18.5039
   -7.5000  -30.0000   -7.5000 9101.5176   17.9627
    0.0000  -30.0000   -7.5000 9596.0156   17.9132
    7.5000  -30.0000   -7.5000 9249.9502   17.9203
   -7.5000  -22.5000   -7.500010362.9756   17.5437
    0.0000  -22.5000   -7.500010929.2764   17.4903
    7.5000  -22.5000   -7.500010544.0410   17.5037
   -7.5000  -15.0000   -7.500011644.0391   17.2837
    0.0000  -15.0000   -7.500012260.8652   17.2343
    7.5000  -15.0000   -7.500011834.8252   17.2497
   -7.5000   -7.5000   -7.500012966.0732   17.2081
    0.0000   -7.5000   -7.500013679.0361   17.1711
    7.5000   -7.5000   -7.500013222.1455   17.1839
   -7.5000    0.0000   -7.500014362.0381   17.2128
    0.0000    0.0000   -7.500015177.1514   17.1844
    7.5000    0.0000   -7.500014663.5771   17.1918
   -7.5000    7.5000   -7.500014721.5088   17.2006
    0.0000    7.5000   -7.500015593.3086   17.1679
    7.5000    7.5000   -7.500015064.7803   17.1711
   -7.5000   15.0000   -7.500014835.6445   17.1866
    0.0000   15.0000   -7.500015762.9111   17.1433
    7.5000   15.0000   -7.500015193.9873   17.1487
   -7.5000   22.5000   -7.500014678.6582   17.1759
    0.0000   22.5000   -7.500015552.4336   17.1248
    7.5000   22.5000   -7.500014922.4502   17.1363
   -7.5000   30.0000   -7.500014351.7061   16.9689
    0.0000   30.0000   -7.500015109.7266   16.9204
    7.5000   30.0000   -7.500014464.3145   16.9347
   -7.5000   37.5000   -7.500014524.4707   16.9833
    0.0000   37.5000   -7.500015311.3076   16.9467
    7.5000   37.5000   -7.500014635.8369   16.9592
   -7.5000   45.0000   -7.500014161.8789   16.5899
    0.0000   45.0000   -7.500014960.7344   16.5625
    7.5000   45.0000   -7.500014317.0898   16.5696
   -7.5000  -45.0000    0.0000 7365.5098   19.3708
    0.0000  -45.0000    0.0000 7737.6030   19.3250
    7.5000  -45.0000    0.0000 7449.9614   19.3191
   -7.5000  -37.5000    0.0000 8322.5654   18.5826
    0.0000  -37.5000    0.0000 8771.2266   18.5408
    7.5000  -37.5000    0.0000 8427.0430   18.5361
   -7.5000  -30.0000    0.0000 9633.4092   17.9951
    0.0000  -30.0000    0.000010186.6162   17.9502
    7.5000  -30.0000    0.0000 9784.5664   17.9515
   -7.5000  -22.5000    0.000010952.6016   17.5730
    0.0000  -22.5000    0.000011589.2910   17.5233
    7.5000  -22.5000    0.000011129.8848   17.5320
   -7.5000  -15.0000    0.000012277.0098   17.3125
    0.0000  -15.0000    0.000013006.5273   17.2631
    7.5000  -15.0000    0.000012488.9912   17.2731
   -7.5000   -7.5000    0.000013661.4375   17.2407
    0.0000   -7.5000    0.000014509.5625   17.2011
    7.5000   -7.5000    0.000013936.4209   17.2076
   -7.5000    0.0000    0.000015160.2979   17.2485
    0.0000    0.0000    0.000016088.8545   17.2179
    7.5000    0.0000    0.000015460.1602   17.2184
   -7.5000    7.5000    0.000015620.1006   17.2363
    0.0000    7.5000    0.000016648.7422   17.2046
    7.5000    7.5000    0.000015998.7402   17.2012
   -7.5000   15.0000    0.000015855.4199   17.2192
    0.0000   15.0000    0.000017048.7832   17.1800
    7.5000   15.0000    0.000016342.6748   17.1802
   -7.5000   22.5000    0.000015777.1846   17.2050
    0.0000   22.5000    0.000016900.5664   17.1574
    7.5000   22.5000    0.000016097.8242   17.1643
   -7.5000   30.0000    0.000015401.1035   16.9978
    0.0000   30.0000    0.000016345.2100   16.9493
    7.5000   30.0000    0.000015475.7842   16.9585
   -7.5000   37.5000    0.000015526.6523   17.0159
    0.0000   37.5000    0.000016480.5293   16.9768
    7.5000   37.5000    0.000015595.8770   16.9831
   -7.5000   45.0000    0.000015148.7656   16.6256
    0.0000   45.0000    0.000016078.8867   16.5961
    7.5000   45.0000    0.000015235.9502   16.5965
   -7.5000  -45.0000    7.5000 7134.4971   19.3707
    0.0000  -45.0000    7.5000 7522.5273   19.3169
    7.5000  -45.0000    7.5000 7205.2065   19.3117
   -7.5000  -37.5000    7.5000 8082.9673   18.5837
    0.0000  -37.5000    7.5000 8573.8174   18.5379
    7.5000  -37.5000    7.5000 8173.8892   18.5357
   -7.5000  -30.0000    7.5000 9397.3584   17.9999
    0.0000  -30.0000    7.5000 9981.1855   17.9572
    7.5000  -30.0000    7.5000 9526.8994   17.9582
   -7.5000  -22.5000    7.500010727.9424   17.5801
    0.0000  -22.5000    7.500011373.3613   17.5327
    7.5000  -22.5000    7.500010874.5068   17.5366
   -7.5000  -15.0000    7.500012040.9443   17.3202
    0.0000  -15.0000    7.500012755.1660   17.2692
    7.5000  -15.0000    7.500012215.0957   17.2722
   -7.5000   -7.5000    7.500013429.9004   17.2458
    0.0000   -7.5000    7.500014222.5830   17.2005
    7.5000   -7.5000    7.500013646.7705   17.2030
   -7.5000    0.0000    7.500014919.6953   17.2503
    0.0000    0.0000    7.500015816.5684   17.2132
    7.5000    0.0000    7.500015181.6289   17.2149
   -7.5000    7.5000    7.500015376.1240   17.2391
    0.0000    7.5000    7.500016555.1719   17.2047
    7.5000    7.5000    7.500015817.3535   17.2043
   -7.5000   15.0000    7.500015672.6689   17.2254
    0.0000   15.0000    7.500017160.3867   17.1881
    7.5000   15.0000    7.500016305.5293   17.1886
   -7.5000   22.5000    7.500015680.5020   17.2127
    0.0000   22.5000    7.500017228.5332   17.1673
    7.5000   22.5000    7.500016185.2129   17.1697
   -7.5000   30.0000    7.500015410.7090   17.0054
    0.0000   30.0000    7.500016756.3945   16.9553
    7.5000   30.0000    7.500015621.1865   16.9576
   -7.5000   37.5000    7.500015492.7041   17.0210
    0.0000   37.5000    7.500016685.4453   16.9762
    7.5000   37.5000    7.500015605.4961   16.9786
   -7.5000   45.0000    7.500015015.8926   16.6273
    0.0000   45.0000    7.500016065.0771   16.5916
    7.5000   45.0000    7.500015122.9658   16.5932
   -7.5000  -45.0000   15.0000 6837.7290   19.3749
    0.0000  -45.0000   15.0000 7234.0513   19.3161
    7.5000  -45.0000   15.0000 6907.6787   19.3210
   -7.5000  -37.5000   15.0000 7794.3076   18.5871
    0.0000  -37.5000   15.0000 8249.3008   18.5375
    7.5000  -37.5000   15.0000 7860.0508   18.5455
   -7.5000  -30.0000   15.0000 9061.6475   18.0122
    0.0000  -30.0000   15.0000 9612.0156   17.9672
    7.5000  -30.0000   15.0000 9159.5967   17.9727
   -7.5000  -22.5000   15.000010331.3799   17.5968
    0.0000  -22.5000   15.000010955.6660   17.5472
    7.5000  -22.5000   15.000010443.5420   17.5500
   -7.5000  -15.0000   15.000011607.1904   17.3375
    0.0000  -15.0000   15.000012311.6309   17.2837
    7.5000  -15.0000   15.000011732.2402   17.2843
   -7.5000   -7.5000   15.000013004.6318   17.2567
    0.0000   -7.5000   15.000013794.0352   17.2077
    7.5000   -7.5000   15.000013153.0068   17.2123
   -7.5000    0.0000   15.000014449.0508   17.2550
    0.0000    0.0000   15.000015466.0488   17.2139
    7.5000    0.0000   15.000014700.2051   17.2239
   -7.5000    7.5000   15.000014868.4717   17.2450
    0.0000    7.5000   15.000016164.8613   17.2073
    7.5000    7.5000   15.000015323.9521   17.2164
   -7.5000   15.0000   15.000015099.1738   17.2373
    0.0000   15.0000   15.000016647.9688   17.1977
    7.5000   15.0000   15.000015713.2197   17.2028
   -7.5000   22.5000   15.000015084.3066   17.2294
    0.0000   22.5000   15.000016639.9277   17.1818
    7.5000   22.5000   15.000015580.0312   17.1832
   -7.5000   30.0000   15.000014807.2969   17.0221
    0.0000   30.0000   15.000016240.4688   16.9692
    7.5000   30.0000   15.000015154.7754   16.9691
   -7.5000   37.5000   15.000014921.5645   17.0317
    0.0000   37.5000   15.000016199.2832   16.9833
    7.5000   37.5000   15.000015196.5176   16.9878
   -7.5000   45.0000   15.000014430.0322   16.6318
    0.0000   45.0000   15.000015561.7510   16.5922
    7.5000   45.0000   15.000014692.6328   16.6019
   -7.5000  -45.0000   22.5000 6493.5444   19.4864
    0.0000  -45.0000   22.5000 6910.9834   19.4318
    7.5000  -45.0000   22.5000 6569.6333   19.4457
   -7.5000  -37.5000   22.5000 7387.2407   18.6889
    0.0000  -37.5000   22.5000 7866.2988   18.6403
    7.5000  -37.5000   22.5000 7469.7910   18.6560
   -7.5000  -30.0000   22.5000 8597.2217   18.1120
    0.0000  -30.0000   22.5000 9139.8936   18.0631
    7.5000  -30.0000   22.5000 8693.5850   18.0741
   -7.5000  -22.5000   22.5000 9817.3965   17.6931
    0.0000  -22.5000   22.500010426.1943   17.6394
    7.5000  -22.5000   22.5000 9929.1289   17.6469
   -7.5000  -15.0000   22.500011075.0830   17.4308
    0.0000  -15.0000   22.500011761.2148   17.3765
    7.5000  -15.0000   22.500011211.3086   17.3825
   -7.5000   -7.5000   22.500012424.5801   17.3467
    0.0000   -7.5000   22.500013227.1338   17.3006
    7.5000   -7.5000   22.500012598.8955   17.3118
   -7.5000    0.0000   22.500013800.5723   17.3437
    0.0000    0.0000   22.500014752.8252   17.3060
    7.5000    0.0000   22.500014060.4727   17.3229
   -7.5000    7.5000   22.500014126.8203   17.3336
    0.0000    7.5000   22.500015199.0664   17.2964
    7.5000    7.5000   22.500014507.6406   17.3116
   -7.5000   15.0000   22.500014204.5195   17.3272
    0.0000   15.0000   22.500015358.1602   17.2842
    7.5000   15.0000   22.500014648.1279   17.2941
   -7.5000   22.5000   22.500014066.5195   17.3215
    0.0000   22.5000   22.500015163.8955   17.2700
    7.5000   22.5000   22.500014438.7090   17.2757
   -7.5000   30.0000   22.500013843.9502   17.1130
    0.0000   30.0000   22.500014868.8252   17.0596
    7.5000   30.0000   22.500014145.5527   17.0647
   -7.5000   37.5000   22.500014036.3574   17.1206
    0.0000   37.5000   22.500015049.7686   17.0750
    7.5000   37.5000   22.500014323.7979   17.0860
   -7.5000   45.0000   22.500013636.9150   16.7173
    0.0000   45.0000   22.500014604.4521   16.6810
    7.5000   45.0000   22.500013911.4795   16.6973
   -7.5000  -45.0000   30.0000 6124.1636   19.6597
    0.0000  -45.0000   30.0000 6495.2734   19.6123
    7.5000  -45.0000   30.0000 6177.6895   19.6257
   -7.5000  -37.5000   30.0000 6941.6162   18.8526
    0.0000  -37.5000   30.0000 7369.3174   18.8067
    7.5000  -37.5000   30.0000 7029.5488   18.8207
   -7.5000  -30.0000   30.0000 8065.5249   18.2661
    0.0000  -30.0000   30.0000 8554.8643   18.2141
    7.5000  -30.0000   30.0000 8182.6323   18.2264
   -7.5000  -22.5000   30.0000 9221.8008   17.8389
    0.0000  -22.5000   30.0000 9752.7988   17.7827
    7.5000  -22.5000   30.0000 9359.5898   17.7961
   -7.5000  -15.0000   30.000010403.3340   17.5714
    0.0000  -15.0000   30.000011023.5791   17.5189
    7.5000  -15.0000   30.000010568.8516   17.5331
   -7.5000   -7.5000   30.000011671.0977   17.4882
    0.0000   -7.5000   30.000012389.6299   17.4479
    7.5000   -7.5000   30.000011891.5762   17.4636
   -7.5000    0.0000   30.000012927.3809   17.4885
    0.0000    0.0000   30.000013759.1787   17.4568
    7.5000    0.0000   30.000013224.1299   17.4728
   -7.5000    7.5000   30.000013194.6338   17.4774
    0.0000    7.5000   30.000014050.0039   17.4421
    7.5000    7.5000   30.000013537.3906   17.4548
   -7.5000   15.0000   30.000013192.5322   17.4677
    0.0000   15.0000   30.000014028.0879   17.4222
    7.5000   15.0000   30.000013538.8291   17.4327
   -7.5000   22.5000   30.000013038.4395   17.4607
    0.0000   22.5000   30.000013847.0586   17.4068
    7.5000   22.5000   30.000013354.4365   17.4182
   -7.5000   30.0000   30.000012838.9004   17.2503
    0.0000   30.0000   30.000013630.3115   17.1987
    7.5000   30.0000   30.000013131.2529   17.2118
   -7.5000   37.5000   30.000013095.0273   17.2602
    0.0000   37.5000   30.000013925.9258   17.2203
    7.5000   37.5000   30.000013376.1162   17.2358
   -7.5000   45.0000   30.000012796.2305   16.8569
    0.0000   45.0000   30.000013596.8320   16.8264
    7.5000   45.0000   30.000013030.4648   16.8418
   -7.5000  -45.0000   37.5000 5997.2061   19.9695
    0.0000  -45.0000   37.5000 6345.2139   19.9246
    7.5000  -45.0000   37.5000 6034.2490   19.9284
   -7.5000  -37.5000   37.5000 6767.9521   19.1435
    0.0000  -37.5000   37.5000 7172.4692   19.0991
    7.5000  -37.5000   37.5000 6849.6704   19.1035
   -7.5000  -30.0000   37.5000 7845.2915   18.5357
    0.0000  -30.0000   37.5000 8283.3545   18.4841
    7.5000  -30.0000   37.5000 7964.2827   18.4922
   -7.5000  -22.5000   37.5000 8978.3174   18.0965
    0.0000  -22.5000   37.5000 9463.3555   18.0408
    7.5000  -22.5000   37.5000 9128.7256   18.0558
   -7.5000  -15.0000   37.500010120.1172   17.8249
    0.0000  -15.0000   37.500010675.5303   17.7733
    7.5000  -15.0000   37.500010312.6104   17.7905
   -7.5000   -7.5000   37.500011321.7354   17.7477
    0.0000   -7.5000   37.500011968.0078   17.7093
    7.5000   -7.5000   37.500011563.2822   17.7236
   -7.5000    0.0000   37.500012517.6572   17.7534
    0.0000    0.0000   37.500013259.0420   17.7241
    7.5000    0.0000   37.500012828.2129   17.7327
   -7.5000    7.5000   37.500012740.5000   17.7409
    0.0000    7.5000   37.500013482.2744   17.7071
    7.5000    7.5000   37.500013055.4365   17.7112
   -7.5000   15.0000   37.500012750.3555   17.7257
    0.0000   15.0000   37.500013454.2881   17.6808
    7.5000   15.0000   37.500013020.1426   17.6872
   -7.5000   22.5000   37.500012619.0391   17.7139
    0.0000   22.5000   37.500013303.5332   17.6607
    7.5000   22.5000   37.500012862.8809   17.6736
   -7.5000   30.0000   37.500012433.1553   17.5006
    0.0000   30.0000   37.500013136.6621   17.4501
    7.5000   30.0000   37.500012666.0430   17.4661
   -7.5000   37.5000   37.500012663.7910   17.5164
    0.0000   37.5000   37.500013412.5537   17.4783
    7.5000   37.5000   37.500012904.0488   17.4925
   -7.5000   45.0000   37.500012394.7598   17.1123
    0.0000   45.0000   37.500013118.3145   17.0840
    7.5000   45.0000   37.500012591.0645   17.0923
   -7.5000  -45.0000   45.0000 5605.3511   20.3377
    0.0000  -45.0000   45.0000 5916.1235   20.2878
    7.5000  -45.0000   45.0000 5639.0444   20.2823
   -7.5000  -37.5000   45.0000 6326.2666   19.4843
    0.0000  -37.5000   45.0000 6671.5894   19.4391
    7.5000  -37.5000   45.0000 6400.8071   19.4350
   -7.5000  -30.0000   45.0000 7320.4722   18.8501
    0.0000  -30.0000   45.0000 7717.4883   18.8021
    7.5000  -30.0000   45.0000 7446.0991   18.8052
   -7.5000  -22.5000   45.0000 8372.2852   18.3961
    0.0000  -22.5000   45.0000 8822.7734   18.3431
    7.5000  -22.5000   45.0000 8521.1719   18.3552
   -7.5000  -15.0000   45.0000 9433.7051   18.1187
    0.0000  -15.0000   45.0000 9937.8770   18.0659
    7.5000  -15.0000   45.0000 9605.5068   18.0796
   -7.5000   -7.5000   45.000010533.0586   18.0464
    0.0000   -7.5000   45.000011094.6064   18.0039
    7.5000   -7.5000   45.000010738.4033   18.0131
   -7.5000    0.0000   45.000011606.3428   18.0556
    0.0000    0.0000   45.000012251.4727   18.0227
    7.5000    0.0000   45.000011854.3643   18.0246
   -7.5000    7.5000   45.000011788.6836   18.0422
    0.0000    7.5000   45.000012441.0322   18.0085
    7.5000    7.5000   45.000012036.6328   18.0060
   -7.5000   15.0000   45.000011805.7773   18.0230
    0.0000   15.0000   45.000012397.7793   17.9815
    7.5000   15.0000   45.000012006.4307   17.9836
   -7.5000   22.5000   45.000011674.9678   18.0072
    0.0000   22.5000   45.000012273.6953   17.9567
    7.5000   22.5000   45.000011872.2021   17.9668
   -7.5000   30.0000   45.000011489.3496   17.7892
    0.0000   30.0000   45.000012113.6396   17.7375
    7.5000   30.0000   45.000011674.4697   17.7501
   -7.5000   37.5000   45.000011703.2949   17.8096
    0.0000   37.5000   45.000012353.4932   17.7676
    7.5000   37.5000   45.000011871.7842   17.7766
   -7.5000   45.0000   45.000011447.7920   17.4114
    0.0000   45.0000   45.000012081.6006   17.3797
    7.5000   45.0000   45.000011593.4111   17.3815

---------------------------------------------------------------------
imgreg_4dfp /opt/freesurfer/average/711-2C_as_mni_average_305 /opt/freesurfer/average/711-2B_as_mni_average_305_mask talsrcimg_g11 none talsrcimg_to_711-2C_as_mni_average_305_t4 4355
---------------------------------------------------------------------

freesurfer imgreg_4dfp.c
/opt/freesurfer/average/711-2C_as_mni_average_305.4dfp.img
       256       256       256         1
  1.000000  1.000000  1.000000
orientation T byte_order littleendian
Reading image: /opt/freesurfer/average/711-2C_as_mni_average_305.4dfp.img
dimensions:      256       256       256
mmppix:       1.0000   -1.0000   -1.0000
center:     128.0000 -129.0000 -129.0000
/opt/freesurfer/average/711-2B_as_mni_average_305_mask.4dfp.img
       256       256       256         1
  1.000000  1.000000  1.000000
orientation T byte_order littleendian
Reading mask: /opt/freesurfer/average/711-2B_as_mni_average_305_mask.4dfp.img (2306576 pixels)
talsrcimg_g11.4dfp.img
       256       256       256         1
  1.000000  1.000000  1.000000
orientation T byte_order littleendian
Reading image: talsrcimg_g11.4dfp.img
dimensions:      256       256       256
mmppix:       1.0000   -1.0000   -1.0000
center:     128.0000 -129.0000 -129.0000
rotation matrix determinant  1.000000
image alignment mode   4355 decimal     1103 hex
   -7.5000  -22.5000  -37.5000 2061.0278   24.2607
    0.0000  -22.5000  -37.5000 2076.8757   23.9213
    7.5000  -22.5000  -37.5000 2079.3364   23.7269
   -7.5000  -15.0000  -37.5000 2175.1077   21.7021
    0.0000  -15.0000  -37.5000 2193.0996   21.4163
    7.5000  -15.0000  -37.5000 2196.6709   21.2829
   -7.5000   -7.5000  -37.5000 2288.3875   19.7453
    0.0000   -7.5000  -37.5000 2309.7266   19.5435
    7.5000   -7.5000  -37.5000 2309.2661   19.4383
   -7.5000    0.0000  -37.5000 2383.9438   18.1791
    0.0000    0.0000  -37.5000 2407.2932   17.9761
    7.5000    0.0000  -37.5000 2401.3845   17.9674
   -7.5000    7.5000  -37.5000 2450.7495   17.0614
    0.0000    7.5000  -37.5000 2471.4912   16.8227
    7.5000    7.5000  -37.5000 2465.5969   16.7604
   -7.5000   15.0000  -37.5000 2487.2075   16.2895
    0.0000   15.0000  -37.5000 2510.9788   16.0239
    7.5000   15.0000  -37.5000 2504.0239   15.9912
   -7.5000   22.5000  -37.5000 2502.2891   15.8635
    0.0000   22.5000  -37.5000 2523.3423   15.5904
    7.5000   22.5000  -37.5000 2524.2979   15.5661
   -7.5000   30.0000  -37.5000 2497.9832   15.6541
    0.0000   30.0000  -37.5000 2517.9541   15.3465
    7.5000   30.0000  -37.5000 2523.3367   15.3287
   -7.5000   37.5000  -37.5000 2484.2234   15.7294
    0.0000   37.5000  -37.5000 2511.9014   15.4119
    7.5000   37.5000  -37.5000 2517.8569   15.3788
   -7.5000   45.0000  -37.5000 2458.4282   16.1390
    0.0000   45.0000  -37.5000 2490.9016   15.8639
    7.5000   45.0000  -37.5000 2493.8833   15.8175
   -7.5000   52.5000  -37.5000 2396.1289   16.7836
    0.0000   52.5000  -37.5000 2425.6948   16.5354
    7.5000   52.5000  -37.5000 2431.9187   16.4812
   -7.5000   60.0000  -37.5000 2283.7534   17.5142
    0.0000   60.0000  -37.5000 2306.7307   17.2590
    7.5000   60.0000  -37.5000 2311.5496   17.2285
   -7.5000   67.5000  -37.5000 2135.8503   18.1930
    0.0000   67.5000  -37.5000 2154.9006   17.9343
    7.5000   67.5000  -37.5000 2156.8489   17.9229
   -7.5000  -22.5000  -30.0000 2155.4080   23.4821
    0.0000  -22.5000  -30.0000 2175.3586   23.1162
    7.5000  -22.5000  -30.0000 2177.7798   22.9669
   -7.5000  -15.0000  -30.0000 2282.2551   21.0280
    0.0000  -15.0000  -30.0000 2305.7488   20.7008
    7.5000  -15.0000  -30.0000 2308.6626   20.5903
   -7.5000   -7.5000  -30.0000 2395.9473   19.0421
    0.0000   -7.5000  -30.0000 2425.1208   18.8144
    7.5000   -7.5000  -30.0000 2427.6865   18.7464
   -7.5000    0.0000  -30.0000 2497.8389   17.5561
    0.0000    0.0000  -30.0000 2523.6274   17.3027
    7.5000    0.0000  -30.0000 2519.2698   17.2968
   -7.5000    7.5000  -30.0000 2565.6074   16.4156
    0.0000    7.5000  -30.0000 2582.7603   16.1457
    7.5000    7.5000  -30.0000 2587.1309   16.1038
   -7.5000   15.0000  -30.0000 2615.8728   15.6324
    0.0000   15.0000  -30.0000 2636.3977   15.3390
    7.5000   15.0000  -30.0000 2642.7261   15.3247
   -7.5000   22.5000  -30.0000 2646.5757   15.1527
    0.0000   22.5000  -30.0000 2666.3323   14.8877
    7.5000   22.5000  -30.0000 2667.0938   14.8481
   -7.5000   30.0000  -30.0000 2643.6370   14.9217
    0.0000   30.0000  -30.0000 2665.0640   14.6229
    7.5000   30.0000  -30.0000 2666.8875   14.5920
   -7.5000   37.5000  -30.0000 2631.8716   14.9788
    0.0000   37.5000  -30.0000 2661.2908   14.6968
    7.5000   37.5000  -30.0000 2665.5889   14.6546
   -7.5000   45.0000  -30.0000 2602.2795   15.3971
    0.0000   45.0000  -30.0000 2636.1477   15.1281
    7.5000   45.0000  -30.0000 2647.2075   15.0968
   -7.5000   52.5000  -30.0000 2533.0728   16.0487
    0.0000   52.5000  -30.0000 2566.8218   15.7816
    7.5000   52.5000  -30.0000 2578.0283   15.7608
   -7.5000   60.0000  -30.0000 2414.5847   16.7500
    0.0000   60.0000  -30.0000 2445.3906   16.5274
    7.5000   60.0000  -30.0000 2454.0039   16.5252
   -7.5000   67.5000  -30.0000 2260.9458   17.4711
    0.0000   67.5000  -30.0000 2283.6794   17.2084
    7.5000   67.5000  -30.0000 2290.7913   17.2234
   -7.5000  -22.5000  -22.5000 2228.6995   22.7333
    0.0000  -22.5000  -22.5000 2248.7390   22.3327
    7.5000  -22.5000  -22.5000 2257.2009   22.2944
   -7.5000  -15.0000  -22.5000 2356.3164   20.2598
    0.0000  -15.0000  -22.5000 2381.5947   19.9211
    7.5000  -15.0000  -22.5000 2389.0352   19.8810
   -7.5000   -7.5000  -22.5000 2469.8276   18.3168
    0.0000   -7.5000  -22.5000 2499.5281   18.0362
    7.5000   -7.5000  -22.5000 2503.4568   18.0060
   -7.5000    0.0000  -22.5000 2573.6650   16.8074
    0.0000    0.0000  -22.5000 2601.5588   16.5527
    7.5000    0.0000  -22.5000 2604.0684   16.5418
   -7.5000    7.5000  -22.5000 2645.1951   15.7097
    0.0000    7.5000  -22.5000 2673.8083   15.4488
    7.5000    7.5000  -22.5000 2680.6799   15.3990
   -7.5000   15.0000  -22.5000 2708.8174   14.9077
    0.0000   15.0000  -22.5000 2731.2356   14.6474
    7.5000   15.0000  -22.5000 2744.5051   14.5820
   -7.5000   22.5000  -22.5000 2748.5752   14.3992
    0.0000   22.5000  -22.5000 2773.5559   14.1208
    7.5000   22.5000  -22.5000 2778.4373   14.0677
   -7.5000   30.0000  -22.5000 2755.6069   14.1408
    0.0000   30.0000  -22.5000 2780.9236   13.8234
    7.5000   30.0000  -22.5000 2788.5686   13.8025
   -7.5000   37.5000  -22.5000 2750.2644   14.2085
    0.0000   37.5000  -22.5000 2781.2021   13.8955
    7.5000   37.5000  -22.5000 2789.5940   13.8925
   -7.5000   45.0000  -22.5000 2724.4988   14.6554
    0.0000   45.0000  -22.5000 2760.3728   14.3602
    7.5000   45.0000  -22.5000 2767.4797   14.3655
   -7.5000   52.5000  -22.5000 2644.6514   15.2902
    0.0000   52.5000  -22.5000 2681.8237   15.0067
    7.5000   52.5000  -22.5000 2691.5769   14.9857
   -7.5000   60.0000  -22.5000 2515.4856   15.9478
    0.0000   60.0000  -22.5000 2546.3384   15.7080
    7.5000   60.0000  -22.5000 2557.4907   15.6954
   -7.5000   67.5000  -22.5000 2350.1467   16.6543
    0.0000   67.5000  -22.5000 2381.6597   16.3804
    7.5000   67.5000  -22.5000 2390.4434   16.3802
   -7.5000  -22.5000  -15.0000 2272.1438   22.0354
    0.0000  -22.5000  -15.0000 2297.8684   21.6474
    7.5000  -22.5000  -15.0000 2301.6450   21.6301
   -7.5000  -15.0000  -15.0000 2397.0151   19.5817
    0.0000  -15.0000  -15.0000 2424.0771   19.2709
    7.5000  -15.0000  -15.0000 2427.0176   19.2065
   -7.5000   -7.5000  -15.0000 2509.1697   17.6451
    0.0000   -7.5000  -15.0000 2536.9609   17.3802
    7.5000   -7.5000  -15.0000 2544.7092   17.3396
   -7.5000    0.0000  -15.0000 2615.2510   16.1455
    0.0000    0.0000  -15.0000 2647.0078   15.8877
    7.5000    0.0000  -15.0000 2649.5020   15.8850
   -7.5000    7.5000  -15.0000 2699.5471   15.0762
    0.0000    7.5000  -15.0000 2734.4714   14.8296
    7.5000    7.5000  -15.0000 2742.1299   14.7761
   -7.5000   15.0000  -15.0000 2768.8113   14.2745
    0.0000   15.0000  -15.0000 2799.1406   14.0289
    7.5000   15.0000  -15.0000 2811.2969   13.9497
   -7.5000   22.5000  -15.0000 2819.4099   13.7473
    0.0000   22.5000  -15.0000 2846.5066   13.4457
    7.5000   22.5000  -15.0000 2851.2908   13.3779
   -7.5000   30.0000  -15.0000 2838.5291   13.4760
    0.0000   30.0000  -15.0000 2865.4163   13.1147
    7.5000   30.0000  -15.0000 2870.8545   13.0926
   -7.5000   37.5000  -15.0000 2842.8479   13.5315
    0.0000   37.5000  -15.0000 2872.2339   13.2035
    7.5000   37.5000  -15.0000 2879.0479   13.1784
   -7.5000   45.0000  -15.0000 2812.7510   13.9718
    0.0000   45.0000  -15.0000 2849.5476   13.6606
    7.5000   45.0000  -15.0000 2852.3970   13.6533
   -7.5000   52.5000  -15.0000 2724.3916   14.5868
    0.0000   52.5000  -15.0000 2757.8713   14.3113
    7.5000   52.5000  -15.0000 2766.9883   14.2629
   -7.5000   60.0000  -15.0000 2585.0083   15.2470
    0.0000   60.0000  -15.0000 2615.3647   14.9829
    7.5000   60.0000  -15.0000 2624.8794   14.9442
   -7.5000   67.5000  -15.0000 2415.5317   15.9240
    0.0000   67.5000  -15.0000 2443.3064   15.6297
    7.5000   67.5000  -15.0000 2453.3137   15.6236
   -7.5000  -22.5000   -7.5000 2289.7883   21.4528
    0.0000  -22.5000   -7.5000 2320.5527   21.0926
    7.5000  -22.5000   -7.5000 2320.5352   21.0424
   -7.5000  -15.0000   -7.5000 2416.4612   19.0551
    0.0000  -15.0000   -7.5000 2440.0676   18.6709
    7.5000  -15.0000   -7.5000 2444.8564   18.6438
   -7.5000   -7.5000   -7.5000 2527.9661   17.1080
    0.0000   -7.5000   -7.5000 2550.4111   16.8135
    7.5000   -7.5000   -7.5000 2562.9355   16.7953
   -7.5000    0.0000   -7.5000 2640.1770   15.6234
    0.0000    0.0000   -7.5000 2666.9873   15.3438
    7.5000    0.0000   -7.5000 2673.5347   15.3477
   -7.5000    7.5000   -7.5000 2741.3340   14.5207
    0.0000    7.5000   -7.5000 2772.3574   14.2829
    7.5000    7.5000   -7.5000 2778.1455   14.2390
   -7.5000   15.0000   -7.5000 2820.5698   13.7688
    0.0000   15.0000   -7.5000 2853.3489   13.5266
    7.5000   15.0000   -7.5000 2860.4768   13.4556
   -7.5000   22.5000   -7.5000 2875.5593   13.2271
    0.0000   22.5000   -7.5000 2905.9038   12.8867
    7.5000   22.5000   -7.5000 2908.3406   12.8236
   -7.5000   30.0000   -7.5000 2896.5095   12.9074
    0.0000   30.0000   -7.5000 2923.5300   12.5164
    7.5000   30.0000   -7.5000 2927.6060   12.4717
   -7.5000   37.5000   -7.5000 2903.9250   12.9401
    0.0000   37.5000   -7.5000 2933.5662   12.5946
    7.5000   37.5000   -7.5000 2938.6541   12.5586
   -7.5000   45.0000   -7.5000 2868.6101   13.3837
    0.0000   45.0000   -7.5000 2906.6248   13.0407
    7.5000   45.0000   -7.5000 2908.8340   13.0196
   -7.5000   52.5000   -7.5000 2785.3843   13.9949
    0.0000   52.5000   -7.5000 2812.8691   13.6839
    7.5000   52.5000   -7.5000 2817.5737   13.6411
   -7.5000   60.0000   -7.5000 2638.6003   14.6624
    0.0000   60.0000   -7.5000 2664.6628   14.3252
    7.5000   60.0000   -7.5000 2667.2500   14.3141
   -7.5000   67.5000   -7.5000 2459.1885   15.3348
    0.0000   67.5000   -7.5000 2490.8521   14.9984
    7.5000   67.5000   -7.5000 2495.5027   14.9962
   -7.5000  -22.5000    0.0000 2296.2383   21.1306
    0.0000  -22.5000    0.0000 2324.9062   20.7914
    7.5000  -22.5000    0.0000 2325.2405   20.6995
   -7.5000  -15.0000    0.0000 2419.6848   18.6628
    0.0000  -15.0000    0.0000 2443.9404   18.3487
    7.5000  -15.0000    0.0000 2447.0227   18.3096
   -7.5000   -7.5000    0.0000 2529.9792   16.7226
    0.0000   -7.5000    0.0000 2559.9802   16.5120
    7.5000   -7.5000    0.0000 2564.8286   16.4438
   -7.5000    0.0000    0.0000 2650.6082   15.2361
    0.0000    0.0000    0.0000 2678.9421   15.0392
    7.5000    0.0000    0.0000 2682.0823   14.9801
   -7.5000    7.5000    0.0000 2764.6255   14.1442
    0.0000    7.5000    0.0000 2794.4658   13.9442
    7.5000    7.5000    0.0000 2796.3875   13.8868
   -7.5000   15.0000    0.0000 2854.7241   13.3746
    0.0000   15.0000    0.0000 2890.0522   13.1934
    7.5000   15.0000    0.0000 2892.1868   13.1155
   -7.5000   22.5000    0.0000 2912.1804   12.8777
    0.0000   22.5000    0.0000 2955.3970   12.6334
    7.5000   22.5000    0.0000 2950.3547   12.5499
   -7.5000   30.0000    0.0000 2941.6125   12.5470
    0.0000   30.0000    0.0000 2983.0359   12.1929
    7.5000   30.0000    0.0000 2968.8010   12.1227
   -7.5000   37.5000    0.0000 2939.8096   12.5359
    0.0000   37.5000    0.0000 2978.4436   12.2181
    7.5000   37.5000    0.0000 2971.4756   12.1435
   -7.5000   45.0000    0.0000 2905.0337   12.9287
    0.0000   45.0000    0.0000 2943.3413   12.6247
    7.5000   45.0000    0.0000 2942.2688   12.5426
   -7.5000   52.5000    0.0000 2814.5559   13.5315
    0.0000   52.5000    0.0000 2847.3726   13.2343
    7.5000   52.5000    0.0000 2851.6140   13.1756
   -7.5000   60.0000    0.0000 2663.9756   14.2485
    0.0000   60.0000    0.0000 2693.7727   13.9355
    7.5000   60.0000    0.0000 2697.4678   13.8895
   -7.5000   67.5000    0.0000 2486.6765   14.9290
    0.0000   67.5000    0.0000 2518.2141   14.6148
    7.5000   67.5000    0.0000 2520.7979   14.5835
   -7.5000  -22.5000    7.5000 2292.8850   21.0027
    0.0000  -22.5000    7.5000 2324.4421   20.7080
    7.5000  -22.5000    7.5000 2321.4956   20.6670
   -7.5000  -15.0000    7.5000 2416.2898   18.5005
    0.0000  -15.0000    7.5000 2443.8625   18.2327
    7.5000  -15.0000    7.5000 2444.2649   18.2132
   -7.5000   -7.5000    7.5000 2531.3218   16.5513
    0.0000   -7.5000    7.5000 2565.0005   16.3463
    7.5000   -7.5000    7.5000 2569.8853   16.2982
   -7.5000    0.0000    7.5000 2654.5107   15.0444
    0.0000    0.0000    7.5000 2681.1704   14.8690
    7.5000    0.0000    7.5000 2689.8323   14.8372
   -7.5000    7.5000    7.5000 2770.8821   13.9341
    0.0000    7.5000    7.5000 2799.9333   13.7897
    7.5000    7.5000    7.5000 2807.6577   13.7392
   -7.5000   15.0000    7.5000 2870.7922   13.1692
    0.0000   15.0000    7.5000 2915.4683   13.1148
    7.5000   15.0000    7.5000 2912.3215   13.0112
   -7.5000   22.5000    7.5000 2939.1321   12.6657
    0.0000   22.5000    7.5000 3001.7056   12.6031
    7.5000   22.5000    7.5000 2983.9773   12.4631
   -7.5000   30.0000    7.5000 2971.0396   12.3952
    0.0000   30.0000    7.5000 3033.8989   12.1925
    7.5000   30.0000    7.5000 3011.3840   12.0709
   -7.5000   37.5000    7.5000 2963.9617   12.3891
    0.0000   37.5000    7.5000 3003.1279   12.0869
    7.5000   37.5000    7.5000 2997.4116   12.0227
   -7.5000   45.0000    7.5000 2920.0706   12.6840
    0.0000   45.0000    7.5000 2956.1187   12.3487
    7.5000   45.0000    7.5000 2960.4219   12.3181
   -7.5000   52.5000    7.5000 2831.0215   13.2387
    0.0000   52.5000    7.5000 2863.7395   12.9112
    7.5000   52.5000    7.5000 2872.6335   12.9006
   -7.5000   60.0000    7.5000 2675.6270   13.9607
    0.0000   60.0000    7.5000 2705.4355   13.6515
    7.5000   60.0000    7.5000 2712.5393   13.6274
   -7.5000   67.5000    7.5000 2494.8123   14.6805
    0.0000   67.5000    7.5000 2528.6255   14.3695
    7.5000   67.5000    7.5000 2529.5366   14.3629
   -7.5000  -22.5000   15.0000 2282.0249   20.9805
    0.0000  -22.5000   15.0000 2314.1243   20.7645
    7.5000  -22.5000   15.0000 2305.6011   20.6774
   -7.5000  -15.0000   15.0000 2406.7607   18.4688
    0.0000  -15.0000   15.0000 2441.4424   18.2478
    7.5000  -15.0000   15.0000 2435.1787   18.1857
   -7.5000   -7.5000   15.0000 2527.6287   16.5468
    0.0000   -7.5000   15.0000 2561.0625   16.3561
    7.5000   -7.5000   15.0000 2562.2361   16.2903
   -7.5000    0.0000   15.0000 2648.9321   15.0484
    0.0000    0.0000   15.0000 2683.2239   14.9789
    7.5000    0.0000   15.0000 2683.7598   14.8607
   -7.5000    7.5000   15.0000 2759.6450   13.9182
    0.0000    7.5000   15.0000 2801.4109   13.9333
    7.5000    7.5000   15.0000 2803.0769   13.8029
   -7.5000   15.0000   15.0000 2859.1519   13.1070
    0.0000   15.0000   15.0000 2910.9758   13.1597
    7.5000   15.0000   15.0000 2904.9905   13.0274
   -7.5000   22.5000   15.0000 2928.9072   12.5827
    0.0000   22.5000   15.0000 2985.1938   12.5100
    7.5000   22.5000   15.0000 2971.3223   12.4359
   -7.5000   30.0000   15.0000 2965.1045   12.3290
    0.0000   30.0000   15.0000 3024.6323   12.1200
    7.5000   30.0000   15.0000 3005.5190   12.0792
   -7.5000   37.5000   15.0000 2955.8569   12.3451
    0.0000   37.5000   15.0000 2998.9563   12.1192
    7.5000   37.5000   15.0000 2994.0830   12.0849
   -7.5000   45.0000   15.0000 2914.8320   12.6565
    0.0000   45.0000   15.0000 2953.9968   12.3726
    7.5000   45.0000   15.0000 2955.7002   12.3797
   -7.5000   52.5000   15.0000 2822.0332   13.2005
    0.0000   52.5000   15.0000 2858.5774   12.9248
    7.5000   52.5000   15.0000 2861.8540   12.9380
   -7.5000   60.0000   15.0000 2670.8042   13.8940
    0.0000   60.0000   15.0000 2703.3071   13.5771
    7.5000   60.0000   15.0000 2704.4309   13.5701
   -7.5000   67.5000   15.0000 2490.6423   14.5882
    0.0000   67.5000   15.0000 2517.2720   14.2703
    7.5000   67.5000   15.0000 2522.0730   14.2484
   -7.5000  -22.5000   22.5000 2260.5029   21.2604
    0.0000  -22.5000   22.5000 2296.3350   21.0193
    7.5000  -22.5000   22.5000 2284.0803   20.9460
   -7.5000  -15.0000   22.5000 2389.5027   18.7046
    0.0000  -15.0000   22.5000 2430.0618   18.5174
    7.5000  -15.0000   22.5000 2421.9255   18.4563
   -7.5000   -7.5000   22.5000 2515.1477   16.7688
    0.0000   -7.5000   22.5000 2553.2942   16.6085
    7.5000   -7.5000   22.5000 2550.7644   16.5548
   -7.5000    0.0000   22.5000 2636.4387   15.2535
    0.0000    0.0000   22.5000 2674.6472   15.1460
    7.5000    0.0000   22.5000 2673.5264   15.0914
   -7.5000    7.5000   22.5000 2749.2537   14.0191
    0.0000    7.5000   22.5000 2791.5493   13.9829
    7.5000    7.5000   22.5000 2787.7651   13.9101
   -7.5000   15.0000   22.5000 2845.4048   13.1327
    0.0000   15.0000   22.5000 2882.2859   13.0297
    7.5000   15.0000   22.5000 2881.5437   13.0110
   -7.5000   22.5000   22.5000 2910.0801   12.5839
    0.0000   22.5000   22.5000 2954.6196   12.3935
    7.5000   22.5000   22.5000 2944.3733   12.3625
   -7.5000   30.0000   22.5000 2943.9746   12.3841
    0.0000   30.0000   22.5000 2989.2314   12.0802
    7.5000   30.0000   22.5000 2977.8972   12.0947
   -7.5000   37.5000   22.5000 2941.5288   12.4866
    0.0000   37.5000   22.5000 2980.4307   12.2027
    7.5000   37.5000   22.5000 2976.4585   12.2394
   -7.5000   45.0000   22.5000 2900.3320   12.8617
    0.0000   45.0000   22.5000 2940.6941   12.5825
    7.5000   45.0000   22.5000 2941.5129   12.6158
   -7.5000   52.5000   22.5000 2804.9209   13.4441
    0.0000   52.5000   22.5000 2840.4768   13.1757
    7.5000   52.5000   22.5000 2840.3633   13.1830
   -7.5000   60.0000   22.5000 2651.8313   14.0546
    0.0000   60.0000   22.5000 2682.7310   13.7870
    7.5000   60.0000   22.5000 2683.7346   13.7726
   -7.5000   67.5000   22.5000 2469.6311   14.6600
    0.0000   67.5000   22.5000 2496.0181   14.3654
    7.5000   67.5000   22.5000 2501.3826   14.3378
   -7.5000  -22.5000   30.0000 2226.0452   21.7006
    0.0000  -22.5000   30.0000 2256.6140   21.3714
    7.5000  -22.5000   30.0000 2256.7886   21.4513
   -7.5000  -15.0000   30.0000 2363.2844   19.1108
    0.0000  -15.0000   30.0000 2399.1421   18.7984
    7.5000  -15.0000   30.0000 2397.6106   18.9090
   -7.5000   -7.5000   30.0000 2493.0339   17.1333
    0.0000   -7.5000   30.0000 2531.0566   16.8554
    7.5000   -7.5000   30.0000 2532.0012   16.9626
   -7.5000    0.0000   30.0000 2615.8872   15.5329
    0.0000    0.0000   30.0000 2653.4338   15.3389
    7.5000    0.0000   30.0000 2653.5759   15.4234
   -7.5000    7.5000   30.0000 2733.0903   14.2670
    0.0000    7.5000   30.0000 2765.2847   14.0816
    7.5000    7.5000   30.0000 2769.6465   14.1495
   -7.5000   15.0000   30.0000 2824.9456   13.3360
    0.0000   15.0000   30.0000 2854.7581   13.1040
    7.5000   15.0000   30.0000 2856.4500   13.1615
   -7.5000   22.5000   30.0000 2883.9453   12.7789
    0.0000   22.5000   30.0000 2925.0625   12.4961
    7.5000   22.5000   30.0000 2918.4810   12.5384
   -7.5000   30.0000   30.0000 2913.3801   12.6095
    0.0000   30.0000   30.0000 2952.2664   12.3165
    7.5000   30.0000   30.0000 2952.0332   12.3856
   -7.5000   37.5000   30.0000 2911.8252   12.7697
    0.0000   37.5000   30.0000 2950.2056   12.5131
    7.5000   37.5000   30.0000 2949.1626   12.5824
   -7.5000   45.0000   30.0000 2871.1592   13.2185
    0.0000   45.0000   30.0000 2909.3132   12.9555
    7.5000   45.0000   30.0000 2908.7783   13.0170
   -7.5000   52.5000   30.0000 2772.0356   13.8362
    0.0000   52.5000   30.0000 2806.2214   13.5883
    7.5000   52.5000   30.0000 2803.2351   13.5954
   -7.5000   60.0000   30.0000 2618.0474   14.4590
    0.0000   60.0000   30.0000 2649.2366   14.1965
    7.5000   60.0000   30.0000 2651.6885   14.1745
   -7.5000   67.5000   30.0000 2441.5247   15.0105
    0.0000   67.5000   30.0000 2464.6689   14.7016
    7.5000   67.5000   30.0000 2468.3123   14.6815
   -7.5000  -22.5000   37.5000 2200.4321   22.1545
    0.0000  -22.5000   37.5000 2225.7563   21.7112
    7.5000  -22.5000   37.5000 2233.5510   21.9743
   -7.5000  -15.0000   37.5000 2338.8970   19.5608
    0.0000  -15.0000   37.5000 2368.0078   19.1343
    7.5000  -15.0000   37.5000 2378.1770   19.4121
   -7.5000   -7.5000   37.5000 2471.4285   17.5309
    0.0000   -7.5000   37.5000 2503.2039   17.1801
    7.5000   -7.5000   37.5000 2510.0522   17.4097
   -7.5000    0.0000   37.5000 2594.9714   15.9138
    0.0000    0.0000   37.5000 2625.9905   15.6000
    7.5000    0.0000   37.5000 2632.0652   15.8244
   -7.5000    7.5000   37.5000 2710.5674   14.6268
    0.0000    7.5000   37.5000 2737.4858   14.2970
    7.5000    7.5000   37.5000 2743.4878   14.4917
   -7.5000   15.0000   37.5000 2797.4382   13.7225
    0.0000   15.0000   37.5000 2834.7244   13.4033
    7.5000   15.0000   37.5000 2833.4507   13.5144
   -7.5000   22.5000   37.5000 2856.7261   13.2222
    0.0000   22.5000   37.5000 2896.3542   12.8771
    7.5000   22.5000   37.5000 2892.1780   12.9735
   -7.5000   30.0000   37.5000 2878.5525   13.0814
    0.0000   30.0000   37.5000 2920.1938   12.8102
    7.5000   30.0000   37.5000 2915.8008   12.8671
   -7.5000   37.5000   37.5000 2869.8359   13.2376
    0.0000   37.5000   37.5000 2908.0977   13.0040
    7.5000   37.5000   37.5000 2904.7346   13.0539
   -7.5000   45.0000   37.5000 2825.6279   13.7269
    0.0000   45.0000   37.5000 2859.3909   13.4969
    7.5000   45.0000   37.5000 2856.0010   13.5467
   -7.5000   52.5000   37.5000 2729.3542   14.3655
    0.0000   52.5000   37.5000 2758.7227   14.1126
    7.5000   52.5000   37.5000 2757.4143   14.1406
   -7.5000   60.0000   37.5000 2576.7649   14.9934
    0.0000   60.0000   37.5000 2601.0935   14.7254
    7.5000   60.0000   37.5000 2603.7703   14.7132
   -7.5000   67.5000   37.5000 2399.8259   15.5212
    0.0000   67.5000   37.5000 2416.6973   15.2335
    7.5000   67.5000   37.5000 2422.2197   15.2285
   -7.5000  -22.5000   45.0000 2173.9441   22.7452
    0.0000  -22.5000   45.0000 2202.8235   22.2232
    7.5000  -22.5000   45.0000 2207.3044   22.6349
   -7.5000  -15.0000   45.0000 2312.8838   20.1524
    0.0000  -15.0000   45.0000 2343.0066   19.6555
    7.5000  -15.0000   45.0000 2349.6863   20.0407
   -7.5000   -7.5000   45.0000 2438.0015   18.0649
    0.0000   -7.5000   45.0000 2466.9258   17.6123
    7.5000   -7.5000   45.0000 2474.5205   17.9654
   -7.5000    0.0000   45.0000 2560.4019   16.4653
    0.0000    0.0000   45.0000 2584.3430   16.0194
    7.5000    0.0000   45.0000 2593.2529   16.3337
   -7.5000    7.5000   45.0000 2668.5476   15.1949
    0.0000    7.5000   45.0000 2701.2512   14.7921
    7.5000    7.5000   45.0000 2700.7056   15.0042
   -7.5000   15.0000   45.0000 2754.1726   14.3222
    0.0000   15.0000   45.0000 2790.4153   13.9101
    7.5000   15.0000   45.0000 2791.4021   14.1005
   -7.5000   22.5000   45.0000 2809.6023   13.8338
    0.0000   22.5000   45.0000 2850.7693   13.4820
    7.5000   22.5000   45.0000 2848.8623   13.6234
   -7.5000   30.0000   45.0000 2824.8706   13.7458
    0.0000   30.0000   45.0000 2869.2466   13.4505
    7.5000   30.0000   45.0000 2862.5466   13.5113
   -7.5000   37.5000   45.0000 2811.0151   13.8984
    0.0000   37.5000   45.0000 2850.5051   13.6552
    7.5000   37.5000   45.0000 2842.7798   13.6905
   -7.5000   45.0000   45.0000 2764.5647   14.4038
    0.0000   45.0000   45.0000 2797.3647   14.1659
    7.5000   45.0000   45.0000 2792.6108   14.1853
   -7.5000   52.5000   45.0000 2666.4922   15.0017
    0.0000   52.5000   45.0000 2698.3999   14.7685
    7.5000   52.5000   45.0000 2698.7847   14.7914
   -7.5000   60.0000   45.0000 2520.3081   15.6525
    0.0000   60.0000   45.0000 2547.0979   15.3993
    7.5000   60.0000   45.0000 2545.8091   15.3972
   -7.5000   67.5000   45.0000 2340.5029   16.1701
    0.0000   67.5000   45.0000 2362.0989   15.9140
    7.5000   67.5000   45.0000 2363.8142   15.9397
   -7.5000  -22.5000   52.5000 2141.0186   23.6207
    0.0000  -22.5000   52.5000 2174.9685   23.1546
    7.5000  -22.5000   52.5000 2171.6626   23.4998
   -7.5000  -15.0000   52.5000 2274.0339   20.9355
    0.0000  -15.0000   52.5000 2309.6233   20.4774
    7.5000  -15.0000   52.5000 2308.1309   20.7887
   -7.5000   -7.5000   52.5000 2397.5222   18.8558
    0.0000   -7.5000   52.5000 2429.3025   18.3520
    7.5000   -7.5000   52.5000 2430.6011   18.6773
   -7.5000    0.0000   52.5000 2514.1348   17.1952
    0.0000    0.0000   52.5000 2540.0212   16.7267
    7.5000    0.0000   52.5000 2543.1216   16.9982
   -7.5000    7.5000   52.5000 2620.2615   15.9683
    0.0000    7.5000   52.5000 2652.6467   15.5404
    7.5000    7.5000   52.5000 2657.0454   15.7544
   -7.5000   15.0000   52.5000 2699.0464   15.1406
    0.0000   15.0000   52.5000 2733.1655   14.7083
    7.5000   15.0000   52.5000 2736.5146   14.9193
   -7.5000   22.5000   52.5000 2744.9592   14.6877
    0.0000   22.5000   52.5000 2776.8633   14.3088
    7.5000   22.5000   52.5000 2780.7737   14.4702
   -7.5000   30.0000   52.5000 2753.5947   14.5679
    0.0000   30.0000   52.5000 2793.7610   14.2545
    7.5000   30.0000   52.5000 2789.1489   14.3371
   -7.5000   37.5000   52.5000 2739.4536   14.7011
    0.0000   37.5000   52.5000 2780.2542   14.4162
    7.5000   37.5000   52.5000 2770.2324   14.5038
   -7.5000   45.0000   52.5000 2693.5977   15.1796
    0.0000   45.0000   52.5000 2722.5291   14.9339
    7.5000   45.0000   52.5000 2720.3376   14.9802
   -7.5000   52.5000   52.5000 2600.1826   15.8164
    0.0000   52.5000   52.5000 2623.4858   15.5755
    7.5000   52.5000   52.5000 2625.2607   15.6193
   -7.5000   60.0000   52.5000 2451.2361   16.4632
    0.0000   60.0000   52.5000 2477.7607   16.2110
    7.5000   60.0000   52.5000 2473.7659   16.2314
   -7.5000   67.5000   52.5000 2275.0447   17.0029
    0.0000   67.5000   52.5000 2297.2703   16.7731
    7.5000   67.5000   52.5000 2295.1924   16.7821

---------------------------------------------------------------------
imgreg_4dfp /opt/freesurfer/average/711-2C_as_mni_average_305 /opt/freesurfer/average/711-2B_as_mni_average_305_mask talsrcimg_g11 none talsrcimg_to_711-2C_as_mni_average_305_t4 1283
---------------------------------------------------------------------

freesurfer imgreg_4dfp.c
/opt/freesurfer/average/711-2C_as_mni_average_305.4dfp.img
       256       256       256         1
  1.000000  1.000000  1.000000
orientation T byte_order littleendian
Reading image: /opt/freesurfer/average/711-2C_as_mni_average_305.4dfp.img
dimensions:      256       256       256
mmppix:       1.0000   -1.0000   -1.0000
center:     128.0000 -129.0000 -129.0000
/opt/freesurfer/average/711-2B_as_mni_average_305_mask.4dfp.img
       256       256       256         1
  1.000000  1.000000  1.000000
orientation T byte_order littleendian
Reading mask: /opt/freesurfer/average/711-2B_as_mni_average_305_mask.4dfp.img (2306576 pixels)
talsrcimg_g11.4dfp.img
       256       256       256         1
  1.000000  1.000000  1.000000
orientation T byte_order littleendian
Reading image: talsrcimg_g11.4dfp.img
dimensions:      256       256       256
mmppix:       1.0000   -1.0000   -1.0000
center:     128.0000 -129.0000 -129.0000
rotation matrix determinant  1.000000
fimgreg.f
image alignment mode   1283 decimal      503 hex
parameters
    0.0000   30.0000    7.5000    0.0000    0.0000    0.0000
eta,q 0.95268 12.28465
niter,ni,del,rscale     5    3   12.0000    1.2000
parameters
    2.0086   29.6883   10.3727    1.7755    0.5049   -2.7449
eta,q 0.96107 12.15078
  0.0656  0.0522  0.0587  0.0557  0.0496  0.0405
  0.0565  0.0482  0.0535  0.0509  0.0454  0.0393
  0.0502  0.0445  0.0477  0.0446  0.0420  0.0389
  0.0455  0.0435  0.0432  0.0408  0.0403  0.0398
  0.0435  0.0456  0.0410  0.0403  0.0401  0.0424
  0.0447  0.0495  0.0414  0.0423  0.0429  0.0466
  0.0500  0.0540  0.0444  0.0455  0.0475  0.0512
niter,ni,del,rscale     4    3   12.0000    1.2000
parameters
    1.8461   29.2854   10.4334    2.0534    0.7839   -3.1478
eta,q 0.96101 12.16764
  0.0518  0.0492  0.0497  0.0503  0.0485  0.0435
  0.0453  0.0428  0.0432  0.0439  0.0442  0.0410
  0.0410  0.0393  0.0397  0.0395  0.0408  0.0397
  0.0389  0.0390  0.0389  0.0389  0.0390  0.0389
  0.0408  0.0409  0.0408  0.0405  0.0397  0.0395
  0.0464  0.0457  0.0446  0.0435  0.0430  0.0417
  0.0534  0.0516  0.0477  0.0473  0.0472  0.0454
niter,ni,del,rscale     3    3   12.0000    1.2000
parameters
    1.7541   29.1404   10.4015    2.1583    0.8940   -3.2374
eta,q 0.96101 12.17189
  0.0521  0.0501  0.0493  0.0495  0.0479  0.0440
  0.0452  0.0434  0.0428  0.0432  0.0437  0.0413
  0.0408  0.0396  0.0395  0.0393  0.0406  0.0398
  0.0390  0.0390  0.0390  0.0389  0.0390  0.0390
  0.0408  0.0407  0.0412  0.0406  0.0400  0.0393
  0.0461  0.0447  0.0448  0.0438  0.0432  0.0413
  0.0528  0.0506  0.0478  0.0477  0.0475  0.0447
niter,ni,del,rscale     2    3   12.0000    1.2000
parameters
    1.7184   29.0871   10.3932    2.1980    0.9283   -3.2700
eta,q 0.96100 12.17358
  0.0524  0.0504  0.0494  0.0492  0.0476  0.0441
  0.0453  0.0436  0.0428  0.0430  0.0435  0.0414
  0.0408  0.0397  0.0394  0.0393  0.0405  0.0399
  0.0390  0.0390  0.0390  0.0390  0.0390  0.0390
  0.0407  0.0406  0.0412  0.0407  0.0401  0.0393
  0.0459  0.0444  0.0447  0.0439  0.0433  0.0412
  0.0525  0.0502  0.0476  0.0478  0.0476  0.0446
registration optimization eta report
parameter search radius
    6.0000    6.0000    6.0000    6.0000    6.0000    6.0000
100000*second partial in parameter space
       37.       32.       26.       27.       23.       15.
  0.0524  0.0504  0.0494  0.0492  0.0476  0.0441
  0.0453  0.0436  0.0428  0.0430  0.0435  0.0414
  0.0408  0.0397  0.0394  0.0393  0.0405  0.0399
  0.0390  0.0390  0.0390  0.0390  0.0390  0.0390
  0.0407  0.0406  0.0412  0.0407  0.0401  0.0393
  0.0459  0.0444  0.0447  0.0439  0.0433  0.0412
  0.0525  0.0502  0.0476  0.0478  0.0476  0.0446
    1.7184   29.0871   10.3932    2.1980    0.9283   -3.2700
eta,q 0.96100 12.17358

---------------------------------------------------------------------
imgreg_4dfp /opt/freesurfer/average/711-2C_as_mni_average_305 /opt/freesurfer/average/711-2B_as_mni_average_305_mask talsrcimg_g11 none talsrcimg_to_711-2C_as_mni_average_305_t4 3335
---------------------------------------------------------------------

freesurfer imgreg_4dfp.c
/opt/freesurfer/average/711-2C_as_mni_average_305.4dfp.img
       256       256       256         1
  1.000000  1.000000  1.000000
orientation T byte_order littleendian
Reading image: /opt/freesurfer/average/711-2C_as_mni_average_305.4dfp.img
dimensions:      256       256       256
mmppix:       1.0000   -1.0000   -1.0000
center:     128.0000 -129.0000 -129.0000
/opt/freesurfer/average/711-2B_as_mni_average_305_mask.4dfp.img
       256       256       256         1
  1.000000  1.000000  1.000000
orientation T byte_order littleendian
Reading mask: /opt/freesurfer/average/711-2B_as_mni_average_305_mask.4dfp.img (2306576 pixels)
talsrcimg_g11.4dfp.img
       256       256       256         1
  1.000000  1.000000  1.000000
orientation T byte_order littleendian
Reading image: talsrcimg_g11.4dfp.img
dimensions:      256       256       256
mmppix:       1.0000   -1.0000   -1.0000
center:     128.0000 -129.0000 -129.0000
fimgreg.f
image alignment mode   3335 decimal      D07 hex
parameters
    1.7184   29.0871   10.3932   -0.1759   -0.2327   -0.0867
    5.6379   -1.8351   -5.7034   -3.7367    1.6201    3.8348
eta,q 0.96011 12.25581
niter,ni,del,rscale     5    3    5.0000    1.2000
parameter  4  1.131038 ->  0.500000 qaram    1.1500
parameter  5  6.087956 ->  0.500000 qaram    1.1500
parameter  6  0.573825 ->  0.500000 qaram    1.1500
parameter 12  1.323503 ->  0.500000 qaram    1.1500
parameters
    1.7440   28.6098   10.4066   -4.3159   -4.3727   -4.2267
    7.1831   -1.9665   -4.9398   -5.9024    3.4672   -0.3052
eta,q 0.96968 12.09291
  0.0428  0.0408  0.0415  0.0366  0.0305  0.0324  0.0346  0.0359  0.0338  0.0334  0.0332  0.0299
  0.0412  0.0401  0.0406  0.0374  0.0325  0.0320  0.0334  0.0338  0.0328  0.0322  0.0324  0.0302
  0.0402  0.0398  0.0400  0.0385  0.0350  0.0323  0.0325  0.0324  0.0322  0.0316  0.0319  0.0308
  0.0399  0.0399  0.0398  0.0398  0.0377  0.0331  0.0320  0.0320  0.0320  0.0320  0.0316  0.0315
  0.0402  0.0403  0.0400  0.0417  0.0402  0.0348  0.0320  0.0326  0.0320  0.0331  0.0315  0.0326
  0.0411  0.0409  0.0406  0.0444  0.0427  0.0378  0.0323  0.0340  0.0323  0.0351  0.0317  0.0338
  0.0426  0.0419  0.0414  0.0478  0.0460  0.0417  0.0331  0.0362  0.0331  0.0375  0.0321  0.0352
niter,ni,del,rscale     7    3    5.0000    1.2000
parameter  4  0.581083 ->  0.500000 qaram    1.3225
parameter  5  1.565861 ->  0.500000 qaram    1.3225
parameter 12  0.530170 ->  0.500000 qaram    1.3225
parameters
    1.7476   28.3262   10.9534   -9.0769   -9.1337   -1.8632
    6.8556   -2.4875   -6.0243   -5.0360    3.3516   -5.0662
eta,q 0.97557 11.96617
  0.0333  0.0324  0.0325  0.0298  0.0245  0.0315  0.0279  0.0293  0.0269  0.0299  0.0264  0.0249
  0.0317  0.0311  0.0315  0.0291  0.0255  0.0293  0.0264  0.0270  0.0258  0.0278  0.0256  0.0245
  0.0307  0.0304  0.0307  0.0292  0.0270  0.0274  0.0255  0.0256  0.0252  0.0261  0.0252  0.0245
  0.0303  0.0303  0.0303  0.0302  0.0291  0.0258  0.0252  0.0252  0.0252  0.0251  0.0250  0.0250
  0.0306  0.0309  0.0302  0.0316  0.0321  0.0252  0.0257  0.0261  0.0257  0.0252  0.0252  0.0260
  0.0317  0.0320  0.0305  0.0334  0.0355  0.0258  0.0268  0.0280  0.0268  0.0262  0.0257  0.0274
  0.0333  0.0335  0.0312  0.0359  0.0385  0.0278  0.0284  0.0306  0.0283  0.0283  0.0265  0.0293
niter,ni,del,rscale     7    3    5.0000    1.2000
parameters
    1.7658   28.3275   11.4698   -8.7452  -13.7899   -0.2567
    6.9924   -2.4205   -6.0564   -3.9131    3.0261   -5.1264
eta,q 0.97794 11.91537
  0.0282  0.0274  0.0273  0.0292  0.0244  0.0285  0.0261  0.0273  0.0250  0.0275  0.0234  0.0250
  0.0262  0.0257  0.0260  0.0269  0.0227  0.0262  0.0241  0.0246  0.0235  0.0251  0.0227  0.0235
  0.0249  0.0247  0.0250  0.0252  0.0227  0.0240  0.0228  0.0229  0.0226  0.0232  0.0222  0.0225
  0.0244  0.0244  0.0244  0.0243  0.0243  0.0225  0.0222  0.0222  0.0222  0.0222  0.0221  0.0221
  0.0248  0.0248  0.0243  0.0247  0.0265  0.0223  0.0226  0.0229  0.0226  0.0221  0.0223  0.0224
  0.0261  0.0258  0.0247  0.0264  0.0298  0.0232  0.0239  0.0245  0.0235  0.0231  0.0228  0.0235
  0.0282  0.0273  0.0257  0.0287  0.0344  0.0256  0.0258  0.0271  0.0250  0.0252  0.0237  0.0252
niter,ni,del,rscale     6    3    5.0000    1.2000
parameters
    1.8272   28.4772   11.6619   -8.0470  -14.4969   -0.3836
    6.9949   -2.3415   -6.0580   -3.8413    3.0312   -5.2119
eta,q 0.97811 11.90234
  0.0263  0.0260  0.0245  0.0277  0.0271  0.0269  0.0257  0.0271  0.0247  0.0261  0.0235  0.0248
  0.0241  0.0239  0.0233  0.0253  0.0245  0.0246  0.0237  0.0243  0.0232  0.0239  0.0226  0.0233
  0.0226  0.0226  0.0225  0.0233  0.0225  0.0227  0.0224  0.0225  0.0223  0.0225  0.0221  0.0223
  0.0221  0.0221  0.0221  0.0220  0.0219  0.0219  0.0219  0.0219  0.0219  0.0219  0.0219  0.0219
  0.0224  0.0224  0.0221  0.0222  0.0233  0.0224  0.0224  0.0225  0.0222  0.0223  0.0220  0.0222
  0.0238  0.0234  0.0228  0.0240  0.0256  0.0243  0.0238  0.0242  0.0232  0.0237  0.0226  0.0233
  0.0259  0.0251  0.0239  0.0266  0.0287  0.0278  0.0257  0.0268  0.0247  0.0261  0.0235  0.0250
niter,ni,del,rscale     5    3    5.0000    1.2000
parameters
    1.8440   28.5335   11.6993   -7.7874  -14.6481   -0.4169
    6.9768   -2.3298   -6.0633   -3.7959    3.0503   -5.2862
eta,q 0.97814 11.90036
  0.0261  0.0255  0.0241  0.0273  0.0275  0.0270  0.0257  0.0269  0.0247  0.0260  0.0235  0.0248
  0.0238  0.0235  0.0230  0.0249  0.0249  0.0247  0.0237  0.0243  0.0232  0.0239  0.0226  0.0233
  0.0224  0.0223  0.0222  0.0230  0.0227  0.0227  0.0223  0.0225  0.0222  0.0224  0.0221  0.0223
  0.0219  0.0219  0.0219  0.0219  0.0219  0.0219  0.0219  0.0219  0.0219  0.0219  0.0219  0.0219
  0.0223  0.0223  0.0221  0.0224  0.0229  0.0223  0.0223  0.0225  0.0222  0.0222  0.0220  0.0222
  0.0237  0.0234  0.0228  0.0243  0.0251  0.0242  0.0237  0.0243  0.0232  0.0237  0.0226  0.0233
  0.0260  0.0252  0.0241  0.0270  0.0279  0.0276  0.0257  0.0269  0.0247  0.0260  0.0235  0.0250
niter,ni,del,rscale     4    3    5.0000    1.2000
parameters
    1.8494   28.5475   11.7020   -7.7188  -14.6813   -0.4226
    6.9722   -2.3262   -6.0744   -3.7680    3.0574   -5.3154
eta,q 0.97814 11.90041
  0.0260  0.0254  0.0240  0.0271  0.0276  0.0270  0.0257  0.0269  0.0247  0.0260  0.0235  0.0248
  0.0238  0.0234  0.0229  0.0248  0.0250  0.0247  0.0237  0.0243  0.0232  0.0238  0.0226  0.0233
  0.0224  0.0222  0.0222  0.0228  0.0228  0.0227  0.0224  0.0225  0.0222  0.0224  0.0221  0.0223
  0.0219  0.0219  0.0219  0.0219  0.0219  0.0219  0.0219  0.0219  0.0219  0.0219  0.0219  0.0219
  0.0223  0.0223  0.0221  0.0224  0.0228  0.0223  0.0223  0.0225  0.0222  0.0222  0.0220  0.0222
  0.0238  0.0234  0.0228  0.0244  0.0250  0.0241  0.0237  0.0243  0.0232  0.0237  0.0226  0.0232
  0.0260  0.0252  0.0241  0.0273  0.0278  0.0275  0.0257  0.0269  0.0247  0.0261  0.0235  0.0249
registration optimization eta report
parameter search radius
    2.4000    2.4000    2.4000    9.5220    9.5220    8.2800
    7.2000    7.2000    7.2000    7.2000    7.2000    9.5220
100000*second partial in parameter space
       72.       60.       38.        6.        6.        8.
        7.       10.        5.        8.        3.        3.
  0.0260  0.0254  0.0240  0.0271  0.0276  0.0270  0.0257  0.0269  0.0247  0.0260  0.0235  0.0248
  0.0238  0.0234  0.0229  0.0248  0.0250  0.0247  0.0237  0.0243  0.0232  0.0238  0.0226  0.0233
  0.0224  0.0222  0.0222  0.0228  0.0228  0.0227  0.0224  0.0225  0.0222  0.0224  0.0221  0.0223
  0.0219  0.0219  0.0219  0.0219  0.0219  0.0219  0.0219  0.0219  0.0219  0.0219  0.0219  0.0219
  0.0223  0.0223  0.0221  0.0224  0.0228  0.0223  0.0223  0.0225  0.0222  0.0222  0.0220  0.0222
  0.0238  0.0234  0.0228  0.0244  0.0250  0.0241  0.0237  0.0243  0.0232  0.0237  0.0226  0.0232
  0.0260  0.0252  0.0241  0.0273  0.0278  0.0275  0.0257  0.0269  0.0247  0.0261  0.0235  0.0249
    1.8494   28.5475   11.7020   -7.7188  -14.6813   -0.4226
    6.9722   -2.3262   -6.0744   -3.7680    3.0574   -5.3154
eta,q 0.97814 11.90041

---------------------------------------------------------------------
imgreg_4dfp /opt/freesurfer/average/711-2C_as_mni_average_305 /opt/freesurfer/average/711-2B_as_mni_average_305_mask talsrcimg_g11 none talsrcimg_to_711-2C_as_mni_average_305_t4 2311
---------------------------------------------------------------------

freesurfer imgreg_4dfp.c
/opt/freesurfer/average/711-2C_as_mni_average_305.4dfp.img
       256       256       256         1
  1.000000  1.000000  1.000000
orientation T byte_order littleendian
Reading image: /opt/freesurfer/average/711-2C_as_mni_average_305.4dfp.img
dimensions:      256       256       256
mmppix:       1.0000   -1.0000   -1.0000
center:     128.0000 -129.0000 -129.0000
/opt/freesurfer/average/711-2B_as_mni_average_305_mask.4dfp.img
       256       256       256         1
  1.000000  1.000000  1.000000
orientation T byte_order littleendian
Reading mask: /opt/freesurfer/average/711-2B_as_mni_average_305_mask.4dfp.img (2306576 pixels)
talsrcimg_g11.4dfp.img
       256       256       256         1
  1.000000  1.000000  1.000000
orientation T byte_order littleendian
Reading image: talsrcimg_g11.4dfp.img
dimensions:      256       256       256
mmppix:       1.0000   -1.0000   -1.0000
center:     128.0000 -129.0000 -129.0000
fimgreg.f
image alignment mode   2311 decimal      907 hex
parameters
    1.8494   28.5475   11.7020   -7.7188  -14.6813   -0.4226
    6.9722   -2.3262   -6.0744   -3.7680    3.0574   -5.3154
eta,q 0.97814 11.90041
niter,ni,del,rscale     5    3    5.0000    0.8000
parameters
    1.8520   28.5374   11.7436   -7.4127  -14.7272   -0.0603
    6.9480   -2.3285   -6.0281   -3.7098    3.1244   -5.2286
eta,q 0.97817 11.91104
  0.0238  0.0234  0.0229  0.0237  0.0238  0.0241  0.0237  0.0243  0.0232  0.0238  0.0226  0.0227
  0.0227  0.0225  0.0224  0.0228  0.0228  0.0229  0.0227  0.0230  0.0225  0.0228  0.0222  0.0222
  0.0221  0.0220  0.0220  0.0222  0.0221  0.0221  0.0221  0.0221  0.0220  0.0221  0.0219  0.0219
  0.0219  0.0219  0.0219  0.0219  0.0218  0.0218  0.0218  0.0218  0.0218  0.0218  0.0218  0.0218
  0.0221  0.0220  0.0219  0.0220  0.0221  0.0220  0.0221  0.0222  0.0220  0.0220  0.0219  0.0219
  0.0227  0.0226  0.0223  0.0225  0.0228  0.0225  0.0227  0.0230  0.0224  0.0226  0.0222  0.0222
  0.0238  0.0234  0.0228  0.0234  0.0239  0.0235  0.0237  0.0243  0.0232  0.0238  0.0226  0.0227
niter,ni,del,rscale     4    3    5.0000    0.7000
parameters
    1.8459   28.4877   11.7163   -7.3854  -14.7577   -0.0226
    6.9485   -2.3486   -6.0220   -3.7155    3.1725   -5.1467
eta,q 0.97817 11.91467
  0.0233  0.0230  0.0226  0.0232  0.0234  0.0234  0.0233  0.0237  0.0228  0.0233  0.0224  0.0225
  0.0225  0.0223  0.0222  0.0225  0.0226  0.0225  0.0225  0.0227  0.0223  0.0225  0.0221  0.0221
  0.0220  0.0219  0.0219  0.0220  0.0220  0.0220  0.0220  0.0220  0.0220  0.0220  0.0219  0.0219
  0.0218  0.0218  0.0218  0.0218  0.0218  0.0218  0.0218  0.0218  0.0218  0.0218  0.0218  0.0218
  0.0220  0.0220  0.0219  0.0220  0.0220  0.0220  0.0220  0.0221  0.0219  0.0220  0.0219  0.0219
  0.0225  0.0224  0.0222  0.0224  0.0226  0.0225  0.0225  0.0227  0.0223  0.0225  0.0221  0.0221
  0.0233  0.0231  0.0227  0.0232  0.0234  0.0233  0.0233  0.0237  0.0229  0.0234  0.0224  0.0225
niter,ni,del,rscale     3    3    5.0000    0.6000
parameters
    1.8402   28.4823   11.7185   -7.3463  -14.7681   -0.0246
    6.9548   -2.3679   -6.0158   -3.7108    3.2066   -5.1348
eta,q 0.97817 11.91547
  0.0229  0.0227  0.0224  0.0229  0.0230  0.0229  0.0229  0.0233  0.0226  0.0229  0.0223  0.0223
  0.0223  0.0222  0.0221  0.0223  0.0224  0.0223  0.0223  0.0225  0.0222  0.0223  0.0220  0.0220
  0.0220  0.0219  0.0219  0.0220  0.0220  0.0219  0.0220  0.0220  0.0219  0.0220  0.0219  0.0219
  0.0218  0.0218  0.0218  0.0218  0.0218  0.0218  0.0218  0.0218  0.0218  0.0218  0.0218  0.0218
  0.0220  0.0219  0.0219  0.0219  0.0220  0.0220  0.0219  0.0220  0.0219  0.0219  0.0219  0.0219
  0.0223  0.0222  0.0221  0.0223  0.0224  0.0223  0.0223  0.0225  0.0222  0.0223  0.0220  0.0220
  0.0230  0.0227  0.0224  0.0228  0.0230  0.0229  0.0229  0.0233  0.0226  0.0230  0.0223  0.0223
niter,ni,del,rscale     2    3    5.0000    0.5000
parameters
    1.8377   28.4802   11.7282   -7.3198  -14.7685   -0.0460
    6.9639   -2.3892   -6.0068   -3.6811    3.2481   -5.1265
eta,q 0.97818 11.91598
  0.0226  0.0225  0.0222  0.0226  0.0227  0.0226  0.0226  0.0228  0.0224  0.0226  0.0221  0.0222
  0.0222  0.0221  0.0220  0.0222  0.0222  0.0221  0.0222  0.0223  0.0221  0.0222  0.0220  0.0220
  0.0219  0.0219  0.0219  0.0219  0.0219  0.0219  0.0219  0.0219  0.0219  0.0219  0.0219  0.0219
  0.0218  0.0218  0.0218  0.0218  0.0218  0.0218  0.0218  0.0218  0.0218  0.0218  0.0218  0.0218
  0.0219  0.0219  0.0219  0.0219  0.0219  0.0219  0.0219  0.0220  0.0219  0.0219  0.0218  0.0219
  0.0222  0.0221  0.0220  0.0221  0.0222  0.0222  0.0222  0.0223  0.0221  0.0221  0.0219  0.0220
  0.0226  0.0225  0.0222  0.0225  0.0227  0.0226  0.0226  0.0228  0.0224  0.0226  0.0221  0.0222
niter,ni,del,rscale     1    3    5.0000    0.4000
parameters
    1.8348   28.4817   11.7263   -7.2990  -14.7598   -0.0818
    6.9742   -2.4047   -5.9980   -3.6424    3.2905   -5.1265
eta,q 0.97818 11.91665
  0.0223  0.0222  0.0221  0.0223  0.0224  0.0223  0.0223  0.0225  0.0222  0.0223  0.0220  0.0220
  0.0220  0.0220  0.0219  0.0221  0.0221  0.0220  0.0220  0.0221  0.0220  0.0221  0.0219  0.0219
  0.0219  0.0219  0.0219  0.0219  0.0219  0.0219  0.0219  0.0219  0.0219  0.0219  0.0218  0.0218
  0.0218  0.0218  0.0218  0.0218  0.0218  0.0218  0.0218  0.0218  0.0218  0.0218  0.0218  0.0218
  0.0219  0.0219  0.0218  0.0219  0.0219  0.0219  0.0219  0.0219  0.0219  0.0219  0.0218  0.0218
  0.0220  0.0220  0.0219  0.0220  0.0221  0.0221  0.0220  0.0221  0.0220  0.0220  0.0219  0.0219
  0.0223  0.0222  0.0221  0.0223  0.0224  0.0223  0.0223  0.0225  0.0222  0.0223  0.0220  0.0220
registration optimization eta report
parameter search radius
    0.8000    0.8000    0.8000    2.4000    2.4000    2.4000
    2.4000    2.4000    2.4000    2.4000    2.4000    2.4000
100000*second partial in parameter space
       79.       63.       41.        8.       10.        8.
        9.       11.        6.        9.        3.        4.
  0.0223  0.0222  0.0221  0.0223  0.0224  0.0223  0.0223  0.0225  0.0222  0.0223  0.0220  0.0220
  0.0220  0.0220  0.0219  0.0221  0.0221  0.0220  0.0220  0.0221  0.0220  0.0221  0.0219  0.0219
  0.0219  0.0219  0.0219  0.0219  0.0219  0.0219  0.0219  0.0219  0.0219  0.0219  0.0218  0.0218
  0.0218  0.0218  0.0218  0.0218  0.0218  0.0218  0.0218  0.0218  0.0218  0.0218  0.0218  0.0218
  0.0219  0.0219  0.0218  0.0219  0.0219  0.0219  0.0219  0.0219  0.0219  0.0219  0.0218  0.0218
  0.0220  0.0220  0.0219  0.0220  0.0221  0.0221  0.0220  0.0221  0.0220  0.0220  0.0219  0.0219
  0.0223  0.0222  0.0221  0.0223  0.0224  0.0223  0.0223  0.0225  0.0222  0.0223  0.0220  0.0220
    1.8348   28.4817   11.7263   -7.2990  -14.7598   -0.0818
    6.9742   -2.4047   -5.9980   -3.6424    3.2905   -5.1265
eta,q 0.97818 11.91665

---------------------------------------------------------------------
imgreg_4dfp /opt/freesurfer/average/711-2C_as_mni_average_305 /opt/freesurfer/average/711-2B_as_mni_average_305_mask talsrcimg_g11 none talsrcimg_to_711-2C_as_mni_average_305_t4 2311
---------------------------------------------------------------------

freesurfer imgreg_4dfp.c
/opt/freesurfer/average/711-2C_as_mni_average_305.4dfp.img
       256       256       256         1
  1.000000  1.000000  1.000000
orientation T byte_order littleendian
Reading image: /opt/freesurfer/average/711-2C_as_mni_average_305.4dfp.img
dimensions:      256       256       256
mmppix:       1.0000   -1.0000   -1.0000
center:     128.0000 -129.0000 -129.0000
/opt/freesurfer/average/711-2B_as_mni_average_305_mask.4dfp.img
       256       256       256         1
  1.000000  1.000000  1.000000
orientation T byte_order littleendian
Reading mask: /opt/freesurfer/average/711-2B_as_mni_average_305_mask.4dfp.img (2306576 pixels)
talsrcimg_g11.4dfp.img
       256       256       256         1
  1.000000  1.000000  1.000000
orientation T byte_order littleendian
Reading image: talsrcimg_g11.4dfp.img
dimensions:      256       256       256
mmppix:       1.0000   -1.0000   -1.0000
center:     128.0000 -129.0000 -129.0000
fimgreg.f
image alignment mode   2311 decimal      907 hex
parameters
    1.8348   28.4817   11.7263   -7.2990  -14.7598   -0.0818
    6.9742   -2.4047   -5.9980   -3.6424    3.2905   -5.1265
eta,q 0.97818 11.91665
niter,ni,del,rscale     5    3    5.0000    0.8000
parameters
    1.8300   28.4927   11.6935   -7.3861  -14.7727   -0.0563
    6.9398   -2.3746   -6.0704   -3.7494    3.1853   -5.1302
eta,q 0.97817 11.91373
  0.0238  0.0234  0.0228  0.0235  0.0238  0.0238  0.0237  0.0243  0.0231  0.0237  0.0225  0.0227
  0.0227  0.0225  0.0223  0.0226  0.0228  0.0227  0.0227  0.0230  0.0224  0.0227  0.0222  0.0222
  0.0220  0.0220  0.0219  0.0220  0.0221  0.0220  0.0220  0.0221  0.0220  0.0221  0.0219  0.0219
  0.0218  0.0218  0.0218  0.0218  0.0218  0.0218  0.0218  0.0218  0.0218  0.0218  0.0218  0.0218
  0.0221  0.0220  0.0219  0.0220  0.0221  0.0220  0.0220  0.0221  0.0220  0.0220  0.0219  0.0219
  0.0227  0.0225  0.0223  0.0227  0.0228  0.0226  0.0227  0.0230  0.0224  0.0227  0.0222  0.0222
  0.0238  0.0234  0.0229  0.0236  0.0239  0.0238  0.0237  0.0242  0.0232  0.0239  0.0226  0.0227
niter,ni,del,rscale     4    3    5.0000    0.7000
parameters
    1.8423   28.4893   11.7212   -7.3709  -14.7779   -0.0326
    6.9600   -2.3599   -6.0478   -3.7409    3.1846   -5.1316
eta,q 0.97817 11.91386
  0.0234  0.0230  0.0226  0.0232  0.0234  0.0234  0.0233  0.0238  0.0229  0.0233  0.0224  0.0225
  0.0225  0.0224  0.0222  0.0225  0.0226  0.0225  0.0225  0.0227  0.0223  0.0225  0.0221  0.0221
  0.0220  0.0220  0.0219  0.0220  0.0220  0.0220  0.0220  0.0221  0.0220  0.0220  0.0219  0.0219
  0.0218  0.0218  0.0218  0.0218  0.0218  0.0218  0.0218  0.0218  0.0218  0.0218  0.0218  0.0218
  0.0220  0.0220  0.0219  0.0220  0.0220  0.0220  0.0220  0.0221  0.0219  0.0220  0.0219  0.0219
  0.0225  0.0224  0.0222  0.0224  0.0226  0.0225  0.0225  0.0227  0.0223  0.0225  0.0221  0.0221
  0.0233  0.0230  0.0226  0.0232  0.0234  0.0233  0.0233  0.0237  0.0229  0.0234  0.0224  0.0225
niter,ni,del,rscale     3    3    5.0000    0.6000
parameters
    1.8397   28.4827   11.7239   -7.3410  -14.7762   -0.0254
    6.9636   -2.3702   -6.0205   -3.7184    3.2031   -5.1291
eta,q 0.97817 11.91512
  0.0229  0.0227  0.0224  0.0229  0.0230  0.0229  0.0229  0.0233  0.0226  0.0229  0.0223  0.0223
  0.0223  0.0222  0.0221  0.0223  0.0224  0.0223  0.0223  0.0225  0.0222  0.0224  0.0220  0.0220
  0.0220  0.0219  0.0219  0.0220  0.0220  0.0219  0.0220  0.0220  0.0219  0.0220  0.0219  0.0219
  0.0218  0.0218  0.0218  0.0218  0.0218  0.0218  0.0218  0.0218  0.0218  0.0218  0.0218  0.0218
  0.0220  0.0219  0.0219  0.0219  0.0220  0.0220  0.0220  0.0220  0.0219  0.0219  0.0219  0.0219
  0.0223  0.0222  0.0221  0.0223  0.0224  0.0223  0.0223  0.0225  0.0222  0.0223  0.0220  0.0220
  0.0229  0.0227  0.0224  0.0228  0.0230  0.0229  0.0229  0.0233  0.0226  0.0229  0.0223  0.0223
registration optimization eta report
parameter search radius
    1.2000    1.2000    1.2000    3.6000    3.6000    3.6000
    3.6000    3.6000    3.6000    3.6000    3.6000    3.6000
100000*second partial in parameter space
       77.       62.       41.        8.        9.        9.
        8.       11.        6.        9.        3.        4.
  0.0229  0.0227  0.0224  0.0229  0.0230  0.0229  0.0229  0.0233  0.0226  0.0229  0.0223  0.0223
  0.0223  0.0222  0.0221  0.0223  0.0224  0.0223  0.0223  0.0225  0.0222  0.0224  0.0220  0.0220
  0.0220  0.0219  0.0219  0.0220  0.0220  0.0219  0.0220  0.0220  0.0219  0.0220  0.0219  0.0219
  0.0218  0.0218  0.0218  0.0218  0.0218  0.0218  0.0218  0.0218  0.0218  0.0218  0.0218  0.0218
  0.0220  0.0219  0.0219  0.0219  0.0220  0.0220  0.0220  0.0220  0.0219  0.0219  0.0219  0.0219
  0.0223  0.0222  0.0221  0.0223  0.0224  0.0223  0.0223  0.0225  0.0222  0.0223  0.0220  0.0220
  0.0229  0.0227  0.0224  0.0228  0.0230  0.0229  0.0229  0.0233  0.0226  0.0229  0.0223  0.0223
    1.8397   28.4827   11.7239   -7.3410  -14.7762   -0.0254
    6.9636   -2.3702   -6.0205   -3.7184    3.2031   -5.1291
eta,q 0.97817 11.91512

---------------------------------------------------------------------
compute_vox2vox talsrcimg talsrcimg_to_711-2C_as_mni_average_305_t4 /opt/freesurfer/average/711-2C_as_mni_average_305
---------------------------------------------------------------------

freesurfer compute_vox2vox.c
Reading: talsrcimg.4dfp.ifh
Reading: talsrcimg_to_711-2C_as_mni_average_305_t4
Reading: /opt/freesurfer/average/711-2C_as_mni_average_305.4dfp.ifh
Writing: talsrcimg_to_711-2C_as_mni_average_305_t4_vox2vox.txt

start time Wed Mar 11 13:23:08 CET 2026
end		time Wed Mar 11 13:24:37 CET 2026

mpr2mni305 success

avi2talxfm orig_nu.mgz /opt/freesurfer/average/mni305.cor.mgz talsrcimg_to_711-2C_as_mni_average_305_t4_vox2vox.txt transforms/talairach.auto.xfm
avi2talxfm done
mv -f /out/sourcedata/freesurfer/sub-v2s18x29498_ses-1/mri/talsrcimg_to_711-2C_as_mni_average_305_t4_vox2vox.txt /out/sourcedata/freesurfer/sub-v2s18x29498_ses-1/mri/transforms/talsrcimg_to_711-2C_as_mni_average_305_t4_vox2vox.txt
lta_convert --src orig_nu.mgz --trg /opt/freesurfer/average/mni305.cor.mgz --inxfm transforms/talairach.auto.xfm --outlta transforms/talairach.auto.xfm.lta --subject fsaverage
7.3.2

--src: orig_nu.mgz src image (geometry).
--trg: /opt/freesurfer/average/mni305.cor.mgz trg image (geometry).
--inmni: transforms/talairach.auto.xfm input MNI/XFM transform.
--outlta: transforms/talairach.auto.xfm.lta output LTA.
--s: fsaverage subject name
 LTA read, type : 1
 1.07285   0.02222  -0.08632  -10.10119;
-0.03055   1.00187   0.06279  -51.31491;
 0.07446   0.04528   1.17002  -15.38075;
 0.00000   0.00000   0.00000   1.00000;
setting subject to fsaverage
Writing  LTA to file transforms/talairach.auto.xfm.lta...
lta_convert successful.
 
 
Started at Wed Mar 11 13:23:08 CET 2026
Ended   at Wed Mar 11 13:24:37 CET 2026
talairach_avi done
