status file for recon-all
Wed Mar 11 16:09:34 CET 2026
#@# Tessellate lh Wed Mar 11 16:09:34 CET 2026
#@# Smooth1 lh Wed Mar 11 16:09:38 CET 2026
#@# Inflation1 lh Wed Mar 11 16:09:40 CET 2026
#@# QSphere lh Wed Mar 11 16:09:52 CET 2026
#@# Fix Topology lh Wed Mar 11 16:10:56 CET 2026
#@# Smooth2 lh Wed Mar 11 16:16:36 CET 2026
#@# Inflation2 lh Wed Mar 11 16:16:39 CET 2026
#@# Curv .H and .K lh Wed Mar 11 16:16:54 CET 2026
#@# Sphere lh Wed Mar 11 16:17:36 CET 2026
#@# Surf Reg lh Wed Mar 11 16:19:43 CET 2026
#@# Jacobian white lh Wed Mar 11 16:23:24 CET 2026
#@# AvgCurv lh Wed Mar 11 16:23:25 CET 2026
#@# Cortical Parc lh Wed Mar 11 16:23:26 CET 2026
#@# white curv lh Wed Mar 11 16:29:38 CET 2026
#@# white area lh Wed Mar 11 16:29:40 CET 2026
#@# pial curv lh Wed Mar 11 16:29:41 CET 2026
#@# pial area lh Wed Mar 11 16:29:42 CET 2026
#@# thickness lh Wed Mar 11 16:29:43 CET 2026
#@# area and vertex vol lh Wed Mar 11 16:30:13 CET 2026
#@# Curvature Stats lh Wed Mar 11 16:30:14 CET 2026
#@# Cortical Parc 2 lh Wed Mar 11 16:30:17 CET 2026
#@# Cortical Parc 3 lh Wed Mar 11 16:30:29 CET 2026
#@# WM/GM Contrast lh Wed Mar 11 16:30:39 CET 2026
recon-all -s sub-v2s18x29517_ses-1 finished without error at Wed Mar 11 16:30:44 CET 2026



#New# invocation of recon-all 



status file for recon-all
Wed Mar 11 16:57:01 CET 2026
#@# white curv lh Wed Mar 11 16:57:01 CET 2026
#@# white area lh Wed Mar 11 16:57:01 CET 2026
#@# pial curv lh Wed Mar 11 16:57:01 CET 2026
#@# pial area lh Wed Mar 11 16:57:01 CET 2026
#@# thickness lh Wed Mar 11 16:57:01 CET 2026
#@# area and vertex vol lh Wed Mar 11 16:57:01 CET 2026
#@# Parcellation Stats lh Wed Mar 11 16:57:01 CET 2026
#@# Parcellation Stats 2 lh Wed Mar 11 16:57:17 CET 2026
#@# Parcellation Stats 3 lh Wed Mar 11 16:57:26 CET 2026
#@# BA_exvivo Labels lh Wed Mar 11 16:57:34 CET 2026
recon-all -s sub-v2s18x29517_ses-1 finished without error at Wed Mar 11 17:00:08 CET 2026
