status file for recon-all
Wed Mar 11 14:20:31 CET 2026
#@# MotionCor Wed Mar 11 14:20:38 CET 2026
#@# Talairach Wed Mar 11 14:20:59 CET 2026
#@# Talairach Failure Detection Wed Mar 11 14:25:26 CET 2026
#@# Nu Intensity Correction Wed Mar 11 14:25:26 CET 2026
#@# Intensity Normalization Wed Mar 11 14:28:42 CET 2026
recon-all -s sub-v2s18x29517_ses-1 finished without error at Wed Mar 11 14:30:15 CET 2026



#New# invocation of recon-all 



status file for recon-all
Wed Mar 11 14:41:18 CET 2026
#@# EM Registration Wed Mar 11 14:41:18 CET 2026
recon-all -s sub-v2s18x29517_ses-1 finished without error at Wed Mar 11 14:43:36 CET 2026



#New# invocation of recon-all 



status file for recon-all
Wed Mar 11 14:43:38 CET 2026
#@# CA Normalize Wed Mar 11 14:43:38 CET 2026
#@# CA Reg Wed Mar 11 14:45:01 CET 2026
#@# SubCort Seg Wed Mar 11 15:36:20 CET 2026
#@# CC Seg Wed Mar 11 16:03:40 CET 2026
#@# Merge ASeg Wed Mar 11 16:04:12 CET 2026
#@# Intensity Normalization2 Wed Mar 11 16:04:12 CET 2026
#@# Mask BFS Wed Mar 11 16:06:29 CET 2026
#@# WM Segmentation Wed Mar 11 16:06:30 CET 2026
#@# Fill Wed Mar 11 16:08:27 CET 2026
recon-all -s sub-v2s18x29517_ses-1 finished without error at Wed Mar 11 16:09:31 CET 2026



#New# invocation of recon-all 



status file for recon-all
Wed Mar 11 16:52:26 CET 2026
#@# white curv lh Wed Mar 11 16:52:26 CET 2026
#@# white area lh Wed Mar 11 16:52:26 CET 2026
#@# pial curv lh Wed Mar 11 16:52:26 CET 2026
#@# pial area lh Wed Mar 11 16:52:27 CET 2026
#@# thickness lh Wed Mar 11 16:52:27 CET 2026
#@# area and vertex vol lh Wed Mar 11 16:52:27 CET 2026
#@# white curv rh Wed Mar 11 16:52:27 CET 2026
#@# white area rh Wed Mar 11 16:52:27 CET 2026
#@# pial curv rh Wed Mar 11 16:52:27 CET 2026
#@# pial area rh Wed Mar 11 16:52:27 CET 2026
#@# thickness rh Wed Mar 11 16:52:27 CET 2026
#@# area and vertex vol rh Wed Mar 11 16:52:27 CET 2026
#@# Cortical ribbon mask Wed Mar 11 16:52:27 CET 2026
recon-all -s sub-v2s18x29517_ses-1 finished without error at Wed Mar 11 16:56:57 CET 2026



#New# invocation of recon-all 



status file for recon-all
Wed Mar 11 17:03:34 CET 2026
#@# white curv lh Wed Mar 11 17:03:34 CET 2026
#@# white area lh Wed Mar 11 17:03:34 CET 2026
#@# pial curv lh Wed Mar 11 17:03:34 CET 2026
#@# pial area lh Wed Mar 11 17:03:34 CET 2026
#@# thickness lh Wed Mar 11 17:03:34 CET 2026
#@# area and vertex vol lh Wed Mar 11 17:03:34 CET 2026
#@# white curv rh Wed Mar 11 17:03:34 CET 2026
#@# white area rh Wed Mar 11 17:03:34 CET 2026
#@# pial curv rh Wed Mar 11 17:03:34 CET 2026
#@# pial area rh Wed Mar 11 17:03:34 CET 2026
#@# thickness rh Wed Mar 11 17:03:34 CET 2026
#@# area and vertex vol rh Wed Mar 11 17:03:34 CET 2026
#@# Curvature Stats lh Wed Mar 11 17:03:34 CET 2026
#@# Curvature Stats rh Wed Mar 11 17:03:37 CET 2026
#@# Relabel Hypointensities Wed Mar 11 17:03:40 CET 2026
#@# APas-to-ASeg Wed Mar 11 17:03:54 CET 2026
#@# AParc-to-ASeg aparc Wed Mar 11 17:04:03 CET 2026
#@# AParc-to-ASeg aparc.a2009s Wed Mar 11 17:04:35 CET 2026
#@# AParc-to-ASeg aparc.DKTatlas Wed Mar 11 17:05:05 CET 2026
#@# WMParc Wed Mar 11 17:05:39 CET 2026
#@# ASeg Stats Wed Mar 11 17:10:04 CET 2026
recon-all -s sub-v2s18x29517_ses-1 finished without error at Wed Mar 11 17:10:45 CET 2026
