/out/sourcedata/freesurfer/sub-v2s18x29497_ses-1/mri
/opt/freesurfer/bin/talairach_avi
--i orig_nu.mgz --xfm transforms/talairach.auto.xfm
talairach_avi 7.3.2
Linux dna038 5.14.0-427.37.1.el9_4.x86_64 #1 SMP PREEMPT_DYNAMIC Fri Sep 13 12:41:50 EDT 2024 x86_64 x86_64 x86_64 GNU/Linux
Wed Mar 11 13:21:49 CET 2026
mri_convert orig_nu.mgz talsrcimg.img 
reading from orig_nu.mgz...
TR=0.00, TE=0.00, TI=0.00, flip angle=0.00
i_ras = (-1, -3.79805e-09, 0)
j_ras = (7.45058e-09, 2.32831e-10, -1)
k_ras = (1.94996e-09, 1, 0)
writing to talsrcimg.img...
Analyze Output Matrix
-1.00000   0.00000   0.00000   126.87225;
-0.00000   0.00000   1.00000  -93.66425;
 0.00000  -1.00000   0.00000   108.14293;
 0.00000   0.00000   0.00000   1.00000;
--------------------
INFO: set hdr.hist.orient to -1
mpr2mni305 talsrcimg
Wed Mar 11 13:21:49 CET 2026
/opt/freesurfer/bin/mpr2mni305 talsrcimg
mpr2mni305 7.3.2
target=711-2C_as_mni_average_305

---------------------------------------------------------------------
analyzeto4dfp talsrcimg -O0 -y
---------------------------------------------------------------------

freesurfer ifh2hdr.c
Wed Mar 11 13:21:49 2026
Writing: talsrcimg.4dfp.hdr
freesurfer analyzeto4dfp.c
Reading: talsrcimg.hdr
header size 348 bytes
hdr.dime.datatype	offset=70	value=2
hdr.dime.bitpix		offset=72	value=8
hdr.hist.orient		offset=252	value=-1
dimensionality     4
dimensions       256       256       256         1
Reading: talsrcimg.img
Writing: talsrcimg.4dfp.img
Writing: talsrcimg.4dfp.ifh
ifh2hdr talsrcimg -r0to180
ori=2

---------------------------------------------------------------------
gauss_4dfp talsrcimg 1.1
---------------------------------------------------------------------

freesurfer gauss_4dfp.c
Reading: talsrcimg.4dfp.img
Writing: talsrcimg_g11.4dfp.img
image dimensions 256 256 256 padded to 288 288 288
processing volume 1freesurfer ifh2hdr.c
Wed Mar 11 13:21:51 2026
Writing: talsrcimg_g11.4dfp.hdr

Writing: talsrcimg_g11.4dfp.ifh
including: talsrcimg.4dfp.img.rec in talsrcimg_g11.4dfp.img.rec

---------------------------------------------------------------------
imgreg_4dfp /opt/freesurfer/average/711-2C_as_mni_average_305 none talsrcimg_g11 none talsrcimg_to_711-2C_as_mni_average_305_t4 4355
---------------------------------------------------------------------

freesurfer imgreg_4dfp.c
/opt/freesurfer/average/711-2C_as_mni_average_305.4dfp.img
       256       256       256         1
  1.000000  1.000000  1.000000
orientation T byte_order littleendian
Reading image: /opt/freesurfer/average/711-2C_as_mni_average_305.4dfp.img
dimensions:      256       256       256
mmppix:       1.0000   -1.0000   -1.0000
center:     128.0000 -129.0000 -129.0000
talsrcimg_g11.4dfp.img
       256       256       256         1
  1.000000  1.000000  1.000000
orientation T byte_order littleendian
Reading image: talsrcimg_g11.4dfp.img
dimensions:      256       256       256
mmppix:       1.0000   -1.0000   -1.0000
center:     128.0000 -129.0000 -129.0000
t4_read: open error in t4_sub.f l:  41 t4_file(1:l)talsrcimg_to_711-2C_as_mni_average_305_t4 
t4_read: transform initialized to I4
rotation matrix determinant  1.000000
image alignment mode   4355 decimal     1103 hex
   -7.5000  -45.0000  -45.0000 6384.3452   17.2360
    0.0000  -45.0000  -45.0000 6655.3125   17.2628
    7.5000  -45.0000  -45.0000 6293.5845   17.2947
   -7.5000  -37.5000  -45.0000 6901.1636   16.6124
    0.0000  -37.5000  -45.0000 7173.0669   16.6303
    7.5000  -37.5000  -45.0000 6795.6606   16.6518
   -7.5000  -30.0000  -45.0000 7707.3994   16.1345
    0.0000  -30.0000  -45.0000 8003.9287   16.1545
    7.5000  -30.0000  -45.0000 7599.0967   16.1736
   -7.5000  -22.5000  -45.0000 8536.0000   15.7775
    0.0000  -22.5000  -45.0000 8851.9102   15.8033
    7.5000  -22.5000  -45.0000 8430.1006   15.8266
   -7.5000  -15.0000  -45.0000 9406.6875   15.5407
    0.0000  -15.0000  -45.0000 9723.2627   15.5668
    7.5000  -15.0000  -45.0000 9275.9346   15.5926
   -7.5000   -7.5000  -45.000010314.7285   15.4765
    0.0000   -7.5000  -45.000010669.3135   15.4966
    7.5000   -7.5000  -45.000010177.9414   15.5209
   -7.5000    0.0000  -45.000011155.8955   15.4555
    0.0000    0.0000  -45.000011551.0742   15.4694
    7.5000    0.0000  -45.000011006.7930   15.4900
   -7.5000    7.5000  -45.000011217.8447   15.4469
    0.0000    7.5000  -45.000011610.7373   15.4588
    7.5000    7.5000  -45.000011040.2490   15.4752
   -7.5000   15.0000  -45.000011203.8574   15.4412
    0.0000   15.0000  -45.000011609.5869   15.4574
    7.5000   15.0000  -45.000011024.0967   15.4731
   -7.5000   22.5000  -45.000011041.9922   15.4435
    0.0000   22.5000  -45.000011463.2373   15.4668
    7.5000   22.5000  -45.000010877.9902   15.4878
   -7.5000   30.0000  -45.000010611.8789   15.2537
    0.0000   30.0000  -45.000011024.8701   15.2785
    7.5000   30.0000  -45.000010475.1719   15.3032
   -7.5000   37.5000  -45.000010538.6240   15.2517
    0.0000   37.5000  -45.000010967.1582   15.2711
    7.5000   37.5000  -45.000010430.1152   15.2949
   -7.5000   45.0000  -45.000010007.8506   14.8623
    0.0000   45.0000  -45.000010394.7246   14.8757
    7.5000   45.0000  -45.0000 9892.8604   14.8955
   -7.5000  -45.0000  -37.5000 6655.3931   16.9976
    0.0000  -45.0000  -37.5000 6917.2993   17.0251
    7.5000  -45.0000  -37.5000 6546.5527   17.0523
   -7.5000  -37.5000  -37.5000 7211.9072   16.3892
    0.0000  -37.5000  -37.5000 7469.0908   16.4106
    7.5000  -37.5000  -37.5000 7086.4653   16.4310
   -7.5000  -30.0000  -37.5000 8081.4609   15.9253
    0.0000  -30.0000  -37.5000 8361.6650   15.9512
    7.5000  -30.0000  -37.5000 7964.6953   15.9722
   -7.5000  -22.5000  -37.5000 8978.9180   15.5779
    0.0000  -22.5000  -37.5000 9286.4795   15.6086
    7.5000  -22.5000  -37.5000 8852.9961   15.6334
   -7.5000  -15.0000  -37.5000 9912.1348   15.3458
    0.0000  -15.0000  -37.500010218.8906   15.3743
    7.5000  -15.0000  -37.5000 9736.9707   15.4000
   -7.5000   -7.5000  -37.500010892.8486   15.2799
    0.0000   -7.5000  -37.500011240.7324   15.3007
    7.5000   -7.5000  -37.500010704.1377   15.3233
   -7.5000    0.0000  -37.500011769.7676   15.2579
    0.0000    0.0000  -37.500012169.4707   15.2730
    7.5000    0.0000  -37.500011582.6855   15.2909
   -7.5000    7.5000  -37.500011806.9854   15.2508
    0.0000    7.5000  -37.500012193.8271   15.2665
    7.5000    7.5000  -37.500011615.0371   15.2822
   -7.5000   15.0000  -37.500011742.8857   15.2470
    0.0000   15.0000  -37.500012151.7344   15.2691
    7.5000   15.0000  -37.500011573.5566   15.2868
   -7.5000   22.5000  -37.500011559.9590   15.2514
    0.0000   22.5000  -37.500011984.0020   15.2796
    7.5000   22.5000  -37.500011405.6523   15.3021
   -7.5000   30.0000  -37.500011115.0410   15.0636
    0.0000   30.0000  -37.500011522.9668   15.0906
    7.5000   30.0000  -37.500010963.4580   15.1153
   -7.5000   37.5000  -37.500011050.4785   15.0582
    0.0000   37.5000  -37.500011468.8213   15.0784
    7.5000   37.5000  -37.500010904.3486   15.1004
   -7.5000   45.0000  -37.500010489.2441   14.6723
    0.0000   45.0000  -37.500010886.2344   14.6868
    7.5000   45.0000  -37.500010373.8076   14.7041
   -7.5000  -45.0000  -30.0000 7052.8013   17.5213
    0.0000  -45.0000  -30.0000 7315.3955   17.5489
    7.5000  -45.0000  -30.0000 6946.5972   17.5821
   -7.5000  -37.5000  -30.0000 7651.6016   16.9049
    0.0000  -37.5000  -30.0000 7916.1270   16.9295
    7.5000  -37.5000  -30.0000 7539.0884   16.9587
   -7.5000  -30.0000  -30.0000 8592.7930   16.4321
    0.0000  -30.0000  -30.0000 8875.6777   16.4649
    7.5000  -30.0000  -30.0000 8456.3555   16.4969
   -7.5000  -22.5000  -30.0000 9577.5068   16.0757
    0.0000  -22.5000  -30.0000 9888.1982   16.1135
    7.5000  -22.5000  -30.0000 9420.8789   16.1484
   -7.5000  -15.0000  -30.000010579.6982   15.8368
    0.0000  -15.0000  -30.000010908.5889   15.8700
    7.5000  -15.0000  -30.000010393.2822   15.9042
   -7.5000   -7.5000  -30.000011644.5742   15.7693
    0.0000   -7.5000  -30.000012006.6660   15.7919
    7.5000   -7.5000  -30.000011417.2793   15.8209
   -7.5000    0.0000  -30.000012602.5039   15.7490
    0.0000    0.0000  -30.000013017.4189   15.7649
    7.5000    0.0000  -30.000012374.2764   15.7887
   -7.5000    7.5000  -30.000012646.3584   15.7429
    0.0000    7.5000  -30.000013052.1475   15.7620
    7.5000    7.5000  -30.000012424.5342   15.7859
   -7.5000   15.0000  -30.000012553.8115   15.7379
    0.0000   15.0000  -30.000012982.0654   15.7664
    7.5000   15.0000  -30.000012357.5430   15.7944
   -7.5000   22.5000  -30.000012344.1904   15.7396
    0.0000   22.5000  -30.000012768.4658   15.7747
    7.5000   22.5000  -30.000012160.5850   15.8072
   -7.5000   30.0000  -30.000011875.5830   15.5478
    0.0000   30.0000  -30.000012287.4941   15.5795
    7.5000   30.0000  -30.000011675.9580   15.6125
   -7.5000   37.5000  -30.000011794.2891   15.5423
    0.0000   37.5000  -30.000012214.8896   15.5642
    7.5000   37.5000  -30.000011592.9043   15.5925
   -7.5000   45.0000  -30.000011224.3506   15.1557
    0.0000   45.0000  -30.000011621.3564   15.1710
    7.5000   45.0000  -30.000011055.5391   15.1939
   -7.5000  -45.0000  -22.5000 7455.5210   18.0025
    0.0000  -45.0000  -22.5000 7724.4824   18.0295
    7.5000  -45.0000  -22.5000 7347.5298   18.0754
   -7.5000  -37.5000  -22.5000 8113.1431   17.3733
    0.0000  -37.5000  -22.5000 8379.4912   17.3994
    7.5000  -37.5000  -22.5000 7982.0991   17.4409
   -7.5000  -30.0000  -22.5000 9126.9854   16.8878
    0.0000  -30.0000  -22.5000 9421.8262   16.9244
    7.5000  -30.0000  -22.5000 8965.1738   16.9683
   -7.5000  -22.5000  -22.500010186.7559   16.5234
    0.0000  -22.5000  -22.500010514.9219   16.5652
    7.5000  -22.5000  -22.5000 9998.7842   16.6114
   -7.5000  -15.0000  -22.500011251.1631   16.2815
    0.0000  -15.0000  -22.500011604.0029   16.3173
    7.5000  -15.0000  -22.500011051.8984   16.3617
   -7.5000   -7.5000  -22.500012397.0293   16.2150
    0.0000   -7.5000  -22.500012761.8965   16.2379
    7.5000   -7.5000  -22.500012157.8301   16.2767
   -7.5000    0.0000  -22.500013458.9463   16.1946
    0.0000    0.0000  -22.500013875.4004   16.2102
    7.5000    0.0000  -22.500013177.6660   16.2442
   -7.5000    7.5000  -22.500013537.9092   16.1859
    0.0000    7.5000  -22.500013961.1602   16.2064
    7.5000    7.5000  -22.500013261.8623   16.2410
   -7.5000   15.0000  -22.500013468.4912   16.1782
    0.0000   15.0000  -22.500013900.8643   16.2099
    7.5000   15.0000  -22.500013166.6211   16.2490
   -7.5000   22.5000  -22.500013269.2939   16.1784
    0.0000   22.5000  -22.500013676.7393   16.2173
    7.5000   22.5000  -22.500012938.7119   16.2605
   -7.5000   30.0000  -22.500012746.6582   15.9870
    0.0000   30.0000  -22.500013155.1045   16.0213
    7.5000   30.0000  -22.500012436.0449   16.0642
   -7.5000   37.5000  -22.500012617.2090   15.9843
    0.0000   37.5000  -22.500013016.1758   16.0065
    7.5000   37.5000  -22.500012335.7178   16.0445
   -7.5000   45.0000  -22.500012007.4941   15.5962
    0.0000   45.0000  -22.500012400.1309   15.6112
    7.5000   45.0000  -22.500011778.6641   15.6439
   -7.5000  -45.0000  -15.0000 7865.6890   18.4251
    0.0000  -45.0000  -15.0000 8145.5303   18.4509
    7.5000  -45.0000  -15.0000 7754.6304   18.5036
   -7.5000  -37.5000  -15.0000 8563.8096   17.7793
    0.0000  -37.5000  -15.0000 8870.3379   17.8031
    7.5000  -37.5000  -15.0000 8427.6377   17.8498
   -7.5000  -30.0000  -15.0000 9657.7100   17.2795
    0.0000  -30.0000  -15.0000 9992.0117   17.3133
    7.5000  -30.0000  -15.0000 9480.6338   17.3602
   -7.5000  -22.5000  -15.000010793.5166   16.9066
    0.0000  -22.5000  -15.000011166.8252   16.9462
    7.5000  -22.5000  -15.000010583.7559   16.9952
   -7.5000  -15.0000  -15.000011924.7188   16.6608
    0.0000  -15.0000  -15.000012328.9385   16.6952
    7.5000  -15.0000  -15.000011702.9990   16.7423
   -7.5000   -7.5000  -15.000013137.3086   16.5953
    0.0000   -7.5000  -15.000013583.9951   16.6169
    7.5000   -7.5000  -15.000012877.1445   16.6590
   -7.5000    0.0000  -15.000014330.4502   16.5744
    0.0000    0.0000  -15.000014801.1270   16.5883
    7.5000    0.0000  -15.000014001.7754   16.6267
   -7.5000    7.5000  -15.000014511.2373   16.5635
    0.0000    7.5000  -15.000014981.5898   16.5813
    7.5000    7.5000  -15.000014149.3506   16.6199
   -7.5000   15.0000  -15.000014516.3887   16.5544
    0.0000   15.0000  -15.000014980.0938   16.5831
    7.5000   15.0000  -15.000014058.6934   16.6248
   -7.5000   22.5000  -15.000014327.7266   16.5532
    0.0000   22.5000  -15.000014748.7549   16.5898
    7.5000   22.5000  -15.000013820.1045   16.6355
   -7.5000   30.0000  -15.000013764.2754   16.3615
    0.0000   30.0000  -15.000014182.2920   16.3944
    7.5000   30.0000  -15.000013295.0625   16.4400
   -7.5000   37.5000  -15.000013587.2852   16.3615
    0.0000   37.5000  -15.000014000.9268   16.3824
    7.5000   37.5000  -15.000013163.4404   16.4236
   -7.5000   45.0000  -15.000012904.9688   15.9716
    0.0000   45.0000  -15.000013301.9629   15.9850
    7.5000   45.0000  -15.000012561.8252   16.0220
   -7.5000  -45.0000   -7.5000 8270.4287   18.6527
    0.0000  -45.0000   -7.5000 8585.0869   18.6803
    7.5000  -45.0000   -7.5000 8147.0620   18.7269
   -7.5000  -37.5000   -7.5000 9032.6240   17.9941
    0.0000  -37.5000   -7.5000 9375.8467   18.0155
    7.5000  -37.5000   -7.5000 8872.6758   18.0532
   -7.5000  -30.0000   -7.500010194.8730   17.4872
    0.0000  -30.0000   -7.500010584.9141   17.5139
    7.5000  -30.0000   -7.5000 9986.6318   17.5496
   -7.5000  -22.5000   -7.500011388.0078   17.1107
    0.0000  -22.5000   -7.500011813.3291   17.1438
    7.5000  -22.5000   -7.500011148.9824   17.1823
   -7.5000  -15.0000   -7.500012575.9551   16.8628
    0.0000  -15.0000   -7.500013035.8428   16.8939
    7.5000  -15.0000   -7.500012325.6709   16.9324
   -7.5000   -7.5000   -7.500013897.3828   16.7966
    0.0000   -7.5000   -7.500014415.6758   16.8183
    7.5000   -7.5000   -7.500013612.4355   16.8538
   -7.5000    0.0000   -7.500015266.7676   16.7740
    0.0000    0.0000   -7.500015806.4219   16.7885
    7.5000    0.0000   -7.500014890.9043   16.8209
   -7.5000    7.5000   -7.500015576.1602   16.7622
    0.0000    7.5000   -7.500016124.5518   16.7771
    7.5000    7.5000   -7.500015109.7080   16.8073
   -7.5000   15.0000   -7.500015767.4756   16.7542
    0.0000   15.0000   -7.500016317.0117   16.7763
    7.5000   15.0000   -7.500015149.9775   16.8073
   -7.5000   22.5000   -7.500015645.2891   16.7518
    0.0000   22.5000   -7.500016149.9209   16.7820
    7.5000   22.5000   -7.500014909.7832   16.8174
   -7.5000   30.0000   -7.500015029.4209   16.5594
    0.0000   30.0000   -7.500015485.2549   16.5890
    7.5000   30.0000   -7.500014290.8477   16.6262
   -7.5000   37.5000   -7.500014740.2871   16.5593
    0.0000   37.5000   -7.500015190.1143   16.5804
    7.5000   37.5000   -7.500014062.5908   16.6151
   -7.5000   45.0000   -7.500013947.6201   16.1670
    0.0000   45.0000   -7.500014379.3994   16.1810
    7.5000   45.0000   -7.500013375.8613   16.2122
   -7.5000  -45.0000    0.0000 8571.4150   18.7088
    0.0000  -45.0000    0.0000 8940.4521   18.7397
    7.5000  -45.0000    0.0000 8432.4658   18.7754
   -7.5000  -37.5000    0.0000 9423.8340   18.0462
    0.0000  -37.5000    0.0000 9816.6963   18.0673
    7.5000  -37.5000    0.0000 9251.2998   18.0925
   -7.5000  -30.0000    0.000010661.4609   17.5396
    0.0000  -30.0000    0.000011111.1260   17.5627
    7.5000  -30.0000    0.000010457.6641   17.5854
   -7.5000  -22.5000    0.000011939.5664   17.1626
    0.0000  -22.5000    0.000012422.1846   17.1920
    7.5000  -22.5000    0.000011695.8594   17.2187
   -7.5000  -15.0000    0.000013229.4355   16.9129
    0.0000  -15.0000    0.000013759.6396   16.9426
    7.5000  -15.0000    0.000012937.2451   16.9714
   -7.5000   -7.5000    0.000014646.8574   16.8443
    0.0000   -7.5000    0.000015240.1465   16.8677
    7.5000   -7.5000    0.000014300.3672   16.8948
   -7.5000    0.0000    0.000016108.1562   16.8203
    0.0000    0.0000    0.000016748.0684   16.8371
    7.5000    0.0000    0.000015661.2227   16.8605
   -7.5000    7.5000    0.000016518.2109   16.8099
    0.0000    7.5000    0.000017168.2832   16.8244
    7.5000    7.5000    0.000015968.1709   16.8438
   -7.5000   15.0000    0.000016962.5117   16.8043
    0.0000   15.0000    0.000017697.6133   16.8234
    7.5000   15.0000    0.000016164.3730   16.8423
   -7.5000   22.5000    0.000017062.2871   16.8029
    0.0000   22.5000    0.000017764.9043   16.8296
    7.5000   22.5000    0.000015998.8516   16.8537
   -7.5000   30.0000    0.000016300.1992   16.6092
    0.0000   30.0000    0.000016928.7598   16.6375
    7.5000   30.0000    0.000015210.4043   16.6652
   -7.5000   37.5000    0.000015795.7070   16.6067
    0.0000   37.5000    0.000016320.2100   16.6294
    7.5000   37.5000    0.000014813.6367   16.6558
   -7.5000   45.0000    0.000014840.4336   16.2128
    0.0000   45.0000    0.000015318.1533   16.2290
    7.5000   45.0000    0.000014029.9229   16.2516
   -7.5000  -45.0000    7.5000 8231.2061   18.7175
    0.0000  -45.0000    7.5000 8587.6387   18.7495
    7.5000  -45.0000    7.5000 8059.1406   18.7797
   -7.5000  -37.5000    7.5000 9093.4951   18.0565
    0.0000  -37.5000    7.5000 9496.0703   18.0809
    7.5000  -37.5000    7.5000 8905.8896   18.1033
   -7.5000  -30.0000    7.500010329.6465   17.5514
    0.0000  -30.0000    7.500010792.6475   17.5797
    7.5000  -30.0000    7.500010094.2998   17.6023
   -7.5000  -22.5000    7.500011568.7773   17.1737
    0.0000  -22.5000    7.500012098.8740   17.2073
    7.5000  -22.5000    7.500011293.9268   17.2338
   -7.5000  -15.0000    7.500012837.0479   16.9226
    0.0000  -15.0000    7.500013408.6152   16.9545
    7.5000  -15.0000    7.500012486.6826   16.9824
   -7.5000   -7.5000    7.500014239.2871   16.8524
    0.0000   -7.5000    7.500014872.3408   16.8769
    7.5000   -7.5000    7.500013804.1025   16.9018
   -7.5000    0.0000    7.500015594.5518   16.8292
    0.0000    0.0000    7.500016282.3477   16.8474
    7.5000    0.0000    7.500015113.1934   16.8674
   -7.5000    7.5000    7.500015885.1064   16.8203
    0.0000    7.5000    7.500016548.5293   16.8384
    7.5000    7.5000    7.500015388.0703   16.8557
   -7.5000   15.0000    7.500016380.6855   16.8146
    0.0000   15.0000    7.500017022.7188   16.8389
    7.5000   15.0000    7.500015661.6582   16.8578
   -7.5000   22.5000    7.500016687.7754   16.8135
    0.0000   22.5000    7.500017481.6367   16.8444
    7.5000   22.5000    7.500015662.1348   16.8685
   -7.5000   30.0000    7.500015971.7256   16.6190
    0.0000   30.0000    7.500016739.0801   16.6494
    7.5000   30.0000    7.500014934.4385   16.6763
   -7.5000   37.5000    7.500015395.8535   16.6147
    0.0000   37.5000    7.500016035.0283   16.6384
    7.5000   37.5000    7.500014498.8604   16.6628
   -7.5000   45.0000    7.500014361.7500   16.2214
    0.0000   45.0000    7.500014923.4189   16.2390
    7.5000   45.0000    7.500013655.3311   16.2583
   -7.5000  -45.0000   15.0000 7792.4473   18.7260
    0.0000  -45.0000   15.0000 8088.2798   18.7570
    7.5000  -45.0000   15.0000 7593.5835   18.7924
   -7.5000  -37.5000   15.0000 8643.8662   18.0694
    0.0000  -37.5000   15.0000 9007.7773   18.0971
    7.5000  -37.5000   15.0000 8441.3594   18.1280
   -7.5000  -30.0000   15.0000 9834.1602   17.5657
    0.0000  -30.0000   15.000010269.6689   17.6016
    7.5000  -30.0000   15.0000 9579.7666   17.6352
   -7.5000  -22.5000   15.000010999.7627   17.1875
    0.0000  -22.5000   15.000011495.5283   17.2283
    7.5000  -22.5000   15.000010713.6465   17.2651
   -7.5000  -15.0000   15.000012191.0127   16.9351
    0.0000  -15.0000   15.000012733.5645   16.9709
    7.5000  -15.0000   15.000011863.3047   17.0073
   -7.5000   -7.5000   15.000013496.7041   16.8646
    0.0000   -7.5000   15.000014059.3525   16.8895
    7.5000   -7.5000   15.000013105.1650   16.9206
   -7.5000    0.0000   15.000014741.2021   16.8428
    0.0000    0.0000   15.000015330.3027   16.8610
    7.5000    0.0000   15.000014353.4229   16.8865
   -7.5000    7.5000   15.000015041.2812   16.8344
    0.0000    7.5000   15.000015596.2910   16.8562
    7.5000    7.5000   15.000014673.0332   16.8814
   -7.5000   15.0000   15.000015500.9424   16.8275
    0.0000   15.0000   15.000016132.6094   16.8589
    7.5000   15.0000   15.000014954.4473   16.8883
   -7.5000   22.5000   15.000015792.8906   16.8260
    0.0000   22.5000   15.000016547.9316   16.8639
    7.5000   22.5000   15.000014955.6670   16.8982
   -7.5000   30.0000   15.000015157.9658   16.6313
    0.0000   30.0000   15.000015878.3359   16.6655
    7.5000   30.0000   15.000014350.4004   16.7006
   -7.5000   37.5000   15.000014684.2051   16.6268
    0.0000   37.5000   15.000015306.6172   16.6510
    7.5000   37.5000   15.000014011.1855   16.6814
   -7.5000   45.0000   15.000013718.6924   16.2345
    0.0000   45.0000   15.000014281.8945   16.2521
    7.5000   45.0000   15.000013187.7705   16.2767
   -7.5000  -45.0000   22.5000 7244.8237   18.8656
    0.0000  -45.0000   22.5000 7484.7192   18.8943
    7.5000  -45.0000   22.5000 7051.9219   18.9426
   -7.5000  -37.5000   22.5000 8071.7319   18.2053
    0.0000  -37.5000   22.5000 8371.4785   18.2332
    7.5000  -37.5000   22.5000 7871.6909   18.2770
   -7.5000  -30.0000   22.5000 9183.6699   17.6969
    0.0000  -30.0000   22.5000 9555.6855   17.7357
    7.5000  -30.0000   22.5000 8953.5615   17.7821
   -7.5000  -22.5000   22.500010287.5596   17.3164
    0.0000  -22.5000   22.500010695.1289   17.3607
    7.5000  -22.5000   22.500010026.1475   17.4095
   -7.5000  -15.0000   22.500011397.3047   17.0616
    0.0000  -15.0000   22.500011835.8301   17.0998
    7.5000  -15.0000   22.500011117.9463   17.1467
   -7.5000   -7.5000   22.500012620.4424   16.9915
    0.0000   -7.5000   22.500013090.6582   17.0161
    7.5000   -7.5000   22.500012311.5723   17.0570
   -7.5000    0.0000   22.500013874.7510   16.9701
    0.0000    0.0000   22.500014387.8203   16.9869
    7.5000    0.0000   22.500013531.4473   17.0226
   -7.5000    7.5000   22.500014249.1260   16.9606
    0.0000    7.5000   22.500014791.5898   16.9826
    7.5000    7.5000   22.500013852.5635   17.0191
   -7.5000   15.0000   22.500014701.3047   16.9522
    0.0000   15.0000   22.500015353.3750   16.9860
    7.5000   15.0000   22.500014083.8096   17.0273
   -7.5000   22.5000   22.500014793.5059   16.9499
    0.0000   22.5000   22.500015532.6719   16.9912
    7.5000   22.5000   22.500014049.5713   17.0369
   -7.5000   30.0000   22.500014107.4912   16.7546
    0.0000   30.0000   22.500014786.2812   16.7911
    7.5000   30.0000   22.500013518.0244   16.8364
   -7.5000   37.5000   22.500013774.4336   16.7519
    0.0000   37.5000   22.500014361.5312   16.7758
    7.5000   37.5000   22.500013277.2539   16.8158
   -7.5000   45.0000   22.500012916.9785   16.3572
    0.0000   45.0000   22.500013475.9756   16.3734
    7.5000   45.0000   22.500012507.9307   16.4079
   -7.5000  -45.0000   30.0000 6728.3291   19.3051
    0.0000  -45.0000   30.0000 6920.0796   19.3329
    7.5000  -45.0000   30.0000 6528.8018   19.3896
   -7.5000  -37.5000   30.0000 7500.8887   18.6191
    0.0000  -37.5000   30.0000 7735.7778   18.6445
    7.5000  -37.5000   30.0000 7284.2231   18.6945
   -7.5000  -30.0000   30.0000 8552.1562   18.0888
    0.0000  -30.0000   30.0000 8848.1514   18.1245
    7.5000  -30.0000   30.0000 8330.3203   18.1747
   -7.5000  -22.5000   30.0000 9607.0518   17.6930
    0.0000  -22.5000   30.0000 9940.9805   17.7351
    7.5000  -22.5000   30.0000 9363.6494   17.7876
   -7.5000  -15.0000   30.000010656.9053   17.4281
    0.0000  -15.0000   30.000011031.2051   17.4650
    7.5000  -15.0000   30.000010393.5186   17.5155
   -7.5000   -7.5000   30.000011809.3477   17.3579
    0.0000   -7.5000   30.000012224.5605   17.3814
    7.5000   -7.5000   30.000011496.9473   17.4266
   -7.5000    0.0000   30.000012967.3418   17.3377
    0.0000    0.0000   30.000013428.3115   17.3530
    7.5000    0.0000   30.000012607.9365   17.3942
   -7.5000    7.5000   30.000013307.4697   17.3278
    0.0000    7.5000   30.000013791.0312   17.3469
    7.5000    7.5000   30.000012884.5400   17.3881
   -7.5000   15.0000   30.000013561.6777   17.3178
    0.0000   15.0000   30.000014158.6807   17.3482
    7.5000   15.0000   30.000013053.9346   17.3926
   -7.5000   22.5000   30.000013453.8955   17.3124
    0.0000   22.5000   30.000014070.8857   17.3513
    7.5000   22.5000   30.000012991.4541   17.4003
   -7.5000   30.0000   30.000012933.6611   17.1123
    0.0000   30.0000   30.000013474.0850   17.1475
    7.5000   30.0000   30.000012567.6719   17.1964
   -7.5000   37.5000   30.000012821.9473   17.1127
    0.0000   37.5000   30.000013360.9551   17.1355
    7.5000   37.5000   30.000012461.0732   17.1798
   -7.5000   45.0000   30.000012118.2080   16.7116
    0.0000   45.0000   30.000012624.9609   16.7263
    7.5000   45.0000   30.000011770.8184   16.7661
   -7.5000  -45.0000   37.5000 6490.2793   19.8979
    0.0000  -45.0000   37.5000 6710.0967   19.9305
    7.5000  -45.0000   37.5000 6309.4097   19.9837
   -7.5000  -37.5000   37.5000 7242.5996   19.1743
    0.0000  -37.5000   37.5000 7494.0532   19.1996
    7.5000  -37.5000   37.5000 7026.3999   19.2426
   -7.5000  -30.0000   37.5000 8267.6328   18.6170
    0.0000  -30.0000   37.5000 8570.6719   18.6482
    7.5000  -30.0000   37.5000 8032.3940   18.6888
   -7.5000  -22.5000   37.5000 9301.8770   18.1999
    0.0000  -22.5000   37.5000 9646.0234   18.2383
    7.5000  -22.5000   37.5000 9052.7705   18.2815
   -7.5000  -15.0000   37.500010309.7109   17.9190
    0.0000  -15.0000   37.500010668.6475   17.9553
    7.5000  -15.0000   37.500010041.7256   17.9983
   -7.5000   -7.5000   37.500011411.5039   17.8449
    0.0000   -7.5000   37.500011801.2842   17.8709
    7.5000   -7.5000   37.500011122.1143   17.9108
   -7.5000    0.0000   37.500012552.8457   17.8253
    0.0000    0.0000   37.500012969.9346   17.8431
    7.5000    0.0000   37.500012237.9297   17.8800
   -7.5000    7.5000   37.500012854.8350   17.8173
    0.0000    7.5000   37.500013311.2578   17.8353
    7.5000    7.5000   37.500012527.0625   17.8700
   -7.5000   15.0000   37.500012927.4697   17.8089
    0.0000   15.0000   37.500013488.2744   17.8349
    7.5000   15.0000   37.500012627.5859   17.8702
   -7.5000   22.5000   37.500012778.3105   17.8008
    0.0000   22.5000   37.500013308.6328   17.8360
    7.5000   22.5000   37.500012530.3096   17.8757
   -7.5000   30.0000   37.500012425.9229   17.5916
    0.0000   30.0000   37.500012932.6514   17.6263
    7.5000   30.0000   37.500012178.8213   17.6677
   -7.5000   37.5000   37.500012430.0537   17.5921
    0.0000   37.5000   37.500012946.3809   17.6173
    7.5000   37.5000   37.500012154.7275   17.6563
   -7.5000   45.0000   37.500011768.7900   17.1815
    0.0000   45.0000   37.500012268.9600   17.1987
    7.5000   45.0000   37.500011501.2695   17.2343
   -7.5000  -45.0000   45.0000 6035.0869   20.5273
    0.0000  -45.0000   45.0000 6279.2017   20.5666
    7.5000  -45.0000   45.0000 5867.7563   20.6138
   -7.5000  -37.5000   45.0000 6719.1152   19.7604
    0.0000  -37.5000   45.0000 6999.5781   19.7876
    7.5000  -37.5000   45.0000 6520.1172   19.8219
   -7.5000  -30.0000   45.0000 7659.0977   19.1712
    0.0000  -30.0000   45.0000 7972.4541   19.2009
    7.5000  -30.0000   45.0000 7435.6577   19.2322
   -7.5000  -22.5000   45.0000 8620.2539   18.7284
    0.0000  -22.5000   45.0000 8934.0068   18.7660
    7.5000  -22.5000   45.0000 8377.1064   18.8019
   -7.5000  -15.0000   45.0000 9582.8076   18.4294
    0.0000  -15.0000   45.0000 9886.0645   18.4676
    7.5000  -15.0000   45.0000 9319.6992   18.5059
   -7.5000   -7.5000   45.000010600.1631   18.3496
    0.0000   -7.5000   45.000010942.5801   18.3802
    7.5000   -7.5000   45.000010340.3975   18.4161
   -7.5000    0.0000   45.000011663.7637   18.3300
    0.0000    0.0000   45.000012041.7529   18.3522
    7.5000    0.0000   45.000011369.9570   18.3838
   -7.5000    7.5000   45.000011876.0928   18.3249
    0.0000    7.5000   45.000012312.9854   18.3441
    7.5000    7.5000   45.000011627.2441   18.3711
   -7.5000   15.0000   45.000011879.5264   18.3178
    0.0000   15.0000   45.000012357.9668   18.3426
    7.5000   15.0000   45.000011667.4668   18.3691
   -7.5000   22.5000   45.000011737.1621   18.3074
    0.0000   22.5000   45.000012193.8545   18.3418
    7.5000   22.5000   45.000011569.9531   18.3744
   -7.5000   30.0000   45.000011492.8760   18.0880
    0.0000   30.0000   45.000011948.9600   18.1245
    7.5000   30.0000   45.000011322.6426   18.1613
   -7.5000   37.5000   45.000011553.1699   18.0871
    0.0000   37.5000   45.000012014.1699   18.1167
    7.5000   37.5000   45.000011336.0518   18.1519
   -7.5000   45.0000   45.000010966.6953   17.6760
    0.0000   45.0000   45.000011399.4922   17.6974
    7.5000   45.0000   45.000010750.4707   17.7279

---------------------------------------------------------------------
imgreg_4dfp /opt/freesurfer/average/711-2C_as_mni_average_305 /opt/freesurfer/average/711-2B_as_mni_average_305_mask talsrcimg_g11 none talsrcimg_to_711-2C_as_mni_average_305_t4 4355
---------------------------------------------------------------------

freesurfer imgreg_4dfp.c
/opt/freesurfer/average/711-2C_as_mni_average_305.4dfp.img
       256       256       256         1
  1.000000  1.000000  1.000000
orientation T byte_order littleendian
Reading image: /opt/freesurfer/average/711-2C_as_mni_average_305.4dfp.img
dimensions:      256       256       256
mmppix:       1.0000   -1.0000   -1.0000
center:     128.0000 -129.0000 -129.0000
/opt/freesurfer/average/711-2B_as_mni_average_305_mask.4dfp.img
       256       256       256         1
  1.000000  1.000000  1.000000
orientation T byte_order littleendian
Reading mask: /opt/freesurfer/average/711-2B_as_mni_average_305_mask.4dfp.img (2306576 pixels)
talsrcimg_g11.4dfp.img
       256       256       256         1
  1.000000  1.000000  1.000000
orientation T byte_order littleendian
Reading image: talsrcimg_g11.4dfp.img
dimensions:      256       256       256
mmppix:       1.0000   -1.0000   -1.0000
center:     128.0000 -129.0000 -129.0000
rotation matrix determinant  1.000000
image alignment mode   4355 decimal     1103 hex
   -7.5000  -22.5000  -45.0000 2284.6819   22.0958
    0.0000  -22.5000  -45.0000 2285.0420   21.9929
    7.5000  -22.5000  -45.0000 2272.5652   22.2200
   -7.5000  -15.0000  -45.0000 2361.4910   20.4723
    0.0000  -15.0000  -45.0000 2356.4216   20.3481
    7.5000  -15.0000  -45.0000 2345.9248   20.5864
   -7.5000   -7.5000  -45.0000 2418.2429   19.2991
    0.0000   -7.5000  -45.0000 2414.2676   19.1851
    7.5000   -7.5000  -45.0000 2403.8723   19.3738
   -7.5000    0.0000  -45.0000 2461.0879   18.3959
    0.0000    0.0000  -45.0000 2461.9077   18.2897
    7.5000    0.0000  -45.0000 2444.0269   18.5148
   -7.5000    7.5000  -45.0000 2493.5872   17.8250
    0.0000    7.5000  -45.0000 2492.9067   17.7470
    7.5000    7.5000  -45.0000 2473.4165   17.9248
   -7.5000   15.0000  -45.0000 2496.3838   17.6509
    0.0000   15.0000  -45.0000 2495.9316   17.5564
    7.5000   15.0000  -45.0000 2478.3008   17.7107
   -7.5000   22.5000  -45.0000 2494.6663   17.6240
    0.0000   22.5000  -45.0000 2496.6836   17.5956
    7.5000   22.5000  -45.0000 2476.4805   17.7083
   -7.5000   30.0000  -45.0000 2482.2920   17.9905
    0.0000   30.0000  -45.0000 2483.8879   17.9249
    7.5000   30.0000  -45.0000 2463.9810   18.0752
   -7.5000   37.5000  -45.0000 2451.9990   18.5022
    0.0000   37.5000  -45.0000 2460.5237   18.4784
    7.5000   37.5000  -45.0000 2441.3884   18.6733
   -7.5000   45.0000  -45.0000 2418.6592   19.3617
    0.0000   45.0000  -45.0000 2424.3313   19.2939
    7.5000   45.0000  -45.0000 2403.7278   19.5057
   -7.5000   52.5000  -45.0000 2336.1956   20.3408
    0.0000   52.5000  -45.0000 2341.9683   20.2772
    7.5000   52.5000  -45.0000 2325.8225   20.4343
   -7.5000   60.0000  -45.0000 2216.3899   21.2705
    0.0000   60.0000  -45.0000 2227.7849   21.2184
    7.5000   60.0000  -45.0000 2205.2183   21.3363
   -7.5000   67.5000  -45.0000 2075.2517   22.1971
    0.0000   67.5000  -45.0000 2081.8843   22.1647
    7.5000   67.5000  -45.0000 2055.7864   22.3264
   -7.5000  -22.5000  -37.5000 2353.7566   21.0619
    0.0000  -22.5000  -37.5000 2349.6130   20.8684
    7.5000  -22.5000  -37.5000 2335.9900   21.1439
   -7.5000  -15.0000  -37.5000 2440.0232   19.5173
    0.0000  -15.0000  -37.5000 2430.9519   19.3341
    7.5000  -15.0000  -37.5000 2418.2319   19.5956
   -7.5000   -7.5000  -37.5000 2504.9614   18.3302
    0.0000   -7.5000  -37.5000 2498.2871   18.1785
    7.5000   -7.5000  -37.5000 2486.3933   18.3536
   -7.5000    0.0000  -37.5000 2543.2073   17.3974
    0.0000    0.0000  -37.5000 2542.3545   17.2747
    7.5000    0.0000  -37.5000 2527.5476   17.4569
   -7.5000    7.5000  -37.5000 2571.4333   16.7400
    0.0000    7.5000  -37.5000 2573.4619   16.6315
    7.5000    7.5000  -37.5000 2555.1902   16.8041
   -7.5000   15.0000  -37.5000 2575.5740   16.4944
    0.0000   15.0000  -37.5000 2577.6367   16.4181
    7.5000   15.0000  -37.5000 2563.5857   16.5810
   -7.5000   22.5000  -37.5000 2577.7466   16.4343
    0.0000   22.5000  -37.5000 2580.2498   16.3993
    7.5000   22.5000  -37.5000 2559.7520   16.5544
   -7.5000   30.0000  -37.5000 2566.2676   16.6931
    0.0000   30.0000  -37.5000 2571.0120   16.6802
    7.5000   30.0000  -37.5000 2550.2444   16.8520
   -7.5000   37.5000  -37.5000 2545.4607   17.1614
    0.0000   37.5000  -37.5000 2552.7000   17.1591
    7.5000   37.5000  -37.5000 2532.0371   17.3685
   -7.5000   45.0000  -37.5000 2507.7969   17.9149
    0.0000   45.0000  -37.5000 2512.0471   17.8836
    7.5000   45.0000  -37.5000 2493.7944   18.1071
   -7.5000   52.5000  -37.5000 2430.6396   18.7683
    0.0000   52.5000  -37.5000 2435.1387   18.7142
    7.5000   52.5000  -37.5000 2418.6060   18.9386
   -7.5000   60.0000  -37.5000 2306.9844   19.6780
    0.0000   60.0000  -37.5000 2311.3301   19.5922
    7.5000   60.0000  -37.5000 2296.4050   19.8192
   -7.5000   67.5000  -37.5000 2152.8792   20.5929
    0.0000   67.5000  -37.5000 2155.4346   20.5283
    7.5000   67.5000  -37.5000 2139.4412   20.7726
   -7.5000  -22.5000  -30.0000 2455.5603   20.8418
    0.0000  -22.5000  -30.0000 2451.3208   20.6735
    7.5000  -22.5000  -30.0000 2433.4536   20.9547
   -7.5000  -15.0000  -30.0000 2544.0984   19.2185
    0.0000  -15.0000  -30.0000 2539.7310   19.0538
    7.5000  -15.0000  -30.0000 2526.2239   19.3102
   -7.5000   -7.5000  -30.0000 2617.1282   17.9335
    0.0000   -7.5000  -30.0000 2611.3843   17.7899
    7.5000   -7.5000  -30.0000 2596.6548   18.0082
   -7.5000    0.0000  -30.0000 2658.3696   16.9993
    0.0000    0.0000  -30.0000 2657.0352   16.8948
    7.5000    0.0000  -30.0000 2644.0325   17.0742
   -7.5000    7.5000  -30.0000 2688.2007   16.3080
    0.0000    7.5000  -30.0000 2690.4609   16.2016
    7.5000    7.5000  -30.0000 2675.5593   16.4086
   -7.5000   15.0000  -30.0000 2698.3127   16.0263
    0.0000   15.0000  -30.0000 2699.5229   15.9534
    7.5000   15.0000  -30.0000 2685.8750   16.1214
   -7.5000   22.5000  -30.0000 2701.6775   15.9574
    0.0000   22.5000  -30.0000 2702.6177   15.8914
    7.5000   22.5000  -30.0000 2688.1787   16.0839
   -7.5000   30.0000  -30.0000 2700.4133   16.1471
    0.0000   30.0000  -30.0000 2698.7686   16.1134
    7.5000   30.0000  -30.0000 2676.7837   16.2991
   -7.5000   37.5000  -30.0000 2685.6069   16.5532
    0.0000   37.5000  -30.0000 2687.0925   16.5505
    7.5000   37.5000  -30.0000 2663.5859   16.7597
   -7.5000   45.0000  -30.0000 2647.5005   17.2676
    0.0000   45.0000  -30.0000 2648.9897   17.2231
    7.5000   45.0000  -30.0000 2626.3286   17.4740
   -7.5000   52.5000  -30.0000 2562.1597   18.1103
    0.0000   52.5000  -30.0000 2564.3184   18.0226
    7.5000   52.5000  -30.0000 2546.1147   18.2750
   -7.5000   60.0000  -30.0000 2431.4866   19.0181
    0.0000   60.0000  -30.0000 2435.1824   18.9410
    7.5000   60.0000  -30.0000 2420.6287   19.1609
   -7.5000   67.5000  -30.0000 2274.2158   19.9259
    0.0000   67.5000  -30.0000 2275.5056   19.8783
    7.5000   67.5000  -30.0000 2262.5144   20.0972
   -7.5000  -22.5000  -22.5000 2508.4155   20.4365
    0.0000  -22.5000  -22.5000 2505.7244   20.3257
    7.5000  -22.5000  -22.5000 2490.5835   20.5969
   -7.5000  -15.0000  -22.5000 2604.4468   18.7501
    0.0000  -15.0000  -22.5000 2599.6963   18.6624
    7.5000  -15.0000  -22.5000 2588.0437   18.9037
   -7.5000   -7.5000  -22.5000 2682.4961   17.3972
    0.0000   -7.5000  -22.5000 2674.3616   17.3070
    7.5000   -7.5000  -22.5000 2666.3813   17.5271
   -7.5000    0.0000  -22.5000 2733.1829   16.4350
    0.0000    0.0000  -22.5000 2725.3108   16.3173
    7.5000    0.0000  -22.5000 2717.9207   16.5236
   -7.5000    7.5000  -22.5000 2772.9736   15.8104
    0.0000    7.5000  -22.5000 2769.5967   15.7092
    7.5000    7.5000  -22.5000 2756.6499   15.9012
   -7.5000   15.0000  -22.5000 2793.8064   15.5176
    0.0000   15.0000  -22.5000 2789.2827   15.4087
    7.5000   15.0000  -22.5000 2772.6487   15.5679
   -7.5000   22.5000  -22.5000 2805.7175   15.4635
    0.0000   22.5000  -22.5000 2799.7109   15.3461
    7.5000   22.5000  -22.5000 2780.1313   15.5284
   -7.5000   30.0000  -22.5000 2803.8633   15.5854
    0.0000   30.0000  -22.5000 2802.2363   15.5307
    7.5000   30.0000  -22.5000 2773.2864   15.7241
   -7.5000   37.5000  -22.5000 2793.7595   15.9641
    0.0000   37.5000  -22.5000 2792.4905   15.9250
    7.5000   37.5000  -22.5000 2764.4446   16.1462
   -7.5000   45.0000  -22.5000 2755.5217   16.6159
    0.0000   45.0000  -22.5000 2754.4285   16.5488
    7.5000   45.0000  -22.5000 2729.7490   16.7870
   -7.5000   52.5000  -22.5000 2666.8545   17.4032
    0.0000   52.5000  -22.5000 2669.5598   17.3068
    7.5000   52.5000  -22.5000 2648.4634   17.5512
   -7.5000   60.0000  -22.5000 2528.1794   18.2667
    0.0000   60.0000  -22.5000 2527.6975   18.1981
    7.5000   60.0000  -22.5000 2514.3606   18.4364
   -7.5000   67.5000  -22.5000 2365.7312   19.0978
    0.0000   67.5000  -22.5000 2365.7900   19.1047
    7.5000   67.5000  -22.5000 2352.3843   19.3267
   -7.5000  -22.5000  -15.0000 2519.1619   20.0533
    0.0000  -22.5000  -15.0000 2521.4387   19.9906
    7.5000  -22.5000  -15.0000 2512.1387   20.2796
   -7.5000  -15.0000  -15.0000 2617.8484   18.2940
    0.0000  -15.0000  -15.0000 2615.4822   18.2849
    7.5000  -15.0000  -15.0000 2608.5327   18.5262
   -7.5000   -7.5000  -15.0000 2703.2278   16.9244
    0.0000   -7.5000  -15.0000 2695.1440   16.9299
    7.5000   -7.5000  -15.0000 2689.3984   17.1220
   -7.5000    0.0000  -15.0000 2762.2073   15.9763
    0.0000    0.0000  -15.0000 2752.3345   15.9494
    7.5000    0.0000  -15.0000 2748.5659   16.1048
   -7.5000    7.5000  -15.0000 2812.8535   15.4372
    0.0000    7.5000  -15.0000 2799.6177   15.3524
    7.5000    7.5000  -15.0000 2790.9600   15.4729
   -7.5000   15.0000  -15.0000 2848.0803   15.1555
    0.0000   15.0000  -15.0000 2838.7168   15.0772
    7.5000   15.0000  -15.0000 2818.6689   15.1686
   -7.5000   22.5000  -15.0000 2867.9514   15.1012
    0.0000   22.5000  -15.0000 2861.0105   14.9833
    7.5000   22.5000  -15.0000 2830.3833   15.0949
   -7.5000   30.0000  -15.0000 2869.5640   15.1274
    0.0000   30.0000  -15.0000 2865.4888   15.0634
    7.5000   30.0000  -15.0000 2826.8318   15.2621
   -7.5000   37.5000  -15.0000 2860.8162   15.4543
    0.0000   37.5000  -15.0000 2858.5920   15.4015
    7.5000   37.5000  -15.0000 2822.2119   15.6437
   -7.5000   45.0000  -15.0000 2820.7231   16.0508
    0.0000   45.0000  -15.0000 2825.4988   15.9666
    7.5000   45.0000  -15.0000 2790.8796   16.2066
   -7.5000   52.5000  -15.0000 2736.2402   16.7428
    0.0000   52.5000  -15.0000 2736.2046   16.6709
    7.5000   52.5000  -15.0000 2712.2942   16.8834
   -7.5000   60.0000  -15.0000 2595.2654   17.5703
    0.0000   60.0000  -15.0000 2595.1274   17.4816
    7.5000   60.0000  -15.0000 2576.1846   17.7065
   -7.5000   67.5000  -15.0000 2429.5947   18.3573
    0.0000   67.5000  -15.0000 2429.5637   18.3213
    7.5000   67.5000  -15.0000 2411.4668   18.5838
   -7.5000  -22.5000   -7.5000 2500.0081   19.8538
    0.0000  -22.5000   -7.5000 2504.7227   19.8366
    7.5000  -22.5000   -7.5000 2495.1296   20.0560
   -7.5000  -15.0000   -7.5000 2601.9690   18.0265
    0.0000  -15.0000   -7.5000 2600.4309   18.0689
    7.5000  -15.0000   -7.5000 2593.1016   18.2580
   -7.5000   -7.5000   -7.5000 2695.3242   16.6712
    0.0000   -7.5000   -7.5000 2690.2478   16.7353
    7.5000   -7.5000   -7.5000 2685.1143   16.8703
   -7.5000    0.0000   -7.5000 2768.4722   15.7646
    0.0000    0.0000   -7.5000 2760.8926   15.8102
    7.5000    0.0000   -7.5000 2753.9019   15.8703
   -7.5000    7.5000   -7.5000 2829.5215   15.2784
    0.0000    7.5000   -7.5000 2819.7258   15.3032
    7.5000    7.5000   -7.5000 2807.4553   15.2666
   -7.5000   15.0000   -7.5000 2882.8884   15.0693
    0.0000   15.0000   -7.5000 2877.9065   15.0620
    7.5000   15.0000   -7.5000 2855.3186   14.9270
   -7.5000   22.5000   -7.5000 2916.2249   14.9833
    0.0000   22.5000   -7.5000 2910.6843   14.9595
    7.5000   22.5000   -7.5000 2867.9629   14.8618
   -7.5000   30.0000   -7.5000 2920.3743   14.8579
    0.0000   30.0000   -7.5000 2914.6370   14.8608
    7.5000   30.0000   -7.5000 2860.4915   14.8547
   -7.5000   37.5000   -7.5000 2904.2434   15.0750
    0.0000   37.5000   -7.5000 2897.8267   15.0846
    7.5000   37.5000   -7.5000 2852.2415   15.1350
   -7.5000   45.0000   -7.5000 2865.8086   15.5673
    0.0000   45.0000   -7.5000 2870.8286   15.5387
    7.5000   45.0000   -7.5000 2826.1506   15.5979
   -7.5000   52.5000   -7.5000 2782.9502   16.2229
    0.0000   52.5000   -7.5000 2788.9084   16.1634
    7.5000   52.5000   -7.5000 2753.7295   16.2171
   -7.5000   60.0000   -7.5000 2639.4543   17.0082
    0.0000   60.0000   -7.5000 2643.6433   16.9343
    7.5000   60.0000   -7.5000 2619.2354   17.0182
   -7.5000   67.5000   -7.5000 2479.4607   17.8027
    0.0000   67.5000   -7.5000 2480.6287   17.7361
    7.5000   67.5000   -7.5000 2454.1460   17.8654
   -7.5000  -22.5000    0.0000 2470.4412   20.0184
    0.0000  -22.5000    0.0000 2475.1155   20.1896
    7.5000  -22.5000    0.0000 2467.5417   20.2825
   -7.5000  -15.0000    0.0000 2573.0459   18.1960
    0.0000  -15.0000    0.0000 2576.4207   18.3778
    7.5000  -15.0000    0.0000 2566.4639   18.4357
   -7.5000   -7.5000    0.0000 2675.3821   16.8215
    0.0000   -7.5000    0.0000 2680.8606   17.0114
    7.5000   -7.5000    0.0000 2673.0842   16.9803
   -7.5000    0.0000    0.0000 2770.6284   15.8936
    0.0000    0.0000    0.0000 2774.4231   16.0809
    7.5000    0.0000    0.0000 2756.3176   15.9677
   -7.5000    7.5000    0.0000 2849.5872   15.3783
    0.0000    7.5000    0.0000 2850.5674   15.5509
    7.5000    7.5000    0.0000 2823.5491   15.3203
   -7.5000   15.0000    0.0000 2923.6050   15.2381
    0.0000   15.0000    0.0000 2934.4451   15.3685
    7.5000   15.0000    0.0000 2883.2505   14.9944
   -7.5000   22.5000    0.0000 2977.8291   15.2729
    0.0000   22.5000    0.0000 2986.9841   15.4272
    7.5000   22.5000    0.0000 2903.6370   14.8982
   -7.5000   30.0000    0.0000 2967.1982   14.9476
    0.0000   30.0000    0.0000 2968.1213   15.0259
    7.5000   30.0000    0.0000 2885.5396   14.6933
   -7.5000   37.5000    0.0000 2938.4749   14.8729
    0.0000   37.5000    0.0000 2931.8503   14.9142
    7.5000   37.5000    0.0000 2868.4688   14.7417
   -7.5000   45.0000    0.0000 2895.9194   15.2291
    0.0000   45.0000    0.0000 2898.9185   15.2312
    7.5000   45.0000    0.0000 2848.6797   15.1456
   -7.5000   52.5000    0.0000 2812.3569   15.8759
    0.0000   52.5000    0.0000 2816.4832   15.8305
    7.5000   52.5000    0.0000 2776.9504   15.8155
   -7.5000   60.0000    0.0000 2666.4292   16.6563
    0.0000   60.0000    0.0000 2672.1218   16.5858
    7.5000   60.0000    0.0000 2642.8333   16.6210
   -7.5000   67.5000    0.0000 2503.0303   17.4154
    0.0000   67.5000    0.0000 2502.4851   17.3439
    7.5000   67.5000    0.0000 2476.4075   17.4734
   -7.5000  -22.5000    7.5000 2436.9236   20.5607
    0.0000  -22.5000    7.5000 2451.1838   20.9267
    7.5000  -22.5000    7.5000 2441.6936   20.9280
   -7.5000  -15.0000    7.5000 2547.8030   18.6992
    0.0000  -15.0000    7.5000 2561.1006   19.0939
    7.5000  -15.0000    7.5000 2546.3970   18.9999
   -7.5000   -7.5000    7.5000 2665.1711   17.2819
    0.0000   -7.5000    7.5000 2676.9077   17.6220
    7.5000   -7.5000    7.5000 2657.5752   17.4676
   -7.5000    0.0000    7.5000 2769.6543   16.2562
    0.0000    0.0000    7.5000 2785.8899   16.6078
    7.5000    0.0000    7.5000 2751.2095   16.3655
   -7.5000    7.5000    7.5000 2864.8269   15.6062
    0.0000    7.5000    7.5000 2879.7722   15.8977
    7.5000    7.5000    7.5000 2837.1582   15.5792
   -7.5000   15.0000    7.5000 2960.8047   15.3473
    0.0000   15.0000    7.5000 2974.1755   15.5738
    7.5000   15.0000    7.5000 2906.3513   15.1751
   -7.5000   22.5000    7.5000 3022.8533   15.4754
    0.0000   22.5000    7.5000 3035.7385   15.6435
    7.5000   22.5000    7.5000 2936.4312   15.1119
   -7.5000   30.0000    7.5000 3008.5173   15.1664
    0.0000   30.0000    7.5000 3016.5059   15.3612
    7.5000   30.0000    7.5000 2916.0508   14.8545
   -7.5000   37.5000    7.5000 2958.8337   14.9114
    0.0000   37.5000    7.5000 2953.6736   15.0007
    7.5000   37.5000    7.5000 2891.0581   14.7569
   -7.5000   45.0000    7.5000 2903.5471   15.0506
    0.0000   45.0000    7.5000 2908.8323   15.0964
    7.5000   45.0000    7.5000 2857.8696   15.0423
   -7.5000   52.5000    7.5000 2821.0662   15.6097
    0.0000   52.5000    7.5000 2823.8091   15.6002
    7.5000   52.5000    7.5000 2791.2815   15.6484
   -7.5000   60.0000    7.5000 2679.7524   16.3730
    0.0000   60.0000    7.5000 2687.9321   16.3231
    7.5000   60.0000    7.5000 2658.3423   16.4490
   -7.5000   67.5000    7.5000 2510.8335   17.1557
    0.0000   67.5000    7.5000 2516.5439   17.1298
    7.5000   67.5000    7.5000 2492.9939   17.3253
   -7.5000  -22.5000   15.0000 2413.2725   21.2973
    0.0000  -22.5000   15.0000 2428.7778   21.7955
    7.5000  -22.5000   15.0000 2414.6006   21.7999
   -7.5000  -15.0000   15.0000 2525.1421   19.2624
    0.0000  -15.0000   15.0000 2542.4722   19.7362
    7.5000  -15.0000   15.0000 2523.9072   19.6893
   -7.5000   -7.5000   15.0000 2645.9951   17.6784
    0.0000   -7.5000   15.0000 2661.0759   18.1040
    7.5000   -7.5000   15.0000 2637.6458   18.0239
   -7.5000    0.0000   15.0000 2754.1941   16.5236
    0.0000    0.0000   15.0000 2769.0872   16.9108
    7.5000    0.0000   15.0000 2740.7974   16.7819
   -7.5000    7.5000   15.0000 2855.2346   15.7553
    0.0000    7.5000   15.0000 2872.5339   16.0441
    7.5000    7.5000   15.0000 2836.6055   15.8838
   -7.5000   15.0000   15.0000 2957.9783   15.4620
    0.0000   15.0000   15.0000 2975.1680   15.6668
    7.5000   15.0000   15.0000 2917.6663   15.4190
   -7.5000   22.5000   15.0000 3023.6338   15.4207
    0.0000   22.5000   15.0000 3049.1877   15.5742
    7.5000   22.5000   15.0000 2955.8020   15.1563
   -7.5000   30.0000   15.0000 3005.5940   15.0981
    0.0000   30.0000   15.0000 3023.6562   15.2633
    7.5000   30.0000   15.0000 2932.6411   14.9464
   -7.5000   37.5000   15.0000 2949.0522   14.9075
    0.0000   37.5000   15.0000 2950.5659   15.0231
    7.5000   37.5000   15.0000 2897.2007   14.9054
   -7.5000   45.0000   15.0000 2899.6948   15.1246
    0.0000   45.0000   15.0000 2898.7917   15.1449
    7.5000   45.0000   15.0000 2864.3313   15.2278
   -7.5000   52.5000   15.0000 2811.8831   15.6375
    0.0000   52.5000   15.0000 2819.0735   15.6333
    7.5000   52.5000   15.0000 2792.5867   15.8095
   -7.5000   60.0000   15.0000 2668.5269   16.3553
    0.0000   60.0000   15.0000 2676.4741   16.3781
    7.5000   60.0000   15.0000 2655.7529   16.5547
   -7.5000   67.5000   15.0000 2500.0093   17.1131
    0.0000   67.5000   15.0000 2504.5811   17.1172
    7.5000   67.5000   15.0000 2489.9463   17.3412
   -7.5000  -22.5000   22.5000 2388.2888   21.9413
    0.0000  -22.5000   22.5000 2398.5293   22.4363
    7.5000  -22.5000   22.5000 2397.4485   22.6432
   -7.5000  -15.0000   22.5000 2496.8040   19.7224
    0.0000  -15.0000   22.5000 2509.2234   20.1736
    7.5000  -15.0000   22.5000 2505.1169   20.3558
   -7.5000   -7.5000   22.5000 2616.4331   18.0270
    0.0000   -7.5000   22.5000 2625.4375   18.4199
    7.5000   -7.5000   22.5000 2615.9060   18.5760
   -7.5000    0.0000   22.5000 2726.6445   16.7979
    0.0000    0.0000   22.5000 2740.1890   17.1386
    7.5000    0.0000   22.5000 2722.1367   17.2135
   -7.5000    7.5000   22.5000 2833.7935   15.9670
    0.0000    7.5000   22.5000 2851.3892   16.2478
    7.5000    7.5000   22.5000 2822.4395   16.2274
   -7.5000   15.0000   22.5000 2930.4680   15.5606
    0.0000   15.0000   22.5000 2950.8586   15.8187
    7.5000   15.0000   22.5000 2900.5483   15.6428
   -7.5000   22.5000   22.5000 2981.2214   15.3561
    0.0000   22.5000   22.5000 3012.1367   15.5556
    7.5000   22.5000   22.5000 2931.1680   15.2874
   -7.5000   30.0000   22.5000 2955.9951   14.9372
    0.0000   30.0000   22.5000 2981.9109   15.1486
    7.5000   30.0000   22.5000 2910.3887   15.0302
   -7.5000   37.5000   22.5000 2923.4175   14.8805
    0.0000   37.5000   22.5000 2920.0325   14.9388
    7.5000   37.5000   22.5000 2884.2219   15.1261
   -7.5000   45.0000   22.5000 2879.3589   15.2141
    0.0000   45.0000   22.5000 2881.6946   15.2385
    7.5000   45.0000   22.5000 2854.1218   15.4490
   -7.5000   52.5000   22.5000 2795.4653   15.8674
    0.0000   52.5000   22.5000 2797.9500   15.8713
    7.5000   52.5000   22.5000 2779.4219   16.0720
   -7.5000   60.0000   22.5000 2652.5322   16.6036
    0.0000   60.0000   22.5000 2654.8813   16.6281
    7.5000   60.0000   22.5000 2641.6931   16.8271
   -7.5000   67.5000   22.5000 2485.8796   17.3195
    0.0000   67.5000   22.5000 2486.1016   17.3017
    7.5000   67.5000   22.5000 2472.6672   17.5406
   -7.5000  -22.5000   30.0000 2348.4521   22.5476
    0.0000  -22.5000   30.0000 2356.7505   22.9475
    7.5000  -22.5000   30.0000 2362.0442   23.3641
   -7.5000  -15.0000   30.0000 2458.0381   20.2060
    0.0000  -15.0000   30.0000 2465.5889   20.6087
    7.5000  -15.0000   30.0000 2469.9636   20.9771
   -7.5000   -7.5000   30.0000 2576.7944   18.4692
    0.0000   -7.5000   30.0000 2583.1541   18.8309
    7.5000   -7.5000   30.0000 2580.9861   19.1429
   -7.5000    0.0000   30.0000 2683.6189   17.0981
    0.0000    0.0000   30.0000 2697.5552   17.4532
    7.5000    0.0000   30.0000 2683.9136   17.6548
   -7.5000    7.5000   30.0000 2784.1787   16.1486
    0.0000    7.5000   30.0000 2800.0073   16.4402
    7.5000    7.5000   30.0000 2779.6636   16.5867
   -7.5000   15.0000   30.0000 2867.8154   15.6309
    0.0000   15.0000   30.0000 2883.1770   15.8567
    7.5000   15.0000   30.0000 2850.4683   15.8874
   -7.5000   22.5000   30.0000 2902.8477   15.1903
    0.0000   22.5000   30.0000 2927.1714   15.4234
    7.5000   22.5000   30.0000 2880.2507   15.4347
   -7.5000   30.0000   30.0000 2895.0171   14.8441
    0.0000   30.0000   30.0000 2898.5874   15.0129
    7.5000   30.0000   30.0000 2871.9670   15.2802
   -7.5000   37.5000   30.0000 2878.4983   15.0786
    0.0000   37.5000   30.0000 2881.3303   15.1448
    7.5000   37.5000   30.0000 2854.2935   15.4402
   -7.5000   45.0000   30.0000 2847.8823   15.6271
    0.0000   45.0000   30.0000 2849.8406   15.6331
    7.5000   45.0000   30.0000 2827.8274   15.9076
   -7.5000   52.5000   30.0000 2771.4617   16.3265
    0.0000   52.5000   30.0000 2776.2112   16.3385
    7.5000   52.5000   30.0000 2751.6746   16.5591
   -7.5000   60.0000   30.0000 2627.8162   17.0944
    0.0000   60.0000   30.0000 2634.5918   17.1180
    7.5000   60.0000   30.0000 2612.3325   17.3129
   -7.5000   67.5000   30.0000 2464.7000   17.8067
    0.0000   67.5000   30.0000 2461.7412   17.7940
    7.5000   67.5000   30.0000 2445.4822   18.0035
   -7.5000  -22.5000   37.5000 2306.3574   23.2749
    0.0000  -22.5000   37.5000 2311.6768   23.6497
    7.5000  -22.5000   37.5000 2318.4414   24.1517
   -7.5000  -15.0000   37.5000 2422.4204   20.8358
    0.0000  -15.0000   37.5000 2422.9165   21.1949
    7.5000  -15.0000   37.5000 2429.3296   21.7033
   -7.5000   -7.5000   37.5000 2535.4607   18.9836
    0.0000   -7.5000   37.5000 2540.3782   19.3144
    7.5000   -7.5000   37.5000 2538.7268   19.7687
   -7.5000    0.0000   37.5000 2638.1301   17.5885
    0.0000    0.0000   37.5000 2645.6370   17.8827
    7.5000    0.0000   37.5000 2643.7146   18.2845
   -7.5000    7.5000   37.5000 2730.9060   16.6109
    0.0000    7.5000   37.5000 2744.0493   16.8744
    7.5000    7.5000   37.5000 2737.1714   17.2284
   -7.5000   15.0000   37.5000 2798.7524   15.9534
    0.0000   15.0000   37.5000 2810.8638   16.2028
    7.5000   15.0000   37.5000 2799.4927   16.4386
   -7.5000   22.5000   37.5000 2838.8337   15.3986
    0.0000   22.5000   37.5000 2845.7686   15.5830
    7.5000   22.5000   37.5000 2835.8350   15.9666
   -7.5000   30.0000   37.5000 2846.0737   15.2509
    0.0000   30.0000   37.5000 2853.3582   15.4011
    7.5000   30.0000   37.5000 2827.5979   15.7961
   -7.5000   37.5000   37.5000 2843.5698   15.5989
    0.0000   37.5000   37.5000 2850.1807   15.6955
    7.5000   37.5000   37.5000 2820.0151   15.9997
   -7.5000   45.0000   37.5000 2810.0151   16.2112
    0.0000   45.0000   37.5000 2818.2957   16.2580
    7.5000   45.0000   37.5000 2787.9707   16.5010
   -7.5000   52.5000   37.5000 2732.9893   16.9279
    0.0000   52.5000   37.5000 2737.5881   16.9734
    7.5000   52.5000   37.5000 2708.6833   17.1789
   -7.5000   60.0000   37.5000 2598.9155   17.7063
    0.0000   60.0000   37.5000 2599.7988   17.7460
    7.5000   60.0000   37.5000 2573.1562   17.9539
   -7.5000   67.5000   37.5000 2431.2378   18.4448
    0.0000   67.5000   37.5000 2434.8596   18.4700
    7.5000   67.5000   37.5000 2410.9375   18.6737
   -7.5000  -22.5000   45.0000 2264.3010   24.0973
    0.0000  -22.5000   45.0000 2266.6624   24.4696
    7.5000  -22.5000   45.0000 2268.7588   25.1683
   -7.5000  -15.0000   45.0000 2381.4290   21.6148
    0.0000  -15.0000   45.0000 2376.6995   21.9401
    7.5000  -15.0000   45.0000 2384.5696   22.6546
   -7.5000   -7.5000   45.0000 2492.1543   19.7661
    0.0000   -7.5000   45.0000 2491.7019   20.0378
    7.5000   -7.5000   45.0000 2496.5049   20.6991
   -7.5000    0.0000   45.0000 2594.6780   18.3310
    0.0000    0.0000   45.0000 2596.4937   18.5619
    7.5000    0.0000   45.0000 2597.1147   19.1267
   -7.5000    7.5000   45.0000 2677.3765   17.3233
    0.0000    7.5000   45.0000 2689.9285   17.5153
    7.5000    7.5000   45.0000 2680.6438   18.0084
   -7.5000   15.0000   45.0000 2735.1394   16.5160
    0.0000   15.0000   45.0000 2741.6633   16.7260
    7.5000   15.0000   45.0000 2743.3325   17.1725
   -7.5000   22.5000   45.0000 2777.7852   15.9737
    0.0000   22.5000   45.0000 2786.2920   16.1409
    7.5000   22.5000   45.0000 2779.7239   16.6485
   -7.5000   30.0000   45.0000 2793.9065   15.9656
    0.0000   30.0000   45.0000 2802.8511   16.1420
    7.5000   30.0000   45.0000 2782.4626   16.5670
   -7.5000   37.5000   45.0000 2793.6311   16.3383
    0.0000   37.5000   45.0000 2800.2876   16.4770
    7.5000   37.5000   45.0000 2771.2090   16.8399
   -7.5000   45.0000   45.0000 2760.6086   16.9602
    0.0000   45.0000   45.0000 2766.4053   17.0323
    7.5000   45.0000   45.0000 2740.8076   17.3574
   -7.5000   52.5000   45.0000 2683.3994   17.7059
    0.0000   52.5000   45.0000 2683.3252   17.7462
    7.5000   52.5000   45.0000 2661.7334   18.0299
   -7.5000   60.0000   45.0000 2550.9673   18.5331
    0.0000   60.0000   45.0000 2549.0059   18.5683
    7.5000   60.0000   45.0000 2531.1697   18.7713
   -7.5000   67.5000   45.0000 2377.0393   19.2772
    0.0000   67.5000   45.0000 2384.4011   19.2830
    7.5000   67.5000   45.0000 2364.9390   19.4915

---------------------------------------------------------------------
imgreg_4dfp /opt/freesurfer/average/711-2C_as_mni_average_305 /opt/freesurfer/average/711-2B_as_mni_average_305_mask talsrcimg_g11 none talsrcimg_to_711-2C_as_mni_average_305_t4 1283
---------------------------------------------------------------------

freesurfer imgreg_4dfp.c
/opt/freesurfer/average/711-2C_as_mni_average_305.4dfp.img
       256       256       256         1
  1.000000  1.000000  1.000000
orientation T byte_order littleendian
Reading image: /opt/freesurfer/average/711-2C_as_mni_average_305.4dfp.img
dimensions:      256       256       256
mmppix:       1.0000   -1.0000   -1.0000
center:     128.0000 -129.0000 -129.0000
/opt/freesurfer/average/711-2B_as_mni_average_305_mask.4dfp.img
       256       256       256         1
  1.000000  1.000000  1.000000
orientation T byte_order littleendian
Reading mask: /opt/freesurfer/average/711-2B_as_mni_average_305_mask.4dfp.img (2306576 pixels)
talsrcimg_g11.4dfp.img
       256       256       256         1
  1.000000  1.000000  1.000000
orientation T byte_order littleendian
Reading image: talsrcimg_g11.4dfp.img
dimensions:      256       256       256
mmppix:       1.0000   -1.0000   -1.0000
center:     128.0000 -129.0000 -129.0000
rotation matrix determinant  1.000000
fimgreg.f
image alignment mode   1283 decimal      503 hex
parameters
    0.0000   22.5000   15.0000    0.0000    0.0000    0.0000
eta,q 0.95617 15.60275
niter,ni,del,rscale     5    3   12.0000    1.2000
parameter  4  0.789882 ->  0.500000 qaram    1.1500
parameters
   -2.4455   24.4673   12.4542   -3.4500   -0.9548    1.7681
eta,q 0.96689 15.74365
  0.0468  0.0574  0.0387  0.0341  0.0390  0.0434
  0.0415  0.0498  0.0371  0.0335  0.0349  0.0395
  0.0400  0.0438  0.0364  0.0344  0.0334  0.0358
  0.0429  0.0396  0.0376  0.0362  0.0335  0.0334
  0.0500  0.0376  0.0406  0.0394  0.0352  0.0332
  0.0608  0.0390  0.0442  0.0438  0.0383  0.0342
  0.0723  0.0440  0.0496  0.0474  0.0440  0.0363
niter,ni,del,rscale     5    3   12.0000    1.2000
parameters
   -2.3262   25.1548   12.0193   -6.1015   -1.0390    2.1495
eta,q 0.96856 15.82432
  0.0532  0.0479  0.0399  0.0345  0.0403  0.0399
  0.0423  0.0415  0.0362  0.0314  0.0352  0.0359
  0.0354  0.0365  0.0332  0.0315  0.0321  0.0327
  0.0331  0.0331  0.0325  0.0324  0.0315  0.0314
  0.0341  0.0326  0.0339  0.0353  0.0328  0.0322
  0.0406  0.0360  0.0375  0.0390  0.0359  0.0344
  0.0522  0.0438  0.0427  0.0434  0.0403  0.0381
niter,ni,del,rscale     4    3   12.0000    1.2000
parameters
   -2.4828   25.5223   11.0292   -6.5100   -0.9645    2.1919
eta,q 0.96929 15.85881
  0.0518  0.0467  0.0365  0.0380  0.0396  0.0378
  0.0396  0.0398  0.0334  0.0339  0.0347  0.0341
  0.0327  0.0346  0.0313  0.0307  0.0319  0.0314
  0.0314  0.0314  0.0311  0.0310  0.0307  0.0307
  0.0341  0.0315  0.0330  0.0324  0.0316  0.0318
  0.0419  0.0365  0.0369  0.0354  0.0346  0.0341
  0.0533  0.0445  0.0420  0.0394  0.0391  0.0374
niter,ni,del,rscale     3    3   12.0000    1.2000
parameters
   -2.5710   25.5755   10.7051   -6.7727   -0.8914    2.1778
eta,q 0.96949 15.86988
  0.0520  0.0453  0.0374  0.0381  0.0393  0.0374
  0.0394  0.0382  0.0343  0.0342  0.0347  0.0338
  0.0321  0.0332  0.0316  0.0309  0.0318  0.0312
  0.0307  0.0307  0.0307  0.0307  0.0305  0.0305
  0.0334  0.0324  0.0317  0.0323  0.0314  0.0317
  0.0411  0.0378  0.0348  0.0350  0.0344  0.0340
  0.0524  0.0451  0.0396  0.0390  0.0390  0.0372
niter,ni,del,rscale     2    3   12.0000    1.2000
parameters
   -2.6007   25.6389   10.5499   -6.9362   -0.8405    2.1495
eta,q 0.96958 15.87507
  0.0525  0.0453  0.0375  0.0382  0.0391  0.0373
  0.0397  0.0382  0.0344  0.0343  0.0346  0.0337
  0.0321  0.0330  0.0316  0.0311  0.0318  0.0311
  0.0305  0.0305  0.0305  0.0305  0.0304  0.0304
  0.0332  0.0326  0.0315  0.0322  0.0313  0.0317
  0.0408  0.0378  0.0343  0.0347  0.0343  0.0340
  0.0521  0.0448  0.0388  0.0387  0.0389  0.0371
niter,ni,del,rscale     1    3   12.0000    1.2000
parameters
   -2.6201   25.6907   10.4585   -7.0409   -0.8015    2.1237
eta,q 0.96962 15.87781
  0.0526  0.0452  0.0376  0.0382  0.0390  0.0372
  0.0398  0.0381  0.0343  0.0344  0.0345  0.0337
  0.0321  0.0329  0.0316  0.0312  0.0317  0.0311
  0.0304  0.0304  0.0304  0.0304  0.0304  0.0304
  0.0332  0.0327  0.0313  0.0322  0.0313  0.0316
  0.0407  0.0378  0.0341  0.0346  0.0343  0.0340
  0.0520  0.0447  0.0385  0.0385  0.0389  0.0370
registration optimization eta report
parameter search radius
    6.0000    6.0000    6.0000    6.9000    6.0000    6.0000
100000*second partial in parameter space
       61.       39.       21.       16.       23.       18.
  0.0526  0.0452  0.0376  0.0382  0.0390  0.0372
  0.0398  0.0381  0.0343  0.0344  0.0345  0.0337
  0.0321  0.0329  0.0316  0.0312  0.0317  0.0311
  0.0304  0.0304  0.0304  0.0304  0.0304  0.0304
  0.0332  0.0327  0.0313  0.0322  0.0313  0.0316
  0.0407  0.0378  0.0341  0.0346  0.0343  0.0340
  0.0520  0.0447  0.0385  0.0385  0.0389  0.0370
   -2.6201   25.6907   10.4585   -7.0409   -0.8015    2.1237
eta,q 0.96962 15.87781

---------------------------------------------------------------------
imgreg_4dfp /opt/freesurfer/average/711-2C_as_mni_average_305 /opt/freesurfer/average/711-2B_as_mni_average_305_mask talsrcimg_g11 none talsrcimg_to_711-2C_as_mni_average_305_t4 3335
---------------------------------------------------------------------

freesurfer imgreg_4dfp.c
/opt/freesurfer/average/711-2C_as_mni_average_305.4dfp.img
       256       256       256         1
  1.000000  1.000000  1.000000
orientation T byte_order littleendian
Reading image: /opt/freesurfer/average/711-2C_as_mni_average_305.4dfp.img
dimensions:      256       256       256
mmppix:       1.0000   -1.0000   -1.0000
center:     128.0000 -129.0000 -129.0000
/opt/freesurfer/average/711-2B_as_mni_average_305_mask.4dfp.img
       256       256       256         1
  1.000000  1.000000  1.000000
orientation T byte_order littleendian
Reading mask: /opt/freesurfer/average/711-2B_as_mni_average_305_mask.4dfp.img (2306576 pixels)
talsrcimg_g11.4dfp.img
       256       256       256         1
  1.000000  1.000000  1.000000
orientation T byte_order littleendian
Reading image: talsrcimg_g11.4dfp.img
dimensions:      256       256       256
mmppix:       1.0000   -1.0000   -1.0000
center:     128.0000 -129.0000 -129.0000
fimgreg.f
image alignment mode   3335 decimal      D07 hex
parameters
   -2.6201   25.6907   10.4585   -0.0785   -0.8286   -0.7638
   -3.8491    0.9330    3.7053   12.3007   -1.3988  -12.2565
eta,q 0.97104 15.78471
niter,ni,del,rscale     5    3    5.0000    1.2000
parameter  6 -0.568266 -> -0.500000 qaram    1.1500
parameter 12  1.278188 ->  0.500000 qaram    1.1500
parameters
   -2.6469   26.2194   10.5086   -2.1104   -2.2642    3.3762
   -3.8192    0.0850    3.0983   10.5219   -4.5573  -16.3965
eta,q 0.97316 15.84812
  0.0328  0.0331  0.0302  0.0302  0.0310  0.0320  0.0316  0.0319  0.0302  0.0298  0.0284  0.0266
  0.0306  0.0311  0.0294  0.0293  0.0298  0.0305  0.0299  0.0298  0.0291  0.0287  0.0281  0.0267
  0.0294  0.0298  0.0290  0.0288  0.0289  0.0294  0.0288  0.0286  0.0285  0.0283  0.0281  0.0272
  0.0290  0.0290  0.0288  0.0288  0.0287  0.0287  0.0285  0.0285  0.0284  0.0284  0.0282  0.0280
  0.0294  0.0288  0.0289  0.0297  0.0295  0.0285  0.0289  0.0293  0.0287  0.0291  0.0286  0.0290
  0.0308  0.0294  0.0293  0.0317  0.0315  0.0284  0.0299  0.0312  0.0296  0.0305  0.0292  0.0301
  0.0329  0.0306  0.0301  0.0351  0.0350  0.0285  0.0315  0.0340  0.0309  0.0325  0.0299  0.0314
niter,ni,del,rscale     6    3    5.0000    1.2000
parameters
   -2.6154   26.1816   10.8730   -2.6637   -2.9584    1.9433
   -3.9579    0.0681    2.9430   10.6615   -5.4331  -19.4683
eta,q 0.97348 15.66311
  0.0310  0.0298  0.0287  0.0295  0.0300  0.0287  0.0299  0.0312  0.0290  0.0296  0.0277  0.0274
  0.0287  0.0282  0.0278  0.0283  0.0285  0.0274  0.0282  0.0288  0.0278  0.0280  0.0272  0.0267
  0.0273  0.0272  0.0272  0.0273  0.0274  0.0269  0.0272  0.0273  0.0271  0.0272  0.0269  0.0265
  0.0268  0.0268  0.0268  0.0268  0.0268  0.0269  0.0269  0.0269  0.0269  0.0269  0.0269  0.0268
  0.0273  0.0272  0.0268  0.0271  0.0273  0.0270  0.0273  0.0275  0.0272  0.0271  0.0271  0.0276
  0.0286  0.0283  0.0272  0.0285  0.0291  0.0284  0.0285  0.0289  0.0280  0.0279  0.0276  0.0285
  0.0308  0.0300  0.0279  0.0311  0.0323  0.0317  0.0301  0.0311  0.0292  0.0293  0.0282  0.0297
niter,ni,del,rscale     5    3    5.0000    1.2000
parameters
   -2.5959   26.4316   10.7042   -2.8282   -3.4457    1.4507
   -4.0572   -0.0327    2.9242   11.4104   -5.6812  -20.0083
eta,q 0.97350 15.60762
  0.0306  0.0301  0.0279  0.0294  0.0298  0.0292  0.0297  0.0308  0.0288  0.0298  0.0276  0.0283
  0.0284  0.0283  0.0271  0.0281  0.0283  0.0276  0.0279  0.0284  0.0276  0.0279  0.0270  0.0272
  0.0270  0.0271  0.0266  0.0271  0.0271  0.0267  0.0268  0.0270  0.0268  0.0270  0.0266  0.0266
  0.0265  0.0265  0.0265  0.0265  0.0265  0.0266  0.0266  0.0265  0.0265  0.0265  0.0265  0.0265
  0.0270  0.0266  0.0267  0.0267  0.0269  0.0267  0.0270  0.0272  0.0268  0.0267  0.0267  0.0269
  0.0283  0.0274  0.0274  0.0278  0.0285  0.0275  0.0281  0.0287  0.0276  0.0273  0.0271  0.0276
  0.0304  0.0289  0.0284  0.0302  0.0315  0.0305  0.0298  0.0309  0.0288  0.0286  0.0278  0.0287
niter,ni,del,rscale     4    3    5.0000    1.2000
parameters
   -2.6232   26.6360   10.5908   -2.8514   -3.6146    1.4107
   -4.0671   -0.0509    2.9600   11.7993   -5.6628  -20.3373
eta,q 0.97351 15.60417
  0.0303  0.0298  0.0279  0.0294  0.0299  0.0295  0.0297  0.0308  0.0288  0.0294  0.0277  0.0284
  0.0282  0.0281  0.0271  0.0281  0.0284  0.0278  0.0279  0.0285  0.0275  0.0277  0.0270  0.0272
  0.0269  0.0270  0.0266  0.0271  0.0272  0.0267  0.0268  0.0269  0.0268  0.0268  0.0266  0.0266
  0.0265  0.0265  0.0265  0.0265  0.0265  0.0265  0.0265  0.0265  0.0265  0.0265  0.0265  0.0265
  0.0270  0.0267  0.0267  0.0266  0.0267  0.0266  0.0269  0.0271  0.0267  0.0267  0.0266  0.0268
  0.0283  0.0275  0.0273  0.0277  0.0281  0.0272  0.0280  0.0286  0.0275  0.0275  0.0270  0.0276
  0.0305  0.0289  0.0282  0.0299  0.0309  0.0300  0.0296  0.0307  0.0287  0.0287  0.0277  0.0286
niter,ni,del,rscale     3    3    5.0000    1.2000
parameters
   -2.6363   26.7244   10.5405   -2.8510   -3.7113    1.3962
   -4.0717   -0.0666    2.9628   12.0026   -5.6255  -20.4914
eta,q 0.97351 15.60299
  0.0304  0.0295  0.0280  0.0294  0.0300  0.0295  0.0297  0.0308  0.0287  0.0292  0.0277  0.0285
  0.0282  0.0279  0.0272  0.0281  0.0284  0.0278  0.0279  0.0284  0.0275  0.0276  0.0270  0.0273
  0.0269  0.0269  0.0267  0.0271  0.0272  0.0267  0.0268  0.0269  0.0268  0.0268  0.0266  0.0266
  0.0265  0.0265  0.0265  0.0265  0.0265  0.0265  0.0265  0.0265  0.0265  0.0265  0.0265  0.0265
  0.0270  0.0267  0.0267  0.0266  0.0266  0.0266  0.0269  0.0271  0.0267  0.0267  0.0266  0.0268
  0.0283  0.0276  0.0272  0.0277  0.0280  0.0272  0.0280  0.0286  0.0275  0.0275  0.0270  0.0275
  0.0304  0.0291  0.0281  0.0299  0.0307  0.0299  0.0296  0.0307  0.0287  0.0288  0.0276  0.0285
niter,ni,del,rscale     2    3    5.0000    1.2000
parameters
   -2.6427   26.7702   10.5167   -2.8495   -3.7675    1.3936
   -4.0712   -0.0713    2.9635   12.1117   -5.6032  -20.5797
eta,q 0.97350 15.60261
  0.0304  0.0294  0.0280  0.0294  0.0300  0.0295  0.0297  0.0308  0.0287  0.0291  0.0277  0.0285
  0.0282  0.0278  0.0272  0.0281  0.0284  0.0278  0.0279  0.0285  0.0275  0.0276  0.0270  0.0273
  0.0269  0.0268  0.0267  0.0271  0.0272  0.0267  0.0268  0.0270  0.0268  0.0268  0.0266  0.0267
  0.0265  0.0265  0.0265  0.0265  0.0265  0.0265  0.0265  0.0265  0.0265  0.0265  0.0265  0.0265
  0.0270  0.0268  0.0267  0.0266  0.0266  0.0266  0.0269  0.0271  0.0267  0.0268  0.0267  0.0268
  0.0283  0.0277  0.0272  0.0277  0.0280  0.0272  0.0280  0.0286  0.0275  0.0276  0.0270  0.0275
  0.0304  0.0292  0.0281  0.0299  0.0307  0.0299  0.0296  0.0307  0.0287  0.0289  0.0277  0.0285
niter,ni,del,rscale     1    3    5.0000    1.2000
parameters
   -2.6460   26.7958   10.5032   -2.8448   -3.7991    1.3872
   -4.0698   -0.0760    2.9618   12.1667   -5.5912  -20.6185
eta,q 0.97349 15.60209
  0.0304  0.0294  0.0281  0.0294  0.0300  0.0295  0.0297  0.0308  0.0287  0.0290  0.0277  0.0286
  0.0283  0.0278  0.0272  0.0281  0.0284  0.0278  0.0279  0.0285  0.0275  0.0275  0.0270  0.0273
  0.0269  0.0268  0.0267  0.0271  0.0272  0.0268  0.0268  0.0270  0.0268  0.0268  0.0266  0.0267
  0.0265  0.0265  0.0265  0.0265  0.0265  0.0265  0.0265  0.0265  0.0265  0.0265  0.0265  0.0265
  0.0270  0.0268  0.0267  0.0266  0.0266  0.0266  0.0269  0.0271  0.0268  0.0268  0.0267  0.0268
  0.0283  0.0277  0.0272  0.0277  0.0279  0.0272  0.0280  0.0286  0.0275  0.0276  0.0270  0.0275
  0.0304  0.0292  0.0281  0.0299  0.0306  0.0299  0.0296  0.0307  0.0287  0.0289  0.0276  0.0285
registration optimization eta report
parameter search radius
    2.4000    2.4000    2.4000    7.2000    7.2000    8.2800
    7.2000    7.2000    7.2000    7.2000    7.2000    8.2800
100000*second partial in parameter space
       67.       48.       27.        6.        7.        5.
        6.        8.        4.        5.        2.        3.
  0.0304  0.0294  0.0281  0.0294  0.0300  0.0295  0.0297  0.0308  0.0287  0.0290  0.0277  0.0286
  0.0283  0.0278  0.0272  0.0281  0.0284  0.0278  0.0279  0.0285  0.0275  0.0275  0.0270  0.0273
  0.0269  0.0268  0.0267  0.0271  0.0272  0.0268  0.0268  0.0270  0.0268  0.0268  0.0266  0.0267
  0.0265  0.0265  0.0265  0.0265  0.0265  0.0265  0.0265  0.0265  0.0265  0.0265  0.0265  0.0265
  0.0270  0.0268  0.0267  0.0266  0.0266  0.0266  0.0269  0.0271  0.0268  0.0268  0.0267  0.0268
  0.0283  0.0277  0.0272  0.0277  0.0279  0.0272  0.0280  0.0286  0.0275  0.0276  0.0270  0.0275
  0.0304  0.0292  0.0281  0.0299  0.0306  0.0299  0.0296  0.0307  0.0287  0.0289  0.0276  0.0285
   -2.6460   26.7958   10.5032   -2.8448   -3.7991    1.3872
   -4.0698   -0.0760    2.9618   12.1667   -5.5912  -20.6185
eta,q 0.97349 15.60209

---------------------------------------------------------------------
imgreg_4dfp /opt/freesurfer/average/711-2C_as_mni_average_305 /opt/freesurfer/average/711-2B_as_mni_average_305_mask talsrcimg_g11 none talsrcimg_to_711-2C_as_mni_average_305_t4 2311
---------------------------------------------------------------------

freesurfer imgreg_4dfp.c
/opt/freesurfer/average/711-2C_as_mni_average_305.4dfp.img
       256       256       256         1
  1.000000  1.000000  1.000000
orientation T byte_order littleendian
Reading image: /opt/freesurfer/average/711-2C_as_mni_average_305.4dfp.img
dimensions:      256       256       256
mmppix:       1.0000   -1.0000   -1.0000
center:     128.0000 -129.0000 -129.0000
/opt/freesurfer/average/711-2B_as_mni_average_305_mask.4dfp.img
       256       256       256         1
  1.000000  1.000000  1.000000
orientation T byte_order littleendian
Reading mask: /opt/freesurfer/average/711-2B_as_mni_average_305_mask.4dfp.img (2306576 pixels)
talsrcimg_g11.4dfp.img
       256       256       256         1
  1.000000  1.000000  1.000000
orientation T byte_order littleendian
Reading image: talsrcimg_g11.4dfp.img
dimensions:      256       256       256
mmppix:       1.0000   -1.0000   -1.0000
center:     128.0000 -129.0000 -129.0000
fimgreg.f
image alignment mode   2311 decimal      907 hex
parameters
   -2.6460   26.7958   10.5032   -2.8448   -3.7991    1.3872
   -4.0698   -0.0760    2.9618   12.1667   -5.5912  -20.6185
eta,q 0.97349 15.60208
niter,ni,del,rscale     5    3    5.0000    0.8000
parameters
   -2.6507   26.8024   10.4985   -2.2891   -3.3371    2.2061
   -4.1747   -0.0941    3.0438   12.4375   -5.4129  -20.6115
eta,q 0.97359 15.73265
  0.0283  0.0278  0.0272  0.0281  0.0284  0.0273  0.0279  0.0284  0.0275  0.0277  0.0270  0.0272
  0.0273  0.0271  0.0268  0.0274  0.0275  0.0267  0.0270  0.0273  0.0269  0.0270  0.0266  0.0267
  0.0267  0.0266  0.0266  0.0269  0.0269  0.0265  0.0265  0.0266  0.0266  0.0266  0.0265  0.0265
  0.0265  0.0265  0.0265  0.0265  0.0264  0.0264  0.0264  0.0264  0.0264  0.0264  0.0264  0.0264
  0.0267  0.0266  0.0266  0.0265  0.0264  0.0264  0.0266  0.0267  0.0265  0.0265  0.0265  0.0265
  0.0273  0.0271  0.0268  0.0268  0.0269  0.0265  0.0272  0.0274  0.0268  0.0269  0.0266  0.0267
  0.0283  0.0278  0.0272  0.0277  0.0279  0.0268  0.0280  0.0284  0.0274  0.0274  0.0269  0.0271
niter,ni,del,rscale     4    3    5.0000    0.7000
parameters
   -2.6252   26.7149   10.5005   -2.1882   -3.2012    2.3348
   -4.2079   -0.0798    3.1335   12.3865   -5.3978  -20.5240
eta,q 0.97361 15.75570
  0.0279  0.0273  0.0269  0.0276  0.0278  0.0268  0.0276  0.0280  0.0272  0.0273  0.0268  0.0270
  0.0271  0.0268  0.0266  0.0270  0.0272  0.0265  0.0269  0.0271  0.0268  0.0268  0.0265  0.0267
  0.0266  0.0265  0.0265  0.0266  0.0267  0.0264  0.0265  0.0265  0.0265  0.0265  0.0264  0.0264
  0.0264  0.0264  0.0264  0.0264  0.0264  0.0264  0.0264  0.0264  0.0264  0.0264  0.0264  0.0264
  0.0265  0.0266  0.0265  0.0265  0.0264  0.0264  0.0265  0.0266  0.0265  0.0265  0.0264  0.0265
  0.0270  0.0270  0.0266  0.0268  0.0269  0.0265  0.0269  0.0271  0.0267  0.0268  0.0266  0.0266
  0.0278  0.0276  0.0269  0.0276  0.0278  0.0267  0.0276  0.0279  0.0272  0.0273  0.0268  0.0269
niter,ni,del,rscale     3    3    5.0000    0.6000
parameters
   -2.6191   26.6757   10.5101   -2.1039   -3.0718    2.4148
   -4.2284   -0.0794    3.1855   12.3629   -5.3852  -20.4440
eta,q 0.97363 15.77346
  0.0274  0.0271  0.0268  0.0273  0.0275  0.0266  0.0273  0.0275  0.0270  0.0271  0.0267  0.0268
  0.0269  0.0267  0.0266  0.0269  0.0270  0.0264  0.0268  0.0269  0.0267  0.0267  0.0265  0.0266
  0.0265  0.0265  0.0264  0.0265  0.0266  0.0264  0.0265  0.0265  0.0265  0.0265  0.0264  0.0264
  0.0264  0.0264  0.0264  0.0264  0.0264  0.0264  0.0264  0.0264  0.0264  0.0264  0.0264  0.0264
  0.0265  0.0265  0.0264  0.0264  0.0264  0.0264  0.0265  0.0265  0.0264  0.0265  0.0264  0.0264
  0.0268  0.0268  0.0266  0.0267  0.0268  0.0264  0.0268  0.0269  0.0266  0.0267  0.0265  0.0266
  0.0274  0.0272  0.0268  0.0273  0.0275  0.0266  0.0273  0.0275  0.0270  0.0271  0.0267  0.0268
niter,ni,del,rscale     2    3    5.0000    0.5000
parameters
   -2.6141   26.6462   10.5118   -2.0303   -2.9546    2.3542
   -4.2498   -0.0936    3.2282   12.3035   -5.3967  -20.3889
eta,q 0.97364 15.77847
  0.0271  0.0269  0.0266  0.0270  0.0272  0.0265  0.0270  0.0272  0.0268  0.0268  0.0266  0.0267
  0.0267  0.0266  0.0265  0.0267  0.0268  0.0264  0.0266  0.0267  0.0266  0.0266  0.0264  0.0265
  0.0265  0.0264  0.0264  0.0265  0.0265  0.0264  0.0264  0.0264  0.0264  0.0264  0.0264  0.0264
  0.0264  0.0264  0.0264  0.0264  0.0264  0.0264  0.0264  0.0264  0.0264  0.0264  0.0264  0.0264
  0.0264  0.0264  0.0264  0.0264  0.0264  0.0264  0.0264  0.0265  0.0264  0.0264  0.0264  0.0264
  0.0267  0.0266  0.0265  0.0266  0.0266  0.0264  0.0266  0.0267  0.0265  0.0266  0.0265  0.0265
  0.0271  0.0270  0.0267  0.0270  0.0271  0.0265  0.0270  0.0272  0.0268  0.0269  0.0266  0.0266
niter,ni,del,rscale     1    3    5.0000    0.4000
parameters
   -2.6133   26.6243   10.5159   -1.9858   -2.8487    2.0130
   -4.2651   -0.1236    3.2454   12.1586   -5.4590  -20.3169
eta,q 0.97365 15.75775
  0.0268  0.0267  0.0265  0.0268  0.0269  0.0264  0.0267  0.0269  0.0266  0.0266  0.0265  0.0266
  0.0266  0.0265  0.0264  0.0266  0.0266  0.0264  0.0265  0.0266  0.0265  0.0265  0.0264  0.0264
  0.0264  0.0264  0.0264  0.0264  0.0265  0.0263  0.0264  0.0264  0.0264  0.0264  0.0264  0.0264
  0.0264  0.0264  0.0264  0.0264  0.0264  0.0264  0.0264  0.0264  0.0264  0.0264  0.0263  0.0263
  0.0264  0.0264  0.0264  0.0264  0.0264  0.0264  0.0264  0.0264  0.0264  0.0264  0.0264  0.0264
  0.0266  0.0265  0.0264  0.0265  0.0265  0.0264  0.0265  0.0266  0.0265  0.0265  0.0264  0.0264
  0.0268  0.0267  0.0265  0.0268  0.0268  0.0264  0.0267  0.0269  0.0266  0.0267  0.0265  0.0265
registration optimization eta report
parameter search radius
    0.8000    0.8000    0.8000    2.4000    2.4000    2.4000
    2.4000    2.4000    2.4000    2.4000    2.4000    2.4000
100000*second partial in parameter space
       73.       56.       28.        7.        9.        1.
        7.        9.        5.        6.        2.        3.
  0.0268  0.0267  0.0265  0.0268  0.0269  0.0264  0.0267  0.0269  0.0266  0.0266  0.0265  0.0266
  0.0266  0.0265  0.0264  0.0266  0.0266  0.0264  0.0265  0.0266  0.0265  0.0265  0.0264  0.0264
  0.0264  0.0264  0.0264  0.0264  0.0265  0.0263  0.0264  0.0264  0.0264  0.0264  0.0264  0.0264
  0.0264  0.0264  0.0264  0.0264  0.0264  0.0264  0.0264  0.0264  0.0264  0.0264  0.0263  0.0263
  0.0264  0.0264  0.0264  0.0264  0.0264  0.0264  0.0264  0.0264  0.0264  0.0264  0.0264  0.0264
  0.0266  0.0265  0.0264  0.0265  0.0265  0.0264  0.0265  0.0266  0.0265  0.0265  0.0264  0.0264
  0.0268  0.0267  0.0265  0.0268  0.0268  0.0264  0.0267  0.0269  0.0266  0.0267  0.0265  0.0265
   -2.6133   26.6243   10.5159   -1.9858   -2.8487    2.0130
   -4.2651   -0.1236    3.2454   12.1586   -5.4590  -20.3169
eta,q 0.97365 15.75775

---------------------------------------------------------------------
imgreg_4dfp /opt/freesurfer/average/711-2C_as_mni_average_305 /opt/freesurfer/average/711-2B_as_mni_average_305_mask talsrcimg_g11 none talsrcimg_to_711-2C_as_mni_average_305_t4 2311
---------------------------------------------------------------------

freesurfer imgreg_4dfp.c
/opt/freesurfer/average/711-2C_as_mni_average_305.4dfp.img
       256       256       256         1
  1.000000  1.000000  1.000000
orientation T byte_order littleendian
Reading image: /opt/freesurfer/average/711-2C_as_mni_average_305.4dfp.img
dimensions:      256       256       256
mmppix:       1.0000   -1.0000   -1.0000
center:     128.0000 -129.0000 -129.0000
/opt/freesurfer/average/711-2B_as_mni_average_305_mask.4dfp.img
       256       256       256         1
  1.000000  1.000000  1.000000
orientation T byte_order littleendian
Reading mask: /opt/freesurfer/average/711-2B_as_mni_average_305_mask.4dfp.img (2306576 pixels)
talsrcimg_g11.4dfp.img
       256       256       256         1
  1.000000  1.000000  1.000000
orientation T byte_order littleendian
Reading image: talsrcimg_g11.4dfp.img
dimensions:      256       256       256
mmppix:       1.0000   -1.0000   -1.0000
center:     128.0000 -129.0000 -129.0000
fimgreg.f
image alignment mode   2311 decimal      907 hex
parameters
   -2.6133   26.6243   10.5159   -1.9858   -2.8487    2.0130
   -4.2651   -0.1236    3.2454   12.1586   -5.4590  -20.3169
eta,q 0.97365 15.75776
niter,ni,del,rscale     5    3    5.0000    0.8000
parameters
   -2.6105   26.6018   10.4978   -2.3349   -3.1370    2.2485
   -4.2378   -0.0598    3.1223   12.1357   -5.4579  -20.3825
eta,q 0.97361 15.73870
  0.0282  0.0277  0.0271  0.0277  0.0280  0.0271  0.0280  0.0285  0.0274  0.0276  0.0269  0.0271
  0.0272  0.0270  0.0267  0.0270  0.0272  0.0266  0.0271  0.0273  0.0269  0.0269  0.0266  0.0267
  0.0266  0.0265  0.0264  0.0265  0.0266  0.0264  0.0266  0.0266  0.0265  0.0265  0.0264  0.0265
  0.0263  0.0264  0.0263  0.0263  0.0264  0.0264  0.0264  0.0264  0.0264  0.0264  0.0264  0.0264
  0.0266  0.0265  0.0264  0.0265  0.0266  0.0264  0.0266  0.0266  0.0265  0.0265  0.0265  0.0265
  0.0272  0.0270  0.0267  0.0272  0.0273  0.0265  0.0271  0.0273  0.0269  0.0269  0.0266  0.0268
  0.0282  0.0278  0.0271  0.0283  0.0287  0.0270  0.0279  0.0283  0.0276  0.0276  0.0269  0.0271
niter,ni,del,rscale     4    3    5.0000    0.7000
parameters
   -2.6170   26.6361   10.5439   -2.2072   -3.1221    2.2819
   -4.2281   -0.0791    3.1160   12.1821   -5.4357  -20.3823
eta,q 0.97362 15.74959
  0.0278  0.0275  0.0270  0.0276  0.0278  0.0268  0.0276  0.0279  0.0272  0.0273  0.0268  0.0270
  0.0270  0.0269  0.0267  0.0270  0.0271  0.0265  0.0269  0.0270  0.0268  0.0268  0.0266  0.0266
  0.0265  0.0265  0.0265  0.0266  0.0266  0.0264  0.0265  0.0265  0.0265  0.0265  0.0264  0.0264
  0.0264  0.0264  0.0264  0.0264  0.0264  0.0264  0.0264  0.0264  0.0264  0.0264  0.0264  0.0264
  0.0266  0.0265  0.0264  0.0264  0.0265  0.0264  0.0265  0.0266  0.0265  0.0265  0.0264  0.0265
  0.0270  0.0268  0.0266  0.0268  0.0270  0.0265  0.0269  0.0271  0.0267  0.0268  0.0266  0.0266
  0.0278  0.0274  0.0269  0.0276  0.0279  0.0268  0.0276  0.0279  0.0272  0.0273  0.0268  0.0270
niter,ni,del,rscale     3    3    5.0000    0.6000
parameters
   -2.6131   26.6369   10.5369   -2.1068   -3.0300    2.3188
   -4.2341   -0.0826    3.1590   12.2260   -5.4072  -20.3676
eta,q 0.97363 15.76470
  0.0274  0.0272  0.0268  0.0273  0.0275  0.0266  0.0273  0.0275  0.0270  0.0271  0.0267  0.0268
  0.0268  0.0267  0.0266  0.0269  0.0270  0.0264  0.0268  0.0269  0.0267  0.0267  0.0265  0.0266
  0.0265  0.0265  0.0264  0.0265  0.0266  0.0264  0.0265  0.0265  0.0265  0.0265  0.0264  0.0264
  0.0264  0.0264  0.0264  0.0264  0.0264  0.0264  0.0264  0.0264  0.0264  0.0264  0.0264  0.0264
  0.0265  0.0265  0.0264  0.0264  0.0264  0.0264  0.0265  0.0265  0.0264  0.0264  0.0264  0.0264
  0.0268  0.0267  0.0266  0.0267  0.0268  0.0264  0.0268  0.0269  0.0266  0.0267  0.0265  0.0266
  0.0274  0.0272  0.0268  0.0273  0.0275  0.0266  0.0273  0.0275  0.0270  0.0271  0.0267  0.0268
niter,ni,del,rscale     2    3    5.0000    0.5000
parameters
   -2.6111   26.6281   10.5270   -2.0403   -2.9333    2.2517
   -4.2472   -0.1026    3.2035   12.2077   -5.4111  -20.3488
eta,q 0.97364 15.76878
  0.0271  0.0269  0.0266  0.0270  0.0272  0.0265  0.0270  0.0272  0.0268  0.0269  0.0266  0.0267
  0.0267  0.0266  0.0265  0.0267  0.0268  0.0264  0.0266  0.0267  0.0266  0.0266  0.0264  0.0265
  0.0265  0.0264  0.0264  0.0265  0.0265  0.0263  0.0264  0.0264  0.0264  0.0264  0.0264  0.0264
  0.0264  0.0264  0.0264  0.0264  0.0264  0.0264  0.0264  0.0264  0.0264  0.0264  0.0264  0.0264
  0.0265  0.0264  0.0264  0.0264  0.0264  0.0264  0.0264  0.0265  0.0264  0.0264  0.0264  0.0264
  0.0267  0.0266  0.0265  0.0266  0.0267  0.0264  0.0266  0.0267  0.0265  0.0266  0.0265  0.0265
  0.0271  0.0269  0.0267  0.0270  0.0271  0.0265  0.0270  0.0272  0.0268  0.0269  0.0266  0.0267
niter,ni,del,rscale     1    3    5.0000    0.4000
parameters
   -2.6111   26.6144   10.5236   -1.9969   -2.8387    1.9265
   -4.2614   -0.1377    3.2368   12.1040   -5.4733  -20.2990
eta,q 0.97365 15.74954
  0.0268  0.0267  0.0265  0.0268  0.0269  0.0264  0.0267  0.0269  0.0266  0.0266  0.0265  0.0265
  0.0266  0.0265  0.0264  0.0266  0.0266  0.0264  0.0265  0.0266  0.0265  0.0265  0.0264  0.0264
  0.0264  0.0264  0.0264  0.0264  0.0265  0.0263  0.0264  0.0264  0.0264  0.0264  0.0264  0.0264
  0.0264  0.0264  0.0264  0.0264  0.0264  0.0264  0.0263  0.0263  0.0263  0.0263  0.0263  0.0263
  0.0264  0.0264  0.0264  0.0264  0.0264  0.0264  0.0264  0.0264  0.0264  0.0264  0.0264  0.0264
  0.0266  0.0265  0.0264  0.0265  0.0266  0.0264  0.0265  0.0266  0.0265  0.0265  0.0264  0.0264
  0.0268  0.0267  0.0265  0.0268  0.0269  0.0264  0.0267  0.0269  0.0266  0.0267  0.0265  0.0265
registration optimization eta report
parameter search radius
    0.8000    0.8000    0.8000    2.4000    2.4000    2.4000
    2.4000    2.4000    2.4000    2.4000    2.4000    2.4000
100000*second partial in parameter space
       73.       56.       28.        7.        9.        1.
        7.        9.        5.        6.        2.        3.
  0.0268  0.0267  0.0265  0.0268  0.0269  0.0264  0.0267  0.0269  0.0266  0.0266  0.0265  0.0265
  0.0266  0.0265  0.0264  0.0266  0.0266  0.0264  0.0265  0.0266  0.0265  0.0265  0.0264  0.0264
  0.0264  0.0264  0.0264  0.0264  0.0265  0.0263  0.0264  0.0264  0.0264  0.0264  0.0264  0.0264
  0.0264  0.0264  0.0264  0.0264  0.0264  0.0264  0.0263  0.0263  0.0263  0.0263  0.0263  0.0263
  0.0264  0.0264  0.0264  0.0264  0.0264  0.0264  0.0264  0.0264  0.0264  0.0264  0.0264  0.0264
  0.0266  0.0265  0.0264  0.0265  0.0266  0.0264  0.0265  0.0266  0.0265  0.0265  0.0264  0.0264
  0.0268  0.0267  0.0265  0.0268  0.0269  0.0264  0.0267  0.0269  0.0266  0.0267  0.0265  0.0265
   -2.6111   26.6144   10.5236   -1.9969   -2.8387    1.9265
   -4.2614   -0.1377    3.2368   12.1040   -5.4733  -20.2990
eta,q 0.97365 15.74954

---------------------------------------------------------------------
compute_vox2vox talsrcimg talsrcimg_to_711-2C_as_mni_average_305_t4 /opt/freesurfer/average/711-2C_as_mni_average_305
---------------------------------------------------------------------

freesurfer compute_vox2vox.c
Reading: talsrcimg.4dfp.ifh
Reading: talsrcimg_to_711-2C_as_mni_average_305_t4
Reading: /opt/freesurfer/average/711-2C_as_mni_average_305.4dfp.ifh
Writing: talsrcimg_to_711-2C_as_mni_average_305_t4_vox2vox.txt

start time Wed Mar 11 13:21:49 CET 2026
end		time Wed Mar 11 13:23:15 CET 2026

mpr2mni305 success

avi2talxfm orig_nu.mgz /opt/freesurfer/average/mni305.cor.mgz talsrcimg_to_711-2C_as_mni_average_305_t4_vox2vox.txt transforms/talairach.auto.xfm
avi2talxfm done
mv -f /out/sourcedata/freesurfer/sub-v2s18x29497_ses-1/mri/talsrcimg_to_711-2C_as_mni_average_305_t4_vox2vox.txt /out/sourcedata/freesurfer/sub-v2s18x29497_ses-1/mri/transforms/talsrcimg_to_711-2C_as_mni_average_305_t4_vox2vox.txt
lta_convert --src orig_nu.mgz --trg /opt/freesurfer/average/mni305.cor.mgz --inxfm transforms/talairach.auto.xfm --outlta transforms/talairach.auto.xfm.lta --subject fsaverage
7.3.2

--src: orig_nu.mgz src image (geometry).
--trg: /opt/freesurfer/average/mni305.cor.mgz trg image (geometry).
--inmni: transforms/talairach.auto.xfm input MNI/XFM transform.
--outlta: transforms/talairach.auto.xfm.lta output LTA.
--s: fsaverage subject name
 LTA read, type : 1
 1.01871  -0.00383   0.04388   4.74686;
 0.04678   0.95717   0.20202  -44.87950;
-0.03977  -0.11911   1.00259  -0.61735;
 0.00000   0.00000   0.00000   1.00000;
setting subject to fsaverage
Writing  LTA to file transforms/talairach.auto.xfm.lta...
lta_convert successful.
 
 
Started at Wed Mar 11 13:21:49 CET 2026
Ended   at Wed Mar 11 13:23:15 CET 2026
talairach_avi done
