/out/sourcedata/freesurfer/sub-v2s18x29527_ses-1/mri
/opt/freesurfer/bin/talairach_avi
--i orig_nu.mgz --xfm transforms/talairach.auto.xfm
talairach_avi 7.3.2
Linux dna024 5.14.0-427.37.1.el9_4.x86_64 #1 SMP PREEMPT_DYNAMIC Fri Sep 13 12:41:50 EDT 2024 x86_64 x86_64 x86_64 GNU/Linux
Wed Mar 11 14:47:33 CET 2026
mri_convert orig_nu.mgz talsrcimg.img 
reading from orig_nu.mgz...
TR=0.00, TE=0.00, TI=0.00, flip angle=0.00
i_ras = (-1, 5.8003e-10, 0)
j_ras = (-1.86265e-09, 1.45519e-11, -1)
k_ras = (-1.14142e-10, 1, -1.45519e-11)
writing to talsrcimg.img...
Analyze Output Matrix
-1.00000  -0.00000  -0.00000   132.30382;
 0.00000   0.00000   1.00000  -104.77883;
 0.00000  -1.00000  -0.00000   107.14059;
 0.00000   0.00000   0.00000   1.00000;
--------------------
INFO: set hdr.hist.orient to -1
mpr2mni305 talsrcimg
Wed Mar 11 14:47:34 CET 2026
/opt/freesurfer/bin/mpr2mni305 talsrcimg
mpr2mni305 7.3.2
target=711-2C_as_mni_average_305

---------------------------------------------------------------------
analyzeto4dfp talsrcimg -O0 -y
---------------------------------------------------------------------

freesurfer ifh2hdr.c
Wed Mar 11 14:47:34 2026
Writing: talsrcimg.4dfp.hdr
freesurfer analyzeto4dfp.c
Reading: talsrcimg.hdr
header size 348 bytes
hdr.dime.datatype	offset=70	value=2
hdr.dime.bitpix		offset=72	value=8
hdr.hist.orient		offset=252	value=-1
dimensionality     4
dimensions       256       256       256         1
Reading: talsrcimg.img
Writing: talsrcimg.4dfp.img
Writing: talsrcimg.4dfp.ifh
ifh2hdr talsrcimg -r0to213
ori=2

---------------------------------------------------------------------
gauss_4dfp talsrcimg 1.1
---------------------------------------------------------------------

freesurfer gauss_4dfp.c
Reading: talsrcimg.4dfp.img
Writing: talsrcimg_g11.4dfp.img
image dimensions 256 256 256 padded to 288 288 288
processing volume 1freesurfer ifh2hdr.c
Wed Mar 11 14:47:35 2026
Writing: talsrcimg_g11.4dfp.hdr

Writing: talsrcimg_g11.4dfp.ifh
including: talsrcimg.4dfp.img.rec in talsrcimg_g11.4dfp.img.rec

---------------------------------------------------------------------
imgreg_4dfp /opt/freesurfer/average/711-2C_as_mni_average_305 none talsrcimg_g11 none talsrcimg_to_711-2C_as_mni_average_305_t4 4355
---------------------------------------------------------------------

freesurfer imgreg_4dfp.c
/opt/freesurfer/average/711-2C_as_mni_average_305.4dfp.img
       256       256       256         1
  1.000000  1.000000  1.000000
orientation T byte_order littleendian
Reading image: /opt/freesurfer/average/711-2C_as_mni_average_305.4dfp.img
dimensions:      256       256       256
mmppix:       1.0000   -1.0000   -1.0000
center:     128.0000 -129.0000 -129.0000
talsrcimg_g11.4dfp.img
       256       256       256         1
  1.000000  1.000000  1.000000
orientation T byte_order littleendian
Reading image: talsrcimg_g11.4dfp.img
dimensions:      256       256       256
mmppix:       1.0000   -1.0000   -1.0000
center:     128.0000 -129.0000 -129.0000
t4_read: open error in t4_sub.f l:  41 t4_file(1:l)talsrcimg_to_711-2C_as_mni_average_305_t4 
t4_read: transform initialized to I4
rotation matrix determinant  1.000000
image alignment mode   4355 decimal     1103 hex
   -7.5000  -45.0000  -45.0000 6527.4995   17.8863
    0.0000  -45.0000  -45.0000 6763.8999   17.8952
    7.5000  -45.0000  -45.0000 6482.6724   17.9121
   -7.5000  -37.5000  -45.0000 7104.1660   17.3519
    0.0000  -37.5000  -45.0000 7369.9043   17.3606
    7.5000  -37.5000  -45.0000 7028.8931   17.3759
   -7.5000  -30.0000  -45.0000 7988.8745   16.9697
    0.0000  -30.0000  -45.0000 8303.8652   16.9779
    7.5000  -30.0000  -45.0000 7895.7622   16.9942
   -7.5000  -22.5000  -45.0000 9010.6162   16.8446
    0.0000  -22.5000  -45.0000 9372.8770   16.8496
    7.5000  -22.5000  -45.0000 8892.4746   16.8668
   -7.5000  -15.0000  -45.000010038.0176   16.7463
    0.0000  -15.0000  -45.000010444.4834   16.7504
    7.5000  -15.0000  -45.0000 9898.8818   16.7696
   -7.5000   -7.5000  -45.000011027.9219   16.6550
    0.0000   -7.5000  -45.000011482.6543   16.6611
    7.5000   -7.5000  -45.000010845.7354   16.6811
   -7.5000    0.0000  -45.000011893.9180   16.6156
    0.0000    0.0000  -45.000012390.3096   16.6232
    7.5000    0.0000  -45.000011681.8633   16.6422
   -7.5000    7.5000  -45.000011877.2041   16.6216
    0.0000    7.5000  -45.000012357.6709   16.6313
    7.5000    7.5000  -45.000011663.0400   16.6502
   -7.5000   15.0000  -45.000011761.0508   16.6485
    0.0000   15.0000  -45.000012228.2314   16.6580
    7.5000   15.0000  -45.000011535.7646   16.6770
   -7.5000   22.5000  -45.000011448.8906   16.6667
    0.0000   22.5000  -45.000011914.5928   16.6726
    7.5000   22.5000  -45.000011275.8877   16.6916
   -7.5000   30.0000  -45.000011036.5020   16.4476
    0.0000   30.0000  -45.000011476.0654   16.4522
    7.5000   30.0000  -45.000010864.1758   16.4719
   -7.5000   37.5000  -45.000011014.2754   16.4179
    0.0000   37.5000  -45.000011470.3125   16.4239
    7.5000   37.5000  -45.000010831.1045   16.4438
   -7.5000   45.0000  -45.000010428.9277   15.9779
    0.0000   45.0000  -45.000010858.1309   15.9852
    7.5000   45.0000  -45.000010262.4199   16.0035
   -7.5000  -45.0000  -37.5000 6858.7471   17.7729
    0.0000  -45.0000  -37.5000 7132.4648   17.7793
    7.5000  -45.0000  -37.5000 6811.9434   17.7970
   -7.5000  -37.5000  -37.5000 7468.9888   17.2440
    0.0000  -37.5000  -37.5000 7762.7476   17.2522
    7.5000  -37.5000  -37.5000 7397.3218   17.2676
   -7.5000  -30.0000  -37.5000 8424.0674   16.8591
    0.0000  -30.0000  -37.5000 8768.7930   16.8684
    7.5000  -30.0000  -37.5000 8341.2051   16.8853
   -7.5000  -22.5000  -37.5000 9499.4141   16.7288
    0.0000  -22.5000  -37.5000 9902.1738   16.7343
    7.5000  -22.5000  -37.5000 9408.7461   16.7536
   -7.5000  -15.0000  -37.500010577.1885   16.6336
    0.0000  -15.0000  -37.500011034.6973   16.6359
    7.5000  -15.0000  -37.500010467.0254   16.6577
   -7.5000   -7.5000  -37.500011643.5293   16.5507
    0.0000   -7.5000  -37.500012142.4268   16.5535
    7.5000   -7.5000  -37.500011447.8955   16.5755
   -7.5000    0.0000  -37.500012546.9141   16.5176
    0.0000    0.0000  -37.500013088.7285   16.5229
    7.5000    0.0000  -37.500012316.9639   16.5427
   -7.5000    7.5000  -37.500012522.4932   16.5229
    0.0000    7.5000  -37.500013053.6973   16.5321
    7.5000    7.5000  -37.500012304.7822   16.5511
   -7.5000   15.0000  -37.500012365.9062   16.5424
    0.0000   15.0000  -37.500012880.3662   16.5527
    7.5000   15.0000  -37.500012163.0156   16.5723
   -7.5000   22.5000  -37.500012062.5400   16.5535
    0.0000   22.5000  -37.500012562.7773   16.5599
    7.5000   22.5000  -37.500011857.5020   16.5808
   -7.5000   30.0000  -37.500011606.6592   16.3372
    0.0000   30.0000  -37.500012085.6777   16.3400
    7.5000   30.0000  -37.500011409.3428   16.3623
   -7.5000   37.5000  -37.500011568.4199   16.3151
    0.0000   37.5000  -37.500012042.0869   16.3179
    7.5000   37.5000  -37.500011329.7246   16.3398
   -7.5000   45.0000  -37.500010969.1465   15.8837
    0.0000   45.0000  -37.500011420.3213   15.8887
    7.5000   45.0000  -37.500010756.9707   15.9078
   -7.5000  -45.0000  -30.0000 7288.7041   18.5273
    0.0000  -45.0000  -30.0000 7605.3911   18.5411
    7.5000  -45.0000  -30.0000 7248.5610   18.5554
   -7.5000  -37.5000  -30.0000 7968.8286   17.9788
    0.0000  -37.5000  -30.0000 8311.9219   17.9918
    7.5000  -37.5000  -30.0000 7905.2856   18.0019
   -7.5000  -30.0000  -30.0000 9017.3389   17.5745
    0.0000  -30.0000  -30.0000 9418.4893   17.5857
    7.5000  -30.0000  -30.0000 8943.6035   17.5961
   -7.5000  -22.5000  -30.000010190.5273   17.4335
    0.0000  -22.5000  -30.000010643.1445   17.4397
    7.5000  -22.5000  -30.000010097.6787   17.4543
   -7.5000  -15.0000  -30.000011329.6025   17.3327
    0.0000  -15.0000  -30.000011815.6016   17.3365
    7.5000  -15.0000  -30.000011203.5811   17.3559
   -7.5000   -7.5000  -30.000012465.5693   17.2492
    0.0000   -7.5000  -30.000012999.2949   17.2563
    7.5000   -7.5000  -30.000012272.0791   17.2766
   -7.5000    0.0000  -30.000013457.9863   17.2187
    0.0000    0.0000  -30.000014045.4092   17.2302
    7.5000    0.0000  -30.000013221.0225   17.2475
   -7.5000    7.5000  -30.000013422.5850   17.2263
    0.0000    7.5000  -30.000013995.7578   17.2402
    7.5000    7.5000  -30.000013207.8340   17.2544
   -7.5000   15.0000  -30.000013220.7451   17.2445
    0.0000   15.0000  -30.000013805.4971   17.2567
    7.5000   15.0000  -30.000013016.7900   17.2703
   -7.5000   22.5000  -30.000012926.5342   17.2499
    0.0000   22.5000  -30.000013479.7568   17.2569
    7.5000   22.5000  -30.000012687.7861   17.2732
   -7.5000   30.0000  -30.000012432.9414   17.0259
    0.0000   30.0000  -30.000012953.1865   17.0301
    7.5000   30.0000  -30.000012194.4824   17.0500
   -7.5000   37.5000  -30.000012349.3047   17.0052
    0.0000   37.5000  -30.000012859.8760   17.0123
    7.5000   37.5000  -30.000012069.9492   17.0325
   -7.5000   45.0000  -30.000011720.2812   16.5700
    0.0000   45.0000  -30.000012209.4961   16.5811
    7.5000   45.0000  -30.000011474.6191   16.5977
   -7.5000  -45.0000  -22.5000 7759.7632   19.2031
    0.0000  -45.0000  -22.5000 8103.0186   19.2274
    7.5000  -45.0000  -22.5000 7721.7471   19.2354
   -7.5000  -37.5000  -22.5000 8516.2598   18.6345
    0.0000  -37.5000  -22.5000 8874.4883   18.6534
    7.5000  -37.5000  -22.5000 8441.1289   18.6562
   -7.5000  -30.0000  -22.5000 9666.3252   18.2183
    0.0000  -30.0000  -22.500010080.4189   18.2304
    7.5000  -30.0000  -22.5000 9570.9990   18.2322
   -7.5000  -22.5000  -22.500010903.4727   18.0761
    0.0000  -22.5000  -22.500011369.7607   18.0820
    7.5000  -22.5000  -22.500010791.1709   18.0877
   -7.5000  -15.0000  -22.500012090.8516   17.9706
    0.0000  -15.0000  -22.500012597.8281   17.9774
    7.5000  -15.0000  -22.500011937.5762   17.9896
   -7.5000   -7.5000  -22.500013309.7646   17.8799
    0.0000   -7.5000  -22.500013886.4521   17.8948
    7.5000   -7.5000  -22.500013120.4004   17.9096
   -7.5000    0.0000  -22.500014403.0098   17.8447
    0.0000    0.0000  -22.500015031.2480   17.8654
    7.5000    0.0000  -22.500014144.4727   17.8774
   -7.5000    7.5000  -22.500014360.5488   17.8524
    0.0000    7.5000  -22.500014946.6074   17.8718
    7.5000    7.5000  -22.500014101.0439   17.8794
   -7.5000   15.0000  -22.500014141.3818   17.8756
    0.0000   15.0000  -22.500014726.7705   17.8887
    7.5000   15.0000  -22.500013870.3965   17.8941
   -7.5000   22.5000  -22.500013837.8135   17.8845
    0.0000   22.5000  -22.500014421.6055   17.8914
    7.5000   22.5000  -22.500013532.8428   17.8992
   -7.5000   30.0000  -22.500013303.5244   17.6557
    0.0000   30.0000  -22.500013867.4736   17.6628
    7.5000   30.0000  -22.500013002.1367   17.6758
   -7.5000   37.5000  -22.500013155.0801   17.6298
    0.0000   37.5000  -22.500013725.6465   17.6446
    7.5000   37.5000  -22.500012870.3965   17.6593
   -7.5000   45.0000  -22.500012442.2100   17.1854
    0.0000   45.0000  -22.500012990.5791   17.2053
    7.5000   45.0000  -22.500012210.4834   17.2168
   -7.5000  -45.0000  -15.0000 8244.8193   19.6679
    0.0000  -45.0000  -15.0000 8603.7568   19.6983
    7.5000  -45.0000  -15.0000 8192.2217   19.7052
   -7.5000  -37.5000  -15.0000 9064.0732   19.0852
    0.0000  -37.5000  -15.0000 9430.1738   19.1078
    7.5000  -37.5000  -15.0000 8955.9814   19.1104
   -7.5000  -30.0000  -15.000010284.8311   18.6673
    0.0000  -30.0000  -15.000010710.9248   18.6796
    7.5000  -30.0000  -15.000010157.0693   18.6801
   -7.5000  -22.5000  -15.000011596.2803   18.5307
    0.0000  -22.5000  -15.000012083.7969   18.5361
    7.5000  -22.5000  -15.000011460.6055   18.5380
   -7.5000  -15.0000  -15.000012869.8037   18.4220
    0.0000  -15.0000  -15.000013402.6924   18.4309
    7.5000  -15.0000  -15.000012700.5732   18.4385
   -7.5000   -7.5000  -15.000014148.4219   18.3205
    0.0000   -7.5000  -15.000014752.7139   18.3406
    7.5000   -7.5000  -15.000013940.5049   18.3525
   -7.5000    0.0000  -15.000015366.3584   18.2766
    0.0000    0.0000  -15.000016004.4014   18.3028
    7.5000    0.0000  -15.000015055.6807   18.3137
   -7.5000    7.5000  -15.000015299.7871   18.2839
    0.0000    7.5000  -15.000015920.7285   18.3067
    7.5000    7.5000  -15.000014990.0000   18.3140
   -7.5000   15.0000  -15.000015044.2568   18.3156
    0.0000   15.0000  -15.000015656.1045   18.3291
    7.5000   15.0000  -15.000014744.4854   18.3333
   -7.5000   22.5000  -15.000014745.0254   18.3331
    0.0000   22.5000  -15.000015367.0996   18.3395
    7.5000   22.5000  -15.000014403.5762   18.3437
   -7.5000   30.0000  -15.000014191.1611   18.1018
    0.0000   30.0000  -15.000014809.0781   18.1111
    7.5000   30.0000  -15.000013860.7666   18.1196
   -7.5000   37.5000  -15.000013988.1484   18.0668
    0.0000   37.5000  -15.000014632.6318   18.0867
    7.5000   37.5000  -15.000013707.1865   18.0986
   -7.5000   45.0000  -15.000013227.6328   17.6119
    0.0000   45.0000  -15.000013804.7188   17.6372
    7.5000   45.0000  -15.000012974.7402   17.6476
   -7.5000  -45.0000   -7.5000 8751.0010   19.8583
    0.0000  -45.0000   -7.5000 9115.1787   19.8818
    7.5000  -45.0000   -7.5000 8674.1152   19.8940
   -7.5000  -37.5000   -7.5000 9618.9854   19.2708
    0.0000  -37.5000   -7.5000 9994.0625   19.2887
    7.5000  -37.5000   -7.5000 9495.7588   19.2986
   -7.5000  -30.0000   -7.500010894.1270   18.8535
    0.0000  -30.0000   -7.500011338.4873   18.8648
    7.5000  -30.0000   -7.500010766.1562   18.8737
   -7.5000  -22.5000   -7.500012303.7686   18.7196
    0.0000  -22.5000   -7.500012800.8301   18.7254
    7.5000  -22.5000   -7.500012156.4941   18.7344
   -7.5000  -15.0000   -7.500013660.9365   18.6095
    0.0000  -15.0000   -7.500014209.1934   18.6179
    7.5000  -15.0000   -7.500013474.0645   18.6303
   -7.5000   -7.5000   -7.500015020.3184   18.5033
    0.0000   -7.5000   -7.500015637.8369   18.5196
    7.5000   -7.5000   -7.500014803.0215   18.5352
   -7.5000    0.0000   -7.500016382.1768   18.4560
    0.0000    0.0000   -7.500017056.9902   18.4762
    7.5000    0.0000   -7.500016007.4463   18.4915
   -7.5000    7.5000   -7.500016358.1475   18.4636
    0.0000    7.5000   -7.500017018.1621   18.4820
    7.5000    7.5000   -7.500015954.7139   18.4961
   -7.5000   15.0000   -7.500016043.8018   18.4985
    0.0000   15.0000   -7.500016693.2969   18.5111
    7.5000   15.0000   -7.500015694.6172   18.5234
   -7.5000   22.5000   -7.500015673.0479   18.5174
    0.0000   22.5000   -7.500016348.0215   18.5243
    7.5000   22.5000   -7.500015342.9277   18.5354
   -7.5000   30.0000   -7.500015061.2959   18.2852
    0.0000   30.0000   -7.500015768.6436   18.2941
    7.5000   30.0000   -7.500014765.7979   18.3073
   -7.5000   37.5000   -7.500014839.0908   18.2467
    0.0000   37.5000   -7.500015553.7637   18.2628
    7.5000   37.5000   -7.500014570.7139   18.2784
   -7.5000   45.0000   -7.500014047.6299   17.7881
    0.0000   45.0000   -7.500014699.1318   17.8075
    7.5000   45.0000   -7.500013757.2256   17.8223
   -7.5000  -45.0000    0.0000 9170.1982   19.8585
    0.0000  -45.0000    0.0000 9532.6699   19.8686
    7.5000  -45.0000    0.0000 9086.9824   19.8866
   -7.5000  -37.5000    0.000010076.8926   19.2699
    0.0000  -37.5000    0.000010471.3896   19.2799
    7.5000  -37.5000    0.0000 9936.9531   19.2965
   -7.5000  -30.0000    0.000011408.9248   18.8491
    0.0000  -30.0000    0.000011866.7344   18.8587
    7.5000  -30.0000    0.000011270.3760   18.8765
   -7.5000  -22.5000    0.000012876.0361   18.7114
    0.0000  -22.5000    0.000013392.3105   18.7174
    7.5000  -22.5000    0.000012713.9668   18.7363
   -7.5000  -15.0000    0.000014317.8652   18.6028
    0.0000  -15.0000    0.000014884.7129   18.6078
    7.5000  -15.0000    0.000014122.6250   18.6287
   -7.5000   -7.5000    0.000015730.0508   18.5017
    0.0000   -7.5000    0.000016366.6289   18.5086
    7.5000   -7.5000    0.000015509.9482   18.5303
   -7.5000    0.0000    0.000017200.8008   18.4580
    0.0000    0.0000    0.000017925.1074   18.4666
    7.5000    0.0000    0.000016820.8984   18.4871
   -7.5000    7.5000    0.000017329.0742   18.4649
    0.0000    7.5000    0.000018068.6367   18.4759
    7.5000    7.5000    0.000016835.5312   18.4964
   -7.5000   15.0000    0.000017059.7422   18.4949
    0.0000   15.0000    0.000017819.1211   18.5059
    7.5000   15.0000    0.000016669.1035   18.5267
   -7.5000   22.5000    0.000016574.7910   18.5092
    0.0000   22.5000    0.000017293.4160   18.5163
    7.5000   22.5000    0.000016273.6475   18.5371
   -7.5000   30.0000    0.000015900.5986   18.2788
    0.0000   30.0000    0.000016650.1641   18.2842
    7.5000   30.0000    0.000015612.2217   18.3057
   -7.5000   37.5000    0.000015646.9854   18.2454
    0.0000   37.5000    0.000016395.8652   18.2523
    7.5000   37.5000    0.000015333.0400   18.2739
   -7.5000   45.0000    0.000014850.7949   17.7914
    0.0000   45.0000    0.000015499.8506   17.7996
    7.5000   45.0000    0.000014437.6006   17.8194
   -7.5000  -45.0000    7.5000 8849.8711   19.8583
    0.0000  -45.0000    7.5000 9183.7188   19.8654
    7.5000  -45.0000    7.5000 8763.7920   19.8850
   -7.5000  -37.5000    7.5000 9734.1562   19.2694
    0.0000  -37.5000    7.500010104.3877   19.2784
    7.5000  -37.5000    7.5000 9620.7920   19.2956
   -7.5000  -30.0000    7.500011008.1348   18.8407
    0.0000  -30.0000    7.500011460.7275   18.8511
    7.5000  -30.0000    7.500010894.9619   18.8698
   -7.5000  -22.5000    7.500012400.8174   18.6949
    0.0000  -22.5000    7.500012932.4414   18.7011
    7.5000  -22.5000    7.500012290.7207   18.7226
   -7.5000  -15.0000    7.500013782.6084   18.5877
    0.0000  -15.0000    7.500014352.4014   18.5902
    7.5000  -15.0000    7.500013654.5215   18.6146
   -7.5000   -7.5000    7.500015130.7617   18.4944
    0.0000   -7.5000    7.500015732.6855   18.4976
    7.5000   -7.5000    7.500014967.8369   18.5221
   -7.5000    0.0000    7.500016573.6973   18.4577
    0.0000    0.0000    7.500017241.2812   18.4635
    7.5000    0.0000    7.500016302.2920   18.4856
   -7.5000    7.5000    7.500016878.9062   18.4646
    0.0000    7.5000    7.500017626.0781   18.4749
    7.5000    7.5000    7.500016408.7715   18.4960
   -7.5000   15.0000    7.500016856.2129   18.4872
    0.0000   15.0000    7.500017578.4668   18.4988
    7.5000   15.0000    7.500016340.2393   18.5205
   -7.5000   22.5000    7.500016399.5176   18.4934
    0.0000   22.5000    7.500017042.3301   18.5005
    7.5000   22.5000    7.500015962.9766   18.5238
   -7.5000   30.0000    7.500015708.2656   18.2637
    0.0000   30.0000    7.500016316.1768   18.2668
    7.5000   30.0000    7.500015272.0156   18.2917
   -7.5000   37.5000    7.500015389.4502   18.2382
    0.0000   37.5000    7.500015988.9922   18.2414
    7.5000   37.5000    7.500014916.2490   18.2657
   -7.5000   45.0000    7.500014471.9814   17.7911
    0.0000   45.0000    7.500014994.7627   17.7967
    7.5000   45.0000    7.500013985.1709   17.8180
   -7.5000  -45.0000   15.0000 8433.3604   19.9200
    0.0000  -45.0000   15.0000 8759.8965   19.9350
    7.5000  -45.0000   15.0000 8349.2998   19.9504
   -7.5000  -37.5000   15.0000 9271.1582   19.3316
    0.0000  -37.5000   15.0000 9676.0381   19.3459
    7.5000  -37.5000   15.0000 9192.1025   19.3566
   -7.5000  -30.0000   15.000010479.0537   18.8974
    0.0000  -30.0000   15.000010952.9834   18.9097
    7.5000  -30.0000   15.000010412.4648   18.9209
   -7.5000  -22.5000   15.000011821.1582   18.7456
    0.0000  -22.5000   15.000012333.8154   18.7525
    7.5000  -22.5000   15.000011740.6445   18.7682
   -7.5000  -15.0000   15.000013122.6904   18.6369
    0.0000  -15.0000   15.000013641.5342   18.6412
    7.5000  -15.0000   15.000013020.7803   18.6620
   -7.5000   -7.5000   15.000014379.0146   18.5468
    0.0000   -7.5000   15.000014901.5840   18.5546
    7.5000   -7.5000   15.000014281.1514   18.5765
   -7.5000    0.0000   15.000015759.9336   18.5139
    0.0000    0.0000   15.000016336.9082   18.5265
    7.5000    0.0000   15.000015592.2178   18.5451
   -7.5000    7.5000   15.000016074.9326   18.5223
    0.0000    7.5000   15.000016704.0781   18.5375
    7.5000    7.5000   15.000015711.2725   18.5527
   -7.5000   15.0000   15.000015964.4883   18.5421
    0.0000   15.0000   15.000016539.4648   18.5555
    7.5000   15.0000   15.000015586.2090   18.5701
   -7.5000   22.5000   15.000015577.2070   18.5438
    0.0000   22.5000   15.000016091.6592   18.5516
    7.5000   22.5000   15.000015193.5596   18.5692
   -7.5000   30.0000   15.000014988.8799   18.3123
    0.0000   30.0000   15.000015540.4473   18.3170
    7.5000   30.0000   15.000014568.3340   18.3385
   -7.5000   37.5000   15.000014673.7090   18.2898
    0.0000   37.5000   15.000015266.2900   18.2976
    7.5000   37.5000   15.000014248.3789   18.3194
   -7.5000   45.0000   15.000013692.1504   17.8452
    0.0000   45.0000   15.000014257.9189   17.8574
    7.5000   45.0000   15.000013334.3535   17.8753
   -7.5000  -45.0000   22.5000 7950.1777   20.0747
    0.0000  -45.0000   22.5000 8271.8594   20.1012
    7.5000  -45.0000   22.5000 7884.5635   20.1094
   -7.5000  -37.5000   22.5000 8763.2930   19.4855
    0.0000  -37.5000   22.5000 9157.7861   19.5064
    7.5000  -37.5000   22.5000 8694.5635   19.5092
   -7.5000  -30.0000   22.5000 9913.8965   19.0540
    0.0000  -30.0000   22.500010361.0732   19.0678
    7.5000  -30.0000   22.5000 9833.8418   19.0695
   -7.5000  -22.5000   22.500011163.8184   18.9033
    0.0000  -22.5000   22.500011643.7754   18.9107
    7.5000  -22.5000   22.500011081.9062   18.9165
   -7.5000  -15.0000   22.500012396.9561   18.7912
    0.0000  -15.0000   22.500012902.6709   18.7995
    7.5000  -15.0000   22.500012306.1777   18.8121
   -7.5000   -7.5000   22.500013614.0342   18.6952
    0.0000   -7.5000   22.500014142.2842   18.7119
    7.5000   -7.5000   22.500013530.3066   18.7273
   -7.5000    0.0000   22.500014890.3047   18.6588
    0.0000    0.0000   22.500015469.9863   18.6815
    7.5000    0.0000   22.500014732.5186   18.6939
   -7.5000    7.5000   22.500015037.0234   18.6681
    0.0000    7.5000   22.500015622.2324   18.6894
    7.5000    7.5000   22.500014799.0283   18.6973
   -7.5000   15.0000   22.500014801.8633   18.6929
    0.0000   15.0000   22.500015336.0420   18.7077
    7.5000   15.0000   22.500014589.6289   18.7133
   -7.5000   22.5000   22.500014482.5059   18.6987
    0.0000   22.5000   22.500014969.3252   18.7071
    7.5000   22.5000   22.500014257.5400   18.7151
   -7.5000   30.0000   22.500013989.8594   18.4638
    0.0000   30.0000   22.500014523.0957   18.4725
    7.5000   30.0000   22.500013731.0146   18.4859
   -7.5000   37.5000   22.500013795.6035   18.4361
    0.0000   37.5000   22.500014362.0156   18.4527
    7.5000   37.5000   22.500013515.7832   18.4681
   -7.5000   45.0000   22.500012908.3887   17.9849
    0.0000   45.0000   22.500013434.6592   18.0068
    7.5000   45.0000   22.500012662.4912   18.0188
   -7.5000  -45.0000   30.0000 7380.4624   20.2785
    0.0000  -45.0000   30.0000 7696.1699   20.3125
    7.5000  -45.0000   30.0000 7340.3916   20.3190
   -7.5000  -37.5000   30.0000 8157.7935   19.6861
    0.0000  -37.5000   30.0000 8549.8203   19.7117
    7.5000  -37.5000   30.0000 8093.1504   19.7136
   -7.5000  -30.0000   30.0000 9256.5117   19.2613
    0.0000  -30.0000   30.0000 9681.7441   19.2764
    7.5000  -30.0000   30.0000 9156.5723   19.2762
   -7.5000  -22.5000   30.000010426.0254   19.1162
    0.0000  -22.5000   30.000010884.1377   19.1242
    7.5000  -22.5000   30.000010312.9883   19.1256
   -7.5000  -15.0000   30.000011556.0645   19.0007
    0.0000  -15.0000   30.000012054.2490   19.0124
    7.5000  -15.0000   30.000011460.6211   19.0198
   -7.5000   -7.5000   30.000012667.6904   18.8945
    0.0000   -7.5000   30.000013200.5137   18.9179
    7.5000   -7.5000   30.000012573.1602   18.9297
   -7.5000    0.0000   30.000013804.9316   18.8501
    0.0000    0.0000   30.000014376.4707   18.8796
    7.5000    0.0000   30.000013670.8184   18.8904
   -7.5000    7.5000   30.000013839.8389   18.8591
    0.0000    7.5000   30.000014384.6709   18.8849
    7.5000    7.5000   30.000013690.5635   18.8919
   -7.5000   15.0000   30.000013596.1182   18.8921
    0.0000   15.0000   30.000014091.6748   18.9083
    7.5000   15.0000   30.000013472.7549   18.9120
   -7.5000   22.5000   30.000013350.4424   18.9069
    0.0000   22.5000   30.000013804.9824   18.9159
    7.5000   22.5000   30.000013206.4727   18.9196
   -7.5000   30.0000   30.000012918.3516   18.6690
    0.0000   30.0000   30.000013388.4961   18.6811
    7.5000   30.0000   30.000012777.0469   18.6895
   -7.5000   37.5000   30.000012780.1113   18.6326
    0.0000   37.5000   30.000013293.7754   18.6558
    7.5000   37.5000   30.000012624.4551   18.6676
   -7.5000   45.0000   30.000011989.2305   18.1693
    0.0000   45.0000   30.000012486.6543   18.1978
    7.5000   45.0000   30.000011833.7324   18.2081
   -7.5000  -45.0000   37.5000 7112.9990   20.6791
    0.0000  -45.0000   37.5000 7418.7573   20.7064
    7.5000  -45.0000   37.5000 7064.3745   20.7166
   -7.5000  -37.5000   37.5000 7846.7573   20.0705
    0.0000  -37.5000   37.5000 8212.2617   20.0921
    7.5000  -37.5000   37.5000 7785.9678   20.1002
   -7.5000  -30.0000   37.5000 8889.2871   19.6383
    0.0000  -30.0000   37.5000 9295.2529   19.6532
    7.5000  -30.0000   37.5000 8795.5820   19.6606
   -7.5000  -22.5000   37.5000 9994.6543   19.4912
    0.0000  -22.5000   37.500010444.1758   19.5002
    7.5000  -22.5000   37.5000 9883.5850   19.5073
   -7.5000  -15.0000   37.500011093.3506   19.3728
    0.0000  -15.0000   37.500011589.8105   19.3845
    7.5000  -15.0000   37.500010986.7480   19.3950
   -7.5000   -7.5000   37.500012174.5859   19.2614
    0.0000   -7.5000   37.500012704.9404   19.2813
    7.5000   -7.5000   37.500012079.8711   19.2953
   -7.5000    0.0000   37.500013233.4658   19.2128
    0.0000    0.0000   37.500013804.6426   19.2367
    7.5000    0.0000   37.500013127.2881   19.2506
   -7.5000    7.5000   37.500013251.0098   19.2202
    0.0000    7.5000   37.500013769.0127   19.2423
    7.5000    7.5000   37.500013128.1162   19.2554
   -7.5000   15.0000   37.500013007.2725   19.2547
    0.0000   15.0000   37.500013486.6172   19.2708
    7.5000   15.0000   37.500012917.4102   19.2819
   -7.5000   22.5000   37.500012766.4609   19.2729
    0.0000   22.5000   37.500013205.4238   19.2830
    7.5000   22.5000   37.500012686.7314   19.2925
   -7.5000   30.0000   37.500012364.9932   19.0325
    0.0000   30.0000   37.500012795.1055   19.0445
    7.5000   30.0000   37.500012271.8701   19.0560
   -7.5000   37.5000   37.500012263.1553   18.9941
    0.0000   37.5000   37.500012736.7861   19.0138
    7.5000   37.5000   37.500012153.3555   19.0278
   -7.5000   45.0000   37.500011522.0039   18.5189
    0.0000   45.0000   37.500011972.8672   18.5420
    7.5000   45.0000   37.500011406.5703   18.5554
   -7.5000  -45.0000   45.0000 6511.1025   21.0926
    0.0000  -45.0000   45.0000 6770.8813   21.1062
    7.5000  -45.0000   45.0000 6460.1753   21.1221
   -7.5000  -37.5000   45.0000 7174.1846   20.4573
    0.0000  -37.5000   45.0000 7475.3237   20.4711
    7.5000  -37.5000   45.0000 7109.0142   20.4852
   -7.5000  -30.0000   45.0000 8120.6416   20.0049
    0.0000  -30.0000   45.0000 8477.2207   20.0182
    7.5000  -30.0000   45.0000 8033.4438   20.0333
   -7.5000  -22.5000   45.0000 9130.2217   19.8517
    0.0000  -22.5000   45.0000 9545.5957   19.8605
    7.5000  -22.5000   45.0000 9039.6992   19.8762
   -7.5000  -15.0000   45.000010145.9375   19.7341
    0.0000  -15.0000   45.000010610.7842   19.7417
    7.5000  -15.0000   45.000010048.5391   19.7598
   -7.5000   -7.5000   45.000011138.1875   19.6247
    0.0000   -7.5000   45.000011647.9141   19.6348
    7.5000   -7.5000   45.000011070.4102   19.6546
   -7.5000    0.0000   45.000012099.7295   19.5759
    0.0000    0.0000   45.000012610.5752   19.5882
    7.5000    0.0000   45.000012011.4521   19.6073
   -7.5000    7.5000   45.000012101.5439   19.5781
    0.0000    7.5000   45.000012574.5996   19.5932
    7.5000    7.5000   45.000011999.1162   19.6122
   -7.5000   15.0000   45.000011902.5234   19.6062
    0.0000   15.0000   45.000012344.7646   19.6209
    7.5000   15.0000   45.000011816.4658   19.6396
   -7.5000   22.5000   45.000011663.5967   19.6233
    0.0000   22.5000   45.000012080.3662   19.6332
    7.5000   22.5000   45.000011589.2725   19.6512
   -7.5000   30.0000   45.000011308.7773   19.3827
    0.0000   30.0000   45.000011710.6318   19.3908
    7.5000   30.0000   45.000011244.9648   19.4097
   -7.5000   37.5000   45.000011223.9082   19.3500
    0.0000   37.5000   45.000011670.4033   19.3601
    7.5000   37.5000   45.000011159.6758   19.3799
   -7.5000   45.0000   45.000010573.6562   18.8774
    0.0000   45.0000   45.000011010.3857   18.8893
    7.5000   45.0000   45.000010482.0625   18.9077

---------------------------------------------------------------------
imgreg_4dfp /opt/freesurfer/average/711-2C_as_mni_average_305 /opt/freesurfer/average/711-2B_as_mni_average_305_mask talsrcimg_g11 none talsrcimg_to_711-2C_as_mni_average_305_t4 4355
---------------------------------------------------------------------

freesurfer imgreg_4dfp.c
/opt/freesurfer/average/711-2C_as_mni_average_305.4dfp.img
       256       256       256         1
  1.000000  1.000000  1.000000
orientation T byte_order littleendian
Reading image: /opt/freesurfer/average/711-2C_as_mni_average_305.4dfp.img
dimensions:      256       256       256
mmppix:       1.0000   -1.0000   -1.0000
center:     128.0000 -129.0000 -129.0000
/opt/freesurfer/average/711-2B_as_mni_average_305_mask.4dfp.img
       256       256       256         1
  1.000000  1.000000  1.000000
orientation T byte_order littleendian
Reading mask: /opt/freesurfer/average/711-2B_as_mni_average_305_mask.4dfp.img (2306576 pixels)
talsrcimg_g11.4dfp.img
       256       256       256         1
  1.000000  1.000000  1.000000
orientation T byte_order littleendian
Reading image: talsrcimg_g11.4dfp.img
dimensions:      256       256       256
mmppix:       1.0000   -1.0000   -1.0000
center:     128.0000 -129.0000 -129.0000
rotation matrix determinant  1.000000
image alignment mode   4355 decimal     1103 hex
   -7.5000  -37.5000  -45.0000 2044.1332   25.7104
    0.0000  -37.5000  -45.0000 2047.8982   25.6308
    7.5000  -37.5000  -45.0000 2035.1467   25.8907
   -7.5000  -30.0000  -45.0000 2153.9080   22.9565
    0.0000  -30.0000  -45.0000 2158.7786   22.9459
    7.5000  -30.0000  -45.0000 2144.0508   23.0717
   -7.5000  -22.5000  -45.0000 2263.5085   20.8161
    0.0000  -22.5000  -45.0000 2268.1072   20.8525
    7.5000  -22.5000  -45.0000 2247.9578   20.9231
   -7.5000  -15.0000  -45.0000 2353.1094   19.2886
    0.0000  -15.0000  -45.0000 2358.1389   19.3276
    7.5000  -15.0000  -45.0000 2335.3479   19.3700
   -7.5000   -7.5000  -45.0000 2410.6460   18.1832
    0.0000   -7.5000  -45.0000 2414.8569   18.2012
    7.5000   -7.5000  -45.0000 2390.4380   18.2416
   -7.5000    0.0000  -45.0000 2441.2236   17.3650
    0.0000    0.0000  -45.0000 2447.5020   17.3900
    7.5000    0.0000  -45.0000 2418.5242   17.4982
   -7.5000    7.5000  -45.0000 2454.6179   16.8712
    0.0000    7.5000  -45.0000 2460.9805   16.8570
    7.5000    7.5000  -45.0000 2435.6177   16.9941
   -7.5000   15.0000  -45.0000 2461.0190   16.6148
    0.0000   15.0000  -45.0000 2466.4907   16.5669
    7.5000   15.0000  -45.0000 2440.2961   16.8177
   -7.5000   22.5000  -45.0000 2465.6111   16.6621
    0.0000   22.5000  -45.0000 2469.6506   16.6194
    7.5000   22.5000  -45.0000 2444.7539   16.8710
   -7.5000   30.0000  -45.0000 2452.4307   17.0340
    0.0000   30.0000  -45.0000 2455.3948   16.9893
    7.5000   30.0000  -45.0000 2430.6719   17.2361
   -7.5000   37.5000  -45.0000 2418.8586   17.6311
    0.0000   37.5000  -45.0000 2426.0862   17.6072
    7.5000   37.5000  -45.0000 2399.8809   17.8622
   -7.5000   45.0000  -45.0000 2359.6663   18.4788
    0.0000   45.0000  -45.0000 2363.8137   18.4379
    7.5000   45.0000  -45.0000 2343.6213   18.7177
   -7.5000   52.5000  -45.0000 2262.9246   19.6069
    0.0000   52.5000  -45.0000 2268.1650   19.5423
    7.5000   52.5000  -45.0000 2244.6345   19.8299
   -7.5000  -37.5000  -37.5000 2096.7083   24.1449
    0.0000  -37.5000  -37.5000 2103.4243   24.1175
    7.5000  -37.5000  -37.5000 2091.4282   24.2982
   -7.5000  -30.0000  -37.5000 2219.1272   21.5648
    0.0000  -30.0000  -37.5000 2226.7778   21.5735
    7.5000  -30.0000  -37.5000 2210.4248   21.6623
   -7.5000  -22.5000  -37.5000 2336.1047   19.5726
    0.0000  -22.5000  -37.5000 2343.4417   19.5662
    7.5000  -22.5000  -37.5000 2324.4146   19.6470
   -7.5000  -15.0000  -37.5000 2429.6821   18.0442
    0.0000  -15.0000  -37.5000 2437.7310   18.0353
    7.5000  -15.0000  -37.5000 2417.6335   18.0861
   -7.5000   -7.5000  -37.5000 2497.0710   16.8814
    0.0000   -7.5000  -37.5000 2504.6912   16.9097
    7.5000   -7.5000  -37.5000 2472.6704   16.9258
   -7.5000    0.0000  -37.5000 2526.2712   16.1615
    0.0000    0.0000  -37.5000 2533.4648   16.1543
    7.5000    0.0000  -37.5000 2502.5564   16.2109
   -7.5000    7.5000  -37.5000 2544.9429   15.6541
    0.0000    7.5000  -37.5000 2551.4763   15.6315
    7.5000    7.5000  -37.5000 2524.7588   15.7750
   -7.5000   15.0000  -37.5000 2552.5579   15.4409
    0.0000   15.0000  -37.5000 2556.5710   15.4155
    7.5000   15.0000  -37.5000 2532.7063   15.6050
   -7.5000   22.5000  -37.5000 2559.2571   15.4663
    0.0000   22.5000  -37.5000 2565.1445   15.4579
    7.5000   22.5000  -37.5000 2536.3293   15.6720
   -7.5000   30.0000  -37.5000 2547.3459   15.8114
    0.0000   30.0000  -37.5000 2550.7026   15.7558
    7.5000   30.0000  -37.5000 2524.4500   15.9838
   -7.5000   37.5000  -37.5000 2513.3833   16.3442
    0.0000   37.5000  -37.5000 2520.2139   16.3113
    7.5000   37.5000  -37.5000 2487.6262   16.5304
   -7.5000   45.0000  -37.5000 2451.8054   17.1324
    0.0000   45.0000  -37.5000 2458.6143   17.1138
    7.5000   45.0000  -37.5000 2428.1418   17.3266
   -7.5000   52.5000  -37.5000 2349.5266   18.1467
    0.0000   52.5000  -37.5000 2354.9824   18.0959
    7.5000   52.5000  -37.5000 2325.7180   18.3562
   -7.5000  -37.5000  -30.0000 2183.6399   23.6729
    0.0000  -37.5000  -30.0000 2191.9592   23.7301
    7.5000  -37.5000  -30.0000 2179.4727   23.8830
   -7.5000  -30.0000  -30.0000 2317.4795   21.1338
    0.0000  -30.0000  -30.0000 2328.3860   21.1967
    7.5000  -30.0000  -30.0000 2309.2046   21.2918
   -7.5000  -22.5000  -30.0000 2448.1526   19.1240
    0.0000  -22.5000  -30.0000 2456.8716   19.1623
    7.5000  -22.5000  -30.0000 2431.7273   19.2343
   -7.5000  -15.0000  -30.0000 2546.8350   17.5333
    0.0000  -15.0000  -30.0000 2554.1357   17.5365
    7.5000  -15.0000  -30.0000 2526.1233   17.6049
   -7.5000   -7.5000  -30.0000 2619.0388   16.3761
    0.0000   -7.5000  -30.0000 2628.6143   16.3570
    7.5000   -7.5000  -30.0000 2592.4856   16.4122
   -7.5000    0.0000  -30.0000 2652.6946   15.5819
    0.0000    0.0000  -30.0000 2662.6211   15.5484
    7.5000    0.0000  -30.0000 2629.9443   15.6414
   -7.5000    7.5000  -30.0000 2686.6780   15.0503
    0.0000    7.5000  -30.0000 2693.0186   15.0180
    7.5000    7.5000  -30.0000 2662.1589   15.1372
   -7.5000   15.0000  -30.0000 2695.0513   14.8650
    0.0000   15.0000  -30.0000 2698.8699   14.8466
    7.5000   15.0000  -30.0000 2675.4944   15.0259
   -7.5000   22.5000  -30.0000 2702.7803   14.9604
    0.0000   22.5000  -30.0000 2707.1965   14.9203
    7.5000   22.5000  -30.0000 2675.2827   15.1242
   -7.5000   30.0000  -30.0000 2690.9082   15.2683
    0.0000   30.0000  -30.0000 2696.8784   15.2292
    7.5000   30.0000  -30.0000 2664.1011   15.4222
   -7.5000   37.5000  -30.0000 2655.6470   15.7897
    0.0000   37.5000  -30.0000 2663.6057   15.7337
    7.5000   37.5000  -30.0000 2627.3088   15.9611
   -7.5000   45.0000  -30.0000 2590.2458   16.5184
    0.0000   45.0000  -30.0000 2596.8484   16.4903
    7.5000   45.0000  -30.0000 2564.1545   16.6993
   -7.5000   52.5000  -30.0000 2476.1531   17.5121
    0.0000   52.5000  -30.0000 2483.4463   17.4752
    7.5000   52.5000  -30.0000 2453.2983   17.7087
   -7.5000  -37.5000  -22.5000 2249.4629   23.1033
    0.0000  -37.5000  -22.5000 2259.8318   23.1499
    7.5000  -37.5000  -22.5000 2245.0618   23.3638
   -7.5000  -30.0000  -22.5000 2398.0688   20.6219
    0.0000  -30.0000  -22.5000 2406.1692   20.6455
    7.5000  -30.0000  -22.5000 2384.1023   20.7959
   -7.5000  -22.5000  -22.5000 2525.8855   18.5858
    0.0000  -22.5000  -22.5000 2539.7949   18.5966
    7.5000  -22.5000  -22.5000 2508.7529   18.7380
   -7.5000  -15.0000  -22.5000 2624.4312   16.9643
    0.0000  -15.0000  -22.5000 2631.9614   16.9393
    7.5000  -15.0000  -22.5000 2600.5042   17.0663
   -7.5000   -7.5000  -22.5000 2702.0762   15.7828
    0.0000   -7.5000  -22.5000 2713.7246   15.7537
    7.5000   -7.5000  -22.5000 2680.4102   15.8552
   -7.5000    0.0000  -22.5000 2748.8025   14.9505
    0.0000    0.0000  -22.5000 2760.0510   14.9011
    7.5000    0.0000  -22.5000 2729.4155   14.9961
   -7.5000    7.5000  -22.5000 2788.7092   14.3980
    0.0000    7.5000  -22.5000 2796.0398   14.3478
    7.5000    7.5000  -22.5000 2766.5024   14.5144
   -7.5000   15.0000  -22.5000 2808.8101   14.1896
    0.0000   15.0000  -22.5000 2808.4451   14.1537
    7.5000   15.0000  -22.5000 2781.2451   14.3418
   -7.5000   22.5000  -22.5000 2813.8538   14.3244
    0.0000   22.5000  -22.5000 2824.5984   14.2678
    7.5000   22.5000  -22.5000 2787.2302   14.4418
   -7.5000   30.0000  -22.5000 2803.2585   14.6149
    0.0000   30.0000  -22.5000 2811.5518   14.5628
    7.5000   30.0000  -22.5000 2777.7800   14.7548
   -7.5000   37.5000  -22.5000 2765.4741   15.1074
    0.0000   37.5000  -22.5000 2775.6782   15.0525
    7.5000   37.5000  -22.5000 2741.6975   15.3082
   -7.5000   45.0000  -22.5000 2699.3103   15.8005
    0.0000   45.0000  -22.5000 2708.4475   15.7741
    7.5000   45.0000  -22.5000 2678.3125   16.0172
   -7.5000   52.5000  -22.5000 2584.3044   16.7724
    0.0000   52.5000  -22.5000 2589.6328   16.7430
    7.5000   52.5000  -22.5000 2561.8271   16.9627
   -7.5000  -37.5000  -15.0000 2285.0894   22.5323
    0.0000  -37.5000  -15.0000 2292.5720   22.5536
    7.5000  -37.5000  -15.0000 2270.9595   22.8814
   -7.5000  -30.0000  -15.0000 2429.4663   20.0855
    0.0000  -30.0000  -15.0000 2440.5559   20.0598
    7.5000  -30.0000  -15.0000 2413.6882   20.3254
   -7.5000  -22.5000  -15.0000 2558.0820   18.0551
    0.0000  -22.5000  -15.0000 2573.3430   18.0383
    7.5000  -22.5000  -15.0000 2541.7937   18.2293
   -7.5000  -15.0000  -15.0000 2660.0554   16.4429
    0.0000  -15.0000  -15.0000 2673.3066   16.4014
    7.5000  -15.0000  -15.0000 2642.8264   16.5670
   -7.5000   -7.5000  -15.0000 2745.3218   15.2354
    0.0000   -7.5000  -15.0000 2760.5808   15.1903
    7.5000   -7.5000  -15.0000 2727.2224   15.3377
   -7.5000    0.0000  -15.0000 2806.0684   14.3421
    0.0000    0.0000  -15.0000 2819.6309   14.3136
    7.5000    0.0000  -15.0000 2788.3525   14.4390
   -7.5000    7.5000  -15.0000 2857.1108   13.7778
    0.0000    7.5000  -15.0000 2866.0105   13.7188
    7.5000    7.5000  -15.0000 2830.2932   13.8951
   -7.5000   15.0000  -15.0000 2876.5977   13.4744
    0.0000   15.0000  -15.0000 2882.7480   13.4733
    7.5000   15.0000  -15.0000 2845.1965   13.6907
   -7.5000   22.5000  -15.0000 2890.7935   13.6284
    0.0000   22.5000  -15.0000 2903.5718   13.5944
    7.5000   22.5000  -15.0000 2859.0571   13.8142
   -7.5000   30.0000  -15.0000 2883.6807   13.9490
    0.0000   30.0000  -15.0000 2895.6343   13.9129
    7.5000   30.0000  -15.0000 2858.7156   14.1438
   -7.5000   37.5000  -15.0000 2842.0051   14.4315
    0.0000   37.5000  -15.0000 2853.3264   14.3876
    7.5000   37.5000  -15.0000 2823.9304   14.6487
   -7.5000   45.0000  -15.0000 2772.6396   15.1280
    0.0000   45.0000  -15.0000 2783.6665   15.0940
    7.5000   45.0000  -15.0000 2754.1055   15.3640
   -7.5000   52.5000  -15.0000 2658.0071   16.0515
    0.0000   52.5000  -15.0000 2664.2769   16.0238
    7.5000   52.5000  -15.0000 2630.2603   16.2706
   -7.5000  -37.5000   -7.5000 2294.9897   22.0395
    0.0000  -37.5000   -7.5000 2302.1851   21.9939
    7.5000  -37.5000   -7.5000 2281.7644   22.3752
   -7.5000  -30.0000   -7.5000 2437.0276   19.5836
    0.0000  -30.0000   -7.5000 2450.5776   19.4943
    7.5000  -30.0000   -7.5000 2422.6689   19.8528
   -7.5000  -22.5000   -7.5000 2565.3862   17.5879
    0.0000  -22.5000   -7.5000 2578.7861   17.5128
    7.5000  -22.5000   -7.5000 2552.5520   17.8184
   -7.5000  -15.0000   -7.5000 2671.3535   15.9945
    0.0000  -15.0000   -7.5000 2686.3840   15.8818
    7.5000  -15.0000   -7.5000 2659.4919   16.1585
   -7.5000   -7.5000   -7.5000 2764.4409   14.7518
    0.0000   -7.5000   -7.5000 2779.9912   14.6648
    7.5000   -7.5000   -7.5000 2752.2605   14.9039
   -7.5000    0.0000   -7.5000 2840.8508   13.8351
    0.0000    0.0000   -7.5000 2855.8235   13.7903
    7.5000    0.0000   -7.5000 2822.2998   13.9800
   -7.5000    7.5000   -7.5000 2903.3232   13.2702
    0.0000    7.5000   -7.5000 2917.2573   13.2400
    7.5000    7.5000   -7.5000 2871.6709   13.4202
   -7.5000   15.0000   -7.5000 2932.5945   12.8941
    0.0000   15.0000   -7.5000 2941.6780   12.8873
    7.5000   15.0000   -7.5000 2894.3188   13.1575
   -7.5000   22.5000   -7.5000 2949.3779   12.9725
    0.0000   22.5000   -7.5000 2960.9797   12.9444
    7.5000   22.5000   -7.5000 2915.3857   13.2455
   -7.5000   30.0000   -7.5000 2933.2319   13.3229
    0.0000   30.0000   -7.5000 2951.0278   13.2764
    7.5000   30.0000   -7.5000 2908.8813   13.5723
   -7.5000   37.5000   -7.5000 2893.6721   13.8136
    0.0000   37.5000   -7.5000 2909.5056   13.7801
    7.5000   37.5000   -7.5000 2875.3208   14.0732
   -7.5000   45.0000   -7.5000 2821.4365   14.4934
    0.0000   45.0000   -7.5000 2835.7544   14.4741
    7.5000   45.0000   -7.5000 2803.8865   14.7622
   -7.5000   52.5000   -7.5000 2701.2786   15.4004
    0.0000   52.5000   -7.5000 2713.1384   15.3890
    7.5000   52.5000   -7.5000 2680.3711   15.6673
   -7.5000  -37.5000    0.0000 2288.9258   21.9126
    0.0000  -37.5000    0.0000 2296.7236   21.7365
    7.5000  -37.5000    0.0000 2278.1140   22.2146
   -7.5000  -30.0000    0.0000 2422.4885   19.3670
    0.0000  -30.0000    0.0000 2436.2434   19.2393
    7.5000  -30.0000    0.0000 2418.5847   19.6467
   -7.5000  -22.5000    0.0000 2550.3582   17.3673
    0.0000  -22.5000    0.0000 2561.0684   17.2287
    7.5000  -22.5000    0.0000 2544.5183   17.5910
   -7.5000  -15.0000    0.0000 2665.3228   15.7573
    0.0000  -15.0000    0.0000 2677.7993   15.6025
    7.5000  -15.0000    0.0000 2656.2510   15.9341
   -7.5000   -7.5000    0.0000 2762.3540   14.4998
    0.0000   -7.5000    0.0000 2778.9978   14.3519
    7.5000   -7.5000    0.0000 2752.3950   14.6523
   -7.5000    0.0000    0.0000 2850.6711   13.5854
    0.0000    0.0000    0.0000 2871.2197   13.4795
    7.5000    0.0000    0.0000 2834.3928   13.7196
   -7.5000    7.5000    0.0000 2927.4353   13.0061
    0.0000    7.5000    0.0000 2944.3879   12.9304
    7.5000    7.5000    0.0000 2899.4958   13.1228
   -7.5000   15.0000    0.0000 2976.5679   12.6424
    0.0000   15.0000    0.0000 2992.0544   12.5936
    7.5000   15.0000    0.0000 2939.9414   12.8580
   -7.5000   22.5000    0.0000 2988.5166   12.6124
    0.0000   22.5000    0.0000 3003.2380   12.5741
    7.5000   22.5000    0.0000 2958.6365   12.9583
   -7.5000   30.0000    0.0000 2971.1775   12.9530
    0.0000   30.0000    0.0000 2989.8994   12.8804
    7.5000   30.0000    0.0000 2939.6411   13.2210
   -7.5000   37.5000    0.0000 2927.1206   13.4521
    0.0000   37.5000    0.0000 2937.7534   13.3810
    7.5000   37.5000    0.0000 2902.6799   13.6769
   -7.5000   45.0000    0.0000 2856.2908   14.1563
    0.0000   45.0000    0.0000 2863.3208   14.0467
    7.5000   45.0000    0.0000 2832.2588   14.3419
   -7.5000   52.5000    0.0000 2733.1667   15.1137
    0.0000   52.5000    0.0000 2738.7126   14.9946
    7.5000   52.5000    0.0000 2708.5510   15.2962
   -7.5000  -37.5000    7.5000 2272.5078   22.0944
    0.0000  -37.5000    7.5000 2283.1748   21.8584
    7.5000  -37.5000    7.5000 2270.0051   22.3607
   -7.5000  -30.0000    7.5000 2400.2009   19.4902
    0.0000  -30.0000    7.5000 2412.2656   19.2976
    7.5000  -30.0000    7.5000 2399.1199   19.7526
   -7.5000  -22.5000    7.5000 2521.8088   17.3967
    0.0000  -22.5000    7.5000 2537.6482   17.2435
    7.5000  -22.5000    7.5000 2520.9568   17.6392
   -7.5000  -15.0000    7.5000 2637.2537   15.7249
    0.0000  -15.0000    7.5000 2648.0320   15.5722
    7.5000  -15.0000    7.5000 2633.6013   15.9850
   -7.5000   -7.5000    7.5000 2739.5488   14.4269
    0.0000   -7.5000    7.5000 2752.2512   14.2673
    7.5000   -7.5000    7.5000 2734.6562   14.6355
   -7.5000    0.0000    7.5000 2838.5625   13.5055
    0.0000    0.0000    7.5000 2854.1648   13.3694
    7.5000    0.0000    7.5000 2830.9631   13.7123
   -7.5000    7.5000    7.5000 2926.7974   12.9735
    0.0000    7.5000    7.5000 2945.9226   12.8600
    7.5000    7.5000    7.5000 2911.3462   13.1448
   -7.5000   15.0000    7.5000 2996.6328   12.6935
    0.0000   15.0000    7.5000 3022.4778   12.5982
    7.5000   15.0000    7.5000 2965.7173   12.8390
   -7.5000   22.5000    7.5000 3019.1572   12.6720
    0.0000   22.5000    7.5000 3038.8579   12.5537
    7.5000   22.5000    7.5000 2979.3962   12.8297
   -7.5000   30.0000    7.5000 2992.7866   12.8403
    0.0000   30.0000    7.5000 3012.1582   12.7167
    7.5000   30.0000    7.5000 2956.0374   13.0286
   -7.5000   37.5000    7.5000 2939.8159   13.3059
    0.0000   37.5000    7.5000 2948.8291   13.1837
    7.5000   37.5000    7.5000 2910.6855   13.5040
   -7.5000   45.0000    7.5000 2864.1396   14.0323
    0.0000   45.0000    7.5000 2865.8289   13.9105
    7.5000   45.0000    7.5000 2839.7937   14.2040
   -7.5000   52.5000    7.5000 2742.0767   15.0068
    0.0000   52.5000    7.5000 2745.2688   14.8776
    7.5000   52.5000    7.5000 2716.7253   15.1429
   -7.5000  -37.5000   15.0000 2243.9250   22.4791
    0.0000  -37.5000   15.0000 2257.1157   22.2999
    7.5000  -37.5000   15.0000 2243.5947   22.8250
   -7.5000  -30.0000   15.0000 2363.2720   19.7497
    0.0000  -30.0000   15.0000 2381.7197   19.5646
    7.5000  -30.0000   15.0000 2367.5688   20.0900
   -7.5000  -22.5000   15.0000 2483.0706   17.5941
    0.0000  -22.5000   15.0000 2503.1003   17.3840
    7.5000  -22.5000   15.0000 2489.7612   17.9129
   -7.5000  -15.0000   15.0000 2596.3311   15.9358
    0.0000  -15.0000   15.0000 2608.0417   15.6984
    7.5000  -15.0000   15.0000 2599.8967   16.2008
   -7.5000   -7.5000   15.0000 2698.5974   14.6491
    0.0000   -7.5000   15.0000 2709.9646   14.4408
    7.5000   -7.5000   15.0000 2700.0125   14.8764
   -7.5000    0.0000   15.0000 2810.5095   13.7496
    0.0000    0.0000   15.0000 2817.5139   13.5834
    7.5000    0.0000   15.0000 2806.5667   13.9633
   -7.5000    7.5000   15.0000 2905.8960   13.2095
    0.0000    7.5000   15.0000 2922.4062   13.0529
    7.5000    7.5000   15.0000 2895.5728   13.3576
   -7.5000   15.0000   15.0000 2978.8655   12.8543
    0.0000   15.0000   15.0000 3006.2234   12.7506
    7.5000   15.0000   15.0000 2948.3945   12.9722
   -7.5000   22.5000   15.0000 3002.6572   12.7521
    0.0000   22.5000   15.0000 3017.8572   12.6236
    7.5000   22.5000   15.0000 2960.2883   12.9093
   -7.5000   30.0000   15.0000 2978.5598   12.9338
    0.0000   30.0000   15.0000 2995.1418   12.8338
    7.5000   30.0000   15.0000 2941.3503   13.0942
   -7.5000   37.5000   15.0000 2922.5327   13.4667
    0.0000   37.5000   15.0000 2937.1506   13.3877
    7.5000   37.5000   15.0000 2892.1226   13.5849
   -7.5000   45.0000   15.0000 2840.9973   14.1781
    0.0000   45.0000   15.0000 2847.3391   14.1063
    7.5000   45.0000   15.0000 2820.1482   14.3057
   -7.5000   52.5000   15.0000 2725.1133   15.0835
    0.0000   52.5000   15.0000 2728.7183   14.9905
    7.5000   52.5000   15.0000 2702.9028   15.2068
   -7.5000  -37.5000   22.5000 2207.1892   23.1175
    0.0000  -37.5000   22.5000 2224.8169   22.9256
    7.5000  -37.5000   22.5000 2212.2419   23.5168
   -7.5000  -30.0000   22.5000 2325.2722   20.2869
    0.0000  -30.0000   22.5000 2341.8989   20.0587
    7.5000  -30.0000   22.5000 2335.1033   20.6657
   -7.5000  -22.5000   22.5000 2444.4702   18.1198
    0.0000  -22.5000   22.5000 2457.9045   17.8760
    7.5000  -22.5000   22.5000 2452.1687   18.4633
   -7.5000  -15.0000   22.5000 2556.4939   16.4632
    0.0000  -15.0000   22.5000 2565.6948   16.2346
    7.5000  -15.0000   22.5000 2559.1177   16.7492
   -7.5000   -7.5000   22.5000 2663.2576   15.1557
    0.0000   -7.5000   22.5000 2673.5247   14.9414
    7.5000   -7.5000   22.5000 2664.7524   15.3937
   -7.5000    0.0000   22.5000 2769.9138   14.1695
    0.0000    0.0000   22.5000 2779.2209   13.9763
    7.5000    0.0000   22.5000 2766.3362   14.4190
   -7.5000    7.5000   22.5000 2874.1985   13.5600
    0.0000    7.5000   22.5000 2888.5229   13.3952
    7.5000    7.5000   22.5000 2858.7439   13.7143
   -7.5000   15.0000   22.5000 2941.9082   13.0990
    0.0000   15.0000   22.5000 2963.8809   12.9805
    7.5000   15.0000   22.5000 2915.6003   13.2803
   -7.5000   22.5000   22.5000 2972.2739   13.0210
    0.0000   22.5000   22.5000 2979.8364   12.8691
    7.5000   22.5000   22.5000 2935.5640   13.2088
   -7.5000   30.0000   22.5000 2954.3374   13.2803
    0.0000   30.0000   22.5000 2970.4424   13.1827
    7.5000   30.0000   22.5000 2915.6853   13.4072
   -7.5000   37.5000   22.5000 2904.2405   13.8225
    0.0000   37.5000   22.5000 2918.0034   13.7443
    7.5000   37.5000   22.5000 2870.6628   13.9163
   -7.5000   45.0000   22.5000 2812.6255   14.6032
    0.0000   45.0000   22.5000 2822.0273   14.5226
    7.5000   45.0000   22.5000 2792.4502   14.6795
   -7.5000   52.5000   22.5000 2694.2412   15.4998
    0.0000   52.5000   22.5000 2701.9097   15.4134
    7.5000   52.5000   22.5000 2671.4431   15.5714
   -7.5000  -37.5000   30.0000 2157.9355   24.1243
    0.0000  -37.5000   30.0000 2171.5562   23.9407
    7.5000  -37.5000   30.0000 2170.7957   24.5474
   -7.5000  -30.0000   30.0000 2283.1108   21.2238
    0.0000  -30.0000   30.0000 2295.0759   21.0831
    7.5000  -30.0000   30.0000 2290.0168   21.6335
   -7.5000  -22.5000   30.0000 2404.7002   19.0061
    0.0000  -22.5000   30.0000 2415.3257   18.8017
    7.5000  -22.5000   30.0000 2402.1814   19.3214
   -7.5000  -15.0000   30.0000 2515.9351   17.2248
    0.0000  -15.0000   30.0000 2524.1760   17.0118
    7.5000  -15.0000   30.0000 2512.3623   17.5226
   -7.5000   -7.5000   30.0000 2622.7834   15.8197
    0.0000   -7.5000   30.0000 2635.4790   15.5995
    7.5000   -7.5000   30.0000 2620.3320   16.0664
   -7.5000    0.0000   30.0000 2731.5818   14.7856
    0.0000    0.0000   30.0000 2736.9814   14.5822
    7.5000    0.0000   30.0000 2722.0142   14.9987
   -7.5000    7.5000   30.0000 2824.8579   14.0976
    0.0000    7.5000   30.0000 2835.7522   13.9387
    7.5000    7.5000   30.0000 2812.4561   14.2722
   -7.5000   15.0000   30.0000 2884.5505   13.6029
    0.0000   15.0000   30.0000 2896.3533   13.4487
    7.5000   15.0000   30.0000 2865.2656   13.8252
   -7.5000   22.5000   30.0000 2917.5010   13.5860
    0.0000   22.5000   30.0000 2919.6375   13.4099
    7.5000   22.5000   30.0000 2888.8037   13.7464
   -7.5000   30.0000   30.0000 2898.9934   13.8574
    0.0000   30.0000   30.0000 2909.7046   13.7330
    7.5000   30.0000   30.0000 2873.1323   13.9819
   -7.5000   37.5000   30.0000 2855.2234   14.3688
    0.0000   37.5000   30.0000 2870.9551   14.2935
    7.5000   37.5000   30.0000 2827.8484   14.4843
   -7.5000   45.0000   30.0000 2773.2930   15.1650
    0.0000   45.0000   30.0000 2784.6860   15.0705
    7.5000   45.0000   30.0000 2749.9417   15.2286
   -7.5000   52.5000   30.0000 2656.3738   16.0814
    0.0000   52.5000   30.0000 2662.9998   15.9804
    7.5000   52.5000   30.0000 2633.2134   16.1159
   -7.5000  -37.5000   37.5000 2106.9480   25.3945
    0.0000  -37.5000   37.5000 2117.2437   25.3498
    7.5000  -37.5000   37.5000 2116.2937   25.8591
   -7.5000  -30.0000   37.5000 2231.8943   22.3769
    0.0000  -30.0000   37.5000 2242.6831   22.2850
    7.5000  -30.0000   37.5000 2237.9448   22.7808
   -7.5000  -22.5000   37.5000 2351.7512   19.9962
    0.0000  -22.5000   37.5000 2364.8860   19.8522
    7.5000  -22.5000   37.5000 2351.1697   20.3265
   -7.5000  -15.0000   37.5000 2469.6880   18.1193
    0.0000  -15.0000   37.5000 2481.4224   17.9591
    7.5000  -15.0000   37.5000 2464.8579   18.4004
   -7.5000   -7.5000   37.5000 2580.3557   16.6531
    0.0000   -7.5000   37.5000 2592.1177   16.4719
    7.5000   -7.5000   37.5000 2572.8005   16.9070
   -7.5000    0.0000   37.5000 2680.9170   15.5686
    0.0000    0.0000   37.5000 2688.7942   15.3743
    7.5000    0.0000   37.5000 2670.4351   15.7956
   -7.5000    7.5000   37.5000 2765.9202   14.8063
    0.0000    7.5000   37.5000 2773.6399   14.6020
    7.5000    7.5000   37.5000 2753.8521   15.0337
   -7.5000   15.0000   37.5000 2817.0645   14.3146
    0.0000   15.0000   37.5000 2824.6060   14.1609
    7.5000   15.0000   37.5000 2797.4124   14.5461
   -7.5000   22.5000   37.5000 2843.8169   14.2989
    0.0000   22.5000   37.5000 2845.3950   14.1190
    7.5000   22.5000   37.5000 2825.5498   14.4795
   -7.5000   30.0000   37.5000 2826.0203   14.5913
    0.0000   30.0000   37.5000 2831.2146   14.4304
    7.5000   30.0000   37.5000 2807.0642   14.7209
   -7.5000   37.5000   37.5000 2784.9490   15.0978
    0.0000   37.5000   37.5000 2799.6023   14.9532
    7.5000   37.5000   37.5000 2764.0789   15.1978
   -7.5000   45.0000   37.5000 2711.8726   15.8633
    0.0000   45.0000   37.5000 2721.6448   15.7460
    7.5000   45.0000   37.5000 2690.0244   15.9576
   -7.5000   52.5000   37.5000 2598.5417   16.7684
    0.0000   52.5000   37.5000 2604.2456   16.6909
    7.5000   52.5000   37.5000 2580.0076   16.8595
   -7.5000  -37.5000   45.0000 2043.9446   26.9003
    0.0000  -37.5000   45.0000 2048.5378   26.9206
    7.5000  -37.5000   45.0000 2049.1589   27.3034
   -7.5000  -30.0000   45.0000 2173.5896   23.6994
    0.0000  -30.0000   45.0000 2184.3713   23.6033
    7.5000  -30.0000   45.0000 2175.1257   23.9854
   -7.5000  -22.5000   45.0000 2293.3928   21.1292
    0.0000  -22.5000   45.0000 2310.9087   21.0383
    7.5000  -22.5000   45.0000 2291.4409   21.4147
   -7.5000  -15.0000   45.0000 2411.6392   19.1866
    0.0000  -15.0000   45.0000 2431.8521   19.0569
    7.5000  -15.0000   45.0000 2403.3950   19.4325
   -7.5000   -7.5000   45.0000 2518.7642   17.6411
    0.0000   -7.5000   45.0000 2536.1704   17.4817
    7.5000   -7.5000   45.0000 2510.7566   17.9189
   -7.5000    0.0000   45.0000 2615.2410   16.4972
    0.0000    0.0000   45.0000 2624.9099   16.3283
    7.5000    0.0000   45.0000 2600.8660   16.7473
   -7.5000    7.5000   45.0000 2691.4319   15.7188
    0.0000    7.5000   45.0000 2702.4844   15.5210
    7.5000    7.5000   45.0000 2676.8445   15.9536
   -7.5000   15.0000   45.0000 2738.3489   15.2381
    0.0000   15.0000   45.0000 2744.2117   15.1144
    7.5000   15.0000   45.0000 2721.2915   15.4605
   -7.5000   22.5000   45.0000 2755.9609   15.2060
    0.0000   22.5000   45.0000 2758.5291   15.0506
    7.5000   22.5000   45.0000 2736.7964   15.3667
   -7.5000   30.0000   45.0000 2739.6426   15.4935
    0.0000   30.0000   45.0000 2744.0457   15.3509
    7.5000   30.0000   45.0000 2725.0725   15.6456
   -7.5000   37.5000   45.0000 2702.1187   15.9697
    0.0000   37.5000   45.0000 2715.4585   15.8424
    7.5000   37.5000   45.0000 2685.8083   16.1233
   -7.5000   45.0000   45.0000 2638.4944   16.6814
    0.0000   45.0000   45.0000 2651.1504   16.5493
    7.5000   45.0000   45.0000 2618.4619   16.8160
   -7.5000   52.5000   45.0000 2532.8105   17.6096
    0.0000   52.5000   45.0000 2536.6714   17.4956
    7.5000   52.5000   45.0000 2512.7285   17.7192

---------------------------------------------------------------------
imgreg_4dfp /opt/freesurfer/average/711-2C_as_mni_average_305 /opt/freesurfer/average/711-2B_as_mni_average_305_mask talsrcimg_g11 none talsrcimg_to_711-2C_as_mni_average_305_t4 1283
---------------------------------------------------------------------

freesurfer imgreg_4dfp.c
/opt/freesurfer/average/711-2C_as_mni_average_305.4dfp.img
       256       256       256         1
  1.000000  1.000000  1.000000
orientation T byte_order littleendian
Reading image: /opt/freesurfer/average/711-2C_as_mni_average_305.4dfp.img
dimensions:      256       256       256
mmppix:       1.0000   -1.0000   -1.0000
center:     128.0000 -129.0000 -129.0000
/opt/freesurfer/average/711-2B_as_mni_average_305_mask.4dfp.img
       256       256       256         1
  1.000000  1.000000  1.000000
orientation T byte_order littleendian
Reading mask: /opt/freesurfer/average/711-2B_as_mni_average_305_mask.4dfp.img (2306576 pixels)
talsrcimg_g11.4dfp.img
       256       256       256         1
  1.000000  1.000000  1.000000
orientation T byte_order littleendian
Reading image: talsrcimg_g11.4dfp.img
dimensions:      256       256       256
mmppix:       1.0000   -1.0000   -1.0000
center:     128.0000 -129.0000 -129.0000
rotation matrix determinant  1.000000
fimgreg.f
image alignment mode   1283 decimal      503 hex
parameters
    0.0000   22.5000    7.5000    0.0000    0.0000    0.0000
eta,q 0.95305 12.58946
niter,ni,del,rscale     5    3   12.0000    1.2000
parameter  1  0.685515 ->  0.500000 qaram    1.1500
parameter  4  9.149830 ->  0.500000 qaram    1.1500
parameters
   -3.4500   21.3538    8.8604   -3.4500    0.4729   -1.2914
eta,q 0.95951 12.46585
  0.0476  0.0479  0.0575  0.0390  0.0477  0.0430
  0.0464  0.0458  0.0533  0.0403  0.0435  0.0412
  0.0473  0.0454  0.0490  0.0425  0.0413  0.0404
  0.0495  0.0461  0.0457  0.0448  0.0408  0.0410
  0.0529  0.0464  0.0447  0.0467  0.0410  0.0422
  0.0573  0.0473  0.0467  0.0487  0.0423  0.0434
  0.0626  0.0509  0.0513  0.0510  0.0457  0.0449
niter,ni,del,rscale     6    3   12.0000    1.2000
parameter  4  1.547145 ->  0.500000 qaram    1.3225
parameters
   -3.0707   22.2357    8.7788   -7.4175   -0.3950   -0.1625
eta,q 0.96290 12.58027
  0.0585  0.0495  0.0517  0.0362  0.0423  0.0423
  0.0496  0.0446  0.0463  0.0371  0.0382  0.0395
  0.0428  0.0414  0.0423  0.0383  0.0371  0.0378
  0.0405  0.0405  0.0407  0.0407  0.0373  0.0371
  0.0424  0.0415  0.0428  0.0435  0.0386  0.0372
  0.0474  0.0428  0.0468  0.0463  0.0415  0.0379
  0.0546  0.0447  0.0522  0.0496  0.0458  0.0392
niter,ni,del,rscale     6    3   12.0000    1.2000
parameters
   -2.6471   23.0167    8.3619  -11.1763   -0.5194    0.1547
eta,q 0.96491 12.62251
  0.0572  0.0468  0.0475  0.0372  0.0425  0.0402
  0.0484  0.0415  0.0415  0.0351  0.0383  0.0373
  0.0403  0.0394  0.0371  0.0352  0.0359  0.0355
  0.0371  0.0370  0.0364  0.0361  0.0350  0.0350
  0.0386  0.0367  0.0392  0.0393  0.0358  0.0354
  0.0448  0.0398  0.0441  0.0434  0.0386  0.0364
  0.0533  0.0427  0.0503  0.0469  0.0433  0.0393
niter,ni,del,rscale     5    3   12.0000    1.2000
parameters
   -2.6202   23.6032    7.8167  -10.7845   -0.5932    0.1643
eta,q 0.96511 12.61288
  0.0558  0.0497  0.0453  0.0453  0.0423  0.0394
  0.0450  0.0412  0.0397  0.0383  0.0383  0.0365
  0.0371  0.0363  0.0356  0.0351  0.0359  0.0350
  0.0351  0.0351  0.0351  0.0349  0.0349  0.0349
  0.0380  0.0358  0.0381  0.0353  0.0355  0.0352
  0.0456  0.0389  0.0434  0.0381  0.0383  0.0363
  0.0546  0.0441  0.0485  0.0424  0.0430  0.0395
niter,ni,del,rscale     4    3   12.0000    1.2000
parameters
   -2.5485   23.5803    7.7800  -10.7754   -0.6341    0.1754
eta,q 0.96510 12.61465
  0.0554  0.0457  0.0471  0.0442  0.0423  0.0394
  0.0450  0.0389  0.0412  0.0374  0.0384  0.0365
  0.0370  0.0356  0.0366  0.0349  0.0359  0.0350
  0.0349  0.0349  0.0349  0.0349  0.0349  0.0349
  0.0377  0.0360  0.0370  0.0355  0.0355  0.0352
  0.0450  0.0401  0.0417  0.0388  0.0382  0.0363
  0.0539  0.0450  0.0471  0.0430  0.0429  0.0395
niter,ni,del,rscale     3    3   12.0000    1.2000
parameters
   -2.5285   23.5767    7.7736  -10.7771   -0.6451    0.1784
eta,q 0.96509 12.61515
  0.0550  0.0457  0.0472  0.0442  0.0423  0.0394
  0.0447  0.0389  0.0413  0.0374  0.0384  0.0365
  0.0369  0.0356  0.0367  0.0349  0.0360  0.0350
  0.0349  0.0349  0.0349  0.0349  0.0349  0.0349
  0.0378  0.0359  0.0370  0.0355  0.0354  0.0352
  0.0452  0.0400  0.0416  0.0388  0.0381  0.0363
  0.0541  0.0450  0.0470  0.0430  0.0428  0.0395
registration optimization eta report
parameter search radius
    6.9000    6.0000    6.0000    7.9350    6.0000    6.0000
100000*second partial in parameter space
       41.       30.       33.       14.       21.       13.
  0.0550  0.0457  0.0472  0.0442  0.0423  0.0394
  0.0447  0.0389  0.0413  0.0374  0.0384  0.0365
  0.0369  0.0356  0.0367  0.0349  0.0360  0.0350
  0.0349  0.0349  0.0349  0.0349  0.0349  0.0349
  0.0378  0.0359  0.0370  0.0355  0.0354  0.0352
  0.0452  0.0400  0.0416  0.0388  0.0381  0.0363
  0.0541  0.0450  0.0470  0.0430  0.0428  0.0395
   -2.5285   23.5767    7.7736  -10.7771   -0.6451    0.1784
eta,q 0.96509 12.61515

---------------------------------------------------------------------
imgreg_4dfp /opt/freesurfer/average/711-2C_as_mni_average_305 /opt/freesurfer/average/711-2B_as_mni_average_305_mask talsrcimg_g11 none talsrcimg_to_711-2C_as_mni_average_305_t4 3335
---------------------------------------------------------------------

freesurfer imgreg_4dfp.c
/opt/freesurfer/average/711-2C_as_mni_average_305.4dfp.img
       256       256       256         1
  1.000000  1.000000  1.000000
orientation T byte_order littleendian
Reading image: /opt/freesurfer/average/711-2C_as_mni_average_305.4dfp.img
dimensions:      256       256       256
mmppix:       1.0000   -1.0000   -1.0000
center:     128.0000 -129.0000 -129.0000
/opt/freesurfer/average/711-2B_as_mni_average_305_mask.4dfp.img
       256       256       256         1
  1.000000  1.000000  1.000000
orientation T byte_order littleendian
Reading mask: /opt/freesurfer/average/711-2B_as_mni_average_305_mask.4dfp.img (2306576 pixels)
talsrcimg_g11.4dfp.img
       256       256       256         1
  1.000000  1.000000  1.000000
orientation T byte_order littleendian
Reading image: talsrcimg_g11.4dfp.img
dimensions:      256       256       256
mmppix:       1.0000   -1.0000   -1.0000
center:     128.0000 -129.0000 -129.0000
fimgreg.f
image alignment mode   3335 decimal      D07 hex
parameters
   -2.5285   23.5767    7.7736   -0.0068   -1.7649   -1.7700
   -0.5163    1.0478    0.3113   18.7022   -1.1259  -18.6976
eta,q 0.96753 12.62643
niter,ni,del,rscale     5    3    5.0000    1.2000
parameter  4  1.526593 ->  0.500000 qaram    1.1500
parameter  5  3.201909 ->  0.500000 qaram    1.1500
parameters
   -2.2679   24.0715    7.5708   -4.1468   -5.9049   -4.6716
   -1.2748    1.8031   -0.4115   17.5582   -0.3870  -18.0949
eta,q 0.97797 12.57821
  0.0367  0.0355  0.0342  0.0259  0.0204  0.0237  0.0250  0.0292  0.0241  0.0245  0.0239  0.0238
  0.0345  0.0340  0.0331  0.0265  0.0219  0.0228  0.0234  0.0258  0.0229  0.0230  0.0229  0.0229
  0.0331  0.0330  0.0325  0.0286  0.0242  0.0221  0.0224  0.0233  0.0222  0.0222  0.0223  0.0223
  0.0325  0.0324  0.0323  0.0323  0.0270  0.0225  0.0222  0.0222  0.0221  0.0221  0.0220  0.0220
  0.0326  0.0324  0.0327  0.0369  0.0300  0.0248  0.0229  0.0225  0.0226  0.0228  0.0221  0.0221
  0.0336  0.0328  0.0336  0.0416  0.0330  0.0292  0.0244  0.0242  0.0236  0.0243  0.0226  0.0226
  0.0351  0.0337  0.0350  0.0458  0.0360  0.0337  0.0264  0.0268  0.0251  0.0270  0.0232  0.0233
niter,ni,del,rscale     6    3    5.0000    1.2000
parameters
   -2.0521   23.7971    7.0229   -6.8808   -9.7310   -4.3445
   -0.7803    1.7478   -0.4315   18.1882   -0.4846  -20.8615
eta,q 0.97965 12.45214
  0.0267  0.0241  0.0228  0.0238  0.0225  0.0238  0.0241  0.0251  0.0228  0.0237  0.0215  0.0209
  0.0243  0.0228  0.0221  0.0226  0.0211  0.0225  0.0223  0.0224  0.0216  0.0221  0.0209  0.0204
  0.0228  0.0221  0.0219  0.0219  0.0208  0.0217  0.0211  0.0210  0.0209  0.0211  0.0207  0.0204
  0.0220  0.0220  0.0220  0.0219  0.0219  0.0208  0.0206  0.0206  0.0206  0.0206  0.0206  0.0206
  0.0222  0.0225  0.0224  0.0236  0.0240  0.0202  0.0208  0.0212  0.0209  0.0206  0.0206  0.0210
  0.0233  0.0237  0.0232  0.0277  0.0266  0.0212  0.0217  0.0227  0.0216  0.0213  0.0210  0.0216
  0.0253  0.0252  0.0242  0.0328  0.0294  0.0242  0.0233  0.0251  0.0228  0.0229  0.0215  0.0225
niter,ni,del,rscale     5    3    5.0000    1.2000
parameters
   -1.8222   24.0203    6.6979   -6.6707  -10.3105   -4.2662
   -0.7857    1.9854   -0.4703   19.0282   -0.6292  -21.8353
eta,q 0.97996 12.46000
  0.0241  0.0236  0.0214  0.0244  0.0242  0.0234  0.0233  0.0253  0.0224  0.0233  0.0211  0.0211
  0.0223  0.0219  0.0207  0.0228  0.0223  0.0222  0.0216  0.0223  0.0212  0.0217  0.0205  0.0204
  0.0210  0.0208  0.0203  0.0214  0.0208  0.0213  0.0206  0.0206  0.0204  0.0207  0.0202  0.0201
  0.0204  0.0203  0.0203  0.0202  0.0202  0.0202  0.0202  0.0202  0.0202  0.0202  0.0201  0.0201
  0.0205  0.0205  0.0206  0.0199  0.0210  0.0198  0.0206  0.0207  0.0204  0.0201  0.0202  0.0204
  0.0214  0.0212  0.0213  0.0214  0.0230  0.0211  0.0216  0.0221  0.0212  0.0207  0.0206  0.0210
  0.0230  0.0226  0.0222  0.0251  0.0256  0.0244  0.0233  0.0245  0.0224  0.0222  0.0212  0.0217
niter,ni,del,rscale     4    3    5.0000    1.2000
parameters
   -1.8283   24.1596    6.4990   -6.5890  -10.6416   -4.3093
   -0.8093    2.0875   -0.4991   19.4034   -0.6444  -22.3947
eta,q 0.98000 12.45931
  0.0233  0.0231  0.0214  0.0243  0.0242  0.0234  0.0232  0.0251  0.0223  0.0228  0.0211  0.0212
  0.0216  0.0215  0.0206  0.0226  0.0223  0.0221  0.0215  0.0221  0.0211  0.0214  0.0205  0.0205
  0.0205  0.0205  0.0201  0.0211  0.0208  0.0212  0.0204  0.0205  0.0203  0.0205  0.0201  0.0201
  0.0200  0.0200  0.0200  0.0200  0.0200  0.0200  0.0200  0.0200  0.0200  0.0200  0.0200  0.0200
  0.0204  0.0203  0.0203  0.0197  0.0206  0.0197  0.0204  0.0206  0.0203  0.0201  0.0202  0.0203
  0.0215  0.0211  0.0210  0.0214  0.0226  0.0213  0.0215  0.0221  0.0211  0.0208  0.0205  0.0208
  0.0235  0.0224  0.0219  0.0252  0.0252  0.0246  0.0233  0.0246  0.0223  0.0224  0.0211  0.0216
niter,ni,del,rscale     3    3    5.0000    1.2000
parameters
   -1.8235   24.2407    6.3785   -6.5313  -10.8052   -4.3580
   -0.8199    2.1350   -0.5164   19.6298   -0.6424  -22.7019
eta,q 0.98002 12.45891
  0.0233  0.0229  0.0215  0.0242  0.0243  0.0234  0.0232  0.0250  0.0222  0.0226  0.0211  0.0213
  0.0216  0.0213  0.0206  0.0226  0.0224  0.0222  0.0215  0.0221  0.0210  0.0213  0.0205  0.0205
  0.0204  0.0204  0.0201  0.0211  0.0208  0.0211  0.0204  0.0204  0.0203  0.0204  0.0201  0.0201
  0.0200  0.0200  0.0200  0.0200  0.0200  0.0200  0.0200  0.0200  0.0200  0.0200  0.0200  0.0200
  0.0203  0.0202  0.0203  0.0197  0.0205  0.0197  0.0204  0.0206  0.0203  0.0201  0.0201  0.0202
  0.0215  0.0211  0.0209  0.0214  0.0224  0.0213  0.0215  0.0221  0.0210  0.0208  0.0205  0.0208
  0.0234  0.0225  0.0218  0.0253  0.0250  0.0246  0.0232  0.0247  0.0223  0.0225  0.0211  0.0215
niter,ni,del,rscale     2    3    5.0000    1.2000
parameters
   -1.8206   24.2923    6.3100   -6.5090  -10.9014   -4.3926
   -0.8248    2.1579   -0.5316   19.7719   -0.6461  -22.8775
eta,q 0.98002 12.45823
  0.0233  0.0228  0.0216  0.0242  0.0244  0.0234  0.0232  0.0250  0.0222  0.0225  0.0211  0.0214
  0.0216  0.0213  0.0207  0.0226  0.0225  0.0222  0.0215  0.0220  0.0210  0.0212  0.0205  0.0206
  0.0204  0.0203  0.0201  0.0211  0.0209  0.0211  0.0204  0.0204  0.0203  0.0204  0.0201  0.0201
  0.0200  0.0200  0.0200  0.0200  0.0200  0.0200  0.0200  0.0200  0.0200  0.0200  0.0200  0.0200
  0.0203  0.0202  0.0202  0.0197  0.0205  0.0197  0.0204  0.0206  0.0203  0.0201  0.0201  0.0202
  0.0214  0.0211  0.0209  0.0215  0.0223  0.0213  0.0215  0.0221  0.0210  0.0209  0.0205  0.0207
  0.0234  0.0225  0.0218  0.0253  0.0249  0.0246  0.0232  0.0248  0.0222  0.0226  0.0211  0.0214
niter,ni,del,rscale     1    3    5.0000    1.2000
parameters
   -1.8186   24.3279    6.2684   -6.4975  -10.9620   -4.4215
   -0.8237    2.1726   -0.5391   19.8712   -0.6406  -22.9807
eta,q 0.98001 12.45748
  0.0233  0.0227  0.0217  0.0242  0.0244  0.0234  0.0232  0.0250  0.0222  0.0225  0.0211  0.0214
  0.0216  0.0212  0.0207  0.0226  0.0225  0.0222  0.0215  0.0220  0.0210  0.0212  0.0205  0.0206
  0.0204  0.0203  0.0202  0.0211  0.0209  0.0211  0.0204  0.0204  0.0203  0.0204  0.0201  0.0201
  0.0200  0.0200  0.0200  0.0200  0.0200  0.0200  0.0200  0.0200  0.0200  0.0200  0.0200  0.0200
  0.0203  0.0203  0.0202  0.0197  0.0204  0.0197  0.0204  0.0206  0.0203  0.0201  0.0201  0.0202
  0.0214  0.0211  0.0208  0.0215  0.0223  0.0213  0.0215  0.0222  0.0210  0.0209  0.0205  0.0207
  0.0234  0.0226  0.0217  0.0253  0.0249  0.0246  0.0232  0.0248  0.0222  0.0226  0.0211  0.0214
registration optimization eta report
parameter search radius
    2.4000    2.4000    2.4000    8.2800    8.2800    7.2000
    7.2000    7.2000    7.2000    7.2000    7.2000    7.2000
100000*second partial in parameter space
       58.       46.       30.        7.        7.        8.
        6.        9.        4.        5.        2.        3.
  0.0233  0.0227  0.0217  0.0242  0.0244  0.0234  0.0232  0.0250  0.0222  0.0225  0.0211  0.0214
  0.0216  0.0212  0.0207  0.0226  0.0225  0.0222  0.0215  0.0220  0.0210  0.0212  0.0205  0.0206
  0.0204  0.0203  0.0202  0.0211  0.0209  0.0211  0.0204  0.0204  0.0203  0.0204  0.0201  0.0201
  0.0200  0.0200  0.0200  0.0200  0.0200  0.0200  0.0200  0.0200  0.0200  0.0200  0.0200  0.0200
  0.0203  0.0203  0.0202  0.0197  0.0204  0.0197  0.0204  0.0206  0.0203  0.0201  0.0201  0.0202
  0.0214  0.0211  0.0208  0.0215  0.0223  0.0213  0.0215  0.0222  0.0210  0.0209  0.0205  0.0207
  0.0234  0.0226  0.0217  0.0253  0.0249  0.0246  0.0232  0.0248  0.0222  0.0226  0.0211  0.0214
   -1.8186   24.3279    6.2684   -6.4975  -10.9620   -4.4215
   -0.8237    2.1726   -0.5391   19.8712   -0.6406  -22.9807
eta,q 0.98001 12.45748

---------------------------------------------------------------------
imgreg_4dfp /opt/freesurfer/average/711-2C_as_mni_average_305 /opt/freesurfer/average/711-2B_as_mni_average_305_mask talsrcimg_g11 none talsrcimg_to_711-2C_as_mni_average_305_t4 2311
---------------------------------------------------------------------

freesurfer imgreg_4dfp.c
/opt/freesurfer/average/711-2C_as_mni_average_305.4dfp.img
       256       256       256         1
  1.000000  1.000000  1.000000
orientation T byte_order littleendian
Reading image: /opt/freesurfer/average/711-2C_as_mni_average_305.4dfp.img
dimensions:      256       256       256
mmppix:       1.0000   -1.0000   -1.0000
center:     128.0000 -129.0000 -129.0000
/opt/freesurfer/average/711-2B_as_mni_average_305_mask.4dfp.img
       256       256       256         1
  1.000000  1.000000  1.000000
orientation T byte_order littleendian
Reading mask: /opt/freesurfer/average/711-2B_as_mni_average_305_mask.4dfp.img (2306576 pixels)
talsrcimg_g11.4dfp.img
       256       256       256         1
  1.000000  1.000000  1.000000
orientation T byte_order littleendian
Reading image: talsrcimg_g11.4dfp.img
dimensions:      256       256       256
mmppix:       1.0000   -1.0000   -1.0000
center:     128.0000 -129.0000 -129.0000
fimgreg.f
image alignment mode   2311 decimal      907 hex
parameters
   -1.8186   24.3279    6.2684   -6.4975  -10.9620   -4.4215
   -0.8237    2.1726   -0.5391   19.8712   -0.6406  -22.9807
eta,q 0.98001 12.45747
niter,ni,del,rscale     5    3    5.0000    0.8000
parameters
   -1.7830   24.3517    6.2252   -5.1908  -10.8712   -3.8264
   -0.7967    2.3183   -0.4445   19.8136   -0.5030  -23.2395
eta,q 0.98047 12.51679
  0.0216  0.0212  0.0207  0.0222  0.0217  0.0219  0.0212  0.0225  0.0207  0.0207  0.0203  0.0202
  0.0207  0.0206  0.0203  0.0213  0.0208  0.0212  0.0203  0.0209  0.0201  0.0201  0.0199  0.0198
  0.0202  0.0201  0.0201  0.0206  0.0200  0.0204  0.0197  0.0199  0.0197  0.0197  0.0196  0.0196
  0.0200  0.0200  0.0200  0.0200  0.0197  0.0197  0.0195  0.0195  0.0195  0.0195  0.0195  0.0195
  0.0201  0.0201  0.0201  0.0197  0.0198  0.0195  0.0197  0.0198  0.0196  0.0196  0.0196  0.0196
  0.0206  0.0205  0.0204  0.0199  0.0205  0.0200  0.0203  0.0207  0.0200  0.0200  0.0199  0.0199
  0.0215  0.0212  0.0208  0.0208  0.0217  0.0215  0.0212  0.0221  0.0206  0.0209  0.0202  0.0203
niter,ni,del,rscale     4    3    5.0000    0.7000
parameters
   -1.9129   24.3368    6.3101   -5.2743  -10.8496   -3.4690
   -0.8103    2.1290   -0.4129   19.7935   -0.5735  -23.2837
eta,q 0.98056 12.52448
  0.0206  0.0205  0.0203  0.0210  0.0211  0.0215  0.0208  0.0215  0.0203  0.0204  0.0200  0.0200
  0.0200  0.0199  0.0199  0.0204  0.0203  0.0208  0.0201  0.0203  0.0198  0.0199  0.0197  0.0197
  0.0196  0.0196  0.0196  0.0198  0.0198  0.0201  0.0196  0.0196  0.0195  0.0196  0.0195  0.0195
  0.0195  0.0195  0.0195  0.0195  0.0195  0.0195  0.0194  0.0194  0.0194  0.0194  0.0194  0.0194
  0.0198  0.0196  0.0196  0.0195  0.0197  0.0194  0.0196  0.0198  0.0195  0.0195  0.0195  0.0195
  0.0203  0.0200  0.0198  0.0202  0.0202  0.0199  0.0201  0.0206  0.0198  0.0198  0.0197  0.0197
  0.0212  0.0205  0.0201  0.0214  0.0212  0.0213  0.0208  0.0218  0.0203  0.0205  0.0201  0.0200
niter,ni,del,rscale     3    3    5.0000    0.6000
parameters
   -1.9472   24.3272    6.4225   -5.2079  -10.8235   -3.2168
   -0.8051    2.0770   -0.3957   19.7355   -0.6441  -23.2062
eta,q 0.98061 12.53175
  0.0204  0.0202  0.0201  0.0206  0.0206  0.0210  0.0204  0.0211  0.0200  0.0201  0.0199  0.0199
  0.0199  0.0198  0.0198  0.0201  0.0200  0.0204  0.0198  0.0201  0.0197  0.0197  0.0196  0.0196
  0.0196  0.0195  0.0195  0.0197  0.0196  0.0198  0.0195  0.0196  0.0195  0.0195  0.0194  0.0194
  0.0194  0.0194  0.0194  0.0194  0.0194  0.0194  0.0194  0.0194  0.0194  0.0194  0.0194  0.0194
  0.0196  0.0195  0.0195  0.0194  0.0195  0.0194  0.0195  0.0196  0.0194  0.0194  0.0195  0.0194
  0.0199  0.0198  0.0196  0.0199  0.0200  0.0198  0.0198  0.0202  0.0197  0.0197  0.0196  0.0196
  0.0205  0.0202  0.0199  0.0208  0.0207  0.0209  0.0204  0.0211  0.0200  0.0202  0.0199  0.0198
niter,ni,del,rscale     2    3    5.0000    0.5000
parameters
   -1.9737   24.3190    6.5079   -5.1186  -10.8054   -3.0197
   -0.8090    2.0507   -0.3757   19.6880   -0.6948  -23.1269
eta,q 0.98064 12.53801
  0.0201  0.0199  0.0198  0.0203  0.0203  0.0206  0.0201  0.0206  0.0198  0.0199  0.0197  0.0197
  0.0197  0.0196  0.0196  0.0199  0.0198  0.0201  0.0197  0.0199  0.0196  0.0196  0.0195  0.0195
  0.0195  0.0194  0.0195  0.0196  0.0195  0.0196  0.0194  0.0195  0.0194  0.0194  0.0194  0.0194
  0.0194  0.0194  0.0194  0.0194  0.0194  0.0194  0.0194  0.0194  0.0194  0.0194  0.0194  0.0194
  0.0195  0.0194  0.0194  0.0194  0.0195  0.0194  0.0194  0.0195  0.0194  0.0194  0.0194  0.0194
  0.0197  0.0196  0.0195  0.0197  0.0198  0.0197  0.0197  0.0199  0.0196  0.0196  0.0195  0.0195
  0.0202  0.0199  0.0197  0.0203  0.0203  0.0205  0.0201  0.0206  0.0198  0.0199  0.0197  0.0197
niter,ni,del,rscale     1    3    5.0000    0.4000
parameters
   -1.9954   24.3106    6.5672   -5.0440  -10.7782   -2.8808
   -0.8139    2.0316   -0.3683   19.6277   -0.7364  -23.0689
eta,q 0.98066 12.54258
  0.0198  0.0197  0.0197  0.0200  0.0199  0.0202  0.0198  0.0202  0.0196  0.0197  0.0196  0.0196
  0.0196  0.0195  0.0195  0.0197  0.0196  0.0198  0.0196  0.0197  0.0195  0.0195  0.0194  0.0194
  0.0194  0.0194  0.0194  0.0195  0.0194  0.0195  0.0194  0.0194  0.0194  0.0194  0.0194  0.0194
  0.0194  0.0194  0.0194  0.0194  0.0194  0.0194  0.0193  0.0193  0.0193  0.0193  0.0194  0.0193
  0.0194  0.0194  0.0194  0.0194  0.0194  0.0194  0.0194  0.0195  0.0194  0.0194  0.0194  0.0194
  0.0196  0.0195  0.0195  0.0196  0.0196  0.0196  0.0196  0.0197  0.0195  0.0195  0.0195  0.0194
  0.0199  0.0197  0.0196  0.0200  0.0199  0.0201  0.0198  0.0202  0.0196  0.0197  0.0196  0.0195
registration optimization eta report
parameter search radius
    0.8000    0.8000    0.8000    2.4000    2.4000    2.4000
    2.4000    2.4000    2.4000    2.4000    2.4000    2.4000
100000*second partial in parameter space
       74.       52.       41.       11.       10.       14.
        8.       14.        5.        6.        4.        4.
  0.0198  0.0197  0.0197  0.0200  0.0199  0.0202  0.0198  0.0202  0.0196  0.0197  0.0196  0.0196
  0.0196  0.0195  0.0195  0.0197  0.0196  0.0198  0.0196  0.0197  0.0195  0.0195  0.0194  0.0194
  0.0194  0.0194  0.0194  0.0195  0.0194  0.0195  0.0194  0.0194  0.0194  0.0194  0.0194  0.0194
  0.0194  0.0194  0.0194  0.0194  0.0194  0.0194  0.0193  0.0193  0.0193  0.0193  0.0194  0.0193
  0.0194  0.0194  0.0194  0.0194  0.0194  0.0194  0.0194  0.0195  0.0194  0.0194  0.0194  0.0194
  0.0196  0.0195  0.0195  0.0196  0.0196  0.0196  0.0196  0.0197  0.0195  0.0195  0.0195  0.0194
  0.0199  0.0197  0.0196  0.0200  0.0199  0.0201  0.0198  0.0202  0.0196  0.0197  0.0196  0.0195
   -1.9954   24.3106    6.5672   -5.0440  -10.7782   -2.8808
   -0.8139    2.0316   -0.3683   19.6277   -0.7364  -23.0689
eta,q 0.98066 12.54258

---------------------------------------------------------------------
imgreg_4dfp /opt/freesurfer/average/711-2C_as_mni_average_305 /opt/freesurfer/average/711-2B_as_mni_average_305_mask talsrcimg_g11 none talsrcimg_to_711-2C_as_mni_average_305_t4 2311
---------------------------------------------------------------------

freesurfer imgreg_4dfp.c
/opt/freesurfer/average/711-2C_as_mni_average_305.4dfp.img
       256       256       256         1
  1.000000  1.000000  1.000000
orientation T byte_order littleendian
Reading image: /opt/freesurfer/average/711-2C_as_mni_average_305.4dfp.img
dimensions:      256       256       256
mmppix:       1.0000   -1.0000   -1.0000
center:     128.0000 -129.0000 -129.0000
/opt/freesurfer/average/711-2B_as_mni_average_305_mask.4dfp.img
       256       256       256         1
  1.000000  1.000000  1.000000
orientation T byte_order littleendian
Reading mask: /opt/freesurfer/average/711-2B_as_mni_average_305_mask.4dfp.img (2306576 pixels)
talsrcimg_g11.4dfp.img
       256       256       256         1
  1.000000  1.000000  1.000000
orientation T byte_order littleendian
Reading image: talsrcimg_g11.4dfp.img
dimensions:      256       256       256
mmppix:       1.0000   -1.0000   -1.0000
center:     128.0000 -129.0000 -129.0000
fimgreg.f
image alignment mode   2311 decimal      907 hex
parameters
   -1.9954   24.3106    6.5672   -5.0440  -10.7782   -2.8808
   -0.8139    2.0316   -0.3683   19.6277   -0.7364  -23.0689
eta,q 0.98066 12.54258
niter,ni,del,rscale     5    3    5.0000    0.8000
parameters
   -2.0245   24.2999    6.6026   -5.6171  -10.8676   -3.3177
   -0.8161    1.9847   -0.3730   19.6592   -0.7969  -22.9132
eta,q 0.98053 12.51806
  0.0212  0.0207  0.0204  0.0210  0.0213  0.0215  0.0211  0.0221  0.0206  0.0207  0.0202  0.0203
  0.0202  0.0199  0.0199  0.0203  0.0204  0.0207  0.0202  0.0206  0.0200  0.0201  0.0198  0.0198
  0.0196  0.0195  0.0195  0.0197  0.0197  0.0199  0.0197  0.0197  0.0196  0.0197  0.0195  0.0196
  0.0193  0.0193  0.0193  0.0193  0.0194  0.0194  0.0195  0.0195  0.0195  0.0195  0.0195  0.0195
  0.0196  0.0195  0.0194  0.0196  0.0196  0.0197  0.0197  0.0198  0.0196  0.0196  0.0196  0.0196
  0.0202  0.0200  0.0198  0.0207  0.0204  0.0209  0.0202  0.0208  0.0200  0.0199  0.0198  0.0198
  0.0213  0.0207  0.0203  0.0226  0.0216  0.0230  0.0211  0.0222  0.0206  0.0208  0.0202  0.0202
niter,ni,del,rscale     4    3    5.0000    0.7000
parameters
   -1.9397   24.3001    6.5270   -5.4159  -10.8045   -3.3157
   -0.8040    2.0854   -0.3617   19.6412   -0.7565  -22.9924
eta,q 0.98057 12.52393
  0.0210  0.0205  0.0201  0.0211  0.0210  0.0213  0.0208  0.0217  0.0203  0.0204  0.0200  0.0200
  0.0202  0.0199  0.0197  0.0204  0.0203  0.0206  0.0200  0.0204  0.0198  0.0199  0.0197  0.0197
  0.0197  0.0196  0.0195  0.0198  0.0197  0.0199  0.0196  0.0197  0.0195  0.0196  0.0195  0.0195
  0.0195  0.0195  0.0195  0.0195  0.0194  0.0194  0.0194  0.0194  0.0194  0.0194  0.0194  0.0194
  0.0196  0.0196  0.0196  0.0194  0.0196  0.0195  0.0196  0.0197  0.0195  0.0195  0.0195  0.0195
  0.0200  0.0199  0.0199  0.0199  0.0201  0.0202  0.0200  0.0204  0.0198  0.0198  0.0197  0.0197
  0.0207  0.0205  0.0203  0.0211  0.0210  0.0217  0.0207  0.0215  0.0203  0.0205  0.0200  0.0200
niter,ni,del,rscale     3    3    5.0000    0.6000
parameters
   -1.9467   24.2913    6.5093   -5.2483  -10.7744   -3.1502
   -0.8156    2.0897   -0.3557   19.6145   -0.7260  -23.0512
eta,q 0.98062 12.53190
  0.0204  0.0201  0.0200  0.0207  0.0206  0.0210  0.0204  0.0211  0.0200  0.0201  0.0199  0.0198
  0.0199  0.0197  0.0197  0.0201  0.0200  0.0204  0.0198  0.0201  0.0197  0.0197  0.0196  0.0196
  0.0195  0.0195  0.0195  0.0197  0.0196  0.0198  0.0195  0.0196  0.0195  0.0195  0.0194  0.0194
  0.0194  0.0194  0.0194  0.0194  0.0194  0.0194  0.0194  0.0194  0.0194  0.0194  0.0194  0.0194
  0.0195  0.0195  0.0195  0.0194  0.0195  0.0194  0.0195  0.0196  0.0195  0.0194  0.0194  0.0194
  0.0199  0.0198  0.0197  0.0198  0.0199  0.0199  0.0198  0.0202  0.0197  0.0197  0.0196  0.0196
  0.0205  0.0202  0.0200  0.0206  0.0206  0.0210  0.0204  0.0211  0.0200  0.0202  0.0198  0.0198
niter,ni,del,rscale     2    3    5.0000    0.5000
parameters
   -1.9699   24.2912    6.5421   -5.1378  -10.7709   -2.9851
   -0.8179    2.0593   -0.3533   19.6043   -0.7357  -23.0629
eta,q 0.98064 12.53804
  0.0201  0.0199  0.0198  0.0203  0.0202  0.0206  0.0201  0.0206  0.0198  0.0199  0.0197  0.0197
  0.0197  0.0196  0.0196  0.0199  0.0198  0.0201  0.0197  0.0199  0.0196  0.0196  0.0195  0.0195
  0.0195  0.0194  0.0194  0.0196  0.0195  0.0196  0.0194  0.0195  0.0194  0.0194  0.0194  0.0194
  0.0194  0.0194  0.0194  0.0194  0.0194  0.0194  0.0194  0.0194  0.0194  0.0194  0.0194  0.0194
  0.0195  0.0194  0.0194  0.0194  0.0195  0.0194  0.0194  0.0195  0.0194  0.0194  0.0194  0.0194
  0.0197  0.0196  0.0195  0.0197  0.0198  0.0197  0.0197  0.0200  0.0196  0.0196  0.0195  0.0195
  0.0201  0.0199  0.0198  0.0203  0.0203  0.0205  0.0201  0.0206  0.0198  0.0199  0.0197  0.0197
niter,ni,del,rscale     1    3    5.0000    0.4000
parameters
   -1.9954   24.2922    6.5873   -5.0452  -10.7638   -2.8599
   -0.8187    2.0319   -0.3570   19.5837   -0.7369  -23.0495
eta,q 0.98065 12.54281
  0.0198  0.0197  0.0196  0.0200  0.0199  0.0202  0.0198  0.0201  0.0196  0.0197  0.0196  0.0196
  0.0196  0.0195  0.0195  0.0197  0.0196  0.0198  0.0196  0.0197  0.0195  0.0195  0.0194  0.0194
  0.0194  0.0194  0.0194  0.0195  0.0194  0.0195  0.0194  0.0194  0.0194  0.0194  0.0194  0.0194
  0.0194  0.0194  0.0194  0.0194  0.0193  0.0193  0.0193  0.0193  0.0193  0.0193  0.0193  0.0193
  0.0194  0.0194  0.0194  0.0194  0.0194  0.0194  0.0194  0.0195  0.0194  0.0194  0.0194  0.0194
  0.0196  0.0195  0.0195  0.0196  0.0196  0.0196  0.0196  0.0197  0.0195  0.0195  0.0195  0.0194
  0.0199  0.0197  0.0196  0.0200  0.0199  0.0201  0.0198  0.0202  0.0196  0.0197  0.0196  0.0195
registration optimization eta report
parameter search radius
    0.8000    0.8000    0.8000    2.4000    2.4000    2.4000
    2.4000    2.4000    2.4000    2.4000    2.4000    2.4000
100000*second partial in parameter space
       74.       52.       41.       10.       10.       14.
        8.       14.        5.        6.        4.        4.
  0.0198  0.0197  0.0196  0.0200  0.0199  0.0202  0.0198  0.0201  0.0196  0.0197  0.0196  0.0196
  0.0196  0.0195  0.0195  0.0197  0.0196  0.0198  0.0196  0.0197  0.0195  0.0195  0.0194  0.0194
  0.0194  0.0194  0.0194  0.0195  0.0194  0.0195  0.0194  0.0194  0.0194  0.0194  0.0194  0.0194
  0.0194  0.0194  0.0194  0.0194  0.0193  0.0193  0.0193  0.0193  0.0193  0.0193  0.0193  0.0193
  0.0194  0.0194  0.0194  0.0194  0.0194  0.0194  0.0194  0.0195  0.0194  0.0194  0.0194  0.0194
  0.0196  0.0195  0.0195  0.0196  0.0196  0.0196  0.0196  0.0197  0.0195  0.0195  0.0195  0.0194
  0.0199  0.0197  0.0196  0.0200  0.0199  0.0201  0.0198  0.0202  0.0196  0.0197  0.0196  0.0195
   -1.9954   24.2922    6.5873   -5.0452  -10.7638   -2.8599
   -0.8187    2.0319   -0.3570   19.5837   -0.7369  -23.0495
eta,q 0.98065 12.54281

---------------------------------------------------------------------
compute_vox2vox talsrcimg talsrcimg_to_711-2C_as_mni_average_305_t4 /opt/freesurfer/average/711-2C_as_mni_average_305
---------------------------------------------------------------------

freesurfer compute_vox2vox.c
Reading: talsrcimg.4dfp.ifh
Reading: talsrcimg_to_711-2C_as_mni_average_305_t4
Reading: /opt/freesurfer/average/711-2C_as_mni_average_305.4dfp.ifh
Writing: talsrcimg_to_711-2C_as_mni_average_305_t4_vox2vox.txt

start time Wed Mar 11 14:47:34 CET 2026
end		time Wed Mar 11 14:48:58 CET 2026

mpr2mni305 success

avi2talxfm orig_nu.mgz /opt/freesurfer/average/mni305.cor.mgz talsrcimg_to_711-2C_as_mni_average_305_t4_vox2vox.txt transforms/talairach.auto.xfm
avi2talxfm done
mv -f /out/sourcedata/freesurfer/sub-v2s18x29527_ses-1/mri/talsrcimg_to_711-2C_as_mni_average_305_t4_vox2vox.txt /out/sourcedata/freesurfer/sub-v2s18x29527_ses-1/mri/transforms/talsrcimg_to_711-2C_as_mni_average_305_t4_vox2vox.txt
lta_convert --src orig_nu.mgz --trg /opt/freesurfer/average/mni305.cor.mgz --inxfm transforms/talairach.auto.xfm --outlta transforms/talairach.auto.xfm.lta --subject fsaverage
7.3.2

--src: orig_nu.mgz src image (geometry).
--trg: /opt/freesurfer/average/mni305.cor.mgz trg image (geometry).
--inmni: transforms/talairach.auto.xfm input MNI/XFM transform.
--outlta: transforms/talairach.auto.xfm.lta output LTA.
--s: fsaverage subject name
 LTA read, type : 1
 1.05297  -0.02279   0.00378  -0.70767;
 0.00854   0.97830   0.25277  -30.78785;
 0.00234  -0.21479   1.06516   3.80814;
 0.00000   0.00000   0.00000   1.00000;
setting subject to fsaverage
Writing  LTA to file transforms/talairach.auto.xfm.lta...
lta_convert successful.
 
 
Started at Wed Mar 11 14:47:33 CET 2026
Ended   at Wed Mar 11 14:48:58 CET 2026
talairach_avi done
