/out/sourcedata/freesurfer/sub-v2s18x29519_ses-1/mri
/opt/freesurfer/bin/talairach_avi
--i orig_nu.mgz --xfm transforms/talairach.auto.xfm
talairach_avi 7.3.2
Linux dna013 5.14.0-427.37.1.el9_4.x86_64 #1 SMP PREEMPT_DYNAMIC Fri Sep 13 12:41:50 EDT 2024 x86_64 x86_64 x86_64 GNU/Linux
Wed Mar 11 14:25:23 CET 2026
mri_convert orig_nu.mgz talsrcimg.img 
reading from orig_nu.mgz...
TR=0.00, TE=0.00, TI=0.00, flip angle=0.00
i_ras = (-1, -1.09867e-09, 0)
j_ras = (1.86265e-09, 2.91038e-11, -1)
k_ras = (1.67347e-10, 1, 0)
writing to talsrcimg.img...
Analyze Output Matrix
-1.00000   0.00000   0.00000   133.76530;
-0.00000   0.00000   1.00000  -89.81979;
 0.00000  -1.00000   0.00000   109.06160;
 0.00000   0.00000   0.00000   1.00000;
--------------------
INFO: set hdr.hist.orient to -1
mpr2mni305 talsrcimg
Wed Mar 11 14:25:24 CET 2026
/opt/freesurfer/bin/mpr2mni305 talsrcimg
mpr2mni305 7.3.2
target=711-2C_as_mni_average_305

---------------------------------------------------------------------
analyzeto4dfp talsrcimg -O0 -y
---------------------------------------------------------------------

freesurfer ifh2hdr.c
Wed Mar 11 14:25:24 2026
Writing: talsrcimg.4dfp.hdr
freesurfer analyzeto4dfp.c
Reading: talsrcimg.hdr
header size 348 bytes
hdr.dime.datatype	offset=70	value=2
hdr.dime.bitpix		offset=72	value=8
hdr.hist.orient		offset=252	value=-1
dimensionality     4
dimensions       256       256       256         1
Reading: talsrcimg.img
Writing: talsrcimg.4dfp.img
Writing: talsrcimg.4dfp.ifh
ifh2hdr talsrcimg -r0to198
ori=2

---------------------------------------------------------------------
gauss_4dfp talsrcimg 1.1
---------------------------------------------------------------------

freesurfer gauss_4dfp.c
Reading: talsrcimg.4dfp.img
Writing: talsrcimg_g11.4dfp.img
image dimensions 256 256 256 padded to 288 288 288
processing volume 1freesurfer ifh2hdr.c
Wed Mar 11 14:25:25 2026
Writing: talsrcimg_g11.4dfp.hdr

Writing: talsrcimg_g11.4dfp.ifh
including: talsrcimg.4dfp.img.rec in talsrcimg_g11.4dfp.img.rec

---------------------------------------------------------------------
imgreg_4dfp /opt/freesurfer/average/711-2C_as_mni_average_305 none talsrcimg_g11 none talsrcimg_to_711-2C_as_mni_average_305_t4 4355
---------------------------------------------------------------------

freesurfer imgreg_4dfp.c
/opt/freesurfer/average/711-2C_as_mni_average_305.4dfp.img
       256       256       256         1
  1.000000  1.000000  1.000000
orientation T byte_order littleendian
Reading image: /opt/freesurfer/average/711-2C_as_mni_average_305.4dfp.img
dimensions:      256       256       256
mmppix:       1.0000   -1.0000   -1.0000
center:     128.0000 -129.0000 -129.0000
talsrcimg_g11.4dfp.img
       256       256       256         1
  1.000000  1.000000  1.000000
orientation T byte_order littleendian
Reading image: talsrcimg_g11.4dfp.img
dimensions:      256       256       256
mmppix:       1.0000   -1.0000   -1.0000
center:     128.0000 -129.0000 -129.0000
t4_read: open error in t4_sub.f l:  41 t4_file(1:l)talsrcimg_to_711-2C_as_mni_average_305_t4 
t4_read: transform initialized to I4
rotation matrix determinant  1.000000
image alignment mode   4355 decimal     1103 hex
   -7.5000  -45.0000  -45.0000 6214.0659   22.5166
    0.0000  -45.0000  -45.0000 6476.8945   22.5630
    7.5000  -45.0000  -45.0000 6248.0356   22.5848
   -7.5000  -37.5000  -45.0000 6832.2842   22.0436
    0.0000  -37.5000  -45.0000 7124.9478   22.0746
    7.5000  -37.5000  -45.0000 6877.3716   22.0955
   -7.5000  -30.0000  -45.0000 7771.1279   21.8915
    0.0000  -30.0000  -45.0000 8126.9014   21.9122
    7.5000  -30.0000  -45.0000 7830.7847   21.9267
   -7.5000  -22.5000  -45.0000 8753.6113   21.8260
    0.0000  -22.5000  -45.0000 9152.6006   21.8467
    7.5000  -22.5000  -45.0000 8809.9072   21.8521
   -7.5000  -15.0000  -45.0000 9696.8799   21.7934
    0.0000  -15.0000  -45.000010136.3477   21.8238
    7.5000  -15.0000  -45.0000 9763.4150   21.8253
   -7.5000   -7.5000  -45.000010589.5742   21.7846
    0.0000   -7.5000  -45.000011116.3350   21.8257
    7.5000   -7.5000  -45.000010671.0215   21.8355
   -7.5000    0.0000  -45.000011340.3643   21.7787
    0.0000    0.0000  -45.000011905.2461   21.8191
    7.5000    0.0000  -45.000011400.0547   21.8375
   -7.5000    7.5000  -45.000011199.4941   21.7770
    0.0000    7.5000  -45.000011772.7881   21.8060
    7.5000    7.5000  -45.000011234.5957   21.8244
   -7.5000   15.0000  -45.000010999.9385   21.7793
    0.0000   15.0000  -45.000011548.6182   21.7996
    7.5000   15.0000  -45.000011024.1230   21.8127
   -7.5000   22.5000  -45.000010757.1172   21.7867
    0.0000   22.5000  -45.000011294.2852   21.8076
    7.5000   22.5000  -45.000010789.0986   21.8125
   -7.5000   30.0000  -45.000010318.3799   21.5028
    0.0000   30.0000  -45.000010810.0371   21.5328
    7.5000   30.0000  -45.000010345.1982   21.5343
   -7.5000   37.5000  -45.000010231.6172   21.4943
    0.0000   37.5000  -45.000010680.7744   21.5349
    7.5000   37.5000  -45.000010212.4424   21.5445
   -7.5000   45.0000  -45.0000 9749.1992   20.9428
    0.0000   45.0000  -45.000010184.5068   20.9817
    7.5000   45.0000  -45.0000 9714.6904   20.9994
   -7.5000  -45.0000  -37.5000 6572.0459   22.5510
    0.0000  -45.0000  -37.5000 6843.8389   22.6076
    7.5000  -45.0000  -37.5000 6611.4556   22.6147
   -7.5000  -37.5000  -37.5000 7226.0288   22.0767
    0.0000  -37.5000  -37.5000 7549.3706   22.1186
    7.5000  -37.5000  -37.5000 7277.4790   22.1363
   -7.5000  -30.0000  -37.5000 8239.0830   21.9139
    0.0000  -30.0000  -37.5000 8640.9971   21.9409
    7.5000  -30.0000  -37.5000 8319.0127   21.9622
   -7.5000  -22.5000  -37.5000 9282.3887   21.8357
    0.0000  -22.5000  -37.5000 9751.6826   21.8572
    7.5000  -22.5000  -37.5000 9348.8047   21.8685
   -7.5000  -15.0000  -37.500010255.4219   21.8008
    0.0000  -15.0000  -37.500010787.5156   21.8306
    7.5000  -15.0000  -37.500010326.2500   21.8281
   -7.5000   -7.5000  -37.500011189.7334   21.8039
    0.0000   -7.5000  -37.500011817.0859   21.8490
    7.5000   -7.5000  -37.500011258.4980   21.8451
   -7.5000    0.0000  -37.500011999.2627   21.8107
    0.0000    0.0000  -37.500012648.2041   21.8609
    7.5000    0.0000  -37.500012036.9521   21.8655
   -7.5000    7.5000  -37.500011822.9951   21.8098
    0.0000    7.5000  -37.500012486.7139   21.8493
    7.5000    7.5000  -37.500011858.4951   21.8646
   -7.5000   15.0000  -37.500011600.1006   21.8015
    0.0000   15.0000  -37.500012259.5693   21.8280
    7.5000   15.0000  -37.500011630.3574   21.8479
   -7.5000   22.5000  -37.500011334.3467   21.7963
    0.0000   22.5000  -37.500011975.1914   21.8180
    7.5000   22.5000  -37.500011348.3145   21.8287
   -7.5000   30.0000  -37.500010883.0674   21.5101
    0.0000   30.0000  -37.500011496.3389   21.5395
    7.5000   30.0000  -37.500010879.6240   21.5371
   -7.5000   37.5000  -37.500010715.3135   21.5133
    0.0000   37.5000  -37.500011313.1992   21.5578
    7.5000   37.5000  -37.500010714.1172   21.5540
   -7.5000   45.0000  -37.500010199.0156   20.9736
    0.0000   45.0000  -37.500010755.2090   21.0218
    7.5000   45.0000  -37.500010184.8916   21.0263
   -7.5000  -45.0000  -30.0000 7053.0771   23.5143
    0.0000  -45.0000  -30.0000 7373.6157   23.5788
    7.5000  -45.0000  -30.0000 7098.5459   23.5907
   -7.5000  -37.5000  -30.0000 7773.4331   23.0322
    0.0000  -37.5000  -30.0000 8150.4990   23.0824
    7.5000  -37.5000  -30.0000 7838.1558   23.1073
   -7.5000  -30.0000  -30.0000 8859.8652   22.8698
    0.0000  -30.0000  -30.0000 9317.5449   22.9035
    7.5000  -30.0000  -30.0000 8941.9014   22.9319
   -7.5000  -22.5000  -30.0000 9963.0400   22.7795
    0.0000  -22.5000  -30.000010496.4658   22.8062
    7.5000  -22.5000  -30.000010034.6904   22.8232
   -7.5000  -15.0000  -30.000010994.3770   22.7307
    0.0000  -15.0000  -30.000011593.0781   22.7653
    7.5000  -15.0000  -30.000011062.3301   22.7662
   -7.5000   -7.5000  -30.000011951.2656   22.7301
    0.0000   -7.5000  -30.000012645.8213   22.7810
    7.5000   -7.5000  -30.000012033.7939   22.7790
   -7.5000    0.0000  -30.000012784.0498   22.7425
    0.0000    0.0000  -30.000013513.1787   22.8003
    7.5000    0.0000  -30.000012858.3848   22.8093
   -7.5000    7.5000  -30.000012593.0898   22.7545
    0.0000    7.5000  -30.000013358.2178   22.8020
    7.5000    7.5000  -30.000012684.9385   22.8243
   -7.5000   15.0000  -30.000012385.4072   22.7530
    0.0000   15.0000  -30.000013153.5811   22.7860
    7.5000   15.0000  -30.000012458.1562   22.8129
   -7.5000   22.5000  -30.000012121.5586   22.7360
    0.0000   22.5000  -30.000012852.0449   22.7629
    7.5000   22.5000  -30.000012123.8877   22.7795
   -7.5000   30.0000  -30.000011607.7842   22.4297
    0.0000   30.0000  -30.000012344.5469   22.4638
    7.5000   30.0000  -30.000011608.1396   22.4647
   -7.5000   37.5000  -30.000011405.4902   22.4294
    0.0000   37.5000  -30.000012123.9326   22.4795
    7.5000   37.5000  -30.000011422.3564   22.4776
   -7.5000   45.0000  -30.000010841.8477   21.8857
    0.0000   45.0000  -30.000011495.7617   21.9413
    7.5000   45.0000  -30.000010836.1650   21.9500
   -7.5000  -45.0000  -22.5000 7545.5928   24.3032
    0.0000  -45.0000  -22.5000 7903.2231   24.3642
    7.5000  -45.0000  -22.5000 7613.8887   24.3979
   -7.5000  -37.5000  -22.5000 8341.1260   23.8174
    0.0000  -37.5000  -22.5000 8741.0352   23.8643
    7.5000  -37.5000  -22.5000 8408.3887   23.9018
   -7.5000  -30.0000  -22.5000 9502.3301   23.6689
    0.0000  -30.0000  -22.5000 9988.9775   23.7028
    7.5000  -30.0000  -22.5000 9583.4053   23.7327
   -7.5000  -22.5000  -22.500010643.3643   23.5813
    0.0000  -22.5000  -22.500011220.2051   23.6127
    7.5000  -22.5000  -22.500010733.6045   23.6301
   -7.5000  -15.0000  -22.500011700.4287   23.5216
    0.0000  -15.0000  -22.500012356.1885   23.5616
    7.5000  -15.0000  -22.500011796.4941   23.5702
   -7.5000   -7.5000  -22.500012681.8389   23.5034
    0.0000   -7.5000  -22.500013407.9961   23.5556
    7.5000   -7.5000  -22.500012775.3887   23.5706
   -7.5000    0.0000  -22.500013545.0576   23.5067
    0.0000    0.0000  -22.500014326.7236   23.5613
    7.5000    0.0000  -22.500013646.4600   23.5909
   -7.5000    7.5000  -22.500013356.2412   23.5310
    0.0000    7.5000  -22.500014165.3506   23.5753
    7.5000    7.5000  -22.500013467.0742   23.6098
   -7.5000   15.0000  -22.500013127.9707   23.5486
    0.0000   15.0000  -22.500013953.9512   23.5818
    7.5000   15.0000  -22.500013209.6094   23.6100
   -7.5000   22.5000  -22.500012855.9121   23.5349
    0.0000   22.5000  -22.500013658.4121   23.5663
    7.5000   22.5000  -22.500012865.9727   23.5833
   -7.5000   30.0000  -22.500012337.1182   23.2137
    0.0000   30.0000  -22.500013152.4375   23.2532
    7.5000   30.0000  -22.500012360.5127   23.2617
   -7.5000   37.5000  -22.500012114.1865   23.1960
    0.0000   37.5000  -22.500012904.2842   23.2475
    7.5000   37.5000  -22.500012139.7842   23.2622
   -7.5000   45.0000  -22.500011467.3320   22.6381
    0.0000   45.0000  -22.500012170.0840   22.6907
    7.5000   45.0000  -22.500011462.6602   22.7192
   -7.5000  -45.0000  -15.0000 8045.0732   24.8463
    0.0000  -45.0000  -15.0000 8428.1592   24.8973
    7.5000  -45.0000  -15.0000 8110.4639   24.9495
   -7.5000  -37.5000  -15.0000 8877.2090   24.3515
    0.0000  -37.5000  -15.0000 9320.6602   24.3879
    7.5000  -37.5000  -15.0000 8943.1475   24.4329
   -7.5000  -30.0000  -15.000010093.4609   24.2133
    0.0000  -30.0000  -15.000010626.5420   24.2419
    7.5000  -30.0000  -15.000010178.1572   24.2684
   -7.5000  -22.5000  -15.000011280.6426   24.1380
    0.0000  -22.5000  -15.000011891.1416   24.1699
    7.5000  -22.5000  -15.000011403.1436   24.1842
   -7.5000  -15.0000  -15.000012397.1055   24.0788
    0.0000  -15.0000  -15.000013067.4141   24.1206
    7.5000  -15.0000  -15.000012525.2461   24.1350
   -7.5000   -7.5000  -15.000013422.4424   24.0453
    0.0000   -7.5000  -15.000014141.8477   24.0940
    7.5000   -7.5000  -15.000013547.2090   24.1249
   -7.5000    0.0000  -15.000014323.5420   24.0333
    0.0000    0.0000  -15.000015130.2275   24.0783
    7.5000    0.0000  -15.000014461.6836   24.1253
   -7.5000    7.5000  -15.000014138.8447   24.0588
    0.0000    7.5000  -15.000014970.1211   24.0929
    7.5000    7.5000  -15.000014234.6631   24.1345
   -7.5000   15.0000  -15.000013885.1426   24.0902
    0.0000   15.0000  -15.000014703.7988   24.1182
    7.5000   15.0000  -15.000013954.2168   24.1431
   -7.5000   22.5000  -15.000013594.0527   24.0894
    0.0000   22.5000  -15.000014403.5264   24.1214
    7.5000   22.5000  -15.000013643.6191   24.1352
   -7.5000   30.0000  -15.000013068.2578   23.7670
    0.0000   30.0000  -15.000013838.7227   23.8083
    7.5000   30.0000  -15.000013107.5283   23.8224
   -7.5000   37.5000  -15.000012818.9482   23.7342
    0.0000   37.5000  -15.000013607.9580   23.7822
    7.5000   37.5000  -15.000012858.4521   23.8127
   -7.5000   45.0000  -15.000012066.8584   23.1592
    0.0000   45.0000  -15.000012789.0186   23.2026
    7.5000   45.0000  -15.000012064.1045   23.2479
   -7.5000  -45.0000   -7.5000 8510.4912   25.1199
    0.0000  -45.0000   -7.5000 8925.1680   25.1658
    7.5000  -45.0000   -7.5000 8600.8887   25.2130
   -7.5000  -37.5000   -7.5000 9371.5488   24.6074
    0.0000  -37.5000   -7.5000 9842.2998   24.6372
    7.5000  -37.5000   -7.5000 9451.7285   24.6742
   -7.5000  -30.0000   -7.500010648.6133   24.4594
    0.0000  -30.0000   -7.500011205.5898   24.4820
    7.5000  -30.0000   -7.500010747.5850   24.5010
   -7.5000  -22.5000   -7.500011911.3223   24.3912
    0.0000  -22.5000   -7.500012529.0752   24.4187
    7.5000  -22.5000   -7.500012037.7080   24.4268
   -7.5000  -15.0000   -7.500013093.5254   24.3435
    0.0000  -15.0000   -7.500013761.2490   24.3821
    7.5000  -15.0000   -7.500013224.0859   24.3932
   -7.5000   -7.5000   -7.500014243.7637   24.3146
    0.0000   -7.5000   -7.500014960.0537   24.3598
    7.5000   -7.5000   -7.500014346.4053   24.3888
   -7.5000    0.0000   -7.500015268.0146   24.2981
    0.0000    0.0000   -7.500016140.5010   24.3380
    7.5000    0.0000   -7.500015337.5225   24.3799
   -7.5000    7.5000   -7.500015114.7842   24.3108
    0.0000    7.5000   -7.500015895.1475   24.3385
    7.5000    7.5000   -7.500015135.6797   24.3723
   -7.5000   15.0000   -7.500014806.6338   24.3346
    0.0000   15.0000   -7.500015485.2598   24.3567
    7.5000   15.0000   -7.500014842.9043   24.3741
   -7.5000   22.5000   -7.500014418.7500   24.3395
    0.0000   22.5000   -7.500015092.4004   24.3671
    7.5000   22.5000   -7.500014497.8213   24.3747
   -7.5000   30.0000   -7.500013836.7139   24.0276
    0.0000   30.0000   -7.500014523.0615   24.0657
    7.5000   30.0000   -7.500013918.6621   24.0767
   -7.5000   37.5000   -7.500013496.8867   23.9993
    0.0000   37.5000   -7.500014254.7432   24.0439
    7.5000   37.5000   -7.500013607.4805   24.0725
   -7.5000   45.0000   -7.500012681.9600   23.4188
    0.0000   45.0000   -7.500013353.0654   23.4573
    7.5000   45.0000   -7.500012727.0166   23.4977
   -7.5000  -45.0000    0.0000 8895.3457   25.1967
    0.0000  -45.0000    0.0000 9343.2871   25.2486
    7.5000  -45.0000    0.0000 8988.2715   25.2729
   -7.5000  -37.5000    0.0000 9818.0957   24.6673
    0.0000  -37.5000    0.000010285.2695   24.7021
    7.5000  -37.5000    0.0000 9884.6133   24.7254
   -7.5000  -30.0000    0.000011163.4893   24.4972
    0.0000  -30.0000    0.000011681.6113   24.5203
    7.5000  -30.0000    0.000011232.4990   24.5365
   -7.5000  -22.5000    0.000012465.9580   24.4239
    0.0000  -22.5000    0.000013030.1465   24.4470
    7.5000  -22.5000    0.000012544.9951   24.4531
   -7.5000  -15.0000    0.000013711.0449   24.3874
    0.0000  -15.0000    0.000014322.0703   24.4214
    7.5000  -15.0000    0.000013770.0312   24.4231
   -7.5000   -7.5000    0.000015014.3711   24.3775
    0.0000   -7.5000    0.000015761.2256   24.4235
    7.5000   -7.5000    0.000015047.6230   24.4345
   -7.5000    0.0000    0.000016251.7920   24.3709
    0.0000    0.0000    0.000017090.3809   24.4162
    7.5000    0.0000    0.000016252.0869   24.4367
   -7.5000    7.5000    0.000015969.8398   24.3690
    0.0000    7.5000    0.000016474.6680   24.4015
    7.5000    7.5000    0.000015956.1006   24.4220
   -7.5000   15.0000    0.000015442.6318   24.3716
    0.0000   15.0000    0.000015843.2021   24.3943
    7.5000   15.0000    0.000015490.9854   24.4089
   -7.5000   22.5000    0.000015049.9062   24.3720
    0.0000   22.5000    0.000015498.1689   24.3953
    7.5000   22.5000    0.000015171.4541   24.4008
   -7.5000   30.0000    0.000014499.9395   24.0716
    0.0000   30.0000    0.000015046.9180   24.1051
    7.5000   30.0000    0.000014595.2588   24.1068
   -7.5000   37.5000    0.000014171.1934   24.0620
    0.0000   37.5000    0.000014786.0908   24.1075
    7.5000   37.5000    0.000014268.5625   24.1182
   -7.5000   45.0000    0.000013241.9355   23.4907
    0.0000   45.0000    0.000013833.2988   23.5344
    7.5000   45.0000    0.000013292.2842   23.5542
   -7.5000  -45.0000    7.5000 8613.4268   25.2351
    0.0000  -45.0000    7.5000 9032.9658   25.2985
    7.5000  -45.0000    7.5000 8693.8809   25.3065
   -7.5000  -37.5000    7.5000 9512.1074   24.7044
    0.0000  -37.5000    7.5000 9952.1211   24.7513
    7.5000  -37.5000    7.5000 9568.9111   24.7711
   -7.5000  -30.0000    7.500010793.5439   24.5222
    0.0000  -30.0000    7.500011300.3213   24.5525
    7.5000  -30.0000    7.500010857.8750   24.5763
   -7.5000  -22.5000    7.500012027.4863   24.4347
    0.0000  -22.5000    7.500012573.5527   24.4588
    7.5000  -22.5000    7.500012072.0107   24.4714
   -7.5000  -15.0000    7.500013196.8613   24.3957
    0.0000  -15.0000    7.500013722.5879   24.4290
    7.5000  -15.0000    7.500013175.0703   24.4263
   -7.5000   -7.5000    7.500014484.9727   24.3991
    0.0000   -7.5000    7.500015097.2627   24.4496
    7.5000   -7.5000    7.500014477.1436   24.4452
   -7.5000    0.0000    7.500015704.3096   24.4068
    0.0000    0.0000    7.500016348.6748   24.4629
    7.5000    0.0000    7.500015742.4561   24.4681
   -7.5000    7.5000    7.500015447.4424   24.4057
    0.0000    7.5000    7.500015746.4824   24.4499
    7.5000    7.5000    7.500015463.5879   24.4670
   -7.5000   15.0000    7.500014984.0938   24.3965
    0.0000   15.0000    7.500015189.8877   24.4261
    7.5000   15.0000    7.500015035.7432   24.4483
   -7.5000   22.5000    7.500014652.4512   24.3827
    0.0000   22.5000    7.500014982.6631   24.4070
    7.5000   22.5000    7.500014700.2129   24.4190
   -7.5000   30.0000    7.500014149.6182   24.0798
    0.0000   30.0000    7.500014615.3555   24.1127
    7.5000   30.0000    7.500014132.8643   24.1099
   -7.5000   37.5000    7.500013848.4668   24.0833
    0.0000   37.5000    7.500014386.9189   24.1332
    7.5000   37.5000    7.500013803.0430   24.1289
   -7.5000   45.0000    7.500012824.9951   23.5253
    0.0000   45.0000    7.500013368.8301   23.5794
    7.5000   45.0000    7.500012778.9688   23.5844
   -7.5000  -45.0000   15.0000 8211.4668   25.2508
    0.0000  -45.0000   15.0000 8627.1484   25.3201
    7.5000  -45.0000   15.0000 8286.0098   25.3329
   -7.5000  -37.5000   15.0000 9097.9561   24.7331
    0.0000  -37.5000   15.0000 9526.1982   24.7870
    7.5000  -37.5000   15.0000 9161.2061   24.8138
   -7.5000  -30.0000   15.000010307.9785   24.5587
    0.0000  -30.0000   15.000010743.7354   24.5949
    7.5000  -30.0000   15.000010370.5615   24.6255
   -7.5000  -22.5000   15.000011452.6777   24.4617
    0.0000  -22.5000   15.000011896.3916   24.4904
    7.5000  -22.5000   15.000011480.9219   24.5087
   -7.5000  -15.0000   15.000012532.5840   24.4094
    0.0000  -15.0000   15.000012981.6113   24.4465
    7.5000  -15.0000   15.000012512.6943   24.4474
   -7.5000   -7.5000   15.000013705.2119   24.4087
    0.0000   -7.5000   15.000014257.1592   24.4634
    7.5000   -7.5000   15.000013715.5693   24.4613
   -7.5000    0.0000   15.000014861.1758   24.4220
    0.0000    0.0000   15.000015462.7363   24.4841
    7.5000    0.0000   15.000014888.8398   24.4938
   -7.5000    7.5000   15.000014717.3125   24.4349
    0.0000    7.5000   15.000015301.3184   24.4859
    7.5000    7.5000   15.000014753.2246   24.5099
   -7.5000   15.0000   15.000014409.5479   24.4333
    0.0000   15.0000   15.000015081.8232   24.4688
    7.5000   15.0000   15.000014445.9375   24.4976
   -7.5000   22.5000   15.000014024.8965   24.4097
    0.0000   22.5000   15.000014728.0850   24.4385
    7.5000   22.5000   15.000014037.8271   24.4563
   -7.5000   30.0000   15.000013454.0615   24.0933
    0.0000   30.0000   15.000014120.4150   24.1299
    7.5000   30.0000   15.000013392.7285   24.1309
   -7.5000   37.5000   15.000013156.9893   24.0928
    0.0000   37.5000   15.000013768.4414   24.1468
    7.5000   37.5000   15.000013078.3691   24.1447
   -7.5000   45.0000   15.000012160.9834   23.5400
    0.0000   45.0000   15.000012718.1348   23.5998
    7.5000   45.0000   15.000012123.8955   23.6092
   -7.5000  -45.0000   22.5000 7703.0693   25.2786
    0.0000  -45.0000   22.5000 8068.3008   25.3427
    7.5000  -45.0000   22.5000 7757.1924   25.3783
   -7.5000  -37.5000   22.5000 8530.1240   24.7724
    0.0000  -37.5000   22.5000 8903.4307   24.8219
    7.5000  -37.5000   22.5000 8569.3125   24.8614
   -7.5000  -30.0000   22.5000 9659.1250   24.6178
    0.0000  -30.0000   22.500010086.6758   24.6536
    7.5000  -30.0000   22.5000 9721.4219   24.6852
   -7.5000  -22.5000   22.500010724.5342   24.5265
    0.0000  -22.5000   22.500011238.4414   24.5597
    7.5000  -22.5000   22.500010785.3174   24.5782
   -7.5000  -15.0000   22.500011775.7910   24.4642
    0.0000  -15.0000   22.500012380.8945   24.5064
    7.5000  -15.0000   22.500011824.5449   24.5157
   -7.5000   -7.5000   22.500012878.1836   24.4452
    0.0000   -7.5000   22.500013599.6543   24.5001
    7.5000   -7.5000   22.500012966.1045   24.5160
   -7.5000    0.0000   22.500013918.7041   24.4485
    0.0000    0.0000   22.500014618.1611   24.5060
    7.5000    0.0000   22.500013955.7949   24.5373
   -7.5000    7.5000   22.500013719.6807   24.4739
    0.0000    7.5000   22.500014372.7314   24.5207
    7.5000    7.5000   22.500013726.8311   24.5570
   -7.5000   15.0000   22.500013431.5264   24.4924
    0.0000   15.0000   22.500014092.6064   24.5275
    7.5000   15.0000   22.500013441.5117   24.5573
   -7.5000   22.5000   22.500013094.2451   24.4744
    0.0000   22.5000   22.500013728.8936   24.5077
    7.5000   22.5000   22.500013095.3779   24.5257
   -7.5000   30.0000   22.500012573.2949   24.1474
    0.0000   30.0000   22.500013173.1133   24.1890
    7.5000   30.0000   22.500012559.3711   24.1982
   -7.5000   37.5000   22.500012342.2432   24.1288
    0.0000   37.5000   22.500012923.4443   24.1830
    7.5000   37.5000   22.500012295.7324   24.1988
   -7.5000   45.0000   22.500011476.9258   23.5655
    0.0000   45.0000   22.500012047.8516   23.6209
    7.5000   45.0000   22.500011453.0850   23.6511
   -7.5000  -45.0000   30.0000 7081.2236   25.3668
    0.0000  -45.0000   30.0000 7411.9204   25.4198
    7.5000  -45.0000   30.0000 7134.8594   25.4740
   -7.5000  -37.5000   30.0000 7844.8232   24.8591
    0.0000  -37.5000   30.0000 8210.8594   24.8970
    7.5000  -37.5000   30.0000 7896.1372   24.9438
   -7.5000  -30.0000   30.0000 8889.4590   24.7172
    0.0000  -30.0000   30.0000 9364.9414   24.7472
    7.5000  -30.0000   30.0000 8973.8184   24.7750
   -7.5000  -22.5000   30.0000 9927.2598   24.6402
    0.0000  -22.5000   30.000010479.0215   24.6737
    7.5000  -22.5000   30.000010024.7998   24.6888
   -7.5000  -15.0000   30.000010897.8604   24.5796
    0.0000  -15.0000   30.000011528.6768   24.6232
    7.5000  -15.0000   30.000011013.4043   24.6383
   -7.5000   -7.5000   30.000011860.9307   24.5449
    0.0000   -7.5000   30.000012571.4893   24.5955
    7.5000   -7.5000   30.000011987.3584   24.6277
   -7.5000    0.0000   30.000012771.1201   24.5321
    0.0000    0.0000   30.000013439.8604   24.5789
    7.5000    0.0000   30.000012838.6309   24.6277
   -7.5000    7.5000   30.000012580.5156   24.5582
    0.0000    7.5000   30.000013209.7910   24.5938
    7.5000    7.5000   30.000012628.5771   24.6371
   -7.5000   15.0000   30.000012312.4092   24.5907
    0.0000   15.0000   30.000012906.4668   24.6201
    7.5000   15.0000   30.000012355.6328   24.6462
   -7.5000   22.5000   30.000011951.3770   24.5878
    0.0000   22.5000   30.000012498.1611   24.6213
    7.5000   22.5000   30.000012004.7568   24.6359
   -7.5000   30.0000   30.000011519.5146   24.2613
    0.0000   30.0000   30.000012019.4980   24.3044
    7.5000   30.0000   30.000011558.9795   24.3193
   -7.5000   37.5000   30.000011383.0137   24.2273
    0.0000   37.5000   30.000011897.4346   24.2772
    7.5000   37.5000   30.000011385.2500   24.3090
   -7.5000   45.0000   30.000010685.2715   23.6461
    0.0000   45.0000   30.000011169.2705   23.6913
    7.5000   45.0000   30.000010678.2666   23.7382
   -7.5000  -45.0000   37.5000 6731.0679   25.8182
    0.0000  -45.0000   37.5000 7066.0713   25.8673
    7.5000  -45.0000   37.5000 6792.4966   25.9170
   -7.5000  -37.5000   37.5000 7466.6909   25.2815
    0.0000  -37.5000   37.5000 7836.1465   25.3136
    7.5000  -37.5000   37.5000 7542.0181   25.3527
   -7.5000  -30.0000   37.5000 8479.4854   25.1252
    0.0000  -30.0000   37.5000 8932.5898   25.1493
    7.5000  -30.0000   37.5000 8583.2549   25.1694
   -7.5000  -22.5000   37.5000 9485.8457   25.0533
    0.0000  -22.5000   37.500010025.3184   25.0822
    7.5000  -22.5000   37.5000 9587.5371   25.0908
   -7.5000  -15.0000   37.500010439.3096   25.0033
    0.0000  -15.0000   37.500011046.7842   25.0439
    7.5000  -15.0000   37.500010539.7510   25.0555
   -7.5000   -7.5000   37.500011360.4248   24.9732
    0.0000   -7.5000   37.500011996.2588   25.0211
    7.5000   -7.5000   37.500011435.7031   25.0514
   -7.5000    0.0000   37.500012182.7715   24.9561
    0.0000    0.0000   37.500012821.6377   24.9987
    7.5000    0.0000   37.500012253.6045   25.0429
   -7.5000    7.5000   37.500012024.0957   24.9692
    0.0000    7.5000   37.500012635.6768   24.9990
    7.5000    7.5000   37.500012090.0625   25.0348
   -7.5000   15.0000   37.500011769.5254   24.9939
    0.0000   15.0000   37.500012328.5420   25.0174
    7.5000   15.0000   37.500011820.3496   25.0358
   -7.5000   22.5000   37.500011412.9160   24.9992
    0.0000   22.5000   37.500011927.2383   25.0282
    7.5000   22.5000   37.500011481.4756   25.0363
   -7.5000   30.0000   37.500011029.2676   24.6795
    0.0000   30.0000   37.500011496.9961   24.7196
    7.5000   30.0000   37.500011068.0820   24.7310
   -7.5000   37.5000   37.500010930.5234   24.6500
    0.0000   37.5000   37.500011440.6201   24.6973
    7.5000   37.5000   37.500010947.2490   24.7272
   -7.5000   45.0000   37.500010270.5010   24.0548
    0.0000   45.0000   37.500010746.3164   24.0959
    7.5000   45.0000   37.500010274.9062   24.1384
   -7.5000  -45.0000   45.0000 6103.4854   26.3174
    0.0000  -45.0000   45.0000 6356.6147   26.3741
    7.5000  -45.0000   45.0000 6128.5303   26.4022
   -7.5000  -37.5000   45.0000 6768.7354   25.7438
    0.0000  -37.5000   45.0000 7063.3130   25.7817
    7.5000  -37.5000   45.0000 6809.6787   25.8087
   -7.5000  -30.0000   45.0000 7717.5791   25.5549
    0.0000  -30.0000   45.0000 8073.9722   25.5799
    7.5000  -30.0000   45.0000 7776.4683   25.5989
   -7.5000  -22.5000   45.0000 8644.3613   25.4732
    0.0000  -22.5000   45.0000 9089.1484   25.4981
    7.5000  -22.5000   45.0000 8705.7998   25.5055
   -7.5000  -15.0000   45.0000 9519.2764   25.4343
    0.0000  -15.0000   45.000010032.9287   25.4708
    7.5000  -15.0000   45.0000 9600.7451   25.4734
   -7.5000   -7.5000   45.000010376.1113   25.4261
    0.0000   -7.5000   45.000010930.6855   25.4759
    7.5000   -7.5000   45.000010432.7598   25.4886
   -7.5000    0.0000   45.000011145.8428   25.4202
    0.0000    0.0000   45.000011691.5771   25.4694
    7.5000    0.0000   45.000011195.2314   25.4931
   -7.5000    7.5000   45.000010989.5039   25.4170
    0.0000    7.5000   45.000011507.1621   25.4523
    7.5000    7.5000   45.000011039.5166   25.4761
   -7.5000   15.0000   45.000010736.9121   25.4174
    0.0000   15.0000   45.000011226.7646   25.4418
    7.5000   15.0000   45.000010785.5254   25.4591
   -7.5000   22.5000   45.000010428.5303   25.4170
    0.0000   22.5000   45.000010875.2490   25.4420
    7.5000   22.5000   45.000010459.8428   25.4488
   -7.5000   30.0000   45.000010086.2891   25.1028
    0.0000   30.0000   45.000010499.4453   25.1388
    7.5000   30.0000   45.000010109.9189   25.1414
   -7.5000   37.5000   45.000010026.0977   25.0948
    0.0000   37.5000   45.000010459.7246   25.1440
    7.5000   37.5000   45.000010034.7217   25.1566
   -7.5000   45.0000   45.0000 9433.7646   24.5132
    0.0000   45.0000   45.0000 9840.3027   24.5607
    7.5000   45.0000   45.0000 9437.7314   24.5835

---------------------------------------------------------------------
imgreg_4dfp /opt/freesurfer/average/711-2C_as_mni_average_305 /opt/freesurfer/average/711-2B_as_mni_average_305_mask talsrcimg_g11 none talsrcimg_to_711-2C_as_mni_average_305_t4 4355
---------------------------------------------------------------------

freesurfer imgreg_4dfp.c
/opt/freesurfer/average/711-2C_as_mni_average_305.4dfp.img
       256       256       256         1
  1.000000  1.000000  1.000000
orientation T byte_order littleendian
Reading image: /opt/freesurfer/average/711-2C_as_mni_average_305.4dfp.img
dimensions:      256       256       256
mmppix:       1.0000   -1.0000   -1.0000
center:     128.0000 -129.0000 -129.0000
/opt/freesurfer/average/711-2B_as_mni_average_305_mask.4dfp.img
       256       256       256         1
  1.000000  1.000000  1.000000
orientation T byte_order littleendian
Reading mask: /opt/freesurfer/average/711-2B_as_mni_average_305_mask.4dfp.img (2306576 pixels)
talsrcimg_g11.4dfp.img
       256       256       256         1
  1.000000  1.000000  1.000000
orientation T byte_order littleendian
Reading image: talsrcimg_g11.4dfp.img
dimensions:      256       256       256
mmppix:       1.0000   -1.0000   -1.0000
center:     128.0000 -129.0000 -129.0000
rotation matrix determinant  1.000000
image alignment mode   4355 decimal     1103 hex
   -7.5000  -45.0000  -45.0000 1739.4836   33.9496
    0.0000  -45.0000  -45.0000 1743.6638   33.8429
    7.5000  -45.0000  -45.0000 1738.5895   34.2416
   -7.5000  -37.5000  -45.0000 1864.6221   29.5844
    0.0000  -37.5000  -45.0000 1872.1108   29.3709
    7.5000  -37.5000  -45.0000 1864.5836   29.7194
   -7.5000  -30.0000  -45.0000 1978.5138   26.2229
    0.0000  -30.0000  -45.0000 1993.2600   26.0568
    7.5000  -30.0000  -45.0000 1982.6853   26.3341
   -7.5000  -22.5000  -45.0000 2093.6614   23.6571
    0.0000  -22.5000  -45.0000 2104.5583   23.5162
    7.5000  -22.5000  -45.0000 2098.8757   23.7387
   -7.5000  -15.0000  -45.0000 2187.4243   21.6688
    0.0000  -15.0000  -45.0000 2200.3640   21.5899
    7.5000  -15.0000  -45.0000 2193.1279   21.7359
   -7.5000   -7.5000  -45.0000 2258.2446   20.2282
    0.0000   -7.5000  -45.0000 2273.1428   20.1698
    7.5000   -7.5000  -45.0000 2264.5496   20.3240
   -7.5000    0.0000  -45.0000 2291.7039   19.2211
    0.0000    0.0000  -45.0000 2307.7341   19.1969
    7.5000    0.0000  -45.0000 2291.4167   19.3300
   -7.5000    7.5000  -45.0000 2315.6768   18.7922
    0.0000    7.5000  -45.0000 2330.3794   18.6640
    7.5000    7.5000  -45.0000 2311.6960   18.8006
   -7.5000   15.0000  -45.0000 2323.0435   18.7158
    0.0000   15.0000  -45.0000 2338.0747   18.5294
    7.5000   15.0000  -45.0000 2317.0889   18.6412
   -7.5000   22.5000  -45.0000 2318.6309   18.9877
    0.0000   22.5000  -45.0000 2334.8264   18.7331
    7.5000   22.5000  -45.0000 2315.0239   18.8618
   -7.5000   30.0000  -45.0000 2281.3010   19.6138
    0.0000   30.0000  -45.0000 2301.3311   19.3842
    7.5000   30.0000  -45.0000 2281.2778   19.5174
   -7.5000   37.5000  -45.0000 2230.0894   20.6066
    0.0000   37.5000  -45.0000 2245.7622   20.3612
    7.5000   37.5000  -45.0000 2226.2598   20.5514
   -7.5000   45.0000  -45.0000 2152.1997   22.0436
    0.0000   45.0000  -45.0000 2166.0525   21.7434
    7.5000   45.0000  -45.0000 2148.1482   22.0380
   -7.5000  -45.0000  -37.5000 1786.8660   31.8922
    0.0000  -45.0000  -37.5000 1789.8239   31.8791
    7.5000  -45.0000  -37.5000 1784.7795   32.1720
   -7.5000  -37.5000  -37.5000 1919.2902   27.7705
    0.0000  -37.5000  -37.5000 1925.8361   27.7307
    7.5000  -37.5000  -37.5000 1919.8899   27.9830
   -7.5000  -30.0000  -37.5000 2042.6028   24.5928
    0.0000  -30.0000  -37.5000 2058.8889   24.5600
    7.5000  -30.0000  -37.5000 2051.7222   24.7696
   -7.5000  -22.5000  -37.5000 2163.3157   22.1183
    0.0000  -22.5000  -37.5000 2182.6941   22.1017
    7.5000  -22.5000  -37.5000 2170.4285   22.2269
   -7.5000  -15.0000  -37.5000 2260.2544   20.1302
    0.0000  -15.0000  -37.5000 2278.1768   20.1707
    7.5000  -15.0000  -37.5000 2264.4255   20.2719
   -7.5000   -7.5000  -37.5000 2337.4592   18.7514
    0.0000   -7.5000  -37.5000 2361.8259   18.8298
    7.5000   -7.5000  -37.5000 2341.3081   18.8363
   -7.5000    0.0000  -37.5000 2382.5625   17.8862
    0.0000    0.0000  -37.5000 2401.3340   17.9519
    7.5000    0.0000  -37.5000 2376.7742   17.9397
   -7.5000    7.5000  -37.5000 2409.6692   17.4291
    0.0000    7.5000  -37.5000 2428.5090   17.4651
    7.5000    7.5000  -37.5000 2403.1458   17.4678
   -7.5000   15.0000  -37.5000 2422.5125   17.3938
    0.0000   15.0000  -37.5000 2443.6799   17.3285
    7.5000   15.0000  -37.5000 2416.2009   17.3650
   -7.5000   22.5000  -37.5000 2414.8723   17.6148
    0.0000   22.5000  -37.5000 2437.6309   17.5296
    7.5000   22.5000  -37.5000 2411.0229   17.5675
   -7.5000   30.0000  -37.5000 2381.2668   18.2296
    0.0000   30.0000  -37.5000 2404.0034   18.1285
    7.5000   30.0000  -37.5000 2375.5266   18.1552
   -7.5000   37.5000  -37.5000 2323.1848   19.1445
    0.0000   37.5000  -37.5000 2346.7146   19.0316
    7.5000   37.5000  -37.5000 2320.2637   19.1126
   -7.5000   45.0000  -37.5000 2242.3274   20.4925
    0.0000   45.0000  -37.5000 2262.6406   20.3259
    7.5000   45.0000  -37.5000 2237.7466   20.4818
   -7.5000  -45.0000  -30.0000 1861.9879   31.0949
    0.0000  -45.0000  -30.0000 1869.3689   31.0447
    7.5000  -45.0000  -30.0000 1859.7761   31.3820
   -7.5000  -37.5000  -30.0000 2000.4563   26.9594
    0.0000  -37.5000  -30.0000 2013.1991   27.0935
    7.5000  -37.5000  -30.0000 2005.5039   27.2773
   -7.5000  -30.0000  -30.0000 2131.7961   23.8830
    0.0000  -30.0000  -30.0000 2152.4780   23.9916
    7.5000  -30.0000  -30.0000 2142.7122   24.0849
   -7.5000  -22.5000  -30.0000 2257.9280   21.4416
    0.0000  -22.5000  -30.0000 2283.9719   21.5109
    7.5000  -22.5000  -30.0000 2265.6689   21.5441
   -7.5000  -15.0000  -30.0000 2363.9238   19.4722
    0.0000  -15.0000  -30.0000 2385.5244   19.5266
    7.5000  -15.0000  -30.0000 2366.4846   19.5457
   -7.5000   -7.5000  -30.0000 2451.1855   18.0408
    0.0000   -7.5000  -30.0000 2475.1335   18.1248
    7.5000   -7.5000  -30.0000 2449.1560   18.1091
   -7.5000    0.0000  -30.0000 2509.4934   17.1581
    0.0000    0.0000  -30.0000 2527.5969   17.2551
    7.5000    0.0000  -30.0000 2502.2637   17.2464
   -7.5000    7.5000  -30.0000 2545.1650   16.7497
    0.0000    7.5000  -30.0000 2567.8479   16.8189
    7.5000    7.5000  -30.0000 2537.8040   16.7702
   -7.5000   15.0000  -30.0000 2569.0920   16.7335
    0.0000   15.0000  -30.0000 2595.5503   16.7732
    7.5000   15.0000  -30.0000 2559.6572   16.7468
   -7.5000   22.5000  -30.0000 2561.0547   17.0195
    0.0000   22.5000  -30.0000 2587.0640   17.0348
    7.5000   22.5000  -30.0000 2551.3630   17.0128
   -7.5000   30.0000  -30.0000 2521.5935   17.6292
    0.0000   30.0000  -30.0000 2550.9226   17.5988
    7.5000   30.0000  -30.0000 2514.1929   17.5803
   -7.5000   37.5000  -30.0000 2464.9092   18.4544
    0.0000   37.5000  -30.0000 2492.8943   18.4312
    7.5000   37.5000  -30.0000 2457.5547   18.4865
   -7.5000   45.0000  -30.0000 2372.4817   19.7108
    0.0000   45.0000  -30.0000 2397.5410   19.6289
    7.5000   45.0000  -30.0000 2368.7771   19.7578
   -7.5000  -45.0000  -22.5000 1913.1328   30.0178
    0.0000  -45.0000  -22.5000 1923.1388   30.0207
    7.5000  -45.0000  -22.5000 1914.1600   30.3178
   -7.5000  -37.5000  -22.5000 2058.9531   26.0461
    0.0000  -37.5000  -22.5000 2074.9734   26.0728
    7.5000  -37.5000  -22.5000 2066.5496   26.2905
   -7.5000  -30.0000  -22.5000 2195.3713   22.9603
    0.0000  -30.0000  -22.5000 2219.1272   22.9730
    7.5000  -30.0000  -22.5000 2206.3840   23.1386
   -7.5000  -22.5000  -22.5000 2328.0276   20.5635
    0.0000  -22.5000  -22.5000 2354.2827   20.5406
    7.5000  -22.5000  -22.5000 2337.3936   20.6851
   -7.5000  -15.0000  -22.5000 2437.7739   18.7196
    0.0000  -15.0000  -22.5000 2464.5732   18.7246
    7.5000  -15.0000  -22.5000 2443.3513   18.7940
   -7.5000   -7.5000  -22.5000 2530.8767   17.2858
    0.0000   -7.5000  -22.5000 2556.9163   17.3304
    7.5000   -7.5000  -22.5000 2530.8618   17.3230
   -7.5000    0.0000  -22.5000 2605.2153   16.3706
    0.0000    0.0000  -22.5000 2629.9631   16.3975
    7.5000    0.0000  -22.5000 2602.0122   16.4073
   -7.5000    7.5000  -22.5000 2654.6907   15.9193
    0.0000    7.5000  -22.5000 2683.1169   15.9790
    7.5000    7.5000  -22.5000 2646.8499   15.9486
   -7.5000   15.0000  -22.5000 2681.0105   15.9163
    0.0000   15.0000  -22.5000 2711.3191   15.9690
    7.5000   15.0000  -22.5000 2674.2114   15.9413
   -7.5000   22.5000  -22.5000 2678.0596   16.2862
    0.0000   22.5000  -22.5000 2711.2632   16.3138
    7.5000   22.5000  -22.5000 2670.8809   16.2693
   -7.5000   30.0000  -22.5000 2634.8120   16.8936
    0.0000   30.0000  -22.5000 2668.3875   16.9008
    7.5000   30.0000  -22.5000 2628.8240   16.8715
   -7.5000   37.5000  -22.5000 2572.5024   17.7199
    0.0000   37.5000  -22.5000 2604.4329   17.6928
    7.5000   37.5000  -22.5000 2566.5271   17.7500
   -7.5000   45.0000  -22.5000 2474.3245   18.8597
    0.0000   45.0000  -22.5000 2502.5947   18.7740
    7.5000   45.0000  -22.5000 2474.8877   18.9135
   -7.5000  -45.0000  -15.0000 1938.7769   29.0789
    0.0000  -45.0000  -15.0000 1949.5798   28.9768
    7.5000  -45.0000  -15.0000 1942.3795   29.3250
   -7.5000  -37.5000  -15.0000 2086.0737   25.1853
    0.0000  -37.5000  -15.0000 2102.5400   25.0788
    7.5000  -37.5000  -15.0000 2094.6362   25.2934
   -7.5000  -30.0000  -15.0000 2225.9812   22.1154
    0.0000  -30.0000  -15.0000 2251.4392   22.0199
    7.5000  -30.0000  -15.0000 2238.3613   22.2315
   -7.5000  -22.5000  -15.0000 2361.3464   19.7894
    0.0000  -22.5000  -15.0000 2389.0186   19.7183
    7.5000  -22.5000  -15.0000 2372.8823   19.8677
   -7.5000  -15.0000  -15.0000 2477.4536   18.0342
    0.0000  -15.0000  -15.0000 2502.9253   17.9303
    7.5000  -15.0000  -15.0000 2487.9431   18.1328
   -7.5000   -7.5000  -15.0000 2586.0427   16.6791
    0.0000   -7.5000  -15.0000 2609.0918   16.5956
    7.5000   -7.5000  -15.0000 2588.1870   16.7580
   -7.5000    0.0000  -15.0000 2672.5386   15.7243
    0.0000    0.0000  -15.0000 2700.6646   15.6431
    7.5000    0.0000  -15.0000 2673.2542   15.7740
   -7.5000    7.5000  -15.0000 2733.9373   15.1944
    0.0000    7.5000  -15.0000 2767.1250   15.1281
    7.5000    7.5000  -15.0000 2728.4329   15.2188
   -7.5000   15.0000  -15.0000 2763.7820   15.1363
    0.0000   15.0000  -15.0000 2797.5374   15.1094
    7.5000   15.0000  -15.0000 2760.0898   15.1597
   -7.5000   22.5000  -15.0000 2760.0854   15.5805
    0.0000   22.5000  -15.0000 2794.4011   15.5262
    7.5000   22.5000  -15.0000 2755.9175   15.5343
   -7.5000   30.0000  -15.0000 2719.7043   16.1984
    0.0000   30.0000  -15.0000 2747.5894   16.1392
    7.5000   30.0000  -15.0000 2715.6191   16.1770
   -7.5000   37.5000  -15.0000 2650.2024   16.9715
    0.0000   37.5000  -15.0000 2675.3645   16.8853
    7.5000   37.5000  -15.0000 2641.8582   17.0119
   -7.5000   45.0000  -15.0000 2546.1587   18.0765
    0.0000   45.0000  -15.0000 2571.5483   17.9536
    7.5000   45.0000  -15.0000 2540.2849   18.1164
   -7.5000  -45.0000   -7.5000 1944.8951   28.5619
    0.0000  -45.0000   -7.5000 1954.1492   28.3500
    7.5000  -45.0000   -7.5000 1953.3488   28.7474
   -7.5000  -37.5000   -7.5000 2089.4429   24.5959
    0.0000  -37.5000   -7.5000 2104.6038   24.3461
    7.5000  -37.5000   -7.5000 2100.8687   24.7129
   -7.5000  -30.0000   -7.5000 2235.7920   21.5353
    0.0000  -30.0000   -7.5000 2255.1123   21.3085
    7.5000  -30.0000   -7.5000 2246.8845   21.6135
   -7.5000  -22.5000   -7.5000 2373.2163   19.2530
    0.0000  -22.5000   -7.5000 2396.4106   19.0670
    7.5000  -22.5000   -7.5000 2386.7642   19.3091
   -7.5000  -15.0000   -7.5000 2496.9392   17.5630
    0.0000  -15.0000   -7.5000 2521.0447   17.3446
    7.5000  -15.0000   -7.5000 2507.3323   17.5950
   -7.5000   -7.5000   -7.5000 2614.6509   16.2635
    0.0000   -7.5000   -7.5000 2637.0540   16.0303
    7.5000   -7.5000   -7.5000 2620.1934   16.2566
   -7.5000    0.0000   -7.5000 2717.9983   15.3144
    0.0000    0.0000   -7.5000 2749.7036   15.1097
    7.5000    0.0000   -7.5000 2720.8376   15.2946
   -7.5000    7.5000   -7.5000 2793.9246   14.7089
    0.0000    7.5000   -7.5000 2830.3274   14.4758
    7.5000    7.5000   -7.5000 2793.9163   14.6816
   -7.5000   15.0000   -7.5000 2837.3489   14.5606
    0.0000   15.0000   -7.5000 2868.4353   14.3408
    7.5000   15.0000   -7.5000 2838.3474   14.5247
   -7.5000   22.5000   -7.5000 2826.8479   14.9174
    0.0000   22.5000   -7.5000 2856.2195   14.7129
    7.5000   22.5000   -7.5000 2828.0898   14.8595
   -7.5000   30.0000   -7.5000 2774.1982   15.5738
    0.0000   30.0000   -7.5000 2798.0210   15.3616
    7.5000   30.0000   -7.5000 2769.1602   15.5344
   -7.5000   37.5000   -7.5000 2691.2756   16.3723
    0.0000   37.5000   -7.5000 2717.0969   16.2307
    7.5000   37.5000   -7.5000 2692.4138   16.3923
   -7.5000   45.0000   -7.5000 2587.5017   17.4701
    0.0000   45.0000   -7.5000 2606.3684   17.3224
    7.5000   45.0000   -7.5000 2586.9875   17.5163
   -7.5000  -45.0000    0.0000 1936.9011   28.5558
    0.0000  -45.0000    0.0000 1951.7906   28.1787
    7.5000  -45.0000    0.0000 1944.4332   28.5750
   -7.5000  -37.5000    0.0000 2088.0720   24.5836
    0.0000  -37.5000    0.0000 2102.2563   24.1598
    7.5000  -37.5000    0.0000 2092.3047   24.5165
   -7.5000  -30.0000    0.0000 2233.2124   21.5268
    0.0000  -30.0000    0.0000 2248.8408   21.0809
    7.5000  -30.0000    0.0000 2238.9937   21.4319
   -7.5000  -22.5000    0.0000 2369.4092   19.1871
    0.0000  -22.5000    0.0000 2385.9309   18.7805
    7.5000  -22.5000    0.0000 2378.3286   19.0738
   -7.5000  -15.0000    0.0000 2495.0105   17.4425
    0.0000  -15.0000    0.0000 2510.6748   17.0369
    7.5000  -15.0000    0.0000 2501.2446   17.3354
   -7.5000   -7.5000    0.0000 2627.5713   16.1413
    0.0000   -7.5000    0.0000 2638.9221   15.7519
    7.5000   -7.5000    0.0000 2628.2236   16.0330
   -7.5000    0.0000    0.0000 2745.8123   15.2281
    0.0000    0.0000    0.0000 2769.7083   14.8679
    7.5000    0.0000    0.0000 2747.2297   15.1066
   -7.5000    7.5000    0.0000 2830.2141   14.5264
    0.0000    7.5000    0.0000 2860.6951   14.0778
    7.5000    7.5000    0.0000 2832.0649   14.4221
   -7.5000   15.0000    0.0000 2872.1470   14.2229
    0.0000   15.0000    0.0000 2894.4551   13.7215
    7.5000   15.0000    0.0000 2870.0017   14.1584
   -7.5000   22.5000    0.0000 2866.4609   14.5319
    0.0000   22.5000    0.0000 2879.5911   14.0713
    7.5000   22.5000    0.0000 2871.4475   14.4712
   -7.5000   30.0000    0.0000 2812.2061   15.2069
    0.0000   30.0000    0.0000 2829.5679   14.8645
    7.5000   30.0000    0.0000 2811.2295   15.1729
   -7.5000   37.5000    0.0000 2722.4951   16.1147
    0.0000   37.5000    0.0000 2735.8735   15.8169
    7.5000   37.5000    0.0000 2724.9006   16.0852
   -7.5000   45.0000    0.0000 2612.5334   17.2571
    0.0000   45.0000    0.0000 2627.1799   16.9740
    7.5000   45.0000    0.0000 2610.8137   17.2296
   -7.5000  -45.0000    7.5000 1925.7540   28.9856
    0.0000  -45.0000    7.5000 1938.5736   28.4070
    7.5000  -45.0000    7.5000 1935.4502   28.8018
   -7.5000  -37.5000    7.5000 2073.7842   24.8337
    0.0000  -37.5000    7.5000 2088.4775   24.2531
    7.5000  -37.5000    7.5000 2080.6963   24.6024
   -7.5000  -30.0000    7.5000 2211.7878   21.7131
    0.0000  -30.0000    7.5000 2228.8286   21.1188
    7.5000  -30.0000    7.5000 2220.2339   21.4357
   -7.5000  -22.5000    7.5000 2346.1736   19.3086
    0.0000  -22.5000    7.5000 2368.4897   18.7688
    7.5000  -22.5000    7.5000 2352.5610   19.0474
   -7.5000  -15.0000    7.5000 2478.3191   17.4890
    0.0000  -15.0000    7.5000 2494.9805   16.9505
    7.5000  -15.0000    7.5000 2478.2808   17.2489
   -7.5000   -7.5000    7.5000 2614.8025   16.1983
    0.0000   -7.5000    7.5000 2626.7634   15.6892
    7.5000   -7.5000    7.5000 2611.1919   15.9891
   -7.5000    0.0000    7.5000 2735.2754   15.3485
    0.0000    0.0000    7.5000 2749.2246   14.8365
    7.5000    0.0000    7.5000 2736.9277   15.1470
   -7.5000    7.5000    7.5000 2825.6372   14.6586
    0.0000    7.5000    7.5000 2840.8389   14.0913
    7.5000    7.5000    7.5000 2831.0034   14.5174
   -7.5000   15.0000    7.5000 2877.8933   14.2692
    0.0000   15.0000    7.5000 2884.6865   13.6602
    7.5000   15.0000    7.5000 2885.2195   14.1995
   -7.5000   22.5000    7.5000 2874.9319   14.4647
    0.0000   22.5000    7.5000 2891.8662   14.0311
    7.5000   22.5000    7.5000 2881.4155   14.3859
   -7.5000   30.0000    7.5000 2822.5762   15.1209
    0.0000   30.0000    7.5000 2849.4614   14.7907
    7.5000   30.0000    7.5000 2820.9268   15.0285
   -7.5000   37.5000    7.5000 2729.1760   16.0602
    0.0000   37.5000    7.5000 2750.7256   15.7927
    7.5000   37.5000    7.5000 2728.9131   15.9287
   -7.5000   45.0000    7.5000 2612.7024   17.2441
    0.0000   45.0000    7.5000 2630.6396   17.0088
    7.5000   45.0000    7.5000 2611.9402   17.1296
   -7.5000  -45.0000   15.0000 1900.0645   29.6979
    0.0000  -45.0000   15.0000 1909.5532   29.1006
    7.5000  -45.0000   15.0000 1905.4143   29.5012
   -7.5000  -37.5000   15.0000 2051.1003   25.4026
    0.0000  -37.5000   15.0000 2063.1409   24.7651
    7.5000  -37.5000   15.0000 2058.3906   25.1522
   -7.5000  -30.0000   15.0000 2188.3281   22.1473
    0.0000  -30.0000   15.0000 2200.2480   21.4656
    7.5000  -30.0000   15.0000 2194.7993   21.8483
   -7.5000  -22.5000   15.0000 2320.1377   19.6247
    0.0000  -22.5000   15.0000 2334.0366   18.9479
    7.5000  -22.5000   15.0000 2321.8840   19.3320
   -7.5000  -15.0000   15.0000 2451.1594   17.7836
    0.0000  -15.0000   15.0000 2462.0134   17.1638
    7.5000  -15.0000   15.0000 2442.9919   17.4884
   -7.5000   -7.5000   15.0000 2579.5791   16.5187
    0.0000   -7.5000   15.0000 2594.7527   16.0086
    7.5000   -7.5000   15.0000 2574.9006   16.2806
   -7.5000    0.0000   15.0000 2700.3872   15.6897
    0.0000    0.0000   15.0000 2718.6594   15.2645
    7.5000    0.0000   15.0000 2698.8149   15.4995
   -7.5000    7.5000   15.0000 2789.8833   15.0272
    0.0000    7.5000   15.0000 2812.6653   14.5867
    7.5000    7.5000   15.0000 2792.9126   14.9365
   -7.5000   15.0000   15.0000 2839.4890   14.7358
    0.0000   15.0000   15.0000 2867.0984   14.4711
    7.5000   15.0000   15.0000 2843.5520   14.6505
   -7.5000   22.5000   15.0000 2839.5298   14.7710
    0.0000   22.5000   15.0000 2876.8689   14.6069
    7.5000   22.5000   15.0000 2849.2095   14.7015
   -7.5000   30.0000   15.0000 2793.7346   15.2054
    0.0000   30.0000   15.0000 2830.7766   15.0582
    7.5000   30.0000   15.0000 2789.9480   15.1658
   -7.5000   37.5000   15.0000 2706.7297   16.0805
    0.0000   37.5000   15.0000 2733.1707   15.9005
    7.5000   37.5000   15.0000 2703.4331   15.9749
   -7.5000   45.0000   15.0000 2589.0063   17.3043
    0.0000   45.0000   15.0000 2614.2971   17.0859
    7.5000   45.0000   15.0000 2590.9841   17.1686
   -7.5000  -45.0000   22.5000 1865.7303   30.6556
    0.0000  -45.0000   22.5000 1867.8037   29.9721
    7.5000  -45.0000   22.5000 1864.1272   30.4431
   -7.5000  -37.5000   22.5000 2021.8855   26.1260
    0.0000  -37.5000   22.5000 2026.6406   25.5051
    7.5000  -37.5000   22.5000 2023.7716   25.8947
   -7.5000  -30.0000   22.5000 2159.5811   22.8208
    0.0000  -30.0000   22.5000 2169.6482   22.2275
    7.5000  -30.0000   22.5000 2164.8682   22.5819
   -7.5000  -22.5000   22.5000 2290.6257   20.3249
    0.0000  -22.5000   22.5000 2302.9243   19.7987
    7.5000  -22.5000   22.5000 2285.9280   20.1028
   -7.5000  -15.0000   22.5000 2419.4705   18.5153
    0.0000  -15.0000   22.5000 2431.1033   18.1342
    7.5000  -15.0000   22.5000 2401.9280   18.3469
   -7.5000   -7.5000   22.5000 2539.9761   17.2436
    0.0000   -7.5000   22.5000 2558.7544   16.9690
    7.5000   -7.5000   22.5000 2526.1392   17.1054
   -7.5000    0.0000   22.5000 2652.5249   16.2876
    0.0000    0.0000   22.5000 2671.1436   15.9665
    7.5000    0.0000   22.5000 2643.4204   16.1578
   -7.5000    7.5000   22.5000 2733.5435   15.5525
    0.0000    7.5000   22.5000 2759.6243   15.2431
    7.5000    7.5000   22.5000 2728.8306   15.4604
   -7.5000   15.0000   22.5000 2778.2654   15.3170
    0.0000   15.0000   22.5000 2804.7241   15.0905
    7.5000   15.0000   22.5000 2776.8362   15.2063
   -7.5000   22.5000   22.5000 2779.8596   15.3924
    0.0000   22.5000   22.5000 2805.6287   15.1972
    7.5000   22.5000   22.5000 2785.0410   15.2776
   -7.5000   30.0000   22.5000 2730.7180   15.8039
    0.0000   30.0000   22.5000 2758.6301   15.6421
    7.5000   30.0000   22.5000 2729.3782   15.7295
   -7.5000   37.5000   22.5000 2653.6550   16.5481
    0.0000   37.5000   22.5000 2684.9966   16.4124
    7.5000   37.5000   22.5000 2645.6279   16.4790
   -7.5000   45.0000   22.5000 2550.3840   17.6677
    0.0000   45.0000   22.5000 2582.4500   17.4904
    7.5000   45.0000   22.5000 2547.0027   17.5600
   -7.5000  -45.0000   30.0000 1815.3295   31.9756
    0.0000  -45.0000   30.0000 1812.9261   31.3611
    7.5000  -45.0000   30.0000 1810.2756   31.8134
   -7.5000  -37.5000   30.0000 1976.9797   27.2900
    0.0000  -37.5000   30.0000 1979.6621   26.7428
    7.5000  -37.5000   30.0000 1973.6360   27.1603
   -7.5000  -30.0000   30.0000 2119.1763   23.8420
    0.0000  -30.0000   30.0000 2131.7964   23.4819
    7.5000  -30.0000   30.0000 2117.8643   23.7420
   -7.5000  -22.5000   30.0000 2250.3799   21.3466
    0.0000  -22.5000   30.0000 2268.4060   21.1119
    7.5000  -22.5000   30.0000 2244.1479   21.3022
   -7.5000  -15.0000   30.0000 2368.7551   19.4870
    0.0000  -15.0000   30.0000 2390.7354   19.3259
    7.5000  -15.0000   30.0000 2357.9805   19.4379
   -7.5000   -7.5000   30.0000 2477.7764   18.1350
    0.0000   -7.5000   30.0000 2509.7529   17.9052
    7.5000   -7.5000   30.0000 2473.4033   18.0463
   -7.5000    0.0000   30.0000 2585.4121   17.0550
    0.0000    0.0000   30.0000 2616.0259   16.7539
    7.5000    0.0000   30.0000 2578.5972   16.9524
   -7.5000    7.5000   30.0000 2657.8875   16.3036
    0.0000    7.5000   30.0000 2684.4973   16.0349
    7.5000    7.5000   30.0000 2650.4399   16.2289
   -7.5000   15.0000   30.0000 2695.5430   16.0588
    0.0000   15.0000   30.0000 2717.5803   15.8381
    7.5000   15.0000   30.0000 2688.8855   15.9505
   -7.5000   22.5000   30.0000 2688.9031   16.1220
    0.0000   22.5000   30.0000 2711.9407   15.9056
    7.5000   22.5000   30.0000 2691.6899   16.0389
   -7.5000   30.0000   30.0000 2645.9668   16.5326
    0.0000   30.0000   30.0000 2667.4626   16.3102
    7.5000   30.0000   30.0000 2647.1338   16.4388
   -7.5000   37.5000   30.0000 2573.1160   17.2798
    0.0000   37.5000   30.0000 2601.1580   17.0780
    7.5000   37.5000   30.0000 2567.4731   17.2027
   -7.5000   45.0000   30.0000 2487.8906   18.3323
    0.0000   45.0000   30.0000 2512.8215   18.1507
    7.5000   45.0000   30.0000 2479.0229   18.2796
   -7.5000  -45.0000   37.5000 1754.5011   33.9234
    0.0000  -45.0000   37.5000 1755.6849   33.4423
    7.5000  -45.0000   37.5000 1752.0154   33.9843
   -7.5000  -37.5000   37.5000 1923.8877   28.8908
    0.0000  -37.5000   37.5000 1929.7050   28.5104
    7.5000  -37.5000   37.5000 1921.5122   28.9274
   -7.5000  -30.0000   37.5000 2064.4089   25.2232
    0.0000  -30.0000   37.5000 2082.7061   25.0232
    7.5000  -30.0000   37.5000 2069.9673   25.2741
   -7.5000  -22.5000   37.5000 2195.9985   22.6412
    0.0000  -22.5000   37.5000 2221.4722   22.4639
    7.5000  -22.5000   37.5000 2195.3022   22.6389
   -7.5000  -15.0000   37.5000 2312.1230   20.6936
    0.0000  -15.0000   37.5000 2344.0591   20.5260
    7.5000  -15.0000   37.5000 2311.1355   20.6643
   -7.5000   -7.5000   37.5000 2417.7124   19.2139
    0.0000   -7.5000   37.5000 2450.8271   18.9859
    7.5000   -7.5000   37.5000 2414.7180   19.1683
   -7.5000    0.0000   37.5000 2511.0857   18.1003
    0.0000    0.0000   37.5000 2542.1367   17.8515
    7.5000    0.0000   37.5000 2503.1606   18.0364
   -7.5000    7.5000   37.5000 2573.3867   17.3573
    0.0000    7.5000   37.5000 2599.1223   17.1367
    7.5000    7.5000   37.5000 2566.6431   17.3017
   -7.5000   15.0000   37.5000 2596.8813   17.0798
    0.0000   15.0000   37.5000 2620.9492   16.8478
    7.5000   15.0000   37.5000 2594.8352   16.9781
   -7.5000   22.5000   37.5000 2587.2852   17.0874
    0.0000   22.5000   37.5000 2608.7561   16.8850
    7.5000   22.5000   37.5000 2594.2932   17.0296
   -7.5000   30.0000   37.5000 2555.5647   17.4841
    0.0000   30.0000   37.5000 2571.5444   17.2824
    7.5000   30.0000   37.5000 2555.2114   17.4039
   -7.5000   37.5000   37.5000 2496.1355   18.1954
    0.0000   37.5000   37.5000 2524.2061   17.9824
    7.5000   37.5000   37.5000 2488.3601   18.1088
   -7.5000   45.0000   37.5000 2417.0376   19.2492
    0.0000   45.0000   37.5000 2439.2788   19.0106
    7.5000   45.0000   37.5000 2408.6052   19.1711
   -7.5000  -45.0000   45.0000 1684.4246   36.3069
    0.0000  -45.0000   45.0000 1688.9530   35.7532
    7.5000  -45.0000   45.0000 1688.2540   36.4402
   -7.5000  -37.5000   45.0000 1854.8501   30.9374
    0.0000  -37.5000   45.0000 1867.7865   30.5227
    7.5000  -37.5000   45.0000 1864.4167   31.0286
   -7.5000  -30.0000   45.0000 2000.4197   27.1187
    0.0000  -30.0000   45.0000 2021.4246   26.8673
    7.5000  -30.0000   45.0000 2009.5631   27.1824
   -7.5000  -22.5000   45.0000 2130.1514   24.3547
    0.0000  -22.5000   45.0000 2158.7107   24.1553
    7.5000  -22.5000   45.0000 2134.1294   24.3229
   -7.5000  -15.0000   45.0000 2242.6445   22.2297
    0.0000  -15.0000   45.0000 2277.3730   22.0121
    7.5000  -15.0000   45.0000 2249.4338   22.2044
   -7.5000   -7.5000   45.0000 2345.9746   20.6239
    0.0000   -7.5000   45.0000 2377.0920   20.3919
    7.5000   -7.5000   45.0000 2344.9917   20.5810
   -7.5000    0.0000   45.0000 2428.4761   19.4857
    0.0000    0.0000   45.0000 2453.8733   19.2901
    7.5000    0.0000   45.0000 2424.5671   19.4609
   -7.5000    7.5000   45.0000 2474.8301   18.7211
    0.0000    7.5000   45.0000 2495.9236   18.4938
    7.5000    7.5000   45.0000 2472.3997   18.6418
   -7.5000   15.0000   45.0000 2488.8386   18.3742
    0.0000   15.0000   45.0000 2512.7891   18.1355
    7.5000   15.0000   45.0000 2493.7178   18.2807
   -7.5000   22.5000   45.0000 2487.1436   18.3390
    0.0000   22.5000   45.0000 2503.5894   18.1325
    7.5000   22.5000   45.0000 2486.5840   18.2909
   -7.5000   30.0000   45.0000 2457.9346   18.6932
    0.0000   30.0000   45.0000 2472.8198   18.4996
    7.5000   30.0000   45.0000 2459.2888   18.6298
   -7.5000   37.5000   45.0000 2411.8586   19.3705
    0.0000   37.5000   45.0000 2430.3438   19.1822
    7.5000   37.5000   45.0000 2407.7627   19.3305
   -7.5000   45.0000   45.0000 2336.9207   20.4404
    0.0000   45.0000   45.0000 2352.8789   20.1810
    7.5000   45.0000   45.0000 2333.6340   20.3628

---------------------------------------------------------------------
imgreg_4dfp /opt/freesurfer/average/711-2C_as_mni_average_305 /opt/freesurfer/average/711-2B_as_mni_average_305_mask talsrcimg_g11 none talsrcimg_to_711-2C_as_mni_average_305_t4 1283
---------------------------------------------------------------------

freesurfer imgreg_4dfp.c
/opt/freesurfer/average/711-2C_as_mni_average_305.4dfp.img
       256       256       256         1
  1.000000  1.000000  1.000000
orientation T byte_order littleendian
Reading image: /opt/freesurfer/average/711-2C_as_mni_average_305.4dfp.img
dimensions:      256       256       256
mmppix:       1.0000   -1.0000   -1.0000
center:     128.0000 -129.0000 -129.0000
/opt/freesurfer/average/711-2B_as_mni_average_305_mask.4dfp.img
       256       256       256         1
  1.000000  1.000000  1.000000
orientation T byte_order littleendian
Reading mask: /opt/freesurfer/average/711-2B_as_mni_average_305_mask.4dfp.img (2306576 pixels)
talsrcimg_g11.4dfp.img
       256       256       256         1
  1.000000  1.000000  1.000000
orientation T byte_order littleendian
Reading image: talsrcimg_g11.4dfp.img
dimensions:      256       256       256
mmppix:       1.0000   -1.0000   -1.0000
center:     128.0000 -129.0000 -129.0000
rotation matrix determinant  1.000000
fimgreg.f
image alignment mode   1283 decimal      503 hex
parameters
    0.0000   15.0000    0.0000    0.0000    0.0000    0.0000
eta,q 0.90728 13.68511
niter,ni,del,rscale     5    3   12.0000    1.2000
parameter  4  1.934338 ->  0.500000 qaram    1.1500
parameter  6 -0.698783 -> -0.500000 qaram    1.1500
parameters
    0.5947   15.9259   -0.5016   -3.4500    1.3056    3.4500
eta,q 0.91267 13.71673
  0.0980  0.0982  0.0974  0.0862  0.0926  0.0947
  0.0954  0.0943  0.0925  0.0877  0.0896  0.0922
  0.0930  0.0916  0.0903  0.0894  0.0887  0.0904
  0.0917  0.0909  0.0909  0.0899  0.0882  0.0886
  0.0921  0.0911  0.0941  0.0906  0.0887  0.0873
  0.0939  0.0920  0.0968  0.0930  0.0890  0.0874
  0.0961  0.0946  0.0960  0.0959  0.0894  0.0877
niter,ni,del,rscale     6    3   12.0000    1.2000
parameter  4  2.091946 ->  0.500000 qaram    1.3225
parameters
    1.3135   17.1165   -0.4771   -7.4175    2.4573    4.1792
eta,q 0.91550 13.78936
  0.0928  0.0955  0.0958  0.0849  0.0901  0.0882
  0.0906  0.0888  0.0899  0.0851  0.0882  0.0865
  0.0892  0.0857  0.0869  0.0851  0.0861  0.0856
  0.0873  0.0864  0.0870  0.0870  0.0848  0.0847
  0.0860  0.0871  0.0899  0.0872  0.0851  0.0843
  0.0885  0.0874  0.0931  0.0871  0.0864  0.0850
  0.0915  0.0885  0.0926  0.0890  0.0873  0.0875
niter,ni,del,rscale     6    3   12.0000    1.2000
parameter  2 -0.505819 -> -0.500000 qaram    1.1500
parameters
    0.8054   20.5665    0.1110   -9.0640    3.2663    3.7701
eta,q 0.91882 13.77874
  0.0877  0.0947  0.0920  0.0874  0.0883  0.0863
  0.0872  0.0897  0.0879  0.0862  0.0856  0.0838
  0.0857  0.0865  0.0845  0.0823  0.0827  0.0818
  0.0845  0.0844  0.0827  0.0827  0.0815  0.0813
  0.0865  0.0832  0.0838  0.0860  0.0812  0.0826
  0.0872  0.0827  0.0868  0.0893  0.0830  0.0847
  0.0891  0.0843  0.0886  0.0935  0.0858  0.0874
niter,ni,del,rscale     6    3   12.0000    1.2000
parameters
    1.4294   20.4779    0.1507   -9.1817    3.5395    3.9034
eta,q 0.91826 13.74683
  0.0874  0.0896  0.0891  0.0894  0.0876  0.0870
  0.0863  0.0871  0.0856  0.0876  0.0847  0.0843
  0.0831  0.0851  0.0827  0.0857  0.0822  0.0825
  0.0812  0.0816  0.0816  0.0816  0.0817  0.0817
  0.0829  0.0826  0.0830  0.0841  0.0821  0.0826
  0.0836  0.0861  0.0861  0.0870  0.0839  0.0841
  0.0862  0.0917  0.0884  0.0909  0.0865  0.0865
niter,ni,del,rscale     5    3   12.0000    1.2000
parameters
    1.3107   20.5161    0.1743   -9.2372    3.5703    3.9220
eta,q 0.91839 13.75143
  0.0872  0.0897  0.0891  0.0896  0.0872  0.0869
  0.0859  0.0872  0.0855  0.0876  0.0841  0.0842
  0.0820  0.0853  0.0826  0.0856  0.0821  0.0824
  0.0817  0.0816  0.0816  0.0816  0.0816  0.0816
  0.0833  0.0824  0.0829  0.0839  0.0822  0.0826
  0.0840  0.0858  0.0860  0.0869  0.0843  0.0842
  0.0888  0.0913  0.0885  0.0909  0.0868  0.0867
niter,ni,del,rscale     4    3   12.0000    1.2000
parameters
    1.3107   20.5414    0.1840   -9.2479    3.5813    3.9294
eta,q 0.91840 13.75169
  0.0873  0.0896  0.0890  0.0897  0.0871  0.0868
  0.0860  0.0872  0.0855  0.0876  0.0841  0.0841
  0.0822  0.0853  0.0826  0.0857  0.0820  0.0823
  0.0816  0.0816  0.0816  0.0816  0.0816  0.0816
  0.0832  0.0824  0.0830  0.0838  0.0822  0.0826
  0.0839  0.0859  0.0860  0.0869  0.0843  0.0842
  0.0884  0.0913  0.0885  0.0908  0.0869  0.0867
registration optimization eta report
parameter search radius
    6.0000    6.9000    6.0000    7.9350    6.0000    6.9000
100000*second partial in parameter space
       17.       17.       19.       11.       15.       10.
  0.0873  0.0896  0.0890  0.0897  0.0871  0.0868
  0.0860  0.0872  0.0855  0.0876  0.0841  0.0841
  0.0822  0.0853  0.0826  0.0857  0.0820  0.0823
  0.0816  0.0816  0.0816  0.0816  0.0816  0.0816
  0.0832  0.0824  0.0830  0.0838  0.0822  0.0826
  0.0839  0.0859  0.0860  0.0869  0.0843  0.0842
  0.0884  0.0913  0.0885  0.0908  0.0869  0.0867
    1.3107   20.5414    0.1840   -9.2479    3.5813    3.9294
eta,q 0.91840 13.75169

---------------------------------------------------------------------
imgreg_4dfp /opt/freesurfer/average/711-2C_as_mni_average_305 /opt/freesurfer/average/711-2B_as_mni_average_305_mask talsrcimg_g11 none talsrcimg_to_711-2C_as_mni_average_305_t4 3335
---------------------------------------------------------------------

freesurfer imgreg_4dfp.c
/opt/freesurfer/average/711-2C_as_mni_average_305.4dfp.img
       256       256       256         1
  1.000000  1.000000  1.000000
orientation T byte_order littleendian
Reading image: /opt/freesurfer/average/711-2C_as_mni_average_305.4dfp.img
dimensions:      256       256       256
mmppix:       1.0000   -1.0000   -1.0000
center:     128.0000 -129.0000 -129.0000
/opt/freesurfer/average/711-2B_as_mni_average_305_mask.4dfp.img
       256       256       256         1
  1.000000  1.000000  1.000000
orientation T byte_order littleendian
Reading mask: /opt/freesurfer/average/711-2B_as_mni_average_305_mask.4dfp.img (2306576 pixels)
talsrcimg_g11.4dfp.img
       256       256       256         1
  1.000000  1.000000  1.000000
orientation T byte_order littleendian
Reading image: talsrcimg_g11.4dfp.img
dimensions:      256       256       256
mmppix:       1.0000   -1.0000   -1.0000
center:     128.0000 -129.0000 -129.0000
fimgreg.f
image alignment mode   3335 decimal      D07 hex
parameters
    1.3107   20.5414    0.1840   -0.4299   -1.4630   -1.4925
   -5.7622   -7.2521    6.8394   15.6104    6.2465  -16.0393
eta,q 0.91741 13.79564
niter,ni,del,rscale     5    3    5.0000    1.2000
parameter  3 -1.977245 -> -0.500000 qaram    1.1500
parameter  4-14.487613 ->  0.500000 qaram    1.1500
parameter  5  6.263630 ->  0.500000 qaram    1.1500
parameter  6 13.786545 ->  0.500000 qaram    1.1500
parameter  8 -0.877628 -> -0.500000 qaram    1.1500
parameter 10  1.029577 ->  0.500000 qaram    1.1500
parameter 12  0.802068 ->  0.500000 qaram    1.1500
parameters
    0.9913   21.2050    1.5640   -4.5699   -5.6030   -5.6325
   -5.1084   -3.1121    4.3290   11.4704    4.0365  -20.1793
eta,q 0.94160 13.27955
  0.0830  0.0841  0.0840  0.0709  0.0657  0.0566  0.0635  0.0664  0.0616  0.0590  0.0593  0.0585
  0.0828  0.0834  0.0833  0.0742  0.0690  0.0609  0.0628  0.0644  0.0612  0.0590  0.0591  0.0584
  0.0826  0.0829  0.0828  0.0780  0.0720  0.0652  0.0623  0.0629  0.0611  0.0597  0.0590  0.0585
  0.0826  0.0826  0.0825  0.0819  0.0752  0.0698  0.0621  0.0621  0.0612  0.0611  0.0591  0.0590
  0.0827  0.0825  0.0822  0.0855  0.0787  0.0742  0.0622  0.0616  0.0617  0.0628  0.0593  0.0598
  0.0830  0.0827  0.0818  0.0886  0.0825  0.0788  0.0625  0.0611  0.0624  0.0649  0.0596  0.0607
  0.0834  0.0830  0.0815  0.0920  0.0864  0.0838  0.0630  0.0608  0.0634  0.0673  0.0601  0.0616
niter,ni,del,rscale     7    3    5.0000    1.2000
parameter  1  0.852678 ->  0.500000 qaram    1.1500
parameter  4  6.365381 ->  0.500000 qaram    1.3225
parameter  5  3.087297 ->  0.500000 qaram    1.3225
parameter  6  0.980131 ->  0.500000 qaram    1.3225
parameters
   -0.3887   20.4144    2.7008   -9.3309  -10.3640  -10.3935
   -4.9412   -2.9947    4.6219   13.6967    3.4071  -16.1684
eta,q 0.96724 13.28973
  0.0570  0.0577  0.0607  0.0415  0.0352  0.0332  0.0375  0.0432  0.0365  0.0404  0.0354  0.0379
  0.0570  0.0570  0.0591  0.0441  0.0381  0.0337  0.0357  0.0385  0.0351  0.0376  0.0342  0.0360
  0.0574  0.0568  0.0578  0.0494  0.0415  0.0352  0.0344  0.0350  0.0342  0.0353  0.0335  0.0346
  0.0584  0.0570  0.0568  0.0562  0.0453  0.0390  0.0339  0.0339  0.0339  0.0339  0.0335  0.0334
  0.0599  0.0577  0.0563  0.0631  0.0496  0.0451  0.0343  0.0352  0.0342  0.0334  0.0339  0.0328
  0.0618  0.0587  0.0564  0.0684  0.0544  0.0513  0.0355  0.0383  0.0349  0.0341  0.0348  0.0329
  0.0640  0.0599  0.0573  0.0734  0.0594  0.0585  0.0372  0.0425  0.0361  0.0361  0.0362  0.0336
niter,ni,del,rscale     7    3    5.0000    1.2000
parameter  4  0.643320 ->  0.500000 qaram    1.5209
parameter  5  1.105769 ->  0.500000 qaram    1.5209
parameters
   -0.7581   19.9141    2.1985  -14.8060  -15.8392  -14.1402
   -4.5278   -3.9877    6.2767   12.3631    3.1702  -18.0129
eta,q 0.97485 12.63413
  0.0376  0.0343  0.0347  0.0304  0.0254  0.0271  0.0294  0.0306  0.0292  0.0288  0.0265  0.0266
  0.0346  0.0331  0.0331  0.0301  0.0258  0.0259  0.0275  0.0276  0.0276  0.0265  0.0259  0.0256
  0.0329  0.0325  0.0324  0.0305  0.0272  0.0258  0.0263  0.0260  0.0264  0.0254  0.0255  0.0252
  0.0328  0.0326  0.0325  0.0323  0.0302  0.0261  0.0258  0.0258  0.0256  0.0255  0.0253  0.0253
  0.0342  0.0334  0.0334  0.0375  0.0344  0.0278  0.0260  0.0271  0.0255  0.0267  0.0255  0.0260
  0.0370  0.0348  0.0349  0.0450  0.0389  0.0327  0.0270  0.0298  0.0260  0.0288  0.0260  0.0270
  0.0408  0.0368  0.0370  0.0519  0.0437  0.0390  0.0286  0.0334  0.0270  0.0315  0.0267  0.0283
niter,ni,del,rscale     7    3    5.0000    1.2000
parameters
   -0.6319   20.4245    2.2249  -16.9953  -19.3824  -14.7416
   -4.9807   -4.1638    6.2792   12.6183    2.8288  -18.1380
eta,q 0.97573 12.23795
  0.0307  0.0296  0.0272  0.0289  0.0277  0.0282  0.0271  0.0303  0.0269  0.0296  0.0255  0.0264
  0.0278  0.0276  0.0261  0.0265  0.0254  0.0260  0.0255  0.0273  0.0255  0.0269  0.0248  0.0253
  0.0259  0.0260  0.0253  0.0252  0.0243  0.0247  0.0245  0.0250  0.0246  0.0250  0.0244  0.0245
  0.0251  0.0251  0.0249  0.0249  0.0250  0.0243  0.0243  0.0243  0.0243  0.0243  0.0243  0.0243
  0.0256  0.0250  0.0252  0.0260  0.0275  0.0247  0.0248  0.0252  0.0246  0.0249  0.0245  0.0246
  0.0272  0.0256  0.0260  0.0296  0.0319  0.0260  0.0261  0.0276  0.0256  0.0266  0.0250  0.0254
  0.0298  0.0270  0.0272  0.0362  0.0366  0.0302  0.0278  0.0309  0.0269  0.0289  0.0258  0.0265
niter,ni,del,rscale     6    3    5.0000    1.2000
parameters
   -0.6932   20.6069    2.3149  -17.0242  -19.7930  -14.5865
   -4.9643   -4.1945    6.3668   12.7667    2.7239  -18.1973
eta,q 0.97570 12.22370
  0.0290  0.0280  0.0267  0.0299  0.0303  0.0288  0.0275  0.0305  0.0270  0.0294  0.0255  0.0264
  0.0263  0.0260  0.0254  0.0271  0.0276  0.0264  0.0258  0.0274  0.0256  0.0268  0.0249  0.0253
  0.0247  0.0248  0.0246  0.0251  0.0253  0.0249  0.0247  0.0251  0.0246  0.0250  0.0245  0.0246
  0.0243  0.0243  0.0243  0.0243  0.0243  0.0243  0.0243  0.0243  0.0243  0.0243  0.0243  0.0243
  0.0249  0.0245  0.0245  0.0244  0.0250  0.0246  0.0247  0.0251  0.0246  0.0249  0.0244  0.0246
  0.0267  0.0255  0.0252  0.0262  0.0276  0.0256  0.0258  0.0274  0.0255  0.0266  0.0249  0.0254
  0.0294  0.0269  0.0264  0.0308  0.0320  0.0290  0.0275  0.0307  0.0268  0.0289  0.0257  0.0265
niter,ni,del,rscale     5    3    5.0000    1.2000
parameters
   -0.7055   20.6410    2.3433  -17.0177  -19.8692  -14.5799
   -4.9641   -4.2048    6.3980   12.7986    2.6956  -18.2089
eta,q 0.97569 12.22051
  0.0292  0.0276  0.0266  0.0299  0.0306  0.0287  0.0275  0.0305  0.0269  0.0292  0.0256  0.0265
  0.0265  0.0257  0.0254  0.0271  0.0278  0.0263  0.0258  0.0274  0.0255  0.0267  0.0249  0.0253
  0.0248  0.0246  0.0246  0.0252  0.0255  0.0249  0.0247  0.0252  0.0246  0.0249  0.0245  0.0246
  0.0243  0.0243  0.0243  0.0243  0.0243  0.0243  0.0243  0.0243  0.0243  0.0243  0.0243  0.0243
  0.0249  0.0247  0.0245  0.0244  0.0248  0.0246  0.0247  0.0251  0.0246  0.0250  0.0244  0.0246
  0.0266  0.0257  0.0253  0.0262  0.0272  0.0256  0.0258  0.0273  0.0255  0.0267  0.0249  0.0253
  0.0292  0.0273  0.0265  0.0308  0.0315  0.0292  0.0275  0.0306  0.0269  0.0291  0.0256  0.0265
niter,ni,del,rscale     4    3    5.0000    1.2000
parameters
   -0.7079   20.6475    2.3452  -17.0164  -19.8787  -14.5760
   -4.9650   -4.2062    6.4049   12.8050    2.6858  -18.2155
eta,q 0.97569 12.22046
  0.0292  0.0275  0.0265  0.0299  0.0307  0.0287  0.0275  0.0305  0.0269  0.0292  0.0256  0.0265
  0.0265  0.0257  0.0254  0.0271  0.0279  0.0264  0.0258  0.0274  0.0255  0.0266  0.0249  0.0253
  0.0248  0.0246  0.0246  0.0252  0.0255  0.0249  0.0247  0.0252  0.0246  0.0249  0.0245  0.0246
  0.0243  0.0243  0.0243  0.0243  0.0243  0.0243  0.0243  0.0243  0.0243  0.0243  0.0243  0.0243
  0.0249  0.0248  0.0246  0.0244  0.0248  0.0246  0.0247  0.0251  0.0246  0.0250  0.0244  0.0246
  0.0266  0.0258  0.0253  0.0262  0.0271  0.0256  0.0258  0.0273  0.0255  0.0267  0.0249  0.0253
  0.0292  0.0273  0.0266  0.0308  0.0314  0.0292  0.0275  0.0306  0.0269  0.0291  0.0256  0.0265
registration optimization eta report
parameter search radius
    2.7600    2.4000    2.7600   10.9503   10.9503    9.5220
    7.2000    8.2800    7.2000    8.2800    7.2000    8.2800
100000*second partial in parameter space
       64.       53.       29.        5.        6.        5.
        6.        9.        5.        7.        2.        3.
  0.0292  0.0275  0.0265  0.0299  0.0307  0.0287  0.0275  0.0305  0.0269  0.0292  0.0256  0.0265
  0.0265  0.0257  0.0254  0.0271  0.0279  0.0264  0.0258  0.0274  0.0255  0.0266  0.0249  0.0253
  0.0248  0.0246  0.0246  0.0252  0.0255  0.0249  0.0247  0.0252  0.0246  0.0249  0.0245  0.0246
  0.0243  0.0243  0.0243  0.0243  0.0243  0.0243  0.0243  0.0243  0.0243  0.0243  0.0243  0.0243
  0.0249  0.0248  0.0246  0.0244  0.0248  0.0246  0.0247  0.0251  0.0246  0.0250  0.0244  0.0246
  0.0266  0.0258  0.0253  0.0262  0.0271  0.0256  0.0258  0.0273  0.0255  0.0267  0.0249  0.0253
  0.0292  0.0273  0.0266  0.0308  0.0314  0.0292  0.0275  0.0306  0.0269  0.0291  0.0256  0.0265
   -0.7079   20.6475    2.3452  -17.0164  -19.8787  -14.5760
   -4.9650   -4.2062    6.4049   12.8050    2.6858  -18.2155
eta,q 0.97569 12.22046

---------------------------------------------------------------------
imgreg_4dfp /opt/freesurfer/average/711-2C_as_mni_average_305 /opt/freesurfer/average/711-2B_as_mni_average_305_mask talsrcimg_g11 none talsrcimg_to_711-2C_as_mni_average_305_t4 2311
---------------------------------------------------------------------

freesurfer imgreg_4dfp.c
/opt/freesurfer/average/711-2C_as_mni_average_305.4dfp.img
       256       256       256         1
  1.000000  1.000000  1.000000
orientation T byte_order littleendian
Reading image: /opt/freesurfer/average/711-2C_as_mni_average_305.4dfp.img
dimensions:      256       256       256
mmppix:       1.0000   -1.0000   -1.0000
center:     128.0000 -129.0000 -129.0000
/opt/freesurfer/average/711-2B_as_mni_average_305_mask.4dfp.img
       256       256       256         1
  1.000000  1.000000  1.000000
orientation T byte_order littleendian
Reading mask: /opt/freesurfer/average/711-2B_as_mni_average_305_mask.4dfp.img (2306576 pixels)
talsrcimg_g11.4dfp.img
       256       256       256         1
  1.000000  1.000000  1.000000
orientation T byte_order littleendian
Reading image: talsrcimg_g11.4dfp.img
dimensions:      256       256       256
mmppix:       1.0000   -1.0000   -1.0000
center:     128.0000 -129.0000 -129.0000
fimgreg.f
image alignment mode   2311 decimal      907 hex
parameters
   -0.7079   20.6475    2.3452  -17.0164  -19.8787  -14.5760
   -4.9650   -4.2062    6.4049   12.8050    2.6858  -18.2155
eta,q 0.97569 12.22046
niter,ni,del,rscale     5    3    5.0000    0.8000
parameters
   -0.7266   20.6000    2.3630  -15.6743  -19.1847  -13.8581
   -4.9690   -4.1604    6.4770   12.7592    2.8684  -18.2351
eta,q 0.97580 12.39844
  0.0260  0.0257  0.0251  0.0257  0.0261  0.0254  0.0257  0.0266  0.0255  0.0261  0.0249  0.0250
  0.0250  0.0249  0.0247  0.0250  0.0252  0.0247  0.0249  0.0253  0.0248  0.0251  0.0245  0.0246
  0.0245  0.0244  0.0244  0.0246  0.0245  0.0243  0.0244  0.0245  0.0244  0.0244  0.0243  0.0243
  0.0243  0.0243  0.0243  0.0243  0.0242  0.0242  0.0242  0.0242  0.0242  0.0242  0.0242  0.0242
  0.0245  0.0245  0.0244  0.0242  0.0242  0.0243  0.0244  0.0244  0.0243  0.0245  0.0242  0.0243
  0.0251  0.0250  0.0247  0.0243  0.0246  0.0245  0.0249  0.0252  0.0248  0.0251  0.0244  0.0246
  0.0260  0.0258  0.0251  0.0247  0.0253  0.0247  0.0257  0.0265  0.0254  0.0261  0.0248  0.0250
niter,ni,del,rscale     4    3    5.0000    0.7000
parameters
   -0.6838   20.5332    2.4681  -15.7137  -19.2348  -13.8496
   -5.0191   -4.1522    6.4359   12.7059    2.9479  -18.1443
eta,q 0.97581 12.38973
  0.0256  0.0253  0.0249  0.0249  0.0253  0.0249  0.0253  0.0260  0.0252  0.0257  0.0247  0.0248
  0.0248  0.0246  0.0245  0.0245  0.0247  0.0244  0.0247  0.0250  0.0246  0.0249  0.0244  0.0245
  0.0244  0.0243  0.0243  0.0243  0.0243  0.0242  0.0243  0.0244  0.0243  0.0244  0.0243  0.0243
  0.0242  0.0242  0.0242  0.0242  0.0242  0.0242  0.0242  0.0242  0.0242  0.0242  0.0242  0.0242
  0.0243  0.0244  0.0242  0.0242  0.0243  0.0243  0.0243  0.0244  0.0243  0.0244  0.0242  0.0243
  0.0247  0.0248  0.0244  0.0245  0.0247  0.0245  0.0247  0.0250  0.0247  0.0249  0.0244  0.0245
  0.0254  0.0254  0.0247  0.0250  0.0254  0.0248  0.0254  0.0260  0.0252  0.0257  0.0247  0.0248
niter,ni,del,rscale     3    3    5.0000    0.6000
parameters
   -0.6837   20.5154    2.4766  -15.6316  -19.2274  -13.9406
   -5.0198   -4.1395    6.4293   12.6682    2.9704  -18.1281
eta,q 0.97583 12.38810
  0.0252  0.0250  0.0246  0.0248  0.0250  0.0247  0.0250  0.0256  0.0249  0.0253  0.0245  0.0247
  0.0246  0.0245  0.0244  0.0245  0.0246  0.0243  0.0246  0.0248  0.0245  0.0247  0.0244  0.0244
  0.0243  0.0243  0.0242  0.0243  0.0243  0.0242  0.0243  0.0243  0.0243  0.0243  0.0242  0.0242
  0.0242  0.0242  0.0242  0.0242  0.0242  0.0242  0.0242  0.0242  0.0242  0.0242  0.0242  0.0242
  0.0243  0.0243  0.0242  0.0242  0.0243  0.0243  0.0243  0.0243  0.0243  0.0243  0.0242  0.0242
  0.0246  0.0246  0.0244  0.0244  0.0246  0.0244  0.0246  0.0248  0.0245  0.0247  0.0243  0.0244
  0.0252  0.0251  0.0246  0.0248  0.0250  0.0246  0.0250  0.0256  0.0249  0.0253  0.0246  0.0247
niter,ni,del,rscale     2    3    5.0000    0.5000
parameters
   -0.6830   20.5067    2.4703  -15.5631  -19.2125  -14.1222
   -5.0291   -4.1319    6.4141   12.6283    3.0115  -18.1414
eta,q 0.97584 12.38079
  0.0249  0.0248  0.0245  0.0246  0.0248  0.0245  0.0248  0.0251  0.0247  0.0250  0.0244  0.0245
  0.0245  0.0244  0.0243  0.0244  0.0244  0.0243  0.0244  0.0246  0.0244  0.0245  0.0243  0.0243
  0.0242  0.0242  0.0242  0.0242  0.0242  0.0242  0.0242  0.0243  0.0242  0.0243  0.0242  0.0242
  0.0242  0.0242  0.0242  0.0242  0.0242  0.0242  0.0242  0.0242  0.0242  0.0242  0.0242  0.0242
  0.0243  0.0243  0.0242  0.0242  0.0242  0.0243  0.0242  0.0243  0.0242  0.0243  0.0242  0.0242
  0.0245  0.0245  0.0243  0.0243  0.0244  0.0244  0.0244  0.0246  0.0244  0.0246  0.0243  0.0243
  0.0249  0.0248  0.0245  0.0246  0.0248  0.0245  0.0248  0.0251  0.0247  0.0250  0.0244  0.0245
niter,ni,del,rscale     1    3    5.0000    0.4000
parameters
   -0.6819   20.5006    2.4451  -15.5007  -19.1829  -14.3247
   -5.0260   -4.1235    6.4105   12.6079    3.0195  -18.1574
eta,q 0.97584 12.37332
  0.0246  0.0246  0.0244  0.0244  0.0246  0.0244  0.0245  0.0248  0.0245  0.0247  0.0243  0.0244
  0.0244  0.0243  0.0243  0.0243  0.0243  0.0242  0.0243  0.0244  0.0243  0.0244  0.0242  0.0242
  0.0242  0.0242  0.0242  0.0242  0.0242  0.0242  0.0242  0.0242  0.0242  0.0242  0.0242  0.0242
  0.0242  0.0242  0.0242  0.0242  0.0242  0.0242  0.0242  0.0242  0.0242  0.0242  0.0242  0.0242
  0.0242  0.0242  0.0242  0.0242  0.0242  0.0242  0.0242  0.0242  0.0242  0.0242  0.0242  0.0242
  0.0244  0.0243  0.0243  0.0243  0.0243  0.0243  0.0243  0.0244  0.0243  0.0244  0.0242  0.0243
  0.0246  0.0246  0.0244  0.0244  0.0245  0.0244  0.0245  0.0248  0.0245  0.0247  0.0243  0.0244
registration optimization eta report
parameter search radius
    0.8000    0.8000    0.8000    2.4000    2.4000    2.4000
    2.4000    2.4000    2.4000    2.4000    2.4000    2.4000
100000*second partial in parameter space
       69.       61.       33.        4.        7.        4.
        7.       11.        6.        9.        3.        4.
  0.0246  0.0246  0.0244  0.0244  0.0246  0.0244  0.0245  0.0248  0.0245  0.0247  0.0243  0.0244
  0.0244  0.0243  0.0243  0.0243  0.0243  0.0242  0.0243  0.0244  0.0243  0.0244  0.0242  0.0242
  0.0242  0.0242  0.0242  0.0242  0.0242  0.0242  0.0242  0.0242  0.0242  0.0242  0.0242  0.0242
  0.0242  0.0242  0.0242  0.0242  0.0242  0.0242  0.0242  0.0242  0.0242  0.0242  0.0242  0.0242
  0.0242  0.0242  0.0242  0.0242  0.0242  0.0242  0.0242  0.0242  0.0242  0.0242  0.0242  0.0242
  0.0244  0.0243  0.0243  0.0243  0.0243  0.0243  0.0243  0.0244  0.0243  0.0244  0.0242  0.0243
  0.0246  0.0246  0.0244  0.0244  0.0245  0.0244  0.0245  0.0248  0.0245  0.0247  0.0243  0.0244
   -0.6819   20.5006    2.4451  -15.5007  -19.1829  -14.3247
   -5.0260   -4.1235    6.4105   12.6079    3.0195  -18.1574
eta,q 0.97584 12.37332

---------------------------------------------------------------------
imgreg_4dfp /opt/freesurfer/average/711-2C_as_mni_average_305 /opt/freesurfer/average/711-2B_as_mni_average_305_mask talsrcimg_g11 none talsrcimg_to_711-2C_as_mni_average_305_t4 2311
---------------------------------------------------------------------

freesurfer imgreg_4dfp.c
/opt/freesurfer/average/711-2C_as_mni_average_305.4dfp.img
       256       256       256         1
  1.000000  1.000000  1.000000
orientation T byte_order littleendian
Reading image: /opt/freesurfer/average/711-2C_as_mni_average_305.4dfp.img
dimensions:      256       256       256
mmppix:       1.0000   -1.0000   -1.0000
center:     128.0000 -129.0000 -129.0000
/opt/freesurfer/average/711-2B_as_mni_average_305_mask.4dfp.img
       256       256       256         1
  1.000000  1.000000  1.000000
orientation T byte_order littleendian
Reading mask: /opt/freesurfer/average/711-2B_as_mni_average_305_mask.4dfp.img (2306576 pixels)
talsrcimg_g11.4dfp.img
       256       256       256         1
  1.000000  1.000000  1.000000
orientation T byte_order littleendian
Reading image: talsrcimg_g11.4dfp.img
dimensions:      256       256       256
mmppix:       1.0000   -1.0000   -1.0000
center:     128.0000 -129.0000 -129.0000
fimgreg.f
image alignment mode   2311 decimal      907 hex
parameters
   -0.6819   20.5006    2.4451  -15.5007  -19.1829  -14.3247
   -5.0260   -4.1235    6.4105   12.6079    3.0195  -18.1574
eta,q 0.97584 12.37331
niter,ni,del,rscale     5    3    5.0000    0.8000
parameters
   -0.6698   20.5274    2.4114  -15.8460  -19.1754  -13.8625
   -5.0156   -4.1541    6.4078   12.7000    2.9215  -18.1678
eta,q 0.97581 12.38484
  0.0259  0.0257  0.0249  0.0250  0.0257  0.0253  0.0257  0.0265  0.0255  0.0262  0.0248  0.0250
  0.0249  0.0249  0.0245  0.0246  0.0249  0.0247  0.0249  0.0253  0.0248  0.0251  0.0245  0.0246
  0.0244  0.0243  0.0242  0.0243  0.0243  0.0243  0.0244  0.0245  0.0243  0.0244  0.0243  0.0243
  0.0242  0.0242  0.0242  0.0242  0.0242  0.0242  0.0242  0.0242  0.0242  0.0242  0.0242  0.0242
  0.0243  0.0243  0.0243  0.0243  0.0243  0.0243  0.0244  0.0245  0.0243  0.0244  0.0243  0.0243
  0.0249  0.0248  0.0245  0.0247  0.0248  0.0245  0.0249  0.0253  0.0248  0.0251  0.0245  0.0246
  0.0259  0.0256  0.0250  0.0255  0.0257  0.0249  0.0257  0.0266  0.0255  0.0260  0.0249  0.0250
niter,ni,del,rscale     4    3    5.0000    0.7000
parameters
   -0.6837   20.5280    2.4715  -15.7254  -19.2268  -13.8544
   -5.0171   -4.1499    6.4274   12.6916    2.9485  -18.1465
eta,q 0.97581 12.38861
  0.0255  0.0254  0.0249  0.0250  0.0253  0.0249  0.0254  0.0260  0.0252  0.0257  0.0247  0.0248
  0.0248  0.0247  0.0245  0.0246  0.0247  0.0244  0.0247  0.0250  0.0247  0.0249  0.0244  0.0245
  0.0243  0.0243  0.0243  0.0243  0.0243  0.0242  0.0243  0.0244  0.0243  0.0244  0.0243  0.0243
  0.0242  0.0242  0.0242  0.0242  0.0242  0.0242  0.0242  0.0242  0.0242  0.0242  0.0242  0.0242
  0.0244  0.0243  0.0242  0.0242  0.0243  0.0243  0.0243  0.0244  0.0243  0.0244  0.0242  0.0243
  0.0248  0.0247  0.0244  0.0245  0.0247  0.0245  0.0247  0.0250  0.0246  0.0249  0.0244  0.0245
  0.0255  0.0253  0.0248  0.0250  0.0254  0.0248  0.0254  0.0260  0.0252  0.0257  0.0247  0.0248
niter,ni,del,rscale     3    3    5.0000    0.6000
parameters
   -0.6841   20.5154    2.4777  -15.6322  -19.2294  -13.9394
   -5.0190   -4.1419    6.4279   12.6690    2.9733  -18.1274
eta,q 0.97582 12.38803
  0.0252  0.0250  0.0246  0.0248  0.0250  0.0247  0.0250  0.0256  0.0249  0.0253  0.0246  0.0247
  0.0246  0.0246  0.0244  0.0245  0.0246  0.0243  0.0246  0.0248  0.0245  0.0247  0.0244  0.0244
  0.0243  0.0243  0.0242  0.0243  0.0243  0.0242  0.0243  0.0243  0.0243  0.0243  0.0242  0.0242
  0.0242  0.0242  0.0242  0.0242  0.0242  0.0242  0.0242  0.0242  0.0242  0.0242  0.0242  0.0242
  0.0243  0.0243  0.0242  0.0242  0.0243  0.0243  0.0243  0.0243  0.0243  0.0243  0.0242  0.0242
  0.0246  0.0246  0.0244  0.0244  0.0246  0.0244  0.0246  0.0248  0.0245  0.0247  0.0243  0.0244
  0.0252  0.0251  0.0246  0.0248  0.0250  0.0246  0.0250  0.0256  0.0249  0.0253  0.0246  0.0247
niter,ni,del,rscale     2    3    5.0000    0.5000
parameters
   -0.6837   20.5055    2.4738  -15.5606  -19.2179  -14.1210
   -5.0264   -4.1303    6.4161   12.6283    3.0055  -18.1349
eta,q 0.97584 12.38052
  0.0249  0.0248  0.0245  0.0246  0.0248  0.0245  0.0248  0.0251  0.0247  0.0250  0.0244  0.0245
  0.0245  0.0244  0.0243  0.0244  0.0244  0.0243  0.0244  0.0246  0.0244  0.0245  0.0243  0.0243
  0.0242  0.0242  0.0242  0.0242  0.0242  0.0242  0.0242  0.0243  0.0242  0.0243  0.0242  0.0242
  0.0242  0.0242  0.0242  0.0242  0.0242  0.0242  0.0242  0.0242  0.0242  0.0242  0.0242  0.0242
  0.0243  0.0243  0.0242  0.0242  0.0242  0.0243  0.0242  0.0243  0.0242  0.0243  0.0242  0.0242
  0.0245  0.0245  0.0243  0.0243  0.0244  0.0244  0.0244  0.0246  0.0244  0.0246  0.0243  0.0243
  0.0249  0.0248  0.0245  0.0246  0.0248  0.0245  0.0248  0.0251  0.0247  0.0250  0.0244  0.0245
niter,ni,del,rscale     1    3    5.0000    0.4000
parameters
   -0.6817   20.5012    2.4442  -15.4954  -19.1804  -14.3230
   -5.0318   -4.1238    6.4110   12.6103    3.0321  -18.1570
eta,q 0.97584 12.37409
  0.0246  0.0246  0.0244  0.0244  0.0246  0.0244  0.0245  0.0248  0.0245  0.0247  0.0243  0.0244
  0.0244  0.0243  0.0242  0.0243  0.0243  0.0242  0.0243  0.0244  0.0243  0.0244  0.0242  0.0243
  0.0242  0.0242  0.0242  0.0242  0.0242  0.0242  0.0242  0.0242  0.0242  0.0242  0.0242  0.0242
  0.0242  0.0242  0.0242  0.0242  0.0242  0.0242  0.0242  0.0242  0.0242  0.0242  0.0242  0.0242
  0.0242  0.0242  0.0242  0.0242  0.0242  0.0242  0.0242  0.0242  0.0242  0.0242  0.0242  0.0242
  0.0244  0.0243  0.0243  0.0243  0.0243  0.0243  0.0243  0.0244  0.0243  0.0244  0.0242  0.0243
  0.0246  0.0246  0.0244  0.0244  0.0245  0.0244  0.0245  0.0248  0.0245  0.0247  0.0243  0.0244
registration optimization eta report
parameter search radius
    0.8000    0.8000    0.8000    2.4000    2.4000    2.4000
    2.4000    2.4000    2.4000    2.4000    2.4000    2.4000
100000*second partial in parameter space
       69.       61.       33.        4.        7.        4.
        7.       11.        6.        9.        3.        4.
  0.0246  0.0246  0.0244  0.0244  0.0246  0.0244  0.0245  0.0248  0.0245  0.0247  0.0243  0.0244
  0.0244  0.0243  0.0242  0.0243  0.0243  0.0242  0.0243  0.0244  0.0243  0.0244  0.0242  0.0243
  0.0242  0.0242  0.0242  0.0242  0.0242  0.0242  0.0242  0.0242  0.0242  0.0242  0.0242  0.0242
  0.0242  0.0242  0.0242  0.0242  0.0242  0.0242  0.0242  0.0242  0.0242  0.0242  0.0242  0.0242
  0.0242  0.0242  0.0242  0.0242  0.0242  0.0242  0.0242  0.0242  0.0242  0.0242  0.0242  0.0242
  0.0244  0.0243  0.0243  0.0243  0.0243  0.0243  0.0243  0.0244  0.0243  0.0244  0.0242  0.0243
  0.0246  0.0246  0.0244  0.0244  0.0245  0.0244  0.0245  0.0248  0.0245  0.0247  0.0243  0.0244
   -0.6817   20.5012    2.4442  -15.4954  -19.1804  -14.3230
   -5.0318   -4.1238    6.4110   12.6103    3.0321  -18.1570
eta,q 0.97584 12.37409

---------------------------------------------------------------------
compute_vox2vox talsrcimg talsrcimg_to_711-2C_as_mni_average_305_t4 /opt/freesurfer/average/711-2C_as_mni_average_305
---------------------------------------------------------------------

freesurfer compute_vox2vox.c
Reading: talsrcimg.4dfp.ifh
Reading: talsrcimg_to_711-2C_as_mni_average_305_t4
Reading: /opt/freesurfer/average/711-2C_as_mni_average_305.4dfp.ifh
Writing: talsrcimg_to_711-2C_as_mni_average_305_t4_vox2vox.txt

start time Wed Mar 11 14:25:24 CET 2026
end		time Wed Mar 11 14:26:49 CET 2026

mpr2mni305 success

avi2talxfm orig_nu.mgz /opt/freesurfer/average/mni305.cor.mgz talsrcimg_to_711-2C_as_mni_average_305_t4_vox2vox.txt transforms/talairach.auto.xfm
avi2talxfm done
mv -f /out/sourcedata/freesurfer/sub-v2s18x29519_ses-1/mri/talsrcimg_to_711-2C_as_mni_average_305_t4_vox2vox.txt /out/sourcedata/freesurfer/sub-v2s18x29519_ses-1/mri/transforms/talsrcimg_to_711-2C_as_mni_average_305_t4_vox2vox.txt
lta_convert --src orig_nu.mgz --trg /opt/freesurfer/average/mni305.cor.mgz --inxfm transforms/talairach.auto.xfm --outlta transforms/talairach.auto.xfm.lta --subject fsaverage
7.3.2

--src: orig_nu.mgz src image (geometry).
--trg: /opt/freesurfer/average/mni305.cor.mgz trg image (geometry).
--inmni: transforms/talairach.auto.xfm input MNI/XFM transform.
--outlta: transforms/talairach.auto.xfm.lta output LTA.
--s: fsaverage subject name
 LTA read, type : 1
 1.17547   0.04434   0.08315  -6.64822;
-0.05940   1.12757   0.24962  -46.70500;
-0.08398  -0.17945   1.19178   6.96234;
 0.00000   0.00000   0.00000   1.00000;
setting subject to fsaverage
Writing  LTA to file transforms/talairach.auto.xfm.lta...
lta_convert successful.
 
 
Started at Wed Mar 11 14:25:23 CET 2026
Ended   at Wed Mar 11 14:26:50 CET 2026
talairach_avi done
