/out/sourcedata/freesurfer/sub-v2s18x29525_ses-1/mri
/opt/freesurfer/bin/talairach_avi
--i orig_nu.mgz --xfm transforms/talairach.auto.xfm
talairach_avi 7.3.2
Linux dna023 5.14.0-427.37.1.el9_4.x86_64 #1 SMP PREEMPT_DYNAMIC Fri Sep 13 12:41:50 EDT 2024 x86_64 x86_64 x86_64 GNU/Linux
Wed Mar 11 14:44:20 CET 2026
mri_convert orig_nu.mgz talsrcimg.img 
reading from orig_nu.mgz...
TR=0.00, TE=0.00, TI=0.00, flip angle=0.00
i_ras = (-1, 0, 1.86265e-09)
j_ras = (-1.86265e-09, 0, -1)
k_ras = (0, 1, 0)
writing to talsrcimg.img...
Analyze Output Matrix
-1.00000  -0.00000   0.00000   129.58940;
 0.00000   0.00000   1.00000  -92.56779;
 0.00000  -1.00000   0.00000   125.44466;
 0.00000   0.00000   0.00000   1.00000;
--------------------
INFO: set hdr.hist.orient to -1
mpr2mni305 talsrcimg
Wed Mar 11 14:44:20 CET 2026
/opt/freesurfer/bin/mpr2mni305 talsrcimg
mpr2mni305 7.3.2
target=711-2C_as_mni_average_305

---------------------------------------------------------------------
analyzeto4dfp talsrcimg -O0 -y
---------------------------------------------------------------------

freesurfer ifh2hdr.c
Wed Mar 11 14:44:20 2026
Writing: talsrcimg.4dfp.hdr
freesurfer analyzeto4dfp.c
Reading: talsrcimg.hdr
header size 348 bytes
hdr.dime.datatype	offset=70	value=2
hdr.dime.bitpix		offset=72	value=8
hdr.hist.orient		offset=252	value=-1
dimensionality     4
dimensions       256       256       256         1
Reading: talsrcimg.img
Writing: talsrcimg.4dfp.img
Writing: talsrcimg.4dfp.ifh
ifh2hdr talsrcimg -r0to191
ori=2

---------------------------------------------------------------------
gauss_4dfp talsrcimg 1.1
---------------------------------------------------------------------

freesurfer gauss_4dfp.c
Reading: talsrcimg.4dfp.img
Writing: talsrcimg_g11.4dfp.img
image dimensions 256 256 256 padded to 288 288 288
processing volume 1freesurfer ifh2hdr.c
Wed Mar 11 14:44:22 2026
Writing: talsrcimg_g11.4dfp.hdr

Writing: talsrcimg_g11.4dfp.ifh
including: talsrcimg.4dfp.img.rec in talsrcimg_g11.4dfp.img.rec

---------------------------------------------------------------------
imgreg_4dfp /opt/freesurfer/average/711-2C_as_mni_average_305 none talsrcimg_g11 none talsrcimg_to_711-2C_as_mni_average_305_t4 4355
---------------------------------------------------------------------

freesurfer imgreg_4dfp.c
/opt/freesurfer/average/711-2C_as_mni_average_305.4dfp.img
       256       256       256         1
  1.000000  1.000000  1.000000
orientation T byte_order littleendian
Reading image: /opt/freesurfer/average/711-2C_as_mni_average_305.4dfp.img
dimensions:      256       256       256
mmppix:       1.0000   -1.0000   -1.0000
center:     128.0000 -129.0000 -129.0000
talsrcimg_g11.4dfp.img
       256       256       256         1
  1.000000  1.000000  1.000000
orientation T byte_order littleendian
Reading image: talsrcimg_g11.4dfp.img
dimensions:      256       256       256
mmppix:       1.0000   -1.0000   -1.0000
center:     128.0000 -129.0000 -129.0000
t4_read: open error in t4_sub.f l:  41 t4_file(1:l)talsrcimg_to_711-2C_as_mni_average_305_t4 
t4_read: transform initialized to I4
rotation matrix determinant  1.000000
image alignment mode   4355 decimal     1103 hex
   -7.5000  -45.0000  -45.0000 7246.3369   18.5990
    0.0000  -45.0000  -45.0000 7590.0942   18.6586
    7.5000  -45.0000  -45.0000 7246.5132   18.7263
   -7.5000  -37.5000  -45.0000 7780.3330   18.1039
    0.0000  -37.5000  -45.0000 8157.1440   18.1652
    7.5000  -37.5000  -45.0000 7788.2739   18.2311
   -7.5000  -30.0000  -45.0000 8685.2168   17.7966
    0.0000  -30.0000  -45.0000 9090.7754   17.8663
    7.5000  -30.0000  -45.0000 8675.4404   17.9370
   -7.5000  -22.5000  -45.0000 9638.1465   17.6878
    0.0000  -22.5000  -45.000010061.1250   17.7629
    7.5000  -22.5000  -45.0000 9599.5361   17.8387
   -7.5000  -15.0000  -45.000010595.7178   17.6377
    0.0000  -15.0000  -45.000011044.3789   17.7100
    7.5000  -15.0000  -45.000010520.7822   17.7856
   -7.5000   -7.5000  -45.000011567.6172   17.6498
    0.0000   -7.5000  -45.000012038.7881   17.7120
    7.5000   -7.5000  -45.000011444.4863   17.7808
   -7.5000    0.0000  -45.000012442.3770   17.6927
    0.0000    0.0000  -45.000012918.0557   17.7475
    7.5000    0.0000  -45.000012268.1191   17.8094
   -7.5000    7.5000  -45.000012359.9307   17.6853
    0.0000    7.5000  -45.000012850.2734   17.7442
    7.5000    7.5000  -45.000012180.2119   17.8071
   -7.5000   15.0000  -45.000012107.9541   17.6413
    0.0000   15.0000  -45.000012563.2588   17.7101
    7.5000   15.0000  -45.000011878.9219   17.7796
   -7.5000   22.5000  -45.000011609.1855   17.5999
    0.0000   22.5000  -45.000012051.3848   17.6745
    7.5000   22.5000  -45.000011356.8379   17.7497
   -7.5000   30.0000  -45.000011059.7012   17.3678
    0.0000   30.0000  -45.000011496.6055   17.4390
    7.5000   30.0000  -45.000010787.0049   17.5134
   -7.5000   37.5000  -45.000010904.9521   17.4133
    0.0000   37.5000  -45.000011365.0537   17.4746
    7.5000   37.5000  -45.000010639.7412   17.5425
   -7.5000   45.0000  -45.000010218.4209   17.0137
    0.0000   45.0000  -45.000010679.6387   17.0663
    7.5000   45.0000  -45.0000 9991.4004   17.1259
   -7.5000  -45.0000  -37.5000 7533.2158   18.6235
    0.0000  -45.0000  -37.5000 7903.5254   18.6827
    7.5000  -45.0000  -37.5000 7524.2139   18.7417
   -7.5000  -37.5000  -37.5000 8114.7808   18.1237
    0.0000  -37.5000  -37.5000 8517.9727   18.1834
    7.5000  -37.5000  -37.5000 8119.9536   18.2427
   -7.5000  -30.0000  -37.5000 9101.3467   17.8155
    0.0000  -30.0000  -37.5000 9529.2920   17.8812
    7.5000  -30.0000  -37.5000 9063.7061   17.9475
   -7.5000  -22.5000  -37.500010114.4971   17.7081
    0.0000  -22.5000  -37.500010550.6494   17.7775
    7.5000  -22.5000  -37.500010051.6875   17.8496
   -7.5000  -15.0000  -37.500011113.3105   17.6586
    0.0000  -15.0000  -37.500011575.8857   17.7257
    7.5000  -15.0000  -37.500011028.4395   17.7960
   -7.5000   -7.5000  -37.500012133.9551   17.6720
    0.0000   -7.5000  -37.500012609.7871   17.7317
    7.5000   -7.5000  -37.500011992.9688   17.7932
   -7.5000    0.0000  -37.500013042.1523   17.7145
    0.0000    0.0000  -37.500013530.1650   17.7689
    7.5000    0.0000  -37.500012833.7588   17.8230
   -7.5000    7.5000  -37.500012976.9238   17.7048
    0.0000    7.5000  -37.500013458.7842   17.7622
    7.5000    7.5000  -37.500012752.3027   17.8187
   -7.5000   15.0000  -37.500012696.4736   17.6597
    0.0000   15.0000  -37.500013146.4463   17.7243
    7.5000   15.0000  -37.500012430.4521   17.7897
   -7.5000   22.5000  -37.500012180.1318   17.6193
    0.0000   22.5000  -37.500012624.0352   17.6882
    7.5000   22.5000  -37.500011891.8438   17.7597
   -7.5000   30.0000  -37.500011594.9434   17.3884
    0.0000   30.0000  -37.500012036.3682   17.4544
    7.5000   30.0000  -37.500011307.5742   17.5237
   -7.5000   37.5000  -37.500011400.1768   17.4352
    0.0000   37.5000  -37.500011850.4961   17.4942
    7.5000   37.5000  -37.500011133.2002   17.5548
   -7.5000   45.0000  -37.500010692.4004   17.0346
    0.0000   45.0000  -37.500011141.5859   17.0870
    7.5000   45.0000  -37.500010460.2295   17.1390
   -7.5000  -45.0000  -30.0000 7943.2417   19.4291
    0.0000  -45.0000  -30.0000 8340.4463   19.4939
    7.5000  -45.0000  -30.0000 7934.8687   19.5514
   -7.5000  -37.5000  -30.0000 8588.3828   18.9088
    0.0000  -37.5000  -30.0000 9011.4971   18.9718
    7.5000  -37.5000  -30.0000 8578.0986   19.0300
   -7.5000  -30.0000  -30.0000 9661.8682   18.5898
    0.0000  -30.0000  -30.000010109.4482   18.6546
    7.5000  -30.0000  -30.0000 9609.6162   18.7193
   -7.5000  -22.5000  -30.000010753.3486   18.4795
    0.0000  -22.5000  -30.000011224.5273   18.5452
    7.5000  -22.5000  -30.000010679.4844   18.6141
   -7.5000  -15.0000  -30.000011827.0352   18.4251
    0.0000  -15.0000  -30.000012304.2900   18.4894
    7.5000  -15.0000  -30.000011714.9824   18.5556
   -7.5000   -7.5000  -30.000012955.1553   18.4353
    0.0000   -7.5000  -30.000013430.2861   18.4963
    7.5000   -7.5000  -30.000012756.6592   18.5547
   -7.5000    0.0000  -30.000013891.1953   18.4790
    0.0000    0.0000  -30.000014404.7256   18.5381
    7.5000    0.0000  -30.000013631.6836   18.5905
   -7.5000    7.5000  -30.000013816.3398   18.4710
    0.0000    7.5000  -30.000014282.8047   18.5316
    7.5000    7.5000  -30.000013530.7188   18.5871
   -7.5000   15.0000  -30.000013493.0244   18.4268
    0.0000   15.0000  -30.000013957.4473   18.4907
    7.5000   15.0000  -30.000013189.9814   18.5544
   -7.5000   22.5000  -30.000012979.1436   18.3839
    0.0000   22.5000  -30.000013453.8936   18.4492
    7.5000   22.5000  -30.000012664.9873   18.5175
   -7.5000   30.0000  -30.000012378.8965   18.1441
    0.0000   30.0000  -30.000012816.8408   18.2074
    7.5000   30.0000  -30.000012040.6885   18.2726
   -7.5000   37.5000  -30.000012124.5059   18.1900
    0.0000   37.5000  -30.000012563.2451   18.2502
    7.5000   37.5000  -30.000011829.8037   18.3079
   -7.5000   45.0000  -30.000011363.9658   17.7828
    0.0000   45.0000  -30.000011777.7422   17.8397
    7.5000   45.0000  -30.000011107.6133   17.8902
   -7.5000  -45.0000  -22.5000 8355.7188   20.0682
    0.0000  -45.0000  -22.5000 8778.0361   20.1401
    7.5000  -45.0000  -22.5000 8346.5420   20.2069
   -7.5000  -37.5000  -22.5000 9059.6641   19.5364
    0.0000  -37.5000  -22.5000 9500.5957   19.6053
    7.5000  -37.5000  -22.5000 9030.2129   19.6707
   -7.5000  -30.0000  -22.500010196.6367   19.2096
    0.0000  -30.0000  -22.500010663.1074   19.2789
    7.5000  -30.0000  -22.500010120.4346   19.3472
   -7.5000  -22.5000  -22.500011372.6230   19.0965
    0.0000  -22.5000  -22.500011864.4033   19.1658
    7.5000  -22.5000  -22.500011265.3457   19.2357
   -7.5000  -15.0000  -22.500012530.6826   19.0383
    0.0000  -15.0000  -22.500013026.3193   19.1062
    7.5000  -15.0000  -22.500012366.1943   19.1738
   -7.5000   -7.5000  -22.500013765.5645   19.0439
    0.0000   -7.5000  -22.500014284.2295   19.1099
    7.5000   -7.5000  -22.500013514.4893   19.1734
   -7.5000    0.0000  -22.500014783.2305   19.0881
    0.0000    0.0000  -22.500015341.1641   19.1532
    7.5000    0.0000  -22.500014453.5410   19.2136
   -7.5000    7.5000  -22.500014681.0732   19.0837
    0.0000    7.5000  -22.500015151.6357   19.1500
    7.5000    7.5000  -22.500014300.1328   19.2122
   -7.5000   15.0000  -22.500014304.8184   19.0416
    0.0000   15.0000  -22.500014757.8623   19.1099
    7.5000   15.0000  -22.500013925.1748   19.1771
   -7.5000   22.5000  -22.500013801.3877   18.9964
    0.0000   22.5000  -22.500014275.6475   19.0652
    7.5000   22.5000  -22.500013426.6211   19.1345
   -7.5000   30.0000  -22.500013152.0762   18.7502
    0.0000   30.0000  -22.500013606.1543   18.8170
    7.5000   30.0000  -22.500012774.0449   18.8837
   -7.5000   37.5000  -22.500012861.7920   18.7934
    0.0000   37.5000  -22.500013338.7256   18.8585
    7.5000   37.5000  -22.500012542.2461   18.9212
   -7.5000   45.0000  -22.500012021.4902   18.3828
    0.0000   45.0000  -22.500012458.8857   18.4455
    7.5000   45.0000  -22.500011737.9629   18.5036
   -7.5000  -45.0000  -15.0000 8765.8457   20.5052
    0.0000  -45.0000  -15.0000 9182.3105   20.5791
    7.5000  -45.0000  -15.0000 8729.3730   20.6575
   -7.5000  -37.5000  -15.0000 9499.9609   19.9652
    0.0000  -37.5000  -15.0000 9938.0830   20.0377
    7.5000  -37.5000  -15.0000 9423.7490   20.1128
   -7.5000  -30.0000  -15.000010678.2998   19.6315
    0.0000  -30.0000  -15.000011143.8291   19.7076
    7.5000  -30.0000  -15.000010560.9062   19.7834
   -7.5000  -22.5000  -15.000011912.0303   19.5153
    0.0000  -22.5000  -15.000012391.7373   19.5933
    7.5000  -22.5000  -15.000011758.1416   19.6699
   -7.5000  -15.0000  -15.000013139.5410   19.4569
    0.0000  -15.0000  -15.000013640.6670   19.5322
    7.5000  -15.0000  -15.000012947.6445   19.6077
   -7.5000   -7.5000  -15.000014484.8555   19.4616
    0.0000   -7.5000  -15.000015028.0791   19.5316
    7.5000   -7.5000  -15.000014205.4365   19.6049
   -7.5000    0.0000  -15.000015697.7334   19.5061
    0.0000    0.0000  -15.000016274.7256   19.5730
    7.5000    0.0000  -15.000015276.6475   19.6437
   -7.5000    7.5000  -15.000015576.1162   19.5030
    0.0000    7.5000  -15.000016047.7402   19.5725
    7.5000    7.5000  -15.000015096.7695   19.6440
   -7.5000   15.0000  -15.000015110.2041   19.4605
    0.0000   15.0000  -15.000015516.1650   19.5354
    7.5000   15.0000  -15.000014646.7988   19.6101
   -7.5000   22.5000  -15.000014614.7158   19.4130
    0.0000   22.5000  -15.000015049.0996   19.4904
    7.5000   22.5000  -15.000014171.5625   19.5663
   -7.5000   30.0000  -15.000013948.0723   19.1651
    0.0000   30.0000  -15.000014398.0869   19.2394
    7.5000   30.0000  -15.000013500.8223   19.3137
   -7.5000   37.5000  -15.000013663.9961   19.2082
    0.0000   37.5000  -15.000014130.8350   19.2774
    7.5000   37.5000  -15.000013233.4648   19.3496
   -7.5000   45.0000  -15.000012770.8779   18.7967
    0.0000   45.0000  -15.000013219.6699   18.8611
    7.5000   45.0000  -15.000012383.5000   18.9292
   -7.5000  -45.0000   -7.5000 9153.0215   20.7284
    0.0000  -45.0000   -7.5000 9571.8457   20.7984
    7.5000  -45.0000   -7.5000 9077.9736   20.8800
   -7.5000  -37.5000   -7.5000 9873.6582   20.1812
    0.0000  -37.5000   -7.500010341.7500   20.2523
    7.5000  -37.5000   -7.5000 9780.2383   20.3301
   -7.5000  -30.0000   -7.500011092.9404   19.8418
    0.0000  -30.0000   -7.500011583.8936   19.9208
    7.5000  -30.0000   -7.500010949.3105   20.0007
   -7.5000  -22.5000   -7.500012393.7305   19.7223
    0.0000  -22.5000   -7.500012894.8086   19.8062
    7.5000  -22.5000   -7.500012199.0615   19.8891
   -7.5000  -15.0000   -7.500013670.5264   19.6654
    0.0000  -15.0000   -7.500014170.9316   19.7459
    7.5000  -15.0000   -7.500013453.1045   19.8288
   -7.5000   -7.5000   -7.500015115.7090   19.6738
    0.0000   -7.5000   -7.500015694.7324   19.7443
    7.5000   -7.5000   -7.500014840.7061   19.8233
   -7.5000    0.0000   -7.500016644.2559   19.7197
    0.0000    0.0000   -7.500017351.7871   19.7835
    7.5000    0.0000   -7.500016167.6719   19.8575
   -7.5000    7.5000   -7.500016741.4121   19.7147
    0.0000    7.5000   -7.500017361.0137   19.7829
    7.5000    7.5000   -7.500016072.9580   19.8571
   -7.5000   15.0000   -7.500016233.3408   19.6692
    0.0000   15.0000   -7.500016705.9766   19.7471
    7.5000   15.0000   -7.500015561.0352   19.8257
   -7.5000   22.5000   -7.500015651.7178   19.6179
    0.0000   22.5000   -7.500016108.2422   19.7012
    7.5000   22.5000   -7.500014965.1016   19.7833
   -7.5000   30.0000   -7.500014917.7949   19.3708
    0.0000   30.0000   -7.500015412.4258   19.4501
    7.5000   30.0000   -7.500014220.8047   19.5317
   -7.5000   37.5000   -7.500014618.8604   19.4172
    0.0000   37.5000   -7.500015143.9863   19.4868
    7.5000   37.5000   -7.500013919.8838   19.5647
   -7.5000   45.0000   -7.500013651.0703   19.0061
    0.0000   45.0000   -7.500014175.8955   19.0676
    7.5000   45.0000   -7.500013006.4873   19.1389
   -7.5000  -45.0000    0.0000 9427.1143   20.7921
    0.0000  -45.0000    0.0000 9844.4209   20.8586
    7.5000  -45.0000    0.0000 9342.3721   20.9343
   -7.5000  -37.5000    0.000010202.3174   20.2388
    0.0000  -37.5000    0.000010641.9082   20.3071
    7.5000  -37.5000    0.000010109.0469   20.3807
   -7.5000  -30.0000    0.000011474.3086   19.8955
    0.0000  -30.0000    0.000011928.5020   19.9733
    7.5000  -30.0000    0.000011341.0391   20.0522
   -7.5000  -22.5000    0.000012850.8076   19.7745
    0.0000  -22.5000    0.000013318.8369   19.8583
    7.5000  -22.5000    0.000012631.5273   19.9430
   -7.5000  -15.0000    0.000014187.5400   19.7191
    0.0000  -15.0000    0.000014706.3184   19.7998
    7.5000  -15.0000    0.000013938.3398   19.8842
   -7.5000   -7.5000    0.000015689.6562   19.7326
    0.0000   -7.5000    0.000016297.4766   19.8019
    7.5000   -7.5000    0.000015374.0068   19.8788
   -7.5000    0.0000    0.000017467.9902   19.7800
    0.0000    0.0000    0.000018387.5098   19.8411
    7.5000    0.0000    0.000016791.0664   19.9103
   -7.5000    7.5000    0.000017855.3828   19.7713
    0.0000    7.5000    0.000018911.1621   19.8370
    7.5000    7.5000    0.000016872.0801   19.9071
   -7.5000   15.0000    0.000017360.9512   19.7220
    0.0000   15.0000    0.000018296.6973   19.7988
    7.5000   15.0000    0.000016390.0371   19.8765
   -7.5000   22.5000    0.000016504.0996   19.6699
    0.0000   22.5000    0.000017333.4102   19.7532
    7.5000   22.5000    0.000015640.2832   19.8372
   -7.5000   30.0000    0.000015604.1895   19.4249
    0.0000   30.0000    0.000016345.9082   19.5045
    7.5000   30.0000    0.000014792.5020   19.5876
   -7.5000   37.5000    0.000015220.1348   19.4758
    0.0000   37.5000    0.000015914.9316   19.5442
    7.5000   37.5000    0.000014443.5693   19.6200
   -7.5000   45.0000    0.000014192.1758   19.0656
    0.0000   45.0000    0.000014802.8711   19.1245
    7.5000   45.0000    0.000013507.3730   19.1912
   -7.5000  -45.0000    7.5000 9024.2070   20.8397
    0.0000  -45.0000    7.5000 9391.8125   20.9058
    7.5000  -45.0000    7.5000 8923.5908   20.9719
   -7.5000  -37.5000    7.5000 9790.2627   20.2805
    0.0000  -37.5000    7.500010194.1104   20.3472
    7.5000  -37.5000    7.5000 9673.6123   20.4136
   -7.5000  -30.0000    7.500011045.2871   19.9357
    0.0000  -30.0000    7.500011501.0693   20.0091
    7.5000  -30.0000    7.500010886.5283   20.0834
   -7.5000  -22.5000    7.500012388.4863   19.8156
    0.0000  -22.5000    7.500012890.7959   19.8931
    7.5000  -22.5000    7.500012139.9775   19.9738
   -7.5000  -15.0000    7.500013670.2100   19.7601
    0.0000  -15.0000    7.500014217.4053   19.8351
    7.5000  -15.0000    7.500013345.5312   19.9139
   -7.5000   -7.5000    7.500015057.4873   19.7750
    0.0000   -7.5000    7.500015671.7334   19.8418
    7.5000   -7.5000    7.500014618.3535   19.9106
   -7.5000    0.0000    7.500016622.0156   19.8225
    0.0000    0.0000    7.500017474.5801   19.8834
    7.5000    0.0000    7.500015882.6787   19.9439
   -7.5000    7.5000    7.500016826.6289   19.8116
    0.0000    7.5000    7.500017802.4199   19.8759
    7.5000    7.5000    7.500015961.5928   19.9392
   -7.5000   15.0000    7.500016289.3828   19.7613
    0.0000   15.0000    7.500017240.0781   19.8336
    7.5000   15.0000    7.500015606.9023   19.9068
   -7.5000   22.5000    7.500015541.9238   19.7098
    0.0000   22.5000    7.500016459.1680   19.7868
    7.5000   22.5000    7.500014981.7168   19.8669
   -7.5000   30.0000    7.500014765.7236   19.4653
    0.0000   30.0000    7.500015596.0215   19.5392
    7.5000   30.0000    7.500014202.4678   19.6168
   -7.5000   37.5000    7.500014436.3604   19.5176
    0.0000   37.5000    7.500015188.7109   19.5836
    7.5000   37.5000    7.500013841.3193   19.6515
   -7.5000   45.0000    7.500013463.4590   19.1066
    0.0000   45.0000    7.500014089.1875   19.1653
    7.5000   45.0000    7.500012900.3066   19.2236
   -7.5000  -45.0000   15.0000 8496.6074   20.8817
    0.0000  -45.0000   15.0000 8926.6465   20.9513
    7.5000  -45.0000   15.0000 8374.2090   21.0132
   -7.5000  -37.5000   15.0000 9268.9277   20.3222
    0.0000  -37.5000   15.0000 9730.5762   20.3899
    7.5000  -37.5000   15.0000 9118.3340   20.4526
   -7.5000  -30.0000   15.000010482.0000   19.9793
    0.0000  -30.0000   15.000010972.7490   20.0491
    7.5000  -30.0000   15.000010285.9355   20.1186
   -7.5000  -22.5000   15.000011713.8447   19.8607
    0.0000  -22.5000   15.000012243.9922   19.9314
    7.5000  -22.5000   15.000011462.9092   20.0055
   -7.5000  -15.0000   15.000012847.0859   19.8021
    0.0000  -15.0000   15.000013384.3135   19.8711
    7.5000  -15.0000   15.000012542.8330   19.9423
   -7.5000   -7.5000   15.000014039.3604   19.8127
    0.0000   -7.5000   15.000014626.1885   19.8784
    7.5000   -7.5000   15.000013694.2646   19.9412
   -7.5000    0.0000   15.000015336.1035   19.8597
    0.0000    0.0000   15.000016125.5449   19.9232
    7.5000    0.0000   15.000014853.0254   19.9796
   -7.5000    7.5000   15.000015307.6787   19.8513
    0.0000    7.5000   15.000016114.3115   19.9165
    7.5000    7.5000   15.000014866.8242   19.9762
   -7.5000   15.0000   15.000014837.5625   19.8041
    0.0000   15.0000   15.000015601.4854   19.8727
    7.5000   15.0000   15.000014542.6719   19.9412
   -7.5000   22.5000   15.000014351.6357   19.7536
    0.0000   22.5000   15.000015072.9023   19.8237
    7.5000   22.5000   15.000014046.0254   19.8972
   -7.5000   30.0000   15.000013789.0869   19.5058
    0.0000   30.0000   15.000014459.1055   19.5738
    7.5000   30.0000   15.000013417.0166   19.6440
   -7.5000   37.5000   15.000013559.2930   19.5549
    0.0000   37.5000   15.000014194.7900   19.6197
    7.5000   37.5000   15.000013130.7188   19.6817
   -7.5000   45.0000   15.000012649.3027   19.1425
    0.0000   45.0000   15.000013215.0830   19.2037
    7.5000   45.0000   15.000012227.5439   19.2581
   -7.5000  -45.0000   22.5000 7849.7842   21.0787
    0.0000  -45.0000   22.5000 8256.8916   21.1547
    7.5000  -45.0000   22.5000 7735.3052   21.2255
   -7.5000  -37.5000   22.5000 8593.8613   20.5148
    0.0000  -37.5000   22.5000 9023.0000   20.5877
    7.5000  -37.5000   22.5000 8443.9023   20.6570
   -7.5000  -30.0000   22.5000 9698.4463   20.1679
    0.0000  -30.0000   22.500010158.3428   20.2412
    7.5000  -30.0000   22.5000 9512.3496   20.3133
   -7.5000  -22.5000   22.500010787.6514   20.0468
    0.0000  -22.5000   22.500011278.9775   20.1202
    7.5000  -22.5000   22.500010594.9141   20.1938
   -7.5000  -15.0000   22.500011813.3301   19.9839
    0.0000  -15.0000   22.500012316.0986   20.0557
    7.5000  -15.0000   22.500011627.3193   20.1271
   -7.5000   -7.5000   22.500012935.2217   19.9898
    0.0000   -7.5000   22.500013497.7852   20.0594
    7.5000   -7.5000   22.500012718.1182   20.1267
   -7.5000    0.0000   22.500014048.2920   20.0377
    0.0000    0.0000   22.500014767.9932   20.1065
    7.5000    0.0000   22.500013767.4727   20.1703
   -7.5000    7.5000   22.500013940.8828   20.0341
    0.0000    7.5000   22.500014630.9658   20.1042
    7.5000    7.5000   22.500013737.1777   20.1700
   -7.5000   15.0000   22.500013582.2607   19.9895
    0.0000   15.0000   22.500014224.5049   20.0617
    7.5000   15.0000   22.500013435.7529   20.1327
   -7.5000   22.5000   22.500013216.9561   19.9375
    0.0000   22.5000   22.500013818.4219   20.0103
    7.5000   22.5000   22.500013017.6768   20.0834
   -7.5000   30.0000   22.500012717.0020   19.6838
    0.0000   30.0000   22.500013282.1016   19.7544
    7.5000   30.0000   22.500012481.0928   19.8248
   -7.5000   37.5000   22.500012538.4639   19.7296
    0.0000   37.5000   22.500013068.9658   19.7984
    7.5000   37.5000   22.500012245.5576   19.8647
   -7.5000   45.0000   22.500011704.5625   19.3140
    0.0000   45.0000   22.500012213.7578   19.3803
    7.5000   45.0000   22.500011405.3945   19.4419
   -7.5000  -45.0000   30.0000 7187.0522   21.6095
    0.0000  -45.0000   30.0000 7532.0884   21.6898
    7.5000  -45.0000   30.0000 7082.0786   21.7755
   -7.5000  -37.5000   30.0000 7875.2441   21.0190
    0.0000  -37.5000   30.0000 8245.7842   21.0972
    7.5000  -37.5000   30.0000 7758.1982   21.1786
   -7.5000  -30.0000   30.0000 8869.0781   20.6542
    0.0000  -30.0000   30.0000 9256.5332   20.7358
    7.5000  -30.0000   30.0000 8736.1240   20.8177
   -7.5000  -22.5000   30.0000 9863.8789   20.5266
    0.0000  -22.5000   30.000010288.9746   20.6105
    7.5000  -22.5000   30.0000 9741.2959   20.6931
   -7.5000  -15.0000   30.000010846.7627   20.4627
    0.0000  -15.0000   30.000011306.2012   20.5440
    7.5000  -15.0000   30.000010727.1494   20.6255
   -7.5000   -7.5000   30.000011941.6455   20.4681
    0.0000   -7.5000   30.000012452.5605   20.5440
    7.5000   -7.5000   30.000011788.1973   20.6234
   -7.5000    0.0000   30.000012916.2324   20.5170
    0.0000    0.0000   30.000013525.8613   20.5894
    7.5000    0.0000   30.000012753.6240   20.6663
   -7.5000    7.5000   30.000012773.2803   20.5140
    0.0000    7.5000   30.000013341.0312   20.5889
    7.5000    7.5000   30.000012666.1416   20.6664
   -7.5000   15.0000   30.000012470.9893   20.4676
    0.0000   15.0000   30.000013008.3066   20.5479
    7.5000   15.0000   30.000012362.9775   20.6285
   -7.5000   22.5000   30.000012147.4385   20.4131
    0.0000   22.5000   30.000012669.5791   20.4963
    7.5000   22.5000   30.000011991.9111   20.5782
   -7.5000   30.0000   30.000011699.2314   20.1543
    0.0000   30.0000   30.000012177.0508   20.2344
    7.5000   30.0000   30.000011531.9502   20.3147
   -7.5000   37.5000   30.000011564.9102   20.2016
    0.0000   37.5000   30.000012039.5107   20.2765
    7.5000   37.5000   30.000011344.8477   20.3549
   -7.5000   45.0000   30.000010811.9102   19.7760
    0.0000   45.0000   30.000011259.0977   19.8458
    7.5000   45.0000   30.000010576.6934   19.9199
   -7.5000  -45.0000   37.5000 6865.8857   22.4507
    0.0000  -45.0000   37.5000 7155.0815   22.5342
    7.5000  -45.0000   37.5000 6759.1392   22.6296
   -7.5000  -37.5000   37.5000 7516.9805   21.8092
    0.0000  -37.5000   37.5000 7838.1494   21.8927
    7.5000  -37.5000   37.5000 7411.5527   21.9838
   -7.5000  -30.0000   37.5000 8460.3975   21.4135
    0.0000  -30.0000   37.5000 8799.5459   21.5049
    7.5000  -30.0000   37.5000 8355.9893   21.5982
   -7.5000  -22.5000   37.5000 9430.9141   21.2762
    0.0000  -22.5000   37.5000 9803.8408   21.3730
    7.5000  -22.5000   37.5000 9335.2100   21.4691
   -7.5000  -15.0000   37.500010402.5820   21.2122
    0.0000  -15.0000   37.500010797.0176   21.3059
    7.5000  -15.0000   37.500010294.3740   21.4011
   -7.5000   -7.5000   37.500011467.2324   21.2227
    0.0000   -7.5000   37.500011934.4512   21.3058
    7.5000   -7.5000   37.500011330.3291   21.3968
   -7.5000    0.0000   37.500012374.5986   21.2746
    0.0000    0.0000   37.500012912.2344   21.3501
    7.5000    0.0000   37.500012253.8535   21.4360
   -7.5000    7.5000   37.500012214.1523   21.2664
    0.0000    7.5000   37.500012727.8535   21.3462
    7.5000    7.5000   37.500012145.6680   21.4328
   -7.5000   15.0000   37.500011955.6982   21.2130
    0.0000   15.0000   37.500012452.7324   21.3029
    7.5000   15.0000   37.500011855.8848   21.3947
   -7.5000   22.5000   37.500011617.1631   21.1557
    0.0000   22.5000   37.500012109.7803   21.2518
    7.5000   22.5000   37.500011497.2305   21.3469
   -7.5000   30.0000   37.500011198.8789   20.8916
    0.0000   30.0000   37.500011672.7031   20.9840
    7.5000   30.0000   37.500011073.4502   21.0778
   -7.5000   37.5000   37.500011101.3066   20.9463
    0.0000   37.5000   37.500011561.9492   21.0284
    7.5000   37.5000   37.500010918.5771   21.1181
   -7.5000   45.0000   37.500010419.1592   20.5062
    0.0000   45.0000   37.500010852.3818   20.5790
    7.5000   45.0000   37.500010219.4404   20.6618
   -7.5000  -45.0000   45.0000 6272.1636   23.3839
    0.0000  -45.0000   45.0000 6543.9600   23.4696
    7.5000  -45.0000   45.0000 6180.6968   23.5622
   -7.5000  -37.5000   45.0000 6869.6084   22.6933
    0.0000  -37.5000   45.0000 7163.6138   22.7777
    7.5000  -37.5000   45.0000 6790.8516   22.8668
   -7.5000  -30.0000   45.0000 7759.3955   22.2730
    0.0000  -30.0000   45.0000 8069.9609   22.3664
    7.5000  -30.0000   45.0000 7672.1748   22.4614
   -7.5000  -22.5000   45.0000 8667.6699   22.1254
    0.0000  -22.5000   45.0000 9000.1621   22.2267
    7.5000  -22.5000   45.0000 8568.0596   22.3286
   -7.5000  -15.0000   45.0000 9571.8916   22.0499
    0.0000  -15.0000   45.0000 9929.3545   22.1495
    7.5000  -15.0000   45.0000 9445.2578   22.2513
   -7.5000   -7.5000   45.000010542.5840   22.0529
    0.0000   -7.5000   45.000010960.3809   22.1409
    7.5000   -7.5000   45.000010411.4951   22.2338
   -7.5000    0.0000   45.000011349.4512   22.1053
    0.0000    0.0000   45.000011822.6846   22.1831
    7.5000    0.0000   45.000011271.3252   22.2667
   -7.5000    7.5000   45.000011210.3115   22.1033
    0.0000    7.5000   45.000011670.3125   22.1840
    7.5000    7.5000   45.000011161.1250   22.2685
   -7.5000   15.0000   45.000010985.4580   22.0544
    0.0000   15.0000   45.000011451.6064   22.1464
    7.5000   15.0000   45.000010901.0537   22.2396
   -7.5000   22.5000   45.000010691.2041   21.9949
    0.0000   22.5000   45.000011139.2441   22.0955
    7.5000   22.5000   45.000010574.8340   22.1964
   -7.5000   30.0000   45.000010305.9863   21.7136
    0.0000   30.0000   45.000010738.5439   21.8117
    7.5000   30.0000   45.000010185.8135   21.9119
   -7.5000   37.5000   45.000010208.5439   21.7637
    0.0000   37.5000   45.000010641.6904   21.8506
    7.5000   37.5000   45.000010050.8418   21.9422
   -7.5000   45.0000   45.0000 9595.5117   21.3166
    0.0000   45.0000   45.000010010.4443   21.3916
    7.5000   45.0000   45.0000 9416.2490   21.4723

---------------------------------------------------------------------
imgreg_4dfp /opt/freesurfer/average/711-2C_as_mni_average_305 /opt/freesurfer/average/711-2B_as_mni_average_305_mask talsrcimg_g11 none talsrcimg_to_711-2C_as_mni_average_305_t4 4355
---------------------------------------------------------------------

freesurfer imgreg_4dfp.c
/opt/freesurfer/average/711-2C_as_mni_average_305.4dfp.img
       256       256       256         1
  1.000000  1.000000  1.000000
orientation T byte_order littleendian
Reading image: /opt/freesurfer/average/711-2C_as_mni_average_305.4dfp.img
dimensions:      256       256       256
mmppix:       1.0000   -1.0000   -1.0000
center:     128.0000 -129.0000 -129.0000
/opt/freesurfer/average/711-2B_as_mni_average_305_mask.4dfp.img
       256       256       256         1
  1.000000  1.000000  1.000000
orientation T byte_order littleendian
Reading mask: /opt/freesurfer/average/711-2B_as_mni_average_305_mask.4dfp.img (2306576 pixels)
talsrcimg_g11.4dfp.img
       256       256       256         1
  1.000000  1.000000  1.000000
orientation T byte_order littleendian
Reading image: talsrcimg_g11.4dfp.img
dimensions:      256       256       256
mmppix:       1.0000   -1.0000   -1.0000
center:     128.0000 -129.0000 -129.0000
rotation matrix determinant  1.000000
image alignment mode   4355 decimal     1103 hex
   -7.5000  -37.5000  -45.0000 2173.6838   23.3198
    0.0000  -37.5000  -45.0000 2185.5034   23.3119
    7.5000  -37.5000  -45.0000 2174.0654   23.4170
   -7.5000  -30.0000  -45.0000 2281.7612   21.2161
    0.0000  -30.0000  -45.0000 2292.0942   21.1804
    7.5000  -30.0000  -45.0000 2277.3638   21.2559
   -7.5000  -22.5000  -45.0000 2366.5522   19.4760
    0.0000  -22.5000  -45.0000 2377.1270   19.4098
    7.5000  -22.5000  -45.0000 2362.6445   19.5013
   -7.5000  -15.0000  -45.0000 2439.5222   18.1986
    0.0000  -15.0000  -45.0000 2448.5994   18.1293
    7.5000  -15.0000  -45.0000 2430.9751   18.2428
   -7.5000   -7.5000  -45.0000 2485.9253   17.3455
    0.0000   -7.5000  -45.0000 2492.3838   17.2632
    7.5000   -7.5000  -45.0000 2473.2588   17.3856
   -7.5000    0.0000  -45.0000 2509.1953   16.8645
    0.0000    0.0000  -45.0000 2515.4482   16.7752
    7.5000    0.0000  -45.0000 2490.3857   16.8999
   -7.5000    7.5000  -45.0000 2518.8601   16.6782
    0.0000    7.5000  -45.0000 2523.3364   16.6041
    7.5000    7.5000  -45.0000 2498.9263   16.7575
   -7.5000   15.0000  -45.0000 2519.9548   16.8523
    0.0000   15.0000  -45.0000 2518.7034   16.7331
    7.5000   15.0000  -45.0000 2500.3396   16.9024
   -7.5000   22.5000  -45.0000 2495.8958   17.1480
    0.0000   22.5000  -45.0000 2501.4382   17.0947
    7.5000   22.5000  -45.0000 2476.2419   17.2329
   -7.5000   30.0000  -45.0000 2463.4260   17.7947
    0.0000   30.0000  -45.0000 2470.1804   17.7782
    7.5000   30.0000  -45.0000 2439.6682   17.9163
   -7.5000   37.5000  -45.0000 2415.4111   18.7069
    0.0000   37.5000  -45.0000 2424.1992   18.7057
    7.5000   37.5000  -45.0000 2394.8040   18.8464
   -7.5000   45.0000  -45.0000 2339.3899   19.9382
    0.0000   45.0000  -45.0000 2349.6956   19.9006
    7.5000   45.0000  -45.0000 2322.3774   20.0618
   -7.5000   52.5000  -45.0000 2220.2876   21.3572
    0.0000   52.5000  -45.0000 2230.8738   21.4010
    7.5000   52.5000  -45.0000 2204.4148   21.5490
   -7.5000  -37.5000  -37.5000 2222.7805   22.4109
    0.0000  -37.5000  -37.5000 2240.9878   22.4093
    7.5000  -37.5000  -37.5000 2224.1055   22.5260
   -7.5000  -30.0000  -37.5000 2340.4495   20.3539
    0.0000  -30.0000  -37.5000 2355.8933   20.2455
    7.5000  -30.0000  -37.5000 2332.5940   20.3762
   -7.5000  -22.5000  -37.5000 2438.4924   18.6535
    0.0000  -22.5000  -37.5000 2451.2834   18.5245
    7.5000  -22.5000  -37.5000 2428.2783   18.6829
   -7.5000  -15.0000  -37.5000 2514.4045   17.3636
    0.0000  -15.0000  -37.5000 2527.1106   17.2439
    7.5000  -15.0000  -37.5000 2500.7581   17.3873
   -7.5000   -7.5000  -37.5000 2565.1309   16.4121
    0.0000   -7.5000  -37.5000 2574.2119   16.2875
    7.5000   -7.5000  -37.5000 2549.1338   16.4040
   -7.5000    0.0000  -37.5000 2590.8425   15.9075
    0.0000    0.0000  -37.5000 2597.8491   15.7797
    7.5000    0.0000  -37.5000 2569.8757   15.8829
   -7.5000    7.5000  -37.5000 2605.1067   15.6955
    0.0000    7.5000  -37.5000 2609.3845   15.5806
    7.5000    7.5000  -37.5000 2585.4873   15.7150
   -7.5000   15.0000  -37.5000 2607.1406   15.7845
    0.0000   15.0000  -37.5000 2603.8398   15.6724
    7.5000   15.0000  -37.5000 2586.1758   15.8235
   -7.5000   22.5000  -37.5000 2582.6414   16.0439
    0.0000   22.5000  -37.5000 2587.9824   16.0166
    7.5000   22.5000  -37.5000 2561.9417   16.1858
   -7.5000   30.0000  -37.5000 2552.0071   16.6162
    0.0000   30.0000  -37.5000 2557.2312   16.5959
    7.5000   30.0000  -37.5000 2532.2280   16.7999
   -7.5000   37.5000  -37.5000 2501.6174   17.4583
    0.0000   37.5000  -37.5000 2508.3171   17.4295
    7.5000   37.5000  -37.5000 2486.0007   17.6346
   -7.5000   45.0000  -37.5000 2424.1567   18.6167
    0.0000   45.0000  -37.5000 2432.9585   18.5666
    7.5000   45.0000  -37.5000 2409.2429   18.7658
   -7.5000   52.5000  -37.5000 2301.3391   19.9255
    0.0000   52.5000  -37.5000 2314.0669   19.9314
    7.5000   52.5000  -37.5000 2290.8220   20.1250
   -7.5000  -37.5000  -30.0000 2309.9736   22.4178
    0.0000  -37.5000  -30.0000 2328.2009   22.3658
    7.5000  -37.5000  -30.0000 2307.5896   22.4741
   -7.5000  -30.0000  -30.0000 2435.2063   20.3215
    0.0000  -30.0000  -30.0000 2452.5725   20.1692
    7.5000  -30.0000  -30.0000 2426.5669   20.3082
   -7.5000  -22.5000  -30.0000 2534.2192   18.5441
    0.0000  -22.5000  -30.0000 2549.3589   18.3942
    7.5000  -22.5000  -30.0000 2528.0083   18.5535
   -7.5000  -15.0000  -30.0000 2613.2410   17.1755
    0.0000  -15.0000  -30.0000 2623.0859   16.9925
    7.5000  -15.0000  -30.0000 2604.5466   17.1813
   -7.5000   -7.5000  -30.0000 2680.9119   16.1817
    0.0000   -7.5000  -30.0000 2687.9175   16.0200
    7.5000   -7.5000  -30.0000 2664.4387   16.1183
   -7.5000    0.0000  -30.0000 2711.0959   15.5523
    0.0000    0.0000  -30.0000 2716.1638   15.3460
    7.5000    0.0000  -30.0000 2689.4268   15.4807
   -7.5000    7.5000  -30.0000 2731.1230   15.2597
    0.0000    7.5000  -30.0000 2731.2253   15.0781
    7.5000    7.5000  -30.0000 2709.5581   15.2597
   -7.5000   15.0000  -30.0000 2729.2070   15.3091
    0.0000   15.0000  -30.0000 2729.6135   15.1754
    7.5000   15.0000  -30.0000 2713.9255   15.3613
   -7.5000   22.5000  -30.0000 2713.5310   15.5834
    0.0000   22.5000  -30.0000 2722.3313   15.5303
    7.5000   22.5000  -30.0000 2700.6682   15.7284
   -7.5000   30.0000  -30.0000 2689.9082   16.1403
    0.0000   30.0000  -30.0000 2689.2446   16.0805
    7.5000   30.0000  -30.0000 2671.9387   16.3358
   -7.5000   37.5000  -30.0000 2633.9707   16.9513
    0.0000   37.5000  -30.0000 2634.1067   16.8857
    7.5000   37.5000  -30.0000 2620.3687   17.1338
   -7.5000   45.0000  -30.0000 2549.0247   18.0497
    0.0000   45.0000  -30.0000 2549.5911   17.9685
    7.5000   45.0000  -30.0000 2535.7004   18.2011
   -7.5000   52.5000  -30.0000 2421.5850   19.3501
    0.0000   52.5000  -30.0000 2429.7197   19.3033
    7.5000   52.5000  -30.0000 2413.0769   19.5318
   -7.5000  -37.5000  -22.5000 2357.4312   22.2385
    0.0000  -37.5000  -22.5000 2377.2815   22.1790
    7.5000  -37.5000  -22.5000 2355.2129   22.2790
   -7.5000  -30.0000  -22.5000 2486.6455   20.0928
    0.0000  -30.0000  -22.5000 2504.6938   19.9142
    7.5000  -30.0000  -22.5000 2477.6147   20.0246
   -7.5000  -22.5000  -22.5000 2592.2639   18.2755
    0.0000  -22.5000  -22.5000 2609.0334   18.1003
    7.5000  -22.5000  -22.5000 2586.8020   18.2283
   -7.5000  -15.0000  -22.5000 2675.8806   16.8401
    0.0000  -15.0000  -22.5000 2686.9924   16.6713
    7.5000  -15.0000  -22.5000 2668.8723   16.8061
   -7.5000   -7.5000  -22.5000 2751.3525   15.8105
    0.0000   -7.5000  -22.5000 2761.0815   15.6303
    7.5000   -7.5000  -22.5000 2742.5625   15.7788
   -7.5000    0.0000  -22.5000 2793.1726   15.1213
    0.0000    0.0000  -22.5000 2803.6016   14.9264
    7.5000    0.0000  -22.5000 2777.1914   15.0695
   -7.5000    7.5000  -22.5000 2817.5442   14.7576
    0.0000    7.5000  -22.5000 2815.7390   14.5330
    7.5000    7.5000  -22.5000 2795.7712   14.7233
   -7.5000   15.0000  -22.5000 2820.6797   14.7181
    0.0000   15.0000  -22.5000 2819.4670   14.5437
    7.5000   15.0000  -22.5000 2803.0796   14.7702
   -7.5000   22.5000  -22.5000 2813.0271   15.0419
    0.0000   22.5000  -22.5000 2816.4180   14.9166
    7.5000   22.5000  -22.5000 2800.0330   15.1418
   -7.5000   30.0000  -22.5000 2790.0320   15.6261
    0.0000   30.0000  -22.5000 2790.3745   15.5003
    7.5000   30.0000  -22.5000 2775.1274   15.7502
   -7.5000   37.5000  -22.5000 2736.3303   16.3908
    0.0000   37.5000  -22.5000 2735.6348   16.2862
    7.5000   37.5000  -22.5000 2722.1550   16.5620
   -7.5000   45.0000  -22.5000 2650.3076   17.4169
    0.0000   45.0000  -22.5000 2648.3525   17.3353
    7.5000   45.0000  -22.5000 2630.3674   17.6319
   -7.5000   52.5000  -22.5000 2517.9097   18.6935
    0.0000   52.5000  -22.5000 2523.3774   18.6075
    7.5000   52.5000  -22.5000 2503.9602   18.9037
   -7.5000  -37.5000  -15.0000 2357.6001   22.1300
    0.0000  -37.5000  -15.0000 2381.1555   22.0077
    7.5000  -37.5000  -15.0000 2358.0120   22.1312
   -7.5000  -30.0000  -15.0000 2487.7527   19.8754
    0.0000  -30.0000  -15.0000 2508.3130   19.6646
    7.5000  -30.0000  -15.0000 2482.4197   19.8142
   -7.5000  -22.5000  -15.0000 2601.0347   18.0192
    0.0000  -22.5000  -15.0000 2615.4390   17.8045
    7.5000  -22.5000  -15.0000 2595.1160   17.9897
   -7.5000  -15.0000  -15.0000 2693.7871   16.5629
    0.0000  -15.0000  -15.0000 2704.0569   16.3588
    7.5000  -15.0000  -15.0000 2689.1033   16.5320
   -7.5000   -7.5000  -15.0000 2774.1724   15.5558
    0.0000   -7.5000  -15.0000 2779.2351   15.3447
    7.5000   -7.5000  -15.0000 2766.7961   15.5336
   -7.5000    0.0000  -15.0000 2833.7148   14.8958
    0.0000    0.0000  -15.0000 2835.9993   14.6940
    7.5000    0.0000  -15.0000 2816.9065   14.8325
   -7.5000    7.5000  -15.0000 2860.5925   14.4639
    0.0000    7.5000  -15.0000 2855.1860   14.1841
    7.5000    7.5000  -15.0000 2839.5215   14.4237
   -7.5000   15.0000  -15.0000 2866.5242   14.2575
    0.0000   15.0000  -15.0000 2854.6643   14.0144
    7.5000   15.0000  -15.0000 2844.9255   14.3525
   -7.5000   22.5000  -15.0000 2871.7522   14.5756
    0.0000   22.5000  -15.0000 2861.1882   14.3703
    7.5000   22.5000  -15.0000 2848.2366   14.7019
   -7.5000   30.0000  -15.0000 2853.1917   15.1637
    0.0000   30.0000  -15.0000 2845.0737   14.9814
    7.5000   30.0000  -15.0000 2824.4397   15.2857
   -7.5000   37.5000  -15.0000 2798.6296   15.9284
    0.0000   37.5000  -15.0000 2791.7375   15.7772
    7.5000   37.5000  -15.0000 2774.9207   16.0887
   -7.5000   45.0000  -15.0000 2709.1079   16.9308
    0.0000   45.0000  -15.0000 2703.2014   16.8065
    7.5000   45.0000  -15.0000 2688.1267   17.1423
   -7.5000   52.5000  -15.0000 2576.9590   18.1725
    0.0000   52.5000  -15.0000 2577.2041   18.0463
    7.5000   52.5000  -15.0000 2556.2693   18.4070
   -7.5000  -37.5000   -7.5000 2326.6909   22.1154
    0.0000  -37.5000   -7.5000 2352.0925   21.9588
    7.5000  -37.5000   -7.5000 2334.8950   22.0838
   -7.5000  -30.0000   -7.5000 2448.7437   19.7087
    0.0000  -30.0000   -7.5000 2473.2217   19.5455
    7.5000  -30.0000   -7.5000 2453.9705   19.7012
   -7.5000  -22.5000   -7.5000 2572.6768   17.8486
    0.0000  -22.5000   -7.5000 2589.6045   17.6792
    7.5000  -22.5000   -7.5000 2572.8220   17.8551
   -7.5000  -15.0000   -7.5000 2671.4038   16.4393
    0.0000  -15.0000   -7.5000 2684.4084   16.2840
    7.5000  -15.0000   -7.5000 2671.5396   16.4802
   -7.5000   -7.5000   -7.5000 2760.7217   15.4743
    0.0000   -7.5000   -7.5000 2766.4658   15.3021
    7.5000   -7.5000   -7.5000 2756.5159   15.4986
   -7.5000    0.0000   -7.5000 2841.0066   14.9097
    0.0000    0.0000   -7.5000 2844.0540   14.7263
    7.5000    0.0000   -7.5000 2832.2356   14.8301
   -7.5000    7.5000   -7.5000 2894.7874   14.5321
    0.0000    7.5000   -7.5000 2897.8530   14.3470
    7.5000    7.5000   -7.5000 2867.3535   14.4190
   -7.5000   15.0000   -7.5000 2899.2092   14.1379
    0.0000   15.0000   -7.5000 2885.0432   13.9627
    7.5000   15.0000   -7.5000 2870.5847   14.2145
   -7.5000   22.5000   -7.5000 2903.0078   14.2977
    0.0000   22.5000   -7.5000 2890.0161   14.1459
    7.5000   22.5000   -7.5000 2866.2268   14.4213
   -7.5000   30.0000   -7.5000 2879.1912   14.7947
    0.0000   30.0000   -7.5000 2877.8577   14.7075
    7.5000   30.0000   -7.5000 2840.5022   14.8919
   -7.5000   37.5000   -7.5000 2829.3069   15.5466
    0.0000   37.5000   -7.5000 2833.3623   15.4868
    7.5000   37.5000   -7.5000 2799.0227   15.6662
   -7.5000   45.0000   -7.5000 2745.6406   16.5759
    0.0000   45.0000   -7.5000 2749.0156   16.5207
    7.5000   45.0000   -7.5000 2717.3337   16.7215
   -7.5000   52.5000   -7.5000 2612.4111   17.8410
    0.0000   52.5000   -7.5000 2617.9575   17.8076
    7.5000   52.5000   -7.5000 2584.3008   18.0315
   -7.5000  -37.5000    0.0000 2285.3591   22.5251
    0.0000  -37.5000    0.0000 2305.0247   22.2636
    7.5000  -37.5000    0.0000 2299.1392   22.5332
   -7.5000  -30.0000    0.0000 2408.0908   20.0051
    0.0000  -30.0000    0.0000 2423.3958   19.7777
    7.5000  -30.0000    0.0000 2419.4558   20.0772
   -7.5000  -22.5000    0.0000 2530.9661   18.1097
    0.0000  -22.5000    0.0000 2539.3186   17.8915
    7.5000  -22.5000    0.0000 2539.8440   18.2029
   -7.5000  -15.0000    0.0000 2638.5110   16.7396
    0.0000  -15.0000    0.0000 2647.3738   16.5744
    7.5000  -15.0000    0.0000 2647.9858   16.8457
   -7.5000   -7.5000    0.0000 2741.9529   15.7283
    0.0000   -7.5000    0.0000 2749.2861   15.6126
    7.5000   -7.5000    0.0000 2742.9365   15.7987
   -7.5000    0.0000    0.0000 2839.5374   15.2097
    0.0000    0.0000    0.0000 2850.5435   15.1492
    7.5000    0.0000    0.0000 2826.8728   15.1417
   -7.5000    7.5000    0.0000 2915.4587   14.9001
    0.0000    7.5000    0.0000 2936.6255   14.9314
    7.5000    7.5000    0.0000 2879.5352   14.7008
   -7.5000   15.0000    0.0000 2935.2468   14.4303
    0.0000   15.0000    0.0000 2955.3523   14.5104
    7.5000   15.0000    0.0000 2890.7229   14.3978
   -7.5000   22.5000    0.0000 2920.2327   14.2810
    0.0000   22.5000    0.0000 2930.8088   14.3407
    7.5000   22.5000    0.0000 2877.9497   14.3905
   -7.5000   30.0000    0.0000 2888.0146   14.5559
    0.0000   30.0000    0.0000 2892.7307   14.6234
    7.5000   30.0000    0.0000 2846.6416   14.7585
   -7.5000   37.5000    0.0000 2837.3611   15.3100
    0.0000   37.5000    0.0000 2840.8081   15.3302
    7.5000   37.5000    0.0000 2800.8848   15.5399
   -7.5000   45.0000    0.0000 2754.8989   16.4263
    0.0000   45.0000    0.0000 2754.6624   16.4060
    7.5000   45.0000    0.0000 2723.3843   16.6114
   -7.5000   52.5000    0.0000 2624.3191   17.7021
    0.0000   52.5000    0.0000 2623.7778   17.6811
    7.5000   52.5000    0.0000 2601.6062   17.9000
   -7.5000  -37.5000    7.5000 2242.6946   23.2938
    0.0000  -37.5000    7.5000 2255.1389   23.0167
    7.5000  -37.5000    7.5000 2262.5105   23.3423
   -7.5000  -30.0000    7.5000 2365.8794   20.7249
    0.0000  -30.0000    7.5000 2381.6309   20.5246
    7.5000  -30.0000    7.5000 2383.6772   20.8724
   -7.5000  -22.5000    7.5000 2491.4019   18.8219
    0.0000  -22.5000    7.5000 2502.5120   18.6590
    7.5000  -22.5000    7.5000 2501.2268   18.9648
   -7.5000  -15.0000    7.5000 2608.4690   17.3495
    0.0000  -15.0000    7.5000 2617.5278   17.2559
    7.5000  -15.0000    7.5000 2610.7568   17.4927
   -7.5000   -7.5000    7.5000 2725.0151   16.2661
    0.0000   -7.5000    7.5000 2735.2432   16.2755
    7.5000   -7.5000    7.5000 2714.1584   16.3978
   -7.5000    0.0000    7.5000 2829.1743   15.6383
    0.0000    0.0000    7.5000 2845.2546   15.7064
    7.5000    0.0000    7.5000 2806.6621   15.6621
   -7.5000    7.5000    7.5000 2918.0215   15.1615
    0.0000    7.5000    7.5000 2940.6746   15.2638
    7.5000    7.5000    7.5000 2877.2849   15.1068
   -7.5000   15.0000    7.5000 2945.0364   14.6461
    0.0000   15.0000    7.5000 2965.4370   14.7831
    7.5000   15.0000    7.5000 2896.7056   14.8040
   -7.5000   22.5000    7.5000 2932.7300   14.4245
    0.0000   22.5000    7.5000 2948.6892   14.5684
    7.5000   22.5000    7.5000 2892.8528   14.7479
   -7.5000   30.0000    7.5000 2894.4011   14.7140
    0.0000   30.0000    7.5000 2903.6704   14.8595
    7.5000   30.0000    7.5000 2853.2053   15.0554
   -7.5000   37.5000    7.5000 2833.8311   15.4633
    0.0000   37.5000    7.5000 2837.9773   15.5333
    7.5000   37.5000    7.5000 2793.8154   15.7367
   -7.5000   45.0000    7.5000 2740.4053   16.5901
    0.0000   45.0000    7.5000 2737.6428   16.5600
    7.5000   45.0000    7.5000 2710.2271   16.7617
   -7.5000   52.5000    7.5000 2613.1152   17.8278
    0.0000   52.5000    7.5000 2613.3945   17.7914
    7.5000   52.5000    7.5000 2593.7915   17.9967
   -7.5000  -37.5000   15.0000 2201.4734   24.5580
    0.0000  -37.5000   15.0000 2223.6492   24.4951
    7.5000  -37.5000   15.0000 2215.4414   24.7084
   -7.5000  -30.0000   15.0000 2327.1775   21.8080
    0.0000  -30.0000   15.0000 2347.7161   21.7367
    7.5000  -30.0000   15.0000 2338.3896   22.0639
   -7.5000  -22.5000   15.0000 2453.0408   19.6619
    0.0000  -22.5000   15.0000 2470.8411   19.5955
    7.5000  -22.5000   15.0000 2456.2771   19.8991
   -7.5000  -15.0000   15.0000 2570.1152   17.9826
    0.0000  -15.0000   15.0000 2586.9365   17.9569
    7.5000  -15.0000   15.0000 2569.1108   18.2290
   -7.5000   -7.5000   15.0000 2682.7507   16.7713
    0.0000   -7.5000   15.0000 2700.2954   16.7988
    7.5000   -7.5000   15.0000 2674.8467   17.0200
   -7.5000    0.0000   15.0000 2786.6023   15.9652
    0.0000    0.0000   15.0000 2804.4998   16.0355
    7.5000    0.0000   15.0000 2771.8423   16.1789
   -7.5000    7.5000   15.0000 2880.7778   15.3625
    0.0000    7.5000   15.0000 2903.8452   15.4516
    7.5000    7.5000   15.0000 2851.9907   15.5426
   -7.5000   15.0000   15.0000 2911.6904   14.8237
    0.0000   15.0000   15.0000 2928.1428   14.9017
    7.5000   15.0000   15.0000 2882.7085   15.1989
   -7.5000   22.5000   15.0000 2920.4609   14.7413
    0.0000   22.5000   15.0000 2936.2937   14.7890
    7.5000   22.5000   15.0000 2886.1917   15.1534
   -7.5000   30.0000   15.0000 2889.7227   15.1666
    0.0000   30.0000   15.0000 2898.3987   15.2113
    7.5000   30.0000   15.0000 2848.8914   15.4976
   -7.5000   37.5000   15.0000 2823.7463   15.9705
    0.0000   37.5000   15.0000 2832.3816   15.9895
    7.5000   37.5000   15.0000 2786.8342   16.2618
   -7.5000   45.0000   15.0000 2720.2349   17.1038
    0.0000   45.0000   15.0000 2724.8906   17.0869
    7.5000   45.0000   15.0000 2695.0642   17.3010
   -7.5000   52.5000   15.0000 2587.0847   18.3110
    0.0000   52.5000   15.0000 2586.2429   18.2804
    7.5000   52.5000   15.0000 2567.1851   18.4821
   -7.5000  -37.5000   22.5000 2154.7573   26.0180
    0.0000  -37.5000   22.5000 2181.4053   26.0661
    7.5000  -37.5000   22.5000 2165.5322   26.3775
   -7.5000  -30.0000   22.5000 2281.9824   22.9370
    0.0000  -30.0000   22.5000 2306.1890   22.9375
    7.5000  -30.0000   22.5000 2289.3418   23.3395
   -7.5000  -22.5000   22.5000 2405.1243   20.4953
    0.0000  -22.5000   22.5000 2427.1208   20.5078
    7.5000  -22.5000   22.5000 2411.7458   20.9371
   -7.5000  -15.0000   22.5000 2522.7300   18.6882
    0.0000  -15.0000   22.5000 2540.9036   18.6930
    7.5000  -15.0000   22.5000 2528.1602   19.1280
   -7.5000   -7.5000   22.5000 2630.3105   17.3652
    0.0000   -7.5000   22.5000 2645.9453   17.4155
    7.5000   -7.5000   22.5000 2632.0171   17.8423
   -7.5000    0.0000   22.5000 2732.2998   16.5067
    0.0000    0.0000   22.5000 2747.2886   16.5773
    7.5000    0.0000   22.5000 2728.1934   16.8726
   -7.5000    7.5000   22.5000 2819.3948   15.7954
    0.0000    7.5000   22.5000 2836.2576   15.8766
    7.5000    7.5000   22.5000 2803.2717   16.1938
   -7.5000   15.0000   22.5000 2856.6641   15.2625
    0.0000   15.0000   22.5000 2865.5955   15.3169
    7.5000   15.0000   22.5000 2839.4829   15.7609
   -7.5000   22.5000   22.5000 2877.5381   15.2925
    0.0000   22.5000   22.5000 2885.3596   15.3364
    7.5000   22.5000   22.5000 2850.5332   15.7117
   -7.5000   30.0000   22.5000 2847.2615   15.7422
    0.0000   30.0000   22.5000 2856.3818   15.7857
    7.5000   30.0000   22.5000 2817.7202   16.1144
   -7.5000   37.5000   22.5000 2790.9512   16.5401
    0.0000   37.5000   22.5000 2793.1814   16.5373
    7.5000   37.5000   22.5000 2755.3855   16.8383
   -7.5000   45.0000   22.5000 2696.8250   17.6555
    0.0000   45.0000   22.5000 2701.7036   17.6459
    7.5000   45.0000   22.5000 2668.2019   17.8992
   -7.5000   52.5000   22.5000 2560.0518   18.9277
    0.0000   52.5000   22.5000 2563.5464   18.9023
    7.5000   52.5000   22.5000 2537.5742   19.1325
   -7.5000  -37.5000   30.0000 2095.8098   27.5298
    0.0000  -37.5000   30.0000 2116.4526   27.5342
    7.5000  -37.5000   30.0000 2111.3928   28.1134
   -7.5000  -30.0000   30.0000 2223.3960   24.1884
    0.0000  -30.0000   30.0000 2241.1265   24.1310
    7.5000  -30.0000   30.0000 2234.2593   24.7505
   -7.5000  -22.5000   30.0000 2348.9465   21.5208
    0.0000  -22.5000   30.0000 2360.2083   21.4921
    7.5000  -22.5000   30.0000 2359.5916   22.1602
   -7.5000  -15.0000   30.0000 2466.3604   19.5882
    0.0000  -15.0000   30.0000 2477.5396   19.5727
    7.5000  -15.0000   30.0000 2473.1772   20.2402
   -7.5000   -7.5000   30.0000 2576.5083   18.2254
    0.0000   -7.5000   30.0000 2584.3918   18.2613
    7.5000   -7.5000   30.0000 2579.6008   18.8333
   -7.5000    0.0000   30.0000 2670.1257   17.2713
    0.0000    0.0000   30.0000 2683.8240   17.3245
    7.5000    0.0000   30.0000 2674.1199   17.7943
   -7.5000    7.5000   30.0000 2743.3625   16.4631
    0.0000    7.5000   30.0000 2753.1536   16.4895
    7.5000    7.5000   30.0000 2736.8169   17.0406
   -7.5000   15.0000   30.0000 2784.8579   15.9939
    0.0000   15.0000   30.0000 2786.3774   16.0407
    7.5000   15.0000   30.0000 2770.1597   16.5287
   -7.5000   22.5000   30.0000 2797.9299   16.0630
    0.0000   22.5000   30.0000 2804.6274   16.0987
    7.5000   22.5000   30.0000 2776.4475   16.5091
   -7.5000   30.0000   30.0000 2773.4021   16.4952
    0.0000   30.0000   30.0000 2779.2749   16.5180
    7.5000   30.0000   30.0000 2754.5081   16.8895
   -7.5000   37.5000   30.0000 2722.2163   17.2861
    0.0000   37.5000   30.0000 2726.1353   17.2975
    7.5000   37.5000   30.0000 2693.7332   17.6451
   -7.5000   45.0000   30.0000 2640.5146   18.3624
    0.0000   45.0000   30.0000 2645.5771   18.3714
    7.5000   45.0000   30.0000 2612.5991   18.6734
   -7.5000   52.5000   30.0000 2518.4587   19.6115
    0.0000   52.5000   30.0000 2523.4209   19.6303
    7.5000   52.5000   30.0000 2494.3855   19.8958
   -7.5000  -37.5000   37.5000 2030.9624   29.2901
    0.0000  -37.5000   37.5000 2044.3628   29.1845
    7.5000  -37.5000   37.5000 2045.9427   29.9748
   -7.5000  -30.0000   37.5000 2162.4722   25.6626
    0.0000  -30.0000   37.5000 2171.2024   25.5074
    7.5000  -30.0000   37.5000 2175.7737   26.3408
   -7.5000  -22.5000   37.5000 2288.2764   22.8236
    0.0000  -22.5000   37.5000 2294.5020   22.7322
    7.5000  -22.5000   37.5000 2297.1458   23.6018
   -7.5000  -15.0000   37.5000 2405.2983   20.7769
    0.0000  -15.0000   37.5000 2408.0439   20.6978
    7.5000  -15.0000   37.5000 2409.3396   21.5455
   -7.5000   -7.5000   37.5000 2517.1304   19.3431
    0.0000   -7.5000   37.5000 2518.1958   19.3405
    7.5000   -7.5000   37.5000 2518.4727   20.0689
   -7.5000    0.0000   37.5000 2602.5593   18.2949
    0.0000    0.0000   37.5000 2613.7786   18.3374
    7.5000    0.0000   37.5000 2603.3579   18.9823
   -7.5000    7.5000   37.5000 2665.2588   17.4068
    0.0000    7.5000   37.5000 2669.4763   17.4555
    7.5000    7.5000   37.5000 2657.8718   18.1086
   -7.5000   15.0000   37.5000 2707.9424   17.0050
    0.0000   15.0000   37.5000 2706.2803   17.0516
    7.5000   15.0000   37.5000 2692.6482   17.5984
   -7.5000   22.5000   37.5000 2708.1494   17.0496
    0.0000   22.5000   37.5000 2713.7544   17.0914
    7.5000   22.5000   37.5000 2692.2764   17.5741
   -7.5000   30.0000   37.5000 2682.3215   17.4808
    0.0000   30.0000   37.5000 2690.3489   17.5420
    7.5000   30.0000   37.5000 2671.5493   17.9682
   -7.5000   37.5000   37.5000 2640.4517   18.2383
    0.0000   37.5000   37.5000 2646.4653   18.2813
    7.5000   37.5000   37.5000 2623.3223   18.6901
   -7.5000   45.0000   37.5000 2575.3513   19.2830
    0.0000   45.0000   37.5000 2579.7295   19.2854
    7.5000   45.0000   37.5000 2546.4976   19.6986
   -7.5000   52.5000   37.5000 2460.0933   20.5329
    0.0000   52.5000   37.5000 2466.5752   20.5457
    7.5000   52.5000   37.5000 2433.9661   20.9121
   -7.5000  -37.5000   45.0000 1958.5665   31.2929
    0.0000  -37.5000   45.0000 1967.2072   31.1940
    7.5000  -37.5000   45.0000 1972.7756   32.2276
   -7.5000  -30.0000   45.0000 2096.7705   27.3786
    0.0000  -30.0000   45.0000 2100.9736   27.2943
    7.5000  -30.0000   45.0000 2105.7866   28.2707
   -7.5000  -22.5000   45.0000 2222.5928   24.4106
    0.0000  -22.5000   45.0000 2223.6306   24.2922
    7.5000  -22.5000   45.0000 2222.6702   25.3039
   -7.5000  -15.0000   45.0000 2340.4983   22.2751
    0.0000  -15.0000   45.0000 2336.5811   22.1383
    7.5000  -15.0000   45.0000 2332.8713   23.1022
   -7.5000   -7.5000   45.0000 2447.3635   20.7434
    0.0000   -7.5000   45.0000 2444.9639   20.7503
    7.5000   -7.5000   45.0000 2438.8547   21.5438
   -7.5000    0.0000   45.0000 2525.4387   19.6464
    0.0000    0.0000   45.0000 2528.0039   19.6479
    7.5000    0.0000   45.0000 2518.1682   20.4330
   -7.5000    7.5000   45.0000 2582.7654   18.6749
    0.0000    7.5000   45.0000 2580.6218   18.7449
    7.5000    7.5000   45.0000 2570.7568   19.4163
   -7.5000   15.0000   45.0000 2617.4141   18.2868
    0.0000   15.0000   45.0000 2616.5349   18.3297
    7.5000   15.0000   45.0000 2601.0344   18.9285
   -7.5000   22.5000   45.0000 2617.6421   18.2914
    0.0000   22.5000   45.0000 2622.3264   18.3816
    7.5000   22.5000   45.0000 2602.6538   18.8573
   -7.5000   30.0000   45.0000 2590.5056   18.7359
    0.0000   30.0000   45.0000 2598.9934   18.8328
    7.5000   30.0000   45.0000 2578.0671   19.2809
   -7.5000   37.5000   45.0000 2552.5061   19.5065
    0.0000   37.5000   45.0000 2560.3381   19.5675
    7.5000   37.5000   45.0000 2532.2151   20.0012
   -7.5000   45.0000   45.0000 2493.0208   20.5180
    0.0000   45.0000   45.0000 2498.6785   20.5385
    7.5000   45.0000   45.0000 2461.9583   20.9483
   -7.5000   52.5000   45.0000 2386.1655   21.7195
    0.0000   52.5000   45.0000 2392.7825   21.7196
    7.5000   52.5000   45.0000 2361.8843   22.1077

---------------------------------------------------------------------
imgreg_4dfp /opt/freesurfer/average/711-2C_as_mni_average_305 /opt/freesurfer/average/711-2B_as_mni_average_305_mask talsrcimg_g11 none talsrcimg_to_711-2C_as_mni_average_305_t4 1283
---------------------------------------------------------------------

freesurfer imgreg_4dfp.c
/opt/freesurfer/average/711-2C_as_mni_average_305.4dfp.img
       256       256       256         1
  1.000000  1.000000  1.000000
orientation T byte_order littleendian
Reading image: /opt/freesurfer/average/711-2C_as_mni_average_305.4dfp.img
dimensions:      256       256       256
mmppix:       1.0000   -1.0000   -1.0000
center:     128.0000 -129.0000 -129.0000
/opt/freesurfer/average/711-2B_as_mni_average_305_mask.4dfp.img
       256       256       256         1
  1.000000  1.000000  1.000000
orientation T byte_order littleendian
Reading mask: /opt/freesurfer/average/711-2B_as_mni_average_305_mask.4dfp.img (2306576 pixels)
talsrcimg_g11.4dfp.img
       256       256       256         1
  1.000000  1.000000  1.000000
orientation T byte_order littleendian
Reading image: talsrcimg_g11.4dfp.img
dimensions:      256       256       256
mmppix:       1.0000   -1.0000   -1.0000
center:     128.0000 -129.0000 -129.0000
rotation matrix determinant  1.000000
fimgreg.f
image alignment mode   1283 decimal      503 hex
parameters
    0.0000   15.0000    7.5000    0.0000    0.0000    0.0000
eta,q 0.93261 14.84282
niter,ni,del,rscale     5    3   12.0000    1.2000
parameter  3  0.718404 ->  0.500000 qaram    1.1500
parameter  4-15.948608 ->  0.500000 qaram    1.1500
parameters
   -2.2076   15.2559    4.0500   -3.4500   -0.0282    0.5675
eta,q 0.94562 14.87396
  0.0726  0.0710  0.0615  0.0508  0.0605  0.0603
  0.0666  0.0688  0.0610  0.0536  0.0573  0.0578
  0.0644  0.0664  0.0625  0.0574  0.0552  0.0559
  0.0677  0.0642  0.0636  0.0615  0.0546  0.0546
  0.0749  0.0643  0.0646  0.0647  0.0555  0.0544
  0.0794  0.0674  0.0669  0.0679  0.0576  0.0561
  0.0853  0.0709  0.0720  0.0710  0.0603  0.0589
niter,ni,del,rscale     6    3   12.0000    1.2000
parameter  4  1.103176 ->  0.500000 qaram    1.3225
parameters
   -2.2863   15.4110    4.3224   -7.4175    0.0624    0.4714
eta,q 0.95032 14.86631
  0.0709  0.0669  0.0681  0.0503  0.0577  0.0556
  0.0639  0.0617  0.0600  0.0494  0.0540  0.0519
  0.0571  0.0568  0.0550  0.0513  0.0509  0.0500
  0.0544  0.0544  0.0544  0.0545  0.0497  0.0497
  0.0569  0.0563  0.0561  0.0592  0.0509  0.0502
  0.0646  0.0614  0.0601  0.0638  0.0533  0.0524
  0.0719  0.0654  0.0648  0.0677  0.0574  0.0559
niter,ni,del,rscale     6    3   12.0000    1.2000
parameters
   -2.3140   16.0240    3.2616   -9.6607    0.2720    0.4093
eta,q 0.95136 14.92224
  0.0679  0.0676  0.0602  0.0533  0.0563  0.0544
  0.0600  0.0575  0.0531  0.0510  0.0530  0.0513
  0.0526  0.0510  0.0498  0.0486  0.0501  0.0494
  0.0497  0.0497  0.0500  0.0495  0.0487  0.0486
  0.0525  0.0516  0.0542  0.0527  0.0496  0.0497
  0.0602  0.0544  0.0603  0.0569  0.0520  0.0516
  0.0684  0.0604  0.0664  0.0624  0.0556  0.0545
niter,ni,del,rscale     5    3   12.0000    1.2000
parameters
   -2.4264   16.8303    2.7934  -11.6913    0.4995    0.5877
eta,q 0.95148 14.94152
  0.0666  0.0648  0.0633  0.0517  0.0558  0.0537
  0.0588  0.0554  0.0550  0.0510  0.0525  0.0512
  0.0516  0.0497  0.0498  0.0489  0.0496  0.0494
  0.0486  0.0487  0.0489  0.0488  0.0485  0.0485
  0.0519  0.0496  0.0524  0.0508  0.0495  0.0491
  0.0599  0.0515  0.0596  0.0543  0.0513  0.0507
  0.0679  0.0570  0.0658  0.0591  0.0550  0.0533
niter,ni,del,rscale     4    3   12.0000    1.2000
parameters
   -2.7181   17.9244    2.2872  -13.6152    0.7651    0.5167
eta,q 0.95262 14.94159
  0.0655  0.0623  0.0631  0.0514  0.0567  0.0523
  0.0573  0.0551  0.0542  0.0496  0.0529  0.0496
  0.0507  0.0507  0.0485  0.0477  0.0492  0.0478
  0.0485  0.0485  0.0479  0.0477  0.0474  0.0474
  0.0525  0.0480  0.0518  0.0501  0.0484  0.0479
  0.0606  0.0491  0.0592  0.0535  0.0510  0.0498
  0.0680  0.0553  0.0661  0.0583  0.0559  0.0524
niter,ni,del,rscale     3    3   12.0000    1.2000
parameters
   -3.0254   18.7968    1.7282  -14.8550    0.8820    0.6252
eta,q 0.95402 14.93155
  0.0660  0.0598  0.0624  0.0517  0.0572  0.0517
  0.0569  0.0544  0.0529  0.0498  0.0521  0.0487
  0.0494  0.0509  0.0464  0.0476  0.0475  0.0468
  0.0474  0.0473  0.0462  0.0457  0.0459  0.0460
  0.0519  0.0460  0.0507  0.0484  0.0477  0.0464
  0.0606  0.0488  0.0585  0.0524  0.0513  0.0486
  0.0688  0.0557  0.0663  0.0574  0.0564  0.0513
niter,ni,del,rscale     2    3   12.0000    1.2000
parameters
   -3.1149   19.2790    1.3310  -15.5841    0.8637    0.8034
eta,q 0.95420 14.91697
  0.0669  0.0583  0.0637  0.0523  0.0566  0.0514
  0.0579  0.0533  0.0528  0.0500  0.0512  0.0483
  0.0493  0.0497  0.0462  0.0480  0.0470  0.0465
  0.0460  0.0460  0.0455  0.0452  0.0458  0.0458
  0.0494  0.0456  0.0499  0.0470  0.0477  0.0460
  0.0586  0.0496  0.0578  0.0512  0.0514  0.0480
  0.0683  0.0566  0.0660  0.0568  0.0564  0.0508
niter,ni,del,rscale     1    3   12.0000    1.2000
parameters
   -3.1222   19.5392    1.1031  -15.9674    0.8030    0.8854
eta,q 0.95426 14.90884
  0.0670  0.0575  0.0651  0.0529  0.0562  0.0511
  0.0580  0.0527  0.0534  0.0506  0.0508  0.0481
  0.0493  0.0490  0.0463  0.0482  0.0469  0.0464
  0.0458  0.0458  0.0455  0.0454  0.0458  0.0457
  0.0488  0.0458  0.0495  0.0462  0.0476  0.0460
  0.0576  0.0500  0.0572  0.0504  0.0513  0.0480
  0.0676  0.0573  0.0656  0.0562  0.0563  0.0508
registration optimization eta report
parameter search radius
    6.0000    6.0000    6.9000    7.9350    6.0000    6.0000
100000*second partial in parameter space
       58.       32.       41.       14.       29.       15.
  0.0670  0.0575  0.0651  0.0529  0.0562  0.0511
  0.0580  0.0527  0.0534  0.0506  0.0508  0.0481
  0.0493  0.0490  0.0463  0.0482  0.0469  0.0464
  0.0458  0.0458  0.0455  0.0454  0.0458  0.0457
  0.0488  0.0458  0.0495  0.0462  0.0476  0.0460
  0.0576  0.0500  0.0572  0.0504  0.0513  0.0480
  0.0676  0.0573  0.0656  0.0562  0.0563  0.0508
   -3.1222   19.5392    1.1031  -15.9674    0.8030    0.8854
eta,q 0.95426 14.90884

---------------------------------------------------------------------
imgreg_4dfp /opt/freesurfer/average/711-2C_as_mni_average_305 /opt/freesurfer/average/711-2B_as_mni_average_305_mask talsrcimg_g11 none talsrcimg_to_711-2C_as_mni_average_305_t4 3335
---------------------------------------------------------------------

freesurfer imgreg_4dfp.c
/opt/freesurfer/average/711-2C_as_mni_average_305.4dfp.img
       256       256       256         1
  1.000000  1.000000  1.000000
orientation T byte_order littleendian
Reading image: /opt/freesurfer/average/711-2C_as_mni_average_305.4dfp.img
dimensions:      256       256       256
mmppix:       1.0000   -1.0000   -1.0000
center:     128.0000 -129.0000 -129.0000
/opt/freesurfer/average/711-2B_as_mni_average_305_mask.4dfp.img
       256       256       256         1
  1.000000  1.000000  1.000000
orientation T byte_order littleendian
Reading mask: /opt/freesurfer/average/711-2B_as_mni_average_305_mask.4dfp.img (2306576 pixels)
talsrcimg_g11.4dfp.img
       256       256       256         1
  1.000000  1.000000  1.000000
orientation T byte_order littleendian
Reading image: talsrcimg_g11.4dfp.img
dimensions:      256       256       256
mmppix:       1.0000   -1.0000   -1.0000
center:     128.0000 -129.0000 -129.0000
fimgreg.f
image alignment mode   3335 decimal      D07 hex
parameters
   -3.1222   19.5392    1.1031   -0.0218   -3.8637   -3.8676
   -1.1001   -1.7724    1.5451   27.4849    1.4015  -27.5063
eta,q 0.95281 14.91074
niter,ni,del,rscale     5    3    5.0000    1.2000
parameter  4  1.277636 ->  0.500000 qaram    1.1500
parameter  5  7.946620 ->  0.500000 qaram    1.1500
parameter 10  0.536796 ->  0.500000 qaram    1.1500
parameter 12 -0.645612 -> -0.500000 qaram    1.1500
parameters
   -2.8054   19.2491    1.0117   -4.1618   -8.0037   -6.8840
   -0.6934   -1.7114    0.7305   23.3449   -1.2433  -23.3663
eta,q 0.97130 14.80185
  0.0525  0.0484  0.0497  0.0392  0.0265  0.0313  0.0346  0.0363  0.0324  0.0302  0.0299  0.0338
  0.0499  0.0476  0.0481  0.0401  0.0296  0.0307  0.0325  0.0331  0.0312  0.0296  0.0295  0.0319
  0.0481  0.0472  0.0473  0.0425  0.0344  0.0305  0.0311  0.0312  0.0306  0.0298  0.0294  0.0304
  0.0472  0.0471  0.0471  0.0471  0.0406  0.0307  0.0305  0.0305  0.0305  0.0304  0.0296  0.0294
  0.0473  0.0474  0.0475  0.0534  0.0471  0.0327  0.0308  0.0311  0.0309  0.0321  0.0300  0.0289
  0.0483  0.0482  0.0485  0.0600  0.0526  0.0373  0.0319  0.0330  0.0320  0.0349  0.0306  0.0287
  0.0504  0.0492  0.0500  0.0663  0.0567  0.0438  0.0338  0.0361  0.0335  0.0381  0.0315  0.0288
niter,ni,del,rscale     7    3    5.0000    1.2000
parameter  5  0.972743 ->  0.500000 qaram    1.3225
parameters
   -2.7129   20.0923    1.0318   -8.0072  -12.7647   -6.8822
    0.1482   -1.6238    0.8695   23.8389   -2.2461  -26.4336
eta,q 0.97755 14.51815
  0.0330  0.0340  0.0298  0.0285  0.0226  0.0250  0.0263  0.0272  0.0251  0.0275  0.0235  0.0233
  0.0308  0.0316  0.0290  0.0277  0.0228  0.0239  0.0247  0.0249  0.0239  0.0253  0.0230  0.0226
  0.0293  0.0298  0.0285  0.0275  0.0239  0.0232  0.0235  0.0235  0.0232  0.0238  0.0228  0.0225
  0.0287  0.0287  0.0282  0.0282  0.0275  0.0229  0.0229  0.0229  0.0229  0.0229  0.0228  0.0228
  0.0290  0.0282  0.0284  0.0310  0.0334  0.0228  0.0230  0.0233  0.0231  0.0229  0.0230  0.0234
  0.0303  0.0286  0.0289  0.0367  0.0399  0.0232  0.0237  0.0247  0.0237  0.0243  0.0234  0.0242
  0.0325  0.0297  0.0298  0.0438  0.0452  0.0255  0.0251  0.0270  0.0250  0.0269  0.0240  0.0252
niter,ni,del,rscale     7    3    5.0000    1.2000
parameter  2 -0.610267 -> -0.500000 qaram    1.1500
parameters
   -2.5491   21.4723    1.4590   -8.3207  -17.2282   -6.3943
    0.0616   -1.7816    0.6352   25.6747   -2.8802  -28.5781
eta,q 0.98018 14.35317
  0.0264  0.0290  0.0232  0.0249  0.0219  0.0231  0.0229  0.0244  0.0225  0.0260  0.0209  0.0209
  0.0244  0.0264  0.0222  0.0233  0.0206  0.0217  0.0215  0.0222  0.0213  0.0234  0.0204  0.0202
  0.0230  0.0241  0.0215  0.0220  0.0202  0.0207  0.0205  0.0207  0.0205  0.0214  0.0201  0.0198
  0.0224  0.0224  0.0211  0.0211  0.0211  0.0203  0.0202  0.0202  0.0202  0.0202  0.0200  0.0200
  0.0227  0.0214  0.0211  0.0210  0.0251  0.0202  0.0206  0.0208  0.0206  0.0201  0.0202  0.0206
  0.0237  0.0212  0.0214  0.0225  0.0323  0.0206  0.0215  0.0224  0.0215  0.0208  0.0207  0.0215
  0.0255  0.0219  0.0222  0.0268  0.0398  0.0228  0.0230  0.0248  0.0228  0.0226  0.0213  0.0225
niter,ni,del,rscale     7    3    5.0000    1.2000
parameters
   -2.4770   22.1999    1.6492   -7.6281  -18.8274   -6.1498
    0.1019   -1.7093    0.7334   26.2790   -3.0478  -29.4383
eta,q 0.98052 14.33844
  0.0237  0.0257  0.0214  0.0239  0.0237  0.0227  0.0223  0.0242  0.0220  0.0243  0.0206  0.0210
  0.0217  0.0230  0.0205  0.0221  0.0216  0.0212  0.0208  0.0216  0.0207  0.0219  0.0201  0.0201
  0.0203  0.0210  0.0199  0.0206  0.0200  0.0201  0.0199  0.0201  0.0198  0.0202  0.0197  0.0196
  0.0198  0.0198  0.0195  0.0195  0.0193  0.0196  0.0195  0.0195  0.0195  0.0195  0.0195  0.0195
  0.0202  0.0195  0.0196  0.0191  0.0199  0.0194  0.0198  0.0200  0.0198  0.0198  0.0197  0.0199
  0.0213  0.0201  0.0201  0.0200  0.0237  0.0202  0.0208  0.0216  0.0206  0.0210  0.0201  0.0207
  0.0233  0.0217  0.0210  0.0235  0.0309  0.0229  0.0223  0.0240  0.0219  0.0231  0.0208  0.0217
niter,ni,del,rscale     6    3    5.0000    1.2000
parameters
   -2.4467   22.3079    1.6352   -7.6610  -19.1731   -6.1469
    0.1259   -1.6959    0.7680   26.4395   -3.0901  -29.7193
eta,q 0.98044 14.32428
  0.0233  0.0236  0.0211  0.0235  0.0247  0.0226  0.0223  0.0242  0.0220  0.0238  0.0207  0.0213
  0.0212  0.0214  0.0203  0.0218  0.0225  0.0211  0.0209  0.0216  0.0207  0.0216  0.0201  0.0203
  0.0199  0.0200  0.0197  0.0205  0.0206  0.0200  0.0199  0.0201  0.0199  0.0201  0.0197  0.0197
  0.0195  0.0195  0.0195  0.0195  0.0195  0.0196  0.0196  0.0196  0.0196  0.0196  0.0196  0.0196
  0.0199  0.0198  0.0196  0.0193  0.0193  0.0194  0.0199  0.0201  0.0198  0.0200  0.0197  0.0199
  0.0211  0.0210  0.0202  0.0207  0.0214  0.0204  0.0208  0.0217  0.0206  0.0213  0.0201  0.0206
  0.0231  0.0230  0.0213  0.0248  0.0274  0.0233  0.0223  0.0241  0.0220  0.0235  0.0208  0.0215
niter,ni,del,rscale     5    3    5.0000    1.2000
parameters
   -2.4429   22.3294    1.6298   -7.6488  -19.2197   -6.1412
    0.1317   -1.6940    0.7768   26.4808   -3.0823  -29.7820
eta,q 0.98044 14.32489
  0.0233  0.0234  0.0212  0.0236  0.0250  0.0227  0.0223  0.0242  0.0220  0.0237  0.0207  0.0214
  0.0213  0.0213  0.0204  0.0219  0.0227  0.0212  0.0209  0.0216  0.0207  0.0215  0.0202  0.0204
  0.0200  0.0200  0.0198  0.0206  0.0208  0.0201  0.0199  0.0201  0.0199  0.0200  0.0197  0.0198
  0.0196  0.0196  0.0196  0.0196  0.0196  0.0196  0.0196  0.0196  0.0196  0.0196  0.0196  0.0196
  0.0200  0.0200  0.0197  0.0194  0.0193  0.0194  0.0199  0.0201  0.0198  0.0201  0.0197  0.0198
  0.0212  0.0212  0.0203  0.0207  0.0210  0.0204  0.0208  0.0217  0.0207  0.0214  0.0201  0.0205
  0.0233  0.0232  0.0213  0.0248  0.0268  0.0233  0.0223  0.0241  0.0220  0.0236  0.0208  0.0214
registration optimization eta report
parameter search radius
    2.4000    2.7600    2.4000    8.2800    9.5220    7.2000
    7.2000    7.2000    7.2000    8.2800    7.2000    8.2800
100000*second partial in parameter space
       64.       49.       30.        7.        7.        7.
        5.        9.        5.        6.        2.        3.
  0.0233  0.0234  0.0212  0.0236  0.0250  0.0227  0.0223  0.0242  0.0220  0.0237  0.0207  0.0214
  0.0213  0.0213  0.0204  0.0219  0.0227  0.0212  0.0209  0.0216  0.0207  0.0215  0.0202  0.0204
  0.0200  0.0200  0.0198  0.0206  0.0208  0.0201  0.0199  0.0201  0.0199  0.0200  0.0197  0.0198
  0.0196  0.0196  0.0196  0.0196  0.0196  0.0196  0.0196  0.0196  0.0196  0.0196  0.0196  0.0196
  0.0200  0.0200  0.0197  0.0194  0.0193  0.0194  0.0199  0.0201  0.0198  0.0201  0.0197  0.0198
  0.0212  0.0212  0.0203  0.0207  0.0210  0.0204  0.0208  0.0217  0.0207  0.0214  0.0201  0.0205
  0.0233  0.0232  0.0213  0.0248  0.0268  0.0233  0.0223  0.0241  0.0220  0.0236  0.0208  0.0214
   -2.4429   22.3294    1.6298   -7.6488  -19.2197   -6.1412
    0.1317   -1.6940    0.7768   26.4808   -3.0823  -29.7820
eta,q 0.98044 14.32489

---------------------------------------------------------------------
imgreg_4dfp /opt/freesurfer/average/711-2C_as_mni_average_305 /opt/freesurfer/average/711-2B_as_mni_average_305_mask talsrcimg_g11 none talsrcimg_to_711-2C_as_mni_average_305_t4 2311
---------------------------------------------------------------------

freesurfer imgreg_4dfp.c
/opt/freesurfer/average/711-2C_as_mni_average_305.4dfp.img
       256       256       256         1
  1.000000  1.000000  1.000000
orientation T byte_order littleendian
Reading image: /opt/freesurfer/average/711-2C_as_mni_average_305.4dfp.img
dimensions:      256       256       256
mmppix:       1.0000   -1.0000   -1.0000
center:     128.0000 -129.0000 -129.0000
/opt/freesurfer/average/711-2B_as_mni_average_305_mask.4dfp.img
       256       256       256         1
  1.000000  1.000000  1.000000
orientation T byte_order littleendian
Reading mask: /opt/freesurfer/average/711-2B_as_mni_average_305_mask.4dfp.img (2306576 pixels)
talsrcimg_g11.4dfp.img
       256       256       256         1
  1.000000  1.000000  1.000000
orientation T byte_order littleendian
Reading image: talsrcimg_g11.4dfp.img
dimensions:      256       256       256
mmppix:       1.0000   -1.0000   -1.0000
center:     128.0000 -129.0000 -129.0000
fimgreg.f
image alignment mode   2311 decimal      907 hex
parameters
   -2.4429   22.3294    1.6298   -7.6488  -19.2197   -6.1411
    0.1317   -1.6940    0.7768   26.4808   -3.0823  -29.7820
eta,q 0.98044 14.32489
niter,ni,del,rscale     5    3    5.0000    0.8000
parameters
   -2.4375   22.3268    1.6810   -6.1725  -17.3016   -5.3246
    0.1429   -1.5518    0.7292   26.6188   -2.8352  -29.1491
eta,q 0.98106 14.56879
  0.0213  0.0209  0.0204  0.0215  0.0215  0.0207  0.0204  0.0214  0.0201  0.0206  0.0197  0.0199
  0.0203  0.0201  0.0200  0.0207  0.0206  0.0199  0.0196  0.0200  0.0195  0.0197  0.0193  0.0194
  0.0198  0.0197  0.0197  0.0201  0.0198  0.0193  0.0192  0.0192  0.0191  0.0192  0.0191  0.0191
  0.0196  0.0196  0.0196  0.0196  0.0193  0.0190  0.0190  0.0190  0.0190  0.0190  0.0190  0.0190
  0.0198  0.0197  0.0196  0.0193  0.0191  0.0189  0.0191  0.0192  0.0191  0.0191  0.0190  0.0190
  0.0203  0.0201  0.0199  0.0195  0.0191  0.0191  0.0196  0.0199  0.0195  0.0196  0.0192  0.0192
  0.0212  0.0209  0.0203  0.0202  0.0196  0.0200  0.0204  0.0211  0.0202  0.0204  0.0195  0.0195
niter,ni,del,rscale     4    3    5.0000    0.7000
parameters
   -2.4511   22.2950    1.3520   -6.2840  -17.3830   -5.2507
    0.2720   -1.5758    0.8295   26.7377   -2.7761  -29.5697
eta,q 0.98109 14.58344
  0.0203  0.0200  0.0193  0.0202  0.0201  0.0199  0.0201  0.0207  0.0199  0.0201  0.0194  0.0194
  0.0196  0.0194  0.0190  0.0196  0.0195  0.0194  0.0195  0.0197  0.0194  0.0195  0.0191  0.0191
  0.0191  0.0191  0.0189  0.0191  0.0191  0.0191  0.0191  0.0191  0.0190  0.0191  0.0190  0.0189
  0.0189  0.0189  0.0189  0.0189  0.0189  0.0189  0.0189  0.0189  0.0189  0.0189  0.0189  0.0189
  0.0191  0.0191  0.0191  0.0190  0.0189  0.0188  0.0190  0.0191  0.0190  0.0190  0.0190  0.0190
  0.0196  0.0194  0.0194  0.0195  0.0194  0.0191  0.0194  0.0197  0.0193  0.0194  0.0191  0.0192
  0.0204  0.0201  0.0199  0.0206  0.0205  0.0201  0.0200  0.0207  0.0198  0.0200  0.0194  0.0196
niter,ni,del,rscale     3    3    5.0000    0.6000
parameters
   -2.4454   22.2999    1.2867   -6.1162  -17.2577   -4.9760
    0.3089   -1.5553    0.8491   26.8727   -2.6856  -29.6328
eta,q 0.98116 14.61979
  0.0200  0.0197  0.0193  0.0200  0.0198  0.0196  0.0197  0.0202  0.0195  0.0197  0.0192  0.0192
  0.0194  0.0193  0.0191  0.0195  0.0194  0.0193  0.0193  0.0194  0.0192  0.0193  0.0190  0.0190
  0.0190  0.0190  0.0189  0.0191  0.0191  0.0191  0.0190  0.0190  0.0189  0.0190  0.0189  0.0189
  0.0189  0.0189  0.0189  0.0189  0.0189  0.0189  0.0188  0.0188  0.0188  0.0188  0.0188  0.0188
  0.0190  0.0190  0.0190  0.0189  0.0189  0.0188  0.0189  0.0190  0.0189  0.0189  0.0189  0.0189
  0.0194  0.0192  0.0192  0.0192  0.0191  0.0189  0.0192  0.0194  0.0191  0.0192  0.0190  0.0190
  0.0199  0.0197  0.0194  0.0199  0.0199  0.0196  0.0197  0.0201  0.0195  0.0196  0.0192  0.0193
niter,ni,del,rscale     2    3    5.0000    0.5000
parameters
   -2.4548   22.2932    1.2100   -5.9737  -17.1131   -4.7085
    0.3506   -1.5159    0.8844   26.9725   -2.5745  -29.6958
eta,q 0.98122 14.65414
  0.0196  0.0194  0.0191  0.0196  0.0195  0.0194  0.0194  0.0198  0.0193  0.0194  0.0191  0.0191
  0.0192  0.0191  0.0190  0.0193  0.0192  0.0192  0.0191  0.0192  0.0190  0.0191  0.0189  0.0189
  0.0189  0.0189  0.0189  0.0190  0.0190  0.0190  0.0189  0.0189  0.0188  0.0189  0.0188  0.0188
  0.0188  0.0188  0.0188  0.0188  0.0188  0.0188  0.0188  0.0188  0.0188  0.0188  0.0188  0.0188
  0.0189  0.0189  0.0189  0.0189  0.0188  0.0187  0.0188  0.0189  0.0188  0.0188  0.0188  0.0188
  0.0192  0.0191  0.0190  0.0191  0.0190  0.0189  0.0190  0.0192  0.0190  0.0190  0.0189  0.0189
  0.0196  0.0194  0.0192  0.0196  0.0195  0.0194  0.0194  0.0197  0.0193  0.0193  0.0190  0.0191
niter,ni,del,rscale     1    3    5.0000    0.4000
parameters
   -2.4664   22.2808    1.1282   -5.8569  -16.9750   -4.4228
    0.3875   -1.4756    0.9110   27.0695   -2.4560  -29.7539
eta,q 0.98127 14.68590
  0.0192  0.0191  0.0190  0.0193  0.0192  0.0192  0.0191  0.0194  0.0191  0.0191  0.0189  0.0189
  0.0190  0.0189  0.0189  0.0191  0.0190  0.0191  0.0189  0.0190  0.0189  0.0189  0.0188  0.0188
  0.0188  0.0188  0.0188  0.0189  0.0189  0.0189  0.0188  0.0188  0.0188  0.0188  0.0188  0.0188
  0.0188  0.0188  0.0188  0.0188  0.0188  0.0188  0.0187  0.0187  0.0187  0.0187  0.0187  0.0187
  0.0188  0.0188  0.0188  0.0188  0.0188  0.0187  0.0188  0.0188  0.0188  0.0188  0.0187  0.0188
  0.0190  0.0189  0.0189  0.0189  0.0189  0.0188  0.0189  0.0190  0.0189  0.0189  0.0188  0.0188
  0.0193  0.0192  0.0191  0.0193  0.0192  0.0191  0.0191  0.0193  0.0190  0.0191  0.0189  0.0189
registration optimization eta report
parameter search radius
    0.8000    0.8000    0.8000    2.4000    2.4000    2.4000
    2.4000    2.4000    2.4000    2.4000    2.4000    2.4000
100000*second partial in parameter space
       75.       56.       37.        9.        7.        7.
        7.       11.        6.        7.        3.        3.
  0.0192  0.0191  0.0190  0.0193  0.0192  0.0192  0.0191  0.0194  0.0191  0.0191  0.0189  0.0189
  0.0190  0.0189  0.0189  0.0191  0.0190  0.0191  0.0189  0.0190  0.0189  0.0189  0.0188  0.0188
  0.0188  0.0188  0.0188  0.0189  0.0189  0.0189  0.0188  0.0188  0.0188  0.0188  0.0188  0.0188
  0.0188  0.0188  0.0188  0.0188  0.0188  0.0188  0.0187  0.0187  0.0187  0.0187  0.0187  0.0187
  0.0188  0.0188  0.0188  0.0188  0.0188  0.0187  0.0188  0.0188  0.0188  0.0188  0.0187  0.0188
  0.0190  0.0189  0.0189  0.0189  0.0189  0.0188  0.0189  0.0190  0.0189  0.0189  0.0188  0.0188
  0.0193  0.0192  0.0191  0.0193  0.0192  0.0191  0.0191  0.0193  0.0190  0.0191  0.0189  0.0189
   -2.4664   22.2808    1.1282   -5.8569  -16.9750   -4.4228
    0.3875   -1.4756    0.9110   27.0695   -2.4560  -29.7539
eta,q 0.98127 14.68590

---------------------------------------------------------------------
imgreg_4dfp /opt/freesurfer/average/711-2C_as_mni_average_305 /opt/freesurfer/average/711-2B_as_mni_average_305_mask talsrcimg_g11 none talsrcimg_to_711-2C_as_mni_average_305_t4 2311
---------------------------------------------------------------------

freesurfer imgreg_4dfp.c
/opt/freesurfer/average/711-2C_as_mni_average_305.4dfp.img
       256       256       256         1
  1.000000  1.000000  1.000000
orientation T byte_order littleendian
Reading image: /opt/freesurfer/average/711-2C_as_mni_average_305.4dfp.img
dimensions:      256       256       256
mmppix:       1.0000   -1.0000   -1.0000
center:     128.0000 -129.0000 -129.0000
/opt/freesurfer/average/711-2B_as_mni_average_305_mask.4dfp.img
       256       256       256         1
  1.000000  1.000000  1.000000
orientation T byte_order littleendian
Reading mask: /opt/freesurfer/average/711-2B_as_mni_average_305_mask.4dfp.img (2306576 pixels)
talsrcimg_g11.4dfp.img
       256       256       256         1
  1.000000  1.000000  1.000000
orientation T byte_order littleendian
Reading image: talsrcimg_g11.4dfp.img
dimensions:      256       256       256
mmppix:       1.0000   -1.0000   -1.0000
center:     128.0000 -129.0000 -129.0000
fimgreg.f
image alignment mode   2311 decimal      907 hex
parameters
   -2.4664   22.2808    1.1282   -5.8569  -16.9750   -4.4228
    0.3875   -1.4756    0.9110   27.0695   -2.4560  -29.7539
eta,q 0.98127 14.68589
niter,ni,del,rscale     5    3    5.0000    0.8000
parameters
   -2.4910   22.2258    1.0722   -6.4298  -17.5181   -5.3550
    0.3332   -1.6050    0.9007   26.8596   -2.7589  -29.9177
eta,q 0.98103 14.58039
  0.0206  0.0201  0.0197  0.0203  0.0202  0.0199  0.0204  0.0211  0.0201  0.0203  0.0195  0.0196
  0.0196  0.0193  0.0191  0.0195  0.0195  0.0194  0.0196  0.0199  0.0195  0.0195  0.0192  0.0193
  0.0189  0.0189  0.0188  0.0190  0.0190  0.0191  0.0192  0.0191  0.0191  0.0191  0.0190  0.0190
  0.0187  0.0187  0.0187  0.0187  0.0188  0.0188  0.0190  0.0190  0.0190  0.0190  0.0190  0.0190
  0.0190  0.0189  0.0189  0.0189  0.0189  0.0190  0.0191  0.0193  0.0191  0.0192  0.0191  0.0191
  0.0196  0.0194  0.0192  0.0199  0.0197  0.0201  0.0196  0.0201  0.0195  0.0197  0.0193  0.0193
  0.0207  0.0203  0.0198  0.0218  0.0215  0.0223  0.0205  0.0213  0.0201  0.0206  0.0197  0.0197
niter,ni,del,rscale     4    3    5.0000    0.7000
parameters
   -2.4413   22.2984    1.2626   -6.2713  -17.4522   -5.2201
    0.2894   -1.5942    0.8665   26.8449   -2.7907  -29.7367
eta,q 0.98110 14.58952
  0.0205  0.0201  0.0198  0.0204  0.0202  0.0200  0.0200  0.0207  0.0198  0.0200  0.0194  0.0195
  0.0197  0.0195  0.0194  0.0197  0.0196  0.0195  0.0194  0.0197  0.0193  0.0194  0.0191  0.0192
  0.0192  0.0191  0.0191  0.0192  0.0192  0.0192  0.0190  0.0191  0.0190  0.0190  0.0190  0.0190
  0.0190  0.0190  0.0190  0.0189  0.0189  0.0189  0.0189  0.0189  0.0189  0.0189  0.0189  0.0189
  0.0191  0.0190  0.0190  0.0189  0.0189  0.0188  0.0190  0.0191  0.0190  0.0190  0.0190  0.0189
  0.0195  0.0193  0.0191  0.0194  0.0193  0.0191  0.0194  0.0197  0.0193  0.0194  0.0191  0.0191
  0.0203  0.0199  0.0194  0.0204  0.0203  0.0201  0.0201  0.0206  0.0198  0.0201  0.0194  0.0194
niter,ni,del,rscale     3    3    5.0000    0.6000
parameters
   -2.4446   22.3052    1.2573   -6.1185  -17.2720   -4.9751
    0.3090   -1.5509    0.8663   26.8943   -2.6942  -29.6826
eta,q 0.98116 14.62129
  0.0199  0.0197  0.0194  0.0200  0.0198  0.0197  0.0197  0.0202  0.0195  0.0197  0.0192  0.0193
  0.0194  0.0193  0.0191  0.0195  0.0194  0.0193  0.0192  0.0194  0.0192  0.0192  0.0190  0.0190
  0.0190  0.0190  0.0190  0.0191  0.0191  0.0191  0.0189  0.0190  0.0189  0.0189  0.0189  0.0189
  0.0189  0.0189  0.0189  0.0189  0.0189  0.0189  0.0188  0.0188  0.0188  0.0188  0.0188  0.0188
  0.0190  0.0190  0.0190  0.0189  0.0189  0.0188  0.0189  0.0190  0.0189  0.0189  0.0189  0.0189
  0.0194  0.0192  0.0191  0.0192  0.0191  0.0189  0.0192  0.0194  0.0191  0.0192  0.0190  0.0190
  0.0200  0.0197  0.0194  0.0199  0.0198  0.0197  0.0197  0.0201  0.0195  0.0197  0.0192  0.0192
niter,ni,del,rscale     2    3    5.0000    0.5000
parameters
   -2.4537   22.2959    1.2011   -5.9715  -17.1110   -4.7043
    0.3512   -1.5153    0.8815   26.9772   -2.5833  -29.7129
eta,q 0.98122 14.65519
  0.0196  0.0194  0.0192  0.0196  0.0195  0.0194  0.0194  0.0198  0.0193  0.0194  0.0191  0.0191
  0.0192  0.0191  0.0190  0.0193  0.0192  0.0192  0.0191  0.0192  0.0190  0.0191  0.0189  0.0189
  0.0189  0.0189  0.0189  0.0190  0.0190  0.0190  0.0189  0.0189  0.0188  0.0189  0.0188  0.0188
  0.0188  0.0188  0.0188  0.0188  0.0188  0.0188  0.0188  0.0188  0.0188  0.0188  0.0188  0.0188
  0.0189  0.0189  0.0189  0.0189  0.0188  0.0187  0.0188  0.0189  0.0188  0.0188  0.0188  0.0188
  0.0192  0.0191  0.0190  0.0191  0.0190  0.0189  0.0190  0.0192  0.0190  0.0190  0.0189  0.0189
  0.0196  0.0194  0.0192  0.0196  0.0195  0.0194  0.0194  0.0197  0.0193  0.0193  0.0190  0.0191
niter,ni,del,rscale     1    3    5.0000    0.4000
parameters
   -2.4660   22.2808    1.1256   -5.8578  -16.9771   -4.4261
    0.3966   -1.4788    0.9014   27.0643   -2.4554  -29.7553
eta,q 0.98127 14.68550
  0.0192  0.0191  0.0190  0.0193  0.0192  0.0192  0.0191  0.0194  0.0191  0.0191  0.0189  0.0189
  0.0190  0.0189  0.0189  0.0191  0.0190  0.0190  0.0189  0.0190  0.0189  0.0189  0.0188  0.0188
  0.0188  0.0188  0.0188  0.0189  0.0189  0.0189  0.0188  0.0188  0.0188  0.0188  0.0188  0.0188
  0.0188  0.0188  0.0188  0.0188  0.0188  0.0188  0.0187  0.0187  0.0187  0.0187  0.0187  0.0187
  0.0188  0.0188  0.0188  0.0188  0.0188  0.0187  0.0188  0.0188  0.0188  0.0188  0.0187  0.0188
  0.0190  0.0189  0.0189  0.0189  0.0189  0.0188  0.0189  0.0190  0.0189  0.0189  0.0188  0.0188
  0.0193  0.0192  0.0191  0.0193  0.0192  0.0191  0.0191  0.0193  0.0191  0.0191  0.0189  0.0189
registration optimization eta report
parameter search radius
    0.8000    0.8000    0.8000    2.4000    2.4000    2.4000
    2.4000    2.4000    2.4000    2.4000    2.4000    2.4000
100000*second partial in parameter space
       74.       56.       36.        9.        8.        7.
        7.       11.        6.        7.        3.        3.
  0.0192  0.0191  0.0190  0.0193  0.0192  0.0192  0.0191  0.0194  0.0191  0.0191  0.0189  0.0189
  0.0190  0.0189  0.0189  0.0191  0.0190  0.0190  0.0189  0.0190  0.0189  0.0189  0.0188  0.0188
  0.0188  0.0188  0.0188  0.0189  0.0189  0.0189  0.0188  0.0188  0.0188  0.0188  0.0188  0.0188
  0.0188  0.0188  0.0188  0.0188  0.0188  0.0188  0.0187  0.0187  0.0187  0.0187  0.0187  0.0187
  0.0188  0.0188  0.0188  0.0188  0.0188  0.0187  0.0188  0.0188  0.0188  0.0188  0.0187  0.0188
  0.0190  0.0189  0.0189  0.0189  0.0189  0.0188  0.0189  0.0190  0.0189  0.0189  0.0188  0.0188
  0.0193  0.0192  0.0191  0.0193  0.0192  0.0191  0.0191  0.0193  0.0191  0.0191  0.0189  0.0189
   -2.4660   22.2808    1.1256   -5.8578  -16.9771   -4.4261
    0.3966   -1.4788    0.9014   27.0643   -2.4554  -29.7553
eta,q 0.98127 14.68550

---------------------------------------------------------------------
compute_vox2vox talsrcimg talsrcimg_to_711-2C_as_mni_average_305_t4 /opt/freesurfer/average/711-2C_as_mni_average_305
---------------------------------------------------------------------

freesurfer compute_vox2vox.c
Reading: talsrcimg.4dfp.ifh
Reading: talsrcimg_to_711-2C_as_mni_average_305_t4
Reading: /opt/freesurfer/average/711-2C_as_mni_average_305.4dfp.ifh
Writing: talsrcimg_to_711-2C_as_mni_average_305_t4_vox2vox.txt

start time Wed Mar 11 14:44:20 CET 2026
end		time Wed Mar 11 14:45:46 CET 2026

mpr2mni305 success

avi2talxfm orig_nu.mgz /opt/freesurfer/average/mni305.cor.mgz talsrcimg_to_711-2C_as_mni_average_305_t4_vox2vox.txt transforms/talairach.auto.xfm
avi2talxfm done
mv -f /out/sourcedata/freesurfer/sub-v2s18x29525_ses-1/mri/talsrcimg_to_711-2C_as_mni_average_305_t4_vox2vox.txt /out/sourcedata/freesurfer/sub-v2s18x29525_ses-1/mri/transforms/talsrcimg_to_711-2C_as_mni_average_305_t4_vox2vox.txt
lta_convert --src orig_nu.mgz --trg /opt/freesurfer/average/mni305.cor.mgz --inxfm transforms/talairach.auto.xfm --outlta transforms/talairach.auto.xfm.lta --subject fsaverage
7.3.2

--src: orig_nu.mgz src image (geometry).
--trg: /opt/freesurfer/average/mni305.cor.mgz trg image (geometry).
--inmni: transforms/talairach.auto.xfm input MNI/XFM transform.
--outlta: transforms/talairach.auto.xfm.lta output LTA.
--s: fsaverage subject name
 LTA read, type : 1
 1.06264   0.01623   0.00074   1.38689;
 0.02152   0.95023   0.34046  -42.07327;
-0.01855  -0.30994   1.09349  -9.18025;
 0.00000   0.00000   0.00000   1.00000;
setting subject to fsaverage
Writing  LTA to file transforms/talairach.auto.xfm.lta...
lta_convert successful.
 
 
Started at Wed Mar 11 14:44:20 CET 2026
Ended   at Wed Mar 11 14:45:46 CET 2026
talairach_avi done
