status file for recon-all
Wed Mar 11 13:17:31 CET 2026
#@# MotionCor Wed Mar 11 13:17:38 CET 2026
#@# Talairach Wed Mar 11 13:17:57 CET 2026
#@# Talairach Failure Detection Wed Mar 11 13:22:23 CET 2026
#@# Nu Intensity Correction Wed Mar 11 13:22:23 CET 2026
#@# Intensity Normalization Wed Mar 11 13:25:39 CET 2026
recon-all -s sub-v2s18x29495_ses-1 finished without error at Wed Mar 11 13:27:09 CET 2026



#New# invocation of recon-all 



status file for recon-all
Wed Mar 11 13:38:38 CET 2026
#@# EM Registration Wed Mar 11 13:38:38 CET 2026
recon-all -s sub-v2s18x29495_ses-1 finished without error at Wed Mar 11 13:41:22 CET 2026



#New# invocation of recon-all 



status file for recon-all
Wed Mar 11 13:41:24 CET 2026
#@# CA Normalize Wed Mar 11 13:41:24 CET 2026
#@# CA Reg Wed Mar 11 13:42:44 CET 2026
#@# SubCort Seg Wed Mar 11 14:38:53 CET 2026
#@# CC Seg Wed Mar 11 15:06:49 CET 2026
#@# Merge ASeg Wed Mar 11 15:07:26 CET 2026
#@# Intensity Normalization2 Wed Mar 11 15:07:26 CET 2026
#@# Mask BFS Wed Mar 11 15:09:40 CET 2026
#@# WM Segmentation Wed Mar 11 15:09:41 CET 2026
#@# Fill Wed Mar 11 15:11:33 CET 2026
recon-all -s sub-v2s18x29495_ses-1 finished without error at Wed Mar 11 15:12:38 CET 2026



#New# invocation of recon-all 



status file for recon-all
Wed Mar 11 16:00:25 CET 2026
#@# white curv lh Wed Mar 11 16:00:25 CET 2026
#@# white area lh Wed Mar 11 16:00:25 CET 2026
#@# pial curv lh Wed Mar 11 16:00:26 CET 2026
#@# pial area lh Wed Mar 11 16:00:26 CET 2026
#@# thickness lh Wed Mar 11 16:00:26 CET 2026
#@# area and vertex vol lh Wed Mar 11 16:00:26 CET 2026
#@# white curv rh Wed Mar 11 16:00:26 CET 2026
#@# white area rh Wed Mar 11 16:00:26 CET 2026
#@# pial curv rh Wed Mar 11 16:00:26 CET 2026
#@# pial area rh Wed Mar 11 16:00:26 CET 2026
#@# thickness rh Wed Mar 11 16:00:26 CET 2026
#@# area and vertex vol rh Wed Mar 11 16:00:26 CET 2026
#@# Cortical ribbon mask Wed Mar 11 16:00:26 CET 2026
recon-all -s sub-v2s18x29495_ses-1 finished without error at Wed Mar 11 16:06:32 CET 2026



#New# invocation of recon-all 



status file for recon-all
Wed Mar 11 16:13:58 CET 2026
#@# white curv lh Wed Mar 11 16:13:58 CET 2026
#@# white area lh Wed Mar 11 16:13:58 CET 2026
#@# pial curv lh Wed Mar 11 16:13:58 CET 2026
#@# pial area lh Wed Mar 11 16:13:58 CET 2026
#@# thickness lh Wed Mar 11 16:13:58 CET 2026
#@# area and vertex vol lh Wed Mar 11 16:13:58 CET 2026
#@# white curv rh Wed Mar 11 16:13:58 CET 2026
#@# white area rh Wed Mar 11 16:13:58 CET 2026
#@# pial curv rh Wed Mar 11 16:13:58 CET 2026
#@# pial area rh Wed Mar 11 16:13:58 CET 2026
#@# thickness rh Wed Mar 11 16:13:58 CET 2026
#@# area and vertex vol rh Wed Mar 11 16:13:58 CET 2026
#@# Curvature Stats lh Wed Mar 11 16:13:58 CET 2026
#@# Curvature Stats rh Wed Mar 11 16:14:01 CET 2026
#@# Relabel Hypointensities Wed Mar 11 16:14:04 CET 2026
#@# APas-to-ASeg Wed Mar 11 16:14:19 CET 2026
#@# AParc-to-ASeg aparc Wed Mar 11 16:14:29 CET 2026
#@# AParc-to-ASeg aparc.a2009s Wed Mar 11 16:15:09 CET 2026
#@# AParc-to-ASeg aparc.DKTatlas Wed Mar 11 16:15:47 CET 2026
#@# WMParc Wed Mar 11 16:16:22 CET 2026
#@# ASeg Stats Wed Mar 11 16:20:50 CET 2026
recon-all -s sub-v2s18x29495_ses-1 finished without error at Wed Mar 11 16:21:33 CET 2026
