status file for recon-all
Wed Mar 11 15:35:35 CET 2026
#@# Tessellate rh Wed Mar 11 15:35:35 CET 2026
#@# Smooth1 rh Wed Mar 11 15:35:39 CET 2026
#@# Inflation1 rh Wed Mar 11 15:35:41 CET 2026
#@# QSphere rh Wed Mar 11 15:35:54 CET 2026
#@# Fix Topology rh Wed Mar 11 15:37:50 CET 2026
#@# Smooth2 rh Wed Mar 11 15:43:29 CET 2026
#@# Inflation2 rh Wed Mar 11 15:43:32 CET 2026
#@# Curv .H and .K rh Wed Mar 11 15:43:48 CET 2026
#@# Sphere rh Wed Mar 11 15:44:36 CET 2026
#@# Surf Reg rh Wed Mar 11 15:47:08 CET 2026
#@# Jacobian white rh Wed Mar 11 15:51:34 CET 2026
#@# AvgCurv rh Wed Mar 11 15:51:35 CET 2026
#@# Cortical Parc rh Wed Mar 11 15:51:36 CET 2026
#@# white curv rh Wed Mar 11 15:59:05 CET 2026
#@# white area rh Wed Mar 11 15:59:07 CET 2026
#@# pial curv rh Wed Mar 11 15:59:08 CET 2026
#@# pial area rh Wed Mar 11 15:59:10 CET 2026
#@# thickness rh Wed Mar 11 15:59:10 CET 2026
#@# area and vertex vol rh Wed Mar 11 15:59:44 CET 2026
#@# Curvature Stats rh Wed Mar 11 15:59:46 CET 2026
#@# Cortical Parc 2 rh Wed Mar 11 15:59:48 CET 2026
#@# Cortical Parc 3 rh Wed Mar 11 16:00:03 CET 2026
#@# WM/GM Contrast rh Wed Mar 11 16:00:15 CET 2026
recon-all -s sub-v2s18x29495_ses-1 finished without error at Wed Mar 11 16:00:20 CET 2026



#New# invocation of recon-all 



status file for recon-all
Wed Mar 11 16:10:15 CET 2026
#@# white curv rh Wed Mar 11 16:10:15 CET 2026
#@# white area rh Wed Mar 11 16:10:15 CET 2026
#@# pial curv rh Wed Mar 11 16:10:15 CET 2026
#@# pial area rh Wed Mar 11 16:10:15 CET 2026
#@# thickness rh Wed Mar 11 16:10:15 CET 2026
#@# area and vertex vol rh Wed Mar 11 16:10:15 CET 2026
#@# Parcellation Stats rh Wed Mar 11 16:10:15 CET 2026
#@# Parcellation Stats 2 rh Wed Mar 11 16:10:35 CET 2026
#@# Parcellation Stats 3 rh Wed Mar 11 16:10:46 CET 2026
#@# BA_exvivo Labels rh Wed Mar 11 16:10:56 CET 2026
recon-all -s sub-v2s18x29495_ses-1 finished without error at Wed Mar 11 16:13:53 CET 2026
