status file for recon-all
Wed Mar 11 15:12:43 CET 2026
#@# Tessellate lh Wed Mar 11 15:12:43 CET 2026
#@# Smooth1 lh Wed Mar 11 15:12:46 CET 2026
#@# Inflation1 lh Wed Mar 11 15:12:49 CET 2026
#@# QSphere lh Wed Mar 11 15:13:02 CET 2026
#@# Fix Topology lh Wed Mar 11 15:14:16 CET 2026
#@# Smooth2 lh Wed Mar 11 15:20:06 CET 2026
#@# Inflation2 lh Wed Mar 11 15:20:09 CET 2026
#@# Curv .H and .K lh Wed Mar 11 15:20:24 CET 2026
#@# Sphere lh Wed Mar 11 15:21:11 CET 2026
#@# Surf Reg lh Wed Mar 11 15:23:15 CET 2026
#@# Jacobian white lh Wed Mar 11 15:27:23 CET 2026
#@# AvgCurv lh Wed Mar 11 15:27:24 CET 2026
#@# Cortical Parc lh Wed Mar 11 15:27:25 CET 2026
#@# white curv lh Wed Mar 11 15:34:19 CET 2026
#@# white area lh Wed Mar 11 15:34:21 CET 2026
#@# pial curv lh Wed Mar 11 15:34:22 CET 2026
#@# pial area lh Wed Mar 11 15:34:24 CET 2026
#@# thickness lh Wed Mar 11 15:34:25 CET 2026
#@# area and vertex vol lh Wed Mar 11 15:34:58 CET 2026
#@# Curvature Stats lh Wed Mar 11 15:34:59 CET 2026
#@# Cortical Parc 2 lh Wed Mar 11 15:35:02 CET 2026
#@# Cortical Parc 3 lh Wed Mar 11 15:35:17 CET 2026
#@# WM/GM Contrast lh Wed Mar 11 15:35:29 CET 2026
recon-all -s sub-v2s18x29495_ses-1 finished without error at Wed Mar 11 15:35:34 CET 2026



#New# invocation of recon-all 



status file for recon-all
Wed Mar 11 16:06:36 CET 2026
#@# white curv lh Wed Mar 11 16:06:36 CET 2026
#@# white area lh Wed Mar 11 16:06:36 CET 2026
#@# pial curv lh Wed Mar 11 16:06:36 CET 2026
#@# pial area lh Wed Mar 11 16:06:36 CET 2026
#@# thickness lh Wed Mar 11 16:06:36 CET 2026
#@# area and vertex vol lh Wed Mar 11 16:06:36 CET 2026
#@# Parcellation Stats lh Wed Mar 11 16:06:36 CET 2026
#@# Parcellation Stats 2 lh Wed Mar 11 16:06:55 CET 2026
#@# Parcellation Stats 3 lh Wed Mar 11 16:07:05 CET 2026
#@# BA_exvivo Labels lh Wed Mar 11 16:07:15 CET 2026
recon-all -s sub-v2s18x29495_ses-1 finished without error at Wed Mar 11 16:10:11 CET 2026
