/out/sourcedata/freesurfer/sub-v2s18x29501_ses-1/mri
/opt/freesurfer/bin/talairach_avi
--i orig_nu.mgz --xfm transforms/talairach.auto.xfm
talairach_avi 7.3.2
Linux dna034 5.14.0-427.37.1.el9_4.x86_64 #1 SMP PREEMPT_DYNAMIC Fri Sep 13 12:41:50 EDT 2024 x86_64 x86_64 x86_64 GNU/Linux
Wed Mar 11 13:25:17 CET 2026
mri_convert orig_nu.mgz talsrcimg.img 
reading from orig_nu.mgz...
TR=0.00, TE=0.00, TI=0.00, flip angle=0.00
i_ras = (-1, 0, 0)
j_ras = (0, 0, -1)
k_ras = (0, 1, 0)
writing to talsrcimg.img...
Analyze Output Matrix
-1.00000   0.00000   0.00000   126.23551;
 0.00000   0.00000   1.00000  -88.37930;
 0.00000  -1.00000   0.00000   120.00847;
 0.00000   0.00000   0.00000   1.00000;
--------------------
INFO: set hdr.hist.orient to -1
mpr2mni305 talsrcimg
Wed Mar 11 13:25:17 CET 2026
/opt/freesurfer/bin/mpr2mni305 talsrcimg
mpr2mni305 7.3.2
target=711-2C_as_mni_average_305

---------------------------------------------------------------------
analyzeto4dfp talsrcimg -O0 -y
---------------------------------------------------------------------

freesurfer ifh2hdr.c
Wed Mar 11 13:25:18 2026
Writing: talsrcimg.4dfp.hdr
freesurfer analyzeto4dfp.c
Reading: talsrcimg.hdr
header size 348 bytes
hdr.dime.datatype	offset=70	value=2
hdr.dime.bitpix		offset=72	value=8
hdr.hist.orient		offset=252	value=-1
dimensionality     4
dimensions       256       256       256         1
Reading: talsrcimg.img
Writing: talsrcimg.4dfp.img
Writing: talsrcimg.4dfp.ifh
ifh2hdr talsrcimg -r0to199
ori=2

---------------------------------------------------------------------
gauss_4dfp talsrcimg 1.1
---------------------------------------------------------------------

freesurfer gauss_4dfp.c
Reading: talsrcimg.4dfp.img
Writing: talsrcimg_g11.4dfp.img
image dimensions 256 256 256 padded to 288 288 288
processing volume 1freesurfer ifh2hdr.c
Wed Mar 11 13:25:19 2026
Writing: talsrcimg_g11.4dfp.hdr

Writing: talsrcimg_g11.4dfp.ifh
including: talsrcimg.4dfp.img.rec in talsrcimg_g11.4dfp.img.rec

---------------------------------------------------------------------
imgreg_4dfp /opt/freesurfer/average/711-2C_as_mni_average_305 none talsrcimg_g11 none talsrcimg_to_711-2C_as_mni_average_305_t4 4355
---------------------------------------------------------------------

freesurfer imgreg_4dfp.c
/opt/freesurfer/average/711-2C_as_mni_average_305.4dfp.img
       256       256       256         1
  1.000000  1.000000  1.000000
orientation T byte_order littleendian
Reading image: /opt/freesurfer/average/711-2C_as_mni_average_305.4dfp.img
dimensions:      256       256       256
mmppix:       1.0000   -1.0000   -1.0000
center:     128.0000 -129.0000 -129.0000
talsrcimg_g11.4dfp.img
       256       256       256         1
  1.000000  1.000000  1.000000
orientation T byte_order littleendian
Reading image: talsrcimg_g11.4dfp.img
dimensions:      256       256       256
mmppix:       1.0000   -1.0000   -1.0000
center:     128.0000 -129.0000 -129.0000
t4_read: open error in t4_sub.f l:  41 t4_file(1:l)talsrcimg_to_711-2C_as_mni_average_305_t4 
t4_read: transform initialized to I4
rotation matrix determinant  1.000000
image alignment mode   4355 decimal     1103 hex
   -7.5000  -45.0000  -45.0000 7671.9897   17.9331
    0.0000  -45.0000  -45.0000 8006.9937   17.9144
    7.5000  -45.0000  -45.0000 7623.4404   17.9005
   -7.5000  -37.5000  -45.0000 8249.1680   17.6190
    0.0000  -37.5000  -45.0000 8622.4883   17.6045
    7.5000  -37.5000  -45.0000 8206.0605   17.5846
   -7.5000  -30.0000  -45.0000 9207.6133   17.5269
    0.0000  -30.0000  -45.0000 9630.7451   17.5200
    7.5000  -30.0000  -45.0000 9154.0459   17.4943
   -7.5000  -22.5000  -45.000010197.9326   17.4765
    0.0000  -22.5000  -45.000010656.9863   17.4737
    7.5000  -22.5000  -45.000010119.7744   17.4486
   -7.5000  -15.0000  -45.000011115.2158   17.4529
    0.0000  -15.0000  -45.000011617.3975   17.4471
    7.5000  -15.0000  -45.000011008.5322   17.4275
   -7.5000   -7.5000  -45.000011938.6104   17.4517
    0.0000   -7.5000  -45.000012450.7715   17.4380
    7.5000   -7.5000  -45.000011841.9375   17.4238
   -7.5000    0.0000  -45.000012681.1104   17.4504
    0.0000    0.0000  -45.000013255.5801   17.4322
    7.5000    0.0000  -45.000012596.9297   17.4184
   -7.5000    7.5000  -45.000012425.3242   17.4417
    0.0000    7.5000  -45.000012977.6826   17.4273
    7.5000    7.5000  -45.000012336.7197   17.4075
   -7.5000   15.0000  -45.000011975.3115   17.4366
    0.0000   15.0000  -45.000012516.3252   17.4297
    7.5000   15.0000  -45.000011878.4502   17.4039
   -7.5000   22.5000  -45.000011463.6963   17.4353
    0.0000   22.5000  -45.000012015.2500   17.4324
    7.5000   22.5000  -45.000011376.2188   17.4071
   -7.5000   30.0000  -45.000010917.0645   17.2114
    0.0000   30.0000  -45.000011453.4570   17.2056
    7.5000   30.0000  -45.000010840.0303   17.1861
   -7.5000   37.5000  -45.000010602.9746   17.2190
    0.0000   37.5000  -45.000011137.6484   17.2055
    7.5000   37.5000  -45.000010536.3330   17.1915
   -7.5000   45.0000  -45.0000 9768.1504   16.7807
    0.0000   45.0000  -45.000010265.9707   16.7631
    7.5000   45.0000  -45.0000 9708.3379   16.7499
   -7.5000  -45.0000  -37.5000 8070.0122   17.8997
    0.0000  -45.0000  -37.5000 8422.6924   17.8792
    7.5000  -45.0000  -37.5000 8011.1523   17.8641
   -7.5000  -37.5000  -37.5000 8703.6406   17.5896
    0.0000  -37.5000  -37.5000 9090.5010   17.5750
    7.5000  -37.5000  -37.5000 8632.2734   17.5515
   -7.5000  -30.0000  -37.5000 9691.1074   17.5002
    0.0000  -30.0000  -37.500010116.0195   17.4964
    7.5000  -30.0000  -37.5000 9622.7959   17.4662
   -7.5000  -22.5000  -37.500010733.4248   17.4518
    0.0000  -22.5000  -37.500011204.1826   17.4534
    7.5000  -22.5000  -37.500010651.4297   17.4250
   -7.5000  -15.0000  -37.500011702.2588   17.4273
    0.0000  -15.0000  -37.500012190.8652   17.4245
    7.5000  -15.0000  -37.500011608.1631   17.4037
   -7.5000   -7.5000  -37.500012587.5918   17.4217
    0.0000   -7.5000  -37.500013094.0283   17.4079
    7.5000   -7.5000  -37.500012473.1865   17.3937
   -7.5000    0.0000  -37.500013367.9512   17.4188
    0.0000    0.0000  -37.500013938.0488   17.3987
    7.5000    0.0000  -37.500013253.5742   17.3839
   -7.5000    7.5000  -37.500013084.7432   17.4125
    0.0000    7.5000  -37.500013628.5840   17.3980
    7.5000    7.5000  -37.500012971.1533   17.3748
   -7.5000   15.0000  -37.500012600.8926   17.4100
    0.0000   15.0000  -37.500013124.3486   17.4063
    7.5000   15.0000  -37.500012483.7109   17.3761
   -7.5000   22.5000  -37.500012049.7422   17.4104
    0.0000   22.5000  -37.500012587.1777   17.4120
    7.5000   22.5000  -37.500011954.8262   17.3834
   -7.5000   30.0000  -37.500011452.7217   17.1859
    0.0000   30.0000  -37.500011974.2383   17.1831
    7.5000   30.0000  -37.500011378.4551   17.1624
   -7.5000   37.5000  -37.500011141.5723   17.1894
    0.0000   37.5000  -37.500011659.2764   17.1758
    7.5000   37.5000  -37.500011075.4229   17.1617
   -7.5000   45.0000  -37.500010267.4678   16.7503
    0.0000   45.0000  -37.500010751.4170   16.7309
    7.5000   45.0000  -37.500010208.1289   16.7167
   -7.5000  -45.0000  -30.0000 8599.7441   18.6550
    0.0000  -45.0000  -30.0000 8985.0771   18.6329
    7.5000  -45.0000  -30.0000 8520.0391   18.6244
   -7.5000  -37.5000  -30.0000 9283.7578   18.3386
    0.0000  -37.5000  -30.0000 9694.1426   18.3243
    7.5000  -37.5000  -30.0000 9206.3232   18.3031
   -7.5000  -30.0000  -30.000010355.3711   18.2570
    0.0000  -30.0000  -30.000010804.0283   18.2548
    7.5000  -30.0000  -30.000010276.1406   18.2235
   -7.5000  -22.5000  -30.000011456.0576   18.2130
    0.0000  -22.5000  -30.000011948.9736   18.2149
    7.5000  -22.5000  -30.000011358.1777   18.1863
   -7.5000  -15.0000  -30.000012513.1865   18.1831
    0.0000  -15.0000  -30.000013010.9102   18.1790
    7.5000  -15.0000  -30.000012391.3145   18.1611
   -7.5000   -7.5000  -30.000013433.4512   18.1639
    0.0000   -7.5000  -30.000013975.9746   18.1480
    7.5000   -7.5000  -30.000013289.0859   18.1403
   -7.5000    0.0000  -30.000014233.8984   18.1534
    0.0000    0.0000  -30.000014824.2852   18.1318
    7.5000    0.0000  -30.000014100.9111   18.1233
   -7.5000    7.5000  -30.000013927.8838   18.1536
    0.0000    7.5000  -30.000014524.0303   18.1395
    7.5000    7.5000  -30.000013809.2803   18.1184
   -7.5000   15.0000  -30.000013460.4971   18.1629
    0.0000   15.0000  -30.000014039.6074   18.1606
    7.5000   15.0000  -30.000013328.1387   18.1294
   -7.5000   22.5000  -30.000012880.3965   18.1679
    0.0000   22.5000  -30.000013454.6270   18.1698
    7.5000   22.5000  -30.000012768.2900   18.1409
   -7.5000   30.0000  -30.000012170.6592   17.9329
    0.0000   30.0000  -30.000012713.9473   17.9288
    7.5000   30.0000  -30.000012117.4971   17.9109
   -7.5000   37.5000  -30.000011841.1592   17.9234
    0.0000   37.5000  -30.000012348.4258   17.9077
    7.5000   37.5000  -30.000011805.6953   17.9001
   -7.5000   45.0000  -30.000010936.0518   17.4695
    0.0000   45.0000  -30.000011418.7900   17.4487
    7.5000   45.0000  -30.000010895.2695   17.4405
   -7.5000  -45.0000  -22.5000 9109.5146   19.2815
    0.0000  -45.0000  -22.5000 9515.2646   19.2594
    7.5000  -45.0000  -22.5000 9034.1045   19.2601
   -7.5000  -37.5000  -22.5000 9838.0459   18.9577
    0.0000  -37.5000  -22.500010275.3115   18.9434
    7.5000  -37.5000  -22.5000 9770.9834   18.9297
   -7.5000  -30.0000  -22.500011001.7109   18.8816
    0.0000  -30.0000  -22.500011469.1611   18.8765
    7.5000  -30.0000  -22.500010920.1543   18.8506
   -7.5000  -22.5000  -22.500012152.3701   18.8406
    0.0000  -22.5000  -22.500012698.9873   18.8366
    7.5000  -22.5000  -22.500012058.7100   18.8121
   -7.5000  -15.0000  -22.500013296.8076   18.8071
    0.0000  -15.0000  -22.500013869.0459   18.7968
    7.5000  -15.0000  -22.500013178.4756   18.7842
   -7.5000   -7.5000  -22.500014274.5479   18.7794
    0.0000   -7.5000  -22.500014908.7471   18.7609
    7.5000   -7.5000  -22.500014112.7334   18.7608
   -7.5000    0.0000  -22.500015108.4229   18.7632
    0.0000    0.0000  -22.500015766.9844   18.7419
    7.5000    0.0000  -22.500014944.5596   18.7420
   -7.5000    7.5000  -22.500014779.2266   18.7667
    0.0000    7.5000  -22.500015442.6035   18.7525
    7.5000    7.5000  -22.500014640.9580   18.7388
   -7.5000   15.0000  -22.500014282.4512   18.7843
    0.0000   15.0000  -22.500014938.9092   18.7791
    7.5000   15.0000  -22.500014162.1289   18.7532
   -7.5000   22.5000  -22.500013633.7383   18.7929
    0.0000   22.5000  -22.500014273.4844   18.7889
    7.5000   22.5000  -22.500013572.2949   18.7641
   -7.5000   30.0000  -22.500012886.1523   18.5514
    0.0000   30.0000  -22.500013471.8857   18.5412
    7.5000   30.0000  -22.500012846.2510   18.5286
   -7.5000   37.5000  -22.500012545.9561   18.5336
    0.0000   37.5000  -22.500013071.6562   18.5153
    7.5000   37.5000  -22.500012488.8086   18.5153
   -7.5000   45.0000  -22.500011604.0859   18.0699
    0.0000   45.0000  -22.500012098.6660   18.0494
    7.5000   45.0000  -22.500011547.8779   18.0495
   -7.5000  -45.0000  -15.0000 9539.1191   19.7280
    0.0000  -45.0000  -15.0000 9975.9707   19.7069
    7.5000  -45.0000  -15.0000 9490.0273   19.7092
   -7.5000  -37.5000  -15.000010317.5703   19.3926
    0.0000  -37.5000  -15.000010769.6592   19.3776
    7.5000  -37.5000  -15.000010247.8975   19.3675
   -7.5000  -30.0000  -15.000011567.8594   19.3109
    0.0000  -30.0000  -15.000012053.6201   19.3013
    7.5000  -30.0000  -15.000011453.5439   19.2798
   -7.5000  -22.5000  -15.000012803.0088   19.2674
    0.0000  -22.5000  -15.000013372.4629   19.2573
    7.5000  -22.5000  -15.000012674.1523   19.2363
   -7.5000  -15.0000  -15.000014024.4209   19.2358
    0.0000  -15.0000  -15.000014656.6191   19.2210
    7.5000  -15.0000  -15.000013882.3633   19.2101
   -7.5000   -7.5000  -15.000015124.1826   19.2130
    0.0000   -7.5000  -15.000015832.6787   19.1937
    7.5000   -7.5000  -15.000014930.4746   19.1942
   -7.5000    0.0000  -15.000015985.7568   19.1981
    0.0000    0.0000  -15.000016721.8965   19.1780
    7.5000    0.0000  -15.000015817.6123   19.1796
   -7.5000    7.5000  -15.000015576.7969   19.1978
    0.0000    7.5000  -15.000016302.3604   19.1829
    7.5000    7.5000  -15.000015463.3154   19.1727
   -7.5000   15.0000  -15.000015073.3613   19.2115
    0.0000   15.0000  -15.000015763.2285   19.2019
    7.5000   15.0000  -15.000014980.3154   19.1803
   -7.5000   22.5000  -15.000014392.0078   19.2181
    0.0000   22.5000  -15.000015083.3223   19.2079
    7.5000   22.5000  -15.000014337.1260   19.1866
   -7.5000   30.0000  -15.000013579.7959   18.9772
    0.0000   30.0000  -15.000014249.1436   18.9626
    7.5000   30.0000  -15.000013561.1729   18.9516
   -7.5000   37.5000  -15.000013236.3662   18.9642
    0.0000   37.5000  -15.000013837.2852   18.9451
    7.5000   37.5000  -15.000013201.2949   18.9456
   -7.5000   45.0000  -15.000012308.6533   18.4999
    0.0000   45.0000  -15.000012845.2812   18.4806
    7.5000   45.0000  -15.000012239.5244   18.4821
   -7.5000  -45.0000   -7.5000 9981.2754   19.9540
    0.0000  -45.0000   -7.500010422.9238   19.9342
    7.5000  -45.0000   -7.5000 9923.1279   19.9280
   -7.5000  -37.5000   -7.500010796.3027   19.6078
    0.0000  -37.5000   -7.500011263.4600   19.5921
    7.5000  -37.5000   -7.500010705.0762   19.5774
   -7.5000  -30.0000   -7.500012097.9590   19.5132
    0.0000  -30.0000   -7.500012618.5039   19.5026
    7.5000  -30.0000   -7.500011958.0439   19.4794
   -7.5000  -22.5000   -7.500013400.1865   19.4628
    0.0000  -22.5000   -7.500013998.7383   19.4535
    7.5000  -22.5000   -7.500013239.0645   19.4307
   -7.5000  -15.0000   -7.500014707.2109   19.4354
    0.0000  -15.0000   -7.500015436.8682   19.4232
    7.5000  -15.0000   -7.500014547.1631   19.4078
   -7.5000   -7.5000   -7.500015990.2529   19.4263
    0.0000   -7.5000   -7.500016895.4707   19.4092
    7.5000   -7.5000   -7.500015789.5088   19.4017
   -7.5000    0.0000   -7.500017005.6055   19.4185
    0.0000    0.0000   -7.500017979.1133   19.3995
    7.5000    0.0000   -7.500016888.7910   19.3931
   -7.5000    7.5000   -7.500016527.8516   19.4112
    0.0000    7.5000   -7.500017412.7129   19.3956
    7.5000    7.5000   -7.500016473.1523   19.3809
   -7.5000   15.0000   -7.500015938.4863   19.4130
    0.0000   15.0000   -7.500016757.4453   19.4024
    7.5000   15.0000   -7.500015867.9619   19.3792
   -7.5000   22.5000   -7.500015248.9629   19.4109
    0.0000   22.5000   -7.500016042.2461   19.4016
    7.5000   22.5000   -7.500015148.4814   19.3785
   -7.5000   30.0000   -7.500014467.4873   19.1737
    0.0000   30.0000   -7.500015204.0117   19.1615
    7.5000   30.0000   -7.500014321.8486   19.1462
   -7.5000   37.5000   -7.500014102.9258   19.1742
    0.0000   37.5000   -7.500014771.9238   19.1573
    7.5000   37.5000   -7.500013899.9346   19.1499
   -7.5000   45.0000   -7.500013114.7695   18.7158
    0.0000   45.0000   -7.500013727.3682   18.6975
    7.5000   45.0000   -7.500012899.0020   18.6913
   -7.5000  -45.0000    0.000010312.6992   20.0081
    0.0000  -45.0000    0.000010779.5078   19.9874
    7.5000  -45.0000    0.000010255.9492   19.9719
   -7.5000  -37.5000    0.000011154.9434   19.6578
    0.0000  -37.5000    0.000011664.4551   19.6415
    7.5000  -37.5000    0.000011101.0303   19.6194
   -7.5000  -30.0000    0.000012497.6963   19.5543
    0.0000  -30.0000    0.000013070.4941   19.5465
    7.5000  -30.0000    0.000012409.3379   19.5178
   -7.5000  -22.5000    0.000013795.8545   19.4985
    0.0000  -22.5000    0.000014471.4229   19.4952
    7.5000  -22.5000    0.000013676.0508   19.4674
   -7.5000  -15.0000    0.000015158.7539   19.4733
    0.0000  -15.0000    0.000015964.9727   19.4667
    7.5000  -15.0000    0.000014996.7773   19.4450
   -7.5000   -7.5000    0.000016688.8633   19.4727
    0.0000   -7.5000    0.000017876.7422   19.4575
    7.5000   -7.5000    0.000016449.9414   19.4418
   -7.5000    0.0000    0.000018120.7305   19.4712
    0.0000    0.0000    0.000019529.7656   19.4509
    7.5000    0.0000    0.000017852.6699   19.4356
   -7.5000    7.5000    0.000017772.2754   19.4605
    0.0000    7.5000    0.000018947.7812   19.4443
    7.5000    7.5000    0.000017448.5547   19.4223
   -7.5000   15.0000    0.000017034.7734   19.4539
    0.0000   15.0000    0.000017964.5645   19.4461
    7.5000   15.0000    0.000016615.9609   19.4174
   -7.5000   22.5000    0.000016231.4170   19.4464
    0.0000   22.5000    0.000017048.1719   19.4430
    7.5000   22.5000    0.000015788.2812   19.4149
   -7.5000   30.0000    0.000015281.3896   19.2113
    0.0000   30.0000    0.000016028.7568   19.2047
    7.5000   30.0000    0.000014905.5176   19.1832
   -7.5000   37.5000    0.000014803.9316   19.2205
    0.0000   37.5000    0.000015521.7793   19.2055
    7.5000   37.5000    0.000014470.9863   19.1900
   -7.5000   45.0000    0.000013733.3232   18.7680
    0.0000   45.0000    0.000014384.9180   18.7484
    7.5000   45.0000    0.000013439.7910   18.7337
   -7.5000  -45.0000    7.5000 9892.5107   20.0292
    0.0000  -45.0000    7.500010355.6035   20.0063
    7.5000  -45.0000    7.5000 9857.9961   19.9894
   -7.5000  -37.5000    7.500010679.4512   19.6821
    0.0000  -37.5000    7.500011198.1680   19.6658
    7.5000  -37.5000    7.500010650.0381   19.6396
   -7.5000  -30.0000    7.500011928.8730   19.5822
    0.0000  -30.0000    7.500012529.3916   19.5780
    7.5000  -30.0000    7.500011867.6152   19.5441
   -7.5000  -22.5000    7.500013173.0312   19.5281
    0.0000  -22.5000    7.500013866.5049   19.5299
    7.5000  -22.5000    7.500013071.9014   19.4982
   -7.5000  -15.0000    7.500014545.8311   19.5007
    0.0000  -15.0000    7.500015403.1221   19.4976
    7.5000  -15.0000    7.500014326.3096   19.4743
   -7.5000   -7.5000    7.500016131.0293   19.4944
    0.0000   -7.5000    7.500017401.9160   19.4789
    7.5000   -7.5000    7.500015798.9443   19.4630
   -7.5000    0.0000    7.500017574.5020   19.4911
    0.0000    0.0000    7.500019066.4434   19.4686
    7.5000    0.0000    7.500017163.7812   19.4520
   -7.5000    7.5000    7.500017237.2676   19.4840
    0.0000    7.5000    7.500018432.3984   19.4678
    7.5000    7.5000    7.500016733.4980   19.4418
   -7.5000   15.0000    7.500016468.3770   19.4813
    0.0000   15.0000    7.500017469.9023   19.4771
    7.5000   15.0000    7.500015979.0264   19.4433
   -7.5000   22.5000    7.500015572.5391   19.4755
    0.0000   22.5000    7.500016544.2266   19.4773
    7.5000   22.5000    7.500015208.7930   19.4453
   -7.5000   30.0000    7.500014603.3926   19.2381
    0.0000   30.0000    7.500015504.1709   19.2350
    7.5000   30.0000    7.500014368.1240   19.2118
   -7.5000   37.5000    7.500014135.7578   19.2420
    0.0000   37.5000    7.500014927.9639   19.2267
    7.5000   37.5000    7.500013925.1602   19.2110
   -7.5000   45.0000    7.500013110.6836   18.7872
    0.0000   45.0000    7.500013790.5303   18.7655
    7.5000   45.0000    7.500012916.0059   18.7495
   -7.5000  -45.0000   15.0000 9389.8389   20.0626
    0.0000  -45.0000   15.0000 9868.6348   20.0389
    7.5000  -45.0000   15.0000 9328.8877   20.0301
   -7.5000  -37.5000   15.000010146.5752   19.7219
    0.0000  -37.5000   15.000010663.8525   19.7066
    7.5000  -37.5000   15.000010070.9307   19.6841
   -7.5000  -30.0000   15.000011366.2285   19.6344
    0.0000  -30.0000   15.000011936.7969   19.6320
    7.5000  -30.0000   15.000011247.7949   19.5987
   -7.5000  -22.5000   15.000012603.5664   19.5871
    0.0000  -22.5000   15.000013277.0957   19.5893
    7.5000  -22.5000   15.000012436.3262   19.5587
   -7.5000  -15.0000   15.000013855.1289   19.5548
    0.0000  -15.0000   15.000014712.4102   19.5505
    7.5000  -15.0000   15.000013668.5352   19.5315
   -7.5000   -7.5000   15.000015140.5332   19.5339
    0.0000   -7.5000   15.000016322.2637   19.5169
    7.5000   -7.5000   15.000015017.4531   19.5089
   -7.5000    0.0000   15.000016282.8398   19.5224
    0.0000    0.0000   15.000017413.0938   19.4992
    7.5000    0.0000   15.000016125.2910   19.4904
   -7.5000    7.5000   15.000015879.1875   19.5226
    0.0000    7.5000   15.000016789.8164   19.5075
    7.5000    7.5000   15.000015676.7529   19.4852
   -7.5000   15.0000   15.000015230.4482   19.5329
    0.0000   15.0000   15.000016126.9326   19.5305
    7.5000   15.0000   15.000015093.0557   19.4973
   -7.5000   22.5000   15.000014539.6475   19.5343
    0.0000   22.5000   15.000015467.3135   19.5363
    7.5000   22.5000   15.000014472.1211   19.5055
   -7.5000   30.0000   15.000013737.6582   19.2914
    0.0000   30.0000   15.000014584.8760   19.2871
    7.5000   30.0000   15.000013685.1875   19.2681
   -7.5000   37.5000   15.000013308.8711   19.2809
    0.0000   37.5000   15.000014065.4160   19.2641
    7.5000   37.5000   15.000013227.9043   19.2562
   -7.5000   45.0000   15.000012319.5029   18.8173
    0.0000   45.0000   15.000012999.0234   18.7950
    7.5000   45.0000   15.000012242.3096   18.7865
   -7.5000  -45.0000   22.5000 8815.0059   20.1846
    0.0000  -45.0000   22.5000 9282.9443   20.1609
    7.5000  -45.0000   22.5000 8732.1777   20.1620
   -7.5000  -37.5000   22.5000 9547.3721   19.8430
    0.0000  -37.5000   22.500010019.4160   19.8275
    7.5000  -37.5000   22.5000 9461.4375   19.8135
   -7.5000  -30.0000   22.500010662.9326   19.7622
    0.0000  -30.0000   22.500011205.8730   19.7564
    7.5000  -30.0000   22.500010586.1973   19.7294
   -7.5000  -22.5000   22.500011765.0713   19.7183
    0.0000  -22.5000   22.500012375.2168   19.7136
    7.5000  -22.5000   22.500011707.6426   19.6880
   -7.5000  -15.0000   22.500012848.1172   19.6827
    0.0000  -15.0000   22.500013566.0732   19.6714
    7.5000  -15.0000   22.500012846.7559   19.6583
   -7.5000   -7.5000   22.500013915.1445   19.6539
    0.0000   -7.5000   22.500014812.3408   19.6339
    7.5000   -7.5000   22.500014002.6670   19.6341
   -7.5000    0.0000   22.500014894.1787   19.6375
    0.0000    0.0000   22.500015690.7178   19.6147
    7.5000    0.0000   22.500014895.1943   19.6152
   -7.5000    7.5000   22.500014554.9023   19.6414
    0.0000    7.5000   22.500015240.0713   19.6261
    7.5000    7.5000   22.500014496.2090   19.6120
   -7.5000   15.0000   22.500014054.7988   19.6595
    0.0000   15.0000   22.500014771.5879   19.6536
    7.5000   15.0000   22.500014037.4863   19.6267
   -7.5000   22.5000   22.500013508.1572   19.6650
    0.0000   22.5000   22.500014248.1699   19.6603
    7.5000   22.5000   22.500013516.7188   19.6344
   -7.5000   30.0000   22.500012808.0918   19.4177
    0.0000   30.0000   22.500013491.1055   19.4065
    7.5000   30.0000   22.500012784.7021   19.3934
   -7.5000   37.5000   22.500012399.0342   19.3994
    0.0000   37.5000   22.500013054.0156   19.3797
    7.5000   37.5000   22.500012376.4014   19.3798
   -7.5000   45.0000   22.500011470.5889   18.9283
    0.0000   45.0000   22.500012099.0928   18.9063
    7.5000   45.0000   22.500011454.2051   18.9068
   -7.5000  -45.0000   30.0000 8154.3833   20.5687
    0.0000  -45.0000   30.0000 8574.5078   20.5462
    7.5000  -45.0000   30.0000 8117.3398   20.5487
   -7.5000  -37.5000   30.0000 8809.9590   20.2087
    0.0000  -37.5000   30.0000 9234.5400   20.1929
    7.5000  -37.5000   30.0000 8781.8994   20.1825
   -7.5000  -30.0000   30.0000 9845.4658   20.1197
    0.0000  -30.0000   30.000010307.9619   20.1098
    7.5000  -30.0000   30.0000 9819.5586   20.0874
   -7.5000  -22.5000   30.000010845.0166   20.0724
    0.0000  -22.5000   30.000011350.8447   20.0618
    7.5000  -22.5000   30.000010870.3193   20.0397
   -7.5000  -15.0000   30.000011825.8730   20.0390
    0.0000  -15.0000   30.000012403.2100   20.0233
    7.5000  -15.0000   30.000011913.5449   20.0116
   -7.5000   -7.5000   30.000012811.1855   20.0160
    0.0000   -7.5000   30.000013477.8154   19.9953
    7.5000   -7.5000   30.000012918.5566   19.9956
   -7.5000    0.0000   30.000013673.3330   20.0009
    0.0000    0.0000   30.000014307.4941   19.9796
    7.5000    0.0000   30.000013701.6465   19.9813
   -7.5000    7.5000   30.000013380.4414   20.0000
    0.0000    7.5000   30.000013986.2305   19.9844
    7.5000    7.5000   30.000013382.2744   19.9738
   -7.5000   15.0000   30.000012964.3164   20.0133
    0.0000   15.0000   30.000013583.6416   20.0034
    7.5000   15.0000   30.000012965.0947   19.9809
   -7.5000   22.5000   30.000012512.8906   20.0176
    0.0000   22.5000   30.000013108.2158   20.0069
    7.5000   22.5000   30.000012499.5615   19.9846
   -7.5000   30.0000   30.000011874.9629   19.7694
    0.0000   30.0000   30.000012467.7920   19.7537
    7.5000   30.0000   30.000011869.5596   19.7420
   -7.5000   37.5000   30.000011496.1611   19.7568
    0.0000   37.5000   30.000012088.7051   19.7364
    7.5000   37.5000   30.000011496.2549   19.7367
   -7.5000   45.0000   30.000010654.7002   19.2785
    0.0000   45.0000   30.000011208.6689   19.2580
    7.5000   45.0000   30.000010642.0400   19.2597
   -7.5000  -45.0000   37.5000 7750.7607   21.1072
    0.0000  -45.0000   37.5000 8110.8774   21.0854
    7.5000  -45.0000   37.5000 7750.4272   21.0794
   -7.5000  -37.5000   37.5000 8386.2432   20.7194
    0.0000  -37.5000   37.5000 8759.2793   20.7031
    7.5000  -37.5000   37.5000 8400.3574   20.6881
   -7.5000  -30.0000   37.5000 9387.0654   20.6127
    0.0000  -30.0000   37.5000 9767.1230   20.6030
    7.5000  -30.0000   37.5000 9391.8574   20.5788
   -7.5000  -22.5000   37.500010360.0254   20.5571
    0.0000  -22.5000   37.500010791.6201   20.5486
    7.5000  -22.5000   37.500010390.0508   20.5247
   -7.5000  -15.0000   37.500011309.2422   20.5285
    0.0000  -15.0000   37.500011803.3213   20.5154
    7.5000  -15.0000   37.500011384.9062   20.4992
   -7.5000   -7.5000   37.500012244.6670   20.5192
    0.0000   -7.5000   37.500012817.5820   20.5002
    7.5000   -7.5000   37.500012300.2900   20.4925
   -7.5000    0.0000   37.500013052.2227   20.5101
    0.0000    0.0000   37.500013625.0605   20.4893
    7.5000    0.0000   37.500013060.1641   20.4829
   -7.5000    7.5000   37.500012776.9287   20.5004
    0.0000    7.5000   37.500013337.4609   20.4842
    7.5000    7.5000   37.500012778.2021   20.4692
   -7.5000   15.0000   37.500012377.6465   20.5012
    0.0000   15.0000   37.500012946.2334   20.4914
    7.5000   15.0000   37.500012387.9316   20.4672
   -7.5000   22.5000   37.500011950.5068   20.4999
    0.0000   22.5000   37.500012508.6738   20.4913
    7.5000   22.5000   37.500011954.2783   20.4671
   -7.5000   30.0000   37.500011367.0381   20.2520
    0.0000   30.0000   37.500011932.3213   20.2390
    7.5000   30.0000   37.500011366.8730   20.2228
   -7.5000   37.5000   37.500011046.5869   20.2535
    0.0000   37.5000   37.500011606.7490   20.2348
    7.5000   37.5000   37.500011045.3184   20.2271
   -7.5000   45.0000   37.500010231.2383   19.7694
    0.0000   45.0000   37.500010757.3086   19.7493
    7.5000   45.0000   37.500010224.0908   19.7432
   -7.5000  -45.0000   45.0000 7056.6162   21.7397
    0.0000  -45.0000   45.0000 7390.9165   21.7157
    7.5000  -45.0000   45.0000 7055.1055   21.6975
   -7.5000  -37.5000   45.0000 7662.1646   21.3212
    0.0000  -37.5000   45.0000 7996.9756   21.3029
    7.5000  -37.5000   45.0000 7663.6602   21.2778
   -7.5000  -30.0000   45.0000 8574.0967   21.1988
    0.0000  -30.0000   45.0000 8922.5664   21.1907
    7.5000  -30.0000   45.0000 8581.6758   21.1580
   -7.5000  -22.5000   45.0000 9489.0156   21.1364
    0.0000  -22.5000   45.0000 9874.7354   21.1331
    7.5000  -22.5000   45.0000 9521.1523   21.1006
   -7.5000  -15.0000   45.000010357.7646   21.1099
    0.0000  -15.0000   45.000010804.2861   21.1022
    7.5000  -15.0000   45.000010409.8340   21.0758
   -7.5000   -7.5000   45.000011202.0645   21.1084
    0.0000   -7.5000   45.000011693.5850   21.0905
    7.5000   -7.5000   45.000011213.3711   21.0711
   -7.5000    0.0000   45.000011912.3311   21.1033
    0.0000    0.0000   45.000012463.9326   21.0799
    7.5000    0.0000   45.000011905.1387   21.0620
   -7.5000    7.5000   45.000011673.2598   21.0879
    0.0000    7.5000   45.000012217.8516   21.0696
    7.5000    7.5000   45.000011681.7148   21.0448
   -7.5000   15.0000   45.000011345.4092   21.0801
    0.0000   15.0000   45.000011879.2891   21.0719
    7.5000   15.0000   45.000011361.2383   21.0392
   -7.5000   22.5000   45.000010951.5254   21.0755
    0.0000   22.5000   45.000011471.8027   21.0722
    7.5000   22.5000   45.000010965.1914   21.0394
   -7.5000   30.0000   45.000010428.4141   20.8231
    0.0000   30.0000   45.000010930.3691   20.8154
    7.5000   30.0000   45.000010435.9512   20.7891
   -7.5000   37.5000   45.000010143.9512   20.8332
    0.0000   37.5000   45.000010659.0527   20.8155
    7.5000   37.5000   45.000010151.9258   20.7964
   -7.5000   45.0000   45.0000 9390.7051   20.3503
    0.0000   45.0000   45.0000 9877.5176   20.3278
    7.5000   45.0000   45.0000 9394.0791   20.3105

---------------------------------------------------------------------
imgreg_4dfp /opt/freesurfer/average/711-2C_as_mni_average_305 /opt/freesurfer/average/711-2B_as_mni_average_305_mask talsrcimg_g11 none talsrcimg_to_711-2C_as_mni_average_305_t4 4355
---------------------------------------------------------------------

freesurfer imgreg_4dfp.c
/opt/freesurfer/average/711-2C_as_mni_average_305.4dfp.img
       256       256       256         1
  1.000000  1.000000  1.000000
orientation T byte_order littleendian
Reading image: /opt/freesurfer/average/711-2C_as_mni_average_305.4dfp.img
dimensions:      256       256       256
mmppix:       1.0000   -1.0000   -1.0000
center:     128.0000 -129.0000 -129.0000
/opt/freesurfer/average/711-2B_as_mni_average_305_mask.4dfp.img
       256       256       256         1
  1.000000  1.000000  1.000000
orientation T byte_order littleendian
Reading mask: /opt/freesurfer/average/711-2B_as_mni_average_305_mask.4dfp.img (2306576 pixels)
talsrcimg_g11.4dfp.img
       256       256       256         1
  1.000000  1.000000  1.000000
orientation T byte_order littleendian
Reading image: talsrcimg_g11.4dfp.img
dimensions:      256       256       256
mmppix:       1.0000   -1.0000   -1.0000
center:     128.0000 -129.0000 -129.0000
rotation matrix determinant  1.000000
image alignment mode   4355 decimal     1103 hex
   -7.5000  -45.0000  -45.0000 2128.3657   23.7693
    0.0000  -45.0000  -45.0000 2136.8130   23.7776
    7.5000  -45.0000  -45.0000 2127.8835   23.7216
   -7.5000  -37.5000  -45.0000 2237.8774   21.4895
    0.0000  -37.5000  -45.0000 2248.4463   21.4672
    7.5000  -37.5000  -45.0000 2238.8948   21.4999
   -7.5000  -30.0000  -45.0000 2326.6997   19.6714
    0.0000  -30.0000  -45.0000 2339.7654   19.6259
    7.5000  -30.0000  -45.0000 2324.7109   19.6913
   -7.5000  -22.5000  -45.0000 2400.5881   18.2817
    0.0000  -22.5000  -45.0000 2413.1445   18.2588
    7.5000  -22.5000  -45.0000 2393.5977   18.3714
   -7.5000  -15.0000  -45.0000 2447.2200   17.4179
    0.0000  -15.0000  -45.0000 2461.3760   17.3944
    7.5000  -15.0000  -45.0000 2434.4121   17.5093
   -7.5000   -7.5000  -45.0000 2467.9294   16.8848
    0.0000   -7.5000  -45.0000 2485.7942   16.8129
    7.5000   -7.5000  -45.0000 2459.0166   16.9672
   -7.5000    0.0000  -45.0000 2478.7493   16.5622
    0.0000    0.0000  -45.0000 2495.3447   16.5125
    7.5000    0.0000  -45.0000 2473.1826   16.6709
   -7.5000    7.5000  -45.0000 2482.7393   16.5505
    0.0000    7.5000  -45.0000 2497.4902   16.4394
    7.5000    7.5000  -45.0000 2480.0298   16.6314
   -7.5000   15.0000  -45.0000 2466.4827   16.7473
    0.0000   15.0000  -45.0000 2485.1748   16.6892
    7.5000   15.0000  -45.0000 2464.1377   16.8300
   -7.5000   22.5000  -45.0000 2436.9387   17.3320
    0.0000   22.5000  -45.0000 2458.1975   17.2673
    7.5000   22.5000  -45.0000 2431.8884   17.3600
   -7.5000   30.0000  -45.0000 2387.9885   18.1650
    0.0000   30.0000  -45.0000 2408.0894   18.1134
    7.5000   30.0000  -45.0000 2380.6118   18.1968
   -7.5000   37.5000  -45.0000 2314.6099   19.3058
    0.0000   37.5000  -45.0000 2333.8184   19.2227
    7.5000   37.5000  -45.0000 2308.3362   19.2976
   -7.5000   45.0000  -45.0000 2213.5254   20.8204
    0.0000   45.0000  -45.0000 2234.1548   20.7857
    7.5000   45.0000  -45.0000 2211.2126   20.8693
   -7.5000  -45.0000  -37.5000 2195.4099   22.6640
    0.0000  -45.0000  -37.5000 2205.0808   22.6004
    7.5000  -45.0000  -37.5000 2187.2405   22.6813
   -7.5000  -37.5000  -37.5000 2310.9658   20.4579
    0.0000  -37.5000  -37.5000 2323.3716   20.3930
    7.5000  -37.5000  -37.5000 2298.1240   20.4783
   -7.5000  -30.0000  -37.5000 2400.2366   18.6469
    0.0000  -30.0000  -37.5000 2414.8191   18.5883
    7.5000  -30.0000  -37.5000 2390.2297   18.6739
   -7.5000  -22.5000  -37.5000 2483.1094   17.3499
    0.0000  -22.5000  -37.5000 2495.9192   17.2309
    7.5000  -22.5000  -37.5000 2474.9294   17.3608
   -7.5000  -15.0000  -37.5000 2528.1572   16.4299
    0.0000  -15.0000  -37.5000 2538.0906   16.3358
    7.5000  -15.0000  -37.5000 2519.0632   16.4718
   -7.5000   -7.5000  -37.5000 2558.7290   15.8610
    0.0000   -7.5000  -37.5000 2568.6230   15.7272
    7.5000   -7.5000  -37.5000 2553.6108   15.9157
   -7.5000    0.0000  -37.5000 2572.0447   15.5513
    0.0000    0.0000  -37.5000 2584.2810   15.4321
    7.5000    0.0000  -37.5000 2567.1851   15.6092
   -7.5000    7.5000  -37.5000 2574.5610   15.5081
    0.0000    7.5000  -37.5000 2588.1184   15.3821
    7.5000    7.5000  -37.5000 2571.5669   15.5678
   -7.5000   15.0000  -37.5000 2560.7283   15.7007
    0.0000   15.0000  -37.5000 2578.0945   15.6128
    7.5000   15.0000  -37.5000 2559.9500   15.7677
   -7.5000   22.5000  -37.5000 2532.6643   16.1968
    0.0000   22.5000  -37.5000 2553.0305   16.1122
    7.5000   22.5000  -37.5000 2532.2791   16.2502
   -7.5000   30.0000  -37.5000 2479.2119   16.9210
    0.0000   30.0000  -37.5000 2496.8516   16.8447
    7.5000   30.0000  -37.5000 2476.2847   16.9730
   -7.5000   37.5000  -37.5000 2405.0032   17.9303
    0.0000   37.5000  -37.5000 2421.7610   17.8706
    7.5000   37.5000  -37.5000 2400.8162   17.9873
   -7.5000   45.0000  -37.5000 2304.2944   19.3659
    0.0000   45.0000  -37.5000 2325.6040   19.2868
    7.5000   45.0000  -37.5000 2302.1887   19.4381
   -7.5000  -45.0000  -30.0000 2290.4983   22.4825
    0.0000  -45.0000  -30.0000 2303.1465   22.3757
    7.5000  -45.0000  -30.0000 2279.2183   22.5114
   -7.5000  -37.5000  -30.0000 2413.2366   20.2566
    0.0000  -37.5000  -30.0000 2426.8276   20.1333
    7.5000  -37.5000  -30.0000 2401.4290   20.3035
   -7.5000  -30.0000  -30.0000 2509.1211   18.4099
    0.0000  -30.0000  -30.0000 2522.1040   18.2998
    7.5000  -30.0000  -30.0000 2499.5623   18.4818
   -7.5000  -22.5000  -30.0000 2598.2944   17.0408
    0.0000  -22.5000  -30.0000 2607.6318   16.8917
    7.5000  -22.5000  -30.0000 2587.0002   17.0649
   -7.5000  -15.0000  -30.0000 2652.5808   16.0655
    0.0000  -15.0000  -30.0000 2664.1272   15.9287
    7.5000  -15.0000  -30.0000 2647.0837   16.0750
   -7.5000   -7.5000  -30.0000 2684.3777   15.4373
    0.0000   -7.5000  -30.0000 2694.6604   15.2873
    7.5000   -7.5000  -30.0000 2679.6323   15.4357
   -7.5000    0.0000  -30.0000 2696.9158   15.0803
    0.0000    0.0000  -30.0000 2710.8569   14.9406
    7.5000    0.0000  -30.0000 2695.5959   15.1284
   -7.5000    7.5000  -30.0000 2703.1775   15.0309
    0.0000    7.5000  -30.0000 2718.2219   14.8998
    7.5000    7.5000  -30.0000 2705.4556   15.0910
   -7.5000   15.0000  -30.0000 2698.6885   15.2536
    0.0000   15.0000  -30.0000 2717.7861   15.1607
    7.5000   15.0000  -30.0000 2701.4180   15.3456
   -7.5000   22.5000  -30.0000 2671.9263   15.7423
    0.0000   22.5000  -30.0000 2693.0806   15.6253
    7.5000   22.5000  -30.0000 2673.1738   15.7957
   -7.5000   30.0000  -30.0000 2609.1096   16.4095
    0.0000   30.0000  -30.0000 2631.9424   16.2961
    7.5000   30.0000  -30.0000 2616.5298   16.4618
   -7.5000   37.5000  -30.0000 2530.5999   17.3475
    0.0000   37.5000  -30.0000 2546.7029   17.2577
    7.5000   37.5000  -30.0000 2535.2808   17.4237
   -7.5000   45.0000  -30.0000 2429.8198   18.7488
    0.0000   45.0000  -30.0000 2448.7754   18.6124
    7.5000   45.0000  -30.0000 2432.1821   18.7981
   -7.5000  -45.0000  -22.5000 2344.8140   22.1325
    0.0000  -45.0000  -22.5000 2359.0435   21.9843
    7.5000  -45.0000  -22.5000 2339.8801   22.2066
   -7.5000  -37.5000  -22.5000 2471.5984   19.8882
    0.0000  -37.5000  -22.5000 2490.8364   19.7908
    7.5000  -37.5000  -22.5000 2469.6418   19.9817
   -7.5000  -30.0000  -22.5000 2574.8586   18.0555
    0.0000  -30.0000  -22.5000 2590.6072   17.9220
    7.5000  -30.0000  -22.5000 2574.1870   18.1344
   -7.5000  -22.5000  -22.5000 2664.0049   16.6073
    0.0000  -22.5000  -22.5000 2676.4863   16.5057
    7.5000  -22.5000  -22.5000 2662.9399   16.6818
   -7.5000  -15.0000  -22.5000 2734.6831   15.5510
    0.0000  -15.0000  -22.5000 2749.7573   15.4174
    7.5000  -15.0000  -22.5000 2734.9749   15.6007
   -7.5000   -7.5000  -22.5000 2771.8484   14.8533
    0.0000   -7.5000  -22.5000 2790.6194   14.7617
    7.5000   -7.5000  -22.5000 2770.7776   14.9493
   -7.5000    0.0000  -22.5000 2788.2651   14.4722
    0.0000    0.0000  -22.5000 2807.2058   14.3476
    7.5000    0.0000  -22.5000 2794.5447   14.5725
   -7.5000    7.5000  -22.5000 2800.4402   14.3982
    0.0000    7.5000  -22.5000 2816.1904   14.2667
    7.5000    7.5000  -22.5000 2803.0564   14.5187
   -7.5000   15.0000  -22.5000 2797.9402   14.6487
    0.0000   15.0000  -22.5000 2819.4497   14.5353
    7.5000   15.0000  -22.5000 2804.8127   14.7724
   -7.5000   22.5000  -22.5000 2767.4163   15.1283
    0.0000   22.5000  -22.5000 2792.7129   15.0041
    7.5000   22.5000  -22.5000 2781.3464   15.2174
   -7.5000   30.0000  -22.5000 2710.4934   15.7791
    0.0000   30.0000  -22.5000 2732.7173   15.6426
    7.5000   30.0000  -22.5000 2722.6238   15.8475
   -7.5000   37.5000  -22.5000 2632.3406   16.7056
    0.0000   37.5000  -22.5000 2646.1208   16.5613
    7.5000   37.5000  -22.5000 2637.1240   16.8052
   -7.5000   45.0000  -22.5000 2525.0505   18.0577
    0.0000   45.0000  -22.5000 2541.9639   17.9263
    7.5000   45.0000  -22.5000 2526.5974   18.1518
   -7.5000  -45.0000  -15.0000 2347.9771   21.7516
    0.0000  -45.0000  -15.0000 2367.2104   21.6435
    7.5000  -45.0000  -15.0000 2352.2859   21.8679
   -7.5000  -37.5000  -15.0000 2477.8076   19.5456
    0.0000  -37.5000  -15.0000 2500.1919   19.3858
    7.5000  -37.5000  -15.0000 2485.1201   19.5997
   -7.5000  -30.0000  -15.0000 2591.4124   17.7325
    0.0000  -30.0000  -15.0000 2604.9578   17.5581
    7.5000  -30.0000  -15.0000 2591.9753   17.7811
   -7.5000  -22.5000  -15.0000 2685.9304   16.2369
    0.0000  -22.5000  -15.0000 2702.0208   16.1277
    7.5000  -22.5000  -15.0000 2690.1973   16.3188
   -7.5000  -15.0000  -15.0000 2763.6040   15.1270
    0.0000  -15.0000  -15.0000 2788.5164   15.0269
    7.5000  -15.0000  -15.0000 2774.7388   15.2136
   -7.5000   -7.5000  -15.0000 2817.9407   14.4059
    0.0000   -7.5000  -15.0000 2838.2390   14.2996
    7.5000   -7.5000  -15.0000 2826.4136   14.5287
   -7.5000    0.0000  -15.0000 2843.5029   13.9865
    0.0000    0.0000  -15.0000 2862.6345   13.8411
    7.5000    0.0000  -15.0000 2853.8423   14.1397
   -7.5000    7.5000  -15.0000 2853.9236   13.8148
    0.0000    7.5000  -15.0000 2872.8330   13.6606
    7.5000    7.5000  -15.0000 2863.2219   14.0186
   -7.5000   15.0000  -15.0000 2852.7925   14.0794
    0.0000   15.0000  -15.0000 2876.2378   13.9249
    7.5000   15.0000  -15.0000 2866.5562   14.2472
   -7.5000   22.5000  -15.0000 2826.3772   14.5506
    0.0000   22.5000  -15.0000 2852.7063   14.4141
    7.5000   22.5000  -15.0000 2845.7229   14.7014
   -7.5000   30.0000  -15.0000 2769.6050   15.1932
    0.0000   30.0000  -15.0000 2795.5852   15.0571
    7.5000   30.0000  -15.0000 2791.3953   15.3400
   -7.5000   37.5000  -15.0000 2691.2971   16.1378
    0.0000   37.5000  -15.0000 2707.4277   15.9707
    7.5000   37.5000  -15.0000 2705.2097   16.2747
   -7.5000   45.0000  -15.0000 2583.7283   17.4405
    0.0000   45.0000  -15.0000 2603.0659   17.3103
    7.5000   45.0000  -15.0000 2592.8306   17.6043
   -7.5000  -45.0000   -7.5000 2336.4946   21.6361
    0.0000  -45.0000   -7.5000 2351.0830   21.4755
    7.5000  -45.0000   -7.5000 2338.8789   21.7823
   -7.5000  -37.5000   -7.5000 2469.1658   19.3401
    0.0000  -37.5000   -7.5000 2484.8540   19.1351
    7.5000  -37.5000   -7.5000 2469.3618   19.3933
   -7.5000  -30.0000   -7.5000 2584.7324   17.5078
    0.0000  -30.0000   -7.5000 2598.3867   17.3220
    7.5000  -30.0000   -7.5000 2584.8142   17.5161
   -7.5000  -22.5000   -7.5000 2683.3096   16.0241
    0.0000  -22.5000   -7.5000 2701.1064   15.8846
    7.5000  -22.5000   -7.5000 2692.0942   16.0248
   -7.5000  -15.0000   -7.5000 2771.3726   14.9383
    0.0000  -15.0000   -7.5000 2792.5190   14.8323
    7.5000  -15.0000   -7.5000 2787.2686   14.9575
   -7.5000   -7.5000   -7.5000 2841.2493   14.2113
    0.0000   -7.5000   -7.5000 2867.7917   14.1392
    7.5000   -7.5000   -7.5000 2855.0354   14.2660
   -7.5000    0.0000   -7.5000 2881.5425   13.7746
    0.0000    0.0000   -7.5000 2910.3569   13.6915
    7.5000    0.0000   -7.5000 2898.9150   13.9164
   -7.5000    7.5000   -7.5000 2889.9177   13.5139
    0.0000    7.5000   -7.5000 2910.3574   13.3842
    7.5000    7.5000   -7.5000 2905.8645   13.7631
   -7.5000   15.0000   -7.5000 2886.0134   13.6646
    0.0000   15.0000   -7.5000 2910.1191   13.5278
    7.5000   15.0000   -7.5000 2901.9194   13.8519
   -7.5000   22.5000   -7.5000 2862.2363   14.1062
    0.0000   22.5000   -7.5000 2890.5225   13.9906
    7.5000   22.5000   -7.5000 2882.3647   14.2158
   -7.5000   30.0000   -7.5000 2816.2490   14.8014
    0.0000   30.0000   -7.5000 2838.9106   14.6314
    7.5000   30.0000   -7.5000 2830.5659   14.8529
   -7.5000   37.5000   -7.5000 2736.3315   15.7694
    0.0000   37.5000   -7.5000 2751.5796   15.5591
    7.5000   37.5000   -7.5000 2744.6174   15.7784
   -7.5000   45.0000   -7.5000 2624.6353   17.0974
    0.0000   45.0000   -7.5000 2644.3965   16.9018
    7.5000   45.0000   -7.5000 2628.6238   17.1331
   -7.5000  -45.0000    0.0000 2305.6167   21.8205
    0.0000  -45.0000    0.0000 2323.5896   21.7096
    7.5000  -45.0000    0.0000 2309.1682   21.9348
   -7.5000  -37.5000    0.0000 2437.0623   19.4234
    0.0000  -37.5000    0.0000 2453.1084   19.2838
    7.5000  -37.5000    0.0000 2441.0090   19.5061
   -7.5000  -30.0000    0.0000 2558.5769   17.4693
    0.0000  -30.0000    0.0000 2575.4209   17.3747
    7.5000  -30.0000    0.0000 2563.7209   17.5592
   -7.5000  -22.5000    0.0000 2662.8232   15.9862
    0.0000  -22.5000    0.0000 2683.8367   15.8970
    7.5000  -22.5000    0.0000 2677.6470   16.0446
   -7.5000  -15.0000    0.0000 2754.3936   14.9287
    0.0000  -15.0000    0.0000 2781.1187   14.8876
    7.5000  -15.0000    0.0000 2778.2856   14.9763
   -7.5000   -7.5000    0.0000 2841.6694   14.3149
    0.0000   -7.5000    0.0000 2880.2131   14.3562
    7.5000   -7.5000    0.0000 2868.8191   14.3235
   -7.5000    0.0000    0.0000 2902.2202   14.0066
    0.0000    0.0000    0.0000 2952.9153   14.0794
    7.5000    0.0000    0.0000 2922.4873   13.9911
   -7.5000    7.5000    0.0000 2925.7024   13.7187
    0.0000    7.5000    0.0000 2965.9080   13.7364
    7.5000    7.5000    0.0000 2936.4519   13.7115
   -7.5000   15.0000    0.0000 2909.6646   13.6232
    0.0000   15.0000    0.0000 2940.1909   13.5545
    7.5000   15.0000    0.0000 2919.4602   13.6499
   -7.5000   22.5000    0.0000 2887.8970   13.9729
    0.0000   22.5000    0.0000 2913.1931   13.8088
    7.5000   22.5000    0.0000 2895.6804   13.9338
   -7.5000   30.0000    0.0000 2829.0916   14.6494
    0.0000   30.0000    0.0000 2850.7200   14.4679
    7.5000   30.0000    0.0000 2838.0859   14.6004
   -7.5000   37.5000    0.0000 2751.1729   15.6444
    0.0000   37.5000    0.0000 2767.4380   15.4587
    7.5000   37.5000    0.0000 2751.8350   15.5885
   -7.5000   45.0000    0.0000 2647.4241   16.9586
    0.0000   45.0000    0.0000 2663.2639   16.7852
    7.5000   45.0000    0.0000 2646.4785   16.9121
   -7.5000  -45.0000    7.5000 2264.5833   22.1694
    0.0000  -45.0000    7.5000 2287.8042   22.0629
    7.5000  -45.0000    7.5000 2280.0605   22.4157
   -7.5000  -37.5000    7.5000 2393.4939   19.6474
    0.0000  -37.5000    7.5000 2414.3965   19.5729
    7.5000  -37.5000    7.5000 2411.5476   19.8781
   -7.5000  -30.0000    7.5000 2514.1675   17.6662
    0.0000  -30.0000    7.5000 2535.6902   17.6233
    7.5000  -30.0000    7.5000 2534.7644   17.8235
   -7.5000  -22.5000    7.5000 2625.7102   16.2453
    0.0000  -22.5000    7.5000 2652.9373   16.2607
    7.5000  -22.5000    7.5000 2651.7527   16.3236
   -7.5000  -15.0000    7.5000 2735.4099   15.2960
    0.0000  -15.0000    7.5000 2768.8423   15.3613
    7.5000  -15.0000    7.5000 2755.8752   15.2928
   -7.5000   -7.5000    7.5000 2841.1787   14.7196
    0.0000   -7.5000    7.5000 2890.0679   14.8807
    7.5000   -7.5000    7.5000 2856.6606   14.6177
   -7.5000    0.0000    7.5000 2909.9673   14.3558
    0.0000    0.0000    7.5000 2973.2556   14.5548
    7.5000    0.0000    7.5000 2919.7302   14.2401
   -7.5000    7.5000    7.5000 2942.9062   13.9549
    0.0000    7.5000    7.5000 2992.1475   14.0266
    7.5000    7.5000    7.5000 2942.1694   13.8556
   -7.5000   15.0000    7.5000 2930.2166   13.8525
    0.0000   15.0000    7.5000 2963.1582   13.7593
    7.5000   15.0000    7.5000 2924.6230   13.7596
   -7.5000   22.5000    7.5000 2884.4512   14.1427
    0.0000   22.5000    7.5000 2924.5129   14.0091
    7.5000   22.5000    7.5000 2894.6306   14.0572
   -7.5000   30.0000    7.5000 2816.2432   14.7831
    0.0000   30.0000    7.5000 2849.9438   14.6572
    7.5000   30.0000    7.5000 2832.3906   14.7600
   -7.5000   37.5000    7.5000 2743.0659   15.7156
    0.0000   37.5000    7.5000 2756.2170   15.5772
    7.5000   37.5000    7.5000 2745.3728   15.7111
   -7.5000   45.0000    7.5000 2642.6379   16.9839
    0.0000   45.0000    7.5000 2656.0583   16.8139
    7.5000   45.0000    7.5000 2647.9141   16.9525
   -7.5000  -45.0000   15.0000 2222.5063   22.9174
    0.0000  -45.0000   15.0000 2249.0295   22.8160
    7.5000  -45.0000   15.0000 2246.3003   23.1919
   -7.5000  -37.5000   15.0000 2346.2788   20.3283
    0.0000  -37.5000   15.0000 2371.4578   20.3096
    7.5000  -37.5000   15.0000 2369.5635   20.5199
   -7.5000  -30.0000   15.0000 2467.7866   18.3673
    0.0000  -30.0000   15.0000 2494.2949   18.3728
    7.5000  -30.0000   15.0000 2489.4666   18.4640
   -7.5000  -22.5000   15.0000 2584.0359   16.9320
    0.0000  -22.5000   15.0000 2615.4077   16.9508
    7.5000  -22.5000   15.0000 2607.9297   16.9356
   -7.5000  -15.0000   15.0000 2699.4849   15.8480
    0.0000  -15.0000   15.0000 2732.8164   15.8878
    7.5000  -15.0000   15.0000 2722.1833   15.7937
   -7.5000   -7.5000   15.0000 2807.9343   15.0859
    0.0000   -7.5000   15.0000 2850.3479   15.2352
    7.5000   -7.5000   15.0000 2828.2827   15.1033
   -7.5000    0.0000   15.0000 2882.3411   14.5131
    0.0000    0.0000   15.0000 2935.6038   14.6474
    7.5000    0.0000   15.0000 2895.9873   14.5663
   -7.5000    7.5000   15.0000 2922.3774   14.1155
    0.0000    7.5000   15.0000 2959.1052   13.9622
    7.5000    7.5000   15.0000 2923.2478   14.1142
   -7.5000   15.0000   15.0000 2914.2915   14.0504
    0.0000   15.0000   15.0000 2950.0457   13.8598
    7.5000   15.0000   15.0000 2919.5044   13.9945
   -7.5000   22.5000   15.0000 2869.1379   14.4173
    0.0000   22.5000   15.0000 2907.2439   14.2854
    7.5000   22.5000   15.0000 2886.3582   14.4117
   -7.5000   30.0000   15.0000 2801.8711   15.1516
    0.0000   30.0000   15.0000 2834.5586   15.0259
    7.5000   30.0000   15.0000 2821.3533   15.1595
   -7.5000   37.5000   15.0000 2716.3303   16.1134
    0.0000   37.5000   15.0000 2728.8076   15.9928
    7.5000   37.5000   15.0000 2717.5571   16.1348
   -7.5000   45.0000   15.0000 2612.5562   17.3558
    0.0000   45.0000   15.0000 2626.1897   17.1828
    7.5000   45.0000   15.0000 2616.4509   17.3435
   -7.5000  -45.0000   22.5000 2180.5186   24.0957
    0.0000  -45.0000   22.5000 2209.6375   24.1288
    7.5000  -45.0000   22.5000 2198.7625   24.3800
   -7.5000  -37.5000   22.5000 2308.8950   21.4129
    0.0000  -37.5000   22.5000 2329.1248   21.3303
    7.5000  -37.5000   22.5000 2326.0562   21.5899
   -7.5000  -30.0000   22.5000 2423.1614   19.3126
    0.0000  -30.0000   22.5000 2447.9443   19.2012
    7.5000  -30.0000   22.5000 2447.3325   19.3844
   -7.5000  -22.5000   22.5000 2538.1338   17.6366
    0.0000  -22.5000   22.5000 2563.4324   17.5444
    7.5000  -22.5000   22.5000 2569.8054   17.7149
   -7.5000  -15.0000   22.5000 2654.0425   16.4145
    0.0000  -15.0000   22.5000 2678.4438   16.3588
    7.5000  -15.0000   22.5000 2681.8730   16.4558
   -7.5000   -7.5000   22.5000 2754.3911   15.5299
    0.0000   -7.5000   22.5000 2785.7644   15.5260
    7.5000   -7.5000   22.5000 2782.8796   15.6513
   -7.5000    0.0000   22.5000 2830.4651   14.8965
    0.0000    0.0000   22.5000 2862.4351   14.7818
    7.5000    0.0000   22.5000 2849.9062   15.0204
   -7.5000    7.5000   22.5000 2872.2275   14.5157
    0.0000    7.5000   22.5000 2899.8318   14.2243
    7.5000    7.5000   22.5000 2880.3748   14.5212
   -7.5000   15.0000   22.5000 2870.5396   14.4837
    0.0000   15.0000   22.5000 2903.6443   14.3043
    7.5000   15.0000   22.5000 2885.3130   14.5083
   -7.5000   22.5000   22.5000 2831.9126   14.8901
    0.0000   22.5000   22.5000 2864.5706   14.7794
    7.5000   22.5000   22.5000 2851.6523   14.9389
   -7.5000   30.0000   22.5000 2772.1968   15.6537
    0.0000   30.0000   22.5000 2797.0269   15.4676
    7.5000   30.0000   22.5000 2783.7432   15.6567
   -7.5000   37.5000   22.5000 2682.6772   16.6466
    0.0000   37.5000   22.5000 2701.3926   16.4794
    7.5000   37.5000   22.5000 2690.1575   16.6921
   -7.5000   45.0000   22.5000 2574.9304   17.9069
    0.0000   45.0000   22.5000 2596.0554   17.7543
    7.5000   45.0000   22.5000 2580.5994   17.9329
   -7.5000  -45.0000   30.0000 2133.6531   25.6276
    0.0000  -45.0000   30.0000 2152.9949   25.4908
    7.5000  -45.0000   30.0000 2145.8435   25.8651
   -7.5000  -37.5000   30.0000 2255.6372   22.6348
    0.0000  -37.5000   30.0000 2271.8250   22.4075
    7.5000  -37.5000   30.0000 2272.8955   22.8192
   -7.5000  -30.0000   30.0000 2373.9663   20.3428
    0.0000  -30.0000   30.0000 2392.7424   20.0799
    7.5000  -30.0000   30.0000 2393.1636   20.4276
   -7.5000  -22.5000   30.0000 2487.3015   18.4877
    0.0000  -22.5000   30.0000 2510.2036   18.2794
    7.5000  -22.5000   30.0000 2516.0967   18.6060
   -7.5000  -15.0000   30.0000 2593.4961   17.1703
    0.0000  -15.0000   30.0000 2613.2688   17.0173
    7.5000  -15.0000   30.0000 2622.8545   17.3229
   -7.5000   -7.5000   30.0000 2692.3687   16.2179
    0.0000   -7.5000   30.0000 2712.1313   16.0523
    7.5000   -7.5000   30.0000 2720.4714   16.3399
   -7.5000    0.0000   30.0000 2761.6243   15.5331
    0.0000    0.0000   30.0000 2787.4934   15.2780
    7.5000    0.0000   30.0000 2784.8086   15.5916
   -7.5000    7.5000   30.0000 2795.3933   15.1650
    0.0000    7.5000   30.0000 2824.4563   14.8887
    7.5000    7.5000   30.0000 2815.3811   15.1803
   -7.5000   15.0000   30.0000 2798.1846   15.1976
    0.0000   15.0000   30.0000 2827.4429   15.0226
    7.5000   15.0000   30.0000 2816.2202   15.2222
   -7.5000   22.5000   30.0000 2770.8108   15.6067
    0.0000   22.5000   30.0000 2797.8916   15.4633
    7.5000   22.5000   30.0000 2786.1038   15.6479
   -7.5000   30.0000   30.0000 2712.7141   16.3441
    0.0000   30.0000   30.0000 2739.8850   16.1804
    7.5000   30.0000   30.0000 2729.4924   16.3526
   -7.5000   37.5000   30.0000 2630.8511   17.3134
    0.0000   37.5000   30.0000 2657.9070   17.1588
    7.5000   37.5000   30.0000 2641.5505   17.3747
   -7.5000   45.0000   30.0000 2529.5249   18.6483
    0.0000   45.0000   30.0000 2549.5029   18.4701
    7.5000   45.0000   30.0000 2534.7141   18.6621
   -7.5000  -45.0000   37.5000 2075.8669   27.2562
    0.0000  -45.0000   37.5000 2090.0090   26.8965
    7.5000  -45.0000   37.5000 2094.7944   27.5351
   -7.5000  -37.5000   37.5000 2197.3936   24.0698
    0.0000  -37.5000   37.5000 2211.3330   23.6491
    7.5000  -37.5000   37.5000 2217.4673   24.2599
   -7.5000  -30.0000   37.5000 2317.0627   21.5964
    0.0000  -30.0000   37.5000 2331.6050   21.1877
    7.5000  -30.0000   37.5000 2337.8489   21.6750
   -7.5000  -22.5000   37.5000 2430.1208   19.6350
    0.0000  -22.5000   37.5000 2449.2317   19.3107
    7.5000  -22.5000   37.5000 2451.8611   19.7287
   -7.5000  -15.0000   37.5000 2533.4980   18.2067
    0.0000  -15.0000   37.5000 2550.9141   17.9209
    7.5000  -15.0000   37.5000 2556.3855   18.3045
   -7.5000   -7.5000   37.5000 2627.3696   17.1350
    0.0000   -7.5000   37.5000 2649.6292   16.8589
    7.5000   -7.5000   37.5000 2648.7034   17.2181
   -7.5000    0.0000   37.5000 2690.1121   16.4350
    0.0000    0.0000   37.5000 2714.6648   16.1668
    7.5000    0.0000   37.5000 2709.4482   16.4803
   -7.5000    7.5000   37.5000 2722.5442   16.0656
    0.0000    7.5000   37.5000 2744.0005   15.8011
    7.5000    7.5000   37.5000 2737.6025   16.0856
   -7.5000   15.0000   37.5000 2716.8247   16.1278
    0.0000   15.0000   37.5000 2740.7688   15.9478
    7.5000   15.0000   37.5000 2736.5410   16.1433
   -7.5000   22.5000   37.5000 2691.6392   16.5057
    0.0000   22.5000   37.5000 2718.9446   16.3396
    7.5000   22.5000   37.5000 2712.5188   16.5427
   -7.5000   30.0000   37.5000 2638.4695   17.2054
    0.0000   30.0000   37.5000 2669.9263   17.0309
    7.5000   30.0000   37.5000 2659.4570   17.2066
   -7.5000   37.5000   37.5000 2566.8176   18.1871
    0.0000   37.5000   37.5000 2594.7849   18.0273
    7.5000   37.5000   37.5000 2582.6165   18.2091
   -7.5000   45.0000   37.5000 2469.4392   19.5037
    0.0000   45.0000   37.5000 2488.3167   19.3660
    7.5000   45.0000   37.5000 2475.1077   19.5006
   -7.5000  -45.0000   45.0000 2011.7004   29.1189
    0.0000  -45.0000   45.0000 2020.8964   28.6140
    7.5000  -45.0000   45.0000 2024.4399   29.4030
   -7.5000  -37.5000   45.0000 2138.7263   25.7064
    0.0000  -37.5000   45.0000 2150.1528   25.2427
    7.5000  -37.5000   45.0000 2153.1165   25.9166
   -7.5000  -30.0000   45.0000 2252.8779   23.0169
    0.0000  -30.0000   45.0000 2271.0828   22.5420
    7.5000  -30.0000   45.0000 2269.0439   23.1437
   -7.5000  -22.5000   45.0000 2364.0889   20.9922
    0.0000  -22.5000   45.0000 2380.9292   20.5317
    7.5000  -22.5000   45.0000 2383.9321   21.0793
   -7.5000  -15.0000   45.0000 2460.8364   19.4362
    0.0000  -15.0000   45.0000 2481.3530   19.0990
    7.5000  -15.0000   45.0000 2481.9514   19.5348
   -7.5000   -7.5000   45.0000 2546.5964   18.3165
    0.0000   -7.5000   45.0000 2569.1086   18.0328
    7.5000   -7.5000   45.0000 2564.0139   18.3529
   -7.5000    0.0000   45.0000 2602.5964   17.5771
    0.0000    0.0000   45.0000 2627.4058   17.3736
    7.5000    0.0000   45.0000 2615.7048   17.6353
   -7.5000    7.5000   45.0000 2633.2290   17.1795
    0.0000    7.5000   45.0000 2655.0347   16.9811
    7.5000    7.5000   45.0000 2647.9302   17.2220
   -7.5000   15.0000   45.0000 2628.0920   17.2830
    0.0000   15.0000   45.0000 2655.6011   17.0829
    7.5000   15.0000   45.0000 2648.6226   17.2827
   -7.5000   22.5000   45.0000 2600.9272   17.6784
    0.0000   22.5000   45.0000 2631.2012   17.5155
    7.5000   22.5000   45.0000 2623.6472   17.6944
   -7.5000   30.0000   45.0000 2555.6692   18.3221
    0.0000   30.0000   45.0000 2586.7900   18.1246
    7.5000   30.0000   45.0000 2579.5447   18.3034
   -7.5000   37.5000   45.0000 2492.1196   19.2514
    0.0000   37.5000   45.0000 2525.1094   19.0453
    7.5000   37.5000   45.0000 2517.5154   19.2307
   -7.5000   45.0000   45.0000 2397.1902   20.5567
    0.0000   45.0000   45.0000 2421.9150   20.4171
    7.5000   45.0000   45.0000 2407.1409   20.5178

---------------------------------------------------------------------
imgreg_4dfp /opt/freesurfer/average/711-2C_as_mni_average_305 /opt/freesurfer/average/711-2B_as_mni_average_305_mask talsrcimg_g11 none talsrcimg_to_711-2C_as_mni_average_305_t4 1283
---------------------------------------------------------------------

freesurfer imgreg_4dfp.c
/opt/freesurfer/average/711-2C_as_mni_average_305.4dfp.img
       256       256       256         1
  1.000000  1.000000  1.000000
orientation T byte_order littleendian
Reading image: /opt/freesurfer/average/711-2C_as_mni_average_305.4dfp.img
dimensions:      256       256       256
mmppix:       1.0000   -1.0000   -1.0000
center:     128.0000 -129.0000 -129.0000
/opt/freesurfer/average/711-2B_as_mni_average_305_mask.4dfp.img
       256       256       256         1
  1.000000  1.000000  1.000000
orientation T byte_order littleendian
Reading mask: /opt/freesurfer/average/711-2B_as_mni_average_305_mask.4dfp.img (2306576 pixels)
talsrcimg_g11.4dfp.img
       256       256       256         1
  1.000000  1.000000  1.000000
orientation T byte_order littleendian
Reading image: talsrcimg_g11.4dfp.img
dimensions:      256       256       256
mmppix:       1.0000   -1.0000   -1.0000
center:     128.0000 -129.0000 -129.0000
rotation matrix determinant  1.000000
fimgreg.f
image alignment mode   1283 decimal      503 hex
parameters
    0.0000    7.5000    7.5000    0.0000    0.0000    0.0000
eta,q 0.93922 14.13361
niter,ni,del,rscale     5    3   12.0000    1.2000
parameter  4  3.419145 ->  0.500000 qaram    1.1500
parameter  6  0.530188 ->  0.500000 qaram    1.1500
parameters
    0.0067    7.0298    6.6821   -3.4500   -2.7442   -3.4500
eta,q 0.94938 14.05375
  0.0714  0.0669  0.0641  0.0503  0.0541  0.0521
  0.0647  0.0622  0.0608  0.0525  0.0524  0.0509
  0.0601  0.0597  0.0595  0.0557  0.0519  0.0505
  0.0586  0.0586  0.0590  0.0591  0.0534  0.0520
  0.0617  0.0605  0.0604  0.0628  0.0565  0.0550
  0.0658  0.0654  0.0638  0.0670  0.0601  0.0583
  0.0700  0.0689  0.0674  0.0709  0.0654  0.0621
niter,ni,del,rscale     6    3   12.0000    1.2000
parameter  4  0.960902 ->  0.500000 qaram    1.3225
parameters
    0.4795    6.8554    5.9626   -7.4175   -3.1932   -3.0197
eta,q 0.95307 14.25969
  0.0687  0.0634  0.0567  0.0456  0.0533  0.0531
  0.0622  0.0548  0.0518  0.0466  0.0493  0.0498
  0.0550  0.0495  0.0499  0.0480  0.0475  0.0477
  0.0506  0.0504  0.0501  0.0499  0.0469  0.0470
  0.0519  0.0537  0.0516  0.0526  0.0477  0.0473
  0.0577  0.0575  0.0553  0.0569  0.0511  0.0489
  0.0651  0.0625  0.0602  0.0626  0.0557  0.0518
niter,ni,del,rscale     6    3   12.0000    1.2000
parameter  4  0.864319 ->  0.500000 qaram    1.5209
parameters
    0.5727    7.9866    4.9226  -11.9801   -3.0790   -2.7858
eta,q 0.95811 14.23477
  0.0649  0.0611  0.0544  0.0444  0.0520  0.0496
  0.0575  0.0539  0.0494  0.0417  0.0472  0.0460
  0.0503  0.0490  0.0465  0.0433  0.0434  0.0431
  0.0469  0.0469  0.0468  0.0462  0.0419  0.0419
  0.0490  0.0474  0.0501  0.0497  0.0433  0.0427
  0.0559  0.0496  0.0553  0.0521  0.0469  0.0451
  0.0647  0.0528  0.0607  0.0554  0.0512  0.0488
niter,ni,del,rscale     6    3   12.0000    1.2000
parameters
    0.5781    9.4200    3.9440  -13.8536   -2.9003   -3.1810
eta,q 0.96119 14.21114
  0.0629  0.0618  0.0491  0.0477  0.0500  0.0469
  0.0543  0.0541  0.0439  0.0440  0.0453  0.0426
  0.0455  0.0466  0.0413  0.0391  0.0411  0.0394
  0.0419  0.0419  0.0414  0.0410  0.0389  0.0389
  0.0456  0.0419  0.0440  0.0455  0.0400  0.0405
  0.0539  0.0459  0.0493  0.0500  0.0438  0.0441
  0.0630  0.0493  0.0558  0.0542  0.0494  0.0485
niter,ni,del,rscale     5    3   12.0000    1.2000
parameters
    0.5163   10.4289    3.2119  -15.7419   -2.8943   -3.3350
eta,q 0.96291 14.14666
  0.0624  0.0578  0.0492  0.0464  0.0476  0.0465
  0.0523  0.0501  0.0425  0.0426  0.0437  0.0416
  0.0426  0.0428  0.0389  0.0374  0.0396  0.0380
  0.0388  0.0388  0.0392  0.0386  0.0371  0.0371
  0.0431  0.0406  0.0425  0.0442  0.0383  0.0388
  0.0528  0.0445  0.0477  0.0492  0.0426  0.0422
  0.0634  0.0482  0.0537  0.0537  0.0487  0.0471
niter,ni,del,rscale     4    3   12.0000    1.2000
parameters
    0.5133   11.2100    2.5564  -16.6295   -2.9076   -3.3081
eta,q 0.96405 14.06970
  0.0623  0.0556  0.0497  0.0491  0.0469  0.0470
  0.0512  0.0485  0.0415  0.0430  0.0428  0.0417
  0.0411  0.0411  0.0369  0.0378  0.0384  0.0373
  0.0371  0.0371  0.0372  0.0365  0.0359  0.0359
  0.0412  0.0390  0.0415  0.0415  0.0372  0.0376
  0.0512  0.0434  0.0476  0.0480  0.0417  0.0414
  0.0624  0.0484  0.0538  0.0527  0.0482  0.0469
niter,ni,del,rscale     3    3   12.0000    1.2000
parameters
    0.4823   11.4736    2.3120  -16.9325   -2.8809   -3.2803
eta,q 0.96423 14.04544
  0.0615  0.0534  0.0515  0.0511  0.0469  0.0472
  0.0500  0.0466  0.0429  0.0442  0.0428  0.0416
  0.0400  0.0393  0.0370  0.0387  0.0383  0.0371
  0.0360  0.0360  0.0361  0.0359  0.0358  0.0358
  0.0401  0.0389  0.0400  0.0401  0.0370  0.0374
  0.0504  0.0442  0.0460  0.0467  0.0415  0.0412
  0.0621  0.0510  0.0524  0.0520  0.0479  0.0471
niter,ni,del,rscale     2    3   12.0000    1.2000
parameters
    0.4540   11.5513    2.2213  -17.0444   -2.8611   -3.2669
eta,q 0.96427 14.03780
  0.0614  0.0527  0.0523  0.0517  0.0469  0.0472
  0.0499  0.0460  0.0436  0.0448  0.0427  0.0415
  0.0399  0.0387  0.0372  0.0390  0.0382  0.0371
  0.0358  0.0358  0.0358  0.0358  0.0357  0.0357
  0.0399  0.0389  0.0394  0.0396  0.0370  0.0373
  0.0502  0.0447  0.0454  0.0462  0.0415  0.0412
  0.0620  0.0522  0.0518  0.0517  0.0479  0.0471
niter,ni,del,rscale     1    3   12.0000    1.2000
parameters
    0.4407   11.5767    2.1841  -17.0870   -2.8522   -3.2612
eta,q 0.96429 14.03529
  0.0615  0.0525  0.0525  0.0519  0.0469  0.0471
  0.0499  0.0459  0.0438  0.0450  0.0427  0.0415
  0.0399  0.0385  0.0374  0.0391  0.0381  0.0370
  0.0357  0.0357  0.0357  0.0357  0.0357  0.0357
  0.0398  0.0389  0.0392  0.0394  0.0370  0.0373
  0.0500  0.0449  0.0452  0.0460  0.0415  0.0412
  0.0619  0.0526  0.0516  0.0516  0.0480  0.0472
registration optimization eta report
parameter search radius
    6.0000    6.0000    6.0000    9.1253    6.0000    6.9000
100000*second partial in parameter space
       70.       45.       44.       18.       32.       24.
  0.0615  0.0525  0.0525  0.0519  0.0469  0.0471
  0.0499  0.0459  0.0438  0.0450  0.0427  0.0415
  0.0399  0.0385  0.0374  0.0391  0.0381  0.0370
  0.0357  0.0357  0.0357  0.0357  0.0357  0.0357
  0.0398  0.0389  0.0392  0.0394  0.0370  0.0373
  0.0500  0.0449  0.0452  0.0460  0.0415  0.0412
  0.0619  0.0526  0.0516  0.0516  0.0480  0.0472
    0.4407   11.5767    2.1841  -17.0870   -2.8522   -3.2612
eta,q 0.96429 14.03529

---------------------------------------------------------------------
imgreg_4dfp /opt/freesurfer/average/711-2C_as_mni_average_305 /opt/freesurfer/average/711-2B_as_mni_average_305_mask talsrcimg_g11 none talsrcimg_to_711-2C_as_mni_average_305_t4 3335
---------------------------------------------------------------------

freesurfer imgreg_4dfp.c
/opt/freesurfer/average/711-2C_as_mni_average_305.4dfp.img
       256       256       256         1
  1.000000  1.000000  1.000000
orientation T byte_order littleendian
Reading image: /opt/freesurfer/average/711-2C_as_mni_average_305.4dfp.img
dimensions:      256       256       256
mmppix:       1.0000   -1.0000   -1.0000
center:     128.0000 -129.0000 -129.0000
/opt/freesurfer/average/711-2B_as_mni_average_305_mask.4dfp.img
       256       256       256         1
  1.000000  1.000000  1.000000
orientation T byte_order littleendian
Reading mask: /opt/freesurfer/average/711-2B_as_mni_average_305_mask.4dfp.img (2306576 pixels)
talsrcimg_g11.4dfp.img
       256       256       256         1
  1.000000  1.000000  1.000000
orientation T byte_order littleendian
Reading image: talsrcimg_g11.4dfp.img
dimensions:      256       256       256
mmppix:       1.0000   -1.0000   -1.0000
center:     128.0000 -129.0000 -129.0000
fimgreg.f
image alignment mode   3335 decimal      D07 hex
parameters
    0.4407   11.5767    2.1841   -0.2856   -4.4856   -4.5324
    3.9781    6.4201   -5.6818   29.0642   -4.9759  -29.3459
eta,q 0.96403 14.26891
niter,ni,del,rscale     5    3    5.0000    1.2000
parameter  4  0.937944 ->  0.500000 qaram    1.1500
parameter  5  1.767564 ->  0.500000 qaram    1.1500
parameter 10  0.506500 ->  0.500000 qaram    1.1500
parameter 12 -0.515807 -> -0.500000 qaram    1.1500
parameters
    0.3951   11.5166    2.3577   -4.4256   -8.6256   -7.2919
    3.3607    6.6165   -3.6323   24.9242   -3.6210  -25.2059
eta,q 0.97624 13.96113
  0.0413  0.0390  0.0393  0.0311  0.0232  0.0266  0.0286  0.0316  0.0291  0.0252  0.0263  0.0284
  0.0383  0.0372  0.0375  0.0311  0.0250  0.0259  0.0267  0.0282  0.0274  0.0244  0.0253  0.0266
  0.0365  0.0362  0.0364  0.0324  0.0277  0.0255  0.0257  0.0262  0.0262  0.0244  0.0246  0.0252
  0.0360  0.0360  0.0359  0.0359  0.0313  0.0256  0.0255  0.0255  0.0255  0.0253  0.0243  0.0242
  0.0368  0.0364  0.0362  0.0416  0.0360  0.0273  0.0262  0.0260  0.0253  0.0268  0.0243  0.0238
  0.0387  0.0375  0.0370  0.0480  0.0413  0.0309  0.0276  0.0278  0.0256  0.0289  0.0246  0.0238
  0.0416  0.0392  0.0384  0.0540  0.0463  0.0364  0.0298  0.0310  0.0265  0.0318  0.0252  0.0242
niter,ni,del,rscale     7    3    5.0000    1.2000
parameter  5  0.717932 ->  0.500000 qaram    1.3225
parameters
    0.6604   11.9393    1.9990   -7.1950  -13.3866   -8.6490
    3.4437    5.8827   -3.8305   24.8327   -5.1745  -27.2330
eta,q 0.97916 13.54187
  0.0288  0.0280  0.0248  0.0249  0.0214  0.0227  0.0245  0.0247  0.0236  0.0257  0.0217  0.0223
  0.0263  0.0259  0.0240  0.0241  0.0211  0.0217  0.0227  0.0225  0.0222  0.0232  0.0213  0.0213
  0.0246  0.0245  0.0236  0.0236  0.0219  0.0212  0.0216  0.0213  0.0214  0.0216  0.0211  0.0208
  0.0238  0.0237  0.0236  0.0235  0.0236  0.0212  0.0212  0.0212  0.0211  0.0211  0.0211  0.0211
  0.0239  0.0236  0.0240  0.0248  0.0266  0.0216  0.0216  0.0220  0.0215  0.0218  0.0214  0.0218
  0.0250  0.0243  0.0247  0.0286  0.0311  0.0227  0.0226  0.0238  0.0224  0.0234  0.0218  0.0229
  0.0270  0.0258  0.0259  0.0347  0.0362  0.0252  0.0244  0.0264  0.0239  0.0258  0.0224  0.0242
niter,ni,del,rscale     7    3    5.0000    1.2000
parameters
    0.8640   12.3489    2.0537   -7.5610  -15.2719   -8.6830
    3.2099    5.9875   -3.8617   25.2126   -5.0825  -27.9003
eta,q 0.97947 13.43554
  0.0251  0.0252  0.0226  0.0239  0.0244  0.0230  0.0237  0.0253  0.0233  0.0257  0.0216  0.0226
  0.0230  0.0231  0.0216  0.0223  0.0221  0.0216  0.0219  0.0226  0.0218  0.0231  0.0210  0.0213
  0.0215  0.0216  0.0209  0.0213  0.0207  0.0208  0.0208  0.0210  0.0209  0.0213  0.0207  0.0206
  0.0208  0.0208  0.0207  0.0207  0.0208  0.0206  0.0206  0.0205  0.0205  0.0206  0.0206  0.0206
  0.0210  0.0208  0.0209  0.0207  0.0221  0.0208  0.0210  0.0211  0.0209  0.0212  0.0207  0.0211
  0.0220  0.0215  0.0215  0.0221  0.0250  0.0215  0.0223  0.0226  0.0219  0.0226  0.0210  0.0220
  0.0240  0.0230  0.0225  0.0254  0.0299  0.0232  0.0241  0.0248  0.0233  0.0247  0.0215  0.0232
niter,ni,del,rscale     6    3    5.0000    1.2000
parameters
    0.9098   12.5060    2.0936   -7.2551  -15.5708   -8.4918
    3.1675    6.0780   -3.8415   25.5133   -4.9563  -28.1318
eta,q 0.97953 13.45832
  0.0243  0.0243  0.0224  0.0241  0.0258  0.0231  0.0238  0.0252  0.0232  0.0255  0.0215  0.0228
  0.0223  0.0223  0.0214  0.0224  0.0232  0.0216  0.0220  0.0225  0.0217  0.0229  0.0209  0.0215
  0.0210  0.0210  0.0208  0.0213  0.0212  0.0207  0.0208  0.0209  0.0208  0.0211  0.0206  0.0207
  0.0205  0.0205  0.0205  0.0205  0.0204  0.0205  0.0205  0.0205  0.0205  0.0205  0.0205  0.0205
  0.0209  0.0208  0.0207  0.0203  0.0211  0.0206  0.0209  0.0210  0.0208  0.0211  0.0206  0.0209
  0.0220  0.0218  0.0213  0.0213  0.0231  0.0212  0.0221  0.0225  0.0217  0.0226  0.0209  0.0218
  0.0240  0.0234  0.0223  0.0243  0.0270  0.0229  0.0239  0.0248  0.0231  0.0246  0.0214  0.0229
niter,ni,del,rscale     5    3    5.0000    1.2000
parameters
    0.9196   12.5390    2.0975   -7.2122  -15.6444   -8.4097
    3.1594    6.1075   -3.8264   25.6252   -4.9177  -28.1971
eta,q 0.97953 13.46570
  0.0241  0.0239  0.0223  0.0240  0.0260  0.0230  0.0239  0.0251  0.0232  0.0252  0.0215  0.0229
  0.0222  0.0220  0.0213  0.0223  0.0233  0.0216  0.0220  0.0224  0.0217  0.0227  0.0209  0.0215
  0.0209  0.0208  0.0207  0.0212  0.0213  0.0207  0.0208  0.0209  0.0208  0.0210  0.0206  0.0207
  0.0205  0.0205  0.0205  0.0205  0.0205  0.0205  0.0205  0.0205  0.0205  0.0205  0.0205  0.0205
  0.0208  0.0209  0.0207  0.0203  0.0210  0.0206  0.0209  0.0211  0.0208  0.0212  0.0206  0.0209
  0.0221  0.0220  0.0213  0.0215  0.0229  0.0212  0.0221  0.0226  0.0217  0.0227  0.0209  0.0217
  0.0241  0.0236  0.0223  0.0247  0.0267  0.0231  0.0239  0.0249  0.0231  0.0248  0.0215  0.0229
niter,ni,del,rscale     4    3    5.0000    1.2000
parameters
    0.9226   12.5490    2.0973   -7.1989  -15.6712   -8.3835
    3.1576    6.1164   -3.8205   25.6594   -4.8956  -28.2208
eta,q 0.97953 13.46783
  0.0241  0.0238  0.0223  0.0240  0.0260  0.0230  0.0239  0.0251  0.0232  0.0251  0.0215  0.0230
  0.0222  0.0220  0.0213  0.0223  0.0234  0.0216  0.0220  0.0224  0.0217  0.0226  0.0209  0.0216
  0.0209  0.0208  0.0207  0.0212  0.0214  0.0207  0.0209  0.0209  0.0208  0.0209  0.0206  0.0207
  0.0205  0.0205  0.0205  0.0205  0.0205  0.0205  0.0205  0.0205  0.0205  0.0205  0.0205  0.0205
  0.0208  0.0209  0.0207  0.0203  0.0210  0.0206  0.0209  0.0211  0.0208  0.0212  0.0206  0.0209
  0.0221  0.0220  0.0213  0.0215  0.0228  0.0213  0.0221  0.0226  0.0217  0.0227  0.0209  0.0217
  0.0242  0.0237  0.0223  0.0248  0.0266  0.0232  0.0239  0.0249  0.0231  0.0248  0.0215  0.0229
registration optimization eta report
parameter search radius
    2.4000    2.4000    2.4000    8.2800    9.5220    7.2000
    7.2000    7.2000    7.2000    8.2800    7.2000    8.2800
100000*second partial in parameter space
       64.       57.       31.        6.        6.        5.
        7.        9.        5.        6.        2.        4.
  0.0241  0.0238  0.0223  0.0240  0.0260  0.0230  0.0239  0.0251  0.0232  0.0251  0.0215  0.0230
  0.0222  0.0220  0.0213  0.0223  0.0234  0.0216  0.0220  0.0224  0.0217  0.0226  0.0209  0.0216
  0.0209  0.0208  0.0207  0.0212  0.0214  0.0207  0.0209  0.0209  0.0208  0.0209  0.0206  0.0207
  0.0205  0.0205  0.0205  0.0205  0.0205  0.0205  0.0205  0.0205  0.0205  0.0205  0.0205  0.0205
  0.0208  0.0209  0.0207  0.0203  0.0210  0.0206  0.0209  0.0211  0.0208  0.0212  0.0206  0.0209
  0.0221  0.0220  0.0213  0.0215  0.0228  0.0213  0.0221  0.0226  0.0217  0.0227  0.0209  0.0217
  0.0242  0.0237  0.0223  0.0248  0.0266  0.0232  0.0239  0.0249  0.0231  0.0248  0.0215  0.0229
    0.9226   12.5490    2.0973   -7.1989  -15.6712   -8.3835
    3.1576    6.1164   -3.8205   25.6594   -4.8956  -28.2208
eta,q 0.97953 13.46783

---------------------------------------------------------------------
imgreg_4dfp /opt/freesurfer/average/711-2C_as_mni_average_305 /opt/freesurfer/average/711-2B_as_mni_average_305_mask talsrcimg_g11 none talsrcimg_to_711-2C_as_mni_average_305_t4 2311
---------------------------------------------------------------------

freesurfer imgreg_4dfp.c
/opt/freesurfer/average/711-2C_as_mni_average_305.4dfp.img
       256       256       256         1
  1.000000  1.000000  1.000000
orientation T byte_order littleendian
Reading image: /opt/freesurfer/average/711-2C_as_mni_average_305.4dfp.img
dimensions:      256       256       256
mmppix:       1.0000   -1.0000   -1.0000
center:     128.0000 -129.0000 -129.0000
/opt/freesurfer/average/711-2B_as_mni_average_305_mask.4dfp.img
       256       256       256         1
  1.000000  1.000000  1.000000
orientation T byte_order littleendian
Reading mask: /opt/freesurfer/average/711-2B_as_mni_average_305_mask.4dfp.img (2306576 pixels)
talsrcimg_g11.4dfp.img
       256       256       256         1
  1.000000  1.000000  1.000000
orientation T byte_order littleendian
Reading image: talsrcimg_g11.4dfp.img
dimensions:      256       256       256
mmppix:       1.0000   -1.0000   -1.0000
center:     128.0000 -129.0000 -129.0000
fimgreg.f
image alignment mode   2311 decimal      907 hex
parameters
    0.9226   12.5490    2.0973   -7.1989  -15.6712   -8.3835
    3.1576    6.1164   -3.8205   25.6594   -4.8956  -28.2208
eta,q 0.97953 13.46783
niter,ni,del,rscale     5    3    5.0000    0.8000
parameters
    0.9435   12.5178    2.1090   -5.8890  -15.4183   -7.9745
    3.0663    6.2185   -3.7717   25.6097   -4.6025  -28.2798
eta,q 0.97976 13.56846
  0.0221  0.0220  0.0213  0.0220  0.0220  0.0214  0.0218  0.0226  0.0215  0.0220  0.0209  0.0212
  0.0212  0.0211  0.0208  0.0214  0.0211  0.0208  0.0209  0.0213  0.0209  0.0210  0.0205  0.0206
  0.0207  0.0206  0.0206  0.0209  0.0205  0.0204  0.0204  0.0205  0.0204  0.0204  0.0203  0.0203
  0.0205  0.0205  0.0205  0.0205  0.0203  0.0202  0.0202  0.0202  0.0202  0.0202  0.0202  0.0202
  0.0206  0.0207  0.0206  0.0202  0.0204  0.0203  0.0205  0.0205  0.0204  0.0205  0.0203  0.0204
  0.0212  0.0212  0.0208  0.0204  0.0209  0.0205  0.0210  0.0212  0.0208  0.0212  0.0204  0.0207
  0.0221  0.0220  0.0213  0.0211  0.0217  0.0211  0.0220  0.0224  0.0215  0.0220  0.0207  0.0212
niter,ni,del,rscale     4    3    5.0000    0.7000
parameters
    0.9004   12.4369    2.1218   -5.8668  -15.4387   -7.8673
    3.1147    6.1733   -3.7513   25.5675   -4.5974  -28.2516
eta,q 0.97977 13.57391
  0.0215  0.0213  0.0209  0.0213  0.0215  0.0210  0.0215  0.0219  0.0212  0.0216  0.0207  0.0210
  0.0208  0.0207  0.0205  0.0208  0.0208  0.0206  0.0208  0.0209  0.0207  0.0208  0.0204  0.0206
  0.0204  0.0203  0.0203  0.0205  0.0204  0.0203  0.0204  0.0204  0.0204  0.0204  0.0203  0.0203
  0.0202  0.0202  0.0202  0.0202  0.0202  0.0202  0.0202  0.0202  0.0202  0.0202  0.0202  0.0202
  0.0204  0.0204  0.0203  0.0202  0.0204  0.0203  0.0204  0.0204  0.0203  0.0205  0.0203  0.0203
  0.0209  0.0209  0.0205  0.0206  0.0208  0.0205  0.0208  0.0210  0.0207  0.0209  0.0204  0.0206
  0.0217  0.0216  0.0209  0.0215  0.0215  0.0209  0.0215  0.0220  0.0212  0.0216  0.0206  0.0210
niter,ni,del,rscale     3    3    5.0000    0.6000
parameters
    0.8950   12.4219    2.1380   -5.6875  -15.4744   -7.8528
    3.1033    6.1879   -3.7305   25.5205   -4.5483  -28.2306
eta,q 0.97979 13.57958
  0.0212  0.0211  0.0207  0.0211  0.0211  0.0207  0.0211  0.0215  0.0210  0.0213  0.0205  0.0208
  0.0207  0.0206  0.0205  0.0207  0.0206  0.0204  0.0206  0.0208  0.0206  0.0207  0.0204  0.0205
  0.0203  0.0203  0.0203  0.0204  0.0203  0.0203  0.0203  0.0203  0.0203  0.0203  0.0202  0.0203
  0.0202  0.0202  0.0202  0.0202  0.0202  0.0202  0.0202  0.0202  0.0202  0.0202  0.0202  0.0202
  0.0203  0.0203  0.0203  0.0202  0.0203  0.0203  0.0203  0.0204  0.0203  0.0204  0.0202  0.0203
  0.0207  0.0207  0.0204  0.0205  0.0207  0.0204  0.0206  0.0208  0.0205  0.0208  0.0203  0.0205
  0.0213  0.0212  0.0207  0.0211  0.0212  0.0207  0.0212  0.0215  0.0210  0.0213  0.0205  0.0208
niter,ni,del,rscale     2    3    5.0000    0.5000
parameters
    0.8872   12.4112    2.1478   -5.4979  -15.5070   -7.8479
    3.1050    6.2089   -3.7236   25.4898   -4.5044  -28.2238
eta,q 0.97980 13.58606
  0.0209  0.0208  0.0206  0.0209  0.0209  0.0206  0.0209  0.0211  0.0207  0.0210  0.0204  0.0206
  0.0205  0.0205  0.0204  0.0206  0.0205  0.0203  0.0205  0.0206  0.0204  0.0205  0.0203  0.0204
  0.0203  0.0203  0.0203  0.0204  0.0203  0.0202  0.0203  0.0203  0.0203  0.0203  0.0202  0.0202
  0.0202  0.0202  0.0202  0.0202  0.0202  0.0202  0.0202  0.0202  0.0202  0.0202  0.0202  0.0202
  0.0203  0.0203  0.0202  0.0202  0.0203  0.0202  0.0203  0.0203  0.0203  0.0203  0.0202  0.0202
  0.0205  0.0205  0.0204  0.0204  0.0205  0.0204  0.0205  0.0206  0.0204  0.0206  0.0203  0.0204
  0.0209  0.0209  0.0206  0.0208  0.0209  0.0205  0.0209  0.0211  0.0207  0.0210  0.0204  0.0206
niter,ni,del,rscale     1    3    5.0000    0.4000
parameters
    0.8762   12.3994    2.1481   -5.3496  -15.5359   -7.8665
    3.1123    6.2270   -3.7166   25.4512   -4.4643  -28.2164
eta,q 0.97981 13.58920
  0.0206  0.0206  0.0204  0.0206  0.0206  0.0204  0.0206  0.0208  0.0205  0.0207  0.0203  0.0204
  0.0204  0.0204  0.0203  0.0204  0.0204  0.0203  0.0204  0.0204  0.0203  0.0204  0.0203  0.0203
  0.0202  0.0202  0.0202  0.0203  0.0202  0.0202  0.0202  0.0203  0.0202  0.0202  0.0202  0.0202
  0.0202  0.0202  0.0202  0.0202  0.0202  0.0202  0.0202  0.0202  0.0202  0.0202  0.0202  0.0202
  0.0202  0.0203  0.0202  0.0202  0.0202  0.0202  0.0202  0.0202  0.0202  0.0203  0.0202  0.0202
  0.0204  0.0204  0.0203  0.0203  0.0204  0.0203  0.0204  0.0204  0.0203  0.0204  0.0203  0.0203
  0.0207  0.0206  0.0204  0.0206  0.0206  0.0204  0.0206  0.0207  0.0205  0.0207  0.0203  0.0204
registration optimization eta report
parameter search radius
    0.8000    0.8000    0.8000    2.4000    2.4000    2.4000
    2.4000    2.4000    2.4000    2.4000    2.4000    2.4000
100000*second partial in parameter space
       73.       64.       35.        7.        8.        4.
        7.       10.        6.        9.        3.        4.
  0.0206  0.0206  0.0204  0.0206  0.0206  0.0204  0.0206  0.0208  0.0205  0.0207  0.0203  0.0204
  0.0204  0.0204  0.0203  0.0204  0.0204  0.0203  0.0204  0.0204  0.0203  0.0204  0.0203  0.0203
  0.0202  0.0202  0.0202  0.0203  0.0202  0.0202  0.0202  0.0203  0.0202  0.0202  0.0202  0.0202
  0.0202  0.0202  0.0202  0.0202  0.0202  0.0202  0.0202  0.0202  0.0202  0.0202  0.0202  0.0202
  0.0202  0.0203  0.0202  0.0202  0.0202  0.0202  0.0202  0.0202  0.0202  0.0203  0.0202  0.0202
  0.0204  0.0204  0.0203  0.0203  0.0204  0.0203  0.0204  0.0204  0.0203  0.0204  0.0203  0.0203
  0.0207  0.0206  0.0204  0.0206  0.0206  0.0204  0.0206  0.0207  0.0205  0.0207  0.0203  0.0204
    0.8762   12.3994    2.1481   -5.3496  -15.5359   -7.8665
    3.1123    6.2270   -3.7166   25.4512   -4.4643  -28.2164
eta,q 0.97981 13.58920

---------------------------------------------------------------------
imgreg_4dfp /opt/freesurfer/average/711-2C_as_mni_average_305 /opt/freesurfer/average/711-2B_as_mni_average_305_mask talsrcimg_g11 none talsrcimg_to_711-2C_as_mni_average_305_t4 2311
---------------------------------------------------------------------

freesurfer imgreg_4dfp.c
/opt/freesurfer/average/711-2C_as_mni_average_305.4dfp.img
       256       256       256         1
  1.000000  1.000000  1.000000
orientation T byte_order littleendian
Reading image: /opt/freesurfer/average/711-2C_as_mni_average_305.4dfp.img
dimensions:      256       256       256
mmppix:       1.0000   -1.0000   -1.0000
center:     128.0000 -129.0000 -129.0000
/opt/freesurfer/average/711-2B_as_mni_average_305_mask.4dfp.img
       256       256       256         1
  1.000000  1.000000  1.000000
orientation T byte_order littleendian
Reading mask: /opt/freesurfer/average/711-2B_as_mni_average_305_mask.4dfp.img (2306576 pixels)
talsrcimg_g11.4dfp.img
       256       256       256         1
  1.000000  1.000000  1.000000
orientation T byte_order littleendian
Reading image: talsrcimg_g11.4dfp.img
dimensions:      256       256       256
mmppix:       1.0000   -1.0000   -1.0000
center:     128.0000 -129.0000 -129.0000
fimgreg.f
image alignment mode   2311 decimal      907 hex
parameters
    0.8762   12.3994    2.1481   -5.3496  -15.5359   -7.8665
    3.1123    6.2270   -3.7166   25.4512   -4.4643  -28.2164
eta,q 0.97981 13.58920
niter,ni,del,rscale     5    3    5.0000    0.8000
parameters
    0.8531   12.4147    2.1427   -5.9565  -15.4167   -7.9539
    3.1438    6.1390   -3.7467   25.5457   -4.6505  -28.2164
eta,q 0.97976 13.56554
  0.0220  0.0218  0.0211  0.0213  0.0219  0.0212  0.0219  0.0224  0.0215  0.0221  0.0207  0.0212
  0.0210  0.0209  0.0206  0.0208  0.0210  0.0206  0.0210  0.0211  0.0208  0.0211  0.0205  0.0207
  0.0204  0.0204  0.0203  0.0204  0.0205  0.0203  0.0204  0.0204  0.0204  0.0204  0.0203  0.0203
  0.0202  0.0202  0.0202  0.0202  0.0202  0.0202  0.0202  0.0202  0.0202  0.0202  0.0202  0.0202
  0.0204  0.0204  0.0203  0.0204  0.0204  0.0203  0.0204  0.0205  0.0204  0.0205  0.0203  0.0204
  0.0211  0.0209  0.0206  0.0211  0.0210  0.0206  0.0210  0.0213  0.0208  0.0211  0.0205  0.0207
  0.0221  0.0217  0.0211  0.0225  0.0218  0.0213  0.0219  0.0225  0.0216  0.0219  0.0208  0.0212
niter,ni,del,rscale     4    3    5.0000    0.7000
parameters
    0.8948   12.4333    2.1359   -5.8909  -15.4280   -7.9193
    3.1008    6.1574   -3.7482   25.5296   -4.6271  -28.2346
eta,q 0.97977 13.56887
  0.0217  0.0215  0.0209  0.0213  0.0215  0.0210  0.0215  0.0220  0.0212  0.0217  0.0207  0.0210
  0.0209  0.0208  0.0205  0.0209  0.0208  0.0205  0.0208  0.0210  0.0207  0.0209  0.0204  0.0206
  0.0204  0.0204  0.0203  0.0205  0.0204  0.0203  0.0204  0.0204  0.0203  0.0204  0.0203  0.0203
  0.0202  0.0202  0.0202  0.0202  0.0202  0.0202  0.0202  0.0202  0.0202  0.0202  0.0202  0.0202
  0.0204  0.0204  0.0203  0.0202  0.0204  0.0203  0.0204  0.0204  0.0203  0.0205  0.0203  0.0203
  0.0208  0.0208  0.0205  0.0206  0.0208  0.0205  0.0208  0.0210  0.0207  0.0209  0.0204  0.0206
  0.0215  0.0214  0.0209  0.0214  0.0215  0.0209  0.0215  0.0219  0.0212  0.0216  0.0206  0.0210
niter,ni,del,rscale     3    3    5.0000    0.6000
parameters
    0.8963   12.4243    2.1400   -5.6979  -15.4721   -7.8709
    3.0986    6.1818   -3.7382   25.5084   -4.5634  -28.2300
eta,q 0.97979 13.57770
  0.0212  0.0211  0.0207  0.0211  0.0211  0.0207  0.0212  0.0215  0.0210  0.0213  0.0205  0.0208
  0.0207  0.0206  0.0205  0.0207  0.0206  0.0204  0.0206  0.0208  0.0206  0.0207  0.0204  0.0205
  0.0203  0.0203  0.0203  0.0204  0.0203  0.0203  0.0203  0.0203  0.0203  0.0203  0.0203  0.0203
  0.0202  0.0202  0.0202  0.0202  0.0202  0.0202  0.0202  0.0202  0.0202  0.0202  0.0202  0.0202
  0.0203  0.0203  0.0203  0.0202  0.0203  0.0203  0.0203  0.0204  0.0203  0.0204  0.0202  0.0203
  0.0207  0.0207  0.0204  0.0205  0.0207  0.0204  0.0206  0.0208  0.0205  0.0207  0.0203  0.0205
  0.0213  0.0211  0.0207  0.0211  0.0212  0.0207  0.0212  0.0215  0.0210  0.0213  0.0205  0.0208
niter,ni,del,rscale     2    3    5.0000    0.5000
parameters
    0.8871   12.4112    2.1468   -5.5075  -15.5048   -7.8697
    3.1045    6.2010   -3.7231   25.4796   -4.4975  -28.2239
eta,q 0.97980 13.58409
  0.0209  0.0208  0.0206  0.0209  0.0209  0.0206  0.0209  0.0211  0.0207  0.0210  0.0204  0.0206
  0.0205  0.0205  0.0204  0.0206  0.0205  0.0203  0.0205  0.0206  0.0204  0.0205  0.0203  0.0204
  0.0203  0.0203  0.0203  0.0204  0.0203  0.0202  0.0203  0.0203  0.0203  0.0203  0.0202  0.0202
  0.0202  0.0202  0.0202  0.0202  0.0202  0.0202  0.0202  0.0202  0.0202  0.0202  0.0202  0.0202
  0.0203  0.0203  0.0202  0.0202  0.0203  0.0202  0.0203  0.0203  0.0203  0.0203  0.0202  0.0202
  0.0205  0.0205  0.0204  0.0204  0.0205  0.0204  0.0205  0.0206  0.0204  0.0206  0.0203  0.0204
  0.0209  0.0209  0.0206  0.0208  0.0209  0.0205  0.0209  0.0211  0.0207  0.0210  0.0204  0.0206
niter,ni,del,rscale     1    3    5.0000    0.4000
parameters
    0.8777   12.4002    2.1476   -5.3445  -15.5357   -7.8774
    3.1121    6.2272   -3.7236   25.4447   -4.4657  -28.2154
eta,q 0.97981 13.58862
  0.0206  0.0206  0.0204  0.0206  0.0206  0.0204  0.0206  0.0208  0.0205  0.0207  0.0203  0.0204
  0.0204  0.0204  0.0203  0.0204  0.0204  0.0203  0.0204  0.0204  0.0203  0.0204  0.0203  0.0203
  0.0202  0.0202  0.0202  0.0203  0.0202  0.0202  0.0202  0.0203  0.0202  0.0202  0.0202  0.0202
  0.0202  0.0202  0.0202  0.0202  0.0202  0.0202  0.0202  0.0202  0.0202  0.0202  0.0202  0.0202
  0.0202  0.0202  0.0202  0.0202  0.0202  0.0202  0.0202  0.0203  0.0202  0.0203  0.0202  0.0202
  0.0204  0.0204  0.0203  0.0203  0.0204  0.0203  0.0204  0.0204  0.0203  0.0204  0.0203  0.0203
  0.0207  0.0206  0.0204  0.0206  0.0206  0.0204  0.0206  0.0207  0.0205  0.0207  0.0203  0.0204
registration optimization eta report
parameter search radius
    0.8000    0.8000    0.8000    2.4000    2.4000    2.4000
    2.4000    2.4000    2.4000    2.4000    2.4000    2.4000
100000*second partial in parameter space
       73.       63.       35.        7.        8.        4.
        7.       10.        6.        9.        3.        4.
  0.0206  0.0206  0.0204  0.0206  0.0206  0.0204  0.0206  0.0208  0.0205  0.0207  0.0203  0.0204
  0.0204  0.0204  0.0203  0.0204  0.0204  0.0203  0.0204  0.0204  0.0203  0.0204  0.0203  0.0203
  0.0202  0.0202  0.0202  0.0203  0.0202  0.0202  0.0202  0.0203  0.0202  0.0202  0.0202  0.0202
  0.0202  0.0202  0.0202  0.0202  0.0202  0.0202  0.0202  0.0202  0.0202  0.0202  0.0202  0.0202
  0.0202  0.0202  0.0202  0.0202  0.0202  0.0202  0.0202  0.0203  0.0202  0.0203  0.0202  0.0202
  0.0204  0.0204  0.0203  0.0203  0.0204  0.0203  0.0204  0.0204  0.0203  0.0204  0.0203  0.0203
  0.0207  0.0206  0.0204  0.0206  0.0206  0.0204  0.0206  0.0207  0.0205  0.0207  0.0203  0.0204
    0.8777   12.4002    2.1476   -5.3445  -15.5357   -7.8774
    3.1121    6.2272   -3.7236   25.4447   -4.4657  -28.2154
eta,q 0.97981 13.58862

---------------------------------------------------------------------
compute_vox2vox talsrcimg talsrcimg_to_711-2C_as_mni_average_305_t4 /opt/freesurfer/average/711-2C_as_mni_average_305
---------------------------------------------------------------------

freesurfer compute_vox2vox.c
Reading: talsrcimg.4dfp.ifh
Reading: talsrcimg_to_711-2C_as_mni_average_305_t4
Reading: /opt/freesurfer/average/711-2C_as_mni_average_305.4dfp.ifh
Writing: talsrcimg_to_711-2C_as_mni_average_305_t4_vox2vox.txt

start time Wed Mar 11 13:25:17 CET 2026
end		time Wed Mar 11 13:26:43 CET 2026

mpr2mni305 success

avi2talxfm orig_nu.mgz /opt/freesurfer/average/mni305.cor.mgz talsrcimg_to_711-2C_as_mni_average_305_t4_vox2vox.txt transforms/talairach.auto.xfm
avi2talxfm done
mv -f /out/sourcedata/freesurfer/sub-v2s18x29501_ses-1/mri/talsrcimg_to_711-2C_as_mni_average_305_t4_vox2vox.txt /out/sourcedata/freesurfer/sub-v2s18x29501_ses-1/mri/transforms/talsrcimg_to_711-2C_as_mni_average_305_t4_vox2vox.txt
lta_convert --src orig_nu.mgz --trg /opt/freesurfer/average/mni305.cor.mgz --inxfm transforms/talairach.auto.xfm --outlta transforms/talairach.auto.xfm.lta --subject fsaverage
7.3.2

--src: orig_nu.mgz src image (geometry).
--trg: /opt/freesurfer/average/mni305.cor.mgz trg image (geometry).
--inmni: transforms/talairach.auto.xfm input MNI/XFM transform.
--outlta: transforms/talairach.auto.xfm.lta output LTA.
--s: fsaverage subject name
 LTA read, type : 1
 1.05160  -0.05528  -0.05721   4.48822;
 0.05967   0.99068   0.32874  -43.38688;
 0.02838  -0.30088   1.08238   8.93123;
 0.00000   0.00000   0.00000   1.00000;
setting subject to fsaverage
Writing  LTA to file transforms/talairach.auto.xfm.lta...
lta_convert successful.
 
 
Started at Wed Mar 11 13:25:17 CET 2026
Ended   at Wed Mar 11 13:26:44 CET 2026
talairach_avi done
