status file for recon-all
Wed Mar 11 16:38:15 CET 2026
#@# Tessellate rh Wed Mar 11 16:38:15 CET 2026
#@# Smooth1 rh Wed Mar 11 16:38:18 CET 2026
#@# Inflation1 rh Wed Mar 11 16:38:21 CET 2026
#@# QSphere rh Wed Mar 11 16:38:33 CET 2026
#@# Fix Topology rh Wed Mar 11 16:39:30 CET 2026
#@# Smooth2 rh Wed Mar 11 16:44:06 CET 2026
#@# Inflation2 rh Wed Mar 11 16:44:08 CET 2026
#@# Curv .H and .K rh Wed Mar 11 16:44:23 CET 2026
#@# Sphere rh Wed Mar 11 16:45:06 CET 2026
#@# Surf Reg rh Wed Mar 11 16:48:22 CET 2026
#@# Jacobian white rh Wed Mar 11 16:51:25 CET 2026
#@# AvgCurv rh Wed Mar 11 16:51:26 CET 2026
#@# Cortical Parc rh Wed Mar 11 16:51:27 CET 2026
#@# white curv rh Wed Mar 11 16:57:03 CET 2026
#@# white area rh Wed Mar 11 16:57:05 CET 2026
#@# pial curv rh Wed Mar 11 16:57:05 CET 2026
#@# pial area rh Wed Mar 11 16:57:07 CET 2026
#@# thickness rh Wed Mar 11 16:57:08 CET 2026
#@# area and vertex vol rh Wed Mar 11 16:57:35 CET 2026
#@# Curvature Stats rh Wed Mar 11 16:57:37 CET 2026
#@# Cortical Parc 2 rh Wed Mar 11 16:57:39 CET 2026
#@# Cortical Parc 3 rh Wed Mar 11 16:57:51 CET 2026
#@# WM/GM Contrast rh Wed Mar 11 16:58:00 CET 2026
recon-all -s sub-v2s18x29521_ses-1 finished without error at Wed Mar 11 16:58:04 CET 2026



#New# invocation of recon-all 



status file for recon-all
Wed Mar 11 17:04:31 CET 2026
#@# white curv rh Wed Mar 11 17:04:32 CET 2026
#@# white area rh Wed Mar 11 17:04:32 CET 2026
#@# pial curv rh Wed Mar 11 17:04:32 CET 2026
#@# pial area rh Wed Mar 11 17:04:32 CET 2026
#@# thickness rh Wed Mar 11 17:04:32 CET 2026
#@# area and vertex vol rh Wed Mar 11 17:04:32 CET 2026
#@# Parcellation Stats rh Wed Mar 11 17:04:32 CET 2026
#@# Parcellation Stats 2 rh Wed Mar 11 17:04:47 CET 2026
#@# Parcellation Stats 3 rh Wed Mar 11 17:04:55 CET 2026
#@# BA_exvivo Labels rh Wed Mar 11 17:05:02 CET 2026
recon-all -s sub-v2s18x29521_ses-1 finished without error at Wed Mar 11 17:07:22 CET 2026
