status file for recon-all
Wed Mar 11 14:38:26 CET 2026
#@# MotionCor Wed Mar 11 14:38:33 CET 2026
#@# Talairach Wed Mar 11 14:38:55 CET 2026
#@# Talairach Failure Detection Wed Mar 11 14:43:20 CET 2026
#@# Nu Intensity Correction Wed Mar 11 14:43:20 CET 2026
#@# Intensity Normalization Wed Mar 11 14:46:36 CET 2026
recon-all -s sub-v2s18x29521_ses-1 finished without error at Wed Mar 11 14:48:10 CET 2026



#New# invocation of recon-all 



status file for recon-all
Wed Mar 11 14:58:56 CET 2026
#@# EM Registration Wed Mar 11 14:58:56 CET 2026
recon-all -s sub-v2s18x29521_ses-1 finished without error at Wed Mar 11 15:00:36 CET 2026



#New# invocation of recon-all 



status file for recon-all
Wed Mar 11 15:00:40 CET 2026
#@# CA Normalize Wed Mar 11 15:00:40 CET 2026
#@# CA Reg Wed Mar 11 15:02:05 CET 2026
#@# SubCort Seg Wed Mar 11 15:48:26 CET 2026
#@# CC Seg Wed Mar 11 16:13:59 CET 2026
#@# Merge ASeg Wed Mar 11 16:14:35 CET 2026
#@# Intensity Normalization2 Wed Mar 11 16:14:35 CET 2026
#@# Mask BFS Wed Mar 11 16:16:50 CET 2026
#@# WM Segmentation Wed Mar 11 16:16:51 CET 2026
#@# Fill Wed Mar 11 16:18:35 CET 2026
recon-all -s sub-v2s18x29521_ses-1 finished without error at Wed Mar 11 16:19:38 CET 2026



#New# invocation of recon-all 



status file for recon-all
Wed Mar 11 16:58:09 CET 2026
#@# white curv lh Wed Mar 11 16:58:09 CET 2026
#@# white area lh Wed Mar 11 16:58:09 CET 2026
#@# pial curv lh Wed Mar 11 16:58:09 CET 2026
#@# pial area lh Wed Mar 11 16:58:09 CET 2026
#@# thickness lh Wed Mar 11 16:58:09 CET 2026
#@# area and vertex vol lh Wed Mar 11 16:58:09 CET 2026
#@# white curv rh Wed Mar 11 16:58:09 CET 2026
#@# white area rh Wed Mar 11 16:58:09 CET 2026
#@# pial curv rh Wed Mar 11 16:58:09 CET 2026
#@# pial area rh Wed Mar 11 16:58:09 CET 2026
#@# thickness rh Wed Mar 11 16:58:09 CET 2026
#@# area and vertex vol rh Wed Mar 11 16:58:09 CET 2026
#@# Cortical ribbon mask Wed Mar 11 16:58:09 CET 2026
recon-all -s sub-v2s18x29521_ses-1 finished without error at Wed Mar 11 17:01:37 CET 2026



#New# invocation of recon-all 



status file for recon-all
Wed Mar 11 17:07:26 CET 2026
#@# white curv lh Wed Mar 11 17:07:26 CET 2026
#@# white area lh Wed Mar 11 17:07:26 CET 2026
#@# pial curv lh Wed Mar 11 17:07:26 CET 2026
#@# pial area lh Wed Mar 11 17:07:26 CET 2026
#@# thickness lh Wed Mar 11 17:07:26 CET 2026
#@# area and vertex vol lh Wed Mar 11 17:07:26 CET 2026
#@# white curv rh Wed Mar 11 17:07:26 CET 2026
#@# white area rh Wed Mar 11 17:07:26 CET 2026
#@# pial curv rh Wed Mar 11 17:07:26 CET 2026
#@# pial area rh Wed Mar 11 17:07:26 CET 2026
#@# thickness rh Wed Mar 11 17:07:26 CET 2026
#@# area and vertex vol rh Wed Mar 11 17:07:26 CET 2026
#@# Curvature Stats lh Wed Mar 11 17:07:26 CET 2026
#@# Curvature Stats rh Wed Mar 11 17:07:28 CET 2026
#@# Relabel Hypointensities Wed Mar 11 17:07:30 CET 2026
#@# APas-to-ASeg Wed Mar 11 17:07:44 CET 2026
#@# AParc-to-ASeg aparc Wed Mar 11 17:07:51 CET 2026
#@# AParc-to-ASeg aparc.a2009s Wed Mar 11 17:08:13 CET 2026
#@# AParc-to-ASeg aparc.DKTatlas Wed Mar 11 17:08:35 CET 2026
#@# WMParc Wed Mar 11 17:08:56 CET 2026
#@# ASeg Stats Wed Mar 11 17:12:22 CET 2026
recon-all -s sub-v2s18x29521_ses-1 finished without error at Wed Mar 11 17:13:02 CET 2026
