status file for recon-all
Wed Mar 11 13:22:32 CET 2026
#@# MotionCor Wed Mar 11 13:22:39 CET 2026
#@# Talairach Wed Mar 11 13:23:02 CET 2026
#@# Talairach Failure Detection Wed Mar 11 13:27:27 CET 2026
#@# Nu Intensity Correction Wed Mar 11 13:27:27 CET 2026
#@# Intensity Normalization Wed Mar 11 13:30:42 CET 2026
recon-all -s sub-v2s18x29502_ses-1 finished without error at Wed Mar 11 13:32:09 CET 2026



#New# invocation of recon-all 



status file for recon-all
Wed Mar 11 13:43:31 CET 2026
#@# EM Registration Wed Mar 11 13:43:31 CET 2026
recon-all -s sub-v2s18x29502_ses-1 finished without error at Wed Mar 11 13:46:11 CET 2026



#New# invocation of recon-all 



status file for recon-all
Wed Mar 11 13:46:15 CET 2026
#@# CA Normalize Wed Mar 11 13:46:15 CET 2026
#@# CA Reg Wed Mar 11 13:47:38 CET 2026
#@# SubCort Seg Wed Mar 11 14:34:44 CET 2026
#@# CC Seg Wed Mar 11 15:01:38 CET 2026
#@# Merge ASeg Wed Mar 11 15:02:16 CET 2026
#@# Intensity Normalization2 Wed Mar 11 15:02:16 CET 2026
#@# Mask BFS Wed Mar 11 15:04:25 CET 2026
#@# WM Segmentation Wed Mar 11 15:04:26 CET 2026
#@# Fill Wed Mar 11 15:06:13 CET 2026
recon-all -s sub-v2s18x29502_ses-1 finished without error at Wed Mar 11 15:07:16 CET 2026



#New# invocation of recon-all 



status file for recon-all
Wed Mar 11 15:51:34 CET 2026
#@# white curv lh Wed Mar 11 15:51:34 CET 2026
#@# white area lh Wed Mar 11 15:51:34 CET 2026
#@# pial curv lh Wed Mar 11 15:51:34 CET 2026
#@# pial area lh Wed Mar 11 15:51:34 CET 2026
#@# thickness lh Wed Mar 11 15:51:34 CET 2026
#@# area and vertex vol lh Wed Mar 11 15:51:34 CET 2026
#@# white curv rh Wed Mar 11 15:51:34 CET 2026
#@# white area rh Wed Mar 11 15:51:34 CET 2026
#@# pial curv rh Wed Mar 11 15:51:34 CET 2026
#@# pial area rh Wed Mar 11 15:51:34 CET 2026
#@# thickness rh Wed Mar 11 15:51:34 CET 2026
#@# area and vertex vol rh Wed Mar 11 15:51:34 CET 2026
#@# Cortical ribbon mask Wed Mar 11 15:51:34 CET 2026
recon-all -s sub-v2s18x29502_ses-1 finished without error at Wed Mar 11 15:57:47 CET 2026



#New# invocation of recon-all 



status file for recon-all
Wed Mar 11 16:04:54 CET 2026
#@# white curv lh Wed Mar 11 16:04:54 CET 2026
#@# white area lh Wed Mar 11 16:04:54 CET 2026
#@# pial curv lh Wed Mar 11 16:04:54 CET 2026
#@# pial area lh Wed Mar 11 16:04:54 CET 2026
#@# thickness lh Wed Mar 11 16:04:54 CET 2026
#@# area and vertex vol lh Wed Mar 11 16:04:54 CET 2026
#@# white curv rh Wed Mar 11 16:04:55 CET 2026
#@# white area rh Wed Mar 11 16:04:55 CET 2026
#@# pial curv rh Wed Mar 11 16:04:55 CET 2026
#@# pial area rh Wed Mar 11 16:04:55 CET 2026
#@# thickness rh Wed Mar 11 16:04:55 CET 2026
#@# area and vertex vol rh Wed Mar 11 16:04:55 CET 2026
#@# Curvature Stats lh Wed Mar 11 16:04:55 CET 2026
#@# Curvature Stats rh Wed Mar 11 16:04:57 CET 2026
#@# Relabel Hypointensities Wed Mar 11 16:05:00 CET 2026
#@# APas-to-ASeg Wed Mar 11 16:05:16 CET 2026
#@# AParc-to-ASeg aparc Wed Mar 11 16:05:26 CET 2026
#@# AParc-to-ASeg aparc.a2009s Wed Mar 11 16:05:55 CET 2026
#@# AParc-to-ASeg aparc.DKTatlas Wed Mar 11 16:06:24 CET 2026
#@# WMParc Wed Mar 11 16:06:53 CET 2026
#@# ASeg Stats Wed Mar 11 16:11:02 CET 2026
recon-all -s sub-v2s18x29502_ses-1 finished without error at Wed Mar 11 16:11:45 CET 2026
