status file for recon-all
Wed Mar 11 15:07:21 CET 2026
#@# Tessellate lh Wed Mar 11 15:07:21 CET 2026
#@# Smooth1 lh Wed Mar 11 15:07:24 CET 2026
#@# Inflation1 lh Wed Mar 11 15:07:27 CET 2026
#@# QSphere lh Wed Mar 11 15:07:44 CET 2026
#@# Fix Topology lh Wed Mar 11 15:08:58 CET 2026
#@# Smooth2 lh Wed Mar 11 15:14:17 CET 2026
#@# Inflation2 lh Wed Mar 11 15:14:20 CET 2026
#@# Curv .H and .K lh Wed Mar 11 15:14:34 CET 2026
#@# Sphere lh Wed Mar 11 15:15:17 CET 2026
#@# Surf Reg lh Wed Mar 11 15:16:48 CET 2026
#@# Jacobian white lh Wed Mar 11 15:20:48 CET 2026
#@# AvgCurv lh Wed Mar 11 15:20:49 CET 2026
#@# Cortical Parc lh Wed Mar 11 15:20:50 CET 2026
#@# white curv lh Wed Mar 11 15:27:06 CET 2026
#@# white area lh Wed Mar 11 15:27:08 CET 2026
#@# pial curv lh Wed Mar 11 15:27:08 CET 2026
#@# pial area lh Wed Mar 11 15:27:10 CET 2026
#@# thickness lh Wed Mar 11 15:27:11 CET 2026
#@# area and vertex vol lh Wed Mar 11 15:27:43 CET 2026
#@# Curvature Stats lh Wed Mar 11 15:27:44 CET 2026
#@# Cortical Parc 2 lh Wed Mar 11 15:27:46 CET 2026
#@# Cortical Parc 3 lh Wed Mar 11 15:28:01 CET 2026
#@# WM/GM Contrast lh Wed Mar 11 15:28:11 CET 2026
recon-all -s sub-v2s18x29502_ses-1 finished without error at Wed Mar 11 15:28:17 CET 2026



#New# invocation of recon-all 



status file for recon-all
Wed Mar 11 15:57:52 CET 2026
#@# white curv lh Wed Mar 11 15:57:52 CET 2026
#@# white area lh Wed Mar 11 15:57:52 CET 2026
#@# pial curv lh Wed Mar 11 15:57:52 CET 2026
#@# pial area lh Wed Mar 11 15:57:52 CET 2026
#@# thickness lh Wed Mar 11 15:57:52 CET 2026
#@# area and vertex vol lh Wed Mar 11 15:57:52 CET 2026
#@# Parcellation Stats lh Wed Mar 11 15:57:52 CET 2026
#@# Parcellation Stats 2 lh Wed Mar 11 15:58:09 CET 2026
#@# Parcellation Stats 3 lh Wed Mar 11 15:58:17 CET 2026
#@# BA_exvivo Labels lh Wed Mar 11 15:58:27 CET 2026
recon-all -s sub-v2s18x29502_ses-1 finished without error at Wed Mar 11 16:01:16 CET 2026
