status file for recon-all
Wed Mar 11 15:28:20 CET 2026
#@# Tessellate rh Wed Mar 11 15:28:20 CET 2026
#@# Smooth1 rh Wed Mar 11 15:28:24 CET 2026
#@# Inflation1 rh Wed Mar 11 15:28:27 CET 2026
#@# QSphere rh Wed Mar 11 15:28:40 CET 2026
#@# Fix Topology rh Wed Mar 11 15:30:13 CET 2026
#@# Smooth2 rh Wed Mar 11 15:35:32 CET 2026
#@# Inflation2 rh Wed Mar 11 15:35:34 CET 2026
#@# Curv .H and .K rh Wed Mar 11 15:35:51 CET 2026
#@# Sphere rh Wed Mar 11 15:36:35 CET 2026
#@# Surf Reg rh Wed Mar 11 15:40:01 CET 2026
#@# Jacobian white rh Wed Mar 11 15:43:53 CET 2026
#@# AvgCurv rh Wed Mar 11 15:43:54 CET 2026
#@# Cortical Parc rh Wed Mar 11 15:43:55 CET 2026
#@# white curv rh Wed Mar 11 15:50:24 CET 2026
#@# white area rh Wed Mar 11 15:50:26 CET 2026
#@# pial curv rh Wed Mar 11 15:50:26 CET 2026
#@# pial area rh Wed Mar 11 15:50:28 CET 2026
#@# thickness rh Wed Mar 11 15:50:28 CET 2026
#@# area and vertex vol rh Wed Mar 11 15:50:57 CET 2026
#@# Curvature Stats rh Wed Mar 11 15:50:59 CET 2026
#@# Cortical Parc 2 rh Wed Mar 11 15:51:01 CET 2026
#@# Cortical Parc 3 rh Wed Mar 11 15:51:15 CET 2026
#@# WM/GM Contrast rh Wed Mar 11 15:51:25 CET 2026
recon-all -s sub-v2s18x29502_ses-1 finished without error at Wed Mar 11 15:51:30 CET 2026



#New# invocation of recon-all 



status file for recon-all
Wed Mar 11 16:01:19 CET 2026
#@# white curv rh Wed Mar 11 16:01:19 CET 2026
#@# white area rh Wed Mar 11 16:01:19 CET 2026
#@# pial curv rh Wed Mar 11 16:01:19 CET 2026
#@# pial area rh Wed Mar 11 16:01:19 CET 2026
#@# thickness rh Wed Mar 11 16:01:19 CET 2026
#@# area and vertex vol rh Wed Mar 11 16:01:20 CET 2026
#@# Parcellation Stats rh Wed Mar 11 16:01:20 CET 2026
#@# Parcellation Stats 2 rh Wed Mar 11 16:01:37 CET 2026
#@# Parcellation Stats 3 rh Wed Mar 11 16:01:46 CET 2026
#@# BA_exvivo Labels rh Wed Mar 11 16:01:55 CET 2026
recon-all -s sub-v2s18x29502_ses-1 finished without error at Wed Mar 11 16:04:49 CET 2026
