/out/sourcedata/freesurfer/sub-v2s18x29511_ses-1/mri
/opt/freesurfer/bin/talairach_avi
--i orig_nu.mgz --xfm transforms/talairach.auto.xfm
talairach_avi 7.3.2
Linux dna017 5.14.0-427.37.1.el9_4.x86_64 #1 SMP PREEMPT_DYNAMIC Fri Sep 13 12:41:50 EDT 2024 x86_64 x86_64 x86_64 GNU/Linux
Wed Mar 11 14:07:25 CET 2026
mri_convert orig_nu.mgz talsrcimg.img 
reading from orig_nu.mgz...
TR=0.00, TE=0.00, TI=0.00, flip angle=0.00
i_ras = (-1, 0, 0)
j_ras = (0, 0, -1)
k_ras = (0, 1, 0)
writing to talsrcimg.img...
Analyze Output Matrix
-1.00000   0.00000   0.00000   136.26384;
 0.00000   0.00000   1.00000  -83.84331;
 0.00000  -1.00000   0.00000   103.83025;
 0.00000   0.00000   0.00000   1.00000;
--------------------
INFO: set hdr.hist.orient to -1
mpr2mni305 talsrcimg
Wed Mar 11 14:07:26 CET 2026
/opt/freesurfer/bin/mpr2mni305 talsrcimg
mpr2mni305 7.3.2
target=711-2C_as_mni_average_305

---------------------------------------------------------------------
analyzeto4dfp talsrcimg -O0 -y
---------------------------------------------------------------------

freesurfer ifh2hdr.c
Wed Mar 11 14:07:26 2026
Writing: talsrcimg.4dfp.hdr
freesurfer analyzeto4dfp.c
Reading: talsrcimg.hdr
header size 348 bytes
hdr.dime.datatype	offset=70	value=2
hdr.dime.bitpix		offset=72	value=8
hdr.hist.orient		offset=252	value=-1
dimensionality     4
dimensions       256       256       256         1
Reading: talsrcimg.img
Writing: talsrcimg.4dfp.img
Writing: talsrcimg.4dfp.ifh
ifh2hdr talsrcimg -r0to190
ori=2

---------------------------------------------------------------------
gauss_4dfp talsrcimg 1.1
---------------------------------------------------------------------

freesurfer gauss_4dfp.c
Reading: talsrcimg.4dfp.img
Writing: talsrcimg_g11.4dfp.img
image dimensions 256 256 256 padded to 288 288 288
processing volume 1freesurfer ifh2hdr.c
Wed Mar 11 14:07:28 2026
Writing: talsrcimg_g11.4dfp.hdr

Writing: talsrcimg_g11.4dfp.ifh
including: talsrcimg.4dfp.img.rec in talsrcimg_g11.4dfp.img.rec

---------------------------------------------------------------------
imgreg_4dfp /opt/freesurfer/average/711-2C_as_mni_average_305 none talsrcimg_g11 none talsrcimg_to_711-2C_as_mni_average_305_t4 4355
---------------------------------------------------------------------

freesurfer imgreg_4dfp.c
/opt/freesurfer/average/711-2C_as_mni_average_305.4dfp.img
       256       256       256         1
  1.000000  1.000000  1.000000
orientation T byte_order littleendian
Reading image: /opt/freesurfer/average/711-2C_as_mni_average_305.4dfp.img
dimensions:      256       256       256
mmppix:       1.0000   -1.0000   -1.0000
center:     128.0000 -129.0000 -129.0000
talsrcimg_g11.4dfp.img
       256       256       256         1
  1.000000  1.000000  1.000000
orientation T byte_order littleendian
Reading image: talsrcimg_g11.4dfp.img
dimensions:      256       256       256
mmppix:       1.0000   -1.0000   -1.0000
center:     128.0000 -129.0000 -129.0000
t4_read: open error in t4_sub.f l:  41 t4_file(1:l)talsrcimg_to_711-2C_as_mni_average_305_t4 
t4_read: transform initialized to I4
rotation matrix determinant  1.000000
image alignment mode   4355 decimal     1103 hex
   -7.5000  -45.0000  -45.0000 6506.3340   19.0479
    0.0000  -45.0000  -45.0000 6804.5303   19.0388
    7.5000  -45.0000  -45.0000 6482.8135   19.0302
   -7.5000  -37.5000  -45.0000 7079.3750   18.5817
    0.0000  -37.5000  -45.0000 7395.3916   18.5719
    7.5000  -37.5000  -45.0000 7062.7173   18.5715
   -7.5000  -30.0000  -45.0000 8009.0181   18.3872
    0.0000  -30.0000  -45.0000 8347.0156   18.3722
    7.5000  -30.0000  -45.0000 7982.4258   18.3736
   -7.5000  -22.5000  -45.0000 8989.6504   18.3183
    0.0000  -22.5000  -45.0000 9362.4414   18.2974
    7.5000  -22.5000  -45.0000 8978.3936   18.2933
   -7.5000  -15.0000  -45.0000 9981.9658   18.3044
    0.0000  -15.0000  -45.000010389.4697   18.2823
    7.5000  -15.0000  -45.0000 9948.8662   18.2720
   -7.5000   -7.5000  -45.000010855.7773   18.3019
    0.0000   -7.5000  -45.000011314.5879   18.2849
    7.5000   -7.5000  -45.000010808.6494   18.2729
   -7.5000    0.0000  -45.000011609.6709   18.2961
    0.0000    0.0000  -45.000012091.1240   18.2844
    7.5000    0.0000  -45.000011559.4355   18.2777
   -7.5000    7.5000  -45.000011516.2998   18.2904
    0.0000    7.5000  -45.000011982.9150   18.2795
    7.5000    7.5000  -45.000011459.1221   18.2803
   -7.5000   15.0000  -45.000011381.0117   18.2927
    0.0000   15.0000  -45.000011841.6455   18.2773
    7.5000   15.0000  -45.000011323.7695   18.2794
   -7.5000   22.5000  -45.000011167.2539   18.2981
    0.0000   22.5000  -45.000011623.5947   18.2771
    7.5000   22.5000  -45.000011113.1973   18.2733
   -7.5000   30.0000  -45.000010738.7979   18.0604
    0.0000   30.0000  -45.000011176.2988   18.0387
    7.5000   30.0000  -45.000010666.2266   18.0285
   -7.5000   37.5000  -45.000010697.1045   18.0581
    0.0000   37.5000  -45.000011119.3105   18.0412
    7.5000   37.5000  -45.000010600.3271   18.0294
   -7.5000   45.0000  -45.000010010.3867   17.5938
    0.0000   45.0000  -45.000010422.0459   17.5826
    7.5000   45.0000  -45.0000 9934.1514   17.5762
   -7.5000  -45.0000  -37.5000 6870.3579   18.8997
    0.0000  -45.0000  -37.5000 7156.0352   18.8983
    7.5000  -45.0000  -37.5000 6843.3135   18.8904
   -7.5000  -37.5000  -37.5000 7490.7178   18.4376
    0.0000  -37.5000  -37.5000 7799.2095   18.4335
    7.5000  -37.5000  -37.5000 7476.2798   18.4339
   -7.5000  -30.0000  -37.5000 8515.2705   18.2488
    0.0000  -30.0000  -37.5000 8864.2197   18.2375
    7.5000  -30.0000  -37.5000 8489.7217   18.2397
   -7.5000  -22.5000  -37.5000 9572.9531   18.1879
    0.0000  -22.5000  -37.5000 9961.1094   18.1712
    7.5000  -22.5000  -37.5000 9546.9014   18.1688
   -7.5000  -15.0000  -37.500010602.1885   18.1784
    0.0000  -15.0000  -37.500011044.6982   18.1623
    7.5000  -15.0000  -37.500010555.3799   18.1538
   -7.5000   -7.5000  -37.500011539.6084   18.1718
    0.0000   -7.5000  -37.500012010.1084   18.1617
    7.5000   -7.5000  -37.500011461.4014   18.1510
   -7.5000    0.0000  -37.500012324.6846   18.1581
    0.0000    0.0000  -37.500012814.4160   18.1536
    7.5000    0.0000  -37.500012245.0410   18.1477
   -7.5000    7.5000  -37.500012211.7666   18.1491
    0.0000    7.5000  -37.500012697.6592   18.1436
    7.5000    7.5000  -37.500012138.9834   18.1452
   -7.5000   15.0000  -37.500012060.7363   18.1550
    0.0000   15.0000  -37.500012527.2432   18.1433
    7.5000   15.0000  -37.500011967.8984   18.1462
   -7.5000   22.5000  -37.500011799.0488   18.1681
    0.0000   22.5000  -37.500012253.6221   18.1513
    7.5000   22.5000  -37.500011699.0371   18.1490
   -7.5000   30.0000  -37.500011320.3838   17.9361
    0.0000   30.0000  -37.500011743.3174   17.9203
    7.5000   30.0000  -37.500011211.5029   17.9118
   -7.5000   37.5000  -37.500011253.3564   17.9296
    0.0000   37.5000  -37.500011668.3789   17.9196
    7.5000   37.5000  -37.500011129.4434   17.9091
   -7.5000   45.0000  -37.500010551.1201   17.4611
    0.0000   45.0000  -37.500010952.8701   17.4569
    7.5000   45.0000  -37.500010463.5625   17.4512
   -7.5000  -45.0000  -30.0000 7365.5024   19.6478
    0.0000  -45.0000  -30.0000 7667.6426   19.6513
    7.5000  -45.0000  -30.0000 7335.2661   19.6491
   -7.5000  -37.5000  -30.0000 8074.5747   19.1758
    0.0000  -37.5000  -30.0000 8409.2188   19.1756
    7.5000  -37.5000  -30.0000 8045.7139   19.1783
   -7.5000  -30.0000  -30.0000 9194.8105   18.9849
    0.0000  -30.0000  -30.0000 9583.9072   18.9777
    7.5000  -30.0000  -30.0000 9168.7676   18.9810
   -7.5000  -22.5000  -30.000010324.6875   18.9197
    0.0000  -22.5000  -30.000010745.1055   18.9088
    7.5000  -22.5000  -30.000010277.3154   18.9106
   -7.5000  -15.0000  -30.000011419.1260   18.9046
    0.0000  -15.0000  -30.000011878.6963   18.8951
    7.5000  -15.0000  -30.000011341.6553   18.8945
   -7.5000   -7.5000  -30.000012437.4668   18.8933
    0.0000   -7.5000  -30.000012912.3760   18.8887
    7.5000   -7.5000  -30.000012346.1318   18.8861
   -7.5000    0.0000  -30.000013274.8799   18.8793
    0.0000    0.0000  -30.000013779.2246   18.8790
    7.5000    0.0000  -30.000013187.3691   18.8787
   -7.5000    7.5000  -30.000013157.9199   18.8760
    0.0000    7.5000  -30.000013673.5557   18.8743
    7.5000    7.5000  -30.000013067.3809   18.8779
   -7.5000   15.0000  -30.000012978.1641   18.8872
    0.0000   15.0000  -30.000013477.9492   18.8795
    7.5000   15.0000  -30.000012858.2871   18.8835
   -7.5000   22.5000  -30.000012658.4932   18.8972
    0.0000   22.5000  -30.000013132.9453   18.8862
    7.5000   22.5000  -30.000012545.2256   18.8881
   -7.5000   30.0000  -30.000012116.8203   18.6545
    0.0000   30.0000  -30.000012549.9941   18.6451
    7.5000   30.0000  -30.000012003.4453   18.6445
   -7.5000   37.5000  -30.000012010.5762   18.6433
    0.0000   37.5000  -30.000012422.0928   18.6388
    7.5000   37.5000  -30.000011889.6816   18.6362
   -7.5000   45.0000  -30.000011301.7451   18.1680
    0.0000   45.0000  -30.000011665.7881   18.1678
    7.5000   45.0000  -30.000011197.9482   18.1674
   -7.5000  -45.0000  -22.5000 7906.1040   20.3246
    0.0000  -45.0000  -22.5000 8230.9463   20.3262
    7.5000  -45.0000  -22.5000 7880.3096   20.3317
   -7.5000  -37.5000  -22.5000 8701.5244   19.8502
    0.0000  -37.5000  -22.5000 9062.0732   19.8493
    7.5000  -37.5000  -22.5000 8668.4043   19.8543
   -7.5000  -30.0000  -22.5000 9889.6846   19.6534
    0.0000  -30.0000  -22.500010305.6621   19.6490
    7.5000  -30.0000  -22.5000 9863.8662   19.6533
   -7.5000  -22.5000  -22.500011093.7705   19.5723
    0.0000  -22.5000  -22.500011532.9160   19.5656
    7.5000  -22.5000  -22.500011047.4248   19.5722
   -7.5000  -15.0000  -22.500012247.0137   19.5440
    0.0000  -15.0000  -22.500012741.5664   19.5375
    7.5000  -15.0000  -22.500012181.1387   19.5464
   -7.5000   -7.5000  -22.500013340.0781   19.5337
    0.0000   -7.5000  -22.500013881.8574   19.5292
    7.5000   -7.5000  -22.500013270.8242   19.5370
   -7.5000    0.0000  -22.500014240.5361   19.5318
    0.0000    0.0000  -22.500014817.0430   19.5295
    7.5000    0.0000  -22.500014179.5615   19.5360
   -7.5000    7.5000  -22.500014119.5684   19.5411
    0.0000    7.5000  -22.500014698.6074   19.5387
    7.5000    7.5000  -22.500014029.3369   19.5446
   -7.5000   15.0000  -22.500013903.0596   19.5526
    0.0000   15.0000  -22.500014461.2090   19.5478
    7.5000   15.0000  -22.500013779.8535   19.5527
   -7.5000   22.5000  -22.500013568.7305   19.5476
    0.0000   22.5000  -22.500014104.9551   19.5409
    7.5000   22.5000  -22.500013447.2070   19.5476
   -7.5000   30.0000  -22.500012974.7754   19.2883
    0.0000   30.0000  -22.500013455.8193   19.2819
    7.5000   30.0000  -22.500012860.8438   19.2908
   -7.5000   37.5000  -22.500012802.4160   19.2782
    0.0000   37.5000  -22.500013225.2705   19.2738
    7.5000   37.5000  -22.500012687.5518   19.2814
   -7.5000   45.0000  -22.500012037.3408   18.8101
    0.0000   45.0000  -22.500012389.4570   18.8079
    7.5000   45.0000  -22.500011940.9941   18.8142
   -7.5000  -45.0000  -15.0000 8466.6113   20.8493
    0.0000  -45.0000  -15.0000 8809.4912   20.8449
    7.5000  -45.0000  -15.0000 8439.7490   20.8523
   -7.5000  -37.5000  -15.0000 9302.8877   20.3668
    0.0000  -37.5000  -15.0000 9678.5371   20.3618
    7.5000  -37.5000  -15.0000 9263.3037   20.3676
   -7.5000  -30.0000  -15.000010554.6768   20.1599
    0.0000  -30.0000  -15.000010980.7627   20.1543
    7.5000  -30.0000  -15.000010508.2471   20.1592
   -7.5000  -22.5000  -15.000011802.1094   20.0659
    0.0000  -22.5000  -15.000012288.7578   20.0577
    7.5000  -22.5000  -15.000011768.0244   20.0652
   -7.5000  -15.0000  -15.000013047.9736   20.0310
    0.0000  -15.0000  -15.000013608.5303   20.0210
    7.5000  -15.0000  -15.000013014.8613   20.0316
   -7.5000   -7.5000  -15.000014235.0020   20.0269
    0.0000   -7.5000  -15.000014873.1113   20.0175
    7.5000   -7.5000  -15.000014183.6621   20.0273
   -7.5000    0.0000  -15.000015236.5391   20.0366
    0.0000    0.0000  -15.000015908.6660   20.0285
    7.5000    0.0000  -15.000015181.3867   20.0366
   -7.5000    7.5000  -15.000015084.0898   20.0510
    0.0000    7.5000  -15.000015755.0088   20.0445
    7.5000    7.5000  -15.000014994.4902   20.0513
   -7.5000   15.0000  -15.000014789.4688   20.0570
    0.0000   15.0000  -15.000015441.0508   20.0508
    7.5000   15.0000  -15.000014673.4473   20.0564
   -7.5000   22.5000  -15.000014464.1797   20.0395
    0.0000   22.5000  -15.000015082.9424   20.0313
    7.5000   22.5000  -15.000014367.1514   20.0389
   -7.5000   30.0000  -15.000013843.5723   19.7718
    0.0000   30.0000  -15.000014409.7852   19.7619
    7.5000   30.0000  -15.000013755.0967   19.7724
   -7.5000   37.5000  -15.000013614.6064   19.7677
    0.0000   37.5000  -15.000014098.8838   19.7585
    7.5000   37.5000  -15.000013504.9873   19.7682
   -7.5000   45.0000  -15.000012807.5059   19.3079
    0.0000   45.0000  -15.000013191.7734   19.3001
    7.5000   45.0000  -15.000012721.1016   19.3079
   -7.5000  -45.0000   -7.5000 9019.6377   21.1314
    0.0000  -45.0000   -7.5000 9384.4141   21.1207
    7.5000  -45.0000   -7.5000 8981.7344   21.1200
   -7.5000  -37.5000   -7.5000 9892.7939   20.6316
    0.0000  -37.5000   -7.500010309.0820   20.6209
    7.5000  -37.5000   -7.5000 9862.0908   20.6241
   -7.5000  -30.0000   -7.500011213.7139   20.4175
    0.0000  -30.0000   -7.500011658.0771   20.4048
    7.5000  -30.0000   -7.500011161.0811   20.4085
   -7.5000  -22.5000   -7.500012524.0225   20.3275
    0.0000  -22.5000   -7.500013041.9766   20.3099
    7.5000  -22.5000   -7.500012496.2988   20.3116
   -7.5000  -15.0000   -7.500013842.0059   20.2997
    0.0000  -15.0000   -7.500014462.3672   20.2798
    7.5000  -15.0000   -7.500013790.8506   20.2792
   -7.5000   -7.5000   -7.500015167.3770   20.2988
    0.0000   -7.5000   -7.500015874.9961   20.2816
    7.5000   -7.5000   -7.500015082.4531   20.2798
   -7.5000    0.0000   -7.500016327.4932   20.3053
    0.0000    0.0000   -7.500017123.4453   20.2915
    7.5000    0.0000   -7.500016262.6074   20.2921
   -7.5000    7.5000   -7.500016093.0762   20.3116
    0.0000    7.5000   -7.500016907.2969   20.2996
    7.5000    7.5000   -7.500016017.4902   20.3040
   -7.5000   15.0000   -7.500015745.0361   20.3134
    0.0000   15.0000   -7.500016501.7949   20.3003
    7.5000   15.0000   -7.500015626.8018   20.3047
   -7.5000   22.5000   -7.500015393.3984   20.2986
    0.0000   22.5000   -7.500016123.8936   20.2809
    7.5000   22.5000   -7.500015282.0078   20.2828
   -7.5000   30.0000   -7.500014762.1416   20.0364
    0.0000   30.0000   -7.500015421.8408   20.0168
    7.5000   30.0000   -7.500014651.2148   20.0162
   -7.5000   37.5000   -7.500014463.1934   20.0356
    0.0000   37.5000   -7.500015034.7773   20.0186
    7.5000   37.5000   -7.500014345.3330   20.0168
   -7.5000   45.0000   -7.500013610.2529   19.5705
    0.0000   45.0000   -7.500014092.5078   19.5572
    7.5000   45.0000   -7.500013507.7793   19.5577
   -7.5000  -45.0000    0.0000 9479.8350   21.1796
    0.0000  -45.0000    0.0000 9886.8408   21.1695
    7.5000  -45.0000    0.0000 9457.1494   21.1606
   -7.5000  -37.5000    0.000010410.9697   20.6650
    0.0000  -37.5000    0.000010843.8623   20.6542
    7.5000  -37.5000    0.000010369.1777   20.6544
   -7.5000  -30.0000    0.000011772.7061   20.4495
    0.0000  -30.0000    0.000012258.8574   20.4330
    7.5000  -30.0000    0.000011701.8076   20.4353
   -7.5000  -22.5000    0.000013113.1504   20.3720
    0.0000  -22.5000    0.000013693.6455   20.3490
    7.5000  -22.5000    0.000013049.6992   20.3453
   -7.5000  -15.0000    0.000014443.4570   20.3559
    0.0000  -15.0000    0.000015098.8291   20.3317
    7.5000  -15.0000    0.000014364.2930   20.3210
   -7.5000   -7.5000    0.000015922.8818   20.3540
    0.0000   -7.5000    0.000016685.6641   20.3352
    7.5000   -7.5000    0.000015829.3076   20.3226
   -7.5000    0.0000    0.000017384.1270   20.3487
    0.0000    0.0000    0.000018387.3809   20.3358
    7.5000    0.0000    0.000017297.5508   20.3290
   -7.5000    7.5000    0.000017164.3633   20.3431
    0.0000    7.5000    0.000018305.5020   20.3310
    7.5000    7.5000    0.000017019.3438   20.3325
   -7.5000   15.0000    0.000016694.0762   20.3450
    0.0000   15.0000    0.000017724.4883   20.3281
    7.5000   15.0000    0.000016505.3086   20.3311
   -7.5000   22.5000    0.000016275.1709   20.3431
    0.0000   22.5000    0.000017222.5898   20.3201
    7.5000   22.5000    0.000016084.4248   20.3166
   -7.5000   30.0000    0.000015581.6973   20.0925
    0.0000   30.0000    0.000016418.1035   20.0686
    7.5000   30.0000    0.000015389.5186   20.0580
   -7.5000   37.5000    0.000015275.1660   20.0906
    0.0000   37.5000    0.000016006.5596   20.0720
    7.5000   37.5000    0.000015042.8525   20.0596
   -7.5000   45.0000    0.000014400.1621   19.6138
    0.0000   45.0000    0.000015006.1270   19.6013
    7.5000   45.0000    0.000014139.6299   19.5948
   -7.5000  -45.0000    7.5000 9202.3350   21.1409
    0.0000  -45.0000    7.5000 9599.2910   21.1393
    7.5000  -45.0000    7.5000 9162.1201   21.1306
   -7.5000  -37.5000    7.500010108.4473   20.6237
    0.0000  -37.5000    7.500010526.8242   20.6192
    7.5000  -37.5000    7.500010042.3486   20.6198
   -7.5000  -30.0000    7.500011420.4893   20.4122
    0.0000  -30.0000    7.500011903.9512   20.3995
    7.5000  -30.0000    7.500011355.9629   20.4021
   -7.5000  -22.5000    7.500012714.2461   20.3439
    0.0000  -22.5000    7.500013300.2842   20.3253
    7.5000  -22.5000    7.500012655.9023   20.3227
   -7.5000  -15.0000    7.500013978.2158   20.3335
    0.0000  -15.0000    7.500014654.5908   20.3156
    7.5000  -15.0000    7.500013944.9443   20.3062
   -7.5000   -7.5000    7.500015446.8057   20.3267
    0.0000   -7.5000    7.500016248.6758   20.3154
    7.5000   -7.5000    7.500015393.7344   20.3036
   -7.5000    0.0000    7.500016915.2285   20.3116
    0.0000    0.0000    7.500018179.9062   20.3066
    7.5000    0.0000    7.500016801.7461   20.3001
   -7.5000    7.5000    7.500016883.6055   20.3012
    0.0000    7.5000    7.500018295.6914   20.2951
    7.5000    7.5000    7.500016597.1777   20.2969
   -7.5000   15.0000    7.500016531.3574   20.3073
    0.0000   15.0000    7.500017786.2852   20.2942
    7.5000   15.0000    7.500016099.5615   20.2975
   -7.5000   22.5000    7.500016138.3740   20.3152
    0.0000   22.5000    7.500017209.8906   20.2964
    7.5000   22.5000    7.500015656.5352   20.2940
   -7.5000   30.0000    7.500015400.2920   20.0704
    0.0000   30.0000    7.500016288.3154   20.0527
    7.5000   30.0000    7.500014938.6172   20.0434
   -7.5000   37.5000    7.500014974.9609   20.0637
    0.0000   37.5000    7.500015729.3848   20.0525
    7.5000   37.5000    7.500014539.8896   20.0408
   -7.5000   45.0000    7.500013986.0127   19.5780
    0.0000   45.0000    7.500014619.4707   19.5733
    7.5000   45.0000    7.500013606.8379   19.5670
   -7.5000  -45.0000   15.0000 8835.7480   21.1010
    0.0000  -45.0000   15.0000 9243.7158   21.1048
    7.5000  -45.0000   15.0000 8798.2617   21.1025
   -7.5000  -37.5000   15.0000 9697.7568   20.5942
    0.0000  -37.5000   15.000010127.4512   20.5940
    7.5000  -37.5000   15.0000 9635.2852   20.5968
   -7.5000  -30.0000   15.000010954.9258   20.3892
    0.0000  -30.0000   15.000011442.1797   20.3815
    7.5000  -30.0000   15.000010901.8623   20.3851
   -7.5000  -22.5000   15.000012185.1816   20.3191
    0.0000  -22.5000   15.000012749.0605   20.3074
    7.5000  -22.5000   15.000012144.1631   20.3094
   -7.5000  -15.0000   15.000013417.6924   20.3029
    0.0000  -15.0000   15.000014032.2285   20.2927
    7.5000  -15.0000   15.000013355.9043   20.2921
   -7.5000   -7.5000   15.000014747.0479   20.2906
    0.0000   -7.5000   15.000015473.8613   20.2858
    7.5000   -7.5000   15.000014623.6191   20.2830
   -7.5000    0.0000   15.000016011.1357   20.2756
    0.0000    0.0000   15.000017052.4043   20.2753
    7.5000    0.0000   15.000015811.5137   20.2750
   -7.5000    7.5000   15.000016060.6367   20.2721
    0.0000    7.5000   15.000017215.1250   20.2703
    7.5000    7.5000   15.000015689.8926   20.2742
   -7.5000   15.0000   15.000015919.7676   20.2842
    0.0000   15.0000   15.000017019.2949   20.2760
    7.5000   15.0000   15.000015384.2705   20.2803
   -7.5000   22.5000   15.000015552.9219   20.2905
    0.0000   22.5000   15.000016603.1113   20.2787
    7.5000   22.5000   15.000015008.1787   20.2808
   -7.5000   30.0000   15.000014769.5088   20.0401
    0.0000   30.0000   15.000015711.2988   20.0300
    7.5000   30.0000   15.000014295.2031   20.0294
   -7.5000   37.5000   15.000014248.8799   20.0280
    0.0000   37.5000   15.000015094.7998   20.0232
    7.5000   37.5000   15.000013854.2441   20.0205
   -7.5000   45.0000   15.000013252.8418   19.5433
    0.0000   45.0000   15.000013966.7998   19.5431
    7.5000   45.0000   15.000012963.4795   19.5427
   -7.5000  -45.0000   22.5000 8362.6738   21.1743
    0.0000  -45.0000   22.5000 8742.6279   21.1766
    7.5000  -45.0000   22.5000 8325.6777   21.1831
   -7.5000  -37.5000   22.5000 9187.1992   20.6790
    0.0000  -37.5000   22.5000 9591.1855   20.6787
    7.5000  -37.5000   22.5000 9126.3994   20.6847
   -7.5000  -30.0000   22.500010383.6514   20.4733
    0.0000  -30.0000   22.500010839.3047   20.4693
    7.5000  -30.0000   22.500010298.7383   20.4745
   -7.5000  -22.5000   22.500011550.6650   20.3885
    0.0000  -22.5000   22.500012073.4375   20.3821
    7.5000  -22.5000   22.500011455.1943   20.3897
   -7.5000  -15.0000   22.500012758.3008   20.3588
    0.0000  -15.0000   22.500013302.6582   20.3526
    7.5000  -15.0000   22.500012620.2734   20.3627
   -7.5000   -7.5000   22.500013955.6348   20.3480
    0.0000   -7.5000   22.500014654.0029   20.3439
    7.5000   -7.5000   22.500013803.5156   20.3528
   -7.5000    0.0000   22.500015010.1357   20.3461
    0.0000    0.0000   22.500015929.3721   20.3442
    7.5000    0.0000   22.500014871.7812   20.3519
   -7.5000    7.5000   22.500014915.8281   20.3559
    0.0000    7.5000   22.500015885.5771   20.3539
    7.5000    7.5000   22.500014773.9053   20.3609
   -7.5000   15.0000   22.500014693.2861   20.3679
    0.0000   15.0000   22.500015666.3760   20.3634
    7.5000   15.0000   22.500014560.3135   20.3693
   -7.5000   22.5000   22.500014395.7480   20.3596
    0.0000   22.5000   22.500015335.9326   20.3531
    7.5000   22.5000   22.500014253.1836   20.3609
   -7.5000   30.0000   22.500013782.6191   20.0953
    0.0000   30.0000   22.500014655.0391   20.0892
    7.5000   30.0000   22.500013625.6416   20.0992
   -7.5000   37.5000   22.500013366.0869   20.0847
    0.0000   37.5000   22.500014154.3203   20.0806
    7.5000   37.5000   22.500013209.4971   20.0894
   -7.5000   45.0000   22.500012469.5029   19.6113
    0.0000   45.0000   22.500013140.1455   19.6095
    7.5000   45.0000   22.500012325.0625   19.6169
   -7.5000  -45.0000   30.0000 7775.9092   21.3969
    0.0000  -45.0000   30.0000 8145.0776   21.3945
    7.5000  -45.0000   30.0000 7729.9609   21.4051
   -7.5000  -37.5000   30.0000 8564.1953   20.9035
    0.0000  -37.5000   30.0000 8918.1826   20.9006
    7.5000  -37.5000   30.0000 8493.5713   20.9095
   -7.5000  -30.0000   30.0000 9686.0576   20.6890
    0.0000  -30.0000   30.000010066.9141   20.6853
    7.5000  -30.0000   30.0000 9604.6699   20.6932
   -7.5000  -22.5000   30.000010803.9346   20.5926
    0.0000  -22.5000   30.000011224.6699   20.5862
    7.5000  -22.5000   30.000010742.7041   20.5967
   -7.5000  -15.0000   30.000011868.0898   20.5575
    0.0000  -15.0000   30.000012341.0439   20.5492
    7.5000  -15.0000   30.000011828.6992   20.5629
   -7.5000   -7.5000   30.000012890.5488   20.5529
    0.0000   -7.5000   30.000013508.3564   20.5452
    7.5000   -7.5000   30.000012922.3926   20.5581
   -7.5000    0.0000   30.000013838.1045   20.5618
    0.0000    0.0000   30.000014564.5791   20.5556
    7.5000    0.0000   30.000013882.1084   20.5668
   -7.5000    7.5000   30.000013716.1094   20.5758
    0.0000    7.5000   30.000014449.7363   20.5713
    7.5000    7.5000   30.000013745.0176   20.5812
   -7.5000   15.0000   30.000013508.5352   20.5821
    0.0000   15.0000   30.000014242.5674   20.5778
    7.5000   15.0000   30.000013526.1768   20.5865
   -7.5000   22.5000   30.000013226.9150   20.5631
    0.0000   22.5000   30.000013959.6074   20.5567
    7.5000   22.5000   30.000013231.2471   20.5673
   -7.5000   30.0000   30.000012747.3643   20.2915
    0.0000   30.0000   30.000013436.1182   20.2833
    7.5000   30.0000   30.000012698.5898   20.2968
   -7.5000   37.5000   30.000012431.6016   20.2869
    0.0000   37.5000   30.000013055.4473   20.2793
    7.5000   37.5000   30.000012362.7578   20.2921
   -7.5000   45.0000   30.000011603.5830   19.8192
    0.0000   45.0000   30.000012176.8389   19.8132
    7.5000   45.0000   30.000011530.4395   19.8240
   -7.5000  -45.0000   37.5000 7457.7339   21.7987
    0.0000  -45.0000   37.5000 7797.8911   21.7909
    7.5000  -45.0000   37.5000 7441.0815   21.7941
   -7.5000  -37.5000   37.5000 8200.9834   21.2831
    0.0000  -37.5000   37.5000 8528.5654   21.2756
    7.5000  -37.5000   37.5000 8190.9199   21.2833
   -7.5000  -30.0000   37.5000 9274.4912   21.0568
    0.0000  -30.0000   37.5000 9611.6387   21.0469
    7.5000  -30.0000   37.5000 9254.6553   21.0550
   -7.5000  -22.5000   37.500010346.9014   20.9635
    0.0000  -22.5000   37.500010725.8135   20.9481
    7.5000  -22.5000   37.500010343.2676   20.9537
   -7.5000  -15.0000   37.500011346.8164   20.9361
    0.0000  -15.0000   37.500011800.4541   20.9183
    7.5000  -15.0000   37.500011375.6699   20.9211
   -7.5000   -7.5000   37.500012347.9756   20.9350
    0.0000   -7.5000   37.500012894.8760   20.9201
    7.5000   -7.5000   37.500012399.7637   20.9216
   -7.5000    0.0000   37.500013260.9209   20.9403
    0.0000    0.0000   37.500013879.2998   20.9293
    7.5000    0.0000   37.500013320.1885   20.9336
   -7.5000    7.5000   37.500013128.3486   20.9450
    0.0000    7.5000   37.500013740.4727   20.9360
    7.5000    7.5000   37.500013165.4756   20.9448
   -7.5000   15.0000   37.500012900.7188   20.9464
    0.0000   15.0000   37.500013497.2920   20.9359
    7.5000   15.0000   37.500012933.7178   20.9448
   -7.5000   22.5000   37.500012605.9434   20.9331
    0.0000   22.5000   37.500013221.4648   20.9177
    7.5000   22.5000   37.500012619.0215   20.9234
   -7.5000   30.0000   37.500012183.2031   20.6651
    0.0000   30.0000   37.500012776.4307   20.6476
    7.5000   30.0000   37.500012158.2412   20.6503
   -7.5000   37.5000   37.500011934.3936   20.6641
    0.0000   37.5000   37.500012482.9688   20.6493
    7.5000   37.5000   37.500011890.7627   20.6508
   -7.5000   45.0000   37.500011120.7031   20.1840
    0.0000   45.0000   37.500011636.4512   20.1734
    7.5000   45.0000   37.500011065.0781   20.1776
   -7.5000  -45.0000   45.0000 6817.0527   22.2120
    0.0000  -45.0000   45.0000 7130.6479   22.2077
    7.5000  -45.0000   45.0000 6824.2788   22.2060
   -7.5000  -37.5000   45.0000 7494.7114   21.6654
    0.0000  -37.5000   45.0000 7801.7090   21.6605
    7.5000  -37.5000   45.0000 7517.1870   21.6686
   -7.5000  -30.0000   45.0000 8500.7773   21.4306
    0.0000  -30.0000   45.0000 8813.7725   21.4196
    7.5000  -30.0000   45.0000 8501.1582   21.4296
   -7.5000  -22.5000   45.0000 9472.1543   21.3469
    0.0000  -22.5000   45.0000 9821.8945   21.3289
    7.5000  -22.5000   45.0000 9477.6924   21.3319
   -7.5000  -15.0000   45.000010390.5361   21.3308
    0.0000  -15.0000   45.000010796.3428   21.3114
    7.5000  -15.0000   45.000010410.2549   21.3065
   -7.5000   -7.5000   45.000011320.1455   21.3286
    0.0000   -7.5000   45.000011745.6895   21.3148
    7.5000   -7.5000   45.000011349.5410   21.3082
   -7.5000    0.0000   45.000012146.5225   21.3216
    0.0000    0.0000   45.000012641.5625   21.3140
    7.5000    0.0000   45.000012190.8252   21.3141
   -7.5000    7.5000   45.000012008.2773   21.3135
    0.0000    7.5000   45.000012518.0127   21.3070
    7.5000    7.5000   45.000012051.4229   21.3164
   -7.5000   15.0000   45.000011768.5254   21.3152
    0.0000   15.0000   45.000012271.4639   21.3037
    7.5000   15.0000   45.000011800.0156   21.3143
   -7.5000   22.5000   45.000011483.0645   21.3154
    0.0000   22.5000   45.000011997.5615   21.2974
    7.5000   22.5000   45.000011490.0088   21.3005
   -7.5000   30.0000   45.000011122.3545   21.0529
    0.0000   30.0000   45.000011629.3252   21.0337
    7.5000   30.0000   45.000011103.2354   21.0289
   -7.5000   37.5000   45.000010926.3252   21.0507
    0.0000   37.5000   45.000011406.1289   21.0371
    7.5000   37.5000   45.000010879.8789   21.0306
   -7.5000   45.0000   45.000010190.3818   20.5608
    0.0000   45.0000   45.000010640.3467   20.5535
    7.5000   45.0000   45.000010127.9248   20.5537

---------------------------------------------------------------------
imgreg_4dfp /opt/freesurfer/average/711-2C_as_mni_average_305 /opt/freesurfer/average/711-2B_as_mni_average_305_mask talsrcimg_g11 none talsrcimg_to_711-2C_as_mni_average_305_t4 4355
---------------------------------------------------------------------

freesurfer imgreg_4dfp.c
/opt/freesurfer/average/711-2C_as_mni_average_305.4dfp.img
       256       256       256         1
  1.000000  1.000000  1.000000
orientation T byte_order littleendian
Reading image: /opt/freesurfer/average/711-2C_as_mni_average_305.4dfp.img
dimensions:      256       256       256
mmppix:       1.0000   -1.0000   -1.0000
center:     128.0000 -129.0000 -129.0000
/opt/freesurfer/average/711-2B_as_mni_average_305_mask.4dfp.img
       256       256       256         1
  1.000000  1.000000  1.000000
orientation T byte_order littleendian
Reading mask: /opt/freesurfer/average/711-2B_as_mni_average_305_mask.4dfp.img (2306576 pixels)
talsrcimg_g11.4dfp.img
       256       256       256         1
  1.000000  1.000000  1.000000
orientation T byte_order littleendian
Reading image: talsrcimg_g11.4dfp.img
dimensions:      256       256       256
mmppix:       1.0000   -1.0000   -1.0000
center:     128.0000 -129.0000 -129.0000
rotation matrix determinant  1.000000
image alignment mode   4355 decimal     1103 hex
   -7.5000  -45.0000  -45.0000 1900.1375   31.5712
    0.0000  -45.0000  -45.0000 1901.8394   31.7196
    7.5000  -45.0000  -45.0000 1883.4124   31.7163
   -7.5000  -37.5000  -45.0000 2017.1409   27.8063
    0.0000  -37.5000  -45.0000 2018.6193   27.8412
    7.5000  -37.5000  -45.0000 2000.4080   27.9046
   -7.5000  -30.0000  -45.0000 2124.2256   24.7687
    0.0000  -30.0000  -45.0000 2125.4043   24.7685
    7.5000  -30.0000  -45.0000 2111.3503   24.8377
   -7.5000  -22.5000  -45.0000 2230.1531   22.5067
    0.0000  -22.5000  -45.0000 2232.7429   22.4976
    7.5000  -22.5000  -45.0000 2220.1699   22.5466
   -7.5000  -15.0000  -45.0000 2316.4470   20.8722
    0.0000  -15.0000  -45.0000 2316.8047   20.8183
    7.5000  -15.0000  -45.0000 2302.8638   20.8996
   -7.5000   -7.5000  -45.0000 2368.9956   19.6948
    0.0000   -7.5000  -45.0000 2374.4106   19.6424
    7.5000   -7.5000  -45.0000 2352.2661   19.7274
   -7.5000    0.0000  -45.0000 2396.0591   18.8806
    0.0000    0.0000  -45.0000 2406.4080   18.8158
    7.5000    0.0000  -45.0000 2384.5542   18.8750
   -7.5000    7.5000  -45.0000 2413.4663   18.4855
    0.0000    7.5000  -45.0000 2422.4731   18.3900
    7.5000    7.5000  -45.0000 2403.3645   18.4526
   -7.5000   15.0000  -45.0000 2408.6453   18.4861
    0.0000   15.0000  -45.0000 2418.0762   18.3152
    7.5000   15.0000  -45.0000 2402.4243   18.3937
   -7.5000   22.5000  -45.0000 2395.9136   18.6984
    0.0000   22.5000  -45.0000 2411.5254   18.5659
    7.5000   22.5000  -45.0000 2395.3621   18.6109
   -7.5000   30.0000  -45.0000 2361.6016   19.2886
    0.0000   30.0000  -45.0000 2379.7124   19.1316
    7.5000   30.0000  -45.0000 2366.0076   19.1764
   -7.5000   37.5000  -45.0000 2313.6443   20.1986
    0.0000   37.5000  -45.0000 2330.6499   20.0447
    7.5000   37.5000  -45.0000 2319.5359   20.0972
   -7.5000   45.0000  -45.0000 2244.5247   21.5688
    0.0000   45.0000  -45.0000 2260.9414   21.4303
    7.5000   45.0000  -45.0000 2243.7087   21.4319
   -7.5000  -45.0000  -37.5000 1953.6824   29.4755
    0.0000  -45.0000  -37.5000 1955.2717   29.6066
    7.5000  -45.0000  -37.5000 1940.6921   29.6383
   -7.5000  -37.5000  -37.5000 2078.1992   25.9733
    0.0000  -37.5000  -37.5000 2083.7502   25.9886
    7.5000  -37.5000  -37.5000 2068.0984   26.0659
   -7.5000  -30.0000  -37.5000 2198.8533   23.2029
    0.0000  -30.0000  -37.5000 2206.0784   23.1779
    7.5000  -30.0000  -37.5000 2187.5513   23.2819
   -7.5000  -22.5000  -37.5000 2308.9685   21.0460
    0.0000  -22.5000  -37.5000 2317.6045   21.0164
    7.5000  -22.5000  -37.5000 2300.8723   21.1065
   -7.5000  -15.0000  -37.5000 2401.9739   19.4344
    0.0000  -15.0000  -37.5000 2409.8552   19.3751
    7.5000  -15.0000  -37.5000 2389.5371   19.4250
   -7.5000   -7.5000  -37.5000 2459.0254   18.2945
    0.0000   -7.5000  -37.5000 2469.0559   18.2218
    7.5000   -7.5000  -37.5000 2443.5430   18.3027
   -7.5000    0.0000  -37.5000 2490.5356   17.4900
    0.0000    0.0000  -37.5000 2501.4292   17.4084
    7.5000    0.0000  -37.5000 2478.6362   17.5237
   -7.5000    7.5000  -37.5000 2509.8208   17.0683
    0.0000    7.5000  -37.5000 2521.3147   16.9726
    7.5000    7.5000  -37.5000 2501.6079   17.1052
   -7.5000   15.0000  -37.5000 2508.2839   17.0602
    0.0000   15.0000  -37.5000 2521.4609   16.9308
    7.5000   15.0000  -37.5000 2505.6787   17.0483
   -7.5000   22.5000  -37.5000 2494.2361   17.2780
    0.0000   22.5000  -37.5000 2509.9561   17.0980
    7.5000   22.5000  -37.5000 2494.5332   17.2380
   -7.5000   30.0000  -37.5000 2462.6270   17.8107
    0.0000   30.0000  -37.5000 2477.6743   17.6179
    7.5000   30.0000  -37.5000 2461.4014   17.7426
   -7.5000   37.5000  -37.5000 2414.8772   18.6651
    0.0000   37.5000  -37.5000 2432.7871   18.4968
    7.5000   37.5000  -37.5000 2412.5786   18.5737
   -7.5000   45.0000  -37.5000 2340.5786   19.9085
    0.0000   45.0000  -37.5000 2360.9775   19.7597
    7.5000   45.0000  -37.5000 2338.5437   19.8239
   -7.5000  -45.0000  -30.0000 2034.2126   28.6400
    0.0000  -45.0000  -30.0000 2033.1711   28.6966
    7.5000  -45.0000  -30.0000 2023.4714   28.9151
   -7.5000  -37.5000  -30.0000 2174.5486   25.2189
    0.0000  -37.5000  -30.0000 2180.0491   25.2720
    7.5000  -37.5000  -30.0000 2159.8628   25.4004
   -7.5000  -30.0000  -30.0000 2308.2483   22.5192
    0.0000  -30.0000  -30.0000 2319.0881   22.5078
    7.5000  -30.0000  -30.0000 2292.7622   22.6531
   -7.5000  -22.5000  -30.0000 2426.5303   20.3927
    0.0000  -22.5000  -30.0000 2435.4976   20.3571
    7.5000  -22.5000  -30.0000 2408.3489   20.4805
   -7.5000  -15.0000  -30.0000 2517.7732   18.7638
    0.0000  -15.0000  -30.0000 2528.0142   18.6917
    7.5000  -15.0000  -30.0000 2501.3035   18.7877
   -7.5000   -7.5000  -30.0000 2586.3059   17.6169
    0.0000   -7.5000  -30.0000 2592.7444   17.4711
    7.5000   -7.5000  -30.0000 2570.5811   17.6099
   -7.5000    0.0000  -30.0000 2628.3005   16.8225
    0.0000    0.0000  -30.0000 2636.8494   16.6804
    7.5000    0.0000  -30.0000 2617.1355   16.8420
   -7.5000    7.5000  -30.0000 2656.7729   16.3802
    0.0000    7.5000  -30.0000 2667.8752   16.2601
    7.5000    7.5000  -30.0000 2645.7075   16.4321
   -7.5000   15.0000  -30.0000 2662.4658   16.3483
    0.0000   15.0000  -30.0000 2674.7783   16.2155
    7.5000   15.0000  -30.0000 2652.9585   16.3406
   -7.5000   22.5000  -30.0000 2643.2097   16.5638
    0.0000   22.5000  -30.0000 2655.7068   16.4086
    7.5000   22.5000  -30.0000 2641.7505   16.5376
   -7.5000   30.0000  -30.0000 2608.8936   17.1047
    0.0000   30.0000  -30.0000 2625.5408   16.8981
    7.5000   30.0000  -30.0000 2609.2144   17.0371
   -7.5000   37.5000  -30.0000 2559.4736   17.9375
    0.0000   37.5000  -30.0000 2574.6873   17.7313
    7.5000   37.5000  -30.0000 2555.5188   17.8634
   -7.5000   45.0000  -30.0000 2481.6260   19.0853
    0.0000   45.0000  -30.0000 2498.9307   18.9105
    7.5000   45.0000  -30.0000 2476.7319   19.0606
   -7.5000  -45.0000  -22.5000 2093.3916   27.8617
    0.0000  -45.0000  -22.5000 2095.4343   27.8138
    7.5000  -45.0000  -22.5000 2086.4846   28.1548
   -7.5000  -37.5000  -22.5000 2245.5940   24.5074
    0.0000  -37.5000  -22.5000 2252.7283   24.4860
    7.5000  -37.5000  -22.5000 2235.0757   24.7011
   -7.5000  -30.0000  -22.5000 2382.2527   21.7879
    0.0000  -30.0000  -22.5000 2395.1614   21.7753
    7.5000  -30.0000  -22.5000 2371.9458   21.9310
   -7.5000  -22.5000  -22.5000 2503.1489   19.6412
    0.0000  -22.5000  -22.5000 2511.8665   19.5997
    7.5000  -22.5000  -22.5000 2489.6641   19.7414
   -7.5000  -15.0000  -22.5000 2603.0212   18.0244
    0.0000  -15.0000  -22.5000 2610.8984   17.9307
    7.5000  -15.0000  -22.5000 2589.0540   18.0577
   -7.5000   -7.5000  -22.5000 2680.0083   16.8878
    0.0000   -7.5000  -22.5000 2690.4897   16.7681
    7.5000   -7.5000  -22.5000 2671.0674   16.8918
   -7.5000    0.0000  -22.5000 2730.1877   16.1116
    0.0000    0.0000  -22.5000 2739.7366   15.9755
    7.5000    0.0000  -22.5000 2721.2781   16.1051
   -7.5000    7.5000  -22.5000 2764.4104   15.6231
    0.0000    7.5000  -22.5000 2779.4800   15.5126
    7.5000    7.5000  -22.5000 2754.1333   15.6377
   -7.5000   15.0000  -22.5000 2777.2014   15.5261
    0.0000   15.0000  -22.5000 2795.2920   15.4033
    7.5000   15.0000  -22.5000 2769.5339   15.5295
   -7.5000   22.5000  -22.5000 2767.0820   15.7765
    0.0000   22.5000  -22.5000 2785.9014   15.6195
    7.5000   22.5000  -22.5000 2766.6228   15.7666
   -7.5000   30.0000  -22.5000 2732.3665   16.2842
    0.0000   30.0000  -22.5000 2753.5474   16.1018
    7.5000   30.0000  -22.5000 2733.6228   16.2719
   -7.5000   37.5000  -22.5000 2675.1741   17.1109
    0.0000   37.5000  -22.5000 2695.0903   16.9076
    7.5000   37.5000  -22.5000 2674.9497   17.0775
   -7.5000   45.0000  -22.5000 2590.6814   18.2312
    0.0000   45.0000  -22.5000 2604.7400   18.0405
    7.5000   45.0000  -22.5000 2587.0183   18.2237
   -7.5000  -45.0000  -15.0000 2128.2739   27.1991
    0.0000  -45.0000  -15.0000 2135.1421   27.1310
    7.5000  -45.0000  -15.0000 2121.6387   27.4587
   -7.5000  -37.5000  -15.0000 2280.1714   23.8530
    0.0000  -37.5000  -15.0000 2289.3625   23.7999
    7.5000  -37.5000  -15.0000 2272.2327   24.0552
   -7.5000  -30.0000  -15.0000 2413.7200   21.1033
    0.0000  -30.0000  -15.0000 2428.0291   21.0902
    7.5000  -30.0000  -15.0000 2408.2012   21.2324
   -7.5000  -22.5000  -15.0000 2535.3218   18.9803
    0.0000  -22.5000  -15.0000 2548.1274   18.9222
    7.5000  -22.5000  -15.0000 2531.6484   19.0477
   -7.5000  -15.0000  -15.0000 2645.5608   17.3457
    0.0000  -15.0000  -15.0000 2662.2458   17.3043
    7.5000  -15.0000  -15.0000 2644.1907   17.4020
   -7.5000   -7.5000  -15.0000 2734.6836   16.1924
    0.0000   -7.5000  -15.0000 2751.9058   16.1224
    7.5000   -7.5000  -15.0000 2734.2021   16.2308
   -7.5000    0.0000  -15.0000 2790.9543   15.4339
    0.0000    0.0000  -15.0000 2809.6406   15.3483
    7.5000    0.0000  -15.0000 2790.1375   15.4610
   -7.5000    7.5000  -15.0000 2834.2185   14.9348
    0.0000    7.5000  -15.0000 2851.0762   14.8033
    7.5000    7.5000  -15.0000 2824.5886   14.9485
   -7.5000   15.0000  -15.0000 2855.9199   14.7571
    0.0000   15.0000  -15.0000 2875.5095   14.6262
    7.5000   15.0000  -15.0000 2846.2195   14.7902
   -7.5000   22.5000  -15.0000 2851.4409   15.0473
    0.0000   22.5000  -15.0000 2874.2405   14.8655
    7.5000   22.5000  -15.0000 2853.6753   15.0404
   -7.5000   30.0000  -15.0000 2817.3123   15.5530
    0.0000   30.0000  -15.0000 2844.1189   15.3544
    7.5000   30.0000  -15.0000 2823.4248   15.5443
   -7.5000   37.5000  -15.0000 2750.6821   16.3594
    0.0000   37.5000  -15.0000 2775.8979   16.1326
    7.5000   37.5000  -15.0000 2756.5000   16.3226
   -7.5000   45.0000  -15.0000 2658.8162   17.4893
    0.0000   45.0000  -15.0000 2673.2339   17.2686
    7.5000   45.0000  -15.0000 2661.3491   17.4602
   -7.5000  -45.0000   -7.5000 2136.1660   26.5988
    0.0000  -45.0000   -7.5000 2148.0168   26.6107
    7.5000  -45.0000   -7.5000 2138.0894   26.8288
   -7.5000  -37.5000   -7.5000 2287.0940   23.2396
    0.0000  -37.5000   -7.5000 2301.5623   23.2048
    7.5000  -37.5000   -7.5000 2286.0295   23.3733
   -7.5000  -30.0000   -7.5000 2422.2102   20.5014
    0.0000  -30.0000   -7.5000 2434.2314   20.4928
    7.5000  -30.0000   -7.5000 2418.3452   20.6492
   -7.5000  -22.5000   -7.5000 2545.7581   18.3834
    0.0000  -22.5000   -7.5000 2559.8105   18.3556
    7.5000  -22.5000   -7.5000 2547.2100   18.4997
   -7.5000  -15.0000   -7.5000 2663.3525   16.8029
    0.0000  -15.0000   -7.5000 2684.2358   16.7669
    7.5000  -15.0000   -7.5000 2666.5056   16.8848
   -7.5000   -7.5000   -7.5000 2765.3877   15.6473
    0.0000   -7.5000   -7.5000 2784.9583   15.6091
    7.5000   -7.5000   -7.5000 2765.6958   15.7119
   -7.5000    0.0000   -7.5000 2835.6116   14.8829
    0.0000    0.0000   -7.5000 2856.6194   14.8728
    7.5000    0.0000   -7.5000 2838.5806   14.9429
   -7.5000    7.5000   -7.5000 2881.5842   14.3402
    0.0000    7.5000   -7.5000 2902.3022   14.2604
    7.5000    7.5000   -7.5000 2876.0896   14.4016
   -7.5000   15.0000   -7.5000 2915.7310   14.1068
    0.0000   15.0000   -7.5000 2937.7727   13.9431
    7.5000   15.0000   -7.5000 2907.9441   14.1580
   -7.5000   22.5000   -7.5000 2912.2012   14.4041
    0.0000   22.5000   -7.5000 2937.2703   14.2123
    7.5000   22.5000   -7.5000 2910.6277   14.4385
   -7.5000   30.0000   -7.5000 2869.8772   14.9222
    0.0000   30.0000   -7.5000 2897.8960   14.7158
    7.5000   30.0000   -7.5000 2878.2715   14.9286
   -7.5000   37.5000   -7.5000 2798.1719   15.7175
    0.0000   37.5000   -7.5000 2821.1206   15.5009
    7.5000   37.5000   -7.5000 2808.8113   15.7379
   -7.5000   45.0000   -7.5000 2696.9241   16.8689
    0.0000   45.0000   -7.5000 2714.4336   16.6686
    7.5000   45.0000   -7.5000 2703.0527   16.9178
   -7.5000  -45.0000    0.0000 2129.7607   26.3203
    0.0000  -45.0000    0.0000 2147.9368   26.3616
    7.5000  -45.0000    0.0000 2136.6636   26.6846
   -7.5000  -37.5000    0.0000 2280.8711   22.8108
    0.0000  -37.5000    0.0000 2298.8516   22.8690
    7.5000  -37.5000    0.0000 2286.6570   23.1174
   -7.5000  -30.0000    0.0000 2413.2410   20.1064
    0.0000  -30.0000    0.0000 2430.1301   20.1459
    7.5000  -30.0000    0.0000 2416.6433   20.3245
   -7.5000  -22.5000    0.0000 2535.3247   18.0617
    0.0000  -22.5000    0.0000 2559.6130   18.0408
    7.5000  -22.5000    0.0000 2542.2769   18.1716
   -7.5000  -15.0000    0.0000 2658.0125   16.4944
    0.0000  -15.0000    0.0000 2682.8955   16.4553
    7.5000  -15.0000    0.0000 2664.7751   16.5431
   -7.5000   -7.5000    0.0000 2770.2979   15.3499
    0.0000   -7.5000    0.0000 2793.0493   15.3288
    7.5000   -7.5000    0.0000 2774.3433   15.3866
   -7.5000    0.0000    0.0000 2860.9331   14.6368
    0.0000    0.0000    0.0000 2882.7866   14.6416
    7.5000    0.0000    0.0000 2865.5134   14.6443
   -7.5000    7.5000    0.0000 2924.6304   14.0564
    0.0000    7.5000    0.0000 2952.7205   14.0527
    7.5000    7.5000    0.0000 2922.9348   14.0633
   -7.5000   15.0000    0.0000 2960.3208   13.7177
    0.0000   15.0000    0.0000 2990.7729   13.6499
    7.5000   15.0000    0.0000 2953.2114   13.7498
   -7.5000   22.5000    0.0000 2948.6731   14.0083
    0.0000   22.5000    0.0000 2978.5784   13.8708
    7.5000   22.5000    0.0000 2942.2693   14.0350
   -7.5000   30.0000    0.0000 2899.4062   14.5574
    0.0000   30.0000    0.0000 2925.8162   14.3843
    7.5000   30.0000    0.0000 2901.8040   14.5462
   -7.5000   37.5000    0.0000 2825.8433   15.3710
    0.0000   37.5000    0.0000 2849.1543   15.1677
    7.5000   37.5000    0.0000 2829.1418   15.3303
   -7.5000   45.0000    0.0000 2718.3252   16.5300
    0.0000   45.0000    0.0000 2738.7737   16.3088
    7.5000   45.0000    0.0000 2720.5049   16.4812
   -7.5000  -45.0000    7.5000 2117.9155   26.3782
    0.0000  -45.0000    7.5000 2138.8816   26.3426
    7.5000  -45.0000    7.5000 2131.9109   26.6387
   -7.5000  -37.5000    7.5000 2267.7754   22.8327
    0.0000  -37.5000    7.5000 2282.7380   22.7723
    7.5000  -37.5000    7.5000 2274.8655   23.0261
   -7.5000  -30.0000    7.5000 2399.0151   20.0823
    0.0000  -30.0000    7.5000 2413.8308   20.0592
    7.5000  -30.0000    7.5000 2405.4277   20.2623
   -7.5000  -22.5000    7.5000 2524.0999   17.9832
    0.0000  -22.5000    7.5000 2544.5479   17.9520
    7.5000  -22.5000    7.5000 2531.4861   18.1202
   -7.5000  -15.0000    7.5000 2644.4165   16.3563
    0.0000  -15.0000    7.5000 2667.6531   16.3785
    7.5000  -15.0000    7.5000 2655.0918   16.4853
   -7.5000   -7.5000    7.5000 2762.2222   15.2035
    0.0000   -7.5000    7.5000 2788.7302   15.2630
    7.5000   -7.5000    7.5000 2771.1077   15.3219
   -7.5000    0.0000    7.5000 2864.6931   14.5133
    0.0000    0.0000    7.5000 2895.9490   14.5837
    7.5000    0.0000    7.5000 2872.4285   14.5616
   -7.5000    7.5000    7.5000 2948.1211   13.9913
    0.0000    7.5000    7.5000 2996.0247   14.1553
    7.5000    7.5000    7.5000 2949.8442   13.9381
   -7.5000   15.0000    7.5000 2990.2996   13.7327
    0.0000   15.0000    7.5000 3048.8149   13.7922
    7.5000   15.0000    7.5000 2977.0896   13.6082
   -7.5000   22.5000    7.5000 2973.8181   13.9815
    0.0000   22.5000    7.5000 3013.5952   13.8784
    7.5000   22.5000    7.5000 2956.9233   13.8684
   -7.5000   30.0000    7.5000 2912.2104   14.4547
    0.0000   30.0000    7.5000 2937.6377   14.3144
    7.5000   30.0000    7.5000 2902.4004   14.3616
   -7.5000   37.5000    7.5000 2827.5347   15.2239
    0.0000   37.5000    7.5000 2851.8005   15.0489
    7.5000   37.5000    7.5000 2826.8926   15.1147
   -7.5000   45.0000    7.5000 2719.0259   16.3554
    0.0000   45.0000    7.5000 2740.5024   16.1862
    7.5000   45.0000    7.5000 2721.4241   16.2534
   -7.5000  -45.0000   15.0000 2094.8667   26.7889
    0.0000  -45.0000   15.0000 2117.7466   26.7842
    7.5000  -45.0000   15.0000 2108.4526   27.0258
   -7.5000  -37.5000   15.0000 2247.3142   23.0408
    0.0000  -37.5000   15.0000 2261.9893   23.0023
    7.5000  -37.5000   15.0000 2252.5564   23.3123
   -7.5000  -30.0000   15.0000 2374.3137   20.2028
    0.0000  -30.0000   15.0000 2392.3711   20.1412
    7.5000  -30.0000   15.0000 2384.6003   20.3976
   -7.5000  -22.5000   15.0000 2496.1470   18.0992
    0.0000  -22.5000   15.0000 2514.4978   18.0520
    7.5000  -22.5000   15.0000 2514.6982   18.2624
   -7.5000  -15.0000   15.0000 2615.5952   16.5069
    0.0000  -15.0000   15.0000 2638.2168   16.5296
    7.5000  -15.0000   15.0000 2636.2622   16.6350
   -7.5000   -7.5000   15.0000 2733.0803   15.3903
    0.0000   -7.5000   15.0000 2756.7571   15.4179
    7.5000   -7.5000   15.0000 2747.0261   15.4417
   -7.5000    0.0000   15.0000 2843.1008   14.6602
    0.0000    0.0000   15.0000 2869.0591   14.7742
    7.5000    0.0000   15.0000 2846.4763   14.6397
   -7.5000    7.5000   15.0000 2931.8052   14.0510
    0.0000    7.5000   15.0000 2977.4121   14.2368
    7.5000    7.5000   15.0000 2922.7751   13.9847
   -7.5000   15.0000   15.0000 2983.7913   13.9245
    0.0000   15.0000   15.0000 3038.4802   13.9978
    7.5000   15.0000   15.0000 2962.3694   13.7942
   -7.5000   22.5000   15.0000 2966.2725   14.1939
    0.0000   22.5000   15.0000 3012.3508   14.1762
    7.5000   22.5000   15.0000 2947.0845   14.0409
   -7.5000   30.0000   15.0000 2896.8167   14.6755
    0.0000   30.0000   15.0000 2927.5579   14.6332
    7.5000   30.0000   15.0000 2884.3591   14.5475
   -7.5000   37.5000   15.0000 2805.2881   15.4072
    0.0000   37.5000   15.0000 2828.0095   15.3013
    7.5000   37.5000   15.0000 2798.3567   15.2837
   -7.5000   45.0000   15.0000 2700.4021   16.4968
    0.0000   45.0000   15.0000 2716.8184   16.3539
    7.5000   45.0000   15.0000 2699.8872   16.3612
   -7.5000  -45.0000   22.5000 2061.5930   27.3012
    0.0000  -45.0000   22.5000 2085.8940   27.2944
    7.5000  -45.0000   22.5000 2082.4810   27.6773
   -7.5000  -37.5000   22.5000 2214.6235   23.5352
    0.0000  -37.5000   22.5000 2233.0625   23.4461
    7.5000  -37.5000   22.5000 2229.7727   23.7794
   -7.5000  -30.0000   22.5000 2347.0667   20.7153
    0.0000  -30.0000   22.5000 2366.2073   20.6111
    7.5000  -30.0000   22.5000 2360.1208   20.8693
   -7.5000  -22.5000   22.5000 2469.4727   18.6165
    0.0000  -22.5000   22.5000 2491.7742   18.5456
    7.5000  -22.5000   22.5000 2484.7705   18.6664
   -7.5000  -15.0000   22.5000 2588.6050   17.0335
    0.0000  -15.0000   22.5000 2609.4250   17.0065
    7.5000  -15.0000   22.5000 2603.5295   17.0675
   -7.5000   -7.5000   22.5000 2704.2312   15.8868
    0.0000   -7.5000   22.5000 2726.8884   15.9038
    7.5000   -7.5000   22.5000 2718.3103   15.9261
   -7.5000    0.0000   22.5000 2806.4253   14.9840
    0.0000    0.0000   22.5000 2838.0005   15.1199
    7.5000    0.0000   22.5000 2819.4333   15.0112
   -7.5000    7.5000   22.5000 2894.6277   14.3657
    0.0000    7.5000   22.5000 2939.0444   14.4682
    7.5000    7.5000   22.5000 2903.2683   14.3922
   -7.5000   15.0000   22.5000 2939.2417   14.2598
    0.0000   15.0000   22.5000 2986.3635   14.3271
    7.5000   15.0000   22.5000 2939.0308   14.2926
   -7.5000   22.5000   22.5000 2927.7920   14.5137
    0.0000   22.5000   22.5000 2968.6335   14.5353
    7.5000   22.5000   22.5000 2925.8237   14.5298
   -7.5000   30.0000   22.5000 2864.2888   15.0597
    0.0000   30.0000   22.5000 2896.5811   15.0247
    7.5000   30.0000   22.5000 2862.2346   15.0402
   -7.5000   37.5000   22.5000 2769.1533   15.8509
    0.0000   37.5000   22.5000 2793.5212   15.7616
    7.5000   37.5000   22.5000 2769.5989   15.8124
   -7.5000   45.0000   22.5000 2666.0681   16.9244
    0.0000   45.0000   22.5000 2682.6350   16.7914
    7.5000   45.0000   22.5000 2667.2612   16.8418
   -7.5000  -45.0000   30.0000 2014.2081   28.3175
    0.0000  -45.0000   30.0000 2039.8164   28.2440
    7.5000  -45.0000   30.0000 2038.7711   28.6281
   -7.5000  -37.5000   30.0000 2173.1450   24.5093
    0.0000  -37.5000   30.0000 2191.6169   24.3575
    7.5000  -37.5000   30.0000 2188.9082   24.6869
   -7.5000  -30.0000   30.0000 2315.9678   21.6069
    0.0000  -30.0000   30.0000 2329.3101   21.4404
    7.5000  -30.0000   30.0000 2324.5024   21.7346
   -7.5000  -22.5000   30.0000 2444.1028   19.4347
    0.0000  -22.5000   30.0000 2459.7117   19.2971
    7.5000  -22.5000   30.0000 2456.5991   19.5279
   -7.5000  -15.0000   30.0000 2554.8684   17.8127
    0.0000  -15.0000   30.0000 2571.0273   17.6804
    7.5000  -15.0000   30.0000 2572.6021   17.8952
   -7.5000   -7.5000   30.0000 2664.1526   16.5077
    0.0000   -7.5000   30.0000 2682.1523   16.4535
    7.5000   -7.5000   30.0000 2686.6350   16.6328
   -7.5000    0.0000   30.0000 2763.8835   15.5218
    0.0000    0.0000   30.0000 2788.8789   15.5444
    7.5000    0.0000   30.0000 2783.8982   15.6382
   -7.5000    7.5000   30.0000 2836.3220   14.9536
    0.0000    7.5000   30.0000 2872.0852   14.9617
    7.5000    7.5000   30.0000 2852.8762   15.0616
   -7.5000   15.0000   30.0000 2872.4146   14.8587
    0.0000   15.0000   30.0000 2906.1331   14.8719
    7.5000   15.0000   30.0000 2881.7903   14.9574
   -7.5000   22.5000   30.0000 2857.9417   15.0816
    0.0000   22.5000   30.0000 2892.1592   15.1316
    7.5000   22.5000   30.0000 2867.2004   15.1574
   -7.5000   30.0000   30.0000 2805.4355   15.6139
    0.0000   30.0000   30.0000 2837.1531   15.6138
    7.5000   30.0000   30.0000 2807.2517   15.6382
   -7.5000   37.5000   30.0000 2719.9170   16.4624
    0.0000   37.5000   30.0000 2741.4812   16.3631
    7.5000   37.5000   30.0000 2724.8516   16.4271
   -7.5000   45.0000   30.0000 2623.3694   17.5760
    0.0000   45.0000   30.0000 2644.5198   17.4663
    7.5000   45.0000   30.0000 2629.3782   17.5207
   -7.5000  -45.0000   37.5000 1969.9705   29.7142
    0.0000  -45.0000   37.5000 1985.8866   29.5079
    7.5000  -45.0000   37.5000 1987.4982   30.0604
   -7.5000  -37.5000   37.5000 2130.5442   25.7011
    0.0000  -37.5000   37.5000 2141.5906   25.3772
    7.5000  -37.5000   37.5000 2145.3569   25.9566
   -7.5000  -30.0000   37.5000 2276.4832   22.6764
    0.0000  -30.0000   37.5000 2280.5454   22.3565
    7.5000  -30.0000   37.5000 2286.1462   22.8580
   -7.5000  -22.5000   37.5000 2406.1550   20.4079
    0.0000  -22.5000   37.5000 2413.8130   20.1465
    7.5000  -22.5000   37.5000 2418.4998   20.5674
   -7.5000  -15.0000   37.5000 2511.1450   18.6724
    0.0000  -15.0000   37.5000 2522.3308   18.4879
    7.5000  -15.0000   37.5000 2532.0066   18.8392
   -7.5000   -7.5000   37.5000 2621.0020   17.3334
    0.0000   -7.5000   37.5000 2632.3289   17.1849
    7.5000   -7.5000   37.5000 2642.6174   17.4918
   -7.5000    0.0000   37.5000 2708.8105   16.3490
    0.0000    0.0000   37.5000 2733.9739   16.2708
    7.5000    0.0000   37.5000 2731.4353   16.4914
   -7.5000    7.5000   37.5000 2769.1128   15.7957
    0.0000    7.5000   37.5000 2796.3420   15.7552
    7.5000    7.5000   37.5000 2784.9106   15.9522
   -7.5000   15.0000   37.5000 2792.2991   15.6893
    0.0000   15.0000   37.5000 2815.4417   15.6635
    7.5000   15.0000   37.5000 2803.4841   15.8147
   -7.5000   22.5000   37.5000 2775.0059   15.8748
    0.0000   22.5000   37.5000 2808.5334   15.8570
    7.5000   22.5000   37.5000 2787.4028   15.9496
   -7.5000   30.0000   37.5000 2724.3757   16.4344
    0.0000   30.0000   37.5000 2751.8142   16.3762
    7.5000   30.0000   37.5000 2729.4021   16.4586
   -7.5000   37.5000   37.5000 2651.7219   17.3030
    0.0000   37.5000   37.5000 2672.6362   17.1702
    7.5000   37.5000   37.5000 2659.4604   17.2478
   -7.5000   45.0000   37.5000 2561.8647   18.3913
    0.0000   45.0000   37.5000 2582.1123   18.2647
    7.5000   45.0000   37.5000 2566.2979   18.3807
   -7.5000  -45.0000   45.0000 1917.0720   31.2883
    0.0000  -45.0000   45.0000 1931.2263   30.9236
    7.5000  -45.0000   45.0000 1929.0952   31.5732
   -7.5000  -37.5000   45.0000 2082.8843   26.9904
    0.0000  -37.5000   45.0000 2091.0371   26.5555
    7.5000  -37.5000   45.0000 2094.6909   27.2379
   -7.5000  -30.0000   45.0000 2227.0532   23.8471
    0.0000  -30.0000   45.0000 2234.9622   23.4383
    7.5000  -30.0000   45.0000 2238.0950   24.0445
   -7.5000  -22.5000   45.0000 2351.6934   21.5510
    0.0000  -22.5000   45.0000 2360.7170   21.1705
    7.5000  -22.5000   45.0000 2364.2112   21.6927
   -7.5000  -15.0000   45.0000 2452.8101   19.7920
    0.0000  -15.0000   45.0000 2459.7053   19.4742
    7.5000  -15.0000   45.0000 2467.7253   19.9253
   -7.5000   -7.5000   45.0000 2555.3579   18.4015
    0.0000   -7.5000   45.0000 2560.0386   18.1950
    7.5000   -7.5000   45.0000 2572.6104   18.5595
   -7.5000    0.0000   45.0000 2635.2988   17.4254
    0.0000    0.0000   45.0000 2650.9448   17.2390
    7.5000    0.0000   45.0000 2651.4736   17.5945
   -7.5000    7.5000   45.0000 2684.1086   16.8519
    0.0000    7.5000   45.0000 2704.3777   16.7707
    7.5000    7.5000   45.0000 2700.5588   17.0671
   -7.5000   15.0000   45.0000 2693.0305   16.7300
    0.0000   15.0000   45.0000 2714.4563   16.6909
    7.5000   15.0000   45.0000 2707.1082   16.8970
   -7.5000   22.5000   45.0000 2681.6094   16.8986
    0.0000   22.5000   45.0000 2708.4299   16.8311
    7.5000   22.5000   45.0000 2693.2554   16.9746
   -7.5000   30.0000   45.0000 2639.8323   17.4486
    0.0000   30.0000   45.0000 2664.1316   17.3298
    7.5000   30.0000   45.0000 2646.4705   17.4771
   -7.5000   37.5000   45.0000 2575.8872   18.2694
    0.0000   37.5000   45.0000 2593.6108   18.0945
    7.5000   37.5000   45.0000 2579.3845   18.2511
   -7.5000   45.0000   45.0000 2489.5063   19.3937
    0.0000   45.0000   45.0000 2504.3320   19.2111
    7.5000   45.0000   45.0000 2489.1130   19.3684

---------------------------------------------------------------------
imgreg_4dfp /opt/freesurfer/average/711-2C_as_mni_average_305 /opt/freesurfer/average/711-2B_as_mni_average_305_mask talsrcimg_g11 none talsrcimg_to_711-2C_as_mni_average_305_t4 1283
---------------------------------------------------------------------

freesurfer imgreg_4dfp.c
/opt/freesurfer/average/711-2C_as_mni_average_305.4dfp.img
       256       256       256         1
  1.000000  1.000000  1.000000
orientation T byte_order littleendian
Reading image: /opt/freesurfer/average/711-2C_as_mni_average_305.4dfp.img
dimensions:      256       256       256
mmppix:       1.0000   -1.0000   -1.0000
center:     128.0000 -129.0000 -129.0000
/opt/freesurfer/average/711-2B_as_mni_average_305_mask.4dfp.img
       256       256       256         1
  1.000000  1.000000  1.000000
orientation T byte_order littleendian
Reading mask: /opt/freesurfer/average/711-2B_as_mni_average_305_mask.4dfp.img (2306576 pixels)
talsrcimg_g11.4dfp.img
       256       256       256         1
  1.000000  1.000000  1.000000
orientation T byte_order littleendian
Reading image: talsrcimg_g11.4dfp.img
dimensions:      256       256       256
mmppix:       1.0000   -1.0000   -1.0000
center:     128.0000 -129.0000 -129.0000
rotation matrix determinant  1.000000
fimgreg.f
image alignment mode   1283 decimal      503 hex
parameters
    0.0000   15.0000    7.5000    0.0000    0.0000    0.0000
eta,q 0.95419 13.78386
niter,ni,del,rscale     5    3   12.0000    1.2000
parameter  4  0.887952 ->  0.500000 qaram    1.1500
parameters
   -1.1213   14.7515   10.4311   -3.4500    0.0669   -1.5998
eta,q 0.96090 13.90072
  0.0546  0.0527  0.0570  0.0414  0.0494  0.0419
  0.0469  0.0476  0.0515  0.0394  0.0455  0.0400
  0.0441  0.0450  0.0472  0.0404  0.0413  0.0392
  0.0464  0.0446  0.0442  0.0428  0.0394  0.0394
  0.0499  0.0460  0.0431  0.0456  0.0414  0.0408
  0.0550  0.0494  0.0429  0.0479  0.0454  0.0439
  0.0610  0.0532  0.0446  0.0499  0.0489  0.0483
niter,ni,del,rscale     5    3   12.0000    1.2000
parameters
   -1.3195   16.8308    9.8441   -5.0248   -0.1787   -1.8412
eta,q 0.96426 13.79135
  0.0566  0.0566  0.0466  0.0439  0.0459  0.0423
  0.0469  0.0515  0.0428  0.0381  0.0411  0.0390
  0.0402  0.0443  0.0388  0.0354  0.0371  0.0365
  0.0391  0.0389  0.0377  0.0376  0.0358  0.0357
  0.0440  0.0377  0.0410  0.0415  0.0384  0.0367
  0.0502  0.0394  0.0463  0.0461  0.0429  0.0395
  0.0566  0.0437  0.0494  0.0498  0.0469  0.0437
niter,ni,del,rscale     4    3   12.0000    1.2000
parameters
   -1.0832   17.3471    9.8130   -5.3236   -0.3772   -1.8174
eta,q 0.96411 13.78176
  0.0565  0.0522  0.0483  0.0475  0.0457  0.0429
  0.0456  0.0456  0.0434  0.0414  0.0410  0.0396
  0.0376  0.0387  0.0385  0.0363  0.0372  0.0368
  0.0357  0.0360  0.0362  0.0362  0.0359  0.0359
  0.0401  0.0379  0.0385  0.0391  0.0382  0.0368
  0.0456  0.0419  0.0443  0.0437  0.0425  0.0392
  0.0514  0.0477  0.0481  0.0481  0.0464  0.0430
niter,ni,del,rscale     3    3   12.0000    1.2000
parameters
   -0.9776   17.5370    9.8303   -5.4597   -0.4664   -1.7983
eta,q 0.96393 13.78243
  0.0554  0.0509  0.0486  0.0481  0.0460  0.0431
  0.0447  0.0444  0.0436  0.0420  0.0413  0.0396
  0.0372  0.0377  0.0386  0.0366  0.0375  0.0369
  0.0359  0.0360  0.0362  0.0362  0.0361  0.0361
  0.0404  0.0385  0.0384  0.0389  0.0381  0.0370
  0.0458  0.0429  0.0442  0.0433  0.0422  0.0393
  0.0517  0.0490  0.0480  0.0479  0.0461  0.0431
niter,ni,del,rscale     2    3   12.0000    1.2000
parameters
   -0.9356   17.6229    9.8481   -5.5193   -0.4981   -1.7898
eta,q 0.96384 13.78362
  0.0549  0.0506  0.0487  0.0484  0.0462  0.0431
  0.0444  0.0440  0.0436  0.0423  0.0415  0.0396
  0.0372  0.0374  0.0386  0.0368  0.0376  0.0369
  0.0361  0.0361  0.0362  0.0362  0.0362  0.0362
  0.0406  0.0387  0.0385  0.0388  0.0380  0.0370
  0.0460  0.0433  0.0443  0.0432  0.0421  0.0394
  0.0520  0.0494  0.0480  0.0478  0.0459  0.0432
niter,ni,del,rscale     1    3   12.0000    1.2000
parameters
   -0.9212   17.6611    9.8591   -5.5449   -0.5084   -1.7857
eta,q 0.96380 13.78443
  0.0548  0.0504  0.0487  0.0485  0.0463  0.0431
  0.0443  0.0438  0.0435  0.0424  0.0415  0.0396
  0.0372  0.0373  0.0385  0.0369  0.0377  0.0369
  0.0362  0.0362  0.0362  0.0362  0.0362  0.0362
  0.0407  0.0388  0.0385  0.0387  0.0380  0.0371
  0.0462  0.0434  0.0443  0.0431  0.0420  0.0394
  0.0521  0.0496  0.0480  0.0477  0.0459  0.0432
registration optimization eta report
parameter search radius
    6.0000    6.0000    6.0000    6.9000    6.0000    6.0000
100000*second partial in parameter space
       46.       38.       32.       25.       26.       19.
  0.0548  0.0504  0.0487  0.0485  0.0463  0.0431
  0.0443  0.0438  0.0435  0.0424  0.0415  0.0396
  0.0372  0.0373  0.0385  0.0369  0.0377  0.0369
  0.0362  0.0362  0.0362  0.0362  0.0362  0.0362
  0.0407  0.0388  0.0385  0.0387  0.0380  0.0371
  0.0462  0.0434  0.0443  0.0431  0.0420  0.0394
  0.0521  0.0496  0.0480  0.0477  0.0459  0.0432
   -0.9212   17.6611    9.8591   -5.5449   -0.5084   -1.7857
eta,q 0.96380 13.78443

---------------------------------------------------------------------
imgreg_4dfp /opt/freesurfer/average/711-2C_as_mni_average_305 /opt/freesurfer/average/711-2B_as_mni_average_305_mask talsrcimg_g11 none talsrcimg_to_711-2C_as_mni_average_305_t4 3335
---------------------------------------------------------------------

freesurfer imgreg_4dfp.c
/opt/freesurfer/average/711-2C_as_mni_average_305.4dfp.img
       256       256       256         1
  1.000000  1.000000  1.000000
orientation T byte_order littleendian
Reading image: /opt/freesurfer/average/711-2C_as_mni_average_305.4dfp.img
dimensions:      256       256       256
mmppix:       1.0000   -1.0000   -1.0000
center:     128.0000 -129.0000 -129.0000
/opt/freesurfer/average/711-2B_as_mni_average_305_mask.4dfp.img
       256       256       256         1
  1.000000  1.000000  1.000000
orientation T byte_order littleendian
Reading mask: /opt/freesurfer/average/711-2B_as_mni_average_305_mask.4dfp.img (2306576 pixels)
talsrcimg_g11.4dfp.img
       256       256       256         1
  1.000000  1.000000  1.000000
orientation T byte_order littleendian
Reading image: talsrcimg_g11.4dfp.img
dimensions:      256       256       256
mmppix:       1.0000   -1.0000   -1.0000
center:     128.0000 -129.0000 -129.0000
fimgreg.f
image alignment mode   3335 decimal      D07 hex
parameters
   -0.9212   17.6611    9.8591   -0.0525   -0.5136   -0.4718
    3.0158    1.1838   -3.1159    9.6304   -0.8872   -9.6622
eta,q 0.96223 13.96398
niter,ni,del,rscale     5    3    5.0000    1.2000
parameter  5  5.124802 ->  0.500000 qaram    1.1500
parameter  6  0.788264 ->  0.500000 qaram    1.1500
parameter 12  0.777811 ->  0.500000 qaram    1.1500
parameters
   -1.0216   17.7520    9.6118   -3.2921   -4.6536   -4.6118
    2.3328    0.7819   -2.0571    6.8950    0.3994  -13.8022
eta,q 0.97075 13.62516
  0.0411  0.0400  0.0395  0.0381  0.0298  0.0301  0.0320  0.0346  0.0332  0.0312  0.0317  0.0294
  0.0393  0.0387  0.0384  0.0374  0.0321  0.0303  0.0311  0.0319  0.0319  0.0302  0.0306  0.0292
  0.0381  0.0380  0.0378  0.0372  0.0347  0.0310  0.0306  0.0305  0.0309  0.0298  0.0300  0.0294
  0.0378  0.0378  0.0378  0.0377  0.0372  0.0328  0.0304  0.0304  0.0304  0.0303  0.0298  0.0298
  0.0383  0.0380  0.0383  0.0396  0.0399  0.0361  0.0308  0.0314  0.0304  0.0316  0.0299  0.0304
  0.0397  0.0386  0.0391  0.0429  0.0428  0.0403  0.0316  0.0330  0.0309  0.0334  0.0302  0.0312
  0.0417  0.0396  0.0402  0.0471  0.0462  0.0454  0.0328  0.0351  0.0320  0.0357  0.0306  0.0320
niter,ni,del,rscale     7    3    5.0000    1.2000
parameter  5  3.367648 ->  0.500000 qaram    1.3225
parameters
   -0.1381   16.8233    8.5388   -2.3215   -9.4146   -7.2832
    2.1335    0.8527   -1.5260    7.0833    1.5812  -16.6879
eta,q 0.97878 13.51487
  0.0341  0.0293  0.0286  0.0317  0.0197  0.0234  0.0241  0.0264  0.0247  0.0262  0.0234  0.0223
  0.0320  0.0287  0.0281  0.0302  0.0211  0.0223  0.0228  0.0235  0.0232  0.0238  0.0224  0.0215
  0.0303  0.0284  0.0281  0.0290  0.0240  0.0216  0.0219  0.0218  0.0221  0.0222  0.0218  0.0212
  0.0293  0.0288  0.0285  0.0280  0.0278  0.0217  0.0216  0.0216  0.0216  0.0216  0.0216  0.0215
  0.0288  0.0297  0.0292  0.0277  0.0315  0.0231  0.0219  0.0223  0.0218  0.0219  0.0216  0.0224
  0.0291  0.0311  0.0305  0.0285  0.0350  0.0269  0.0229  0.0238  0.0226  0.0233  0.0219  0.0236
  0.0301  0.0330  0.0322  0.0306  0.0386  0.0329  0.0244  0.0258  0.0240  0.0258  0.0224  0.0250
niter,ni,del,rscale     7    3    5.0000    1.2000
parameter  5  0.563414 ->  0.500000 qaram    1.5209
parameters
    0.0010   16.7817    8.4792   -0.4743  -14.8898   -7.1024
    1.8842    1.1365   -1.3531    7.5377    1.9673  -16.8490
eta,q 0.98122 13.40199
  0.0247  0.0248  0.0230  0.0252  0.0206  0.0229  0.0213  0.0242  0.0215  0.0228  0.0206  0.0207
  0.0230  0.0227  0.0220  0.0236  0.0191  0.0210  0.0199  0.0213  0.0200  0.0207  0.0196  0.0196
  0.0217  0.0215  0.0214  0.0223  0.0187  0.0196  0.0190  0.0193  0.0191  0.0194  0.0190  0.0189
  0.0212  0.0212  0.0212  0.0212  0.0206  0.0188  0.0188  0.0188  0.0188  0.0188  0.0188  0.0188
  0.0214  0.0217  0.0214  0.0206  0.0246  0.0187  0.0192  0.0194  0.0191  0.0190  0.0190  0.0190
  0.0224  0.0230  0.0221  0.0210  0.0294  0.0198  0.0202  0.0210  0.0199  0.0201  0.0194  0.0197
  0.0241  0.0250  0.0232  0.0229  0.0334  0.0234  0.0217  0.0231  0.0212  0.0219  0.0202  0.0208
niter,ni,del,rscale     7    3    5.0000    1.2000
parameters
   -0.0712   17.3025    8.7124    0.5003  -15.5833   -7.1483
    1.7811    1.1193   -1.3545    7.9157    2.0138  -16.9896
eta,q 0.98154 13.40751
  0.0220  0.0236  0.0208  0.0224  0.0252  0.0226  0.0212  0.0236  0.0210  0.0222  0.0202  0.0203
  0.0203  0.0213  0.0197  0.0210  0.0223  0.0208  0.0198  0.0207  0.0196  0.0203  0.0192  0.0193
  0.0192  0.0197  0.0190  0.0197  0.0198  0.0193  0.0188  0.0189  0.0188  0.0190  0.0186  0.0187
  0.0188  0.0188  0.0186  0.0186  0.0183  0.0185  0.0185  0.0185  0.0185  0.0185  0.0185  0.0185
  0.0192  0.0187  0.0187  0.0182  0.0191  0.0185  0.0188  0.0193  0.0188  0.0187  0.0187  0.0187
  0.0205  0.0193  0.0192  0.0191  0.0230  0.0197  0.0199  0.0210  0.0196  0.0198  0.0193  0.0194
  0.0225  0.0207  0.0201  0.0214  0.0282  0.0237  0.0214  0.0234  0.0210  0.0215  0.0201  0.0205
niter,ni,del,rscale     6    3    5.0000    1.2000
parameters
   -0.1327   17.3687    8.7204    0.5680  -15.7114   -7.1316
    1.7624    1.0962   -1.3778    8.0004    2.0365  -17.0508
eta,q 0.98152 13.40706
  0.0219  0.0219  0.0203  0.0220  0.0257  0.0227  0.0213  0.0236  0.0209  0.0219  0.0202  0.0204
  0.0201  0.0201  0.0193  0.0206  0.0228  0.0208  0.0198  0.0207  0.0196  0.0201  0.0192  0.0193
  0.0189  0.0189  0.0187  0.0194  0.0202  0.0193  0.0189  0.0189  0.0188  0.0189  0.0186  0.0187
  0.0185  0.0185  0.0185  0.0185  0.0184  0.0185  0.0185  0.0185  0.0185  0.0185  0.0185  0.0185
  0.0189  0.0188  0.0187  0.0185  0.0187  0.0184  0.0188  0.0193  0.0188  0.0188  0.0187  0.0187
  0.0203  0.0198  0.0193  0.0199  0.0221  0.0197  0.0198  0.0210  0.0196  0.0200  0.0193  0.0194
  0.0224  0.0216  0.0204  0.0226  0.0272  0.0237  0.0213  0.0234  0.0209  0.0218  0.0201  0.0204
niter,ni,del,rscale     5    3    5.0000    1.2000
parameters
   -0.1411   17.3842    8.7219    0.5843  -15.7342   -7.1359
    1.7590    1.0919   -1.3902    8.0234    2.0440  -17.0690
eta,q 0.98151 13.40690
  0.0221  0.0218  0.0204  0.0220  0.0258  0.0227  0.0213  0.0236  0.0209  0.0219  0.0202  0.0204
  0.0202  0.0200  0.0193  0.0206  0.0228  0.0208  0.0198  0.0208  0.0196  0.0200  0.0192  0.0194
  0.0190  0.0189  0.0187  0.0194  0.0203  0.0193  0.0189  0.0189  0.0188  0.0189  0.0186  0.0187
  0.0185  0.0185  0.0185  0.0185  0.0185  0.0185  0.0185  0.0185  0.0185  0.0185  0.0185  0.0185
  0.0189  0.0189  0.0187  0.0185  0.0186  0.0185  0.0188  0.0192  0.0188  0.0189  0.0187  0.0187
  0.0202  0.0199  0.0193  0.0200  0.0219  0.0197  0.0198  0.0210  0.0196  0.0200  0.0193  0.0194
  0.0223  0.0217  0.0204  0.0227  0.0271  0.0237  0.0213  0.0234  0.0209  0.0218  0.0201  0.0204
registration optimization eta report
parameter search radius
    2.4000    2.4000    2.4000    7.2000   10.9503    8.2800
    7.2000    7.2000    7.2000    7.2000    7.2000    8.2800
100000*second partial in parameter space
       64.       56.       33.        7.        7.        7.
        5.       10.        5.        6.        3.        3.
  0.0221  0.0218  0.0204  0.0220  0.0258  0.0227  0.0213  0.0236  0.0209  0.0219  0.0202  0.0204
  0.0202  0.0200  0.0193  0.0206  0.0228  0.0208  0.0198  0.0208  0.0196  0.0200  0.0192  0.0194
  0.0190  0.0189  0.0187  0.0194  0.0203  0.0193  0.0189  0.0189  0.0188  0.0189  0.0186  0.0187
  0.0185  0.0185  0.0185  0.0185  0.0185  0.0185  0.0185  0.0185  0.0185  0.0185  0.0185  0.0185
  0.0189  0.0189  0.0187  0.0185  0.0186  0.0185  0.0188  0.0192  0.0188  0.0189  0.0187  0.0187
  0.0202  0.0199  0.0193  0.0200  0.0219  0.0197  0.0198  0.0210  0.0196  0.0200  0.0193  0.0194
  0.0223  0.0217  0.0204  0.0227  0.0271  0.0237  0.0213  0.0234  0.0209  0.0218  0.0201  0.0204
   -0.1411   17.3842    8.7219    0.5843  -15.7342   -7.1359
    1.7590    1.0919   -1.3902    8.0234    2.0440  -17.0690
eta,q 0.98151 13.40690

---------------------------------------------------------------------
imgreg_4dfp /opt/freesurfer/average/711-2C_as_mni_average_305 /opt/freesurfer/average/711-2B_as_mni_average_305_mask talsrcimg_g11 none talsrcimg_to_711-2C_as_mni_average_305_t4 2311
---------------------------------------------------------------------

freesurfer imgreg_4dfp.c
/opt/freesurfer/average/711-2C_as_mni_average_305.4dfp.img
       256       256       256         1
  1.000000  1.000000  1.000000
orientation T byte_order littleendian
Reading image: /opt/freesurfer/average/711-2C_as_mni_average_305.4dfp.img
dimensions:      256       256       256
mmppix:       1.0000   -1.0000   -1.0000
center:     128.0000 -129.0000 -129.0000
/opt/freesurfer/average/711-2B_as_mni_average_305_mask.4dfp.img
       256       256       256         1
  1.000000  1.000000  1.000000
orientation T byte_order littleendian
Reading mask: /opt/freesurfer/average/711-2B_as_mni_average_305_mask.4dfp.img (2306576 pixels)
talsrcimg_g11.4dfp.img
       256       256       256         1
  1.000000  1.000000  1.000000
orientation T byte_order littleendian
Reading image: talsrcimg_g11.4dfp.img
dimensions:      256       256       256
mmppix:       1.0000   -1.0000   -1.0000
center:     128.0000 -129.0000 -129.0000
fimgreg.f
image alignment mode   2311 decimal      907 hex
parameters
   -0.1411   17.3842    8.7219    0.5843  -15.7342   -7.1359
    1.7590    1.0919   -1.3902    8.0234    2.0440  -17.0690
eta,q 0.98151 13.40689
niter,ni,del,rscale     5    3    5.0000    0.8000
parameters
   -0.1124   17.3757    8.7447    1.2063  -14.4359   -6.3570
    1.7631    1.1788   -1.3806    7.9199    2.1342  -17.1839
eta,q 0.98193 13.51617
  0.0202  0.0199  0.0194  0.0206  0.0209  0.0199  0.0195  0.0208  0.0193  0.0198  0.0190  0.0188
  0.0193  0.0191  0.0189  0.0198  0.0199  0.0191  0.0187  0.0193  0.0186  0.0188  0.0185  0.0184
  0.0187  0.0186  0.0186  0.0190  0.0190  0.0185  0.0182  0.0183  0.0182  0.0183  0.0182  0.0181
  0.0185  0.0185  0.0185  0.0185  0.0184  0.0181  0.0181  0.0181  0.0181  0.0181  0.0181  0.0181
  0.0186  0.0187  0.0186  0.0184  0.0181  0.0181  0.0182  0.0184  0.0182  0.0183  0.0182  0.0182
  0.0192  0.0192  0.0188  0.0189  0.0184  0.0184  0.0187  0.0192  0.0186  0.0189  0.0185  0.0184
  0.0201  0.0200  0.0193  0.0200  0.0193  0.0191  0.0195  0.0205  0.0193  0.0199  0.0189  0.0189
niter,ni,del,rscale     4    3    5.0000    0.7000
parameters
   -0.2443   17.2634    8.7166    1.1185  -14.4265   -6.0592
    1.8591    1.1118   -1.4068    7.9050    2.2093  -17.1995
eta,q 0.98197 13.53032
  0.0192  0.0191  0.0187  0.0196  0.0197  0.0193  0.0192  0.0200  0.0190  0.0194  0.0188  0.0186
  0.0185  0.0185  0.0183  0.0189  0.0189  0.0187  0.0186  0.0189  0.0185  0.0187  0.0184  0.0183
  0.0181  0.0181  0.0181  0.0183  0.0184  0.0182  0.0182  0.0182  0.0181  0.0182  0.0181  0.0181
  0.0181  0.0181  0.0180  0.0180  0.0181  0.0181  0.0180  0.0180  0.0180  0.0180  0.0180  0.0180
  0.0183  0.0183  0.0181  0.0182  0.0181  0.0181  0.0181  0.0183  0.0182  0.0182  0.0181  0.0181
  0.0189  0.0188  0.0184  0.0188  0.0187  0.0183  0.0185  0.0190  0.0185  0.0187  0.0183  0.0183
  0.0198  0.0195  0.0188  0.0200  0.0199  0.0191  0.0191  0.0201  0.0190  0.0194  0.0187  0.0186
niter,ni,del,rscale     3    3    5.0000    0.6000
parameters
   -0.2729   17.2517    8.7349    1.1572  -14.3478   -5.9700
    1.8805    1.0659   -1.4232    7.9061    2.2323  -17.2142
eta,q 0.98198 13.53865
  0.0190  0.0190  0.0186  0.0193  0.0193  0.0189  0.0189  0.0195  0.0187  0.0190  0.0186  0.0184
  0.0185  0.0184  0.0183  0.0187  0.0187  0.0184  0.0184  0.0187  0.0183  0.0185  0.0183  0.0182
  0.0181  0.0181  0.0181  0.0183  0.0183  0.0181  0.0181  0.0182  0.0181  0.0181  0.0181  0.0181
  0.0180  0.0180  0.0180  0.0180  0.0180  0.0180  0.0180  0.0180  0.0180  0.0180  0.0180  0.0180
  0.0182  0.0181  0.0181  0.0181  0.0181  0.0181  0.0181  0.0182  0.0181  0.0181  0.0181  0.0181
  0.0185  0.0185  0.0183  0.0186  0.0185  0.0183  0.0184  0.0187  0.0184  0.0185  0.0183  0.0182
  0.0192  0.0190  0.0185  0.0194  0.0193  0.0188  0.0189  0.0196  0.0188  0.0191  0.0185  0.0184
niter,ni,del,rscale     2    3    5.0000    0.5000
parameters
   -0.2900   17.2412    8.7405    1.2148  -14.2675   -5.9111
    1.8860    1.0543   -1.4223    7.9208    2.2534  -17.2332
eta,q 0.98199 13.54644
  0.0187  0.0187  0.0184  0.0190  0.0190  0.0186  0.0186  0.0191  0.0185  0.0187  0.0184  0.0183
  0.0183  0.0183  0.0182  0.0185  0.0185  0.0183  0.0183  0.0185  0.0182  0.0184  0.0182  0.0181
  0.0181  0.0181  0.0181  0.0182  0.0182  0.0181  0.0181  0.0181  0.0181  0.0181  0.0181  0.0180
  0.0180  0.0180  0.0180  0.0180  0.0180  0.0180  0.0180  0.0180  0.0180  0.0180  0.0180  0.0180
  0.0181  0.0181  0.0181  0.0181  0.0181  0.0180  0.0181  0.0181  0.0181  0.0181  0.0181  0.0180
  0.0184  0.0183  0.0182  0.0184  0.0184  0.0182  0.0183  0.0185  0.0182  0.0183  0.0182  0.0181
  0.0188  0.0187  0.0184  0.0190  0.0189  0.0186  0.0186  0.0191  0.0185  0.0187  0.0184  0.0183
niter,ni,del,rscale     1    3    5.0000    0.4000
parameters
   -0.3032   17.2323    8.7372    1.2740  -14.1926   -5.8706
    1.8972    1.0498   -1.4207    7.9417    2.2782  -17.2498
eta,q 0.98199 13.55349
  0.0185  0.0184  0.0182  0.0187  0.0186  0.0184  0.0184  0.0187  0.0183  0.0185  0.0183  0.0182
  0.0182  0.0182  0.0181  0.0183  0.0183  0.0182  0.0182  0.0183  0.0182  0.0182  0.0181  0.0181
  0.0181  0.0181  0.0180  0.0181  0.0181  0.0180  0.0181  0.0181  0.0180  0.0181  0.0180  0.0180
  0.0180  0.0180  0.0180  0.0180  0.0180  0.0180  0.0180  0.0180  0.0180  0.0180  0.0180  0.0180
  0.0181  0.0181  0.0180  0.0180  0.0180  0.0180  0.0180  0.0181  0.0180  0.0181  0.0180  0.0180
  0.0182  0.0182  0.0181  0.0183  0.0182  0.0181  0.0182  0.0183  0.0181  0.0182  0.0181  0.0181
  0.0185  0.0185  0.0183  0.0186  0.0186  0.0183  0.0184  0.0187  0.0183  0.0185  0.0182  0.0182
registration optimization eta report
parameter search radius
    0.8000    0.8000    0.8000    2.4000    2.4000    2.4000
    2.4000    2.4000    2.4000    2.4000    2.4000    2.4000
100000*second partial in parameter space
       75.       68.       37.       11.       11.        6.
        7.       12.        6.        8.        4.        3.
  0.0185  0.0184  0.0182  0.0187  0.0186  0.0184  0.0184  0.0187  0.0183  0.0185  0.0183  0.0182
  0.0182  0.0182  0.0181  0.0183  0.0183  0.0182  0.0182  0.0183  0.0182  0.0182  0.0181  0.0181
  0.0181  0.0181  0.0180  0.0181  0.0181  0.0180  0.0181  0.0181  0.0180  0.0181  0.0180  0.0180
  0.0180  0.0180  0.0180  0.0180  0.0180  0.0180  0.0180  0.0180  0.0180  0.0180  0.0180  0.0180
  0.0181  0.0181  0.0180  0.0180  0.0180  0.0180  0.0180  0.0181  0.0180  0.0181  0.0180  0.0180
  0.0182  0.0182  0.0181  0.0183  0.0182  0.0181  0.0182  0.0183  0.0181  0.0182  0.0181  0.0181
  0.0185  0.0185  0.0183  0.0186  0.0186  0.0183  0.0184  0.0187  0.0183  0.0185  0.0182  0.0182
   -0.3032   17.2323    8.7372    1.2740  -14.1926   -5.8706
    1.8972    1.0498   -1.4207    7.9417    2.2782  -17.2498
eta,q 0.98199 13.55349

---------------------------------------------------------------------
imgreg_4dfp /opt/freesurfer/average/711-2C_as_mni_average_305 /opt/freesurfer/average/711-2B_as_mni_average_305_mask talsrcimg_g11 none talsrcimg_to_711-2C_as_mni_average_305_t4 2311
---------------------------------------------------------------------

freesurfer imgreg_4dfp.c
/opt/freesurfer/average/711-2C_as_mni_average_305.4dfp.img
       256       256       256         1
  1.000000  1.000000  1.000000
orientation T byte_order littleendian
Reading image: /opt/freesurfer/average/711-2C_as_mni_average_305.4dfp.img
dimensions:      256       256       256
mmppix:       1.0000   -1.0000   -1.0000
center:     128.0000 -129.0000 -129.0000
/opt/freesurfer/average/711-2B_as_mni_average_305_mask.4dfp.img
       256       256       256         1
  1.000000  1.000000  1.000000
orientation T byte_order littleendian
Reading mask: /opt/freesurfer/average/711-2B_as_mni_average_305_mask.4dfp.img (2306576 pixels)
talsrcimg_g11.4dfp.img
       256       256       256         1
  1.000000  1.000000  1.000000
orientation T byte_order littleendian
Reading image: talsrcimg_g11.4dfp.img
dimensions:      256       256       256
mmppix:       1.0000   -1.0000   -1.0000
center:     128.0000 -129.0000 -129.0000
fimgreg.f
image alignment mode   2311 decimal      907 hex
parameters
   -0.3032   17.2323    8.7372    1.2740  -14.1926   -5.8706
    1.8972    1.0498   -1.4206    7.9417    2.2782  -17.2497
eta,q 0.98199 13.55349
niter,ni,del,rscale     5    3    5.0000    0.8000
parameters
   -0.3284   17.2241    8.7248    0.9054  -14.4999   -6.0974
    1.8921    0.9981   -1.4647    7.8785    2.2225  -17.1992
eta,q 0.98194 13.52079
  0.0198  0.0197  0.0189  0.0198  0.0199  0.0194  0.0195  0.0206  0.0193  0.0198  0.0189  0.0188
  0.0188  0.0188  0.0184  0.0190  0.0190  0.0187  0.0187  0.0192  0.0186  0.0188  0.0184  0.0184
  0.0182  0.0182  0.0181  0.0183  0.0183  0.0182  0.0182  0.0183  0.0182  0.0183  0.0181  0.0181
  0.0180  0.0180  0.0180  0.0180  0.0180  0.0181  0.0181  0.0181  0.0181  0.0181  0.0181  0.0181
  0.0182  0.0182  0.0181  0.0183  0.0183  0.0181  0.0182  0.0184  0.0182  0.0183  0.0182  0.0181
  0.0189  0.0188  0.0184  0.0192  0.0192  0.0186  0.0187  0.0193  0.0186  0.0189  0.0185  0.0184
  0.0200  0.0197  0.0190  0.0208  0.0207  0.0200  0.0195  0.0206  0.0193  0.0199  0.0189  0.0188
niter,ni,del,rscale     4    3    5.0000    0.7000
parameters
   -0.2614   17.2566    8.7560    1.0160  -14.4393   -6.0583
    1.8693    1.0274   -1.4346    7.8800    2.1899  -17.1815
eta,q 0.98195 13.52605
  0.0196  0.0194  0.0188  0.0197  0.0197  0.0192  0.0191  0.0201  0.0190  0.0194  0.0187  0.0186
  0.0188  0.0187  0.0184  0.0190  0.0190  0.0186  0.0185  0.0189  0.0185  0.0187  0.0183  0.0183
  0.0183  0.0182  0.0181  0.0184  0.0184  0.0182  0.0182  0.0182  0.0182  0.0182  0.0181  0.0181
  0.0181  0.0181  0.0181  0.0181  0.0180  0.0180  0.0180  0.0180  0.0180  0.0180  0.0180  0.0180
  0.0182  0.0182  0.0181  0.0181  0.0181  0.0181  0.0182  0.0183  0.0181  0.0182  0.0181  0.0181
  0.0186  0.0186  0.0183  0.0187  0.0187  0.0184  0.0185  0.0190  0.0185  0.0187  0.0184  0.0183
  0.0194  0.0193  0.0187  0.0198  0.0198  0.0193  0.0192  0.0200  0.0190  0.0194  0.0187  0.0186
niter,ni,del,rscale     3    3    5.0000    0.6000
parameters
   -0.2679   17.2496    8.7547    1.1219  -14.3472   -5.9881
    1.8671    1.0426   -1.4190    7.8972    2.2016  -17.2065
eta,q 0.98197 13.53628
  0.0191  0.0190  0.0186  0.0193  0.0193  0.0189  0.0189  0.0196  0.0188  0.0191  0.0186  0.0184
  0.0185  0.0185  0.0183  0.0188  0.0187  0.0184  0.0184  0.0187  0.0184  0.0185  0.0183  0.0182
  0.0182  0.0181  0.0181  0.0183  0.0183  0.0181  0.0181  0.0182  0.0181  0.0182  0.0181  0.0181
  0.0180  0.0180  0.0180  0.0180  0.0180  0.0180  0.0180  0.0180  0.0180  0.0180  0.0180  0.0180
  0.0182  0.0181  0.0181  0.0181  0.0181  0.0181  0.0181  0.0182  0.0181  0.0181  0.0181  0.0181
  0.0185  0.0185  0.0183  0.0185  0.0185  0.0183  0.0184  0.0187  0.0183  0.0185  0.0183  0.0182
  0.0191  0.0190  0.0186  0.0193  0.0193  0.0189  0.0189  0.0195  0.0187  0.0191  0.0185  0.0184
niter,ni,del,rscale     2    3    5.0000    0.5000
parameters
   -0.2844   17.2408    8.7536    1.2047  -14.2701   -5.9259
    1.8782    1.0505   -1.4133    7.9096    2.2312  -17.2178
eta,q 0.98198 13.54494
  0.0187  0.0187  0.0184  0.0190  0.0189  0.0186  0.0186  0.0191  0.0185  0.0187  0.0184  0.0183
  0.0183  0.0183  0.0182  0.0185  0.0185  0.0183  0.0183  0.0185  0.0182  0.0184  0.0182  0.0181
  0.0181  0.0181  0.0181  0.0182  0.0182  0.0181  0.0181  0.0181  0.0181  0.0181  0.0181  0.0180
  0.0180  0.0180  0.0180  0.0180  0.0180  0.0180  0.0180  0.0180  0.0180  0.0180  0.0180  0.0180
  0.0181  0.0181  0.0181  0.0181  0.0181  0.0181  0.0181  0.0181  0.0181  0.0181  0.0181  0.0180
  0.0184  0.0183  0.0182  0.0184  0.0184  0.0182  0.0183  0.0185  0.0182  0.0183  0.0182  0.0181
  0.0188  0.0187  0.0184  0.0190  0.0189  0.0186  0.0186  0.0191  0.0185  0.0187  0.0184  0.0183
niter,ni,del,rscale     1    3    5.0000    0.4000
parameters
   -0.3018   17.2338    8.7434    1.2777  -14.1963   -5.8829
    1.8891    1.0475   -1.4147    7.9388    2.2782  -17.2428
eta,q 0.98199 13.55276
  0.0185  0.0184  0.0182  0.0187  0.0186  0.0184  0.0184  0.0187  0.0183  0.0185  0.0183  0.0182
  0.0182  0.0182  0.0181  0.0183  0.0183  0.0182  0.0182  0.0183  0.0182  0.0182  0.0181  0.0181
  0.0181  0.0181  0.0180  0.0181  0.0181  0.0180  0.0180  0.0181  0.0180  0.0181  0.0180  0.0180
  0.0180  0.0180  0.0180  0.0180  0.0180  0.0180  0.0180  0.0180  0.0180  0.0180  0.0180  0.0180
  0.0181  0.0181  0.0180  0.0180  0.0180  0.0180  0.0180  0.0181  0.0180  0.0181  0.0180  0.0180
  0.0182  0.0182  0.0181  0.0183  0.0182  0.0181  0.0182  0.0183  0.0182  0.0182  0.0181  0.0181
  0.0185  0.0185  0.0183  0.0186  0.0186  0.0183  0.0184  0.0187  0.0183  0.0185  0.0182  0.0182
registration optimization eta report
parameter search radius
    0.8000    0.8000    0.8000    2.4000    2.4000    2.4000
    2.4000    2.4000    2.4000    2.4000    2.4000    2.4000
100000*second partial in parameter space
       75.       67.       37.       11.       11.        6.
        7.       12.        6.        8.        4.        3.
  0.0185  0.0184  0.0182  0.0187  0.0186  0.0184  0.0184  0.0187  0.0183  0.0185  0.0183  0.0182
  0.0182  0.0182  0.0181  0.0183  0.0183  0.0182  0.0182  0.0183  0.0182  0.0182  0.0181  0.0181
  0.0181  0.0181  0.0180  0.0181  0.0181  0.0180  0.0180  0.0181  0.0180  0.0181  0.0180  0.0180
  0.0180  0.0180  0.0180  0.0180  0.0180  0.0180  0.0180  0.0180  0.0180  0.0180  0.0180  0.0180
  0.0181  0.0181  0.0180  0.0180  0.0180  0.0180  0.0180  0.0181  0.0180  0.0181  0.0180  0.0180
  0.0182  0.0182  0.0181  0.0183  0.0182  0.0181  0.0182  0.0183  0.0182  0.0182  0.0181  0.0181
  0.0185  0.0185  0.0183  0.0186  0.0186  0.0183  0.0184  0.0187  0.0183  0.0185  0.0182  0.0182
   -0.3018   17.2338    8.7434    1.2777  -14.1963   -5.8829
    1.8891    1.0475   -1.4147    7.9388    2.2782  -17.2428
eta,q 0.98199 13.55276

---------------------------------------------------------------------
compute_vox2vox talsrcimg talsrcimg_to_711-2C_as_mni_average_305_t4 /opt/freesurfer/average/711-2C_as_mni_average_305
---------------------------------------------------------------------

freesurfer compute_vox2vox.c
Reading: talsrcimg.4dfp.ifh
Reading: talsrcimg_to_711-2C_as_mni_average_305_t4
Reading: /opt/freesurfer/average/711-2C_as_mni_average_305.4dfp.ifh
Writing: talsrcimg_to_711-2C_as_mni_average_305_t4_vox2vox.txt

start time Wed Mar 11 14:07:26 CET 2026
end		time Wed Mar 11 14:08:53 CET 2026

mpr2mni305 success

avi2talxfm orig_nu.mgz /opt/freesurfer/average/mni305.cor.mgz talsrcimg_to_711-2C_as_mni_average_305_t4_vox2vox.txt transforms/talairach.auto.xfm
avi2talxfm done
mv -f /out/sourcedata/freesurfer/sub-v2s18x29511_ses-1/mri/talsrcimg_to_711-2C_as_mni_average_305_t4_vox2vox.txt /out/sourcedata/freesurfer/sub-v2s18x29511_ses-1/mri/transforms/talsrcimg_to_711-2C_as_mni_average_305_t4_vox2vox.txt
lta_convert --src orig_nu.mgz --trg /opt/freesurfer/average/mni305.cor.mgz --inxfm transforms/talairach.auto.xfm --outlta transforms/talairach.auto.xfm.lta --subject fsaverage
7.3.2

--src: orig_nu.mgz src image (geometry).
--trg: /opt/freesurfer/average/mni305.cor.mgz trg image (geometry).
--inmni: transforms/talairach.auto.xfm input MNI/XFM transform.
--outlta: transforms/talairach.auto.xfm.lta output LTA.
--s: fsaverage subject name
 LTA read, type : 1
 0.98726  -0.00900  -0.02355  -6.58399;
-0.02057   1.04498   0.21045  -54.46644;
 0.01818  -0.09683   1.14559   14.08733;
 0.00000   0.00000   0.00000   1.00000;
setting subject to fsaverage
Writing  LTA to file transforms/talairach.auto.xfm.lta...
lta_convert successful.
 
 
Started at Wed Mar 11 14:07:25 CET 2026
Ended   at Wed Mar 11 14:08:53 CET 2026
talairach_avi done
