/out/sourcedata/freesurfer/sub-v2s18x29504_ses-1/mri
/opt/freesurfer/bin/talairach_avi
--i orig_nu.mgz --xfm transforms/talairach.auto.xfm
talairach_avi 7.3.2
Linux dna066 5.14.0-427.37.1.el9_4.x86_64 #1 SMP PREEMPT_DYNAMIC Fri Sep 13 12:41:50 EDT 2024 x86_64 x86_64 x86_64 GNU/Linux
Sat Mar 14 22:26:55 CET 2026
mri_convert orig_nu.mgz talsrcimg.img 
reading from orig_nu.mgz...
TR=0.00, TE=0.00, TI=0.00, flip angle=0.00
i_ras = (-1, -2.60209e-18, 0)
j_ras = (0, 0, -1)
k_ras = (2.60209e-18, 1, 0)
writing to talsrcimg.img...
Analyze Output Matrix
-1.00000   0.00000   0.00000   126.61017;
-0.00000   0.00000   1.00000  -92.17214;
 0.00000  -1.00000   0.00000   160.85562;
 0.00000   0.00000   0.00000   1.00000;
--------------------
INFO: set hdr.hist.orient to -1
mpr2mni305 talsrcimg
Sat Mar 14 22:26:55 CET 2026
/opt/freesurfer/bin/mpr2mni305 talsrcimg
mpr2mni305 7.3.2
target=711-2C_as_mni_average_305

---------------------------------------------------------------------
analyzeto4dfp talsrcimg -O0 -y
---------------------------------------------------------------------

freesurfer ifh2hdr.c
Sat Mar 14 22:26:55 2026
Writing: talsrcimg.4dfp.hdr
freesurfer analyzeto4dfp.c
Reading: talsrcimg.hdr
header size 348 bytes
hdr.dime.datatype	offset=70	value=2
hdr.dime.bitpix		offset=72	value=8
hdr.hist.orient		offset=252	value=-1
dimensionality     4
dimensions       256       256       256         1
Reading: talsrcimg.img
Writing: talsrcimg.4dfp.img
Writing: talsrcimg.4dfp.ifh
ifh2hdr talsrcimg -r0to223
ori=2

---------------------------------------------------------------------
gauss_4dfp talsrcimg 1.1
---------------------------------------------------------------------

freesurfer gauss_4dfp.c
Reading: talsrcimg.4dfp.img
Writing: talsrcimg_g11.4dfp.img
image dimensions 256 256 256 padded to 288 288 288
processing volume 1freesurfer ifh2hdr.c
Sat Mar 14 22:26:57 2026
Writing: talsrcimg_g11.4dfp.hdr

Writing: talsrcimg_g11.4dfp.ifh
including: talsrcimg.4dfp.img.rec in talsrcimg_g11.4dfp.img.rec

---------------------------------------------------------------------
imgreg_4dfp /opt/freesurfer/average/711-2C_as_mni_average_305 none talsrcimg_g11 none talsrcimg_to_711-2C_as_mni_average_305_t4 4355
---------------------------------------------------------------------

freesurfer imgreg_4dfp.c
/opt/freesurfer/average/711-2C_as_mni_average_305.4dfp.img
       256       256       256         1
  1.000000  1.000000  1.000000
orientation T byte_order littleendian
Reading image: /opt/freesurfer/average/711-2C_as_mni_average_305.4dfp.img
dimensions:      256       256       256
mmppix:       1.0000   -1.0000   -1.0000
center:     128.0000 -129.0000 -129.0000
talsrcimg_g11.4dfp.img
       256       256       256         1
  1.000000  1.000000  1.000000
orientation T byte_order littleendian
Reading image: talsrcimg_g11.4dfp.img
dimensions:      256       256       256
mmppix:       1.0000   -1.0000   -1.0000
center:     128.0000 -129.0000 -129.0000
t4_read: open error in t4_sub.f l:  41 t4_file(1:l)talsrcimg_to_711-2C_as_mni_average_305_t4 
t4_read: transform initialized to I4
rotation matrix determinant  1.000000
image alignment mode   4355 decimal     1103 hex
   -7.5000  -45.0000  -45.0000 7557.6841   14.1139
    0.0000  -45.0000  -45.0000 7816.4780   14.1425
    7.5000  -45.0000  -45.0000 7426.2300   14.1589
   -7.5000  -37.5000  -45.0000 7954.0693   14.1137
    0.0000  -37.5000  -45.0000 8226.8320   14.1463
    7.5000  -37.5000  -45.0000 7824.2183   14.1646
   -7.5000  -30.0000  -45.0000 8596.7178   14.1083
    0.0000  -30.0000  -45.0000 8913.0713   14.1434
    7.5000  -30.0000  -45.0000 8467.4414   14.1610
   -7.5000  -22.5000  -45.0000 9195.5732   14.1016
    0.0000  -22.5000  -45.0000 9537.9824   14.1349
    7.5000  -22.5000  -45.0000 9080.7578   14.1498
   -7.5000  -15.0000  -45.0000 9748.9443   14.1001
    0.0000  -15.0000  -45.000010104.0342   14.1289
    7.5000  -15.0000  -45.0000 9613.4375   14.1423
   -7.5000   -7.5000  -45.000010250.1494   14.1068
    0.0000   -7.5000  -45.000010618.1475   14.1333
    7.5000   -7.5000  -45.000010114.0566   14.1475
   -7.5000    0.0000  -45.000010623.6133   14.1137
    0.0000    0.0000  -45.000010985.1348   14.1422
    7.5000    0.0000  -45.000010510.4863   14.1586
   -7.5000    7.5000  -45.000010182.7363   14.1137
    0.0000    7.5000  -45.000010529.3955   14.1463
    7.5000    7.5000  -45.000010076.4209   14.1646
   -7.5000   15.0000  -45.0000 9672.1963   14.1083
    0.0000   15.0000  -45.000010002.0078   14.1434
    7.5000   15.0000  -45.0000 9560.7188   14.1610
   -7.5000   22.5000  -45.0000 9048.9570   14.0997
    0.0000   22.5000  -45.0000 9332.6963   14.1329
    7.5000   22.5000  -45.0000 8929.0459   14.1479
   -7.5000   30.0000  -45.0000 8355.2207   13.9122
    0.0000   30.0000  -45.0000 8613.6025   13.9406
    7.5000   30.0000  -45.0000 8230.3027   13.9538
   -7.5000   37.5000  -45.0000 7957.6016   13.9188
    0.0000   37.5000  -45.0000 8196.2861   13.9450
    7.5000   37.5000  -45.0000 7826.5630   13.9589
   -7.5000   45.0000  -45.0000 7261.5938   13.5721
    0.0000   45.0000  -45.0000 7486.3442   13.5996
    7.5000   45.0000  -45.0000 7114.6621   13.6154
   -7.5000  -45.0000  -37.5000 8082.8877   13.9499
    0.0000  -45.0000  -37.5000 8380.3652   13.9816
    7.5000  -45.0000  -37.5000 7949.0205   14.0092
   -7.5000  -37.5000  -37.5000 8519.5400   13.9515
    0.0000  -37.5000  -37.5000 8825.2100   13.9857
    7.5000  -37.5000  -37.5000 8370.5254   14.0134
   -7.5000  -30.0000  -37.5000 9191.2705   13.9474
    0.0000  -30.0000  -37.5000 9537.1738   13.9826
    7.5000  -30.0000  -37.5000 9041.8545   14.0082
   -7.5000  -22.5000  -37.5000 9807.6963   13.9400
    0.0000  -22.5000  -37.500010175.9688   13.9734
    7.5000  -22.5000  -37.5000 9663.1299   13.9963
   -7.5000  -15.0000  -37.500010386.8096   13.9373
    0.0000  -15.0000  -37.500010788.6582   13.9673
    7.5000  -15.0000  -37.500010225.3301   13.9897
   -7.5000   -7.5000  -37.500010933.2148   13.9428
    0.0000   -7.5000  -37.500011348.0527   13.9721
    7.5000   -7.5000  -37.500010757.8896   13.9970
   -7.5000    0.0000  -37.500011341.7852   13.9496
    0.0000    0.0000  -37.500011740.4873   13.9814
    7.5000    0.0000  -37.500011179.7803   14.0089
   -7.5000    7.5000  -37.500010873.6182   13.9515
    0.0000    7.5000  -37.500011254.1875   13.9857
    7.5000    7.5000  -37.500010710.8027   14.0134
   -7.5000   15.0000  -37.500010341.2676   13.9474
    0.0000   15.0000  -37.500010702.5000   13.9826
    7.5000   15.0000  -37.500010175.2207   14.0082
   -7.5000   22.5000  -37.5000 9652.6680   13.9381
    0.0000   22.5000  -37.5000 9980.1689   13.9715
    7.5000   22.5000  -37.5000 9489.9365   13.9944
   -7.5000   30.0000  -37.5000 8893.6445   13.7516
    0.0000   30.0000  -37.5000 9171.2344   13.7812
    7.5000   30.0000  -37.5000 8734.5635   13.8032
   -7.5000   37.5000  -37.5000 8444.1758   13.7570
    0.0000   37.5000  -37.5000 8691.3428   13.7859
    7.5000   37.5000  -37.5000 8291.9326   13.8105
   -7.5000   45.0000  -37.5000 7698.6479   13.4144
    0.0000   45.0000  -37.5000 7925.5752   13.4449
    7.5000   45.0000  -37.5000 7537.4419   13.4714
   -7.5000  -45.0000  -30.0000 8789.7773   14.4158
    0.0000  -45.0000  -30.0000 9131.0029   14.4495
    7.5000  -45.0000  -30.0000 8631.5674   14.4808
   -7.5000  -37.5000  -30.0000 9252.0869   14.4210
    0.0000  -37.5000  -30.0000 9604.2188   14.4560
    7.5000  -37.5000  -30.0000 9072.6826   14.4859
   -7.5000  -30.0000  -30.0000 9987.9355   14.4181
    0.0000  -30.0000  -30.000010366.0303   14.4541
    7.5000  -30.0000  -30.0000 9796.2920   14.4824
   -7.5000  -22.5000  -30.000010640.3701   14.4084
    0.0000  -22.5000  -30.000011051.2998   14.4438
    7.5000  -22.5000  -30.000010448.8047   14.4714
   -7.5000  -15.0000  -30.000011248.4854   14.4026
    0.0000  -15.0000  -30.000011702.5850   14.4359
    7.5000  -15.0000  -30.000011030.2393   14.4644
   -7.5000   -7.5000  -30.000011823.7754   14.4068
    0.0000   -7.5000  -30.000012298.2441   14.4395
    7.5000   -7.5000  -30.000011617.2715   14.4700
   -7.5000    0.0000  -30.000012265.6113   14.4155
    0.0000    0.0000  -30.000012745.0000   14.4492
    7.5000    0.0000  -30.000012065.8105   14.4805
   -7.5000    7.5000  -30.000011763.4395   14.4210
    0.0000    7.5000  -30.000012217.8477   14.4560
    7.5000    7.5000  -30.000011555.5195   14.4859
   -7.5000   15.0000  -30.000011166.0713   14.4181
    0.0000   15.0000  -30.000011590.9619   14.4541
    7.5000   15.0000  -30.000010968.7188   14.4824
   -7.5000   22.5000  -30.000010399.8604   14.4050
    0.0000   22.5000  -30.000010777.9570   14.4403
    7.5000   22.5000  -30.000010203.3496   14.4680
   -7.5000   30.0000  -30.0000 9542.1309   14.2120
    0.0000   30.0000  -30.0000 9865.7119   14.2449
    7.5000   30.0000  -30.0000 9367.6494   14.2730
   -7.5000   37.5000  -30.0000 9055.5947   14.2161
    0.0000   37.5000  -30.0000 9356.6816   14.2484
    7.5000   37.5000  -30.0000 8911.9971   14.2785
   -7.5000   45.0000  -30.0000 8236.0195   13.8726
    0.0000   45.0000  -30.0000 8496.2520   13.9050
    7.5000   45.0000  -30.0000 8099.1460   13.9351
   -7.5000  -45.0000  -22.5000 9512.2373   14.8502
    0.0000  -45.0000  -22.5000 9884.6641   14.8809
    7.5000  -45.0000  -22.5000 9339.3486   14.9023
   -7.5000  -37.5000  -22.5000 9991.9277   14.8571
    0.0000  -37.5000  -22.500010390.0498   14.8900
    7.5000  -37.5000  -22.5000 9809.2793   14.9098
   -7.5000  -30.0000  -22.500010785.6416   14.8524
    0.0000  -30.0000  -22.500011212.0371   14.8885
    7.5000  -30.0000  -22.500010602.7354   14.9092
   -7.5000  -22.5000  -22.500011504.3584   14.8386
    0.0000  -22.5000  -22.500011960.2373   14.8756
    7.5000  -22.5000  -22.500011295.1475   14.8992
   -7.5000  -15.0000  -22.500012131.8232   14.8301
    0.0000  -15.0000  -22.500012648.2949   14.8652
    7.5000  -15.0000  -22.500011887.4619   14.8909
   -7.5000   -7.5000  -22.500012739.6504   14.8367
    0.0000   -7.5000  -22.500013271.7168   14.8687
    7.5000   -7.5000  -22.500012473.7236   14.8931
   -7.5000    0.0000  -22.500013209.2852   14.8499
    0.0000    0.0000  -22.500013737.0596   14.8806
    7.5000    0.0000  -22.500012952.7422   14.9020
   -7.5000    7.5000  -22.500012664.5107   14.8571
    0.0000    7.5000  -22.500013154.7559   14.8900
    7.5000    7.5000  -22.500012417.8701   14.9098
   -7.5000   15.0000  -22.500012007.3232   14.8524
    0.0000   15.0000  -22.500012484.1279   14.8885
    7.5000   15.0000  -22.500011782.5000   14.9092
   -7.5000   22.5000  -22.500011170.6064   14.8340
    0.0000   22.5000  -22.500011602.9111   14.8710
    7.5000   22.5000  -22.500010964.8359   14.8946
   -7.5000   30.0000  -22.500010219.1016   14.6361
    0.0000   30.0000  -22.500010598.4951   14.6707
    7.5000   30.0000  -22.500010035.8828   14.6961
   -7.5000   37.5000  -22.5000 9682.5508   14.6427
    0.0000   37.5000  -22.500010035.2705   14.6742
    7.5000   37.5000  -22.5000 9538.7734   14.6983
   -7.5000   45.0000  -22.5000 8785.0371   14.3013
    0.0000   45.0000  -22.5000 9087.2207   14.3309
    7.5000   45.0000  -22.5000 8652.7705   14.3515
   -7.5000  -45.0000  -15.000010275.1807   15.2143
    0.0000  -45.0000  -15.000010661.2617   15.2401
    7.5000  -45.0000  -15.000010108.4727   15.2489
   -7.5000  -37.5000  -15.000010754.7197   15.2165
    0.0000  -37.5000  -15.000011178.1973   15.2463
    7.5000  -37.5000  -15.000010598.7002   15.2546
   -7.5000  -30.0000  -15.000011612.3164   15.2062
    0.0000  -30.0000  -15.000012080.8721   15.2417
    7.5000  -30.0000  -15.000011435.4160   15.2529
   -7.5000  -22.5000  -15.000012384.2393   15.1913
    0.0000  -22.5000  -15.000012889.1914   15.2286
    7.5000  -22.5000  -15.000012153.7715   15.2439
   -7.5000  -15.0000  -15.000013047.0332   15.1862
    0.0000  -15.0000  -15.000013623.8223   15.2205
    7.5000  -15.0000  -15.000012783.7969   15.2377
   -7.5000   -7.5000  -15.000013668.7207   15.1985
    0.0000   -7.5000  -15.000014286.6504   15.2271
    7.5000   -7.5000  -15.000013401.2373   15.2405
   -7.5000    0.0000  -15.000014173.8184   15.2140
    0.0000    0.0000  -15.000014790.0791   15.2398
    7.5000    0.0000  -15.000013881.8740   15.2486
   -7.5000    7.5000  -15.000013552.1582   15.2165
    0.0000    7.5000  -15.000014143.9814   15.2463
    7.5000    7.5000  -15.000013302.4482   15.2546
   -7.5000   15.0000  -15.000012852.5176   15.2062
    0.0000   15.0000  -15.000013398.3066   15.2417
    7.5000   15.0000  -15.000012627.6758   15.2529
   -7.5000   22.5000  -15.000011954.9854   15.1859
    0.0000   22.5000  -15.000012465.0791   15.2232
    7.5000   22.5000  -15.000011755.8301   15.2386
   -7.5000   30.0000  -15.000010911.2012   14.9896
    0.0000   30.0000  -15.000011364.1064   15.0235
    7.5000   30.0000  -15.000010741.9238   15.0405
   -7.5000   37.5000  -15.000010338.7734   15.0018
    0.0000   37.5000  -15.000010753.6885   15.0300
    7.5000   37.5000  -15.000010182.7051   15.0433
   -7.5000   45.0000  -15.0000 9362.8467   14.6609
    0.0000   45.0000  -15.0000 9713.3750   14.6857
    7.5000   45.0000  -15.0000 9210.4004   14.6941
   -7.5000  -45.0000   -7.500011079.0322   15.3879
    0.0000  -45.0000   -7.500011504.1826   15.4143
    7.5000  -45.0000   -7.500010917.7051   15.4218
   -7.5000  -37.5000   -7.500011586.6064   15.3867
    0.0000  -37.5000   -7.500012062.7734   15.4180
    7.5000  -37.5000   -7.500011430.3047   15.4266
   -7.5000  -30.0000   -7.500012480.2529   15.3759
    0.0000  -30.0000   -7.500013021.8682   15.4125
    7.5000  -30.0000   -7.500012301.3203   15.4231
   -7.5000  -22.5000   -7.500013283.9385   15.3641
    0.0000  -22.5000   -7.500013864.6670   15.4012
    7.5000  -22.5000   -7.500013051.3184   15.4132
   -7.5000  -15.0000   -7.500014024.2646   15.3622
    0.0000  -15.0000   -7.500014661.2070   15.3950
    7.5000  -15.0000   -7.500013737.7168   15.4071
   -7.5000   -7.5000   -7.500014712.3076   15.3748
    0.0000   -7.5000   -7.500015379.7578   15.4023
    7.5000   -7.5000   -7.500014405.5625   15.4118
   -7.5000    0.0000   -7.500015231.6016   15.3876
    0.0000    0.0000   -7.500015930.1963   15.4140
    7.5000    0.0000   -7.500014930.1289   15.4215
   -7.5000    7.5000   -7.500014528.6797   15.3867
    0.0000    7.5000   -7.500015211.5947   15.4180
    7.5000    7.5000   -7.500014293.4209   15.4266
   -7.5000   15.0000   -7.500013730.4600   15.3759
    0.0000   15.0000   -7.500014360.7432   15.4125
    7.5000   15.0000   -7.500013528.4844   15.4231
   -7.5000   22.5000   -7.500012772.9209   15.3570
    0.0000   22.5000   -7.500013368.4746   15.3941
    7.5000   22.5000   -7.500012591.1924   15.4061
   -7.5000   30.0000   -7.500011674.6338   15.1630
    0.0000   30.0000   -7.500012197.3057   15.1954
    7.5000   30.0000   -7.500011493.0176   15.2073
   -7.5000   37.5000   -7.500011032.2852   15.1754
    0.0000   37.5000   -7.500011511.9746   15.2026
    7.5000   37.5000   -7.500010873.8750   15.2120
   -7.5000   45.0000   -7.5000 9972.0166   14.8309
    0.0000   45.0000   -7.500010386.6309   14.8564
    7.5000   45.0000   -7.5000 9826.8486   14.8636
   -7.5000  -45.0000    0.000011844.7373   15.4079
    0.0000  -45.0000    0.000012324.5869   15.4388
    7.5000  -45.0000    0.000011720.0596   15.4565
   -7.5000  -37.5000    0.000012362.0928   15.4073
    0.0000  -37.5000    0.000012886.0820   15.4427
    7.5000  -37.5000    0.000012250.0039   15.4618
   -7.5000  -30.0000    0.000013293.8242   15.4008
    0.0000  -30.0000    0.000013870.1621   15.4393
    7.5000  -30.0000    0.000013154.5859   15.4575
   -7.5000  -22.5000    0.000014128.3506   15.3931
    0.0000  -22.5000    0.000014754.6289   15.4298
    7.5000  -22.5000    0.000013950.2842   15.4457
   -7.5000  -15.0000    0.000014912.0801   15.3917
    0.0000  -15.0000    0.000015565.5967   15.4235
    7.5000  -15.0000    0.000014691.8604   15.4383
   -7.5000   -7.5000    0.000015648.6211   15.3997
    0.0000   -7.5000    0.000016338.9229   15.4288
    7.5000   -7.5000    0.000015403.2578   15.4444
   -7.5000    0.0000    0.000016190.5781   15.4076
    0.0000    0.0000    0.000016937.4434   15.4385
    7.5000    0.0000    0.000015946.2764   15.4562
   -7.5000    7.5000    0.000015447.5303   15.4073
    0.0000    7.5000    0.000016158.3584   15.4427
    7.5000    7.5000    0.000015239.1201   15.4618
   -7.5000   15.0000    0.000014563.8066   15.4008
    0.0000   15.0000    0.000015241.1680   15.4393
    7.5000   15.0000    0.000014381.7002   15.4575
   -7.5000   22.5000    0.000013540.6123   15.3860
    0.0000   22.5000    0.000014191.5840   15.4227
    7.5000   22.5000    0.000013375.3750   15.4386
   -7.5000   30.0000    0.000012395.4316   15.1925
    0.0000   30.0000    0.000012981.3545   15.2239
    7.5000   30.0000    0.000012222.0898   15.2385
   -7.5000   37.5000    0.000011709.7100   15.2004
    0.0000   37.5000    0.000012275.1289   15.2291
    7.5000   37.5000    0.000011547.3340   15.2445
   -7.5000   45.0000    0.000010577.1924   14.8513
    0.0000   45.0000    0.000011065.9521   14.8812
    7.5000   45.0000    0.000010420.4814   14.8982
   -7.5000  -45.0000    7.500011699.2568   15.4004
    0.0000  -45.0000    7.500012176.4316   15.4357
    7.5000  -45.0000    7.500011571.2158   15.4657
   -7.5000  -37.5000    7.500012192.0967   15.4037
    0.0000  -37.5000    7.500012697.2402   15.4416
    7.5000  -37.5000    7.500012064.2988   15.4717
   -7.5000  -30.0000    7.500013113.0781   15.4012
    0.0000  -30.0000    7.500013654.1348   15.4402
    7.5000  -30.0000    7.500012963.2930   15.4678
   -7.5000  -22.5000    7.500013936.7705   15.3937
    0.0000  -22.5000    7.500014533.8223   15.4308
    7.5000  -22.5000    7.500013812.9238   15.4553
   -7.5000  -15.0000    7.500014688.2744   15.3896
    0.0000  -15.0000    7.500015291.2148   15.4231
    7.5000  -15.0000    7.500014574.8613   15.4469
   -7.5000   -7.5000    7.500015392.0107   15.3934
    0.0000   -7.5000    7.500016045.1895   15.4262
    7.5000   -7.5000    7.500015266.0791   15.4531
   -7.5000    0.0000    7.500015919.5566   15.4001
    0.0000    0.0000    7.500016638.7363   15.4354
    7.5000    0.0000    7.500015772.2168   15.4654
   -7.5000    7.5000    7.500015185.3506   15.4037
    0.0000    7.5000    7.500015896.3564   15.4416
    7.5000    7.5000    7.500015018.0996   15.4717
   -7.5000   15.0000    7.500014313.4932   15.4012
    0.0000   15.0000    7.500014981.4717   15.4402
    7.5000   15.0000    7.500014136.6416   15.4678
   -7.5000   22.5000    7.500013340.3047   15.3866
    0.0000   22.5000    7.500013963.1035   15.4237
    7.5000   22.5000    7.500013152.7158   15.4482
   -7.5000   30.0000    7.500012243.9238   15.1905
    0.0000   30.0000    7.500012813.6328   15.2235
    7.5000   30.0000    7.500012052.1104   15.2470
   -7.5000   37.5000    7.500011578.8398   15.1942
    0.0000   37.5000    7.500012138.1309   15.2266
    7.5000   37.5000    7.500011402.5156   15.2531
   -7.5000   45.0000    7.500010448.6084   14.8441
    0.0000   45.0000    7.500010938.0039   14.8782
    7.5000   45.0000    7.500010260.5010   14.9070
   -7.5000  -45.0000   15.000011383.0283   15.4025
    0.0000  -45.0000   15.000011837.4277   15.4390
    7.5000  -45.0000   15.000011255.6387   15.4722
   -7.5000  -37.5000   15.000011828.3994   15.4102
    0.0000  -37.5000   15.000012275.2764   15.4481
    7.5000  -37.5000   15.000011675.4004   15.4799
   -7.5000  -30.0000   15.000012797.3916   15.4090
    0.0000  -30.0000   15.000013371.2520   15.4478
    7.5000  -30.0000   15.000012617.0576   15.4779
   -7.5000  -22.5000   15.000013784.6914   15.3981
    0.0000  -22.5000   15.000014461.5479   15.4362
    7.5000  -22.5000   15.000013631.3408   15.4656
   -7.5000  -15.0000   15.000014585.3711   15.3897
    0.0000  -15.0000   15.000015215.1973   15.4257
    7.5000  -15.0000   15.000014456.1182   15.4561
   -7.5000   -7.5000   15.000015210.8691   15.3925
    0.0000   -7.5000   15.000015831.1787   15.4280
    7.5000   -7.5000   15.000015078.7207   15.4605
   -7.5000    0.0000   15.000015681.8213   15.4022
    0.0000    0.0000   15.000016346.9062   15.4387
    7.5000    0.0000   15.000015508.4570   15.4719
   -7.5000    7.5000   15.000014905.6787   15.4102
    0.0000    7.5000   15.000015564.8867   15.4481
    7.5000    7.5000   15.000014702.9629   15.4799
   -7.5000   15.0000   15.000014016.1680   15.4090
    0.0000   15.0000   15.000014628.0566   15.4478
    7.5000   15.0000   15.000013782.8291   15.4779
   -7.5000   22.5000   15.000013034.5986   15.3910
    0.0000   22.5000   15.000013597.1611   15.4290
    7.5000   22.5000   15.000012796.8428   15.4585
   -7.5000   30.0000   15.000011939.6680   15.1905
    0.0000   30.0000   15.000012464.1689   15.2261
    7.5000   30.0000   15.000011741.2715   15.2561
   -7.5000   37.5000   15.000011278.0186   15.1933
    0.0000   37.5000   15.000011800.3086   15.2283
    7.5000   37.5000   15.000011101.5156   15.2604
   -7.5000   45.0000   15.000010168.3652   14.8461
    0.0000   45.0000   15.000010639.1885   14.8813
    7.5000   45.0000   15.0000 9993.8242   14.9133
   -7.5000  -45.0000   22.500011017.9990   15.4142
    0.0000  -45.0000   22.500011492.6436   15.4461
    7.5000  -45.0000   22.500010902.7012   15.4683
   -7.5000  -37.5000   22.500011402.2881   15.4215
    0.0000  -37.5000   22.500011910.4316   15.4557
    7.5000  -37.5000   22.500011271.4102   15.4761
   -7.5000  -30.0000   22.500012364.4609   15.4165
    0.0000  -30.0000   22.500013056.2754   15.4541
    7.5000  -30.0000   22.500012206.9316   15.4755
   -7.5000  -22.5000   22.500013428.8955   15.4020
    0.0000  -22.5000   22.500014189.5537   15.4405
    7.5000  -22.5000   22.500013235.2842   15.4649
   -7.5000  -15.0000   22.500014272.1963   15.3931
    0.0000  -15.0000   22.500014887.9668   15.4295
    7.5000  -15.0000   22.500014018.8613   15.4562
   -7.5000   -7.5000   22.500014840.3438   15.4001
    0.0000   -7.5000   22.500015412.0635   15.4332
    7.5000   -7.5000   22.500014578.4482   15.4586
   -7.5000    0.0000   22.500015198.5840   15.4139
    0.0000    0.0000   22.500015827.7393   15.4458
    7.5000    0.0000   22.500014972.6094   15.4680
   -7.5000    7.5000   22.500014396.1455   15.4215
    0.0000    7.5000   22.500014994.9980   15.4557
    7.5000    7.5000   22.500014182.2197   15.4761
   -7.5000   15.0000   22.500013472.8926   15.4165
    0.0000   15.0000   22.500014026.7236   15.4541
    7.5000   15.0000   22.500013270.0811   15.4755
   -7.5000   22.5000   22.500012511.2412   15.3950
    0.0000   22.5000   22.500013025.5176   15.4334
    7.5000   22.5000   22.500012322.3779   15.4578
   -7.5000   30.0000   22.500011465.2471   15.1939
    0.0000   30.0000   22.500011963.9072   15.2299
    7.5000   30.0000   22.500011316.6562   15.2562
   -7.5000   37.5000   22.500010871.5898   15.2008
    0.0000   37.5000   22.500011370.0352   15.2335
    7.5000   37.5000   22.500010735.2178   15.2585
   -7.5000   45.0000   22.5000 9786.3389   14.8573
    0.0000   45.0000   22.500010236.8594   14.8881
    7.5000   45.0000   22.5000 9665.8555   14.9095
   -7.5000  -45.0000   30.000010538.7354   15.4341
    0.0000  -45.0000   30.000011025.8555   15.4602
    7.5000  -45.0000   30.000010418.1230   15.4689
   -7.5000  -37.5000   30.000010926.1133   15.4363
    0.0000  -37.5000   30.000011438.3477   15.4665
    7.5000  -37.5000   30.000010826.3779   15.4747
   -7.5000  -30.0000   30.000011770.1045   15.4259
    0.0000  -30.0000   30.000012382.9326   15.4618
    7.5000  -30.0000   30.000011706.2949   15.4729
   -7.5000  -22.5000   30.000012655.7852   15.4108
    0.0000  -22.5000   30.000013230.6328   15.4485
    7.5000  -22.5000   30.000012528.8262   15.4638
   -7.5000  -15.0000   30.000013383.4355   15.4056
    0.0000  -15.0000   30.000013882.4707   15.4402
    7.5000  -15.0000   30.000013189.1963   15.4574
   -7.5000   -7.5000   30.000013978.0889   15.4181
    0.0000   -7.5000   30.000014476.1260   15.4470
    7.5000   -7.5000   30.000013765.2617   15.4603
   -7.5000    0.0000   30.000014386.9072   15.4338
    0.0000    0.0000   30.000014973.3721   15.4599
    7.5000    0.0000   30.000014212.4600   15.4686
   -7.5000    7.5000   30.000013667.4961   15.4363
    0.0000    7.5000   30.000014237.1543   15.4665
    7.5000    7.5000   30.000013529.9219   15.4747
   -7.5000   15.0000   30.000012805.6064   15.4259
    0.0000   15.0000   30.000013335.7773   15.4618
    7.5000   15.0000   30.000012688.6455   15.4729
   -7.5000   22.5000   30.000011910.9736   15.4037
    0.0000   22.5000   30.000012403.0850   15.4414
    7.5000   22.5000   30.000011792.1973   15.4567
   -7.5000   30.0000   30.000010916.8311   15.2062
    0.0000   30.0000   30.000011395.1709   15.2404
    7.5000   30.0000   30.000010824.2529   15.2574
   -7.5000   37.5000   30.000010324.6729   15.2186
    0.0000   37.5000   30.000010805.7803   15.2471
    7.5000   37.5000   30.000010235.1484   15.2603
   -7.5000   45.0000   30.0000 9267.6533   14.8766
    0.0000   45.0000   30.0000 9697.2812   14.9017
    7.5000   45.0000   30.0000 9173.3047   14.9101
   -7.5000  -45.0000   37.500010318.1328   15.4761
    0.0000  -45.0000   37.500010787.8301   15.5025
    7.5000  -45.0000   37.500010226.3574   15.5096
   -7.5000  -37.5000   37.500010747.5049   15.4751
    0.0000  -37.5000   37.500011262.9121   15.5064
    7.5000  -37.5000   37.500010692.6143   15.5146
   -7.5000  -30.0000   37.500011613.0107   15.4646
    0.0000  -30.0000   37.500012165.6328   15.5013
    7.5000  -30.0000   37.500011577.5225   15.5114
   -7.5000  -22.5000   37.500012410.8994   15.4530
    0.0000  -22.5000   37.500012908.7461   15.4901
    7.5000  -22.5000   37.500012323.8105   15.5016
   -7.5000  -15.0000   37.500013031.9893   15.4510
    0.0000  -15.0000   37.500013514.8799   15.4837
    7.5000  -15.0000   37.500012910.2695   15.4954
   -7.5000   -7.5000   37.500013585.5469   15.4633
    0.0000   -7.5000   37.500014120.4561   15.4906
    7.5000   -7.5000   37.500013476.0938   15.4998
   -7.5000    0.0000   37.500014042.3506   15.4758
    0.0000    0.0000   37.500014631.4580   15.5022
    7.5000    0.0000   37.500013961.8643   15.5093
   -7.5000    7.5000   37.500013415.1533   15.4751
    0.0000    7.5000   37.500013971.1875   15.5064
    7.5000    7.5000   37.500013338.2637   15.5146
   -7.5000   15.0000   37.500012608.8125   15.4646
    0.0000   15.0000   37.500013136.8047   15.5013
    7.5000   15.0000   37.500012541.5596   15.5114
   -7.5000   22.5000   37.500011716.2549   15.4459
    0.0000   22.5000   37.500012225.7588   15.4830
    7.5000   22.5000   37.500011645.9854   15.4945
   -7.5000   30.0000   37.500010728.1455   15.2510
    0.0000   30.0000   37.500011204.2197   15.2833
    7.5000   30.0000   37.500010670.8047   15.2948
   -7.5000   37.5000   37.500010110.7832   15.2631
    0.0000   37.5000   37.500010548.9668   15.2902
    7.5000   37.5000   37.500010032.3896   15.2992
   -7.5000   45.0000   37.5000 9045.6699   14.9171
    0.0000   45.0000   37.5000 9422.7012   14.9425
    7.5000   45.0000   37.5000 8962.6465   14.9494
   -7.5000  -45.0000   45.0000 9616.0059   15.5241
    0.0000  -45.0000   45.000010053.5186   15.5554
    7.5000  -45.0000   45.0000 9532.7246   15.5729
   -7.5000  -37.5000   45.000010038.2109   15.5240
    0.0000  -37.5000   45.000010528.8584   15.5597
    7.5000  -37.5000   45.0000 9997.3174   15.5787
   -7.5000  -30.0000   45.000010863.0049   15.5181
    0.0000  -30.0000   45.000011368.3574   15.5570
    7.5000  -30.0000   45.000010829.6143   15.5751
   -7.5000  -22.5000   45.000011594.0127   15.5106
    0.0000  -22.5000   45.000012070.9150   15.5478
    7.5000  -22.5000   45.000011520.3652   15.5635
   -7.5000  -15.0000   45.000012160.2314   15.5089
    0.0000  -15.0000   45.000012669.7891   15.5411
    7.5000  -15.0000   45.000012089.8818   15.5555
   -7.5000   -7.5000   45.000012686.8125   15.5162
    0.0000   -7.5000   45.000013232.7812   15.5456
    7.5000   -7.5000   45.000012630.5244   15.5609
   -7.5000    0.0000   45.000013151.4912   15.5238
    0.0000    0.0000   45.000013701.9346   15.5551
    7.5000    0.0000   45.000013098.1084   15.5726
   -7.5000    7.5000   45.000012578.6240   15.5240
    0.0000    7.5000   45.000013106.7021   15.5597
    7.5000    7.5000   45.000012515.7031   15.5787
   -7.5000   15.0000   45.000011842.2627   15.5181
    0.0000   15.0000   45.000012334.7930   15.5570
    7.5000   15.0000   45.000011777.8174   15.5751
   -7.5000   22.5000   45.000010980.8906   15.5034
    0.0000   22.5000   45.000011453.6650   15.5406
    7.5000   22.5000   45.000010924.2471   15.5563
   -7.5000   30.0000   45.000010041.2988   15.3068
    0.0000   30.0000   45.000010478.0215   15.3386
    7.5000   30.0000   45.0000 9989.1602   15.3529
   -7.5000   37.5000   45.0000 9442.9092   15.3141
    0.0000   37.5000   45.0000 9820.7764   15.3431
    7.5000   37.5000   45.0000 9372.9756   15.3582
   -7.5000   45.0000   45.0000 8407.9346   14.9701
    0.0000   45.0000   45.0000 8734.9707   15.0003
    7.5000   45.0000   45.0000 8345.9561   15.0172

---------------------------------------------------------------------
imgreg_4dfp /opt/freesurfer/average/711-2C_as_mni_average_305 /opt/freesurfer/average/711-2B_as_mni_average_305_mask talsrcimg_g11 none talsrcimg_to_711-2C_as_mni_average_305_t4 4355
---------------------------------------------------------------------

freesurfer imgreg_4dfp.c
/opt/freesurfer/average/711-2C_as_mni_average_305.4dfp.img
       256       256       256         1
  1.000000  1.000000  1.000000
orientation T byte_order littleendian
Reading image: /opt/freesurfer/average/711-2C_as_mni_average_305.4dfp.img
dimensions:      256       256       256
mmppix:       1.0000   -1.0000   -1.0000
center:     128.0000 -129.0000 -129.0000
/opt/freesurfer/average/711-2B_as_mni_average_305_mask.4dfp.img
       256       256       256         1
  1.000000  1.000000  1.000000
orientation T byte_order littleendian
Reading mask: /opt/freesurfer/average/711-2B_as_mni_average_305_mask.4dfp.img (2306576 pixels)
talsrcimg_g11.4dfp.img
       256       256       256         1
  1.000000  1.000000  1.000000
orientation T byte_order littleendian
Reading image: talsrcimg_g11.4dfp.img
dimensions:      256       256       256
mmppix:       1.0000   -1.0000   -1.0000
center:     128.0000 -129.0000 -129.0000
rotation matrix determinant  1.000000
image alignment mode   4355 decimal     1103 hex
   -7.5000  -45.0000  -45.0000 1981.7677   16.2490
    0.0000  -45.0000  -45.0000 1985.2850   16.2060
    7.5000  -45.0000  -45.0000 1967.2672   16.3931
   -7.5000  -37.5000  -45.0000 2050.3884   15.0368
    0.0000  -37.5000  -45.0000 2055.2185   15.0245
    7.5000  -37.5000  -45.0000 2038.4924   15.1920
   -7.5000  -30.0000  -45.0000 2100.2998   14.2265
    0.0000  -30.0000  -45.0000 2105.8643   14.1848
    7.5000  -30.0000  -45.0000 2088.3235   14.3860
   -7.5000  -22.5000  -45.0000 2128.7986   13.7576
    0.0000  -22.5000  -45.0000 2133.1003   13.7275
    7.5000  -22.5000  -45.0000 2119.6660   13.9247
   -7.5000  -15.0000  -45.0000 2129.3467   13.6352
    0.0000  -15.0000  -45.0000 2133.1663   13.6043
    7.5000  -15.0000  -45.0000 2115.3933   13.8511
   -7.5000   -7.5000  -45.0000 2112.0059   13.8422
    0.0000   -7.5000  -45.0000 2116.1660   13.8233
    7.5000   -7.5000  -45.0000 2097.5396   14.0653
   -7.5000    0.0000  -45.0000 2068.4524   14.4415
    0.0000    0.0000  -45.0000 2072.6055   14.3773
    7.5000    0.0000  -45.0000 2059.1946   14.6326
   -7.5000    7.5000  -45.0000 2011.9368   15.3120
    0.0000    7.5000  -45.0000 2018.0288   15.2096
    7.5000    7.5000  -45.0000 2001.8157   15.4955
   -7.5000   15.0000  -45.0000 1939.0624   16.5294
    0.0000   15.0000  -45.0000 1946.8303   16.4156
    7.5000   15.0000  -45.0000 1925.6354   16.7367
   -7.5000   22.5000  -45.0000 1846.6200   18.2111
    0.0000   22.5000  -45.0000 1853.7212   18.0884
    7.5000   22.5000  -45.0000 1833.8901   18.4746
   -7.5000   30.0000  -45.0000 1743.5508   20.5043
    0.0000   30.0000  -45.0000 1751.0399   20.3973
    7.5000   30.0000  -45.0000 1730.9050   20.8864
   -7.5000   37.5000  -45.0000 1631.6686   23.7827
    0.0000   37.5000  -45.0000 1639.9572   23.6183
    7.5000   37.5000  -45.0000 1625.7533   24.1421
   -7.5000   45.0000  -45.0000 1513.0052   28.3040
    0.0000   45.0000  -45.0000 1524.5541   28.2270
    7.5000   45.0000  -45.0000 1500.7994   28.7706
   -7.5000  -45.0000  -37.5000 2072.7656   14.8737
    0.0000  -45.0000  -37.5000 2075.5508   14.9007
    7.5000  -45.0000  -37.5000 2058.2227   15.0822
   -7.5000  -37.5000  -37.5000 2152.3872   13.7959
    0.0000  -37.5000  -37.5000 2154.5454   13.8326
    7.5000  -37.5000  -37.5000 2140.2432   13.9588
   -7.5000  -30.0000  -37.5000 2198.5710   13.0468
    0.0000  -30.0000  -37.5000 2205.0525   13.0608
    7.5000  -30.0000  -37.5000 2188.1282   13.2072
   -7.5000  -22.5000  -37.5000 2226.0903   12.5960
    0.0000  -22.5000  -37.5000 2232.7573   12.5916
    7.5000  -22.5000  -37.5000 2219.5571   12.7559
   -7.5000  -15.0000  -37.5000 2230.1504   12.4733
    0.0000  -15.0000  -37.5000 2236.9824   12.4525
    7.5000  -15.0000  -37.5000 2220.8738   12.6537
   -7.5000   -7.5000  -37.5000 2222.5771   12.6066
    0.0000   -7.5000  -37.5000 2227.2190   12.6232
    7.5000   -7.5000  -37.5000 2202.8931   12.8106
   -7.5000    0.0000  -37.5000 2178.7993   13.1153
    0.0000    0.0000  -37.5000 2182.8926   13.0869
    7.5000    0.0000  -37.5000 2164.0488   13.3098
   -7.5000    7.5000  -37.5000 2118.4290   13.8936
    0.0000    7.5000  -37.5000 2123.5359   13.8418
    7.5000    7.5000  -37.5000 2104.9395   14.0839
   -7.5000   15.0000  -37.5000 2039.8757   15.0076
    0.0000   15.0000  -37.5000 2046.9869   14.9443
    7.5000   15.0000  -37.5000 2024.5482   15.1980
   -7.5000   22.5000  -37.5000 1941.4406   16.5243
    0.0000   22.5000  -37.5000 1947.8313   16.4297
    7.5000   22.5000  -37.5000 1926.9414   16.7624
   -7.5000   30.0000  -37.5000 1833.2395   18.5904
    0.0000   30.0000  -37.5000 1837.8112   18.4542
    7.5000   30.0000  -37.5000 1822.3987   18.8975
   -7.5000   37.5000  -37.5000 1715.8350   21.4260
    0.0000   37.5000  -37.5000 1721.4550   21.2888
    7.5000   37.5000  -37.5000 1705.7213   21.7172
   -7.5000   45.0000  -37.5000 1589.8097   25.3329
    0.0000   45.0000  -37.5000 1597.7643   25.1251
    7.5000   45.0000  -37.5000 1577.4430   25.6679
   -7.5000  -45.0000  -30.0000 2204.0061   14.1881
    0.0000  -45.0000  -30.0000 2206.9788   14.2481
    7.5000  -45.0000  -30.0000 2188.2041   14.3800
   -7.5000  -37.5000  -30.0000 2289.9939   13.1435
    0.0000  -37.5000  -30.0000 2294.1833   13.2059
    7.5000  -37.5000  -30.0000 2273.4751   13.3314
   -7.5000  -30.0000  -30.0000 2343.2478   12.4333
    0.0000  -30.0000  -30.0000 2347.4792   12.4750
    7.5000  -30.0000  -30.0000 2327.1545   12.5980
   -7.5000  -22.5000  -30.0000 2369.4490   12.0135
    0.0000  -22.5000  -30.0000 2378.2493   12.0270
    7.5000  -22.5000  -30.0000 2356.8157   12.1660
   -7.5000  -15.0000  -30.0000 2376.1326   11.8787
    0.0000  -15.0000  -30.0000 2388.4741   11.8843
    7.5000  -15.0000  -30.0000 2362.9680   12.0246
   -7.5000   -7.5000  -30.0000 2366.0432   11.9707
    0.0000   -7.5000  -30.0000 2375.2913   11.9763
    7.5000   -7.5000  -30.0000 2349.5540   12.1468
   -7.5000    0.0000  -30.0000 2322.4087   12.3980
    0.0000    0.0000  -30.0000 2331.3706   12.3850
    7.5000    0.0000  -30.0000 2305.7737   12.5750
   -7.5000    7.5000  -30.0000 2258.6694   13.1028
    0.0000    7.5000  -30.0000 2267.1169   13.1039
    7.5000    7.5000  -30.0000 2241.5962   13.3026
   -7.5000   15.0000  -30.0000 2168.6208   14.1511
    0.0000   15.0000  -30.0000 2178.3801   14.1523
    7.5000   15.0000  -30.0000 2153.9780   14.3520
   -7.5000   22.5000  -30.0000 2066.9934   15.5615
    0.0000   22.5000  -30.0000 2073.6965   15.5062
    7.5000   22.5000  -30.0000 2049.9348   15.7977
   -7.5000   30.0000  -30.0000 1952.7731   17.4351
    0.0000   30.0000  -30.0000 1957.0929   17.3601
    7.5000   30.0000  -30.0000 1937.0808   17.7050
   -7.5000   37.5000  -30.0000 1829.1279   19.9523
    0.0000   37.5000  -30.0000 1839.6593   19.8729
    7.5000   37.5000  -30.0000 1820.1238   20.2402
   -7.5000   45.0000  -30.0000 1692.0785   23.4702
    0.0000   45.0000  -30.0000 1702.1964   23.3347
    7.5000   45.0000  -30.0000 1684.9186   23.8220
   -7.5000  -45.0000  -22.5000 2304.2554   13.4588
    0.0000  -45.0000  -22.5000 2308.9028   13.5315
    7.5000  -45.0000  -22.5000 2290.4172   13.6389
   -7.5000  -37.5000  -22.5000 2397.9998   12.4346
    0.0000  -37.5000  -22.5000 2402.4722   12.5109
    7.5000  -37.5000  -22.5000 2380.3569   12.6120
   -7.5000  -30.0000  -22.5000 2458.2678   11.7704
    0.0000  -30.0000  -22.5000 2460.9216   11.8372
    7.5000  -30.0000  -22.5000 2440.1975   11.9433
   -7.5000  -22.5000  -22.5000 2490.2356   11.3836
    0.0000  -22.5000  -22.5000 2498.9546   11.4176
    7.5000  -22.5000  -22.5000 2476.1262   11.5358
   -7.5000  -15.0000  -22.5000 2500.5254   11.2259
    0.0000  -15.0000  -22.5000 2513.6704   11.2476
    7.5000  -15.0000  -22.5000 2485.6802   11.3505
   -7.5000   -7.5000  -22.5000 2486.3362   11.3125
    0.0000   -7.5000  -22.5000 2497.2073   11.3301
    7.5000   -7.5000  -22.5000 2468.5273   11.4398
   -7.5000    0.0000  -22.5000 2439.2976   11.6723
    0.0000    0.0000  -22.5000 2450.2224   11.6789
    7.5000    0.0000  -22.5000 2423.1086   11.8258
   -7.5000    7.5000  -22.5000 2372.8975   12.3033
    0.0000    7.5000  -22.5000 2383.4587   12.3134
    7.5000    7.5000  -22.5000 2357.9885   12.4865
   -7.5000   15.0000  -22.5000 2279.2385   13.2456
    0.0000   15.0000  -22.5000 2289.8110   13.2610
    7.5000   15.0000  -22.5000 2262.8171   13.4397
   -7.5000   22.5000  -22.5000 2171.5347   14.5409
    0.0000   22.5000  -22.5000 2181.5032   14.5264
    7.5000   22.5000  -22.5000 2155.6333   14.7522
   -7.5000   30.0000  -22.5000 2049.5190   16.2554
    0.0000   30.0000  -22.5000 2057.7305   16.2067
    7.5000   30.0000  -22.5000 2034.3007   16.4670
   -7.5000   37.5000  -22.5000 1923.2053   18.5275
    0.0000   37.5000  -22.5000 1933.0875   18.4705
    7.5000   37.5000  -22.5000 1913.2604   18.7451
   -7.5000   45.0000  -22.5000 1777.4951   21.7376
    0.0000   45.0000  -22.5000 1787.8386   21.5955
    7.5000   45.0000  -22.5000 1770.2729   21.9845
   -7.5000  -45.0000  -15.0000 2374.1277   12.7450
    0.0000  -45.0000  -15.0000 2382.2593   12.7892
    7.5000  -45.0000  -15.0000 2358.9150   12.9293
   -7.5000  -37.5000  -15.0000 2471.1768   11.7680
    0.0000  -37.5000  -15.0000 2477.3835   11.8124
    7.5000  -37.5000  -15.0000 2456.1697   11.9293
   -7.5000  -30.0000  -15.0000 2541.0000   11.1203
    0.0000  -30.0000  -15.0000 2549.9031   11.1730
    7.5000  -30.0000  -15.0000 2530.2783   11.2590
   -7.5000  -22.5000  -15.0000 2587.0259   10.7441
    0.0000  -22.5000  -15.0000 2594.9346   10.7957
    7.5000  -22.5000  -15.0000 2571.9880   10.8552
   -7.5000  -15.0000  -15.0000 2601.2356   10.5760
    0.0000  -15.0000  -15.0000 2612.3181   10.6287
    7.5000  -15.0000  -15.0000 2586.3147   10.6761
   -7.5000   -7.5000  -15.0000 2585.9775   10.6587
    0.0000   -7.5000  -15.0000 2599.3152   10.6956
    7.5000   -7.5000  -15.0000 2568.9258   10.7842
   -7.5000    0.0000  -15.0000 2536.9014   10.9905
    0.0000    0.0000  -15.0000 2552.2798   10.9991
    7.5000    0.0000  -15.0000 2519.3682   11.1159
   -7.5000    7.5000  -15.0000 2462.9709   11.5650
    0.0000    7.5000  -15.0000 2479.2007   11.5751
    7.5000    7.5000  -15.0000 2448.6572   11.7044
   -7.5000   15.0000  -15.0000 2365.6165   12.4183
    0.0000   15.0000  -15.0000 2380.1907   12.4250
    7.5000   15.0000  -15.0000 2353.8054   12.5931
   -7.5000   22.5000  -15.0000 2252.1926   13.6060
    0.0000   22.5000  -15.0000 2265.9675   13.5935
    7.5000   22.5000  -15.0000 2242.8772   13.7620
   -7.5000   30.0000  -15.0000 2123.7732   15.1854
    0.0000   30.0000  -15.0000 2133.6765   15.1536
    7.5000   30.0000  -15.0000 2114.7380   15.3214
   -7.5000   37.5000  -15.0000 1990.6014   17.2717
    0.0000   37.5000  -15.0000 1999.9851   17.2202
    7.5000   37.5000  -15.0000 1980.0524   17.4090
   -7.5000   45.0000  -15.0000 1839.5885   20.1683
    0.0000   45.0000  -15.0000 1847.8542   20.0593
    7.5000   45.0000  -15.0000 1831.8646   20.3293
   -7.5000  -45.0000   -7.5000 2423.8562   12.0517
    0.0000  -45.0000   -7.5000 2429.9607   12.0937
    7.5000  -45.0000   -7.5000 2408.7458   12.2713
   -7.5000  -37.5000   -7.5000 2527.2161   11.1226
    0.0000  -37.5000   -7.5000 2538.4280   11.1772
    7.5000  -37.5000   -7.5000 2516.3149   11.3014
   -7.5000  -30.0000   -7.5000 2611.2893   10.4971
    0.0000  -30.0000   -7.5000 2627.2896   10.5379
    7.5000  -30.0000   -7.5000 2600.1018   10.6411
   -7.5000  -22.5000   -7.5000 2663.4854   10.1067
    0.0000  -22.5000   -7.5000 2678.4697   10.1700
    7.5000  -22.5000   -7.5000 2651.6599   10.2316
   -7.5000  -15.0000   -7.5000 2690.3013    9.9476
    0.0000  -15.0000   -7.5000 2705.2168   10.0182
    7.5000  -15.0000   -7.5000 2671.4758   10.0569
   -7.5000   -7.5000   -7.5000 2675.3877   10.0496
    0.0000   -7.5000   -7.5000 2692.5166   10.0907
    7.5000   -7.5000   -7.5000 2656.0496   10.1643
   -7.5000    0.0000   -7.5000 2625.5002   10.3456
    0.0000    0.0000   -7.5000 2644.5552   10.3657
    7.5000    0.0000   -7.5000 2607.5337   10.4641
   -7.5000    7.5000   -7.5000 2546.3635   10.8671
    0.0000    7.5000   -7.5000 2564.9863   10.8763
    7.5000    7.5000   -7.5000 2533.2917   10.9985
   -7.5000   15.0000   -7.5000 2440.0242   11.6665
    0.0000   15.0000   -7.5000 2456.2400   11.6523
    7.5000   15.0000   -7.5000 2432.5405   11.8094
   -7.5000   22.5000   -7.5000 2319.3567   12.7592
    0.0000   22.5000   -7.5000 2333.4653   12.7560
    7.5000   22.5000   -7.5000 2313.6938   12.9089
   -7.5000   30.0000   -7.5000 2186.5774   14.2433
    0.0000   30.0000   -7.5000 2198.7783   14.2272
    7.5000   30.0000   -7.5000 2181.6929   14.3694
   -7.5000   37.5000   -7.5000 2043.0796   16.1802
    0.0000   37.5000   -7.5000 2052.6865   16.1325
    7.5000   37.5000   -7.5000 2034.6564   16.3309
   -7.5000   45.0000   -7.5000 1886.3705   18.8304
    0.0000   45.0000   -7.5000 1893.5709   18.7558
    7.5000   45.0000   -7.5000 1878.5149   19.0148
   -7.5000  -45.0000    0.0000 2455.6445   11.5524
    0.0000  -45.0000    0.0000 2461.9602   11.5782
    7.5000  -45.0000    0.0000 2439.2578   11.7933
   -7.5000  -37.5000    0.0000 2570.3992   10.6147
    0.0000  -37.5000    0.0000 2580.3325   10.6611
    7.5000  -37.5000    0.0000 2557.2717   10.8527
   -7.5000  -30.0000    0.0000 2667.7173    9.9918
    0.0000  -30.0000    0.0000 2683.2473   10.0245
    7.5000  -30.0000    0.0000 2652.2920   10.1922
   -7.5000  -22.5000    0.0000 2731.9385    9.5992
    0.0000  -22.5000    0.0000 2751.1228    9.6385
    7.5000  -22.5000    0.0000 2714.1243    9.7769
   -7.5000  -15.0000    0.0000 2765.2151    9.4329
    0.0000  -15.0000    0.0000 2784.1411    9.4839
    7.5000  -15.0000    0.0000 2744.2417    9.5922
   -7.5000   -7.5000    0.0000 2752.9927    9.5374
    0.0000   -7.5000    0.0000 2773.3975    9.5694
    7.5000   -7.5000    0.0000 2735.5159    9.6698
   -7.5000    0.0000    0.0000 2700.3450    9.8167
    0.0000    0.0000    0.0000 2719.8728    9.8478
    7.5000    0.0000    0.0000 2684.0349    9.9622
   -7.5000    7.5000    0.0000 2615.5017   10.3029
    0.0000    7.5000    0.0000 2632.3250   10.3171
    7.5000    7.5000    0.0000 2602.1123   10.4602
   -7.5000   15.0000    0.0000 2503.3701   11.0443
    0.0000   15.0000    0.0000 2517.3276   11.0441
    7.5000   15.0000    0.0000 2493.9829   11.2143
   -7.5000   22.5000    0.0000 2376.4529   12.0740
    0.0000   22.5000    0.0000 2390.9099   12.0832
    7.5000   22.5000    0.0000 2367.2078   12.2561
   -7.5000   30.0000    0.0000 2240.0376   13.4833
    0.0000   30.0000    0.0000 2250.0813   13.4813
    7.5000   30.0000    0.0000 2226.5679   13.6478
   -7.5000   37.5000    0.0000 2093.5271   15.3187
    0.0000   37.5000    0.0000 2102.5051   15.3064
    7.5000   37.5000    0.0000 2079.1809   15.4987
   -7.5000   45.0000    0.0000 1927.9055   17.8020
    0.0000   45.0000    0.0000 1937.0900   17.7594
    7.5000   45.0000    0.0000 1919.4626   18.0368
   -7.5000  -45.0000    7.5000 2468.0173   11.1891
    0.0000  -45.0000    7.5000 2477.5444   11.2049
    7.5000  -45.0000    7.5000 2453.4080   11.4423
   -7.5000  -37.5000    7.5000 2593.8323   10.2771
    0.0000  -37.5000    7.5000 2603.5020   10.2836
    7.5000  -37.5000    7.5000 2578.8408   10.5098
   -7.5000  -30.0000    7.5000 2704.9734    9.6723
    0.0000  -30.0000    7.5000 2721.0820    9.6660
    7.5000  -30.0000    7.5000 2689.3301    9.8633
   -7.5000  -22.5000    7.5000 2786.9688    9.2819
    0.0000  -22.5000    7.5000 2812.5999    9.2708
    7.5000  -22.5000    7.5000 2770.5073    9.4619
   -7.5000  -15.0000    7.5000 2828.3276    9.0959
    0.0000  -15.0000    7.5000 2856.5203    9.0827
    7.5000  -15.0000    7.5000 2809.5002    9.2941
   -7.5000   -7.5000    7.5000 2819.6060    9.1792
    0.0000   -7.5000    7.5000 2846.3003    9.1783
    7.5000   -7.5000    7.5000 2804.2334    9.3635
   -7.5000    0.0000    7.5000 2760.0300    9.4478
    0.0000    0.0000    7.5000 2783.8079    9.4664
    7.5000    0.0000    7.5000 2747.4873    9.6170
   -7.5000    7.5000    7.5000 2670.9646    9.8892
    0.0000    7.5000    7.5000 2690.6099    9.9007
    7.5000    7.5000    7.5000 2656.4282   10.0620
   -7.5000   15.0000    7.5000 2553.5269   10.5819
    0.0000   15.0000    7.5000 2568.1648   10.5741
    7.5000   15.0000    7.5000 2542.1313   10.7399
   -7.5000   22.5000    7.5000 2420.1216   11.6038
    0.0000   22.5000    7.5000 2433.7476   11.5950
    7.5000   22.5000    7.5000 2406.6821   11.7638
   -7.5000   30.0000    7.5000 2277.1353   12.9507
    0.0000   30.0000    7.5000 2287.5249   12.9453
    7.5000   30.0000    7.5000 2263.4861   13.1361
   -7.5000   37.5000    7.5000 2126.8120   14.7225
    0.0000   37.5000    7.5000 2136.9167   14.6992
    7.5000   37.5000    7.5000 2115.2278   14.9293
   -7.5000   45.0000    7.5000 1958.4237   17.0958
    0.0000   45.0000    7.5000 1970.9944   17.0218
    7.5000   45.0000    7.5000 1948.0698   17.3335
   -7.5000  -45.0000   15.0000 2463.8313   10.9851
    0.0000  -45.0000   15.0000 2473.6182   10.9724
    7.5000  -45.0000   15.0000 2448.5933   11.2372
   -7.5000  -37.5000   15.0000 2594.5962   10.0597
    0.0000  -37.5000   15.0000 2606.6758   10.0290
    7.5000  -37.5000   15.0000 2581.6602   10.2754
   -7.5000  -30.0000   15.0000 2720.3945    9.4872
    0.0000  -30.0000   15.0000 2737.1841    9.4504
    7.5000  -30.0000   15.0000 2706.1521    9.6564
   -7.5000  -22.5000   15.0000 2823.8672    9.1574
    0.0000  -22.5000   15.0000 2851.9153    9.1271
    7.5000  -22.5000   15.0000 2806.6592    9.3288
   -7.5000  -15.0000   15.0000 2877.2920    8.9993
    0.0000  -15.0000   15.0000 2908.7812    8.9616
    7.5000  -15.0000   15.0000 2858.3374    9.1921
   -7.5000   -7.5000   15.0000 2870.1680    9.0243
    0.0000   -7.5000   15.0000 2897.8970    8.9866
    7.5000   -7.5000   15.0000 2854.9500    9.2178
   -7.5000    0.0000   15.0000 2800.0991    9.2439
    0.0000    0.0000   15.0000 2826.9438    9.2219
    7.5000    0.0000   15.0000 2789.3608    9.4035
   -7.5000    7.5000   15.0000 2702.9873    9.6424
    0.0000    7.5000   15.0000 2725.6914    9.6173
    7.5000    7.5000   15.0000 2691.5762    9.7754
   -7.5000   15.0000   15.0000 2581.4473   10.2833
    0.0000   15.0000   15.0000 2597.6448   10.2604
    7.5000   15.0000   15.0000 2571.9536   10.4122
   -7.5000   22.5000   15.0000 2443.3237   11.2744
    0.0000   22.5000   15.0000 2453.8154   11.2657
    7.5000   22.5000   15.0000 2431.8171   11.4092
   -7.5000   30.0000   15.0000 2294.5317   12.6109
    0.0000   30.0000   15.0000 2304.7849   12.6055
    7.5000   30.0000   15.0000 2283.2605   12.7733
   -7.5000   37.5000   15.0000 2140.9106   14.3375
    0.0000   37.5000   15.0000 2153.4277   14.3223
    7.5000   37.5000   15.0000 2132.4578   14.5323
   -7.5000   45.0000   15.0000 1973.7141   16.6408
    0.0000   45.0000   15.0000 1987.1025   16.5512
    7.5000   45.0000   15.0000 1966.6375   16.8235
   -7.5000  -45.0000   22.5000 2450.0007   10.9350
    0.0000  -45.0000   22.5000 2460.6086   10.9206
    7.5000  -45.0000   22.5000 2440.8582   11.1769
   -7.5000  -37.5000   22.5000 2587.8455    9.9739
    0.0000  -37.5000   22.5000 2600.9602    9.9621
    7.5000  -37.5000   22.5000 2574.8340   10.2048
   -7.5000  -30.0000   22.5000 2722.9280    9.3991
    0.0000  -30.0000   22.5000 2740.7471    9.3848
    7.5000  -30.0000   22.5000 2708.5967    9.5803
   -7.5000  -22.5000   22.5000 2835.4851    9.1231
    0.0000  -22.5000   22.5000 2863.0405    9.1322
    7.5000  -22.5000   22.5000 2817.7935    9.2679
   -7.5000  -15.0000   22.5000 2897.5256    9.0018
    0.0000  -15.0000   22.5000 2926.0828    8.9582
    7.5000  -15.0000   22.5000 2873.0859    9.1438
   -7.5000   -7.5000   22.5000 2890.2231    9.0159
    0.0000   -7.5000   22.5000 2915.0061    8.9203
    7.5000   -7.5000   22.5000 2867.1592    9.1372
   -7.5000    0.0000   22.5000 2816.1733    9.1594
    0.0000    0.0000   22.5000 2842.1108    9.1011
    7.5000    0.0000   22.5000 2804.0679    9.2780
   -7.5000    7.5000   22.5000 2716.0466    9.4975
    0.0000    7.5000   22.5000 2735.3472    9.4606
    7.5000    7.5000   22.5000 2704.8997    9.6259
   -7.5000   15.0000   22.5000 2591.3997   10.1178
    0.0000   15.0000   22.5000 2603.5686   10.0959
    7.5000   15.0000   22.5000 2581.0142   10.2535
   -7.5000   22.5000   22.5000 2451.8911   11.0888
    0.0000   22.5000   22.5000 2462.0044   11.0936
    7.5000   22.5000   22.5000 2440.5742   11.2532
   -7.5000   30.0000   22.5000 2299.7368   12.4225
    0.0000   30.0000   22.5000 2310.5718   12.4181
    7.5000   30.0000   22.5000 2288.3933   12.6030
   -7.5000   37.5000   22.5000 2143.2097   14.1148
    0.0000   37.5000   22.5000 2158.5933   14.1048
    7.5000   37.5000   22.5000 2134.4407   14.3056
   -7.5000   45.0000   22.5000 1973.9059   16.3560
    0.0000   45.0000   22.5000 1989.5312   16.3194
    7.5000   45.0000   22.5000 1969.4426   16.5621
   -7.5000  -45.0000   30.0000 2428.3076   11.0411
    0.0000  -45.0000   30.0000 2438.8584   11.0749
    7.5000  -45.0000   30.0000 2417.3792   11.3008
   -7.5000  -37.5000   30.0000 2567.3086   10.0981
    0.0000  -37.5000   30.0000 2580.3818   10.0820
    7.5000  -37.5000   30.0000 2552.4875   10.3270
   -7.5000  -30.0000   30.0000 2698.9072    9.4836
    0.0000  -30.0000   30.0000 2717.3625    9.4566
    7.5000  -30.0000   30.0000 2684.2273    9.6876
   -7.5000  -22.5000   30.0000 2810.8022    9.1359
    0.0000  -22.5000   30.0000 2834.3274    9.1118
    7.5000  -22.5000   30.0000 2788.5591    9.3232
   -7.5000  -15.0000   30.0000 2877.8967    8.9757
    0.0000  -15.0000   30.0000 2895.3892    8.8820
    7.5000  -15.0000   30.0000 2848.6470    9.1243
   -7.5000   -7.5000   30.0000 2876.2671    8.9947
    0.0000   -7.5000   30.0000 2889.6909    8.8897
    7.5000   -7.5000   30.0000 2852.1133    9.0911
   -7.5000    0.0000   30.0000 2802.1465    9.1957
    0.0000    0.0000   30.0000 2824.7202    9.1250
    7.5000    0.0000   30.0000 2788.5410    9.3022
   -7.5000    7.5000   30.0000 2697.7498    9.5829
    0.0000    7.5000   30.0000 2713.4988    9.5451
    7.5000    7.5000   30.0000 2685.9617    9.7147
   -7.5000   15.0000   30.0000 2574.4492   10.1958
    0.0000   15.0000   30.0000 2582.3481   10.1823
    7.5000   15.0000   30.0000 2562.4985   10.3492
   -7.5000   22.5000   30.0000 2436.9856   11.1127
    0.0000   22.5000   30.0000 2446.4072   11.1201
    7.5000   22.5000   30.0000 2428.8279   11.2865
   -7.5000   30.0000   30.0000 2285.6279   12.3915
    0.0000   30.0000   30.0000 2298.4565   12.3931
    7.5000   30.0000   30.0000 2281.2549   12.5773
   -7.5000   37.5000   30.0000 2128.3564   14.0235
    0.0000   37.5000   30.0000 2146.4353   14.0098
    7.5000   37.5000   30.0000 2125.6951   14.2218
   -7.5000   45.0000   30.0000 1958.5021   16.2140
    0.0000   45.0000   30.0000 1973.9165   16.1809
    7.5000   45.0000   30.0000 1953.7285   16.4375
   -7.5000  -45.0000   37.5000 2404.3933   11.3274
    0.0000  -45.0000   37.5000 2415.7224   11.3312
    7.5000  -45.0000   37.5000 2391.2754   11.5970
   -7.5000  -37.5000   37.5000 2541.5405   10.3850
    0.0000  -37.5000   37.5000 2557.2029   10.3735
    7.5000  -37.5000   37.5000 2528.1956   10.6195
   -7.5000  -30.0000   37.5000 2665.5679    9.7704
    0.0000  -30.0000   37.5000 2685.7097    9.7430
    7.5000  -30.0000   37.5000 2654.2898    9.9735
   -7.5000  -22.5000   37.5000 2770.7097    9.3788
    0.0000  -22.5000   37.5000 2792.2244    9.2989
    7.5000  -22.5000   37.5000 2751.9858    9.5552
   -7.5000  -15.0000   37.5000 2830.3381    9.1506
    0.0000  -15.0000   37.5000 2843.5427    9.0397
    7.5000  -15.0000   37.5000 2805.5632    9.2900
   -7.5000   -7.5000   37.5000 2827.3198    9.1467
    0.0000   -7.5000   37.5000 2840.0830    9.0665
    7.5000   -7.5000   37.5000 2809.2510    9.2577
   -7.5000    0.0000   37.5000 2764.0342    9.3701
    0.0000    0.0000   37.5000 2781.8262    9.3022
    7.5000    0.0000   37.5000 2753.7849    9.4912
   -7.5000    7.5000   37.5000 2664.2820    9.8162
    0.0000    7.5000   37.5000 2678.9883    9.7640
    7.5000    7.5000   37.5000 2654.4065    9.9413
   -7.5000   15.0000   37.5000 2542.2944   10.4380
    0.0000   15.0000   37.5000 2551.1731   10.4109
    7.5000   15.0000   37.5000 2531.6799   10.5886
   -7.5000   22.5000   37.5000 2404.9753   11.3225
    0.0000   22.5000   37.5000 2420.7422   11.3376
    7.5000   22.5000   37.5000 2397.9719   11.5067
   -7.5000   30.0000   37.5000 2256.3252   12.5630
    0.0000   30.0000   37.5000 2272.8901   12.5768
    7.5000   30.0000   37.5000 2257.0354   12.7387
   -7.5000   37.5000   37.5000 2101.4219   14.1934
    0.0000   37.5000   37.5000 2116.1355   14.1664
    7.5000   37.5000   37.5000 2102.6841   14.3506
   -7.5000   45.0000   37.5000 1931.4904   16.3815
    0.0000   45.0000   37.5000 1944.8896   16.2897
    7.5000   45.0000   37.5000 1932.2095   16.5186
   -7.5000  -45.0000   45.0000 2372.8293   11.8218
    0.0000  -45.0000   45.0000 2390.0244   11.7871
    7.5000  -45.0000   45.0000 2355.0815   12.0804
   -7.5000  -37.5000   45.0000 2501.3994   10.8771
    0.0000  -37.5000   45.0000 2520.9124   10.8492
    7.5000  -37.5000   45.0000 2486.0005   11.1025
   -7.5000  -30.0000   45.0000 2620.0774   10.2223
    0.0000  -30.0000   45.0000 2642.4028   10.1772
    7.5000  -30.0000   45.0000 2606.2905   10.4240
   -7.5000  -22.5000   45.0000 2711.1929    9.7943
    0.0000  -22.5000   45.0000 2733.0156    9.7041
    7.5000  -22.5000   45.0000 2694.6536    9.9479
   -7.5000  -15.0000   45.0000 2755.5244    9.5468
    0.0000  -15.0000   45.0000 2768.0229    9.4847
    7.5000  -15.0000   45.0000 2736.3242    9.6814
   -7.5000   -7.5000   45.0000 2750.8811    9.5507
    0.0000   -7.5000   45.0000 2766.4429    9.4884
    7.5000   -7.5000   45.0000 2737.6592    9.6736
   -7.5000    0.0000   45.0000 2699.5540    9.7573
    0.0000    0.0000   45.0000 2714.7275    9.6874
    7.5000    0.0000   45.0000 2690.5186    9.8881
   -7.5000    7.5000   45.0000 2609.2939   10.1892
    0.0000    7.5000   45.0000 2624.7456   10.1171
    7.5000    7.5000   45.0000 2601.2292   10.3070
   -7.5000   15.0000   45.0000 2492.9009   10.8405
    0.0000   15.0000   45.0000 2505.5908   10.7917
    7.5000   15.0000   45.0000 2484.7778   10.9553
   -7.5000   22.5000   45.0000 2362.6841   11.7318
    0.0000   22.5000   45.0000 2380.9844   11.7037
    7.5000   22.5000   45.0000 2361.9331   11.8632
   -7.5000   30.0000   45.0000 2216.2000   12.9405
    0.0000   30.0000   45.0000 2236.4951   12.9205
    7.5000   30.0000   45.0000 2219.2808   13.0561
   -7.5000   37.5000   45.0000 2065.0132   14.5285
    0.0000   37.5000   45.0000 2074.3491   14.5031
    7.5000   37.5000   45.0000 2062.6541   14.6502
   -7.5000   45.0000   45.0000 1899.6396   16.6886
    0.0000   45.0000   45.0000 1906.7944   16.6123
    7.5000   45.0000   45.0000 1893.7249   16.8298

---------------------------------------------------------------------
imgreg_4dfp /opt/freesurfer/average/711-2C_as_mni_average_305 /opt/freesurfer/average/711-2B_as_mni_average_305_mask talsrcimg_g11 none talsrcimg_to_711-2C_as_mni_average_305_t4 1283
---------------------------------------------------------------------

freesurfer imgreg_4dfp.c
/opt/freesurfer/average/711-2C_as_mni_average_305.4dfp.img
       256       256       256         1
  1.000000  1.000000  1.000000
orientation T byte_order littleendian
Reading image: /opt/freesurfer/average/711-2C_as_mni_average_305.4dfp.img
dimensions:      256       256       256
mmppix:       1.0000   -1.0000   -1.0000
center:     128.0000 -129.0000 -129.0000
/opt/freesurfer/average/711-2B_as_mni_average_305_mask.4dfp.img
       256       256       256         1
  1.000000  1.000000  1.000000
orientation T byte_order littleendian
Reading mask: /opt/freesurfer/average/711-2B_as_mni_average_305_mask.4dfp.img (2306576 pixels)
talsrcimg_g11.4dfp.img
       256       256       256         1
  1.000000  1.000000  1.000000
orientation T byte_order littleendian
Reading image: talsrcimg_g11.4dfp.img
dimensions:      256       256       256
mmppix:       1.0000   -1.0000   -1.0000
center:     128.0000 -129.0000 -129.0000
rotation matrix determinant  1.000000
fimgreg.f
image alignment mode   1283 decimal      503 hex
parameters
    0.0000  -15.0000   22.5000    0.0000    0.0000    0.0000
eta,q 0.91962  8.92752
niter,ni,del,rscale     5    3   12.0000    1.2000
parameter  4  1.013070 ->  0.500000 qaram    1.1500
parameters
   -0.8008  -12.8439   22.2835   -3.4500   -1.1642    0.0949
eta,q 0.92564  8.92240
  0.0863  0.0947  0.0857  0.0753  0.0788  0.0788
  0.0840  0.0875  0.0821  0.0743  0.0769  0.0769
  0.0807  0.0824  0.0789  0.0753  0.0750  0.0752
  0.0797  0.0794  0.0782  0.0782  0.0743  0.0744
  0.0821  0.0783  0.0798  0.0818  0.0766  0.0748
  0.0861  0.0793  0.0830  0.0853  0.0804  0.0764
  0.0920  0.0818  0.0866  0.0880  0.0837  0.0788
niter,ni,del,rscale     5    3   12.0000    1.2000
parameters
   -0.7558  -11.6734   21.5876   -6.6672   -1.4514   -0.7573
eta,q 0.92604  8.94945
  0.0855  0.0888  0.0804  0.0748  0.0813  0.0766
  0.0812  0.0827  0.0774  0.0745  0.0779  0.0749
  0.0773  0.0774  0.0749  0.0738  0.0752  0.0740
  0.0744  0.0743  0.0742  0.0741  0.0742  0.0742
  0.0760  0.0747  0.0761  0.0771  0.0758  0.0750
  0.0808  0.0773  0.0797  0.0808  0.0791  0.0764
  0.0856  0.0809  0.0842  0.0852  0.0826  0.0782
niter,ni,del,rscale     4    3   12.0000    1.2000
parameters
   -0.5895  -10.3955   21.0325   -8.0395   -1.7898   -0.4948
eta,q 0.92627  8.93293
  0.0864  0.0854  0.0807  0.0766  0.0814  0.0769
  0.0824  0.0793  0.0776  0.0744  0.0778  0.0754
  0.0778  0.0756  0.0746  0.0739  0.0747  0.0742
  0.0740  0.0739  0.0736  0.0736  0.0738  0.0737
  0.0754  0.0737  0.0753  0.0743  0.0758  0.0740
  0.0809  0.0752  0.0793  0.0774  0.0793  0.0750
  0.0862  0.0782  0.0843  0.0810  0.0828  0.0764
niter,ni,del,rscale     3    3   12.0000    1.2000
parameters
   -0.4717  -10.0036   20.6188   -8.4635   -2.0024   -0.0993
eta,q 0.92633  8.93195
  0.0855  0.0813  0.0807  0.0780  0.0813  0.0767
  0.0817  0.0764  0.0778  0.0751  0.0780  0.0753
  0.0774  0.0742  0.0748  0.0738  0.0749  0.0742
  0.0737  0.0737  0.0736  0.0737  0.0737  0.0737
  0.0751  0.0740  0.0750  0.0738  0.0752  0.0739
  0.0804  0.0758  0.0787  0.0759  0.0787  0.0747
  0.0857  0.0790  0.0836  0.0796  0.0824  0.0761
niter,ni,del,rscale     2    3   12.0000    1.2000
parameters
   -0.3946   -9.8611   20.3878   -8.6277   -2.1417    0.1378
eta,q 0.92634  8.93335
  0.0851  0.0803  0.0808  0.0784  0.0812  0.0765
  0.0814  0.0758  0.0780  0.0754  0.0779  0.0751
  0.0771  0.0740  0.0751  0.0738  0.0750  0.0741
  0.0737  0.0736  0.0736  0.0737  0.0737  0.0737
  0.0752  0.0740  0.0747  0.0738  0.0749  0.0739
  0.0803  0.0758  0.0780  0.0755  0.0783  0.0747
  0.0856  0.0793  0.0828  0.0791  0.0822  0.0762
niter,ni,del,rscale     1    3   12.0000    1.2000
parameters
   -0.3474   -9.7835   20.2625   -8.6974   -2.2285    0.2401
eta,q 0.92633  8.93365
  0.0849  0.0800  0.0809  0.0785  0.0812  0.0763
  0.0812  0.0757  0.0782  0.0755  0.0780  0.0750
  0.0770  0.0740  0.0752  0.0737  0.0751  0.0741
  0.0737  0.0736  0.0736  0.0737  0.0737  0.0737
  0.0753  0.0740  0.0746  0.0738  0.0747  0.0739
  0.0803  0.0759  0.0777  0.0754  0.0780  0.0748
  0.0855  0.0794  0.0824  0.0789  0.0820  0.0763
registration optimization eta report
parameter search radius
    6.0000    6.0000    6.0000    6.9000    6.0000    6.0000
100000*second partial in parameter space
       30.       17.       22.       11.       21.        7.
  0.0849  0.0800  0.0809  0.0785  0.0812  0.0763
  0.0812  0.0757  0.0782  0.0755  0.0780  0.0750
  0.0770  0.0740  0.0752  0.0737  0.0751  0.0741
  0.0737  0.0736  0.0736  0.0737  0.0737  0.0737
  0.0753  0.0740  0.0746  0.0738  0.0747  0.0739
  0.0803  0.0759  0.0777  0.0754  0.0780  0.0748
  0.0855  0.0794  0.0824  0.0789  0.0820  0.0763
   -0.3474   -9.7835   20.2625   -8.6974   -2.2285    0.2401
eta,q 0.92633  8.93365

---------------------------------------------------------------------
imgreg_4dfp /opt/freesurfer/average/711-2C_as_mni_average_305 /opt/freesurfer/average/711-2B_as_mni_average_305_mask talsrcimg_g11 none talsrcimg_to_711-2C_as_mni_average_305_t4 3335
---------------------------------------------------------------------

freesurfer imgreg_4dfp.c
/opt/freesurfer/average/711-2C_as_mni_average_305.4dfp.img
       256       256       256         1
  1.000000  1.000000  1.000000
orientation T byte_order littleendian
Reading image: /opt/freesurfer/average/711-2C_as_mni_average_305.4dfp.img
dimensions:      256       256       256
mmppix:       1.0000   -1.0000   -1.0000
center:     128.0000 -129.0000 -129.0000
/opt/freesurfer/average/711-2B_as_mni_average_305_mask.4dfp.img
       256       256       256         1
  1.000000  1.000000  1.000000
orientation T byte_order littleendian
Reading mask: /opt/freesurfer/average/711-2B_as_mni_average_305_mask.4dfp.img (2306576 pixels)
talsrcimg_g11.4dfp.img
       256       256       256         1
  1.000000  1.000000  1.000000
orientation T byte_order littleendian
Reading image: talsrcimg_g11.4dfp.img
dimensions:      256       256       256
mmppix:       1.0000   -1.0000   -1.0000
center:     128.0000 -129.0000 -129.0000
fimgreg.f
image alignment mode   3335 decimal      D07 hex
parameters
   -0.3474   -9.7835   20.2625   -0.0765   -1.1532   -1.2247
   -1.0022    3.7804    0.4187   15.1375   -3.8885  -15.1101
eta,q 0.92738  8.93492
niter,ni,del,rscale     5    3    5.0000    1.2000
parameter  4  3.807569 ->  0.500000 qaram    1.1500
parameter  5  5.270738 ->  0.500000 qaram    1.1500
parameter  6  1.057279 ->  0.500000 qaram    1.1500
parameter 12 -0.678579 -> -0.500000 qaram    1.1500
parameters
   -0.5486   -9.4435   20.0505   -4.2165   -5.2932   -5.3647
    0.5832    3.6200    1.0320   11.7867   -1.9482  -10.9701
eta,q 0.94290  8.40656
  0.0739  0.0745  0.0734  0.0656  0.0556  0.0572  0.0604  0.0614  0.0598  0.0582  0.0589  0.0592
  0.0731  0.0735  0.0729  0.0674  0.0594  0.0579  0.0593  0.0596  0.0589  0.0576  0.0582  0.0584
  0.0727  0.0729  0.0726  0.0698  0.0635  0.0589  0.0585  0.0584  0.0583  0.0575  0.0577  0.0578
  0.0726  0.0726  0.0726  0.0726  0.0680  0.0605  0.0581  0.0580  0.0580  0.0580  0.0575  0.0574
  0.0729  0.0726  0.0727  0.0755  0.0728  0.0628  0.0580  0.0585  0.0581  0.0591  0.0574  0.0572
  0.0735  0.0730  0.0731  0.0785  0.0777  0.0660  0.0583  0.0598  0.0585  0.0607  0.0576  0.0571
  0.0744  0.0736  0.0738  0.0817  0.0830  0.0697  0.0590  0.0617  0.0593  0.0627  0.0579  0.0571
niter,ni,del,rscale     7    3    5.0000    1.2000
parameter  4  0.757089 ->  0.500000 qaram    1.3225
parameter  5  3.126238 ->  0.500000 qaram    1.3225
parameter  6  0.964092 ->  0.500000 qaram    1.3225
parameters
   -0.4575   -9.1641   20.6121   -8.9775  -10.0542  -10.1257
    0.5404    3.6907    0.9399   11.2388   -4.6702   -9.8002
eta,q 0.95419  7.75816
  0.0597  0.0592  0.0586  0.0554  0.0437  0.0455  0.0478  0.0492  0.0476  0.0483  0.0461  0.0472
  0.0584  0.0581  0.0578  0.0546  0.0468  0.0458  0.0468  0.0476  0.0467  0.0470  0.0459  0.0465
  0.0575  0.0574  0.0573  0.0551  0.0505  0.0466  0.0462  0.0464  0.0461  0.0462  0.0458  0.0461
  0.0571  0.0571  0.0571  0.0570  0.0546  0.0477  0.0460  0.0460  0.0460  0.0460  0.0459  0.0458
  0.0572  0.0571  0.0570  0.0597  0.0591  0.0490  0.0462  0.0463  0.0462  0.0464  0.0462  0.0459
  0.0580  0.0576  0.0572  0.0627  0.0642  0.0510  0.0469  0.0474  0.0468  0.0476  0.0466  0.0461
  0.0594  0.0584  0.0576  0.0660  0.0696  0.0539  0.0478  0.0492  0.0477  0.0491  0.0471  0.0466
niter,ni,del,rscale     7    3    5.0000    1.2000
parameter  5  2.168634 ->  0.500000 qaram    1.5209
parameter  6  0.571259 ->  0.500000 qaram    1.5209
parameters
   -0.5483   -8.9235   19.9798  -12.4425  -15.5294  -15.6009
    0.4910    3.2819    1.1955   12.4065   -7.8884   -9.1113
eta,q 0.96111  7.09702
  0.0486  0.0482  0.0462  0.0467  0.0369  0.0399  0.0406  0.0417  0.0407  0.0426  0.0391  0.0400
  0.0470  0.0469  0.0459  0.0463  0.0393  0.0392  0.0397  0.0402  0.0398  0.0409  0.0389  0.0394
  0.0461  0.0461  0.0457  0.0461  0.0424  0.0392  0.0393  0.0393  0.0393  0.0397  0.0389  0.0390
  0.0458  0.0458  0.0458  0.0457  0.0461  0.0401  0.0391  0.0391  0.0391  0.0391  0.0390  0.0389
  0.0463  0.0459  0.0461  0.0469  0.0506  0.0418  0.0393  0.0396  0.0392  0.0391  0.0392  0.0390
  0.0474  0.0464  0.0466  0.0494  0.0556  0.0438  0.0398  0.0407  0.0397  0.0397  0.0396  0.0392
  0.0490  0.0474  0.0472  0.0523  0.0610  0.0461  0.0406  0.0423  0.0405  0.0409  0.0400  0.0397
niter,ni,del,rscale     7    3    5.0000    1.2000
parameter  3  0.663382 ->  0.500000 qaram    1.1500
parameter  5  1.164101 ->  0.500000 qaram    1.7490
parameters
   -1.1643   -8.0995   18.5998  -14.0424  -21.8258  -17.1772
    0.8473    3.2489    1.6144   15.4611   -6.6450  -11.0937
eta,q 0.96714  6.66289
  0.0399  0.0423  0.0382  0.0394  0.0323  0.0362  0.0355  0.0364  0.0354  0.0381  0.0338  0.0334
  0.0390  0.0406  0.0381  0.0385  0.0329  0.0349  0.0345  0.0349  0.0344  0.0361  0.0334  0.0330
  0.0387  0.0394  0.0382  0.0380  0.0349  0.0338  0.0338  0.0338  0.0337  0.0345  0.0331  0.0329
  0.0389  0.0387  0.0385  0.0381  0.0380  0.0334  0.0334  0.0334  0.0334  0.0334  0.0329  0.0329
  0.0395  0.0385  0.0391  0.0381  0.0419  0.0341  0.0336  0.0338  0.0336  0.0330  0.0329  0.0332
  0.0406  0.0387  0.0398  0.0394  0.0467  0.0362  0.0342  0.0349  0.0341  0.0331  0.0331  0.0337
  0.0420  0.0394  0.0408  0.0415  0.0523  0.0390  0.0352  0.0365  0.0350  0.0339  0.0334  0.0342
niter,ni,del,rscale     7    3    5.0000    1.2000
parameter  5  0.522012 ->  0.500000 qaram    2.0114
parameters
   -1.2402   -7.0794   17.3823  -14.3541  -29.0667  -17.6442
    0.3715    2.9973    1.1463   18.8763   -5.0687  -13.4378
eta,q 0.97018  6.36112
  0.0351  0.0370  0.0326  0.0346  0.0321  0.0341  0.0324  0.0335  0.0324  0.0350  0.0311  0.0304
  0.0339  0.0351  0.0323  0.0332  0.0308  0.0326  0.0314  0.0319  0.0314  0.0333  0.0305  0.0300
  0.0331  0.0337  0.0323  0.0323  0.0306  0.0314  0.0308  0.0310  0.0308  0.0318  0.0302  0.0298
  0.0329  0.0329  0.0325  0.0323  0.0322  0.0306  0.0307  0.0307  0.0307  0.0307  0.0299  0.0299
  0.0332  0.0325  0.0330  0.0327  0.0355  0.0309  0.0310  0.0311  0.0310  0.0300  0.0299  0.0302
  0.0341  0.0326  0.0337  0.0332  0.0400  0.0326  0.0318  0.0323  0.0318  0.0301  0.0301  0.0308
  0.0354  0.0332  0.0348  0.0350  0.0455  0.0354  0.0329  0.0338  0.0329  0.0309  0.0304  0.0315
niter,ni,del,rscale     7    3    5.0000    1.2000
parameters
   -1.1329   -5.9885   17.0237  -13.7432  -30.6594  -18.1430
    0.3226    3.0116    0.7046   20.1230   -4.8011  -14.5752
eta,q 0.97046  6.32899
  0.0324  0.0341  0.0303  0.0326  0.0351  0.0332  0.0316  0.0328  0.0314  0.0331  0.0304  0.0303
  0.0311  0.0322  0.0297  0.0310  0.0326  0.0316  0.0306  0.0312  0.0304  0.0315  0.0300  0.0298
  0.0302  0.0307  0.0294  0.0298  0.0306  0.0303  0.0299  0.0301  0.0298  0.0304  0.0297  0.0296
  0.0298  0.0298  0.0294  0.0294  0.0294  0.0297  0.0297  0.0297  0.0297  0.0297  0.0296  0.0296
  0.0300  0.0294  0.0296  0.0298  0.0304  0.0300  0.0299  0.0301  0.0300  0.0296  0.0296  0.0298
  0.0308  0.0295  0.0301  0.0303  0.0341  0.0317  0.0306  0.0312  0.0308  0.0302  0.0299  0.0302
  0.0320  0.0300  0.0309  0.0319  0.0394  0.0344  0.0316  0.0328  0.0319  0.0315  0.0303  0.0308
niter,ni,del,rscale     6    3    5.0000    1.2000
parameters
   -1.0855   -5.6392   16.8260  -13.6362  -31.1552  -18.5228
    0.3677    3.0767    0.5761   20.7492   -4.7893  -14.9902
eta,q 0.97041  6.31875
  0.0318  0.0321  0.0305  0.0323  0.0356  0.0332  0.0316  0.0328  0.0315  0.0326  0.0304  0.0305
  0.0306  0.0307  0.0299  0.0308  0.0331  0.0316  0.0306  0.0312  0.0304  0.0312  0.0299  0.0300
  0.0298  0.0299  0.0296  0.0297  0.0310  0.0303  0.0299  0.0301  0.0298  0.0302  0.0297  0.0296
  0.0295  0.0295  0.0295  0.0295  0.0295  0.0296  0.0296  0.0296  0.0296  0.0296  0.0296  0.0296
  0.0297  0.0296  0.0297  0.0299  0.0298  0.0300  0.0299  0.0300  0.0299  0.0297  0.0297  0.0297
  0.0305  0.0301  0.0301  0.0305  0.0328  0.0315  0.0305  0.0311  0.0306  0.0305  0.0299  0.0301
  0.0316  0.0309  0.0308  0.0323  0.0378  0.0342  0.0315  0.0327  0.0316  0.0318  0.0304  0.0307
niter,ni,del,rscale     5    3    5.0000    1.2000
parameters
   -1.0598   -5.4825   16.6798  -13.6349  -31.3500  -18.8341
    0.3627    3.1282    0.5329   21.0679   -4.7829  -15.1338
eta,q 0.97037  6.31157
  0.0317  0.0317  0.0306  0.0323  0.0358  0.0332  0.0316  0.0328  0.0315  0.0323  0.0304  0.0306
  0.0306  0.0305  0.0300  0.0309  0.0333  0.0316  0.0306  0.0312  0.0305  0.0310  0.0300  0.0300
  0.0299  0.0298  0.0297  0.0297  0.0311  0.0303  0.0299  0.0301  0.0298  0.0301  0.0297  0.0297
  0.0296  0.0296  0.0296  0.0296  0.0296  0.0296  0.0297  0.0297  0.0297  0.0297  0.0296  0.0296
  0.0298  0.0298  0.0297  0.0300  0.0297  0.0300  0.0299  0.0300  0.0299  0.0298  0.0297  0.0298
  0.0305  0.0303  0.0302  0.0306  0.0325  0.0315  0.0306  0.0311  0.0305  0.0306  0.0300  0.0301
  0.0317  0.0311  0.0308  0.0324  0.0374  0.0341  0.0316  0.0327  0.0315  0.0320  0.0304  0.0306
niter,ni,del,rscale     4    3    5.0000    1.2000
parameters
   -1.0398   -5.3939   16.5599  -13.6305  -31.4445  -19.0789
    0.3430    3.1565    0.5192   21.2668   -4.7753  -15.2040
eta,q 0.97034  6.30720
  0.0318  0.0316  0.0306  0.0324  0.0359  0.0332  0.0316  0.0328  0.0315  0.0322  0.0304  0.0306
  0.0306  0.0305  0.0300  0.0309  0.0333  0.0316  0.0306  0.0312  0.0305  0.0310  0.0300  0.0301
  0.0299  0.0298  0.0297  0.0298  0.0312  0.0303  0.0299  0.0301  0.0299  0.0301  0.0297  0.0297
  0.0296  0.0296  0.0296  0.0296  0.0296  0.0296  0.0297  0.0297  0.0297  0.0297  0.0297  0.0297
  0.0298  0.0298  0.0298  0.0301  0.0297  0.0300  0.0299  0.0300  0.0299  0.0299  0.0297  0.0298
  0.0306  0.0304  0.0302  0.0306  0.0324  0.0314  0.0306  0.0311  0.0305  0.0307  0.0300  0.0301
  0.0317  0.0312  0.0308  0.0324  0.0372  0.0340  0.0316  0.0327  0.0315  0.0321  0.0304  0.0306
niter,ni,del,rscale     3    3    5.0000    1.2000
parameters
   -1.0255   -5.3355   16.4688  -13.6236  -31.5004  -19.2548
    0.3162    3.1702    0.5169   21.4028   -4.7547  -15.2373
eta,q 0.97032  6.30445
  0.0318  0.0315  0.0306  0.0324  0.0359  0.0332  0.0316  0.0328  0.0315  0.0322  0.0304  0.0307
  0.0307  0.0305  0.0301  0.0309  0.0334  0.0316  0.0306  0.0312  0.0305  0.0310  0.0300  0.0301
  0.0299  0.0298  0.0298  0.0298  0.0312  0.0304  0.0299  0.0301  0.0299  0.0301  0.0298  0.0298
  0.0297  0.0297  0.0297  0.0297  0.0297  0.0297  0.0297  0.0297  0.0297  0.0297  0.0297  0.0297
  0.0299  0.0299  0.0298  0.0301  0.0297  0.0300  0.0299  0.0300  0.0299  0.0299  0.0298  0.0298
  0.0306  0.0304  0.0302  0.0307  0.0324  0.0314  0.0306  0.0311  0.0305  0.0307  0.0300  0.0301
  0.0317  0.0313  0.0308  0.0324  0.0372  0.0339  0.0316  0.0328  0.0315  0.0321  0.0304  0.0307
niter,ni,del,rscale     2    3    5.0000    1.2000
parameters
   -1.0163   -5.2962   16.3982  -13.6166  -31.5376  -19.3956
    0.2977    3.1822    0.5068   21.4970   -4.7475  -15.2699
eta,q 0.97031  6.30237
  0.0318  0.0315  0.0307  0.0324  0.0359  0.0332  0.0316  0.0328  0.0315  0.0322  0.0304  0.0307
  0.0307  0.0304  0.0301  0.0309  0.0334  0.0317  0.0306  0.0312  0.0305  0.0310  0.0300  0.0301
  0.0299  0.0298  0.0298  0.0298  0.0312  0.0304  0.0299  0.0301  0.0299  0.0301  0.0298  0.0298
  0.0297  0.0297  0.0297  0.0297  0.0297  0.0297  0.0297  0.0297  0.0297  0.0297  0.0297  0.0297
  0.0299  0.0299  0.0298  0.0301  0.0298  0.0300  0.0299  0.0301  0.0299  0.0299  0.0298  0.0298
  0.0306  0.0305  0.0302  0.0307  0.0324  0.0314  0.0306  0.0311  0.0305  0.0308  0.0300  0.0301
  0.0318  0.0313  0.0308  0.0324  0.0371  0.0339  0.0316  0.0328  0.0315  0.0322  0.0304  0.0307
niter,ni,del,rscale     1    3    5.0000    1.2000
parameters
   -1.0081   -5.2686   16.3450  -13.6093  -31.5615  -19.4979
    0.2881    3.1915    0.4982   21.5697   -4.7308  -15.2763
eta,q 0.97029  6.30105
  0.0318  0.0315  0.0307  0.0324  0.0359  0.0333  0.0316  0.0328  0.0316  0.0322  0.0304  0.0307
  0.0307  0.0304  0.0301  0.0310  0.0334  0.0317  0.0306  0.0312  0.0305  0.0310  0.0300  0.0301
  0.0300  0.0299  0.0298  0.0298  0.0312  0.0304  0.0299  0.0301  0.0299  0.0301  0.0298  0.0298
  0.0297  0.0297  0.0297  0.0297  0.0297  0.0297  0.0297  0.0297  0.0297  0.0297  0.0297  0.0297
  0.0299  0.0299  0.0298  0.0301  0.0298  0.0300  0.0299  0.0301  0.0299  0.0299  0.0298  0.0298
  0.0306  0.0305  0.0302  0.0307  0.0324  0.0314  0.0306  0.0311  0.0306  0.0308  0.0300  0.0302
  0.0318  0.0313  0.0308  0.0324  0.0371  0.0338  0.0316  0.0328  0.0315  0.0322  0.0304  0.0307
registration optimization eta report
parameter search radius
    2.4000    2.4000    2.7600    9.5220   14.4818   10.9503
    7.2000    7.2000    7.2000    7.2000    7.2000    8.2800
100000*second partial in parameter space
       36.       29.       14.        3.        3.        3.
        4.        6.        4.        5.        1.        1.
  0.0318  0.0315  0.0307  0.0324  0.0359  0.0333  0.0316  0.0328  0.0316  0.0322  0.0304  0.0307
  0.0307  0.0304  0.0301  0.0310  0.0334  0.0317  0.0306  0.0312  0.0305  0.0310  0.0300  0.0301
  0.0300  0.0299  0.0298  0.0298  0.0312  0.0304  0.0299  0.0301  0.0299  0.0301  0.0298  0.0298
  0.0297  0.0297  0.0297  0.0297  0.0297  0.0297  0.0297  0.0297  0.0297  0.0297  0.0297  0.0297
  0.0299  0.0299  0.0298  0.0301  0.0298  0.0300  0.0299  0.0301  0.0299  0.0299  0.0298  0.0298
  0.0306  0.0305  0.0302  0.0307  0.0324  0.0314  0.0306  0.0311  0.0306  0.0308  0.0300  0.0302
  0.0318  0.0313  0.0308  0.0324  0.0371  0.0338  0.0316  0.0328  0.0315  0.0322  0.0304  0.0307
   -1.0081   -5.2686   16.3450  -13.6093  -31.5615  -19.4979
    0.2881    3.1915    0.4982   21.5697   -4.7308  -15.2763
eta,q 0.97029  6.30105

---------------------------------------------------------------------
imgreg_4dfp /opt/freesurfer/average/711-2C_as_mni_average_305 /opt/freesurfer/average/711-2B_as_mni_average_305_mask talsrcimg_g11 none talsrcimg_to_711-2C_as_mni_average_305_t4 2311
---------------------------------------------------------------------

freesurfer imgreg_4dfp.c
/opt/freesurfer/average/711-2C_as_mni_average_305.4dfp.img
       256       256       256         1
  1.000000  1.000000  1.000000
orientation T byte_order littleendian
Reading image: /opt/freesurfer/average/711-2C_as_mni_average_305.4dfp.img
dimensions:      256       256       256
mmppix:       1.0000   -1.0000   -1.0000
center:     128.0000 -129.0000 -129.0000
/opt/freesurfer/average/711-2B_as_mni_average_305_mask.4dfp.img
       256       256       256         1
  1.000000  1.000000  1.000000
orientation T byte_order littleendian
Reading mask: /opt/freesurfer/average/711-2B_as_mni_average_305_mask.4dfp.img (2306576 pixels)
talsrcimg_g11.4dfp.img
       256       256       256         1
  1.000000  1.000000  1.000000
orientation T byte_order littleendian
Reading image: talsrcimg_g11.4dfp.img
dimensions:      256       256       256
mmppix:       1.0000   -1.0000   -1.0000
center:     128.0000 -129.0000 -129.0000
fimgreg.f
image alignment mode   2311 decimal      907 hex
parameters
   -1.0081   -5.2686   16.3450  -13.6093  -31.5615  -19.4979
    0.2881    3.1915    0.4982   21.5697   -4.7308  -15.2763
eta,q 0.97029  6.30105
niter,ni,del,rscale     5    3    5.0000    0.8000
parameter  5 -0.520005 -> -0.500000 qaram    1.1500
parameters
   -0.9861   -5.3044   16.3207  -13.9446  -28.8015  -18.9096
    0.3194    3.2862    0.4176   20.9721   -4.3127  -15.7284
eta,q 0.97066  6.37988
  0.0307  0.0304  0.0300  0.0303  0.0312  0.0304  0.0304  0.0310  0.0303  0.0304  0.0298  0.0297
  0.0302  0.0300  0.0299  0.0298  0.0306  0.0300  0.0298  0.0301  0.0298  0.0298  0.0296  0.0295
  0.0298  0.0298  0.0297  0.0296  0.0301  0.0296  0.0295  0.0296  0.0295  0.0294  0.0294  0.0294
  0.0297  0.0297  0.0297  0.0297  0.0297  0.0294  0.0294  0.0294  0.0294  0.0294  0.0294  0.0293
  0.0298  0.0298  0.0297  0.0300  0.0294  0.0294  0.0295  0.0295  0.0295  0.0296  0.0294  0.0294
  0.0301  0.0301  0.0299  0.0301  0.0294  0.0296  0.0298  0.0300  0.0298  0.0302  0.0295  0.0296
  0.0306  0.0305  0.0301  0.0303  0.0297  0.0301  0.0304  0.0309  0.0304  0.0311  0.0297  0.0298
niter,ni,del,rscale     5    3    5.0000    0.8000
parameters
   -0.9817   -5.5528   16.3953  -14.4626  -29.1443  -18.2418
    0.2997    3.2024    0.3660   20.7120   -4.2226  -15.7365
eta,q 0.97078  6.35594
  0.0304  0.0300  0.0297  0.0300  0.0304  0.0303  0.0303  0.0308  0.0302  0.0304  0.0296  0.0296
  0.0298  0.0295  0.0295  0.0295  0.0298  0.0298  0.0297  0.0299  0.0297  0.0298  0.0294  0.0294
  0.0295  0.0293  0.0294  0.0292  0.0294  0.0295  0.0293  0.0294  0.0293  0.0293  0.0293  0.0293
  0.0293  0.0293  0.0293  0.0293  0.0292  0.0293  0.0292  0.0292  0.0292  0.0292  0.0292  0.0292
  0.0294  0.0295  0.0294  0.0296  0.0294  0.0292  0.0294  0.0294  0.0293  0.0294  0.0293  0.0293
  0.0298  0.0299  0.0295  0.0299  0.0300  0.0295  0.0297  0.0300  0.0297  0.0299  0.0294  0.0294
  0.0304  0.0305  0.0297  0.0301  0.0309  0.0299  0.0303  0.0309  0.0302  0.0307  0.0296  0.0296
niter,ni,del,rscale     4    3    5.0000    0.7000
parameters
   -0.9757   -5.5621   16.5930  -14.6807  -29.0240  -17.8328
    0.3004    3.1891    0.3402   20.5614   -4.2439  -15.8271
eta,q 0.97083  6.35893
  0.0301  0.0299  0.0296  0.0299  0.0303  0.0300  0.0300  0.0304  0.0299  0.0302  0.0295  0.0295
  0.0296  0.0295  0.0294  0.0295  0.0298  0.0296  0.0296  0.0297  0.0295  0.0296  0.0293  0.0293
  0.0293  0.0293  0.0293  0.0292  0.0294  0.0293  0.0293  0.0293  0.0293  0.0293  0.0292  0.0292
  0.0292  0.0292  0.0292  0.0292  0.0292  0.0292  0.0292  0.0292  0.0292  0.0292  0.0292  0.0292
  0.0293  0.0293  0.0292  0.0294  0.0292  0.0292  0.0293  0.0293  0.0293  0.0293  0.0292  0.0292
  0.0296  0.0295  0.0293  0.0297  0.0296  0.0294  0.0296  0.0298  0.0295  0.0297  0.0293  0.0293
  0.0301  0.0299  0.0294  0.0299  0.0303  0.0298  0.0300  0.0305  0.0300  0.0303  0.0295  0.0295
niter,ni,del,rscale     3    3    5.0000    0.6000
parameters
   -0.9720   -5.6091   16.6997  -14.9145  -28.8810  -17.5684
    0.2880    3.1884    0.3286   20.4431   -4.2604  -15.8870
eta,q 0.97086  6.35965
  0.0298  0.0296  0.0295  0.0298  0.0300  0.0298  0.0298  0.0301  0.0297  0.0299  0.0294  0.0294
  0.0295  0.0294  0.0293  0.0294  0.0296  0.0295  0.0294  0.0296  0.0294  0.0295  0.0292  0.0292
  0.0293  0.0292  0.0292  0.0292  0.0293  0.0293  0.0292  0.0293  0.0292  0.0292  0.0292  0.0292
  0.0292  0.0292  0.0292  0.0292  0.0292  0.0292  0.0291  0.0291  0.0291  0.0291  0.0291  0.0291
  0.0292  0.0292  0.0292  0.0293  0.0292  0.0292  0.0292  0.0292  0.0292  0.0292  0.0292  0.0292
  0.0295  0.0294  0.0292  0.0296  0.0294  0.0293  0.0294  0.0296  0.0294  0.0295  0.0292  0.0293
  0.0298  0.0297  0.0294  0.0298  0.0299  0.0296  0.0298  0.0301  0.0297  0.0300  0.0294  0.0294
niter,ni,del,rscale     2    3    5.0000    0.5000
parameters
   -0.9629   -5.6381   16.7701  -15.0889  -28.7612  -17.3786
    0.2625    3.1880    0.3188   20.3601   -4.2692  -15.9350
eta,q 0.97087  6.36073
  0.0296  0.0295  0.0293  0.0296  0.0297  0.0296  0.0296  0.0298  0.0295  0.0297  0.0293  0.0293
  0.0294  0.0293  0.0292  0.0293  0.0294  0.0293  0.0293  0.0294  0.0293  0.0294  0.0292  0.0292
  0.0292  0.0292  0.0292  0.0292  0.0292  0.0292  0.0292  0.0292  0.0292  0.0292  0.0291  0.0291
  0.0291  0.0291  0.0291  0.0291  0.0291  0.0291  0.0291  0.0291  0.0291  0.0291  0.0291  0.0291
  0.0292  0.0292  0.0291  0.0293  0.0292  0.0291  0.0292  0.0292  0.0292  0.0292  0.0291  0.0291
  0.0293  0.0293  0.0292  0.0295  0.0293  0.0293  0.0293  0.0294  0.0293  0.0294  0.0292  0.0292
  0.0296  0.0295  0.0293  0.0297  0.0297  0.0295  0.0296  0.0298  0.0295  0.0297  0.0293  0.0293
niter,ni,del,rscale     1    3    5.0000    0.4000
parameters
   -0.9532   -5.6582   16.8133  -15.2165  -28.6605  -17.2508
    0.2336    3.1999    0.3177   20.2995   -4.2700  -15.9980
eta,q 0.97088  6.36183
  0.0294  0.0293  0.0292  0.0295  0.0295  0.0294  0.0294  0.0296  0.0294  0.0295  0.0292  0.0292
  0.0293  0.0292  0.0292  0.0293  0.0293  0.0293  0.0292  0.0293  0.0292  0.0293  0.0292  0.0292
  0.0292  0.0291  0.0291  0.0291  0.0292  0.0292  0.0292  0.0292  0.0291  0.0292  0.0291  0.0291
  0.0291  0.0291  0.0291  0.0291  0.0291  0.0291  0.0291  0.0291  0.0291  0.0291  0.0291  0.0291
  0.0292  0.0292  0.0291  0.0292  0.0291  0.0291  0.0292  0.0292  0.0291  0.0292  0.0291  0.0291
  0.0293  0.0292  0.0292  0.0293  0.0293  0.0292  0.0293  0.0293  0.0292  0.0293  0.0292  0.0292
  0.0294  0.0294  0.0292  0.0295  0.0295  0.0294  0.0294  0.0296  0.0294  0.0295  0.0292  0.0292
registration optimization eta report
parameter search radius
    0.8000    0.8000    0.8000    2.4000    2.7600    2.4000
    2.4000    2.4000    2.4000    2.4000    2.4000    2.4000
100000*second partial in parameter space
       48.       36.       17.        6.        5.        4.
        5.        8.        5.        6.        2.        2.
  0.0294  0.0293  0.0292  0.0295  0.0295  0.0294  0.0294  0.0296  0.0294  0.0295  0.0292  0.0292
  0.0293  0.0292  0.0292  0.0293  0.0293  0.0293  0.0292  0.0293  0.0292  0.0293  0.0292  0.0292
  0.0292  0.0291  0.0291  0.0291  0.0292  0.0292  0.0292  0.0292  0.0291  0.0292  0.0291  0.0291
  0.0291  0.0291  0.0291  0.0291  0.0291  0.0291  0.0291  0.0291  0.0291  0.0291  0.0291  0.0291
  0.0292  0.0292  0.0291  0.0292  0.0291  0.0291  0.0292  0.0292  0.0291  0.0292  0.0291  0.0291
  0.0293  0.0292  0.0292  0.0293  0.0293  0.0292  0.0293  0.0293  0.0292  0.0293  0.0292  0.0292
  0.0294  0.0294  0.0292  0.0295  0.0295  0.0294  0.0294  0.0296  0.0294  0.0295  0.0292  0.0292
   -0.9532   -5.6582   16.8133  -15.2165  -28.6605  -17.2508
    0.2336    3.1999    0.3177   20.2995   -4.2700  -15.9980
eta,q 0.97088  6.36183

---------------------------------------------------------------------
imgreg_4dfp /opt/freesurfer/average/711-2C_as_mni_average_305 /opt/freesurfer/average/711-2B_as_mni_average_305_mask talsrcimg_g11 none talsrcimg_to_711-2C_as_mni_average_305_t4 2311
---------------------------------------------------------------------

freesurfer imgreg_4dfp.c
/opt/freesurfer/average/711-2C_as_mni_average_305.4dfp.img
       256       256       256         1
  1.000000  1.000000  1.000000
orientation T byte_order littleendian
Reading image: /opt/freesurfer/average/711-2C_as_mni_average_305.4dfp.img
dimensions:      256       256       256
mmppix:       1.0000   -1.0000   -1.0000
center:     128.0000 -129.0000 -129.0000
/opt/freesurfer/average/711-2B_as_mni_average_305_mask.4dfp.img
       256       256       256         1
  1.000000  1.000000  1.000000
orientation T byte_order littleendian
Reading mask: /opt/freesurfer/average/711-2B_as_mni_average_305_mask.4dfp.img (2306576 pixels)
talsrcimg_g11.4dfp.img
       256       256       256         1
  1.000000  1.000000  1.000000
orientation T byte_order littleendian
Reading image: talsrcimg_g11.4dfp.img
dimensions:      256       256       256
mmppix:       1.0000   -1.0000   -1.0000
center:     128.0000 -129.0000 -129.0000
fimgreg.f
image alignment mode   2311 decimal      907 hex
parameters
   -0.9532   -5.6582   16.8133  -15.2165  -28.6605  -17.2508
    0.2336    3.1999    0.3177   20.2995   -4.2700  -15.9980
eta,q 0.97088  6.36183
niter,ni,del,rscale     5    3    5.0000    0.8000
parameters
   -0.9524   -5.6289   16.8398  -14.8158  -28.9889  -17.3644
    0.2906    3.2026    0.3237   20.3704   -4.3119  -15.7766
eta,q 0.97085  6.36292
  0.0303  0.0301  0.0296  0.0304  0.0301  0.0300  0.0303  0.0308  0.0302  0.0305  0.0295  0.0296
  0.0297  0.0295  0.0293  0.0297  0.0296  0.0296  0.0297  0.0299  0.0296  0.0298  0.0293  0.0294
  0.0293  0.0292  0.0292  0.0293  0.0293  0.0293  0.0293  0.0293  0.0293  0.0293  0.0292  0.0292
  0.0291  0.0291  0.0291  0.0291  0.0291  0.0291  0.0291  0.0291  0.0291  0.0291  0.0291  0.0291
  0.0293  0.0292  0.0292  0.0293  0.0293  0.0292  0.0293  0.0293  0.0293  0.0293  0.0292  0.0292
  0.0297  0.0295  0.0293  0.0297  0.0297  0.0296  0.0296  0.0299  0.0296  0.0297  0.0293  0.0293
  0.0303  0.0300  0.0295  0.0299  0.0305  0.0302  0.0302  0.0308  0.0301  0.0305  0.0296  0.0295
niter,ni,del,rscale     4    3    5.0000    0.7000
parameters
   -0.9691   -5.6544   16.8378  -14.8082  -28.9116  -17.3978
    0.3189    3.1983    0.3380   20.3328   -4.2777  -15.7587
eta,q 0.97085  6.36459
  0.0300  0.0298  0.0295  0.0300  0.0300  0.0299  0.0300  0.0304  0.0299  0.0302  0.0295  0.0295
  0.0295  0.0294  0.0293  0.0295  0.0296  0.0295  0.0295  0.0297  0.0295  0.0296  0.0293  0.0293
  0.0292  0.0292  0.0292  0.0292  0.0293  0.0292  0.0292  0.0293  0.0292  0.0293  0.0292  0.0292
  0.0291  0.0291  0.0291  0.0291  0.0291  0.0291  0.0291  0.0291  0.0291  0.0291  0.0291  0.0291
  0.0293  0.0292  0.0292  0.0293  0.0292  0.0292  0.0292  0.0293  0.0292  0.0293  0.0292  0.0292
  0.0296  0.0295  0.0293  0.0296  0.0295  0.0295  0.0295  0.0297  0.0295  0.0296  0.0293  0.0293
  0.0301  0.0299  0.0295  0.0299  0.0300  0.0299  0.0300  0.0304  0.0299  0.0302  0.0294  0.0295
niter,ni,del,rscale     3    3    5.0000    0.6000
parameters
   -0.9727   -5.6699   16.8339  -14.9575  -28.7987  -17.3429
    0.3036    3.1823    0.3356   20.2953   -4.2819  -15.8155
eta,q 0.97087  6.36388
  0.0298  0.0297  0.0294  0.0298  0.0298  0.0297  0.0298  0.0301  0.0297  0.0299  0.0294  0.0294
  0.0294  0.0294  0.0292  0.0294  0.0295  0.0294  0.0294  0.0296  0.0294  0.0295  0.0292  0.0292
  0.0292  0.0292  0.0292  0.0292  0.0292  0.0292  0.0292  0.0292  0.0292  0.0292  0.0292  0.0292
  0.0291  0.0291  0.0291  0.0291  0.0291  0.0291  0.0291  0.0291  0.0291  0.0291  0.0291  0.0291
  0.0292  0.0292  0.0292  0.0293  0.0292  0.0292  0.0292  0.0292  0.0292  0.0292  0.0292  0.0292
  0.0294  0.0294  0.0293  0.0296  0.0294  0.0294  0.0294  0.0296  0.0294  0.0295  0.0292  0.0292
  0.0298  0.0297  0.0294  0.0298  0.0297  0.0297  0.0298  0.0301  0.0297  0.0300  0.0294  0.0294
niter,ni,del,rscale     2    3    5.0000    0.5000
parameters
   -0.9672   -5.6777   16.8372  -15.1122  -28.6868  -17.2661
    0.2675    3.1773    0.3427   20.2700   -4.2809  -15.8874
eta,q 0.97088  6.36369
  0.0296  0.0295  0.0293  0.0296  0.0296  0.0295  0.0296  0.0298  0.0295  0.0297  0.0293  0.0293
  0.0293  0.0293  0.0292  0.0293  0.0294  0.0293  0.0293  0.0294  0.0293  0.0294  0.0292  0.0292
  0.0292  0.0292  0.0291  0.0292  0.0292  0.0292  0.0292  0.0292  0.0292  0.0292  0.0291  0.0291
  0.0291  0.0291  0.0291  0.0291  0.0291  0.0291  0.0291  0.0291  0.0291  0.0291  0.0291  0.0291
  0.0292  0.0292  0.0291  0.0292  0.0292  0.0292  0.0292  0.0292  0.0292  0.0292  0.0291  0.0291
  0.0293  0.0293  0.0292  0.0294  0.0293  0.0293  0.0293  0.0294  0.0293  0.0294  0.0292  0.0292
  0.0296  0.0295  0.0293  0.0297  0.0295  0.0295  0.0296  0.0298  0.0295  0.0297  0.0293  0.0293
niter,ni,del,rscale     1    3    5.0000    0.4000
parameters
   -0.9593   -5.6851   16.8439  -15.2221  -28.5984  -17.1854
    0.2267    3.1890    0.3285   20.2414   -4.2752  -15.9649
eta,q 0.97089  6.36439
  0.0294  0.0293  0.0292  0.0295  0.0294  0.0294  0.0294  0.0296  0.0294  0.0295  0.0292  0.0292
  0.0293  0.0292  0.0292  0.0293  0.0293  0.0292  0.0292  0.0293  0.0292  0.0293  0.0292  0.0292
  0.0292  0.0291  0.0291  0.0291  0.0292  0.0292  0.0292  0.0292  0.0291  0.0292  0.0291  0.0291
  0.0291  0.0291  0.0291  0.0291  0.0291  0.0291  0.0291  0.0291  0.0291  0.0291  0.0291  0.0291
  0.0292  0.0292  0.0291  0.0292  0.0291  0.0291  0.0292  0.0292  0.0291  0.0292  0.0291  0.0291
  0.0293  0.0292  0.0292  0.0293  0.0292  0.0292  0.0293  0.0293  0.0292  0.0293  0.0292  0.0292
  0.0294  0.0294  0.0292  0.0295  0.0294  0.0294  0.0294  0.0296  0.0294  0.0295  0.0292  0.0292
registration optimization eta report
parameter search radius
    0.8000    0.8000    0.8000    2.4000    2.4000    2.4000
    2.4000    2.4000    2.4000    2.4000    2.4000    2.4000
100000*second partial in parameter space
       48.       36.       17.        6.        5.        4.
        5.        8.        5.        7.        2.        2.
  0.0294  0.0293  0.0292  0.0295  0.0294  0.0294  0.0294  0.0296  0.0294  0.0295  0.0292  0.0292
  0.0293  0.0292  0.0292  0.0293  0.0293  0.0292  0.0292  0.0293  0.0292  0.0293  0.0292  0.0292
  0.0292  0.0291  0.0291  0.0291  0.0292  0.0292  0.0292  0.0292  0.0291  0.0292  0.0291  0.0291
  0.0291  0.0291  0.0291  0.0291  0.0291  0.0291  0.0291  0.0291  0.0291  0.0291  0.0291  0.0291
  0.0292  0.0292  0.0291  0.0292  0.0291  0.0291  0.0292  0.0292  0.0291  0.0292  0.0291  0.0291
  0.0293  0.0292  0.0292  0.0293  0.0292  0.0292  0.0293  0.0293  0.0292  0.0293  0.0292  0.0292
  0.0294  0.0294  0.0292  0.0295  0.0294  0.0294  0.0294  0.0296  0.0294  0.0295  0.0292  0.0292
   -0.9593   -5.6851   16.8439  -15.2221  -28.5984  -17.1854
    0.2267    3.1890    0.3285   20.2414   -4.2752  -15.9649
eta,q 0.97089  6.36439

---------------------------------------------------------------------
compute_vox2vox talsrcimg talsrcimg_to_711-2C_as_mni_average_305_t4 /opt/freesurfer/average/711-2C_as_mni_average_305
---------------------------------------------------------------------

freesurfer compute_vox2vox.c
Reading: talsrcimg.4dfp.ifh
Reading: talsrcimg_to_711-2C_as_mni_average_305_t4
Reading: /opt/freesurfer/average/711-2C_as_mni_average_305.4dfp.ifh
Writing: talsrcimg_to_711-2C_as_mni_average_305_t4_vox2vox.txt

start time Sat Mar 14 22:26:55 CET 2026
end		time Sat Mar 14 22:27:09 CET 2026

mpr2mni305 success

avi2talxfm orig_nu.mgz /opt/freesurfer/average/mni305.cor.mgz talsrcimg_to_711-2C_as_mni_average_305_t4_vox2vox.txt transforms/talairach.auto.xfm
avi2talxfm done
mv -f /out/sourcedata/freesurfer/sub-v2s18x29504_ses-1/mri/talsrcimg_to_711-2C_as_mni_average_305_t4_vox2vox.txt /out/sourcedata/freesurfer/sub-v2s18x29504_ses-1/mri/transforms/talsrcimg_to_711-2C_as_mni_average_305_t4_vox2vox.txt
lta_convert --src orig_nu.mgz --trg /opt/freesurfer/average/mni305.cor.mgz --inxfm transforms/talairach.auto.xfm --outlta transforms/talairach.auto.xfm.lta --subject fsaverage
7.3.2

--src: orig_nu.mgz src image (geometry).
--trg: /opt/freesurfer/average/mni305.cor.mgz trg image (geometry).
--inmni: transforms/talairach.auto.xfm input MNI/XFM transform.
--outlta: transforms/talairach.auto.xfm.lta output LTA.
--s: fsaverage subject name
 LTA read, type : 1
 1.17748  -0.04213  -0.01316   6.50667;
 0.05665   1.14292   0.25537  -67.69292;
-0.02148  -0.32381   1.32820  -17.77596;
 0.00000   0.00000   0.00000   1.00000;
setting subject to fsaverage
Writing  LTA to file transforms/talairach.auto.xfm.lta...
lta_convert successful.
 
 
Started at Sat Mar 14 22:26:55 CET 2026
Ended   at Sat Mar 14 22:27:09 CET 2026
talairach_avi done
