status file for recon-all
Wed Mar 11 15:38:37 CET 2026
#@# Tessellate rh Wed Mar 11 15:38:37 CET 2026
#@# Smooth1 rh Wed Mar 11 15:38:41 CET 2026
#@# Inflation1 rh Wed Mar 11 15:38:44 CET 2026
#@# QSphere rh Wed Mar 11 15:39:00 CET 2026
#@# Fix Topology rh Wed Mar 11 15:40:11 CET 2026
#@# Smooth2 rh Wed Mar 11 15:46:57 CET 2026
#@# Inflation2 rh Wed Mar 11 15:47:01 CET 2026
#@# Curv .H and .K rh Wed Mar 11 15:47:17 CET 2026
#@# Sphere rh Wed Mar 11 15:48:11 CET 2026
#@# Surf Reg rh Wed Mar 11 15:50:45 CET 2026
#@# Jacobian white rh Wed Mar 11 15:56:00 CET 2026
#@# AvgCurv rh Wed Mar 11 15:56:01 CET 2026
#@# Cortical Parc rh Wed Mar 11 15:56:03 CET 2026
#@# white curv rh Wed Mar 11 16:03:23 CET 2026
#@# white area rh Wed Mar 11 16:03:25 CET 2026
#@# pial curv rh Wed Mar 11 16:03:26 CET 2026
#@# pial area rh Wed Mar 11 16:03:28 CET 2026
#@# thickness rh Wed Mar 11 16:03:29 CET 2026
#@# area and vertex vol rh Wed Mar 11 16:04:05 CET 2026
#@# Curvature Stats rh Wed Mar 11 16:04:06 CET 2026
#@# Cortical Parc 2 rh Wed Mar 11 16:04:09 CET 2026
#@# Cortical Parc 3 rh Wed Mar 11 16:04:24 CET 2026
#@# WM/GM Contrast rh Wed Mar 11 16:04:35 CET 2026
recon-all -s sub-v2s18x29499_ses-1 finished without error at Wed Mar 11 16:04:40 CET 2026



#New# invocation of recon-all 



status file for recon-all
Wed Mar 11 16:16:09 CET 2026
#@# white curv rh Wed Mar 11 16:16:09 CET 2026
#@# white area rh Wed Mar 11 16:16:09 CET 2026
#@# pial curv rh Wed Mar 11 16:16:09 CET 2026
#@# pial area rh Wed Mar 11 16:16:09 CET 2026
#@# thickness rh Wed Mar 11 16:16:10 CET 2026
#@# area and vertex vol rh Wed Mar 11 16:16:10 CET 2026
#@# Parcellation Stats rh Wed Mar 11 16:16:10 CET 2026
#@# Parcellation Stats 2 rh Wed Mar 11 16:16:32 CET 2026
#@# Parcellation Stats 3 rh Wed Mar 11 16:16:43 CET 2026
#@# BA_exvivo Labels rh Wed Mar 11 16:16:54 CET 2026
recon-all -s sub-v2s18x29499_ses-1 finished without error at Wed Mar 11 16:19:57 CET 2026
