status file for recon-all
Wed Mar 11 15:11:23 CET 2026
#@# Tessellate lh Wed Mar 11 15:11:23 CET 2026
#@# Smooth1 lh Wed Mar 11 15:11:27 CET 2026
#@# Inflation1 lh Wed Mar 11 15:11:30 CET 2026
#@# QSphere lh Wed Mar 11 15:11:45 CET 2026
#@# Fix Topology lh Wed Mar 11 15:12:54 CET 2026
#@# Smooth2 lh Wed Mar 11 15:19:43 CET 2026
#@# Inflation2 lh Wed Mar 11 15:19:46 CET 2026
#@# Curv .H and .K lh Wed Mar 11 15:20:02 CET 2026
#@# Sphere lh Wed Mar 11 15:20:54 CET 2026
#@# Surf Reg lh Wed Mar 11 15:24:49 CET 2026
#@# Jacobian white lh Wed Mar 11 15:29:22 CET 2026
#@# AvgCurv lh Wed Mar 11 15:29:23 CET 2026
#@# Cortical Parc lh Wed Mar 11 15:29:24 CET 2026
#@# white curv lh Wed Mar 11 15:37:16 CET 2026
#@# white area lh Wed Mar 11 15:37:18 CET 2026
#@# pial curv lh Wed Mar 11 15:37:19 CET 2026
#@# pial area lh Wed Mar 11 15:37:21 CET 2026
#@# thickness lh Wed Mar 11 15:37:22 CET 2026
#@# area and vertex vol lh Wed Mar 11 15:37:57 CET 2026
#@# Curvature Stats lh Wed Mar 11 15:37:58 CET 2026
#@# Cortical Parc 2 lh Wed Mar 11 15:38:01 CET 2026
#@# Cortical Parc 3 lh Wed Mar 11 15:38:18 CET 2026
#@# WM/GM Contrast lh Wed Mar 11 15:38:30 CET 2026
recon-all -s sub-v2s18x29499_ses-1 finished without error at Wed Mar 11 15:38:35 CET 2026



#New# invocation of recon-all 



status file for recon-all
Wed Mar 11 16:12:17 CET 2026
#@# white curv lh Wed Mar 11 16:12:18 CET 2026
#@# white area lh Wed Mar 11 16:12:18 CET 2026
#@# pial curv lh Wed Mar 11 16:12:18 CET 2026
#@# pial area lh Wed Mar 11 16:12:18 CET 2026
#@# thickness lh Wed Mar 11 16:12:18 CET 2026
#@# area and vertex vol lh Wed Mar 11 16:12:18 CET 2026
#@# Parcellation Stats lh Wed Mar 11 16:12:18 CET 2026
#@# Parcellation Stats 2 lh Wed Mar 11 16:12:40 CET 2026
#@# Parcellation Stats 3 lh Wed Mar 11 16:12:51 CET 2026
#@# BA_exvivo Labels lh Wed Mar 11 16:13:03 CET 2026
recon-all -s sub-v2s18x29499_ses-1 finished without error at Wed Mar 11 16:16:07 CET 2026
