status file for recon-all
Wed Mar 11 13:20:38 CET 2026
#@# MotionCor Wed Mar 11 13:20:46 CET 2026
#@# Talairach Wed Mar 11 13:21:04 CET 2026
#@# Talairach Failure Detection Wed Mar 11 13:25:31 CET 2026
#@# Nu Intensity Correction Wed Mar 11 13:25:31 CET 2026
#@# Intensity Normalization Wed Mar 11 13:28:48 CET 2026
recon-all -s sub-v2s18x29499_ses-1 finished without error at Wed Mar 11 13:30:23 CET 2026



#New# invocation of recon-all 



status file for recon-all
Wed Mar 11 13:42:02 CET 2026
#@# EM Registration Wed Mar 11 13:42:02 CET 2026
recon-all -s sub-v2s18x29499_ses-1 finished without error at Wed Mar 11 13:44:15 CET 2026



#New# invocation of recon-all 



status file for recon-all
Wed Mar 11 13:44:16 CET 2026
#@# CA Normalize Wed Mar 11 13:44:17 CET 2026
#@# CA Reg Wed Mar 11 13:45:38 CET 2026
#@# SubCort Seg Wed Mar 11 14:35:22 CET 2026
#@# CC Seg Wed Mar 11 15:05:23 CET 2026
#@# Merge ASeg Wed Mar 11 15:05:58 CET 2026
#@# Intensity Normalization2 Wed Mar 11 15:05:58 CET 2026
#@# Mask BFS Wed Mar 11 15:08:16 CET 2026
#@# WM Segmentation Wed Mar 11 15:08:17 CET 2026
#@# Fill Wed Mar 11 15:10:14 CET 2026
recon-all -s sub-v2s18x29499_ses-1 finished without error at Wed Mar 11 15:11:18 CET 2026



#New# invocation of recon-all 



status file for recon-all
Wed Mar 11 16:04:47 CET 2026
#@# white curv lh Wed Mar 11 16:04:47 CET 2026
#@# white area lh Wed Mar 11 16:04:47 CET 2026
#@# pial curv lh Wed Mar 11 16:04:47 CET 2026
#@# pial area lh Wed Mar 11 16:04:47 CET 2026
#@# thickness lh Wed Mar 11 16:04:47 CET 2026
#@# area and vertex vol lh Wed Mar 11 16:04:47 CET 2026
#@# white curv rh Wed Mar 11 16:04:47 CET 2026
#@# white area rh Wed Mar 11 16:04:47 CET 2026
#@# pial curv rh Wed Mar 11 16:04:47 CET 2026
#@# pial area rh Wed Mar 11 16:04:47 CET 2026
#@# thickness rh Wed Mar 11 16:04:47 CET 2026
#@# area and vertex vol rh Wed Mar 11 16:04:47 CET 2026
#@# Cortical ribbon mask Wed Mar 11 16:04:47 CET 2026
recon-all -s sub-v2s18x29499_ses-1 finished without error at Wed Mar 11 16:12:14 CET 2026



#New# invocation of recon-all 



status file for recon-all
Wed Mar 11 16:20:03 CET 2026
#@# white curv lh Wed Mar 11 16:20:03 CET 2026
#@# white area lh Wed Mar 11 16:20:03 CET 2026
#@# pial curv lh Wed Mar 11 16:20:03 CET 2026
#@# pial area lh Wed Mar 11 16:20:03 CET 2026
#@# thickness lh Wed Mar 11 16:20:04 CET 2026
#@# area and vertex vol lh Wed Mar 11 16:20:04 CET 2026
#@# white curv rh Wed Mar 11 16:20:04 CET 2026
#@# white area rh Wed Mar 11 16:20:04 CET 2026
#@# pial curv rh Wed Mar 11 16:20:04 CET 2026
#@# pial area rh Wed Mar 11 16:20:04 CET 2026
#@# thickness rh Wed Mar 11 16:20:04 CET 2026
#@# area and vertex vol rh Wed Mar 11 16:20:04 CET 2026
#@# Curvature Stats lh Wed Mar 11 16:20:04 CET 2026
#@# Curvature Stats rh Wed Mar 11 16:20:06 CET 2026
#@# Relabel Hypointensities Wed Mar 11 16:20:09 CET 2026
#@# APas-to-ASeg Wed Mar 11 16:20:26 CET 2026
#@# AParc-to-ASeg aparc Wed Mar 11 16:20:36 CET 2026
#@# AParc-to-ASeg aparc.a2009s Wed Mar 11 16:21:20 CET 2026
#@# AParc-to-ASeg aparc.DKTatlas Wed Mar 11 16:22:05 CET 2026
#@# WMParc Wed Mar 11 16:22:49 CET 2026
#@# ASeg Stats Wed Mar 11 16:26:56 CET 2026
recon-all -s sub-v2s18x29499_ses-1 finished without error at Wed Mar 11 16:27:36 CET 2026
