status file for recon-all
Sat Mar 14 22:24:15 CET 2026
#@# MotionCor Sat Mar 14 22:24:16 CET 2026
#@# Talairach Sat Mar 14 22:24:22 CET 2026
#@# Talairach Failure Detection Sat Mar 14 22:27:11 CET 2026
#@# Nu Intensity Correction Sat Mar 14 22:27:12 CET 2026
#@# Intensity Normalization Sat Mar 14 22:29:55 CET 2026
recon-all -s sub-v2s18x29504_ses-1 finished without error at Sat Mar 14 22:30:51 CET 2026



#New# invocation of recon-all 



status file for recon-all
Sat Mar 14 22:36:21 CET 2026
#@# EM Registration Sat Mar 14 22:36:21 CET 2026
recon-all -s sub-v2s18x29504_ses-1 finished without error at Sat Mar 14 22:37:41 CET 2026



#New# invocation of recon-all 



status file for recon-all
Sat Mar 14 22:37:44 CET 2026
#@# CA Normalize Sat Mar 14 22:37:44 CET 2026
#@# CA Reg Sat Mar 14 22:38:36 CET 2026
#@# SubCort Seg Sat Mar 14 23:08:31 CET 2026
#@# CC Seg Sat Mar 14 23:29:38 CET 2026
#@# Merge ASeg Sat Mar 14 23:29:58 CET 2026
#@# Intensity Normalization2 Sat Mar 14 23:29:58 CET 2026
#@# Mask BFS Sat Mar 14 23:31:19 CET 2026
#@# WM Segmentation Sat Mar 14 23:31:20 CET 2026
#@# Fill Sat Mar 14 23:32:52 CET 2026
recon-all -s sub-v2s18x29504_ses-1 finished without error at Sat Mar 14 23:33:31 CET 2026



#New# invocation of recon-all 



status file for recon-all
Sat Mar 14 23:59:10 CET 2026
#@# white curv lh Sat Mar 14 23:59:10 CET 2026
#@# white area lh Sat Mar 14 23:59:10 CET 2026
#@# pial curv lh Sat Mar 14 23:59:10 CET 2026
#@# pial area lh Sat Mar 14 23:59:10 CET 2026
#@# thickness lh Sat Mar 14 23:59:10 CET 2026
#@# area and vertex vol lh Sat Mar 14 23:59:10 CET 2026
#@# white curv rh Sat Mar 14 23:59:10 CET 2026
#@# white area rh Sat Mar 14 23:59:10 CET 2026
#@# pial curv rh Sat Mar 14 23:59:10 CET 2026
#@# pial area rh Sat Mar 14 23:59:10 CET 2026
#@# thickness rh Sat Mar 14 23:59:10 CET 2026
#@# area and vertex vol rh Sat Mar 14 23:59:10 CET 2026
#@# Cortical ribbon mask Sat Mar 14 23:59:10 CET 2026
recon-all -s sub-v2s18x29504_ses-1 finished without error at Sun Mar 15 00:01:47 CET 2026



#New# invocation of recon-all 



status file for recon-all
Sun Mar 15 00:05:52 CET 2026
#@# white curv lh Sun Mar 15 00:05:52 CET 2026
#@# white area lh Sun Mar 15 00:05:52 CET 2026
#@# pial curv lh Sun Mar 15 00:05:52 CET 2026
#@# pial area lh Sun Mar 15 00:05:52 CET 2026
#@# thickness lh Sun Mar 15 00:05:52 CET 2026
#@# area and vertex vol lh Sun Mar 15 00:05:52 CET 2026
#@# white curv rh Sun Mar 15 00:05:52 CET 2026
#@# white area rh Sun Mar 15 00:05:52 CET 2026
#@# pial curv rh Sun Mar 15 00:05:52 CET 2026
#@# pial area rh Sun Mar 15 00:05:52 CET 2026
#@# thickness rh Sun Mar 15 00:05:52 CET 2026
#@# area and vertex vol rh Sun Mar 15 00:05:52 CET 2026
#@# Curvature Stats lh Sun Mar 15 00:05:52 CET 2026
#@# Curvature Stats rh Sun Mar 15 00:05:53 CET 2026
#@# Relabel Hypointensities Sun Mar 15 00:05:55 CET 2026
#@# APas-to-ASeg Sun Mar 15 00:06:04 CET 2026
#@# AParc-to-ASeg aparc Sun Mar 15 00:06:09 CET 2026
#@# AParc-to-ASeg aparc.a2009s Sun Mar 15 00:06:25 CET 2026
#@# AParc-to-ASeg aparc.DKTatlas Sun Mar 15 00:06:40 CET 2026
#@# WMParc Sun Mar 15 00:06:55 CET 2026
#@# ASeg Stats Sun Mar 15 00:08:37 CET 2026
recon-all -s sub-v2s18x29504_ses-1 finished without error at Sun Mar 15 00:08:52 CET 2026
