status file for recon-all
Sat Mar 14 23:46:34 CET 2026
#@# Tessellate rh Sat Mar 14 23:46:34 CET 2026
#@# Smooth1 rh Sat Mar 14 23:46:36 CET 2026
#@# Inflation1 rh Sat Mar 14 23:46:37 CET 2026
#@# QSphere rh Sat Mar 14 23:46:44 CET 2026
#@# Fix Topology rh Sat Mar 14 23:47:22 CET 2026
#@# Smooth2 rh Sat Mar 14 23:51:01 CET 2026
#@# Inflation2 rh Sat Mar 14 23:51:03 CET 2026
#@# Curv .H and .K rh Sat Mar 14 23:51:10 CET 2026
#@# Sphere rh Sat Mar 14 23:51:42 CET 2026
#@# Surf Reg rh Sat Mar 14 23:52:23 CET 2026
#@# Jacobian white rh Sat Mar 14 23:54:15 CET 2026
#@# AvgCurv rh Sat Mar 14 23:54:16 CET 2026
#@# Cortical Parc rh Sat Mar 14 23:54:16 CET 2026
#@# white curv rh Sat Mar 14 23:58:28 CET 2026
#@# white area rh Sat Mar 14 23:58:29 CET 2026
#@# pial curv rh Sat Mar 14 23:58:30 CET 2026
#@# pial area rh Sat Mar 14 23:58:31 CET 2026
#@# thickness rh Sat Mar 14 23:58:31 CET 2026
#@# area and vertex vol rh Sat Mar 14 23:58:47 CET 2026
#@# Curvature Stats rh Sat Mar 14 23:58:48 CET 2026
#@# Cortical Parc 2 rh Sat Mar 14 23:58:49 CET 2026
#@# Cortical Parc 3 rh Sat Mar 14 23:58:57 CET 2026
#@# WM/GM Contrast rh Sat Mar 14 23:59:03 CET 2026
recon-all -s sub-v2s18x29504_ses-1 finished without error at Sat Mar 14 23:59:05 CET 2026



#New# invocation of recon-all 



status file for recon-all
Sun Mar 15 00:03:50 CET 2026
#@# white curv rh Sun Mar 15 00:03:50 CET 2026
#@# white area rh Sun Mar 15 00:03:51 CET 2026
#@# pial curv rh Sun Mar 15 00:03:51 CET 2026
#@# pial area rh Sun Mar 15 00:03:51 CET 2026
#@# thickness rh Sun Mar 15 00:03:51 CET 2026
#@# area and vertex vol rh Sun Mar 15 00:03:51 CET 2026
#@# Parcellation Stats rh Sun Mar 15 00:03:51 CET 2026
#@# Parcellation Stats 2 rh Sun Mar 15 00:04:01 CET 2026
#@# Parcellation Stats 3 rh Sun Mar 15 00:04:07 CET 2026
#@# BA_exvivo Labels rh Sun Mar 15 00:04:13 CET 2026
recon-all -s sub-v2s18x29504_ses-1 finished without error at Sun Mar 15 00:05:46 CET 2026
