status file for recon-all
Sat Mar 14 23:33:34 CET 2026
#@# Tessellate lh Sat Mar 14 23:33:34 CET 2026
#@# Smooth1 lh Sat Mar 14 23:33:37 CET 2026
#@# Inflation1 lh Sat Mar 14 23:33:38 CET 2026
#@# QSphere lh Sat Mar 14 23:33:45 CET 2026
#@# Fix Topology lh Sat Mar 14 23:34:28 CET 2026
#@# Smooth2 lh Sat Mar 14 23:37:55 CET 2026
#@# Inflation2 lh Sat Mar 14 23:37:57 CET 2026
#@# Curv .H and .K lh Sat Mar 14 23:38:03 CET 2026
#@# Sphere lh Sat Mar 14 23:38:36 CET 2026
#@# Surf Reg lh Sat Mar 14 23:39:48 CET 2026
#@# Jacobian white lh Sat Mar 14 23:41:38 CET 2026
#@# AvgCurv lh Sat Mar 14 23:41:39 CET 2026
#@# Cortical Parc lh Sat Mar 14 23:41:39 CET 2026
#@# white curv lh Sat Mar 14 23:45:52 CET 2026
#@# white area lh Sat Mar 14 23:45:53 CET 2026
#@# pial curv lh Sat Mar 14 23:45:54 CET 2026
#@# pial area lh Sat Mar 14 23:45:55 CET 2026
#@# thickness lh Sat Mar 14 23:45:55 CET 2026
#@# area and vertex vol lh Sat Mar 14 23:46:12 CET 2026
#@# Curvature Stats lh Sat Mar 14 23:46:13 CET 2026
#@# Cortical Parc 2 lh Sat Mar 14 23:46:14 CET 2026
#@# Cortical Parc 3 lh Sat Mar 14 23:46:23 CET 2026
#@# WM/GM Contrast lh Sat Mar 14 23:46:29 CET 2026
recon-all -s sub-v2s18x29504_ses-1 finished without error at Sat Mar 14 23:46:31 CET 2026



#New# invocation of recon-all 



status file for recon-all
Sun Mar 15 00:01:50 CET 2026
#@# white curv lh Sun Mar 15 00:01:50 CET 2026
#@# white area lh Sun Mar 15 00:01:50 CET 2026
#@# pial curv lh Sun Mar 15 00:01:51 CET 2026
#@# pial area lh Sun Mar 15 00:01:51 CET 2026
#@# thickness lh Sun Mar 15 00:01:51 CET 2026
#@# area and vertex vol lh Sun Mar 15 00:01:51 CET 2026
#@# Parcellation Stats lh Sun Mar 15 00:01:51 CET 2026
#@# Parcellation Stats 2 lh Sun Mar 15 00:02:02 CET 2026
#@# Parcellation Stats 3 lh Sun Mar 15 00:02:08 CET 2026
#@# BA_exvivo Labels lh Sun Mar 15 00:02:13 CET 2026
recon-all -s sub-v2s18x29504_ses-1 finished without error at Sun Mar 15 00:03:48 CET 2026
