/out/sourcedata/freesurfer/sub-v2s18x29507_ses-1/mri
/opt/freesurfer/bin/talairach_avi
--i orig_nu.mgz --xfm transforms/talairach.auto.xfm
talairach_avi 7.3.2
Linux dna063 5.14.0-427.37.1.el9_4.x86_64 #1 SMP PREEMPT_DYNAMIC Fri Sep 13 12:41:50 EDT 2024 x86_64 x86_64 x86_64 GNU/Linux
Wed Mar 11 13:41:20 CET 2026
mri_convert orig_nu.mgz talsrcimg.img 
reading from orig_nu.mgz...
TR=0.00, TE=0.00, TI=0.00, flip angle=0.00
i_ras = (-1, -4.28918e-09, 0)
j_ras = (0, 0, -1)
k_ras = (5.67525e-10, 1, 1.16415e-10)
writing to talsrcimg.img...
Analyze Output Matrix
-1.00000   0.00000   0.00000   134.34821;
-0.00000   0.00000   1.00000  -94.61534;
 0.00000  -1.00000   0.00000   101.00314;
 0.00000   0.00000   0.00000   1.00000;
--------------------
INFO: set hdr.hist.orient to -1
mpr2mni305 talsrcimg
Wed Mar 11 13:41:20 CET 2026
/opt/freesurfer/bin/mpr2mni305 talsrcimg
mpr2mni305 7.3.2
target=711-2C_as_mni_average_305

---------------------------------------------------------------------
analyzeto4dfp talsrcimg -O0 -y
---------------------------------------------------------------------

freesurfer ifh2hdr.c
Wed Mar 11 13:41:21 2026
Writing: talsrcimg.4dfp.hdr
freesurfer analyzeto4dfp.c
Reading: talsrcimg.hdr
header size 348 bytes
hdr.dime.datatype	offset=70	value=2
hdr.dime.bitpix		offset=72	value=8
hdr.hist.orient		offset=252	value=-1
dimensionality     4
dimensions       256       256       256         1
Reading: talsrcimg.img
Writing: talsrcimg.4dfp.img
Writing: talsrcimg.4dfp.ifh
ifh2hdr talsrcimg -r0to184
ori=2

---------------------------------------------------------------------
gauss_4dfp talsrcimg 1.1
---------------------------------------------------------------------

freesurfer gauss_4dfp.c
Reading: talsrcimg.4dfp.img
Writing: talsrcimg_g11.4dfp.img
image dimensions 256 256 256 padded to 288 288 288
processing volume 1freesurfer ifh2hdr.c
Wed Mar 11 13:41:22 2026
Writing: talsrcimg_g11.4dfp.hdr

Writing: talsrcimg_g11.4dfp.ifh
including: talsrcimg.4dfp.img.rec in talsrcimg_g11.4dfp.img.rec

---------------------------------------------------------------------
imgreg_4dfp /opt/freesurfer/average/711-2C_as_mni_average_305 none talsrcimg_g11 none talsrcimg_to_711-2C_as_mni_average_305_t4 4355
---------------------------------------------------------------------

freesurfer imgreg_4dfp.c
/opt/freesurfer/average/711-2C_as_mni_average_305.4dfp.img
       256       256       256         1
  1.000000  1.000000  1.000000
orientation T byte_order littleendian
Reading image: /opt/freesurfer/average/711-2C_as_mni_average_305.4dfp.img
dimensions:      256       256       256
mmppix:       1.0000   -1.0000   -1.0000
center:     128.0000 -129.0000 -129.0000
talsrcimg_g11.4dfp.img
       256       256       256         1
  1.000000  1.000000  1.000000
orientation T byte_order littleendian
Reading image: talsrcimg_g11.4dfp.img
dimensions:      256       256       256
mmppix:       1.0000   -1.0000   -1.0000
center:     128.0000 -129.0000 -129.0000
t4_read: open error in t4_sub.f l:  41 t4_file(1:l)talsrcimg_to_711-2C_as_mni_average_305_t4 
t4_read: transform initialized to I4
rotation matrix determinant  1.000000
image alignment mode   4355 decimal     1103 hex
   -7.5000  -45.0000  -45.0000 5355.2700   23.5435
    0.0000  -45.0000  -45.0000 5595.7441   23.4915
    7.5000  -45.0000  -45.0000 5416.6064   23.4288
   -7.5000  -37.5000  -45.0000 5934.9990   22.5949
    0.0000  -37.5000  -45.0000 6194.3027   22.5581
    7.5000  -37.5000  -45.0000 5991.1113   22.5081
   -7.5000  -30.0000  -45.0000 6740.4204   21.8665
    0.0000  -30.0000  -45.0000 7054.4580   21.8459
    7.5000  -30.0000  -45.0000 6796.6226   21.8004
   -7.5000  -22.5000  -45.0000 7578.4824   21.2852
    0.0000  -22.5000  -45.0000 7943.0903   21.2663
    7.5000  -22.5000  -45.0000 7644.9219   21.2170
   -7.5000  -15.0000  -45.0000 8488.3291   21.0810
    0.0000  -15.0000  -45.0000 8923.8096   21.0496
    7.5000  -15.0000  -45.0000 8585.7080   20.9928
   -7.5000   -7.5000  -45.0000 9485.3105   20.9916
    0.0000   -7.5000  -45.0000 9961.1074   20.9445
    7.5000   -7.5000  -45.0000 9569.8213   20.8868
   -7.5000    0.0000  -45.000010461.7969   20.9595
    0.0000    0.0000  -45.000010974.5059   20.9095
    7.5000    0.0000  -45.000010531.1445   20.8574
   -7.5000    7.5000  -45.000010668.6562   20.9634
    0.0000    7.5000  -45.000011204.6680   20.9260
    7.5000    7.5000  -45.000010704.2080   20.8804
   -7.5000   15.0000  -45.000010602.9766   20.9771
    0.0000   15.0000  -45.000011162.4189   20.9534
    7.5000   15.0000  -45.000010646.7314   20.9096
   -7.5000   22.5000  -45.000010431.8154   20.9860
    0.0000   22.5000  -45.000010992.0186   20.9646
    7.5000   22.5000  -45.000010480.5322   20.9153
   -7.5000   30.0000  -45.000010272.3672   20.7143
    0.0000   30.0000  -45.000010806.9805   20.6823
    7.5000   30.0000  -45.000010332.2920   20.6264
   -7.5000   37.5000  -45.000010438.0508   20.6932
    0.0000   37.5000  -45.000010972.4492   20.6465
    7.5000   37.5000  -45.000010500.9863   20.5895
   -7.5000   45.0000  -45.000010099.7588   20.1550
    0.0000   45.0000  -45.000010619.4873   20.1070
    7.5000   45.0000  -45.000010116.3105   20.0569
   -7.5000  -45.0000  -37.5000 5647.9297   23.4925
    0.0000  -45.0000  -37.5000 5911.4771   23.4383
    7.5000  -45.0000  -37.5000 5730.6758   23.3872
   -7.5000  -37.5000  -37.5000 6238.4180   22.5330
    0.0000  -37.5000  -37.5000 6527.9097   22.4949
    7.5000  -37.5000  -37.5000 6309.4443   22.4579
   -7.5000  -30.0000  -37.5000 7086.6738   21.7958
    0.0000  -30.0000  -37.5000 7413.8350   21.7720
    7.5000  -30.0000  -37.5000 7141.1665   21.7398
   -7.5000  -22.5000  -37.5000 7978.1367   21.2194
    0.0000  -22.5000  -37.5000 8358.5811   21.1947
    7.5000  -22.5000  -37.5000 8048.6289   21.1567
   -7.5000  -15.0000  -37.5000 8986.2217   21.0264
    0.0000  -15.0000  -37.5000 9437.7549   20.9881
    7.5000  -15.0000  -37.5000 9076.7393   20.9405
   -7.5000   -7.5000  -37.500010036.5674   20.9469
    0.0000   -7.5000  -37.500010541.1533   20.8948
    7.5000   -7.5000  -37.500010120.9766   20.8453
   -7.5000    0.0000  -37.500011054.0967   20.9142
    0.0000    0.0000  -37.500011616.8545   20.8625
    7.5000    0.0000  -37.500011120.3408   20.8194
   -7.5000    7.5000  -37.500011249.1318   20.9079
    0.0000    7.5000  -37.500011836.3203   20.8694
    7.5000    7.5000  -37.500011311.2041   20.8345
   -7.5000   15.0000  -37.500011214.2314   20.9131
    0.0000   15.0000  -37.500011793.4072   20.8864
    7.5000   15.0000  -37.500011266.8574   20.8546
   -7.5000   22.5000  -37.500011060.2373   20.9236
    0.0000   22.5000  -37.500011624.5703   20.8966
    7.5000   22.5000  -37.500011101.7256   20.8583
   -7.5000   30.0000  -37.500010860.8545   20.6615
    0.0000   30.0000  -37.500011399.1494   20.6228
    7.5000   30.0000  -37.500010900.2422   20.5758
   -7.5000   37.5000  -37.500011017.9814   20.6491
    0.0000   37.5000  -37.500011579.5410   20.5975
    7.5000   37.5000  -37.500011069.5830   20.5487
   -7.5000   45.0000  -37.500010628.2900   20.1116
    0.0000   45.0000  -37.500011201.8418   20.0618
    7.5000   45.0000  -37.500010662.5986   20.0203
   -7.5000  -45.0000  -30.0000 6011.4556   24.5147
    0.0000  -45.0000  -30.0000 6285.3315   24.4559
    7.5000  -45.0000  -30.0000 6102.8105   24.4181
   -7.5000  -37.5000  -30.0000 6632.6362   23.5032
    0.0000  -37.5000  -30.0000 6944.7705   23.4559
    7.5000  -37.5000  -30.0000 6702.7686   23.4311
   -7.5000  -30.0000  -30.0000 7534.2842   22.7174
    0.0000  -30.0000  -30.0000 7906.5269   22.6832
    7.5000  -30.0000  -30.0000 7597.4897   22.6649
   -7.5000  -22.5000  -30.0000 8522.4326   22.1137
    0.0000  -22.5000  -30.0000 8962.9648   22.0815
    7.5000  -22.5000  -30.0000 8597.1318   22.0596
   -7.5000  -15.0000  -30.0000 9639.8906   21.9241
    0.0000  -15.0000  -30.000010160.3242   21.8819
    7.5000  -15.0000  -30.0000 9728.3955   21.8504
   -7.5000   -7.5000  -30.000010754.6133   21.8564
    0.0000   -7.5000  -30.000011326.4209   21.8019
    7.5000   -7.5000  -30.000010849.1260   21.7653
   -7.5000    0.0000  -30.000011836.7510   21.8260
    0.0000    0.0000  -30.000012454.8164   21.7698
    7.5000    0.0000  -30.000011931.2227   21.7362
   -7.5000    7.5000  -30.000012034.0117   21.8073
    0.0000    7.5000  -30.000012672.2773   21.7603
    7.5000    7.5000  -30.000012134.4404   21.7351
   -7.5000   15.0000  -30.000012009.4531   21.7983
    0.0000   15.0000  -30.000012614.3271   21.7618
    7.5000   15.0000  -30.000012072.5996   21.7426
   -7.5000   22.5000  -30.000011858.8848   21.8048
    0.0000   22.5000  -30.000012450.6426   21.7706
    7.5000   22.5000  -30.000011905.2783   21.7478
   -7.5000   30.0000  -30.000011621.1699   21.5468
    0.0000   30.0000  -30.000012216.9023   21.5042
    7.5000   30.0000  -30.000011672.3311   21.4729
   -7.5000   37.5000  -30.000011792.1416   21.5481
    0.0000   37.5000  -30.000012423.8389   21.4940
    7.5000   37.5000  -30.000011854.3301   21.4578
   -7.5000   45.0000  -30.000011338.1309   21.0038
    0.0000   45.0000  -30.000011974.1787   20.9497
    7.5000   45.0000  -30.000011400.4053   20.9174
   -7.5000  -45.0000  -22.5000 6364.7021   25.3549
    0.0000  -45.0000  -22.5000 6660.9341   25.2943
    7.5000  -45.0000  -22.5000 6442.6270   25.2561
   -7.5000  -37.5000  -22.5000 7033.0732   24.3182
    0.0000  -37.5000  -22.5000 7379.2964   24.2626
    7.5000  -37.5000  -22.5000 7101.5537   24.2351
   -7.5000  -30.0000  -22.5000 8025.5664   23.5055
    0.0000  -30.0000  -22.5000 8445.7588   23.4634
    7.5000  -30.0000  -22.5000 8106.0239   23.4443
   -7.5000  -22.5000  -22.5000 9103.0879   22.8775
    0.0000  -22.5000  -22.5000 9583.2080   22.8443
    7.5000  -22.5000  -22.5000 9209.9541   22.8263
   -7.5000  -15.0000  -22.500010300.8154   22.6812
    0.0000  -15.0000  -22.500010865.1885   22.6439
    7.5000  -15.0000  -22.500010423.4932   22.6185
   -7.5000   -7.5000  -22.500011490.3154   22.6147
    0.0000   -7.5000  -22.500012119.5830   22.5643
    7.5000   -7.5000  -22.500011611.7539   22.5309
   -7.5000    0.0000  -22.500012627.2393   22.5863
    0.0000    0.0000  -22.500013307.9600   22.5280
    7.5000    0.0000  -22.500012748.0908   22.4934
   -7.5000    7.5000  -22.500012832.1318   22.5668
    0.0000    7.5000  -22.500013546.7432   22.5121
    7.5000    7.5000  -22.500012984.3008   22.4842
   -7.5000   15.0000  -22.500012794.4014   22.5545
    0.0000   15.0000  -22.500013467.9199   22.5105
    7.5000   15.0000  -22.500012903.1064   22.4905
   -7.5000   22.5000  -22.500012593.7471   22.5566
    0.0000   22.5000  -22.500013258.1113   22.5213
    7.5000   22.5000  -22.500012682.6650   22.5022
   -7.5000   30.0000  -22.500012351.0088   22.2950
    0.0000   30.0000  -22.500013057.1074   22.2571
    7.5000   30.0000  -22.500012466.0244   22.2318
   -7.5000   37.5000  -22.500012579.6797   22.2995
    0.0000   37.5000  -22.500013330.8076   22.2494
    7.5000   37.5000  -22.500012694.1982   22.2164
   -7.5000   45.0000  -22.500012095.8604   21.7518
    0.0000   45.0000  -22.500012815.0020   21.6955
    7.5000   45.0000  -22.500012190.3984   21.6622
   -7.5000  -45.0000  -15.0000 6731.9946   25.9305
    0.0000  -45.0000  -15.0000 7039.5996   25.8704
    7.5000  -45.0000  -15.0000 6789.6035   25.8170
   -7.5000  -37.5000  -15.0000 7479.7007   24.8877
    0.0000  -37.5000  -15.0000 7840.3838   24.8317
    7.5000  -37.5000  -15.0000 7538.3584   24.7883
   -7.5000  -30.0000  -15.0000 8555.8887   24.0697
    0.0000  -30.0000  -15.0000 8991.7139   24.0297
    7.5000  -30.0000  -15.0000 8649.0107   23.9953
   -7.5000  -22.5000  -15.0000 9688.8789   23.4255
    0.0000  -22.5000  -15.000010205.6943   23.3980
    7.5000  -22.5000  -15.0000 9802.7100   23.3675
   -7.5000  -15.0000  -15.000010947.3701   23.2146
    0.0000  -15.0000  -15.000011520.1729   23.1842
    7.5000  -15.0000  -15.000011073.9033   23.1481
   -7.5000   -7.5000  -15.000012202.3184   23.1377
    0.0000   -7.5000  -15.000012842.4805   23.0912
    7.5000   -7.5000  -15.000012326.4854   23.0469
   -7.5000    0.0000  -15.000013438.3398   23.1089
    0.0000    0.0000  -15.000014140.7119   23.0507
    7.5000    0.0000  -15.000013575.8018   23.0040
   -7.5000    7.5000  -15.000013663.6396   23.0989
    0.0000    7.5000  -15.000014436.5586   23.0436
    7.5000    7.5000  -15.000013849.5898   23.0024
   -7.5000   15.0000  -15.000013602.7734   23.0947
    0.0000   15.0000  -15.000014367.2217   23.0527
    7.5000   15.0000  -15.000013748.0586   23.0186
   -7.5000   22.5000  -15.000013348.7148   23.0943
    0.0000   22.5000  -15.000014069.7910   23.0643
    7.5000   22.5000  -15.000013450.3223   23.0329
   -7.5000   30.0000  -15.000013104.1357   22.8221
    0.0000   30.0000  -15.000013865.6025   22.7909
    7.5000   30.0000  -15.000013236.7715   22.7551
   -7.5000   37.5000  -15.000013358.7236   22.8185
    0.0000   37.5000  -15.000014145.7705   22.7724
    7.5000   37.5000  -15.000013494.0215   22.7285
   -7.5000   45.0000  -15.000012850.3008   22.2685
    0.0000   45.0000  -15.000013616.8643   22.2123
    7.5000   45.0000  -15.000012978.0771   22.1674
   -7.5000  -45.0000   -7.5000 7130.9287   26.1984
    0.0000  -45.0000   -7.5000 7441.9902   26.1401
    7.5000  -45.0000   -7.5000 7184.3569   26.0728
   -7.5000  -37.5000   -7.5000 7936.4497   25.1535
    0.0000  -37.5000   -7.5000 8309.4766   25.1057
    7.5000  -37.5000   -7.5000 8002.6895   25.0496
   -7.5000  -30.0000   -7.5000 9080.1094   24.3414
    0.0000  -30.0000   -7.5000 9526.5664   24.3118
    7.5000  -30.0000   -7.5000 9153.9473   24.2629
   -7.5000  -22.5000   -7.500010273.7500   23.6921
    0.0000  -22.5000   -7.500010825.8408   23.6707
    7.5000  -22.5000   -7.500010371.0684   23.6230
   -7.5000  -15.0000   -7.500011599.2158   23.4673
    0.0000  -15.0000   -7.500012219.3408   23.4380
    7.5000  -15.0000   -7.500011727.9590   23.3844
   -7.5000   -7.5000   -7.500012934.5820   23.3753
    0.0000   -7.5000   -7.500013601.2061   23.3280
    7.5000   -7.5000   -7.500013062.5254   23.2697
   -7.5000    0.0000   -7.500014269.9971   23.3441
    0.0000    0.0000   -7.500015029.2891   23.2877
    7.5000    0.0000   -7.500014423.7305   23.2308
   -7.5000    7.5000   -7.500014552.3154   23.3460
    0.0000    7.5000   -7.500015419.4023   23.2980
    7.5000    7.5000   -7.500014762.0312   23.2466
   -7.5000   15.0000   -7.500014566.0664   23.3547
    0.0000   15.0000   -7.500015457.7090   23.3221
    7.5000   15.0000   -7.500014760.2529   23.2748
   -7.5000   22.5000   -7.500014298.7402   23.3527
    0.0000   22.5000   -7.500015099.8691   23.3286
    7.5000   22.5000   -7.500014416.3857   23.2806
   -7.5000   30.0000   -7.500014002.5576   23.0685
    0.0000   30.0000   -7.500014776.7393   23.0384
    7.5000   30.0000   -7.500014131.3447   22.9855
   -7.5000   37.5000   -7.500014230.5146   23.0519
    0.0000   37.5000   -7.500015056.6348   23.0049
    7.5000   37.5000   -7.500014403.0938   22.9473
   -7.5000   45.0000   -7.500013699.4814   22.4993
    0.0000   45.0000   -7.500014508.1914   22.4449
    7.5000   45.0000   -7.500013859.4795   22.3901
   -7.5000  -45.0000    0.0000 7375.4253   26.2489
    0.0000  -45.0000    0.0000 7729.9741   26.1910
    7.5000  -45.0000    0.0000 7435.3657   26.1213
   -7.5000  -37.5000    0.0000 8262.1924   25.1955
    0.0000  -37.5000    0.0000 8634.3281   25.1546
    7.5000  -37.5000    0.0000 8306.1123   25.0991
   -7.5000  -30.0000    0.0000 9508.3965   24.3862
    0.0000  -30.0000    0.0000 9950.2119   24.3633
    7.5000  -30.0000    0.0000 9567.6807   24.3128
   -7.5000  -22.5000    0.000010772.6719   23.7398
    0.0000  -22.5000    0.000011333.3955   23.7188
    7.5000  -22.5000    0.000010873.3301   23.6642
   -7.5000  -15.0000    0.000012129.2373   23.5123
    0.0000  -15.0000    0.000012793.5957   23.4775
    7.5000  -15.0000    0.000012259.4121   23.4145
   -7.5000   -7.5000    0.000013465.8916   23.4127
    0.0000   -7.5000    0.000014238.2324   23.3605
    7.5000   -7.5000    0.000013636.0947   23.2963
   -7.5000    0.0000    0.000014827.1650   23.3773
    0.0000    0.0000    0.000015695.6074   23.3218
    7.5000    0.0000    0.000015025.8633   23.2638
   -7.5000    7.5000    0.000015212.2842   23.3822
    0.0000    7.5000    0.000016228.8828   23.3405
    7.5000    7.5000    0.000015475.6719   23.2899
   -7.5000   15.0000    0.000015416.5840   23.3976
    0.0000   15.0000    0.000016605.2285   23.3712
    7.5000   15.0000    0.000015766.8955   23.3226
   -7.5000   22.5000    0.000015260.3389   23.3996
    0.0000   22.5000    0.000016313.8516   23.3758
    7.5000   22.5000    0.000015548.0547   23.3211
   -7.5000   30.0000    0.000014894.6504   23.1126
    0.0000   30.0000    0.000015746.1797   23.0772
    7.5000   30.0000    0.000015101.9697   23.0151
   -7.5000   37.5000    0.000015076.0557   23.0890
    0.0000   37.5000    0.000015922.0000   23.0371
    7.5000   37.5000    0.000015295.9990   22.9738
   -7.5000   45.0000    0.000014517.5098   22.5330
    0.0000   45.0000    0.000015399.9434   22.4795
    7.5000   45.0000    0.000014715.1133   22.4236
   -7.5000  -45.0000    7.5000 7082.6392   26.2883
    0.0000  -45.0000    7.5000 7421.2793   26.2277
    7.5000  -45.0000    7.5000 7164.6484   26.1704
   -7.5000  -37.5000    7.5000 7928.4160   25.2147
    0.0000  -37.5000    7.5000 8311.6025   25.1720
    7.5000  -37.5000    7.5000 7990.9595   25.1306
   -7.5000  -30.0000    7.5000 9132.8867   24.3897
    0.0000  -30.0000    7.5000 9621.0205   24.3631
    7.5000  -30.0000    7.5000 9219.7686   24.3270
   -7.5000  -22.5000    7.500010358.6123   23.7447
    0.0000  -22.5000    7.500010942.7061   23.7171
    7.5000  -22.5000    7.500010475.2871   23.6745
   -7.5000  -15.0000    7.500011686.9971   23.5287
    0.0000  -15.0000    7.500012360.6309   23.4858
    7.5000  -15.0000    7.500011824.0312   23.4325
   -7.5000   -7.5000    7.500012991.8096   23.4397
    0.0000   -7.5000    7.500013735.9268   23.3815
    7.5000   -7.5000    7.500013165.6553   23.3261
   -7.5000    0.0000    7.500014273.9453   23.4033
    0.0000    0.0000    7.500015052.4883   23.3454
    7.5000    0.0000    7.500014483.3525   23.2971
   -7.5000    7.5000    7.500014683.9648   23.3961
    0.0000    7.5000    7.500015608.2061   23.3530
    7.5000    7.5000    7.500014982.4756   23.3140
   -7.5000   15.0000    7.500015023.7998   23.4020
    0.0000   15.0000    7.500016276.3125   23.3721
    7.5000   15.0000    7.500015498.5986   23.3365
   -7.5000   22.5000    7.500014994.6221   23.4061
    0.0000   22.5000    7.500016141.9141   23.3759
    7.5000   22.5000    7.500015380.3438   23.3330
   -7.5000   30.0000    7.500014655.8379   23.1294
    0.0000   30.0000    7.500015541.3418   23.0861
    7.5000   30.0000    7.500014858.7734   23.0334
   -7.5000   37.5000    7.500014784.9424   23.1156
    0.0000   37.5000    7.500015650.4004   23.0578
    7.5000   37.5000    7.500014910.9258   23.0031
   -7.5000   45.0000    7.500014181.8203   22.5580
    0.0000   45.0000    7.500015132.3682   22.5023
    7.5000   45.0000    7.500014310.5010   22.4557
   -7.5000  -45.0000   15.0000 6659.8755   26.3304
    0.0000  -45.0000   15.0000 7002.1919   26.2673
    7.5000  -45.0000   15.0000 6755.4097   26.2267
   -7.5000  -37.5000   15.0000 7528.8594   25.2437
    0.0000  -37.5000   15.0000 7900.5293   25.1930
    7.5000  -37.5000   15.0000 7611.8491   25.1664
   -7.5000  -30.0000   15.0000 8719.0410   24.3996
    0.0000  -30.0000   15.0000 9181.8594   24.3629
    7.5000  -30.0000   15.0000 8838.3408   24.3433
   -7.5000  -22.5000   15.0000 9914.9062   23.7510
    0.0000  -22.5000   15.000010454.4336   23.7165
    7.5000  -22.5000   15.000010052.5205   23.6930
   -7.5000  -15.0000   15.000011163.4600   23.5473
    0.0000  -15.0000   15.000011776.7656   23.5020
    7.5000  -15.0000   15.000011324.2861   23.4683
   -7.5000   -7.5000   15.000012375.7676   23.4747
    0.0000   -7.5000   15.000013023.2930   23.4161
    7.5000   -7.5000   15.000012542.3828   23.3768
   -7.5000    0.0000   15.000013598.6494   23.4420
    0.0000    0.0000   15.000014253.5596   23.3817
    7.5000    0.0000   15.000013769.9883   23.3456
   -7.5000    7.5000   15.000013991.4375   23.4219
    0.0000    7.5000   15.000014797.9434   23.3715
    7.5000    7.5000   15.000014272.8789   23.3444
   -7.5000   15.0000   15.000014246.0908   23.4122
    0.0000   15.0000   15.000015337.0654   23.3731
    7.5000   15.0000   15.000014672.6484   23.3525
   -7.5000   22.5000   15.000014223.5039   23.4141
    0.0000   22.5000   15.000015231.1709   23.3773
    7.5000   22.5000   15.000014510.6816   23.3530
   -7.5000   30.0000   15.000013992.2266   23.1489
    0.0000   30.0000   15.000014962.9512   23.1032
    7.5000   30.0000   15.000014162.3379   23.0696
   -7.5000   37.5000   15.000014147.3408   23.1503
    0.0000   37.5000   15.000015212.5195   23.0922
    7.5000   37.5000   15.000014316.1807   23.0534
   -7.5000   45.0000   15.000013520.0791   22.5954
    0.0000   45.0000   15.000014578.7510   22.5372
    7.5000   45.0000   15.000013694.4639   22.5025
   -7.5000  -45.0000   22.5000 6270.6265   26.4267
    0.0000  -45.0000   22.5000 6575.8257   26.3644
    7.5000  -45.0000   22.5000 6354.6743   26.3254
   -7.5000  -37.5000   22.5000 7091.9106   25.3483
    0.0000  -37.5000   22.5000 7444.6816   25.2912
    7.5000  -37.5000   22.5000 7169.3267   25.2636
   -7.5000  -30.0000   22.5000 8203.0361   24.5013
    0.0000  -30.0000   22.5000 8651.0361   24.4582
    7.5000  -30.0000   22.5000 8316.2959   24.4394
   -7.5000  -22.5000   22.5000 9321.7695   23.8437
    0.0000  -22.5000   22.5000 9856.3340   23.8101
    7.5000  -22.5000   22.5000 9470.4424   23.7923
   -7.5000  -15.0000   22.500010503.8066   23.6380
    0.0000  -15.0000   22.500011089.0840   23.6001
    7.5000  -15.0000   22.500010670.0908   23.5746
   -7.5000   -7.5000   22.500011687.4355   23.5685
    0.0000   -7.5000   22.500012272.6758   23.5168
    7.5000   -7.5000   22.500011838.4912   23.4829
   -7.5000    0.0000   22.500012902.1436   23.5391
    0.0000    0.0000   22.500013482.6211   23.4790
    7.5000    0.0000   22.500013024.7998   23.4438
   -7.5000    7.5000   22.500013254.8887   23.5190
    0.0000    7.5000   22.500013968.7686   23.4627
    7.5000    7.5000   22.500013490.3496   23.4345
   -7.5000   15.0000   22.500013365.2188   23.5061
    0.0000   15.0000   22.500014164.8291   23.4610
    7.5000   15.0000   22.500013667.9648   23.4411
   -7.5000   22.5000   22.500013246.0039   23.5044
    0.0000   22.5000   22.500013894.0977   23.4685
    7.5000   22.5000   22.500013398.8672   23.4496
   -7.5000   30.0000   22.500012986.4492   23.2384
    0.0000   30.0000   22.500013624.0938   23.1999
    7.5000   30.0000   22.500013113.5088   23.1745
   -7.5000   37.5000   22.500013185.8555   23.2431
    0.0000   37.5000   22.500013922.5088   23.1918
    7.5000   37.5000   22.500013368.9395   23.1583
   -7.5000   45.0000   22.500012688.4346   22.6890
    0.0000   45.0000   22.500013473.5166   22.6311
    7.5000   45.0000   22.500012892.4873   22.5972
   -7.5000  -45.0000   30.0000 5803.8550   26.5567
    0.0000  -45.0000   30.0000 6103.3062   26.4970
    7.5000  -45.0000   30.0000 5876.1919   26.4447
   -7.5000  -37.5000   30.0000 6529.1147   25.4926
    0.0000  -37.5000   30.0000 6903.3862   25.4370
    7.5000  -37.5000   30.0000 6602.9248   25.3950
   -7.5000  -30.0000   30.0000 7556.4053   24.6577
    0.0000  -30.0000   30.0000 8033.0947   24.6187
    7.5000  -30.0000   30.0000 7668.8286   24.5859
   -7.5000  -22.5000   30.0000 8614.7637   23.9900
    0.0000  -22.5000   30.0000 9160.0303   23.9639
    7.5000  -22.5000   30.0000 8751.7881   23.9350
   -7.5000  -15.0000   30.0000 9740.4648   23.7713
    0.0000  -15.0000   30.000010311.5322   23.7422
    7.5000  -15.0000   30.0000 9872.3721   23.7076
   -7.5000   -7.5000   30.000010855.3945   23.6924
    0.0000   -7.5000   30.000011436.9023   23.6468
    7.5000   -7.5000   30.000010953.2480   23.6035
   -7.5000    0.0000   30.000011954.9668   23.6639
    0.0000    0.0000   30.000012574.6055   23.6059
    7.5000    0.0000   30.000012052.4854   23.5602
   -7.5000    7.5000   30.000012188.1514   23.6539
    0.0000    7.5000   30.000012887.0312   23.5989
    7.5000    7.5000   30.000012398.6504   23.5588
   -7.5000   15.0000   30.000012223.5439   23.6490
    0.0000   15.0000   30.000012894.1074   23.6076
    7.5000   15.0000   30.000012426.8701   23.5750
   -7.5000   22.5000   30.000012056.9287   23.6449
    0.0000   22.5000   30.000012609.3818   23.6162
    7.5000   22.5000   30.000012174.7451   23.5863
   -7.5000   30.0000   30.000011792.6016   23.3684
    0.0000   30.0000   30.000012346.8311   23.3385
    7.5000   30.0000   30.000011929.0957   23.3040
   -7.5000   37.5000   30.000011990.8096   23.3654
    0.0000   37.5000   30.000012585.8330   23.3201
    7.5000   37.5000   30.000012143.3164   23.2773
   -7.5000   45.0000   30.000011621.1650   22.8092
    0.0000   45.0000   30.000012214.1455   22.7534
    7.5000   45.0000   30.000011746.7607   22.7093
   -7.5000  -45.0000   37.5000 5556.2900   27.2057
    0.0000  -45.0000   37.5000 5867.4629   27.1458
    7.5000  -45.0000   37.5000 5635.0425   27.0767
   -7.5000  -37.5000   37.5000 6270.8237   26.1053
    0.0000  -37.5000   37.5000 6643.3853   26.0563
    7.5000  -37.5000   37.5000 6349.9326   25.9992
   -7.5000  -30.0000   37.5000 7277.6538   25.2539
    0.0000  -30.0000   37.5000 7733.0029   25.2246
    7.5000  -30.0000   37.5000 7389.4771   25.1754
   -7.5000  -22.5000   37.5000 8299.5537   24.5567
    0.0000  -22.5000   37.5000 8797.4551   24.5363
    7.5000  -22.5000   37.5000 8420.0273   24.4888
   -7.5000  -15.0000   37.5000 9373.8838   24.3172
    0.0000  -15.0000   37.5000 9885.6328   24.2885
    7.5000  -15.0000   37.5000 9489.9531   24.2348
   -7.5000   -7.5000   37.500010430.6416   24.2216
    0.0000   -7.5000   37.500010970.6406   24.1738
    7.5000   -7.5000   37.500010528.5029   24.1147
   -7.5000    0.0000   37.500011466.3770   24.1896
    0.0000    0.0000   37.500012072.8555   24.1318
    7.5000    0.0000   37.500011588.2725   24.0739
   -7.5000    7.5000   37.500011677.2207   24.1897
    0.0000    7.5000   37.500012330.3389   24.1407
    7.5000    7.5000   37.500011863.1826   24.0885
   -7.5000   15.0000   37.500011707.4502   24.1961
    0.0000   15.0000   37.500012317.5488   24.1635
    7.5000   15.0000   37.500011861.1172   24.1160
   -7.5000   22.5000   37.500011578.3545   24.1934
    0.0000   22.5000   37.500012095.6797   24.1701
    7.5000   22.5000   37.500011664.1709   24.1221
   -7.5000   30.0000   37.500011313.1826   23.9013
    0.0000   30.0000   37.500011840.7324   23.8717
    7.5000   30.0000   37.500011421.2930   23.8186
   -7.5000   37.5000   37.500011461.8818   23.8864
    0.0000   37.5000   37.500012016.4785   23.8389
    7.5000   37.5000   37.500011586.4805   23.7805
   -7.5000   45.0000   37.500011137.0781   23.3160
    0.0000   45.0000   37.500011681.1133   23.2603
    7.5000   45.0000   37.500011230.7578   23.2044
   -7.5000  -45.0000   45.0000 5074.7275   27.9045
    0.0000  -45.0000   45.0000 5342.7144   27.8416
    7.5000  -45.0000   45.0000 5149.7920   27.7686
   -7.5000  -37.5000   45.0000 5736.8218   26.7431
    0.0000  -37.5000   45.0000 6038.4531   26.6991
    7.5000  -37.5000   45.0000 5796.1611   26.6418
   -7.5000  -30.0000   45.0000 6651.9502   25.8630
    0.0000  -30.0000   45.0000 7019.6240   25.8393
    7.5000  -30.0000   45.0000 6733.2100   25.7872
   -7.5000  -22.5000   45.0000 7574.6436   25.1398
    0.0000  -22.5000   45.0000 7979.0112   25.1181
    7.5000  -22.5000   45.0000 7670.4639   25.0613
   -7.5000  -15.0000   45.0000 8567.8193   24.8870
    0.0000  -15.0000   45.0000 9018.6816   24.8503
    7.5000  -15.0000   45.0000 8657.7148   24.7841
   -7.5000   -7.5000   45.0000 9543.2578   24.7744
    0.0000   -7.5000   45.000010049.6875   24.7187
    7.5000   -7.5000   45.0000 9645.1826   24.6515
   -7.5000    0.0000   45.000010498.9785   24.7307
    0.0000    0.0000   45.000011059.0127   24.6713
    7.5000    0.0000   45.000010618.4941   24.6114
   -7.5000    7.5000   45.000010696.0645   24.7326
    0.0000    7.5000   45.000011285.1895   24.6883
    7.5000    7.5000   45.000010838.1826   24.6363
   -7.5000   15.0000   45.000010740.5322   24.7499
    0.0000   15.0000   45.000011263.8096   24.7223
    7.5000   15.0000   45.000010835.7549   24.6721
   -7.5000   22.5000   45.000010613.1221   24.7567
    0.0000   22.5000   45.000011096.1406   24.7319
    7.5000   22.5000   45.000010691.4141   24.6750
   -7.5000   30.0000   45.000010376.3047   24.4553
    0.0000   30.0000   45.000010864.7402   24.4178
    7.5000   30.0000   45.000010468.6748   24.3526
   -7.5000   37.5000   45.000010506.4912   24.4283
    0.0000   37.5000   45.000011000.4688   24.3729
    7.5000   37.5000   45.000010600.7266   24.3067
   -7.5000   45.0000   45.000010221.2832   23.8484
    0.0000   45.0000   45.000010696.2969   23.7911
    7.5000   45.0000   45.000010291.5615   23.7333

---------------------------------------------------------------------
imgreg_4dfp /opt/freesurfer/average/711-2C_as_mni_average_305 /opt/freesurfer/average/711-2B_as_mni_average_305_mask talsrcimg_g11 none talsrcimg_to_711-2C_as_mni_average_305_t4 4355
---------------------------------------------------------------------

freesurfer imgreg_4dfp.c
/opt/freesurfer/average/711-2C_as_mni_average_305.4dfp.img
       256       256       256         1
  1.000000  1.000000  1.000000
orientation T byte_order littleendian
Reading image: /opt/freesurfer/average/711-2C_as_mni_average_305.4dfp.img
dimensions:      256       256       256
mmppix:       1.0000   -1.0000   -1.0000
center:     128.0000 -129.0000 -129.0000
/opt/freesurfer/average/711-2B_as_mni_average_305_mask.4dfp.img
       256       256       256         1
  1.000000  1.000000  1.000000
orientation T byte_order littleendian
Reading mask: /opt/freesurfer/average/711-2B_as_mni_average_305_mask.4dfp.img (2306576 pixels)
talsrcimg_g11.4dfp.img
       256       256       256         1
  1.000000  1.000000  1.000000
orientation T byte_order littleendian
Reading image: talsrcimg_g11.4dfp.img
dimensions:      256       256       256
mmppix:       1.0000   -1.0000   -1.0000
center:     128.0000 -129.0000 -129.0000
rotation matrix determinant  1.000000
image alignment mode   4355 decimal     1103 hex
   -7.5000  -30.0000  -45.0000 1851.9973   34.3504
    0.0000  -30.0000  -45.0000 1862.3297   33.8616
    7.5000  -30.0000  -45.0000 1853.8020   33.9084
   -7.5000  -22.5000  -45.0000 1980.5101   30.3290
    0.0000  -22.5000  -45.0000 1990.7577   29.8954
    7.5000  -22.5000  -45.0000 1980.6718   29.8368
   -7.5000  -15.0000  -45.0000 2086.5740   27.2039
    0.0000  -15.0000  -45.0000 2102.6421   26.8356
    7.5000  -15.0000  -45.0000 2095.7461   26.7901
   -7.5000   -7.5000  -45.0000 2193.5835   24.7501
    0.0000   -7.5000  -45.0000 2207.9419   24.5108
    7.5000   -7.5000  -45.0000 2204.2598   24.3832
   -7.5000    0.0000  -45.0000 2275.0171   22.8095
    0.0000    0.0000  -45.0000 2287.5503   22.6317
    7.5000    0.0000  -45.0000 2285.1252   22.5459
   -7.5000    7.5000  -45.0000 2338.8335   21.5016
    0.0000    7.5000  -45.0000 2355.6013   21.3087
    7.5000    7.5000  -45.0000 2343.6272   21.2703
   -7.5000   15.0000  -45.0000 2360.3215   20.6882
    0.0000   15.0000  -45.0000 2385.8999   20.4688
    7.5000   15.0000  -45.0000 2370.0735   20.4579
   -7.5000   22.5000  -45.0000 2375.3560   20.2597
    0.0000   22.5000  -45.0000 2401.9817   20.0298
    7.5000   22.5000  -45.0000 2385.1084   20.0133
   -7.5000   30.0000  -45.0000 2370.2312   20.3036
    0.0000   30.0000  -45.0000 2402.7427   20.0093
    7.5000   30.0000  -45.0000 2387.5818   19.9762
   -7.5000   37.5000  -45.0000 2360.1675   20.7035
    0.0000   37.5000  -45.0000 2390.2803   20.4145
    7.5000   37.5000  -45.0000 2379.3621   20.3817
   -7.5000   45.0000  -45.0000 2329.6973   21.4587
    0.0000   45.0000  -45.0000 2358.9800   21.1697
    7.5000   45.0000  -45.0000 2345.3447   21.1180
   -7.5000   52.5000  -45.0000 2264.1616   22.4200
    0.0000   52.5000  -45.0000 2287.9055   22.1401
    7.5000   52.5000  -45.0000 2278.5510   22.0534
   -7.5000   60.0000  -45.0000 2141.7339   23.5150
    0.0000   60.0000  -45.0000 2167.2886   23.2249
    7.5000   60.0000  -45.0000 2153.9329   23.1298
   -7.5000  -30.0000  -37.5000 1905.7057   32.3968
    0.0000  -30.0000  -37.5000 1915.8186   32.0777
    7.5000  -30.0000  -37.5000 1913.2312   32.0880
   -7.5000  -22.5000  -37.5000 2035.8026   28.6057
    0.0000  -22.5000  -37.5000 2048.0581   28.2720
    7.5000  -22.5000  -37.5000 2045.0635   28.1955
   -7.5000  -15.0000  -37.5000 2156.2222   25.6945
    0.0000  -15.0000  -37.5000 2175.2278   25.4246
    7.5000  -15.0000  -37.5000 2172.8284   25.3140
   -7.5000   -7.5000  -37.5000 2265.3489   23.2756
    0.0000   -7.5000  -37.5000 2285.6191   23.0384
    7.5000   -7.5000  -37.5000 2282.6208   22.9793
   -7.5000    0.0000  -37.5000 2353.0813   21.3863
    0.0000    0.0000  -37.5000 2376.8174   21.1745
    7.5000    0.0000  -37.5000 2365.4927   21.1318
   -7.5000    7.5000  -37.5000 2418.6223   20.1136
    0.0000    7.5000  -37.5000 2443.5676   19.9103
    7.5000    7.5000  -37.5000 2428.7214   19.9419
   -7.5000   15.0000  -37.5000 2448.9880   19.3039
    0.0000   15.0000  -37.5000 2476.5022   19.0672
    7.5000   15.0000  -37.5000 2461.7720   19.1263
   -7.5000   22.5000  -37.5000 2474.9814   18.8357
    0.0000   22.5000  -37.5000 2500.8367   18.5900
    7.5000   22.5000  -37.5000 2485.6792   18.6161
   -7.5000   30.0000  -37.5000 2476.9001   18.9071
    0.0000   30.0000  -37.5000 2502.2219   18.6077
    7.5000   30.0000  -37.5000 2492.2236   18.6447
   -7.5000   37.5000  -37.5000 2459.6274   19.2428
    0.0000   37.5000  -37.5000 2491.0137   18.9302
    7.5000   37.5000  -37.5000 2483.6758   18.9695
   -7.5000   45.0000  -37.5000 2426.0801   19.9100
    0.0000   45.0000  -37.5000 2459.4307   19.5966
    7.5000   45.0000  -37.5000 2450.9209   19.6183
   -7.5000   52.5000  -37.5000 2356.5376   20.7484
    0.0000   52.5000  -37.5000 2383.5386   20.4704
    7.5000   52.5000  -37.5000 2373.3977   20.4712
   -7.5000   60.0000  -37.5000 2230.8660   21.7226
    0.0000   60.0000  -37.5000 2256.6338   21.4699
    7.5000   60.0000  -37.5000 2247.1169   21.4919
   -7.5000  -30.0000  -30.0000 1983.1857   31.8933
    0.0000  -30.0000  -30.0000 1992.7544   31.5134
    7.5000  -30.0000  -30.0000 1994.4487   31.5042
   -7.5000  -22.5000  -30.0000 2123.4253   28.1103
    0.0000  -22.5000  -30.0000 2137.1636   27.8260
    7.5000  -22.5000  -30.0000 2137.0947   27.7569
   -7.5000  -15.0000  -30.0000 2254.0227   25.1497
    0.0000  -15.0000  -30.0000 2277.6089   24.9234
    7.5000  -15.0000  -30.0000 2272.6960   24.8457
   -7.5000   -7.5000  -30.0000 2370.9583   22.7643
    0.0000   -7.5000  -30.0000 2397.6851   22.5551
    7.5000   -7.5000  -30.0000 2389.0178   22.5282
   -7.5000    0.0000  -30.0000 2464.1948   20.8719
    0.0000    0.0000  -30.0000 2489.3564   20.6711
    7.5000    0.0000  -30.0000 2481.4412   20.6260
   -7.5000    7.5000  -30.0000 2536.4375   19.5301
    0.0000    7.5000  -30.0000 2559.3025   19.2762
    7.5000    7.5000  -30.0000 2554.5342   19.3059
   -7.5000   15.0000  -30.0000 2581.2207   18.6301
    0.0000   15.0000  -30.0000 2600.7900   18.3481
    7.5000   15.0000  -30.0000 2595.5542   18.4208
   -7.5000   22.5000  -30.0000 2615.1484   18.1537
    0.0000   22.5000  -30.0000 2634.3010   17.8691
    7.5000   22.5000  -30.0000 2625.3464   17.9359
   -7.5000   30.0000  -30.0000 2620.3770   18.2045
    0.0000   30.0000  -30.0000 2641.4634   17.9405
    7.5000   30.0000  -30.0000 2636.4961   17.9957
   -7.5000   37.5000  -30.0000 2600.0154   18.5435
    0.0000   37.5000  -30.0000 2629.5911   18.2611
    7.5000   37.5000  -30.0000 2624.1729   18.3446
   -7.5000   45.0000  -30.0000 2562.3501   19.1934
    0.0000   45.0000  -30.0000 2600.0186   18.9097
    7.5000   45.0000  -30.0000 2592.6426   18.9631
   -7.5000   52.5000  -30.0000 2483.1501   19.9493
    0.0000   52.5000  -30.0000 2518.6929   19.7047
    7.5000   52.5000  -30.0000 2509.9355   19.7606
   -7.5000   60.0000  -30.0000 2353.7527   20.8785
    0.0000   60.0000  -30.0000 2387.5627   20.6162
    7.5000   60.0000  -30.0000 2379.4299   20.6851
   -7.5000  -30.0000  -22.5000 2038.1779   31.1425
    0.0000  -30.0000  -22.5000 2053.0730   30.8302
    7.5000  -30.0000  -22.5000 2052.0742   30.7831
   -7.5000  -22.5000  -22.5000 2185.2678   27.4159
    0.0000  -22.5000  -22.5000 2206.0801   27.1315
    7.5000  -22.5000  -22.5000 2205.2546   27.0909
   -7.5000  -15.0000  -22.5000 2320.2725   24.4526
    0.0000  -15.0000  -22.5000 2349.5212   24.2031
    7.5000  -15.0000  -22.5000 2345.9158   24.1928
   -7.5000   -7.5000  -22.5000 2437.8645   22.0618
    0.0000   -7.5000  -22.5000 2469.8757   21.8349
    7.5000   -7.5000  -22.5000 2462.4336   21.8448
   -7.5000    0.0000  -22.5000 2539.8699   20.2042
    0.0000    0.0000  -22.5000 2564.8516   19.9537
    7.5000    0.0000  -22.5000 2561.3762   19.9715
   -7.5000    7.5000  -22.5000 2624.5034   18.8556
    0.0000    7.5000  -22.5000 2650.2595   18.5983
    7.5000    7.5000  -22.5000 2649.0818   18.5981
   -7.5000   15.0000  -22.5000 2676.3645   17.8863
    0.0000   15.0000  -22.5000 2697.3340   17.5909
    7.5000   15.0000  -22.5000 2696.6465   17.6348
   -7.5000   22.5000  -22.5000 2708.1472   17.3239
    0.0000   22.5000  -22.5000 2733.7483   17.0344
    7.5000   22.5000  -22.5000 2728.1794   17.1115
   -7.5000   30.0000  -22.5000 2718.6704   17.3052
    0.0000   30.0000  -22.5000 2749.3201   17.0770
    7.5000   30.0000  -22.5000 2746.5947   17.1375
   -7.5000   37.5000  -22.5000 2710.8755   17.6872
    0.0000   37.5000  -22.5000 2747.0105   17.4611
    7.5000   37.5000  -22.5000 2741.5278   17.5193
   -7.5000   45.0000  -22.5000 2672.2710   18.3445
    0.0000   45.0000  -22.5000 2710.7368   18.0678
    7.5000   45.0000  -22.5000 2705.6392   18.1488
   -7.5000   52.5000  -22.5000 2589.6965   19.1244
    0.0000   52.5000  -22.5000 2623.1294   18.8091
    7.5000   52.5000  -22.5000 2620.7683   18.9199
   -7.5000   60.0000  -22.5000 2453.0029   19.9950
    0.0000   60.0000  -22.5000 2482.6104   19.6849
    7.5000   60.0000  -22.5000 2483.0105   19.7911
   -7.5000  -30.0000  -15.0000 2073.7490   30.3788
    0.0000  -30.0000  -15.0000 2094.2607   30.0626
    7.5000  -30.0000  -15.0000 2086.9980   30.0759
   -7.5000  -22.5000  -15.0000 2221.4087   26.7145
    0.0000  -22.5000  -15.0000 2246.8701   26.3726
    7.5000  -22.5000  -15.0000 2239.7141   26.4133
   -7.5000  -15.0000  -15.0000 2354.0056   23.7148
    0.0000  -15.0000  -15.0000 2382.3042   23.4396
    7.5000  -15.0000  -15.0000 2376.4341   23.4414
   -7.5000   -7.5000  -15.0000 2471.6077   21.3804
    0.0000   -7.5000  -15.0000 2503.4255   21.1283
    7.5000   -7.5000  -15.0000 2497.9758   21.1507
   -7.5000    0.0000  -15.0000 2583.2363   19.5660
    0.0000    0.0000  -15.0000 2613.5200   19.3118
    7.5000    0.0000  -15.0000 2608.3425   19.3370
   -7.5000    7.5000  -15.0000 2675.0764   18.1855
    0.0000    7.5000  -15.0000 2703.8433   17.9496
    7.5000    7.5000  -15.0000 2703.8145   17.9706
   -7.5000   15.0000  -15.0000 2733.9126   17.1840
    0.0000   15.0000  -15.0000 2764.8599   16.9450
    7.5000   15.0000  -15.0000 2762.8899   16.9843
   -7.5000   22.5000  -15.0000 2765.8440   16.5296
    0.0000   22.5000  -15.0000 2793.6780   16.2510
    7.5000   22.5000  -15.0000 2788.2556   16.3420
   -7.5000   30.0000  -15.0000 2787.3176   16.4319
    0.0000   30.0000  -15.0000 2821.4868   16.1898
    7.5000   30.0000  -15.0000 2815.1375   16.2729
   -7.5000   37.5000  -15.0000 2787.0188   16.8855
    0.0000   37.5000  -15.0000 2822.6702   16.5907
    7.5000   37.5000  -15.0000 2820.3301   16.6861
   -7.5000   45.0000  -15.0000 2753.6802   17.5382
    0.0000   45.0000  -15.0000 2781.0232   17.1946
    7.5000   45.0000  -15.0000 2783.4221   17.3210
   -7.5000   52.5000  -15.0000 2664.5500   18.2955
    0.0000   52.5000  -15.0000 2694.0645   17.9537
    7.5000   52.5000  -15.0000 2695.2334   18.0567
   -7.5000   60.0000  -15.0000 2526.5510   19.1637
    0.0000   60.0000  -15.0000 2553.6448   18.8188
    7.5000   60.0000  -15.0000 2553.9912   18.9442
   -7.5000  -30.0000   -7.5000 2083.8345   29.7771
    0.0000  -30.0000   -7.5000 2102.0564   29.4575
    7.5000  -30.0000   -7.5000 2102.8865   29.6090
   -7.5000  -22.5000   -7.5000 2226.7686   26.0718
    0.0000  -22.5000   -7.5000 2256.0183   25.7723
    7.5000  -22.5000   -7.5000 2245.4724   25.7833
   -7.5000  -15.0000   -7.5000 2363.5112   23.1234
    0.0000  -15.0000   -7.5000 2397.3203   22.8412
    7.5000  -15.0000   -7.5000 2387.3677   22.8706
   -7.5000   -7.5000   -7.5000 2488.7351   20.8311
    0.0000   -7.5000   -7.5000 2524.7058   20.5309
    7.5000   -7.5000   -7.5000 2516.8215   20.5850
   -7.5000    0.0000   -7.5000 2603.6013   19.0534
    0.0000    0.0000   -7.5000 2641.4983   18.7617
    7.5000    0.0000   -7.5000 2632.0354   18.8274
   -7.5000    7.5000   -7.5000 2707.3096   17.6829
    0.0000    7.5000   -7.5000 2741.2180   17.4407
    7.5000    7.5000   -7.5000 2733.2378   17.4881
   -7.5000   15.0000   -7.5000 2780.4099   16.6753
    0.0000   15.0000   -7.5000 2817.3599   16.4586
    7.5000   15.0000   -7.5000 2806.9590   16.4936
   -7.5000   22.5000   -7.5000 2823.5195   15.9609
    0.0000   22.5000   -7.5000 2853.2429   15.6422
    7.5000   22.5000   -7.5000 2841.6694   15.7635
   -7.5000   30.0000   -7.5000 2850.2632   15.7534
    0.0000   30.0000   -7.5000 2876.8645   15.3934
    7.5000   30.0000   -7.5000 2870.2788   15.5494
   -7.5000   37.5000   -7.5000 2844.7444   16.1654
    0.0000   37.5000   -7.5000 2874.5962   15.7865
    7.5000   37.5000   -7.5000 2875.9546   15.9241
   -7.5000   45.0000   -7.5000 2807.3796   16.8105
    0.0000   45.0000   -7.5000 2835.1804   16.3954
    7.5000   45.0000   -7.5000 2837.9277   16.5387
   -7.5000   52.5000   -7.5000 2723.4502   17.6064
    0.0000   52.5000   -7.5000 2746.2822   17.1702
    7.5000   52.5000   -7.5000 2748.0054   17.3249
   -7.5000   60.0000   -7.5000 2577.8108   18.5215
    0.0000   60.0000   -7.5000 2602.9075   18.0996
    7.5000   60.0000   -7.5000 2602.1282   18.2705
   -7.5000  -30.0000    0.0000 2078.4377   29.8899
    0.0000  -30.0000    0.0000 2098.3782   29.3820
    7.5000  -30.0000    0.0000 2098.3643   29.5684
   -7.5000  -22.5000    0.0000 2226.7388   26.0472
    0.0000  -22.5000    0.0000 2247.8193   25.6114
    7.5000  -22.5000    0.0000 2246.6506   25.7319
   -7.5000  -15.0000    0.0000 2359.3855   23.0235
    0.0000  -15.0000    0.0000 2384.0066   22.6369
    7.5000  -15.0000    0.0000 2384.2742   22.7279
   -7.5000   -7.5000    0.0000 2480.2375   20.6952
    0.0000   -7.5000    0.0000 2514.1560   20.3873
    7.5000   -7.5000    0.0000 2511.8696   20.3904
   -7.5000    0.0000    0.0000 2593.4155   18.8653
    0.0000    0.0000    0.0000 2630.1296   18.5751
    7.5000    0.0000    0.0000 2626.1689   18.6222
   -7.5000    7.5000    0.0000 2701.1836   17.4611
    0.0000    7.5000    0.0000 2738.7324   17.2107
    7.5000    7.5000    0.0000 2731.8298   17.2221
   -7.5000   15.0000    0.0000 2792.7566   16.4412
    0.0000   15.0000    0.0000 2841.3745   16.2804
    7.5000   15.0000    0.0000 2829.6021   16.2464
   -7.5000   22.5000    0.0000 2853.3777   15.7277
    0.0000   22.5000    0.0000 2901.3105   15.4696
    7.5000   22.5000    0.0000 2883.1736   15.5137
   -7.5000   30.0000    0.0000 2886.0999   15.3985
    0.0000   30.0000    0.0000 2918.9939   14.9791
    7.5000   30.0000    0.0000 2907.3376   15.2040
   -7.5000   37.5000    0.0000 2872.1663   15.7109
    0.0000   37.5000    0.0000 2910.9812   15.3135
    7.5000   37.5000    0.0000 2905.4421   15.4968
   -7.5000   45.0000    0.0000 2833.9241   16.3599
    0.0000   45.0000    0.0000 2872.6931   15.9490
    7.5000   45.0000    0.0000 2863.5737   16.1018
   -7.5000   52.5000    0.0000 2753.0002   17.1868
    0.0000   52.5000    0.0000 2790.3687   16.8059
    7.5000   52.5000    0.0000 2782.8181   16.9121
   -7.5000   60.0000    0.0000 2606.4236   18.1290
    0.0000   60.0000    0.0000 2637.3228   17.7888
    7.5000   60.0000    0.0000 2631.2920   17.8797
   -7.5000  -30.0000    7.5000 2062.9829   30.3053
    0.0000  -30.0000    7.5000 2081.4014   29.7171
    7.5000  -30.0000    7.5000 2082.0730   29.8276
   -7.5000  -22.5000    7.5000 2204.3533   26.3072
    0.0000  -22.5000    7.5000 2223.4319   25.8251
    7.5000  -22.5000    7.5000 2223.0725   25.9075
   -7.5000  -15.0000    7.5000 2334.2993   23.2614
    0.0000  -15.0000    7.5000 2356.6511   22.7774
    7.5000  -15.0000    7.5000 2355.1509   22.8413
   -7.5000   -7.5000    7.5000 2460.3811   20.9041
    0.0000   -7.5000    7.5000 2484.4302   20.4431
    7.5000   -7.5000    7.5000 2487.2004   20.5160
   -7.5000    0.0000    7.5000 2575.0149   19.0372
    0.0000    0.0000    7.5000 2598.5591   18.5849
    7.5000    0.0000    7.5000 2604.2947   18.7000
   -7.5000    7.5000    7.5000 2690.8328   17.5998
    0.0000    7.5000    7.5000 2714.2043   17.1639
    7.5000    7.5000    7.5000 2720.9517   17.2903
   -7.5000   15.0000    7.5000 2794.0117   16.6129
    0.0000   15.0000    7.5000 2827.8755   16.3088
    7.5000   15.0000    7.5000 2833.2915   16.3686
   -7.5000   22.5000    7.5000 2866.1597   15.8855
    0.0000   22.5000    7.5000 2921.6460   15.6511
    7.5000   22.5000    7.5000 2907.4075   15.6879
   -7.5000   30.0000    7.5000 2907.7097   15.4771
    0.0000   30.0000    7.5000 2968.5413   15.1409
    7.5000   30.0000    7.5000 2935.1694   15.2301
   -7.5000   37.5000    7.5000 2894.1826   15.6052
    0.0000   37.5000    7.5000 2939.4170   15.1815
    7.5000   37.5000    7.5000 2913.9700   15.2987
   -7.5000   45.0000    7.5000 2845.3264   16.1701
    0.0000   45.0000    7.5000 2893.8757   15.7631
    7.5000   45.0000    7.5000 2872.0352   15.8500
   -7.5000   52.5000    7.5000 2755.8674   17.0052
    0.0000   52.5000    7.5000 2792.4326   16.6671
    7.5000   52.5000    7.5000 2784.6609   16.6899
   -7.5000   60.0000    7.5000 2614.7642   17.9962
    0.0000   60.0000    7.5000 2641.7620   17.6672
    7.5000   60.0000    7.5000 2637.8267   17.6884
   -7.5000  -30.0000   15.0000 2033.2573   31.2364
    0.0000  -30.0000   15.0000 2048.9358   30.5354
    7.5000  -30.0000   15.0000 2054.4094   30.7490
   -7.5000  -22.5000   15.0000 2177.1716   26.9732
    0.0000  -22.5000   15.0000 2191.8254   26.2729
    7.5000  -22.5000   15.0000 2195.9834   26.4948
   -7.5000  -15.0000   15.0000 2303.0735   23.6827
    0.0000  -15.0000   15.0000 2319.9690   23.0019
    7.5000  -15.0000   15.0000 2327.6111   23.2238
   -7.5000   -7.5000   15.0000 2426.7002   21.2185
    0.0000   -7.5000   15.0000 2437.4438   20.5164
    7.5000   -7.5000   15.0000 2448.2004   20.7433
   -7.5000    0.0000   15.0000 2544.1553   19.3922
    0.0000    0.0000   15.0000 2550.1494   18.7524
    7.5000    0.0000   15.0000 2567.3657   18.9582
   -7.5000    7.5000   15.0000 2665.7449   18.0061
    0.0000    7.5000   15.0000 2678.3833   17.4741
    7.5000    7.5000   15.0000 2695.1519   17.6632
   -7.5000   15.0000   15.0000 2770.7507   17.0975
    0.0000   15.0000   15.0000 2803.3372   16.7371
    7.5000   15.0000   15.0000 2809.9880   16.8787
   -7.5000   22.5000   15.0000 2843.9624   16.2590
    0.0000   22.5000   15.0000 2899.5486   16.0169
    7.5000   22.5000   15.0000 2887.7009   16.1075
   -7.5000   30.0000   15.0000 2894.1975   15.8386
    0.0000   30.0000   15.0000 2948.6270   15.4785
    7.5000   30.0000   15.0000 2924.1418   15.6084
   -7.5000   37.5000   15.0000 2890.3823   15.8578
    0.0000   37.5000   15.0000 2948.4490   15.5702
    7.5000   37.5000   15.0000 2923.7107   15.6022
   -7.5000   45.0000   15.0000 2840.5161   16.3312
    0.0000   45.0000   15.0000 2897.2744   16.0696
    7.5000   45.0000   15.0000 2875.2007   16.0971
   -7.5000   52.5000   15.0000 2741.2217   17.1156
    0.0000   52.5000   15.0000 2775.4331   16.8446
    7.5000   52.5000   15.0000 2768.0427   16.8501
   -7.5000   60.0000   15.0000 2596.5615   18.0830
    0.0000   60.0000   15.0000 2624.2083   17.7592
    7.5000   60.0000   15.0000 2622.2041   17.7689
   -7.5000  -30.0000   22.5000 1996.0519   32.2812
    0.0000  -30.0000   22.5000 2002.4772   31.4953
    7.5000  -30.0000   22.5000 2015.4478   31.7439
   -7.5000  -22.5000   22.5000 2144.8718   27.7649
    0.0000  -22.5000   22.5000 2156.0281   27.0261
    7.5000  -22.5000   22.5000 2165.3301   27.2184
   -7.5000  -15.0000   22.5000 2274.4727   24.4134
    0.0000  -15.0000   22.5000 2285.4604   23.6956
    7.5000  -15.0000   22.5000 2295.8826   23.9211
   -7.5000   -7.5000   22.5000 2400.8469   21.9328
    0.0000   -7.5000   22.5000 2409.8638   21.2844
    7.5000   -7.5000   22.5000 2417.3884   21.5200
   -7.5000    0.0000   22.5000 2519.2356   20.1313
    0.0000    0.0000   22.5000 2526.4639   19.5355
    7.5000    0.0000   22.5000 2536.5264   19.7598
   -7.5000    7.5000   22.5000 2641.4900   18.8075
    0.0000    7.5000   22.5000 2651.0598   18.2499
    7.5000    7.5000   22.5000 2666.1487   18.4591
   -7.5000   15.0000   22.5000 2736.3108   17.7430
    0.0000   15.0000   22.5000 2763.5095   17.3048
    7.5000   15.0000   22.5000 2773.8274   17.4798
   -7.5000   22.5000   22.5000 2810.5320   16.8633
    0.0000   22.5000   22.5000 2849.0559   16.3517
    7.5000   22.5000   22.5000 2848.5085   16.5771
   -7.5000   30.0000   22.5000 2858.2395   16.4332
    0.0000   30.0000   22.5000 2898.1235   15.9445
    7.5000   30.0000   22.5000 2892.4092   16.1242
   -7.5000   37.5000   22.5000 2861.9583   16.4828
    0.0000   37.5000   22.5000 2915.2957   16.1171
    7.5000   37.5000   22.5000 2905.0652   16.2274
   -7.5000   45.0000   22.5000 2821.2603   17.0119
    0.0000   45.0000   22.5000 2874.7151   16.7056
    7.5000   45.0000   22.5000 2861.5093   16.7807
   -7.5000   52.5000   22.5000 2723.3269   17.7496
    0.0000   52.5000   22.5000 2759.9922   17.4700
    7.5000   52.5000   22.5000 2757.8818   17.5269
   -7.5000   60.0000   22.5000 2568.9468   18.5981
    0.0000   60.0000   22.5000 2603.0596   18.3338
    7.5000   60.0000   22.5000 2599.3003   18.3497
   -7.5000  -30.0000   30.0000 1945.7511   33.6598
    0.0000  -30.0000   30.0000 1959.0538   33.0068
    7.5000  -30.0000   30.0000 1959.1337   33.0190
   -7.5000  -22.5000   30.0000 2101.5288   29.0559
    0.0000  -22.5000   30.0000 2112.7520   28.3953
    7.5000  -22.5000   30.0000 2113.5071   28.5021
   -7.5000  -15.0000   30.0000 2238.1934   25.5793
    0.0000  -15.0000   30.0000 2253.4045   25.0170
    7.5000  -15.0000   30.0000 2251.2478   25.1225
   -7.5000   -7.5000   30.0000 2365.3811   23.0567
    0.0000   -7.5000   30.0000 2386.3079   22.5069
    7.5000   -7.5000   30.0000 2378.1548   22.6457
   -7.5000    0.0000   30.0000 2481.5200   21.1499
    0.0000    0.0000   30.0000 2501.1511   20.5723
    7.5000    0.0000   30.0000 2495.7642   20.7921
   -7.5000    7.5000   30.0000 2595.7161   19.6982
    0.0000    7.5000   30.0000 2612.1042   19.1163
    7.5000    7.5000   30.0000 2619.1250   19.3330
   -7.5000   15.0000   30.0000 2687.6726   18.4778
    0.0000   15.0000   30.0000 2708.8457   17.9045
    7.5000   15.0000   30.0000 2713.5078   18.1217
   -7.5000   22.5000   30.0000 2759.4038   17.5878
    0.0000   22.5000   30.0000 2782.0842   16.9488
    7.5000   22.5000   30.0000 2782.0317   17.2103
   -7.5000   30.0000   30.0000 2795.6301   17.1295
    0.0000   30.0000   30.0000 2829.2097   16.6562
    7.5000   30.0000   30.0000 2828.3467   16.8406
   -7.5000   37.5000   30.0000 2804.9226   17.1738
    0.0000   37.5000   30.0000 2847.4092   16.7943
    7.5000   37.5000   30.0000 2843.2822   16.9332
   -7.5000   45.0000   30.0000 2766.7363   17.7243
    0.0000   45.0000   30.0000 2805.4968   17.3860
    7.5000   45.0000   30.0000 2796.3081   17.4970
   -7.5000   52.5000   30.0000 2677.3477   18.5044
    0.0000   52.5000   30.0000 2719.3257   18.1552
    7.5000   52.5000   30.0000 2707.8782   18.2384
   -7.5000   60.0000   30.0000 2532.5698   19.4258
    0.0000   60.0000   30.0000 2568.0774   19.1053
    7.5000   60.0000   30.0000 2561.6226   19.1560
   -7.5000  -30.0000   37.5000 1896.1403   35.7011
    0.0000  -30.0000   37.5000 1905.9626   35.1420
    7.5000  -30.0000   37.5000 1905.4156   35.1721
   -7.5000  -22.5000   37.5000 2051.5605   30.6911
    0.0000  -22.5000   37.5000 2061.7881   30.1031
    7.5000  -22.5000   37.5000 2060.7036   30.1819
   -7.5000  -15.0000   37.5000 2192.7056   27.0416
    0.0000  -15.0000   37.5000 2205.5996   26.3959
    7.5000  -15.0000   37.5000 2202.3813   26.5111
   -7.5000   -7.5000   37.5000 2318.1101   24.3264
    0.0000   -7.5000   37.5000 2334.8391   23.6670
    7.5000   -7.5000   37.5000 2330.1099   23.8736
   -7.5000    0.0000   37.5000 2432.1396   22.2725
    0.0000    0.0000   37.5000 2451.5117   21.6834
    7.5000    0.0000   37.5000 2448.2993   21.8742
   -7.5000    7.5000   37.5000 2538.9600   20.6539
    0.0000    7.5000   37.5000 2560.3730   20.0674
    7.5000    7.5000   37.5000 2560.8381   20.2907
   -7.5000   15.0000   37.5000 2626.5161   19.4250
    0.0000   15.0000   37.5000 2647.9539   18.7617
    7.5000   15.0000   37.5000 2649.6511   18.9921
   -7.5000   22.5000   37.5000 2693.8418   18.5219
    0.0000   22.5000   37.5000 2712.6760   17.9050
    7.5000   22.5000   37.5000 2712.4202   18.1263
   -7.5000   30.0000   37.5000 2726.1389   18.0824
    0.0000   30.0000   37.5000 2748.5393   17.6034
    7.5000   30.0000   37.5000 2749.7678   17.7641
   -7.5000   37.5000   37.5000 2726.8923   18.1138
    0.0000   37.5000   37.5000 2761.8184   17.7274
    7.5000   37.5000   37.5000 2760.7292   17.8390
   -7.5000   45.0000   37.5000 2688.7688   18.6387
    0.0000   45.0000   37.5000 2724.3508   18.2314
    7.5000   45.0000   37.5000 2721.0820   18.3644
   -7.5000   52.5000   37.5000 2610.7351   19.3840
    0.0000   52.5000   37.5000 2648.3525   18.9829
    7.5000   52.5000   37.5000 2637.7688   19.0934
   -7.5000   60.0000   37.5000 2481.0381   20.2511
    0.0000   60.0000   37.5000 2512.8057   19.9434
    7.5000   60.0000   37.5000 2505.7236   20.0072
   -7.5000  -30.0000   45.0000 1829.6852   37.9641
    0.0000  -30.0000   45.0000 1839.3855   37.2922
    7.5000  -30.0000   45.0000 1836.9495   37.2895
   -7.5000  -22.5000   45.0000 1985.5470   32.5613
    0.0000  -22.5000   45.0000 1996.4463   31.8702
    7.5000  -22.5000   45.0000 1995.1154   31.9628
   -7.5000  -15.0000   45.0000 2128.1929   28.6145
    0.0000  -15.0000   45.0000 2146.7395   27.9443
    7.5000  -15.0000   45.0000 2141.5249   28.0111
   -7.5000   -7.5000   45.0000 2253.5571   25.7357
    0.0000   -7.5000   45.0000 2278.5837   25.0792
    7.5000   -7.5000   45.0000 2269.3064   25.2030
   -7.5000    0.0000   45.0000 2370.2393   23.5770
    0.0000    0.0000   45.0000 2392.9849   22.9695
    7.5000    0.0000   45.0000 2387.3958   23.1182
   -7.5000    7.5000   45.0000 2471.4465   21.9458
    0.0000    7.5000   45.0000 2493.6619   21.3118
    7.5000    7.5000   45.0000 2487.8433   21.4722
   -7.5000   15.0000   45.0000 2552.0281   20.6239
    0.0000   15.0000   45.0000 2572.8845   19.9925
    7.5000   15.0000   45.0000 2568.7480   20.2018
   -7.5000   22.5000   45.0000 2607.5696   19.6930
    0.0000   22.5000   45.0000 2625.9246   19.1249
    7.5000   22.5000   45.0000 2624.0889   19.3061
   -7.5000   30.0000   45.0000 2633.7803   19.2486
    0.0000   30.0000   45.0000 2658.0237   18.8038
    7.5000   30.0000   45.0000 2659.1736   18.9230
   -7.5000   37.5000   45.0000 2637.2170   19.3460
    0.0000   37.5000   45.0000 2666.3181   18.9510
    7.5000   37.5000   45.0000 2667.2146   19.0187
   -7.5000   45.0000   45.0000 2606.4648   19.8103
    0.0000   45.0000   45.0000 2633.6902   19.4276
    7.5000   45.0000   45.0000 2633.1565   19.5212
   -7.5000   52.5000   45.0000 2531.9148   20.4719
    0.0000   52.5000   45.0000 2572.3855   20.0817
    7.5000   52.5000   45.0000 2563.9277   20.1928
   -7.5000   60.0000   45.0000 2407.8157   21.2984
    0.0000   60.0000   45.0000 2439.8994   20.9503
    7.5000   60.0000   45.0000 2434.2183   20.9876

---------------------------------------------------------------------
imgreg_4dfp /opt/freesurfer/average/711-2C_as_mni_average_305 /opt/freesurfer/average/711-2B_as_mni_average_305_mask talsrcimg_g11 none talsrcimg_to_711-2C_as_mni_average_305_t4 1283
---------------------------------------------------------------------

freesurfer imgreg_4dfp.c
/opt/freesurfer/average/711-2C_as_mni_average_305.4dfp.img
       256       256       256         1
  1.000000  1.000000  1.000000
orientation T byte_order littleendian
Reading image: /opt/freesurfer/average/711-2C_as_mni_average_305.4dfp.img
dimensions:      256       256       256
mmppix:       1.0000   -1.0000   -1.0000
center:     128.0000 -129.0000 -129.0000
/opt/freesurfer/average/711-2B_as_mni_average_305_mask.4dfp.img
       256       256       256         1
  1.000000  1.000000  1.000000
orientation T byte_order littleendian
Reading mask: /opt/freesurfer/average/711-2B_as_mni_average_305_mask.4dfp.img (2306576 pixels)
talsrcimg_g11.4dfp.img
       256       256       256         1
  1.000000  1.000000  1.000000
orientation T byte_order littleendian
Reading image: talsrcimg_g11.4dfp.img
dimensions:      256       256       256
mmppix:       1.0000   -1.0000   -1.0000
center:     128.0000 -129.0000 -129.0000
rotation matrix determinant  1.000000
fimgreg.f
image alignment mode   1283 decimal      503 hex
parameters
    0.0000   30.0000    7.5000    0.0000    0.0000    0.0000
eta,q 0.93059 15.20078
niter,ni,del,rscale     5    3   12.0000    1.2000
parameter  4  1.158828 ->  0.500000 qaram    1.1500
parameters
    1.1177   29.8894    9.7485   -3.4500   -0.4445   -1.1543
eta,q 0.93833 15.31066
  0.0881  0.0763  0.0848  0.0630  0.0690  0.0666
  0.0793  0.0695  0.0790  0.0620  0.0657  0.0636
  0.0715  0.0665  0.0714  0.0637  0.0631  0.0618
  0.0669  0.0665  0.0663  0.0662  0.0623  0.0622
  0.0678  0.0687  0.0660  0.0674  0.0637  0.0644
  0.0727  0.0716  0.0669  0.0695  0.0673  0.0674
  0.0766  0.0752  0.0702  0.0727  0.0711  0.0710
niter,ni,del,rscale     5    3   12.0000    1.2000
parameters
    1.0187   30.4873    9.1832   -3.8448   -0.1598   -1.1900
eta,q 0.93915 15.24693
  0.0776  0.0779  0.0748  0.0689  0.0696  0.0679
  0.0713  0.0699  0.0649  0.0653  0.0660  0.0643
  0.0652  0.0638  0.0607  0.0613  0.0629  0.0616
  0.0617  0.0617  0.0619  0.0612  0.0609  0.0609
  0.0644  0.0639  0.0658  0.0643  0.0618  0.0620
  0.0724  0.0686  0.0718  0.0670  0.0646  0.0645
  0.0787  0.0711  0.0766  0.0694  0.0686  0.0679
niter,ni,del,rscale     4    3   12.0000    1.2000
parameters
    0.8540   30.7201    9.0874   -4.2189    0.0812   -1.1022
eta,q 0.93912 15.24373
  0.0772  0.0755  0.0776  0.0684  0.0695  0.0678
  0.0708  0.0676  0.0673  0.0656  0.0659  0.0643
  0.0643  0.0620  0.0611  0.0616  0.0626  0.0616
  0.0609  0.0609  0.0611  0.0610  0.0609  0.0609
  0.0642  0.0643  0.0644  0.0639  0.0619  0.0618
  0.0725  0.0690  0.0704  0.0669  0.0646  0.0641
  0.0789  0.0710  0.0760  0.0692  0.0687  0.0673
niter,ni,del,rscale     3    3   12.0000    1.2000
parameters
    0.7108   30.9157    9.0411   -4.5826    0.2457   -1.0043
eta,q 0.93898 15.24818
  0.0773  0.0752  0.0780  0.0682  0.0695  0.0677
  0.0710  0.0671  0.0678  0.0659  0.0658  0.0642
  0.0645  0.0617  0.0613  0.0620  0.0625  0.0617
  0.0609  0.0610  0.0611  0.0611  0.0610  0.0610
  0.0640  0.0645  0.0643  0.0637  0.0621  0.0618
  0.0724  0.0691  0.0704  0.0669  0.0648  0.0640
  0.0790  0.0706  0.0761  0.0693  0.0690  0.0671
niter,ni,del,rscale     2    3   12.0000    1.2000
parameters
    0.6051   31.0926    9.0130   -4.9481    0.3460   -0.9142
eta,q 0.93887 15.25648
  0.0775  0.0748  0.0782  0.0679  0.0696  0.0674
  0.0713  0.0667  0.0682  0.0662  0.0659  0.0642
  0.0649  0.0615  0.0616  0.0625  0.0625  0.0619
  0.0610  0.0611  0.0612  0.0612  0.0612  0.0612
  0.0637  0.0648  0.0644  0.0636  0.0624  0.0619
  0.0722  0.0691  0.0704  0.0669  0.0650  0.0640
  0.0791  0.0701  0.0762  0.0693  0.0693  0.0670
niter,ni,del,rscale     1    3   12.0000    1.2000
parameters
    0.5338   31.2970    8.9960   -5.3236    0.4267   -0.8282
eta,q 0.93866 15.26457
  0.0778  0.0745  0.0782  0.0676  0.0699  0.0673
  0.0715  0.0662  0.0684  0.0663  0.0662  0.0644
  0.0652  0.0614  0.0619  0.0629  0.0627  0.0622
  0.0611  0.0612  0.0614  0.0614  0.0613  0.0613
  0.0635  0.0648  0.0644  0.0635  0.0627  0.0620
  0.0721  0.0689  0.0705  0.0668  0.0654  0.0640
  0.0792  0.0694  0.0763  0.0692  0.0697  0.0671
registration optimization eta report
parameter search radius
    6.0000    6.0000    6.0000    6.9000    6.0000    6.0000
100000*second partial in parameter space
       46.       29.       44.       13.       23.       16.
  0.0778  0.0745  0.0782  0.0676  0.0699  0.0673
  0.0715  0.0662  0.0684  0.0663  0.0662  0.0644
  0.0652  0.0614  0.0619  0.0629  0.0627  0.0622
  0.0611  0.0612  0.0614  0.0614  0.0613  0.0613
  0.0635  0.0648  0.0644  0.0635  0.0627  0.0620
  0.0721  0.0689  0.0705  0.0668  0.0654  0.0640
  0.0792  0.0694  0.0763  0.0692  0.0697  0.0671
    0.5338   31.2970    8.9960   -5.3236    0.4267   -0.8282
eta,q 0.93866 15.26457

---------------------------------------------------------------------
imgreg_4dfp /opt/freesurfer/average/711-2C_as_mni_average_305 /opt/freesurfer/average/711-2B_as_mni_average_305_mask talsrcimg_g11 none talsrcimg_to_711-2C_as_mni_average_305_t4 3335
---------------------------------------------------------------------

freesurfer imgreg_4dfp.c
/opt/freesurfer/average/711-2C_as_mni_average_305.4dfp.img
       256       256       256         1
  1.000000  1.000000  1.000000
orientation T byte_order littleendian
Reading image: /opt/freesurfer/average/711-2C_as_mni_average_305.4dfp.img
dimensions:      256       256       256
mmppix:       1.0000   -1.0000   -1.0000
center:     128.0000 -129.0000 -129.0000
/opt/freesurfer/average/711-2B_as_mni_average_305_mask.4dfp.img
       256       256       256         1
  1.000000  1.000000  1.000000
orientation T byte_order littleendian
Reading mask: /opt/freesurfer/average/711-2B_as_mni_average_305_mask.4dfp.img (2306576 pixels)
talsrcimg_g11.4dfp.img
       256       256       256         1
  1.000000  1.000000  1.000000
orientation T byte_order littleendian
Reading image: talsrcimg_g11.4dfp.img
dimensions:      256       256       256
mmppix:       1.0000   -1.0000   -1.0000
center:     128.0000 -129.0000 -129.0000
fimgreg.f
image alignment mode   3335 decimal      D07 hex
parameters
    0.5338   31.2970    8.9960   -0.0132   -0.4427   -0.4341
    1.5082   -0.6073   -1.4453    9.2878    0.7447   -9.2778
eta,q 0.93663 15.29712
niter,ni,del,rscale     5    3    5.0000    1.2000
parameter  2 -0.707137 -> -0.500000 qaram    1.1500
parameter  4  2.160031 ->  0.500000 qaram    1.1500
parameter  5 -7.289263 ->  0.500000 qaram    1.1500
parameter  6  1.166407 ->  0.500000 qaram    1.1500
parameters
    1.0675   32.6770    9.0345   -4.1532   -4.5827   -4.5741
    1.9771    0.0124   -2.4116   10.1766    1.1166  -11.6803
eta,q 0.96124 15.51908
  0.0682  0.0654  0.0653  0.0511  0.0384  0.0377  0.0426  0.0473  0.0409  0.0434  0.0412  0.0396
  0.0660  0.0646  0.0638  0.0531  0.0441  0.0387  0.0408  0.0428  0.0398  0.0414  0.0400  0.0390
  0.0643  0.0638  0.0629  0.0568  0.0494  0.0410  0.0396  0.0401  0.0392  0.0399  0.0393  0.0388
  0.0634  0.0632  0.0626  0.0626  0.0539  0.0457  0.0392  0.0392  0.0392  0.0391  0.0390  0.0390
  0.0632  0.0628  0.0630  0.0697  0.0586  0.0529  0.0394  0.0396  0.0396  0.0391  0.0391  0.0397
  0.0639  0.0626  0.0638  0.0763  0.0632  0.0607  0.0403  0.0414  0.0406  0.0400  0.0397  0.0407
  0.0653  0.0629  0.0650  0.0820  0.0677  0.0677  0.0418  0.0447  0.0421  0.0419  0.0408  0.0421
niter,ni,del,rscale     7    3    5.0000    1.2000
parameter  2  0.759908 ->  0.500000 qaram    1.3225
parameter  3  1.156024 ->  0.500000 qaram    1.1500
parameter  4  0.503623 ->  0.500000 qaram    1.3225
parameter  5  1.814496 ->  0.500000 qaram    1.3225
parameters
    1.4345   31.0900    7.6545   -8.9142   -9.3437   -7.4462
    2.8901   -0.1995   -2.1328   12.6546    0.3134  -11.0306
eta,q 0.97438 15.51611
  0.0441  0.0377  0.0341  0.0343  0.0240  0.0282  0.0299  0.0296  0.0288  0.0310  0.0264  0.0272
  0.0414  0.0372  0.0344  0.0335  0.0253  0.0269  0.0281  0.0276  0.0273  0.0288  0.0260  0.0263
  0.0396  0.0376  0.0355  0.0334  0.0283  0.0261  0.0268  0.0264  0.0264  0.0272  0.0257  0.0258
  0.0388  0.0387  0.0372  0.0346  0.0334  0.0259  0.0262  0.0261  0.0261  0.0261  0.0256  0.0256
  0.0388  0.0402  0.0395  0.0383  0.0397  0.0281  0.0262  0.0266  0.0263  0.0256  0.0258  0.0257
  0.0397  0.0418  0.0421  0.0450  0.0452  0.0344  0.0270  0.0278  0.0271  0.0259  0.0262  0.0260
  0.0416  0.0437  0.0451  0.0531  0.0508  0.0420  0.0284  0.0301  0.0284  0.0271  0.0269  0.0267
niter,ni,del,rscale     7    3    5.0000    1.2000
parameter  3  0.790120 ->  0.500000 qaram    1.3225
parameter  5  0.652321 ->  0.500000 qaram    1.5209
parameter 12  0.729622 ->  0.500000 qaram    1.1500
parameters
    1.5028   32.3632    6.0675   -8.7492  -14.8189   -8.3740
    3.0131   -0.0092   -2.0753   13.7864    0.4119  -15.1706
eta,q 0.97973 15.26822
  0.0290  0.0349  0.0233  0.0285  0.0215  0.0249  0.0237  0.0252  0.0233  0.0252  0.0214  0.0204
  0.0272  0.0309  0.0231  0.0263  0.0206  0.0231  0.0223  0.0228  0.0221  0.0232  0.0210  0.0203
  0.0260  0.0278  0.0235  0.0246  0.0209  0.0218  0.0213  0.0214  0.0213  0.0218  0.0208  0.0204
  0.0256  0.0256  0.0245  0.0231  0.0231  0.0206  0.0209  0.0209  0.0209  0.0209  0.0207  0.0207
  0.0259  0.0246  0.0260  0.0226  0.0280  0.0206  0.0212  0.0213  0.0212  0.0207  0.0208  0.0213
  0.0269  0.0249  0.0279  0.0243  0.0347  0.0235  0.0221  0.0225  0.0220  0.0215  0.0210  0.0220
  0.0287  0.0268  0.0303  0.0299  0.0403  0.0299  0.0236  0.0247  0.0233  0.0234  0.0214  0.0228
niter,ni,del,rscale     7    3    5.0000    1.2000
parameters
    1.5749   33.1373    5.6672   -6.9482  -16.8511   -8.4229
    2.9202    0.0306   -2.0951   14.9370    0.1006  -17.2150
eta,q 0.98091 15.26457
  0.0237  0.0281  0.0220  0.0258  0.0247  0.0244  0.0221  0.0240  0.0217  0.0235  0.0199  0.0199
  0.0219  0.0245  0.0206  0.0234  0.0219  0.0224  0.0206  0.0211  0.0204  0.0214  0.0195  0.0193
  0.0207  0.0218  0.0200  0.0215  0.0198  0.0207  0.0197  0.0197  0.0196  0.0200  0.0192  0.0191
  0.0203  0.0203  0.0199  0.0199  0.0192  0.0193  0.0193  0.0193  0.0193  0.0193  0.0192  0.0192
  0.0206  0.0200  0.0205  0.0188  0.0207  0.0187  0.0197  0.0198  0.0196  0.0193  0.0194  0.0196
  0.0216  0.0209  0.0216  0.0193  0.0257  0.0206  0.0207  0.0213  0.0204  0.0200  0.0196  0.0202
  0.0233  0.0231  0.0234  0.0236  0.0330  0.0265  0.0223  0.0237  0.0217  0.0215  0.0200  0.0211
niter,ni,del,rscale     6    3    5.0000    1.2000
parameters
    1.5979   33.3831    5.6458   -7.0768  -17.3557   -8.3391
    2.9103    0.0847   -2.0692   15.2704   -0.0058  -17.4855
eta,q 0.98084 15.24133
  0.0226  0.0250  0.0219  0.0244  0.0262  0.0247  0.0221  0.0240  0.0215  0.0226  0.0200  0.0206
  0.0207  0.0220  0.0202  0.0223  0.0231  0.0225  0.0206  0.0210  0.0203  0.0207  0.0195  0.0197
  0.0195  0.0200  0.0193  0.0205  0.0206  0.0208  0.0195  0.0195  0.0195  0.0196  0.0192  0.0192
  0.0191  0.0191  0.0191  0.0191  0.0191  0.0192  0.0192  0.0192  0.0192  0.0192  0.0192  0.0192
  0.0194  0.0194  0.0194  0.0185  0.0194  0.0185  0.0195  0.0197  0.0194  0.0194  0.0193  0.0194
  0.0206  0.0209  0.0204  0.0206  0.0228  0.0205  0.0205  0.0212  0.0202  0.0203  0.0196  0.0199
  0.0225  0.0234  0.0219  0.0269  0.0293  0.0264  0.0222  0.0236  0.0215  0.0220  0.0200  0.0206
niter,ni,del,rscale     5    3    5.0000    1.2000
parameters
    1.6120   33.4572    5.6697   -6.9938  -17.4567   -8.3126
    2.9029    0.1210   -2.0615   15.3519   -0.0142  -17.5463
eta,q 0.98086 15.24197
  0.0226  0.0244  0.0221  0.0246  0.0265  0.0247  0.0221  0.0240  0.0214  0.0223  0.0200  0.0206
  0.0207  0.0216  0.0204  0.0225  0.0234  0.0225  0.0205  0.0210  0.0202  0.0205  0.0195  0.0197
  0.0196  0.0198  0.0194  0.0207  0.0208  0.0207  0.0195  0.0195  0.0194  0.0195  0.0192  0.0192
  0.0192  0.0192  0.0192  0.0192  0.0191  0.0192  0.0191  0.0191  0.0191  0.0191  0.0191  0.0191
  0.0195  0.0197  0.0195  0.0185  0.0192  0.0185  0.0195  0.0197  0.0194  0.0195  0.0193  0.0194
  0.0207  0.0213  0.0204  0.0203  0.0221  0.0205  0.0205  0.0212  0.0202  0.0204  0.0195  0.0199
  0.0226  0.0239  0.0219  0.0264  0.0284  0.0266  0.0221  0.0236  0.0214  0.0222  0.0199  0.0205
niter,ni,del,rscale     4    3    5.0000    1.2000
parameters
    1.6147   33.4738    5.6729   -6.9803  -17.4752   -8.3069
    2.9085    0.1247   -2.0670   15.3714   -0.0143  -17.5661
eta,q 0.98086 15.24217
  0.0226  0.0242  0.0220  0.0246  0.0266  0.0247  0.0221  0.0239  0.0214  0.0223  0.0200  0.0206
  0.0207  0.0214  0.0203  0.0225  0.0235  0.0225  0.0205  0.0209  0.0202  0.0205  0.0195  0.0197
  0.0195  0.0197  0.0194  0.0207  0.0208  0.0207  0.0195  0.0195  0.0194  0.0194  0.0192  0.0192
  0.0191  0.0191  0.0191  0.0191  0.0191  0.0191  0.0191  0.0191  0.0191  0.0191  0.0191  0.0191
  0.0195  0.0197  0.0195  0.0185  0.0191  0.0185  0.0195  0.0197  0.0194  0.0195  0.0192  0.0194
  0.0207  0.0214  0.0204  0.0204  0.0220  0.0206  0.0205  0.0212  0.0202  0.0204  0.0195  0.0198
  0.0226  0.0240  0.0219  0.0266  0.0282  0.0267  0.0221  0.0237  0.0214  0.0223  0.0199  0.0205
registration optimization eta report
parameter search radius
    2.4000    3.1740    3.1740    9.5220   10.9503    8.2800
    7.2000    7.2000    7.2000    7.2000    7.2000    8.2800
100000*second partial in parameter space
       60.       49.       28.        7.        7.       10.
        6.        9.        4.        6.        2.        2.
  0.0226  0.0242  0.0220  0.0246  0.0266  0.0247  0.0221  0.0239  0.0214  0.0223  0.0200  0.0206
  0.0207  0.0214  0.0203  0.0225  0.0235  0.0225  0.0205  0.0209  0.0202  0.0205  0.0195  0.0197
  0.0195  0.0197  0.0194  0.0207  0.0208  0.0207  0.0195  0.0195  0.0194  0.0194  0.0192  0.0192
  0.0191  0.0191  0.0191  0.0191  0.0191  0.0191  0.0191  0.0191  0.0191  0.0191  0.0191  0.0191
  0.0195  0.0197  0.0195  0.0185  0.0191  0.0185  0.0195  0.0197  0.0194  0.0195  0.0192  0.0194
  0.0207  0.0214  0.0204  0.0204  0.0220  0.0206  0.0205  0.0212  0.0202  0.0204  0.0195  0.0198
  0.0226  0.0240  0.0219  0.0266  0.0282  0.0267  0.0221  0.0237  0.0214  0.0223  0.0199  0.0205
    1.6147   33.4738    5.6729   -6.9803  -17.4752   -8.3069
    2.9085    0.1247   -2.0670   15.3714   -0.0143  -17.5661
eta,q 0.98086 15.24217

---------------------------------------------------------------------
imgreg_4dfp /opt/freesurfer/average/711-2C_as_mni_average_305 /opt/freesurfer/average/711-2B_as_mni_average_305_mask talsrcimg_g11 none talsrcimg_to_711-2C_as_mni_average_305_t4 2311
---------------------------------------------------------------------

freesurfer imgreg_4dfp.c
/opt/freesurfer/average/711-2C_as_mni_average_305.4dfp.img
       256       256       256         1
  1.000000  1.000000  1.000000
orientation T byte_order littleendian
Reading image: /opt/freesurfer/average/711-2C_as_mni_average_305.4dfp.img
dimensions:      256       256       256
mmppix:       1.0000   -1.0000   -1.0000
center:     128.0000 -129.0000 -129.0000
/opt/freesurfer/average/711-2B_as_mni_average_305_mask.4dfp.img
       256       256       256         1
  1.000000  1.000000  1.000000
orientation T byte_order littleendian
Reading mask: /opt/freesurfer/average/711-2B_as_mni_average_305_mask.4dfp.img (2306576 pixels)
talsrcimg_g11.4dfp.img
       256       256       256         1
  1.000000  1.000000  1.000000
orientation T byte_order littleendian
Reading image: talsrcimg_g11.4dfp.img
dimensions:      256       256       256
mmppix:       1.0000   -1.0000   -1.0000
center:     128.0000 -129.0000 -129.0000
fimgreg.f
image alignment mode   2311 decimal      907 hex
parameters
    1.6147   33.4738    5.6729   -6.9803  -17.4752   -8.3069
    2.9085    0.1247   -2.0670   15.3714   -0.0143  -17.5661
eta,q 0.98086 15.24217
niter,ni,del,rscale     5    3    5.0000    0.8000
parameter  4 -0.598360 -> -0.500000 qaram    1.1500
parameters
    1.6229   33.4582    5.5848   -4.2203  -16.3509   -7.1457
    2.6517    0.4600   -2.0207   15.6600    0.4390  -17.4133
eta,q 0.98217 15.43999
  0.0207  0.0204  0.0198  0.0216  0.0209  0.0215  0.0194  0.0219  0.0192  0.0198  0.0188  0.0186
  0.0198  0.0197  0.0194  0.0207  0.0198  0.0204  0.0185  0.0195  0.0185  0.0188  0.0183  0.0181
  0.0193  0.0193  0.0192  0.0198  0.0190  0.0193  0.0180  0.0182  0.0180  0.0182  0.0180  0.0179
  0.0191  0.0191  0.0191  0.0191  0.0185  0.0184  0.0178  0.0178  0.0178  0.0178  0.0178  0.0178
  0.0193  0.0193  0.0192  0.0186  0.0184  0.0178  0.0181  0.0181  0.0180  0.0179  0.0179  0.0179
  0.0198  0.0198  0.0195  0.0185  0.0186  0.0182  0.0187  0.0191  0.0184  0.0184  0.0181  0.0181
  0.0207  0.0205  0.0199  0.0190  0.0194  0.0199  0.0198  0.0207  0.0191  0.0195  0.0185  0.0184
niter,ni,del,rscale     5    3    5.0000    0.8000
parameters
    1.5290   33.3743    5.5902   -5.3613  -16.1538   -7.1231
    2.8421    0.1260   -2.0883   15.5526    0.4671  -17.3581
eta,q 0.98212 15.41953
  0.0196  0.0192  0.0190  0.0198  0.0198  0.0208  0.0196  0.0204  0.0191  0.0196  0.0185  0.0186
  0.0186  0.0184  0.0183  0.0188  0.0189  0.0198  0.0187  0.0188  0.0184  0.0186  0.0181  0.0182
  0.0180  0.0179  0.0179  0.0181  0.0183  0.0187  0.0181  0.0180  0.0180  0.0181  0.0179  0.0179
  0.0178  0.0178  0.0178  0.0178  0.0179  0.0179  0.0179  0.0179  0.0179  0.0179  0.0179  0.0179
  0.0181  0.0181  0.0180  0.0184  0.0180  0.0179  0.0180  0.0183  0.0180  0.0180  0.0179  0.0180
  0.0189  0.0186  0.0183  0.0203  0.0185  0.0190  0.0185  0.0194  0.0185  0.0187  0.0182  0.0182
  0.0201  0.0195  0.0189  0.0239  0.0197  0.0215  0.0194  0.0211  0.0192  0.0198  0.0185  0.0185
niter,ni,del,rscale     4    3    5.0000    0.7000
parameters
    1.5471   33.3341    5.6125   -5.3555  -16.0581   -6.9089
    2.8454    0.1250   -2.0886   15.5540    0.4582  -17.3623
eta,q 0.98219 15.42773
  0.0193  0.0190  0.0187  0.0199  0.0193  0.0204  0.0191  0.0201  0.0188  0.0192  0.0183  0.0183
  0.0185  0.0183  0.0182  0.0191  0.0186  0.0195  0.0184  0.0187  0.0182  0.0184  0.0180  0.0180
  0.0180  0.0180  0.0180  0.0183  0.0181  0.0186  0.0180  0.0180  0.0179  0.0180  0.0179  0.0178
  0.0179  0.0179  0.0179  0.0179  0.0179  0.0179  0.0178  0.0178  0.0178  0.0178  0.0178  0.0178
  0.0180  0.0180  0.0180  0.0179  0.0179  0.0178  0.0179  0.0181  0.0179  0.0179  0.0179  0.0179
  0.0185  0.0184  0.0182  0.0186  0.0184  0.0186  0.0184  0.0188  0.0182  0.0184  0.0180  0.0181
  0.0192  0.0191  0.0187  0.0204  0.0193  0.0204  0.0191  0.0200  0.0188  0.0193  0.0183  0.0183
niter,ni,del,rscale     3    3    5.0000    0.6000
parameters
    1.5427   33.3265    5.6492   -5.1793  -16.0340   -6.7162
    2.8504    0.1153   -2.0802   15.5981    0.4862  -17.4070
eta,q 0.98226 15.43744
  0.0188  0.0187  0.0185  0.0195  0.0188  0.0198  0.0187  0.0195  0.0185  0.0188  0.0182  0.0181
  0.0183  0.0182  0.0181  0.0188  0.0183  0.0190  0.0182  0.0184  0.0181  0.0182  0.0179  0.0179
  0.0179  0.0179  0.0179  0.0182  0.0179  0.0183  0.0178  0.0179  0.0178  0.0179  0.0178  0.0178
  0.0178  0.0178  0.0178  0.0178  0.0178  0.0178  0.0177  0.0177  0.0177  0.0177  0.0177  0.0177
  0.0179  0.0179  0.0179  0.0178  0.0178  0.0178  0.0178  0.0179  0.0178  0.0178  0.0178  0.0178
  0.0183  0.0182  0.0181  0.0183  0.0182  0.0184  0.0181  0.0185  0.0181  0.0182  0.0179  0.0179
  0.0189  0.0187  0.0184  0.0195  0.0189  0.0197  0.0187  0.0194  0.0185  0.0188  0.0181  0.0181
niter,ni,del,rscale     2    3    5.0000    0.5000
parameters
    1.5310   33.3267    5.6833   -5.0184  -16.0284   -6.5606
    2.8506    0.0954   -2.0794   15.6467    0.5341  -17.4833
eta,q 0.98231 15.44481
  0.0185  0.0183  0.0182  0.0190  0.0184  0.0193  0.0184  0.0189  0.0182  0.0184  0.0180  0.0180
  0.0180  0.0180  0.0180  0.0184  0.0181  0.0186  0.0180  0.0182  0.0179  0.0181  0.0178  0.0178
  0.0178  0.0178  0.0178  0.0180  0.0178  0.0181  0.0178  0.0178  0.0177  0.0178  0.0177  0.0177
  0.0177  0.0177  0.0177  0.0177  0.0177  0.0177  0.0177  0.0177  0.0177  0.0177  0.0177  0.0177
  0.0178  0.0178  0.0178  0.0177  0.0178  0.0178  0.0178  0.0178  0.0177  0.0177  0.0177  0.0177
  0.0181  0.0180  0.0179  0.0181  0.0180  0.0182  0.0180  0.0182  0.0179  0.0180  0.0178  0.0178
  0.0185  0.0183  0.0182  0.0189  0.0185  0.0192  0.0184  0.0189  0.0182  0.0184  0.0180  0.0180
niter,ni,del,rscale     1    3    5.0000    0.4000
parameters
    1.5196   33.3313    5.7103   -4.8864  -16.0174   -6.4484
    2.8475    0.0730   -2.0803   15.6984    0.5660  -17.5457
eta,q 0.98233 15.45083
  0.0182  0.0181  0.0180  0.0185  0.0181  0.0188  0.0181  0.0185  0.0180  0.0182  0.0179  0.0179
  0.0179  0.0179  0.0178  0.0181  0.0179  0.0183  0.0179  0.0180  0.0178  0.0179  0.0178  0.0177
  0.0177  0.0177  0.0177  0.0178  0.0177  0.0179  0.0177  0.0177  0.0177  0.0177  0.0177  0.0177
  0.0177  0.0177  0.0177  0.0177  0.0177  0.0177  0.0177  0.0177  0.0177  0.0177  0.0177  0.0177
  0.0177  0.0177  0.0177  0.0177  0.0177  0.0177  0.0177  0.0178  0.0177  0.0177  0.0177  0.0177
  0.0179  0.0179  0.0178  0.0179  0.0179  0.0181  0.0179  0.0180  0.0178  0.0179  0.0178  0.0178
  0.0182  0.0181  0.0180  0.0185  0.0182  0.0187  0.0181  0.0185  0.0180  0.0181  0.0179  0.0179
registration optimization eta report
parameter search radius
    0.8000    0.8000    0.8000    2.7600    2.4000    2.4000
    2.4000    2.4000    2.4000    2.4000    2.4000    2.4000
100000*second partial in parameter space
       76.       61.       48.       10.        8.       18.
        8.       14.        6.        8.        4.        3.
  0.0182  0.0181  0.0180  0.0185  0.0181  0.0188  0.0181  0.0185  0.0180  0.0182  0.0179  0.0179
  0.0179  0.0179  0.0178  0.0181  0.0179  0.0183  0.0179  0.0180  0.0178  0.0179  0.0178  0.0177
  0.0177  0.0177  0.0177  0.0178  0.0177  0.0179  0.0177  0.0177  0.0177  0.0177  0.0177  0.0177
  0.0177  0.0177  0.0177  0.0177  0.0177  0.0177  0.0177  0.0177  0.0177  0.0177  0.0177  0.0177
  0.0177  0.0177  0.0177  0.0177  0.0177  0.0177  0.0177  0.0178  0.0177  0.0177  0.0177  0.0177
  0.0179  0.0179  0.0178  0.0179  0.0179  0.0181  0.0179  0.0180  0.0178  0.0179  0.0178  0.0178
  0.0182  0.0181  0.0180  0.0185  0.0182  0.0187  0.0181  0.0185  0.0180  0.0181  0.0179  0.0179
    1.5196   33.3313    5.7103   -4.8864  -16.0174   -6.4484
    2.8475    0.0730   -2.0803   15.6984    0.5660  -17.5457
eta,q 0.98233 15.45083

---------------------------------------------------------------------
imgreg_4dfp /opt/freesurfer/average/711-2C_as_mni_average_305 /opt/freesurfer/average/711-2B_as_mni_average_305_mask talsrcimg_g11 none talsrcimg_to_711-2C_as_mni_average_305_t4 2311
---------------------------------------------------------------------

freesurfer imgreg_4dfp.c
/opt/freesurfer/average/711-2C_as_mni_average_305.4dfp.img
       256       256       256         1
  1.000000  1.000000  1.000000
orientation T byte_order littleendian
Reading image: /opt/freesurfer/average/711-2C_as_mni_average_305.4dfp.img
dimensions:      256       256       256
mmppix:       1.0000   -1.0000   -1.0000
center:     128.0000 -129.0000 -129.0000
/opt/freesurfer/average/711-2B_as_mni_average_305_mask.4dfp.img
       256       256       256         1
  1.000000  1.000000  1.000000
orientation T byte_order littleendian
Reading mask: /opt/freesurfer/average/711-2B_as_mni_average_305_mask.4dfp.img (2306576 pixels)
talsrcimg_g11.4dfp.img
       256       256       256         1
  1.000000  1.000000  1.000000
orientation T byte_order littleendian
Reading image: talsrcimg_g11.4dfp.img
dimensions:      256       256       256
mmppix:       1.0000   -1.0000   -1.0000
center:     128.0000 -129.0000 -129.0000
fimgreg.f
image alignment mode   2311 decimal      907 hex
parameters
    1.5196   33.3313    5.7103   -4.8864  -16.0174   -6.4484
    2.8475    0.0730   -2.0803   15.6984    0.5660  -17.5457
eta,q 0.98233 15.45082
niter,ni,del,rscale     5    3    5.0000    0.8000
parameters
    1.4970   33.3433    5.7710   -5.4644  -16.2585   -6.9573
    2.8686    0.0732   -2.1034   15.5381    0.3718  -17.2879
eta,q 0.98213 15.41311
  0.0196  0.0192  0.0190  0.0195  0.0194  0.0204  0.0195  0.0208  0.0191  0.0195  0.0185  0.0186
  0.0185  0.0184  0.0183  0.0186  0.0186  0.0194  0.0186  0.0190  0.0184  0.0186  0.0181  0.0182
  0.0179  0.0178  0.0178  0.0180  0.0180  0.0184  0.0181  0.0181  0.0180  0.0181  0.0179  0.0179
  0.0177  0.0177  0.0177  0.0177  0.0177  0.0177  0.0179  0.0179  0.0179  0.0179  0.0179  0.0179
  0.0179  0.0178  0.0178  0.0179  0.0179  0.0181  0.0180  0.0182  0.0180  0.0180  0.0180  0.0179
  0.0186  0.0183  0.0182  0.0190  0.0186  0.0196  0.0186  0.0191  0.0184  0.0187  0.0182  0.0181
  0.0197  0.0192  0.0188  0.0214  0.0200  0.0228  0.0195  0.0206  0.0191  0.0198  0.0185  0.0184
niter,ni,del,rscale     4    3    5.0000    0.7000
parameters
    1.5493   33.3418    5.6704   -5.1517  -16.1306   -6.9078
    2.8336    0.1561   -2.0679   15.5524    0.4349  -17.3455
eta,q 0.98221 15.42967
  0.0194  0.0190  0.0186  0.0196  0.0193  0.0202  0.0190  0.0202  0.0188  0.0192  0.0183  0.0183
  0.0186  0.0184  0.0181  0.0189  0.0185  0.0193  0.0184  0.0187  0.0182  0.0184  0.0180  0.0180
  0.0181  0.0180  0.0179  0.0183  0.0180  0.0184  0.0179  0.0180  0.0179  0.0180  0.0178  0.0178
  0.0179  0.0179  0.0179  0.0179  0.0178  0.0178  0.0178  0.0178  0.0178  0.0178  0.0178  0.0178
  0.0180  0.0180  0.0180  0.0178  0.0179  0.0178  0.0179  0.0180  0.0179  0.0179  0.0178  0.0179
  0.0184  0.0184  0.0183  0.0182  0.0183  0.0187  0.0184  0.0187  0.0182  0.0184  0.0180  0.0180
  0.0192  0.0190  0.0188  0.0194  0.0192  0.0207  0.0191  0.0199  0.0188  0.0192  0.0183  0.0183
niter,ni,del,rscale     3    3    5.0000    0.6000
parameters
    1.5398   33.3328    5.6487   -5.0068  -16.0680   -6.7378
    2.8300    0.1335   -2.0806   15.6050    0.5031  -17.4153
eta,q 0.98228 15.44028
  0.0188  0.0186  0.0184  0.0191  0.0188  0.0198  0.0187  0.0195  0.0184  0.0188  0.0182  0.0181
  0.0182  0.0182  0.0180  0.0185  0.0183  0.0190  0.0182  0.0184  0.0180  0.0182  0.0179  0.0179
  0.0179  0.0179  0.0178  0.0181  0.0179  0.0183  0.0178  0.0179  0.0178  0.0179  0.0178  0.0178
  0.0178  0.0178  0.0178  0.0178  0.0178  0.0178  0.0177  0.0177  0.0177  0.0177  0.0177  0.0177
  0.0179  0.0179  0.0179  0.0178  0.0178  0.0178  0.0178  0.0179  0.0178  0.0178  0.0178  0.0178
  0.0183  0.0182  0.0181  0.0182  0.0182  0.0184  0.0181  0.0185  0.0180  0.0181  0.0179  0.0179
  0.0189  0.0186  0.0184  0.0191  0.0188  0.0198  0.0187  0.0194  0.0185  0.0188  0.0181  0.0181
niter,ni,del,rscale     2    3    5.0000    0.5000
parameters
    1.5264   33.3306    5.6729   -4.8954  -16.0507   -6.5803
    2.8393    0.0988   -2.0732   15.6454    0.5531  -17.4854
eta,q 0.98231 15.44658
  0.0184  0.0183  0.0182  0.0187  0.0184  0.0193  0.0184  0.0189  0.0182  0.0184  0.0180  0.0180
  0.0180  0.0180  0.0179  0.0182  0.0181  0.0186  0.0180  0.0182  0.0179  0.0180  0.0178  0.0178
  0.0178  0.0178  0.0178  0.0179  0.0178  0.0181  0.0178  0.0178  0.0177  0.0178  0.0177  0.0177
  0.0177  0.0177  0.0177  0.0177  0.0177  0.0177  0.0177  0.0177  0.0177  0.0177  0.0177  0.0177
  0.0178  0.0178  0.0178  0.0177  0.0178  0.0178  0.0178  0.0178  0.0177  0.0177  0.0177  0.0177
  0.0181  0.0180  0.0179  0.0180  0.0180  0.0182  0.0180  0.0182  0.0179  0.0180  0.0178  0.0178
  0.0185  0.0183  0.0182  0.0187  0.0185  0.0192  0.0184  0.0189  0.0182  0.0184  0.0180  0.0180
niter,ni,del,rscale     1    3    5.0000    0.4000
parameters
    1.5164   33.3350    5.7050   -4.8057  -16.0409   -6.4606
    2.8415    0.0772   -2.0723   15.7019    0.5594  -17.5467
eta,q 0.98233 15.45143
  0.0182  0.0181  0.0180  0.0183  0.0181  0.0188  0.0181  0.0185  0.0180  0.0182  0.0179  0.0179
  0.0179  0.0179  0.0178  0.0180  0.0179  0.0183  0.0179  0.0180  0.0178  0.0179  0.0178  0.0177
  0.0177  0.0177  0.0177  0.0178  0.0177  0.0179  0.0177  0.0177  0.0177  0.0177  0.0177  0.0177
  0.0177  0.0177  0.0177  0.0177  0.0177  0.0177  0.0177  0.0177  0.0177  0.0177  0.0177  0.0177
  0.0177  0.0177  0.0177  0.0177  0.0177  0.0177  0.0177  0.0178  0.0177  0.0177  0.0177  0.0177
  0.0179  0.0178  0.0178  0.0179  0.0179  0.0181  0.0179  0.0180  0.0178  0.0179  0.0178  0.0178
  0.0182  0.0181  0.0180  0.0183  0.0182  0.0187  0.0181  0.0185  0.0180  0.0181  0.0179  0.0179
registration optimization eta report
parameter search radius
    0.8000    0.8000    0.8000    2.4000    2.4000    2.4000
    2.4000    2.4000    2.4000    2.4000    2.4000    2.4000
100000*second partial in parameter space
       76.       60.       47.       11.        8.       18.
        8.       14.        6.        8.        4.        3.
  0.0182  0.0181  0.0180  0.0183  0.0181  0.0188  0.0181  0.0185  0.0180  0.0182  0.0179  0.0179
  0.0179  0.0179  0.0178  0.0180  0.0179  0.0183  0.0179  0.0180  0.0178  0.0179  0.0178  0.0177
  0.0177  0.0177  0.0177  0.0178  0.0177  0.0179  0.0177  0.0177  0.0177  0.0177  0.0177  0.0177
  0.0177  0.0177  0.0177  0.0177  0.0177  0.0177  0.0177  0.0177  0.0177  0.0177  0.0177  0.0177
  0.0177  0.0177  0.0177  0.0177  0.0177  0.0177  0.0177  0.0178  0.0177  0.0177  0.0177  0.0177
  0.0179  0.0178  0.0178  0.0179  0.0179  0.0181  0.0179  0.0180  0.0178  0.0179  0.0178  0.0178
  0.0182  0.0181  0.0180  0.0183  0.0182  0.0187  0.0181  0.0185  0.0180  0.0181  0.0179  0.0179
    1.5164   33.3350    5.7050   -4.8057  -16.0409   -6.4606
    2.8415    0.0772   -2.0723   15.7019    0.5594  -17.5467
eta,q 0.98233 15.45143

---------------------------------------------------------------------
compute_vox2vox talsrcimg talsrcimg_to_711-2C_as_mni_average_305_t4 /opt/freesurfer/average/711-2C_as_mni_average_305
---------------------------------------------------------------------

freesurfer compute_vox2vox.c
Reading: talsrcimg.4dfp.ifh
Reading: talsrcimg_to_711-2C_as_mni_average_305_t4
Reading: /opt/freesurfer/average/711-2C_as_mni_average_305.4dfp.ifh
Writing: talsrcimg_to_711-2C_as_mni_average_305_t4_vox2vox.txt

start time Wed Mar 11 13:41:20 CET 2026
end		time Wed Mar 11 13:42:45 CET 2026

mpr2mni305 success

avi2talxfm orig_nu.mgz /opt/freesurfer/average/mni305.cor.mgz talsrcimg_to_711-2C_as_mni_average_305_t4_vox2vox.txt transforms/talairach.auto.xfm
avi2talxfm done
mv -f /out/sourcedata/freesurfer/sub-v2s18x29507_ses-1/mri/talsrcimg_to_711-2C_as_mni_average_305_t4_vox2vox.txt /out/sourcedata/freesurfer/sub-v2s18x29507_ses-1/mri/transforms/talsrcimg_to_711-2C_as_mni_average_305_t4_vox2vox.txt
lta_convert --src orig_nu.mgz --trg /opt/freesurfer/average/mni305.cor.mgz --inxfm transforms/talairach.auto.xfm --outlta transforms/talairach.auto.xfm.lta --subject fsaverage
7.3.2

--src: orig_nu.mgz src image (geometry).
--trg: /opt/freesurfer/average/mni305.cor.mgz trg image (geometry).
--inmni: transforms/talairach.auto.xfm input MNI/XFM transform.
--outlta: transforms/talairach.auto.xfm.lta output LTA.
--s: fsaverage subject name
 LTA read, type : 1
 1.04970   0.00492  -0.03450  -7.21417;
-0.00137   1.03283   0.21590  -42.51594;
 0.02616  -0.19304   1.14983   1.22815;
 0.00000   0.00000   0.00000   1.00000;
setting subject to fsaverage
Writing  LTA to file transforms/talairach.auto.xfm.lta...
lta_convert successful.
 
 
Started at Wed Mar 11 13:41:20 CET 2026
Ended   at Wed Mar 11 13:42:45 CET 2026
talairach_avi done
