/out/sourcedata/freesurfer/sub-v2s18x29508_ses-1/mri
/opt/freesurfer/bin/talairach_avi
--i orig_nu.mgz --xfm transforms/talairach.auto.xfm
talairach_avi 7.3.2
Linux dna054 5.14.0-427.37.1.el9_4.x86_64 #1 SMP PREEMPT_DYNAMIC Fri Sep 13 12:41:50 EDT 2024 x86_64 x86_64 x86_64 GNU/Linux
Wed Mar 11 13:41:57 CET 2026
mri_convert orig_nu.mgz talsrcimg.img 
reading from orig_nu.mgz...
TR=0.00, TE=0.00, TI=0.00, flip angle=0.00
i_ras = (-1, 0, 0)
j_ras = (0, 0, -1)
k_ras = (0, 1, 0)
writing to talsrcimg.img...
Analyze Output Matrix
-1.00000   0.00000   0.00000   128.82437;
 0.00000   0.00000   1.00000  -88.36694;
 0.00000  -1.00000   0.00000   120.03123;
 0.00000   0.00000   0.00000   1.00000;
--------------------
INFO: set hdr.hist.orient to -1
mpr2mni305 talsrcimg
Wed Mar 11 13:41:58 CET 2026
/opt/freesurfer/bin/mpr2mni305 talsrcimg
mpr2mni305 7.3.2
target=711-2C_as_mni_average_305

---------------------------------------------------------------------
analyzeto4dfp talsrcimg -O0 -y
---------------------------------------------------------------------

freesurfer ifh2hdr.c
Wed Mar 11 13:41:58 2026
Writing: talsrcimg.4dfp.hdr
freesurfer analyzeto4dfp.c
Reading: talsrcimg.hdr
header size 348 bytes
hdr.dime.datatype	offset=70	value=2
hdr.dime.bitpix		offset=72	value=8
hdr.hist.orient		offset=252	value=-1
dimensionality     4
dimensions       256       256       256         1
Reading: talsrcimg.img
Writing: talsrcimg.4dfp.img
Writing: talsrcimg.4dfp.ifh
ifh2hdr talsrcimg -r0to205
ori=2

---------------------------------------------------------------------
gauss_4dfp talsrcimg 1.1
---------------------------------------------------------------------

freesurfer gauss_4dfp.c
Reading: talsrcimg.4dfp.img
Writing: talsrcimg_g11.4dfp.img
image dimensions 256 256 256 padded to 288 288 288
processing volume 1freesurfer ifh2hdr.c
Wed Mar 11 13:41:59 2026
Writing: talsrcimg_g11.4dfp.hdr

Writing: talsrcimg_g11.4dfp.ifh
including: talsrcimg.4dfp.img.rec in talsrcimg_g11.4dfp.img.rec

---------------------------------------------------------------------
imgreg_4dfp /opt/freesurfer/average/711-2C_as_mni_average_305 none talsrcimg_g11 none talsrcimg_to_711-2C_as_mni_average_305_t4 4355
---------------------------------------------------------------------

freesurfer imgreg_4dfp.c
/opt/freesurfer/average/711-2C_as_mni_average_305.4dfp.img
       256       256       256         1
  1.000000  1.000000  1.000000
orientation T byte_order littleendian
Reading image: /opt/freesurfer/average/711-2C_as_mni_average_305.4dfp.img
dimensions:      256       256       256
mmppix:       1.0000   -1.0000   -1.0000
center:     128.0000 -129.0000 -129.0000
talsrcimg_g11.4dfp.img
       256       256       256         1
  1.000000  1.000000  1.000000
orientation T byte_order littleendian
Reading image: talsrcimg_g11.4dfp.img
dimensions:      256       256       256
mmppix:       1.0000   -1.0000   -1.0000
center:     128.0000 -129.0000 -129.0000
t4_read: open error in t4_sub.f l:  41 t4_file(1:l)talsrcimg_to_711-2C_as_mni_average_305_t4 
t4_read: transform initialized to I4
rotation matrix determinant  1.000000
image alignment mode   4355 decimal     1103 hex
   -7.5000  -45.0000  -45.0000 5396.5293   19.6541
    0.0000  -45.0000  -45.0000 5610.9507   19.6560
    7.5000  -45.0000  -45.0000 5383.6357   19.6364
   -7.5000  -37.5000  -45.0000 5971.8955   19.0415
    0.0000  -37.5000  -45.0000 6234.0586   19.0394
    7.5000  -37.5000  -45.0000 5994.9580   19.0227
   -7.5000  -30.0000  -45.0000 6788.8691   18.5578
    0.0000  -30.0000  -45.0000 7114.1577   18.5614
    7.5000  -30.0000  -45.0000 6851.6758   18.5603
   -7.5000  -22.5000  -45.0000 7672.6045   18.2192
    0.0000  -22.5000  -45.0000 8069.1289   18.2295
    7.5000  -22.5000  -45.0000 7739.8101   18.2399
   -7.5000  -15.0000  -45.0000 8631.5723   18.0935
    0.0000  -15.0000  -45.0000 9067.2236   18.1059
    7.5000  -15.0000  -45.0000 8664.2109   18.1137
   -7.5000   -7.5000  -45.0000 9640.7432   18.0713
    0.0000   -7.5000  -45.000010131.1738   18.0782
    7.5000   -7.5000  -45.0000 9681.6064   18.0716
   -7.5000    0.0000  -45.000010660.4814   18.0852
    0.0000    0.0000  -45.000011217.2412   18.0846
    7.5000    0.0000  -45.000010688.8076   18.0658
   -7.5000    7.5000  -45.000010756.3779   18.1192
    0.0000    7.5000  -45.000011326.6348   18.1178
    7.5000    7.5000  -45.000010786.4678   18.1024
   -7.5000   15.0000  -45.000010637.7979   18.1351
    0.0000   15.0000  -45.000011208.9414   18.1390
    7.5000   15.0000  -45.000010642.5654   18.1383
   -7.5000   22.5000  -45.000010469.5576   18.1123
    0.0000   22.5000  -45.000010999.8789   18.1225
    7.5000   22.5000  -45.000010447.2021   18.1324
   -7.5000   30.0000  -45.000010254.8086   17.8439
    0.0000   30.0000  -45.000010750.9824   17.8560
    7.5000   30.0000  -45.000010228.8857   17.8636
   -7.5000   37.5000  -45.000010389.8535   17.8304
    0.0000   37.5000  -45.000010931.4053   17.8372
    7.5000   37.5000  -45.000010386.5947   17.8308
   -7.5000   45.0000  -45.000010156.9395   17.3911
    0.0000   45.0000  -45.000010696.9619   17.3905
    7.5000   45.0000  -45.000010153.5342   17.3724
   -7.5000  -45.0000  -37.5000 5718.6733   19.4897
    0.0000  -45.0000  -37.5000 5966.9287   19.4960
    7.5000  -45.0000  -37.5000 5728.6055   19.4783
   -7.5000  -37.5000  -37.5000 6325.5435   18.8746
    0.0000  -37.5000  -37.5000 6605.9932   18.8765
    7.5000  -37.5000  -37.5000 6357.3750   18.8617
   -7.5000  -30.0000  -37.5000 7197.0571   18.3818
    0.0000  -30.0000  -37.5000 7545.5029   18.3885
    7.5000  -30.0000  -37.5000 7260.0723   18.3881
   -7.5000  -22.5000  -37.5000 8161.5273   18.0392
    0.0000  -22.5000  -37.5000 8592.0830   18.0516
    7.5000  -22.5000  -37.5000 8235.5625   18.0614
   -7.5000  -15.0000  -37.5000 9226.6660   17.9185
    0.0000  -15.0000  -37.5000 9694.7090   17.9326
    7.5000  -15.0000  -37.5000 9254.9990   17.9394
   -7.5000   -7.5000  -37.500010302.4307   17.9094
    0.0000   -7.5000  -37.500010824.4541   17.9192
    7.5000   -7.5000  -37.500010314.5986   17.9130
   -7.5000    0.0000  -37.500011362.1240   17.9311
    0.0000    0.0000  -37.500011945.6387   17.9345
    7.5000    0.0000  -37.500011356.7510   17.9175
   -7.5000    7.5000  -37.500011454.9316   17.9579
    0.0000    7.5000  -37.500012020.5527   17.9600
    7.5000    7.5000  -37.500011443.6279   17.9466
   -7.5000   15.0000  -37.500011339.7881   17.9612
    0.0000   15.0000  -37.500011913.0303   17.9678
    7.5000   15.0000  -37.500011296.3164   17.9678
   -7.5000   22.5000  -37.500011136.5645   17.9324
    0.0000   22.5000  -37.500011700.9092   17.9445
    7.5000   22.5000  -37.500011092.5850   17.9539
   -7.5000   30.0000  -37.500010871.5020   17.6711
    0.0000   30.0000  -37.500011417.6426   17.6849
    7.5000   30.0000  -37.500010842.7334   17.6916
   -7.5000   37.5000  -37.500010994.7480   17.6707
    0.0000   37.5000  -37.500011583.2881   17.6804
    7.5000   37.5000  -37.500010991.8262   17.6743
   -7.5000   45.0000  -37.500010739.0117   17.2429
    0.0000   45.0000  -37.500011318.6748   17.2461
    7.5000   45.0000  -37.500010743.8428   17.2298
   -7.5000  -45.0000  -30.0000 6159.1587   20.2948
    0.0000  -45.0000  -30.0000 6428.4360   20.2976
    7.5000  -45.0000  -30.0000 6170.7246   20.2750
   -7.5000  -37.5000  -30.0000 6821.1870   19.6571
    0.0000  -37.5000  -30.0000 7148.3555   19.6571
    7.5000  -37.5000  -30.0000 6848.6631   19.6379
   -7.5000  -30.0000  -30.0000 7787.9370   19.1436
    0.0000  -30.0000  -30.0000 8193.6631   19.1493
    7.5000  -30.0000  -30.0000 7840.1685   19.1440
   -7.5000  -22.5000  -30.0000 8862.3145   18.7802
    0.0000  -22.5000  -30.0000 9308.8438   18.7900
    7.5000  -22.5000  -30.0000 8894.6543   18.7931
   -7.5000  -15.0000  -30.000010012.1885   18.6481
    0.0000  -15.0000  -30.000010506.3594   18.6580
    7.5000  -15.0000  -30.000010006.8770   18.6574
   -7.5000   -7.5000  -30.000011145.3604   18.6375
    0.0000   -7.5000  -30.000011708.6709   18.6433
    7.5000   -7.5000  -30.000011148.7871   18.6312
   -7.5000    0.0000  -30.000012278.5420   18.6638
    0.0000    0.0000  -30.000012893.5742   18.6642
    7.5000    0.0000  -30.000012260.6221   18.6433
   -7.5000    7.5000  -30.000012367.7432   18.6958
    0.0000    7.5000  -30.000012938.6396   18.6963
    7.5000    7.5000  -30.000012312.9229   18.6793
   -7.5000   15.0000  -30.000012240.8398   18.7008
    0.0000   15.0000  -30.000012820.8564   18.7064
    7.5000   15.0000  -30.000012166.7656   18.7018
   -7.5000   22.5000  -30.000012022.0840   18.6659
    0.0000   22.5000  -30.000012619.7891   18.6754
    7.5000   22.5000  -30.000011971.5244   18.6782
   -7.5000   30.0000  -30.000011724.3369   18.3924
    0.0000   30.0000  -30.000012316.4883   18.4020
    7.5000   30.0000  -30.000011687.6133   18.4013
   -7.5000   37.5000  -30.000011836.4639   18.3909
    0.0000   37.5000  -30.000012459.3955   18.3966
    7.5000   37.5000  -30.000011805.4170   18.3847
   -7.5000   45.0000  -30.000011515.5205   17.9606
    0.0000   45.0000  -30.000012131.7725   17.9611
    7.5000   45.0000  -30.000011512.0508   17.9409
   -7.5000  -45.0000  -22.5000 6599.0957   20.9684
    0.0000  -45.0000  -22.5000 6898.4551   20.9614
    7.5000  -45.0000  -22.5000 6615.8774   20.9318
   -7.5000  -37.5000  -22.5000 7317.8550   20.3240
    0.0000  -37.5000  -22.5000 7673.3110   20.3170
    7.5000  -37.5000  -22.5000 7357.3350   20.2919
   -7.5000  -30.0000  -22.5000 8400.9199   19.8093
    0.0000  -30.0000  -22.5000 8810.9199   19.8104
    7.5000  -30.0000  -22.5000 8448.5801   19.7998
   -7.5000  -22.5000  -22.5000 9574.3311   19.4358
    0.0000  -22.5000  -22.500010045.0000   19.4400
    7.5000  -22.5000  -22.5000 9609.4307   19.4370
   -7.5000  -15.0000  -22.500010789.1406   19.2877
    0.0000  -15.0000  -22.500011305.5605   19.2900
    7.5000  -15.0000  -22.500010788.8818   19.2821
   -7.5000   -7.5000  -22.500011999.2236   19.2611
    0.0000   -7.5000  -22.500012581.5244   19.2579
    7.5000   -7.5000  -22.500011993.6904   19.2386
   -7.5000    0.0000  -22.500013189.3359   19.2840
    0.0000    0.0000  -22.500013830.1787   19.2760
    7.5000    0.0000  -22.500013158.3262   19.2487
   -7.5000    7.5000  -22.500013276.0059   19.3296
    0.0000    7.5000  -22.500013887.5215   19.3241
    7.5000    7.5000  -22.500013235.6875   19.3020
   -7.5000   15.0000  -22.500013162.4775   19.3504
    0.0000   15.0000  -22.500013762.1328   19.3518
    7.5000   15.0000  -22.500013085.8857   19.3423
   -7.5000   22.5000  -22.500012927.8896   19.3162
    0.0000   22.5000  -22.500013545.7852   19.3202
    7.5000   22.5000  -22.500012848.2412   19.3170
   -7.5000   30.0000  -22.500012604.0059   19.0261
    0.0000   30.0000  -22.500013223.0859   19.0282
    7.5000   30.0000  -22.500012519.4785   19.0204
   -7.5000   37.5000  -22.500012721.5352   19.0091
    0.0000   37.5000  -22.500013383.6768   19.0060
    7.5000   37.5000  -22.500012649.0586   18.9869
   -7.5000   45.0000  -22.500012326.5762   18.5715
    0.0000   45.0000  -22.500012991.0801   18.5637
    7.5000   45.0000  -22.500012310.7158   18.5374
   -7.5000  -45.0000  -15.0000 7020.4009   21.4163
    0.0000  -45.0000  -15.0000 7342.6445   21.4034
    7.5000  -45.0000  -15.0000 7057.6104   21.3706
   -7.5000  -37.5000  -15.0000 7818.4922   20.7678
    0.0000  -37.5000  -15.0000 8197.5488   20.7561
    7.5000  -37.5000  -15.0000 7870.7495   20.7283
   -7.5000  -30.0000  -15.0000 8999.1143   20.2548
    0.0000  -30.0000  -15.0000 9443.3291   20.2524
    7.5000  -30.0000  -15.0000 9047.8828   20.2411
   -7.5000  -22.5000  -15.000010262.5293   19.8787
    0.0000  -22.5000  -15.000010769.9824   19.8803
    7.5000  -22.5000  -15.000010290.4082   19.8776
   -7.5000  -15.0000  -15.000011562.3389   19.7209
    0.0000  -15.0000  -15.000012113.1914   19.7202
    7.5000  -15.0000  -15.000011562.4902   19.7128
   -7.5000   -7.5000  -15.000012855.4551   19.6805
    0.0000   -7.5000  -15.000013457.9727   19.6727
    7.5000   -7.5000  -15.000012834.5537   19.6520
   -7.5000    0.0000  -15.000014119.3408   19.6976
    0.0000    0.0000  -15.000014784.9629   19.6841
    7.5000    0.0000  -15.000014076.8037   19.6537
   -7.5000    7.5000  -15.000014217.3457   19.7523
    0.0000    7.5000  -15.000014879.2236   19.7426
    7.5000    7.5000  -15.000014188.7041   19.7180
   -7.5000   15.0000  -15.000014075.7402   19.7862
    0.0000   15.0000  -15.000014722.3301   19.7845
    7.5000   15.0000  -15.000014027.4883   19.7744
   -7.5000   22.5000  -15.000013769.9971   19.7552
    0.0000   22.5000  -15.000014440.2676   19.7568
    7.5000   22.5000  -15.000013724.6191   19.7540
   -7.5000   30.0000  -15.000013434.1943   19.4562
    0.0000   30.0000  -15.000014098.7598   19.4553
    7.5000   30.0000  -15.000013358.1729   19.4479
   -7.5000   37.5000  -15.000013585.3340   19.4258
    0.0000   37.5000  -15.000014282.3066   19.4181
    7.5000   37.5000  -15.000013518.5186   19.3976
   -7.5000   45.0000  -15.000013185.7598   18.9812
    0.0000   45.0000  -15.000013849.3740   18.9682
    7.5000   45.0000  -15.000013138.5762   18.9390
   -7.5000  -45.0000   -7.5000 7480.6274   21.6356
    0.0000  -45.0000   -7.5000 7796.5674   21.6281
    7.5000  -45.0000   -7.5000 7498.0430   21.6005
   -7.5000  -37.5000   -7.5000 8353.6357   20.9735
    0.0000  -37.5000   -7.5000 8755.9316   20.9648
    7.5000  -37.5000   -7.5000 8393.3389   20.9411
   -7.5000  -30.0000   -7.5000 9606.9922   20.4519
    0.0000  -30.0000   -7.500010096.9326   20.4515
    7.5000  -30.0000   -7.5000 9653.3174   20.4451
   -7.5000  -22.5000   -7.500010945.8730   20.0768
    0.0000  -22.5000   -7.500011500.5459   20.0825
    7.5000  -22.5000   -7.500010988.6299   20.0873
   -7.5000  -15.0000   -7.500012348.0264   19.9244
    0.0000  -15.0000   -7.500012948.5498   19.9303
    7.5000  -15.0000   -7.500012343.6445   19.9316
   -7.5000   -7.5000   -7.500013717.7510   19.8864
    0.0000   -7.5000   -7.500014386.5840   19.8848
    7.5000   -7.5000   -7.500013708.6396   19.8711
   -7.5000    0.0000   -7.500015063.4053   19.8997
    0.0000    0.0000   -7.500015787.7168   19.8906
    7.5000    0.0000   -7.500015040.2852   19.8644
   -7.5000    7.5000   -7.500015196.8770   19.9489
    0.0000    7.5000   -7.500015923.7295   19.9417
    7.5000    7.5000   -7.500015175.0000   19.9204
   -7.5000   15.0000   -7.500015041.0410   19.9798
    0.0000   15.0000   -7.500015737.0410   19.9800
    7.5000   15.0000   -7.500015004.9785   19.9746
   -7.5000   22.5000   -7.500014692.9805   19.9497
    0.0000   22.5000   -7.500015365.3965   19.9553
    7.5000   22.5000   -7.500014635.3301   19.9599
   -7.5000   30.0000   -7.500014330.3477   19.6564
    0.0000   30.0000   -7.500015005.2188   19.6621
    7.5000   30.0000   -7.500014251.3477   19.6633
   -7.5000   37.5000   -7.500014485.3574   19.6285
    0.0000   37.5000   -7.500015184.7285   19.6269
    7.5000   37.5000   -7.500014415.8008   19.6134
   -7.5000   45.0000   -7.500014063.2148   19.1795
    0.0000   45.0000   -7.500014730.3506   19.1708
    7.5000   45.0000   -7.500013985.5000   19.1456
   -7.5000  -45.0000    0.0000 7857.6064   21.6995
    0.0000  -45.0000    0.0000 8189.2930   21.7020
    7.5000  -45.0000    0.0000 7855.5996   21.6812
   -7.5000  -37.5000    0.0000 8809.0205   21.0205
    0.0000  -37.5000    0.0000 9238.3975   21.0186
    7.5000  -37.5000    0.0000 8819.7773   21.0010
   -7.5000  -30.0000    0.000010124.2832   20.4829
    0.0000  -30.0000    0.000010666.2383   20.4872
    7.5000  -30.0000    0.000010181.1396   20.4867
   -7.5000  -22.5000    0.000011537.3867   20.1063
    0.0000  -22.5000    0.000012142.8574   20.1179
    7.5000  -22.5000    0.000011617.4219   20.1298
   -7.5000  -15.0000    0.000013005.6230   19.9654
    0.0000  -15.0000    0.000013640.9834   19.9793
    7.5000  -15.0000    0.000013038.3564   19.9883
   -7.5000   -7.5000    0.000014434.3281   19.9415
    0.0000   -7.5000    0.000015158.7949   19.9492
    7.5000   -7.5000    0.000014458.6748   19.9427
   -7.5000    0.0000    0.000015819.7471   19.9572
    0.0000    0.0000    0.000016624.9648   19.9566
    7.5000    0.0000    0.000015901.1758   19.9367
   -7.5000    7.5000    0.000016043.7354   19.9940
    0.0000    7.5000    0.000016920.0645   19.9926
    7.5000    7.5000    0.000016159.0723   19.9766
   -7.5000   15.0000    0.000015934.2646   20.0107
    0.0000   15.0000    0.000016778.8203   20.0152
    7.5000   15.0000    0.000015997.3428   20.0152
   -7.5000   22.5000    0.000015576.0488   19.9789
    0.0000   22.5000    0.000016284.4355   19.9904
    7.5000   22.5000    0.000015530.3945   20.0019
   -7.5000   30.0000    0.000015172.0879   19.6974
    0.0000   30.0000    0.000015875.3701   19.7110
    7.5000   30.0000    0.000015097.7559   19.7198
   -7.5000   37.5000    0.000015331.0293   19.6835
    0.0000   37.5000    0.000016071.4463   19.6910
    7.5000   37.5000    0.000015267.7578   19.6846
   -7.5000   45.0000    0.000014841.2178   19.2365
    0.0000   45.0000    0.000015596.5059   19.2359
    7.5000   45.0000    0.000014788.7334   19.2167
   -7.5000  -45.0000    7.5000 7645.4102   21.7558
    0.0000  -45.0000    7.5000 7990.4878   21.7629
    7.5000  -45.0000    7.5000 7613.4312   21.7432
   -7.5000  -37.5000    7.5000 8564.4639   21.0670
    0.0000  -37.5000    7.5000 9007.7812   21.0692
    7.5000  -37.5000    7.5000 8552.6260   21.0527
   -7.5000  -30.0000    7.5000 9822.5010   20.5148
    0.0000  -30.0000    7.500010380.0791   20.5222
    7.5000  -30.0000    7.5000 9891.1797   20.5218
   -7.5000  -22.5000    7.500011176.7725   20.1302
    0.0000  -22.5000    7.500011790.8232   20.1439
    7.5000  -22.5000    7.500011283.9521   20.1548
   -7.5000  -15.0000    7.500012577.3408   19.9939
    0.0000  -15.0000    7.500013226.1445   20.0096
    7.5000  -15.0000    7.500012668.0869   20.0172
   -7.5000   -7.5000    7.500013948.4316   19.9836
    0.0000   -7.5000    7.500014652.9307   19.9945
    7.5000   -7.5000    7.500014018.8047   19.9877
   -7.5000    0.0000    7.500015343.9326   20.0076
    0.0000    0.0000    7.500016164.1826   20.0113
    7.5000    0.0000    7.500015490.0342   19.9926
   -7.5000    7.5000    7.500015653.8965   20.0376
    0.0000    7.5000    7.500016838.1426   20.0398
    7.5000    7.5000    7.500015978.0410   20.0249
   -7.5000   15.0000    7.500015735.5693   20.0414
    0.0000   15.0000    7.500016828.3633   20.0486
    7.5000   15.0000    7.500015946.7539   20.0487
   -7.5000   22.5000    7.500015396.3926   20.0029
    0.0000   22.5000    7.500016178.6582   20.0163
    7.5000   22.5000    7.500015383.5840   20.0268
   -7.5000   30.0000    7.500014980.9482   19.7255
    0.0000   30.0000    7.500015719.9844   19.7409
    7.5000   30.0000    7.500014876.3496   19.7483
   -7.5000   37.5000    7.500015113.1084   19.7250
    0.0000   37.5000    7.500015942.1387   19.7357
    7.5000   37.5000    7.500015023.8438   19.7290
   -7.5000   45.0000    7.500014600.0811   19.2851
    0.0000   45.0000    7.500015435.0127   19.2886
    7.5000   45.0000    7.500014500.6455   19.2705
   -7.5000  -45.0000   15.0000 7278.4468   21.7927
    0.0000  -45.0000   15.0000 7639.7524   21.7957
    7.5000  -45.0000   15.0000 7242.8774   21.7716
   -7.5000  -37.5000   15.0000 8182.2500   21.1078
    0.0000  -37.5000   15.0000 8644.4521   21.1080
    7.5000  -37.5000   15.0000 8185.5522   21.0873
   -7.5000  -30.0000   15.0000 9433.3037   20.5564
    0.0000  -30.0000   15.0000 9981.7354   20.5625
    7.5000  -30.0000   15.0000 9501.3340   20.5569
   -7.5000  -22.5000   15.000010741.8496   20.1661
    0.0000  -22.5000   15.000011318.1553   20.1766
    7.5000  -22.5000   15.000010834.3555   20.1800
   -7.5000  -15.0000   15.000012058.1260   20.0242
    0.0000  -15.0000   15.000012676.8242   20.0349
    7.5000  -15.0000   15.000012155.5273   20.0342
   -7.5000   -7.5000   15.000013351.9199   20.0129
    0.0000   -7.5000   15.000014001.0664   20.0191
    7.5000   -7.5000   15.000013442.4873   20.0061
   -7.5000    0.0000   15.000014664.7480   20.0411
    0.0000    0.0000   15.000015507.4336   20.0416
    7.5000    0.0000   15.000014825.7129   20.0191
   -7.5000    7.5000   15.000014912.0488   20.0755
    0.0000    7.5000   15.000016181.5947   20.0760
    7.5000    7.5000   15.000015180.4678   20.0577
   -7.5000   15.0000   15.000014977.5127   20.0808
    0.0000   15.0000   15.000016219.4492   20.0868
    7.5000   15.0000   15.000015174.9746   20.0819
   -7.5000   22.5000   15.000014738.4463   20.0389
    0.0000   22.5000   15.000015736.5498   20.0491
    7.5000   22.5000   15.000014769.1465   20.0522
   -7.5000   30.0000   15.000014378.7217   19.7554
    0.0000   30.0000   15.000015312.2529   19.7658
    7.5000   30.0000   15.000014335.3164   19.7651
   -7.5000   37.5000   15.000014468.0059   19.7539
    0.0000   37.5000   15.000015414.3867   19.7600
    7.5000   37.5000   15.000014423.7881   19.7472
   -7.5000   45.0000   15.000013915.8613   19.3173
    0.0000   45.0000   15.000014775.7432   19.3178
    7.5000   45.0000   15.000013852.8838   19.2961
   -7.5000  -45.0000   22.5000 6857.0068   21.8205
    0.0000  -45.0000   22.5000 7227.6670   21.8131
    7.5000  -45.0000   22.5000 6843.4932   21.7821
   -7.5000  -37.5000   22.5000 7714.4849   21.1478
    0.0000  -37.5000   22.5000 8176.9033   21.1404
    7.5000  -37.5000   22.5000 7735.7793   21.1142
   -7.5000  -30.0000   22.5000 8899.5078   20.6108
    0.0000  -30.0000   22.5000 9426.6602   20.6117
    7.5000  -30.0000   22.5000 8942.4990   20.6008
   -7.5000  -22.5000   22.500010148.6348   20.2215
    0.0000  -22.5000   22.500010723.5234   20.2258
    7.5000  -22.5000   22.500010188.7695   20.2227
   -7.5000  -15.0000   22.500011389.9033   20.0675
    0.0000  -15.0000   22.500012021.0029   20.0697
    7.5000  -15.0000   22.500011437.4863   20.0615
   -7.5000   -7.5000   22.500012636.1660   20.0399
    0.0000   -7.5000   22.500013320.5635   20.0365
    7.5000   -7.5000   22.500012704.2441   20.0163
   -7.5000    0.0000   22.500013906.5205   20.0638
    0.0000    0.0000   22.500014775.1553   20.0552
    7.5000    0.0000   22.500014053.8701   20.0267
   -7.5000    7.5000   22.500014089.2998   20.1108
    0.0000    7.5000   22.500015112.0977   20.1049
    7.5000    7.5000   22.500014287.1426   20.0819
   -7.5000   15.0000   22.500014016.6738   20.1322
    0.0000   15.0000   22.500014905.4434   20.1336
    7.5000   15.0000   22.500014111.9736   20.1237
   -7.5000   22.5000   22.500013768.1924   20.0937
    0.0000   22.5000   22.500014527.2441   20.0978
    7.5000   22.5000   22.500013838.0986   20.0945
   -7.5000   30.0000   22.500013477.5312   19.7980
    0.0000   30.0000   22.500014265.0449   19.8002
    7.5000   30.0000   22.500013561.2881   19.7919
   -7.5000   37.5000   22.500013569.0996   19.7806
    0.0000   37.5000   22.500014389.6211   19.7772
    7.5000   37.5000   22.500013664.2666   19.7572
   -7.5000   45.0000   22.500013061.2227   19.3392
    0.0000   45.0000   22.500013837.7529   19.3309
    7.5000   45.0000   22.500013130.5088   19.3034
   -7.5000  -45.0000   30.0000 6339.8867   21.8887
    0.0000  -45.0000   30.0000 6686.1758   21.8749
    7.5000  -45.0000   30.0000 6348.1182   21.8409
   -7.5000  -37.5000   30.0000 7147.2754   21.2210
    0.0000  -37.5000   30.0000 7563.1816   21.2085
    7.5000  -37.5000   30.0000 7184.5420   21.1798
   -7.5000  -30.0000   30.0000 8245.6719   20.6920
    0.0000  -30.0000   30.0000 8728.4902   20.6892
    7.5000  -30.0000   30.0000 8314.2832   20.6777
   -7.5000  -22.5000   30.0000 9412.2842   20.3049
    0.0000  -22.5000   30.0000 9926.2168   20.3064
    7.5000  -22.5000   30.0000 9473.4258   20.3037
   -7.5000  -15.0000   30.000010590.3916   20.1432
    0.0000  -15.0000   30.000011124.3066   20.1423
    7.5000  -15.0000   30.000010646.2695   20.1346
   -7.5000   -7.5000   30.000011770.2598   20.1023
    0.0000   -7.5000   30.000012349.7373   20.0940
    7.5000   -7.5000   30.000011841.6592   20.0725
   -7.5000    0.0000   30.000012917.0479   20.1200
    0.0000    0.0000   30.000013608.9854   20.1058
    7.5000    0.0000   30.000013072.3359   20.0743
   -7.5000    7.5000   30.000013024.2480   20.1755
    0.0000    7.5000   30.000013728.8447   20.1652
    7.5000    7.5000   30.000013182.0752   20.1398
   -7.5000   15.0000   30.000012908.6758   20.2096
    0.0000   15.0000   30.000013517.8965   20.2076
    7.5000   15.0000   30.000013017.9219   20.1973
   -7.5000   22.5000   30.000012653.2158   20.1757
    0.0000   22.5000   30.000013228.9092   20.1772
    7.5000   22.5000   30.000012768.5488   20.1743
   -7.5000   30.0000   30.000012391.8428   19.8727
    0.0000   30.0000   30.000012972.8867   19.8717
    7.5000   30.0000   30.000012511.1904   19.8640
   -7.5000   37.5000   30.000012535.0801   19.8421
    0.0000   37.5000   30.000013146.8760   19.8340
    7.5000   37.5000   30.000012646.8789   19.8127
   -7.5000   45.0000   30.000012121.1445   19.3934
    0.0000   45.0000   30.000012718.7891   19.3796
    7.5000   45.0000   30.000012181.3896   19.3493
   -7.5000  -45.0000   37.5000 6111.0415   22.2350
    0.0000  -45.0000   37.5000 6436.9082   22.2259
    7.5000  -45.0000   37.5000 6151.5376   22.1962
   -7.5000  -37.5000   37.5000 6880.1123   21.5457
    0.0000  -37.5000   37.5000 7258.0869   21.5356
    7.5000  -37.5000   37.5000 6938.1641   21.5106
   -7.5000  -30.0000   37.5000 7931.1606   21.0022
    0.0000  -30.0000   37.5000 8352.5146   21.0011
    7.5000  -30.0000   37.5000 8010.9463   20.9949
   -7.5000  -22.5000   37.5000 9044.7490   20.6109
    0.0000  -22.5000   37.5000 9516.7246   20.6164
    7.5000  -22.5000   37.5000 9137.5166   20.6219
   -7.5000  -15.0000   37.500010185.4834   20.4514
    0.0000  -15.0000   37.500010693.1318   20.4571
    7.5000  -15.0000   37.500010280.1318   20.4584
   -7.5000   -7.5000   37.500011332.1914   20.4121
    0.0000   -7.5000   37.500011885.2217   20.4099
    7.5000   -7.5000   37.500011439.5352   20.3951
   -7.5000    0.0000   37.500012417.6924   20.4263
    0.0000    0.0000   37.500013041.5605   20.4160
    7.5000    0.0000   37.500012573.6055   20.3881
   -7.5000    7.5000   37.500012492.6260   20.4772
    0.0000    7.5000   37.500013096.4932   20.4690
    7.5000    7.5000   37.500012654.8105   20.4465
   -7.5000   15.0000   37.500012374.8389   20.5088
    0.0000   15.0000   37.500012924.6494   20.5085
    7.5000   15.0000   37.500012508.6104   20.5032
   -7.5000   22.5000   37.500012148.5791   20.4775
    0.0000   22.5000   37.500012691.2158   20.4830
    7.5000   22.5000   37.500012287.8652   20.4883
   -7.5000   30.0000   37.500011885.4512   20.1766
    0.0000   30.0000   37.500012429.2012   20.1821
    7.5000   30.0000   37.500012018.5615   20.1833
   -7.5000   37.5000   37.500012039.5684   20.1480
    0.0000   37.5000   37.500012603.6211   20.1457
    7.5000   37.5000   37.500012166.8145   20.1311
   -7.5000   45.0000   37.500011661.9219   19.6886
    0.0000   45.0000   37.500012226.7041   19.6786
    7.5000   45.0000   37.500011757.1279   19.6518
   -7.5000  -45.0000   45.0000 5656.5610   22.6341
    0.0000  -45.0000   45.0000 5939.6870   22.6346
    7.5000  -45.0000   45.0000 5684.7266   22.6111
   -7.5000  -37.5000   45.0000 6348.4619   21.9097
    0.0000  -37.5000   45.0000 6666.4839   21.9062
    7.5000  -37.5000   45.0000 6393.9624   21.8869
   -7.5000  -30.0000   45.0000 7304.4648   21.3362
    0.0000  -30.0000   45.0000 7684.6606   21.3394
    7.5000  -30.0000   45.0000 7371.9058   21.3392
   -7.5000  -22.5000   45.0000 8316.8125   20.9346
    0.0000  -22.5000   45.0000 8758.2822   20.9452
    7.5000  -22.5000   45.0000 8412.6133   20.9581
   -7.5000  -15.0000   45.0000 9380.8242   20.7843
    0.0000  -15.0000   45.0000 9862.0498   20.7971
    7.5000  -15.0000   45.0000 9468.5586   20.8063
   -7.5000   -7.5000   45.000010441.5957   20.7585
    0.0000   -7.5000   45.000010957.2900   20.7647
    7.5000   -7.5000   45.000010531.8838   20.7568
   -7.5000    0.0000   45.000011431.4424   20.7766
    0.0000    0.0000   45.000011981.7393   20.7745
    7.5000    0.0000   45.000011560.5117   20.7522
   -7.5000    7.5000   45.000011496.1699   20.8172
    0.0000    7.5000   45.000012010.0752   20.8145
    7.5000    7.5000   45.000011614.7744   20.7971
   -7.5000   15.0000   45.000011373.3398   20.8354
    0.0000   15.0000   45.000011871.9502   20.8389
    7.5000   15.0000   45.000011494.2852   20.8392
   -7.5000   22.5000   45.000011163.9629   20.8006
    0.0000   22.5000   45.000011647.5273   20.8110
    7.5000   22.5000   45.000011289.9307   20.8235
   -7.5000   30.0000   45.000010906.7314   20.5032
    0.0000   30.0000   45.000011372.5186   20.5156
    7.5000   30.0000   45.000011016.9404   20.5246
   -7.5000   37.5000   45.000011063.8838   20.4881
    0.0000   37.5000   45.000011565.7295   20.4942
    7.5000   37.5000   45.000011181.4961   20.4864
   -7.5000   45.0000   45.000010717.7549   20.0354
    0.0000   45.0000   45.000011251.7852   20.0333
    7.5000   45.0000   45.000010819.9473   20.0118

---------------------------------------------------------------------
imgreg_4dfp /opt/freesurfer/average/711-2C_as_mni_average_305 /opt/freesurfer/average/711-2B_as_mni_average_305_mask talsrcimg_g11 none talsrcimg_to_711-2C_as_mni_average_305_t4 4355
---------------------------------------------------------------------

freesurfer imgreg_4dfp.c
/opt/freesurfer/average/711-2C_as_mni_average_305.4dfp.img
       256       256       256         1
  1.000000  1.000000  1.000000
orientation T byte_order littleendian
Reading image: /opt/freesurfer/average/711-2C_as_mni_average_305.4dfp.img
dimensions:      256       256       256
mmppix:       1.0000   -1.0000   -1.0000
center:     128.0000 -129.0000 -129.0000
/opt/freesurfer/average/711-2B_as_mni_average_305_mask.4dfp.img
       256       256       256         1
  1.000000  1.000000  1.000000
orientation T byte_order littleendian
Reading mask: /opt/freesurfer/average/711-2B_as_mni_average_305_mask.4dfp.img (2306576 pixels)
talsrcimg_g11.4dfp.img
       256       256       256         1
  1.000000  1.000000  1.000000
orientation T byte_order littleendian
Reading image: talsrcimg_g11.4dfp.img
dimensions:      256       256       256
mmppix:       1.0000   -1.0000   -1.0000
center:     128.0000 -129.0000 -129.0000
rotation matrix determinant  1.000000
image alignment mode   4355 decimal     1103 hex
   -7.5000  -37.5000  -45.0000 1736.8209   34.1528
    0.0000  -37.5000  -45.0000 1741.1935   33.7484
    7.5000  -37.5000  -45.0000 1735.6216   33.6854
   -7.5000  -30.0000  -45.0000 1854.7551   29.3752
    0.0000  -30.0000  -45.0000 1862.1937   29.0728
    7.5000  -30.0000  -45.0000 1864.4341   28.9868
   -7.5000  -22.5000  -45.0000 1971.4060   25.8518
    0.0000  -22.5000  -45.0000 1984.9349   25.6006
    7.5000  -22.5000  -45.0000 1985.6890   25.5356
   -7.5000  -15.0000  -45.0000 2077.9333   23.1864
    0.0000  -15.0000  -45.0000 2092.0312   23.0273
    7.5000  -15.0000  -45.0000 2088.5593   22.9075
   -7.5000   -7.5000  -45.0000 2173.3499   21.2268
    0.0000   -7.5000  -45.0000 2192.4968   21.1517
    7.5000   -7.5000  -45.0000 2190.7644   21.0673
   -7.5000    0.0000  -45.0000 2255.7422   19.7622
    0.0000    0.0000  -45.0000 2277.6489   19.6870
    7.5000    0.0000  -45.0000 2266.0334   19.5863
   -7.5000    7.5000  -45.0000 2297.2527   18.7225
    0.0000    7.5000  -45.0000 2321.0620   18.6147
    7.5000    7.5000  -45.0000 2310.5869   18.4595
   -7.5000   15.0000  -45.0000 2318.5884   18.0336
    0.0000   15.0000  -45.0000 2344.3391   17.8393
    7.5000   15.0000  -45.0000 2334.7444   17.7401
   -7.5000   22.5000  -45.0000 2325.0098   17.6490
    0.0000   22.5000  -45.0000 2350.5251   17.5224
    7.5000   22.5000  -45.0000 2348.9797   17.4725
   -7.5000   30.0000  -45.0000 2320.3608   17.6117
    0.0000   30.0000  -45.0000 2338.6660   17.5304
    7.5000   30.0000  -45.0000 2336.1689   17.5575
   -7.5000   37.5000  -45.0000 2296.0061   18.0204
    0.0000   37.5000  -45.0000 2320.7981   17.9061
    7.5000   37.5000  -45.0000 2312.2214   17.9044
   -7.5000   45.0000  -45.0000 2257.3723   18.7506
    0.0000   45.0000  -45.0000 2276.0227   18.6045
    7.5000   45.0000  -45.0000 2270.3286   18.5819
   -7.5000   52.5000  -45.0000 2176.3818   19.7534
    0.0000   52.5000  -45.0000 2194.1904   19.5588
    7.5000   52.5000  -45.0000 2192.3047   19.5575
   -7.5000  -37.5000  -37.5000 1788.7587   31.7403
    0.0000  -37.5000  -37.5000 1793.6689   31.5997
    7.5000  -37.5000  -37.5000 1798.4222   31.5039
   -7.5000  -30.0000  -37.5000 1912.2068   27.3982
    0.0000  -30.0000  -37.5000 1924.6354   27.2821
    7.5000  -30.0000  -37.5000 1931.8386   27.1195
   -7.5000  -22.5000  -37.5000 2037.4845   24.0728
    0.0000  -22.5000  -37.5000 2056.6235   23.9457
    7.5000  -22.5000  -37.5000 2055.4587   23.7804
   -7.5000  -15.0000  -37.5000 2158.7576   21.5902
    0.0000  -15.0000  -37.5000 2177.9021   21.4697
    7.5000  -15.0000  -37.5000 2171.4465   21.3308
   -7.5000   -7.5000  -37.5000 2264.9395   19.7392
    0.0000   -7.5000  -37.5000 2284.5205   19.5990
    7.5000   -7.5000  -37.5000 2274.3599   19.5499
   -7.5000    0.0000  -37.5000 2347.9062   18.3313
    0.0000    0.0000  -37.5000 2368.9055   18.2235
    7.5000    0.0000  -37.5000 2351.7083   18.1726
   -7.5000    7.5000  -37.5000 2392.1074   17.3278
    0.0000    7.5000  -37.5000 2414.4570   17.1998
    7.5000    7.5000  -37.5000 2402.3809   17.1160
   -7.5000   15.0000  -37.5000 2417.2078   16.6609
    0.0000   15.0000  -37.5000 2441.8484   16.4919
    7.5000   15.0000  -37.5000 2432.7622   16.4614
   -7.5000   22.5000  -37.5000 2431.3823   16.3376
    0.0000   22.5000  -37.5000 2452.2605   16.1862
    7.5000   22.5000  -37.5000 2450.9626   16.1750
   -7.5000   30.0000  -37.5000 2416.8408   16.3190
    0.0000   30.0000  -37.5000 2438.6987   16.2076
    7.5000   30.0000  -37.5000 2443.1516   16.2394
   -7.5000   37.5000  -37.5000 2395.0645   16.6600
    0.0000   37.5000  -37.5000 2425.7275   16.5578
    7.5000   37.5000  -37.5000 2418.6155   16.5649
   -7.5000   45.0000  -37.5000 2357.0542   17.3212
    0.0000   45.0000  -37.5000 2382.1321   17.2396
    7.5000   45.0000  -37.5000 2375.4233   17.2002
   -7.5000   52.5000  -37.5000 2267.4099   18.2851
    0.0000   52.5000  -37.5000 2292.5413   18.1771
    7.5000   52.5000  -37.5000 2287.7263   18.1531
   -7.5000  -37.5000  -30.0000 1865.4401   30.8536
    0.0000  -37.5000  -30.0000 1876.8778   30.5553
    7.5000  -37.5000  -30.0000 1880.5225   30.5323
   -7.5000  -30.0000  -30.0000 2002.9447   26.5392
    0.0000  -30.0000  -30.0000 2018.1412   26.3705
    7.5000  -30.0000  -30.0000 2018.1261   26.2200
   -7.5000  -22.5000  -30.0000 2141.5598   23.3399
    0.0000  -22.5000  -30.0000 2162.5659   23.1934
    7.5000  -22.5000  -30.0000 2153.3545   23.0581
   -7.5000  -15.0000  -30.0000 2270.3982   20.9129
    0.0000  -15.0000  -30.0000 2291.2092   20.7635
    7.5000  -15.0000  -30.0000 2277.9324   20.6208
   -7.5000   -7.5000  -30.0000 2375.5681   19.0187
    0.0000   -7.5000  -30.0000 2399.0847   18.8479
    7.5000   -7.5000  -30.0000 2385.0513   18.7972
   -7.5000    0.0000  -30.0000 2466.3918   17.6283
    0.0000    0.0000  -30.0000 2490.1802   17.4267
    7.5000    0.0000  -30.0000 2473.4114   17.4272
   -7.5000    7.5000  -30.0000 2519.9514   16.6110
    0.0000    7.5000  -30.0000 2540.2856   16.4353
    7.5000    7.5000  -30.0000 2528.3931   16.4585
   -7.5000   15.0000  -30.0000 2557.6296   15.9461
    0.0000   15.0000  -30.0000 2579.0688   15.8008
    7.5000   15.0000  -30.0000 2565.9551   15.7943
   -7.5000   22.5000  -30.0000 2577.2366   15.6309
    0.0000   22.5000  -30.0000 2598.5869   15.4555
    7.5000   22.5000  -30.0000 2594.3430   15.4987
   -7.5000   30.0000  -30.0000 2568.4658   15.6321
    0.0000   30.0000  -30.0000 2591.1953   15.4950
    7.5000   30.0000  -30.0000 2589.6257   15.5451
   -7.5000   37.5000  -30.0000 2541.8899   15.9750
    0.0000   37.5000  -30.0000 2574.6018   15.8377
    7.5000   37.5000  -30.0000 2566.7402   15.8577
   -7.5000   45.0000  -30.0000 2498.2791   16.6344
    0.0000   45.0000  -30.0000 2527.8799   16.5332
    7.5000   45.0000  -30.0000 2519.4304   16.5436
   -7.5000   52.5000  -30.0000 2399.4192   17.5599
    0.0000   52.5000  -30.0000 2428.3574   17.4596
    7.5000   52.5000  -30.0000 2423.0818   17.4680
   -7.5000  -37.5000  -22.5000 1915.8638   29.6364
    0.0000  -37.5000  -22.5000 1934.7410   29.3990
    7.5000  -37.5000  -22.5000 1936.4937   29.4469
   -7.5000  -30.0000  -22.5000 2068.2356   25.5873
    0.0000  -30.0000  -22.5000 2085.6519   25.2973
    7.5000  -30.0000  -22.5000 2082.9849   25.3084
   -7.5000  -22.5000  -22.5000 2214.9990   22.4533
    0.0000  -22.5000  -22.5000 2238.2646   22.1766
    7.5000  -22.5000  -22.5000 2230.6287   22.2438
   -7.5000  -15.0000  -22.5000 2346.2830   19.9957
    0.0000  -15.0000  -22.5000 2369.4883   19.7890
    7.5000  -15.0000  -22.5000 2353.9043   19.7671
   -7.5000   -7.5000  -22.5000 2459.0913   18.1136
    0.0000   -7.5000  -22.5000 2482.9780   17.9561
    7.5000   -7.5000  -22.5000 2466.4392   17.9464
   -7.5000    0.0000  -22.5000 2553.8811   16.7444
    0.0000    0.0000  -22.5000 2576.8586   16.5321
    7.5000    0.0000  -22.5000 2562.9583   16.5657
   -7.5000    7.5000  -22.5000 2616.8086   15.7999
    0.0000    7.5000  -22.5000 2639.5012   15.5723
    7.5000    7.5000  -22.5000 2633.4998   15.6222
   -7.5000   15.0000  -22.5000 2661.1479   15.1393
    0.0000   15.0000  -22.5000 2687.6682   14.9655
    7.5000   15.0000  -22.5000 2679.8000   15.0139
   -7.5000   22.5000  -22.5000 2692.6436   14.7862
    0.0000   22.5000  -22.5000 2717.2798   14.6295
    7.5000   22.5000  -22.5000 2708.7498   14.7058
   -7.5000   30.0000  -22.5000 2690.8306   14.7712
    0.0000   30.0000  -22.5000 2716.0530   14.6595
    7.5000   30.0000  -22.5000 2708.2214   14.7257
   -7.5000   37.5000  -22.5000 2664.7473   15.1339
    0.0000   37.5000  -22.5000 2699.5662   14.9827
    7.5000   37.5000  -22.5000 2686.9883   15.0462
   -7.5000   45.0000  -22.5000 2613.0911   15.8363
    0.0000   45.0000  -22.5000 2646.3423   15.6836
    7.5000   45.0000  -22.5000 2637.3696   15.7114
   -7.5000   52.5000  -22.5000 2510.9680   16.7366
    0.0000   52.5000  -22.5000 2539.0706   16.5847
    7.5000   52.5000  -22.5000 2531.0818   16.6212
   -7.5000  -37.5000  -15.0000 1947.2494   28.6281
    0.0000  -37.5000  -15.0000 1966.5891   28.4119
    7.5000  -37.5000  -15.0000 1967.9413   28.6115
   -7.5000  -30.0000  -15.0000 2106.6899   24.6737
    0.0000  -30.0000  -15.0000 2125.9668   24.3943
    7.5000  -30.0000  -15.0000 2123.0762   24.5150
   -7.5000  -22.5000  -15.0000 2257.7446   21.5914
    0.0000  -22.5000  -15.0000 2280.1731   21.3140
    7.5000  -22.5000  -15.0000 2270.8403   21.3986
   -7.5000  -15.0000  -15.0000 2391.1323   19.1696
    0.0000  -15.0000  -15.0000 2413.4592   18.9411
    7.5000  -15.0000  -15.0000 2399.2898   19.0274
   -7.5000   -7.5000  -15.0000 2506.5974   17.2886
    0.0000   -7.5000  -15.0000 2528.5959   17.0897
    7.5000   -7.5000  -15.0000 2517.0398   17.1673
   -7.5000    0.0000  -15.0000 2607.4006   15.9508
    0.0000    0.0000  -15.0000 2633.5129   15.7388
    7.5000    0.0000  -15.0000 2624.0671   15.7518
   -7.5000    7.5000  -15.0000 2685.2981   14.9986
    0.0000    7.5000  -15.0000 2717.9131   14.7742
    7.5000    7.5000  -15.0000 2712.7014   14.8160
   -7.5000   15.0000  -15.0000 2737.0820   14.3262
    0.0000   15.0000  -15.0000 2770.9697   14.1538
    7.5000   15.0000  -15.0000 2764.5720   14.2276
   -7.5000   22.5000  -15.0000 2770.4143   13.9771
    0.0000   22.5000  -15.0000 2803.1084   13.8128
    7.5000   22.5000  -15.0000 2794.8254   13.9212
   -7.5000   30.0000  -15.0000 2775.3054   13.9948
    0.0000   30.0000  -15.0000 2803.4736   13.8293
    7.5000   30.0000  -15.0000 2796.9148   13.9336
   -7.5000   37.5000  -15.0000 2757.5322   14.3499
    0.0000   37.5000  -15.0000 2786.5791   14.1683
    7.5000   37.5000  -15.0000 2779.7644   14.2662
   -7.5000   45.0000  -15.0000 2701.4563   15.0425
    0.0000   45.0000  -15.0000 2731.6335   14.8408
    7.5000   45.0000  -15.0000 2728.3567   14.9140
   -7.5000   52.5000  -15.0000 2590.1233   15.9376
    0.0000   52.5000  -15.0000 2616.5522   15.7329
    7.5000   52.5000  -15.0000 2613.8369   15.7924
   -7.5000  -37.5000   -7.5000 1974.1415   27.9283
    0.0000  -37.5000   -7.5000 1988.4154   27.7085
    7.5000  -37.5000   -7.5000 1991.6676   27.9687
   -7.5000  -30.0000   -7.5000 2130.6301   23.9954
    0.0000  -30.0000   -7.5000 2149.9478   23.7226
    7.5000  -30.0000   -7.5000 2146.6838   23.8954
   -7.5000  -22.5000   -7.5000 2274.4543   20.8883
    0.0000  -22.5000   -7.5000 2298.3354   20.6542
    7.5000  -22.5000   -7.5000 2292.5886   20.7764
   -7.5000  -15.0000   -7.5000 2409.5161   18.5049
    0.0000  -15.0000   -7.5000 2433.6418   18.2789
    7.5000  -15.0000   -7.5000 2425.5464   18.4162
   -7.5000   -7.5000   -7.5000 2529.7073   16.6751
    0.0000   -7.5000   -7.5000 2559.8379   16.4696
    7.5000   -7.5000   -7.5000 2550.3145   16.5786
   -7.5000    0.0000   -7.5000 2640.4695   15.3002
    0.0000    0.0000   -7.5000 2675.2554   15.0851
    7.5000    0.0000   -7.5000 2668.1116   15.1911
   -7.5000    7.5000   -7.5000 2734.7449   14.3483
    0.0000    7.5000   -7.5000 2772.4543   14.1122
    7.5000    7.5000   -7.5000 2767.5544   14.2065
   -7.5000   15.0000   -7.5000 2797.9592   13.7014
    0.0000   15.0000   -7.5000 2834.0042   13.4355
    7.5000   15.0000   -7.5000 2832.2327   13.5823
   -7.5000   22.5000   -7.5000 2842.0769   13.3276
    0.0000   22.5000   -7.5000 2870.6736   13.0720
    7.5000   22.5000   -7.5000 2867.4087   13.2236
   -7.5000   30.0000   -7.5000 2849.3967   13.3436
    0.0000   30.0000   -7.5000 2874.5068   13.1184
    7.5000   30.0000   -7.5000 2872.3928   13.2585
   -7.5000   37.5000   -7.5000 2825.6179   13.7139
    0.0000   37.5000   -7.5000 2850.1528   13.4721
    7.5000   37.5000   -7.5000 2850.3569   13.6133
   -7.5000   45.0000   -7.5000 2763.7915   14.4024
    0.0000   45.0000   -7.5000 2788.8049   14.1425
    7.5000   45.0000   -7.5000 2792.0310   14.2652
   -7.5000   52.5000   -7.5000 2649.0229   15.2909
    0.0000   52.5000   -7.5000 2672.3225   15.0362
    7.5000   52.5000   -7.5000 2671.6990   15.1463
   -7.5000  -37.5000    0.0000 1979.9825   27.6694
    0.0000  -37.5000    0.0000 2000.7289   27.4198
    7.5000  -37.5000    0.0000 1993.1929   27.7276
   -7.5000  -30.0000    0.0000 2130.3796   23.6747
    0.0000  -30.0000    0.0000 2158.5955   23.4294
    7.5000  -30.0000    0.0000 2151.8945   23.6668
   -7.5000  -22.5000    0.0000 2279.0767   20.5586
    0.0000  -22.5000    0.0000 2305.8535   20.3155
    7.5000  -22.5000    0.0000 2305.7905   20.5449
   -7.5000  -15.0000    0.0000 2420.4946   18.1599
    0.0000  -15.0000    0.0000 2440.6719   17.9127
    7.5000  -15.0000    0.0000 2441.4700   18.1268
   -7.5000   -7.5000    0.0000 2543.0806   16.3318
    0.0000   -7.5000    0.0000 2570.7490   16.0978
    7.5000   -7.5000    0.0000 2569.4546   16.2861
   -7.5000    0.0000    0.0000 2656.3860   14.9746
    0.0000    0.0000    0.0000 2686.1868   14.7548
    7.5000    0.0000    0.0000 2686.0911   14.9191
   -7.5000    7.5000    0.0000 2758.5334   14.0305
    0.0000    7.5000    0.0000 2795.4954   13.8092
    7.5000    7.5000    0.0000 2798.3770   13.9514
   -7.5000   15.0000    0.0000 2843.1985   13.3681
    0.0000   15.0000    0.0000 2881.5774   13.0788
    7.5000   15.0000    0.0000 2879.9893   13.2617
   -7.5000   22.5000    0.0000 2898.1626   12.9336
    0.0000   22.5000    0.0000 2923.9561   12.5927
    7.5000   22.5000    0.0000 2922.3040   12.8153
   -7.5000   30.0000    0.0000 2904.1848   12.9419
    0.0000   30.0000    0.0000 2922.6831   12.6817
    7.5000   30.0000    0.0000 2927.8528   12.8656
   -7.5000   37.5000    0.0000 2877.8574   13.3373
    0.0000   37.5000    0.0000 2895.7332   13.0753
    7.5000   37.5000    0.0000 2904.7104   13.2340
   -7.5000   45.0000    0.0000 2806.2322   14.0463
    0.0000   45.0000    0.0000 2830.7419   13.7450
    7.5000   45.0000    0.0000 2840.2437   13.8974
   -7.5000   52.5000    0.0000 2685.4446   14.9559
    0.0000   52.5000    0.0000 2705.8882   14.6758
    7.5000   52.5000    0.0000 2711.8201   14.8404
   -7.5000  -37.5000    7.5000 1973.2430   27.8256
    0.0000  -37.5000    7.5000 1994.2681   27.6414
    7.5000  -37.5000    7.5000 1985.2280   27.8615
   -7.5000  -30.0000    7.5000 2122.9700   23.6432
    0.0000  -30.0000    7.5000 2154.0918   23.4117
    7.5000  -30.0000    7.5000 2144.8787   23.6438
   -7.5000  -22.5000    7.5000 2269.0195   20.4160
    0.0000  -22.5000    7.5000 2299.3909   20.1606
    7.5000  -22.5000    7.5000 2299.6855   20.4613
   -7.5000  -15.0000    7.5000 2410.2134   18.0342
    0.0000  -15.0000    7.5000 2430.9536   17.7929
    7.5000  -15.0000    7.5000 2434.0173   18.0829
   -7.5000   -7.5000    7.5000 2537.1323   16.2176
    0.0000   -7.5000    7.5000 2561.8899   15.9997
    7.5000   -7.5000    7.5000 2565.9734   16.2217
   -7.5000    0.0000    7.5000 2661.5828   14.8854
    0.0000    0.0000    7.5000 2685.2427   14.6726
    7.5000    0.0000    7.5000 2692.7708   14.8536
   -7.5000    7.5000    7.5000 2773.6433   13.9623
    0.0000    7.5000    7.5000 2808.3691   13.8047
    7.5000    7.5000    7.5000 2812.8069   13.9267
   -7.5000   15.0000    7.5000 2871.2290   13.3346
    0.0000   15.0000    7.5000 2919.6143   13.2310
    7.5000   15.0000    7.5000 2912.6226   13.2874
   -7.5000   22.5000    7.5000 2934.1289   12.8629
    0.0000   22.5000    7.5000 2972.4546   12.6021
    7.5000   22.5000    7.5000 2961.9363   12.8001
   -7.5000   30.0000    7.5000 2940.7341   12.8521
    0.0000   30.0000    7.5000 2975.1250   12.5958
    7.5000   30.0000    7.5000 2959.0393   12.7550
   -7.5000   37.5000    7.5000 2905.3367   13.2573
    0.0000   37.5000    7.5000 2934.4912   13.0495
    7.5000   37.5000    7.5000 2928.6082   13.1284
   -7.5000   45.0000    7.5000 2828.5930   13.9349
    0.0000   45.0000    7.5000 2859.7080   13.7275
    7.5000   45.0000    7.5000 2855.9124   13.7956
   -7.5000   52.5000    7.5000 2703.2925   14.7833
    0.0000   52.5000    7.5000 2730.4268   14.6022
    7.5000   52.5000    7.5000 2725.9104   14.6558
   -7.5000  -37.5000   15.0000 1948.4694   28.3774
    0.0000  -37.5000   15.0000 1972.9750   28.2184
    7.5000  -37.5000   15.0000 1965.6650   28.3895
   -7.5000  -30.0000   15.0000 2106.0166   23.9259
    0.0000  -30.0000   15.0000 2132.9290   23.7621
    7.5000  -30.0000   15.0000 2125.6162   24.0059
   -7.5000  -22.5000   15.0000 2256.7881   20.6302
    0.0000  -22.5000   15.0000 2280.8799   20.3944
    7.5000  -22.5000   15.0000 2285.6592   20.7296
   -7.5000  -15.0000   15.0000 2393.3909   18.1666
    0.0000  -15.0000   15.0000 2419.0271   17.9298
    7.5000  -15.0000   15.0000 2424.3462   18.2221
   -7.5000   -7.5000   15.0000 2522.1343   16.3767
    0.0000   -7.5000   15.0000 2546.2229   16.1060
    7.5000   -7.5000   15.0000 2556.5940   16.3266
   -7.5000    0.0000   15.0000 2645.7727   15.0273
    0.0000    0.0000   15.0000 2676.0344   14.8655
    7.5000    0.0000   15.0000 2684.5083   14.9806
   -7.5000    7.5000   15.0000 2767.3467   14.1161
    0.0000    7.5000   15.0000 2807.5603   14.0736
    7.5000    7.5000   15.0000 2807.4138   14.0629
   -7.5000   15.0000   15.0000 2864.5991   13.4474
    0.0000   15.0000   15.0000 2930.2139   13.4979
    7.5000   15.0000   15.0000 2906.6423   13.3820
   -7.5000   22.5000   15.0000 2923.1431   13.0556
    0.0000   22.5000   15.0000 2979.9380   12.9420
    7.5000   22.5000   15.0000 2944.1589   12.9467
   -7.5000   30.0000   15.0000 2935.0811   13.0367
    0.0000   30.0000   15.0000 2987.7058   12.8720
    7.5000   30.0000   15.0000 2953.9229   12.9175
   -7.5000   37.5000   15.0000 2902.7534   13.3406
    0.0000   37.5000   15.0000 2942.3989   13.2189
    7.5000   37.5000   15.0000 2922.4419   13.2255
   -7.5000   45.0000   15.0000 2830.8955   13.9566
    0.0000   45.0000   15.0000 2855.6379   13.7954
    7.5000   45.0000   15.0000 2847.3127   13.8094
   -7.5000   52.5000   15.0000 2701.3301   14.7982
    0.0000   52.5000   15.0000 2719.9634   14.6151
    7.5000   52.5000   15.0000 2720.4214   14.6865
   -7.5000  -37.5000   22.5000 1921.7334   29.0450
    0.0000  -37.5000   22.5000 1947.0074   28.9578
    7.5000  -37.5000   22.5000 1945.1515   29.0354
   -7.5000  -30.0000   22.5000 2080.6299   24.4546
    0.0000  -30.0000   22.5000 2103.5339   24.2616
    7.5000  -30.0000   22.5000 2100.3875   24.4759
   -7.5000  -22.5000   22.5000 2239.4875   21.1209
    0.0000  -22.5000   22.5000 2263.3928   20.8760
    7.5000  -22.5000   22.5000 2259.9949   21.1186
   -7.5000  -15.0000   22.5000 2376.3921   18.5856
    0.0000  -15.0000   22.5000 2407.2510   18.3864
    7.5000  -15.0000   22.5000 2403.6970   18.6049
   -7.5000   -7.5000   22.5000 2507.7090   16.7819
    0.0000   -7.5000   22.5000 2539.5791   16.5738
    7.5000   -7.5000   22.5000 2540.4490   16.7660
   -7.5000    0.0000   22.5000 2634.6729   15.4834
    0.0000    0.0000   22.5000 2667.6855   15.3284
    7.5000    0.0000   22.5000 2671.2278   15.4729
   -7.5000    7.5000   22.5000 2755.4580   14.5355
    0.0000    7.5000   22.5000 2787.7703   14.4846
    7.5000    7.5000   22.5000 2792.2349   14.5111
   -7.5000   15.0000   22.5000 2840.4111   13.8118
    0.0000   15.0000   22.5000 2885.0510   13.6984
    7.5000   15.0000   22.5000 2875.7053   13.7329
   -7.5000   22.5000   22.5000 2891.7195   13.4157
    0.0000   22.5000   22.5000 2931.9287   13.1903
    7.5000   22.5000   22.5000 2923.1279   13.3204
   -7.5000   30.0000   22.5000 2907.5989   13.4313
    0.0000   30.0000   22.5000 2954.0615   13.2557
    7.5000   30.0000   22.5000 2935.2241   13.3215
   -7.5000   37.5000   22.5000 2872.9429   13.7177
    0.0000   37.5000   22.5000 2910.5020   13.6091
    7.5000   37.5000   22.5000 2893.2917   13.6305
   -7.5000   45.0000   22.5000 2800.7590   14.2967
    0.0000   45.0000   22.5000 2828.1816   14.1791
    7.5000   45.0000   22.5000 2818.6345   14.2103
   -7.5000   52.5000   22.5000 2671.1519   15.0581
    0.0000   52.5000   22.5000 2695.5703   14.9142
    7.5000   52.5000   22.5000 2691.0188   14.9871
   -7.5000  -37.5000   30.0000 1892.4329   29.9496
    0.0000  -37.5000   30.0000 1914.2668   29.7776
    7.5000  -37.5000   30.0000 1918.1371   29.9251
   -7.5000  -30.0000   30.0000 2056.5200   25.2941
    0.0000  -30.0000   30.0000 2076.2407   25.0606
    7.5000  -30.0000   30.0000 2077.2073   25.3505
   -7.5000  -22.5000   30.0000 2214.4136   21.8249
    0.0000  -22.5000   30.0000 2236.9492   21.5816
    7.5000  -22.5000   30.0000 2234.8818   21.8767
   -7.5000  -15.0000   30.0000 2357.7610   19.2885
    0.0000  -15.0000   30.0000 2381.2830   19.0180
    7.5000  -15.0000   30.0000 2379.6526   19.3289
   -7.5000   -7.5000   30.0000 2491.2668   17.4340
    0.0000   -7.5000   30.0000 2516.0886   17.1663
    7.5000   -7.5000   30.0000 2518.2285   17.4253
   -7.5000    0.0000   30.0000 2616.5608   16.1202
    0.0000    0.0000   30.0000 2641.3350   15.8792
    7.5000    0.0000   30.0000 2643.6067   16.0824
   -7.5000    7.5000   30.0000 2726.4768   15.0971
    0.0000    7.5000   30.0000 2748.4604   14.8781
    7.5000    7.5000   30.0000 2754.9568   15.0311
   -7.5000   15.0000   30.0000 2799.9849   14.3444
    0.0000   15.0000   30.0000 2831.6372   14.0214
    7.5000   15.0000   30.0000 2833.1572   14.2247
   -7.5000   22.5000   30.0000 2845.8184   13.9224
    0.0000   22.5000   30.0000 2877.8171   13.6161
    7.5000   22.5000   30.0000 2880.4683   13.8451
   -7.5000   30.0000   30.0000 2855.1077   13.9075
    0.0000   30.0000   30.0000 2890.8367   13.6943
    7.5000   30.0000   30.0000 2884.2751   13.8355
   -7.5000   37.5000   30.0000 2817.4397   14.2176
    0.0000   37.5000   30.0000 2848.6909   14.0732
    7.5000   37.5000   30.0000 2839.5515   14.1483
   -7.5000   45.0000   30.0000 2746.2422   14.8365
    0.0000   45.0000   30.0000 2770.8477   14.6859
    7.5000   45.0000   30.0000 2765.3079   14.7290
   -7.5000   52.5000   30.0000 2627.1921   15.6013
    0.0000   52.5000   30.0000 2651.3435   15.4542
    7.5000   52.5000   30.0000 2646.2542   15.5116
   -7.5000  -37.5000   37.5000 1861.0924   30.9505
    0.0000  -37.5000   37.5000 1883.5289   30.7502
    7.5000  -37.5000   37.5000 1886.9215   31.0704
   -7.5000  -30.0000   37.5000 2020.6586   26.2380
    0.0000  -30.0000   37.5000 2043.4524   25.9423
    7.5000  -30.0000   37.5000 2046.9149   26.3152
   -7.5000  -22.5000   37.5000 2177.4888   22.7196
    0.0000  -22.5000   37.5000 2205.3259   22.3881
    7.5000  -22.5000   37.5000 2205.7441   22.7836
   -7.5000  -15.0000   37.5000 2322.8167   20.0953
    0.0000  -15.0000   37.5000 2351.5222   19.7927
    7.5000  -15.0000   37.5000 2347.3279   20.1620
   -7.5000   -7.5000   37.5000 2459.8643   18.2358
    0.0000   -7.5000   37.5000 2485.6089   17.9218
    7.5000   -7.5000   37.5000 2484.9124   18.2675
   -7.5000    0.0000   37.5000 2579.3394   16.8166
    0.0000    0.0000   37.5000 2603.2437   16.5292
    7.5000    0.0000   37.5000 2601.6191   16.8225
   -7.5000    7.5000   37.5000 2678.0891   15.7804
    0.0000    7.5000   37.5000 2702.5190   15.4170
    7.5000    7.5000   37.5000 2705.4976   15.6903
   -7.5000   15.0000   37.5000 2744.5945   15.0077
    0.0000   15.0000   37.5000 2773.8694   14.6347
    7.5000   15.0000   37.5000 2776.5798   14.9123
   -7.5000   22.5000   37.5000 2789.6284   14.6169
    0.0000   22.5000   37.5000 2814.5361   14.3119
    7.5000   22.5000   37.5000 2817.9836   14.5591
   -7.5000   30.0000   37.5000 2787.9229   14.5981
    0.0000   30.0000   37.5000 2817.8064   14.3321
    7.5000   30.0000   37.5000 2816.0181   14.5256
   -7.5000   37.5000   37.5000 2750.9216   14.8635
    0.0000   37.5000   37.5000 2776.9143   14.6772
    7.5000   37.5000   37.5000 2777.0137   14.8299
   -7.5000   45.0000   37.5000 2681.5403   15.4821
    0.0000   45.0000   37.5000 2705.1978   15.3136
    7.5000   45.0000   37.5000 2703.4319   15.4148
   -7.5000   52.5000   37.5000 2568.0264   16.2314
    0.0000   52.5000   37.5000 2597.2297   16.0844
    7.5000   52.5000   37.5000 2592.8059   16.1692
   -7.5000  -37.5000   45.0000 1824.3677   32.4222
    0.0000  -37.5000   45.0000 1843.4056   32.1696
    7.5000  -37.5000   45.0000 1844.4701   32.5622
   -7.5000  -30.0000   45.0000 1984.0571   27.5294
    0.0000  -30.0000   45.0000 2005.0712   27.1593
    7.5000  -30.0000   45.0000 2006.9663   27.5389
   -7.5000  -22.5000   45.0000 2134.2307   23.8589
    0.0000  -22.5000   45.0000 2167.6836   23.5623
    7.5000  -22.5000   45.0000 2164.5322   23.9069
   -7.5000  -15.0000   45.0000 2279.9417   21.1613
    0.0000  -15.0000   45.0000 2311.7161   20.8636
    7.5000  -15.0000   45.0000 2304.1194   21.2027
   -7.5000   -7.5000   45.0000 2413.9656   19.2039
    0.0000   -7.5000   45.0000 2442.0366   18.9103
    7.5000   -7.5000   45.0000 2431.4316   19.2326
   -7.5000    0.0000   45.0000 2523.5366   17.7601
    0.0000    0.0000   45.0000 2548.9990   17.4281
    7.5000    0.0000   45.0000 2544.6833   17.7480
   -7.5000    7.5000   45.0000 2609.8123   16.6688
    0.0000    7.5000   45.0000 2637.8132   16.2809
    7.5000    7.5000   45.0000 2636.9895   16.6026
   -7.5000   15.0000   45.0000 2673.8708   15.8661
    0.0000   15.0000   45.0000 2699.7097   15.5193
    7.5000   15.0000   45.0000 2699.7615   15.8069
   -7.5000   22.5000   45.0000 2706.9902   15.5153
    0.0000   22.5000   45.0000 2728.7896   15.2118
    7.5000   22.5000   45.0000 2734.1792   15.4591
   -7.5000   30.0000   45.0000 2702.0867   15.4672
    0.0000   30.0000   45.0000 2720.6406   15.2101
    7.5000   30.0000   45.0000 2727.4556   15.4131
   -7.5000   37.5000   45.0000 2672.1604   15.7061
    0.0000   37.5000   45.0000 2697.1968   15.5169
    7.5000   37.5000   45.0000 2700.2939   15.6970
   -7.5000   45.0000   45.0000 2608.1829   16.3431
    0.0000   45.0000   45.0000 2636.2979   16.1405
    7.5000   45.0000   45.0000 2632.8096   16.2897
   -7.5000   52.5000   45.0000 2500.9575   17.0716
    0.0000   52.5000   45.0000 2528.7764   16.8967
    7.5000   52.5000   45.0000 2522.0469   17.0259

---------------------------------------------------------------------
imgreg_4dfp /opt/freesurfer/average/711-2C_as_mni_average_305 /opt/freesurfer/average/711-2B_as_mni_average_305_mask talsrcimg_g11 none talsrcimg_to_711-2C_as_mni_average_305_t4 1283
---------------------------------------------------------------------

freesurfer imgreg_4dfp.c
/opt/freesurfer/average/711-2C_as_mni_average_305.4dfp.img
       256       256       256         1
  1.000000  1.000000  1.000000
orientation T byte_order littleendian
Reading image: /opt/freesurfer/average/711-2C_as_mni_average_305.4dfp.img
dimensions:      256       256       256
mmppix:       1.0000   -1.0000   -1.0000
center:     128.0000 -129.0000 -129.0000
/opt/freesurfer/average/711-2B_as_mni_average_305_mask.4dfp.img
       256       256       256         1
  1.000000  1.000000  1.000000
orientation T byte_order littleendian
Reading mask: /opt/freesurfer/average/711-2B_as_mni_average_305_mask.4dfp.img (2306576 pixels)
talsrcimg_g11.4dfp.img
       256       256       256         1
  1.000000  1.000000  1.000000
orientation T byte_order littleendian
Reading image: talsrcimg_g11.4dfp.img
dimensions:      256       256       256
mmppix:       1.0000   -1.0000   -1.0000
center:     128.0000 -129.0000 -129.0000
rotation matrix determinant  1.000000
fimgreg.f
image alignment mode   1283 decimal      503 hex
parameters
    0.0000   30.0000   15.0000    0.0000    0.0000    0.0000
eta,q 0.93846 12.90450
niter,ni,del,rscale     5    3   12.0000    1.2000
parameter  6  0.735699 ->  0.500000 qaram    1.1500
parameters
    0.7351   28.3228   13.4919    0.7954   -1.8663   -3.4500
eta,q 0.94441 12.65012
  0.0781  0.0655  0.0648  0.0666  0.0621  0.0565
  0.0713  0.0632  0.0605  0.0641  0.0591  0.0556
  0.0651  0.0615  0.0592  0.0614  0.0579  0.0562
  0.0624  0.0618  0.0610  0.0591  0.0589  0.0579
  0.0628  0.0642  0.0637  0.0586  0.0617  0.0602
  0.0669  0.0695  0.0663  0.0607  0.0661  0.0630
  0.0721  0.0752  0.0689  0.0646  0.0702  0.0663
niter,ni,del,rscale     5    3   12.0000    1.2000
parameters
    1.3365   27.1507   12.4199    0.9671   -3.0323   -4.2443
eta,q 0.94542 12.62613
  0.0713  0.0613  0.0613  0.0617  0.0600  0.0601
  0.0642  0.0601  0.0562  0.0599  0.0569  0.0572
  0.0581  0.0571  0.0548  0.0575  0.0551  0.0550
  0.0556  0.0556  0.0559  0.0551  0.0550  0.0547
  0.0569  0.0591  0.0580  0.0561  0.0572  0.0567
  0.0607  0.0638  0.0614  0.0584  0.0609  0.0593
  0.0661  0.0683  0.0650  0.0620  0.0664  0.0628
niter,ni,del,rscale     4    3   12.0000    1.2000
parameters
    1.4844   26.3365   12.2190    0.5154   -3.2130   -4.6367
eta,q 0.94403 12.64682
  0.0679  0.0600  0.0651  0.0592  0.0631  0.0609
  0.0606  0.0595  0.0589  0.0580  0.0596  0.0580
  0.0559  0.0579  0.0557  0.0574  0.0571  0.0564
  0.0546  0.0546  0.0558  0.0556  0.0560  0.0560
  0.0561  0.0563  0.0577  0.0563  0.0571  0.0569
  0.0603  0.0612  0.0609  0.0583  0.0599  0.0588
  0.0661  0.0655  0.0651  0.0613  0.0644  0.0622
niter,ni,del,rscale     3    3   12.0000    1.2000
parameters
    1.6350   26.0851   12.1666    0.2688   -3.2744   -4.7606
eta,q 0.94332 12.65498
  0.0683  0.0605  0.0669  0.0592  0.0640  0.0613
  0.0611  0.0597  0.0605  0.0577  0.0603  0.0582
  0.0569  0.0587  0.0567  0.0576  0.0577  0.0569
  0.0560  0.0560  0.0565  0.0565  0.0567  0.0567
  0.0576  0.0545  0.0584  0.0562  0.0577  0.0571
  0.0612  0.0592  0.0618  0.0579  0.0603  0.0585
  0.0663  0.0638  0.0660  0.0604  0.0645  0.0616
niter,ni,del,rscale     2    3   12.0000    1.2000
parameters
    1.6994   26.0654   12.1455    0.3020   -3.3046   -4.7806
eta,q 0.94327 12.65317
  0.0683  0.0608  0.0675  0.0595  0.0641  0.0615
  0.0612  0.0597  0.0609  0.0578  0.0603  0.0583
  0.0573  0.0587  0.0570  0.0576  0.0577  0.0569
  0.0567  0.0567  0.0568  0.0568  0.0567  0.0567
  0.0584  0.0543  0.0586  0.0562  0.0577  0.0571
  0.0618  0.0584  0.0621  0.0577  0.0602  0.0584
  0.0668  0.0633  0.0664  0.0600  0.0644  0.0615
niter,ni,del,rscale     1    3   12.0000    1.2000
parameters
    1.7007   26.0541   12.1438    0.2764   -3.3043   -4.7857
eta,q 0.94323 12.65364
  0.0680  0.0608  0.0675  0.0595  0.0642  0.0615
  0.0610  0.0597  0.0610  0.0577  0.0604  0.0584
  0.0572  0.0587  0.0570  0.0576  0.0578  0.0569
  0.0567  0.0567  0.0567  0.0567  0.0568  0.0568
  0.0585  0.0543  0.0586  0.0562  0.0577  0.0571
  0.0619  0.0584  0.0621  0.0577  0.0602  0.0584
  0.0670  0.0633  0.0663  0.0600  0.0643  0.0614
registration optimization eta report
parameter search radius
    6.0000    6.0000    6.0000    6.0000    6.0000    6.9000
100000*second partial in parameter space
       30.       16.       28.        9.       20.       10.
  0.0680  0.0608  0.0675  0.0595  0.0642  0.0615
  0.0610  0.0597  0.0610  0.0577  0.0604  0.0584
  0.0572  0.0587  0.0570  0.0576  0.0578  0.0569
  0.0567  0.0567  0.0567  0.0567  0.0568  0.0568
  0.0585  0.0543  0.0586  0.0562  0.0577  0.0571
  0.0619  0.0584  0.0621  0.0577  0.0602  0.0584
  0.0670  0.0633  0.0663  0.0600  0.0643  0.0614
    1.7007   26.0541   12.1438    0.2764   -3.3043   -4.7857
eta,q 0.94323 12.65364

---------------------------------------------------------------------
imgreg_4dfp /opt/freesurfer/average/711-2C_as_mni_average_305 /opt/freesurfer/average/711-2B_as_mni_average_305_mask talsrcimg_g11 none talsrcimg_to_711-2C_as_mni_average_305_t4 3335
---------------------------------------------------------------------

freesurfer imgreg_4dfp.c
/opt/freesurfer/average/711-2C_as_mni_average_305.4dfp.img
       256       256       256         1
  1.000000  1.000000  1.000000
orientation T byte_order littleendian
Reading image: /opt/freesurfer/average/711-2C_as_mni_average_305.4dfp.img
dimensions:      256       256       256
mmppix:       1.0000   -1.0000   -1.0000
center:     128.0000 -129.0000 -129.0000
/opt/freesurfer/average/711-2B_as_mni_average_305_mask.4dfp.img
       256       256       256         1
  1.000000  1.000000  1.000000
orientation T byte_order littleendian
Reading mask: /opt/freesurfer/average/711-2B_as_mni_average_305_mask.4dfp.img (2306576 pixels)
talsrcimg_g11.4dfp.img
       256       256       256         1
  1.000000  1.000000  1.000000
orientation T byte_order littleendian
Reading image: talsrcimg_g11.4dfp.img
dimensions:      256       256       256
mmppix:       1.0000   -1.0000   -1.0000
center:     128.0000 -129.0000 -129.0000
fimgreg.f
image alignment mode   3335 decimal      D07 hex
parameters
    1.7007   26.0541   12.1438   -0.5143   -0.3521   -0.1674
    8.3705    5.7036   -8.3290   -0.9616   -5.7640    0.4816
eta,q 0.94605 12.71608
niter,ni,del,rscale     5    3    5.0000    1.2000
parameter  4  1.999697 ->  0.500000 qaram    1.1500
parameter  5 -7.776453 ->  0.500000 qaram    1.1500
parameter  6  0.870857 ->  0.500000 qaram    1.1500
parameters
    1.7456   26.4045   12.0022   -4.6543   -4.4921   -4.3074
    6.8791    4.8225   -5.5645   -1.1820   -6.3822    1.8205
eta,q 0.96243 12.63542
  0.0570  0.0553  0.0556  0.0461  0.0358  0.0377  0.0395  0.0426  0.0414  0.0410  0.0390  0.0394
  0.0554  0.0546  0.0546  0.0475  0.0404  0.0380  0.0385  0.0398  0.0399  0.0389  0.0382  0.0385
  0.0544  0.0542  0.0540  0.0500  0.0440  0.0388  0.0380  0.0382  0.0387  0.0379  0.0377  0.0379
  0.0539  0.0539  0.0539  0.0539  0.0480  0.0414  0.0381  0.0380  0.0379  0.0376  0.0376  0.0376
  0.0542  0.0540  0.0542  0.0586  0.0519  0.0463  0.0387  0.0392  0.0376  0.0381  0.0379  0.0376
  0.0552  0.0542  0.0549  0.0632  0.0552  0.0523  0.0399  0.0419  0.0378  0.0395  0.0386  0.0379
  0.0568  0.0547  0.0559  0.0674  0.0589  0.0574  0.0414  0.0456  0.0385  0.0412  0.0396  0.0384
niter,ni,del,rscale     7    3    5.0000    1.2000
parameter  2  0.562318 ->  0.500000 qaram    1.1500
parameter  3  0.876109 ->  0.500000 qaram    1.1500
parameter  5  4.558440 ->  0.500000 qaram    1.3225
parameters
    1.5300   25.0245   10.6222   -8.2296   -9.2531   -6.1021
    6.5733    4.9142   -5.2432   -2.0068   -6.8739   -1.0686
eta,q 0.97255 12.46524
  0.0406  0.0373  0.0359  0.0367  0.0240  0.0297  0.0306  0.0322  0.0308  0.0312  0.0285  0.0279
  0.0387  0.0370  0.0358  0.0357  0.0263  0.0286  0.0291  0.0298  0.0293  0.0290  0.0280  0.0275
  0.0377  0.0371  0.0362  0.0351  0.0304  0.0280  0.0281  0.0284  0.0283  0.0278  0.0278  0.0275
  0.0376  0.0375  0.0370  0.0358  0.0352  0.0273  0.0278  0.0278  0.0278  0.0278  0.0277  0.0277
  0.0382  0.0383  0.0381  0.0384  0.0397  0.0275  0.0282  0.0280  0.0280  0.0287  0.0278  0.0282
  0.0396  0.0394  0.0396  0.0431  0.0444  0.0306  0.0294  0.0294  0.0289  0.0305  0.0282  0.0290
  0.0418  0.0409  0.0412  0.0486  0.0488  0.0367  0.0312  0.0322  0.0304  0.0331  0.0287  0.0302
niter,ni,del,rscale     7    3    5.0000    1.2000
parameter  5  0.694267 ->  0.500000 qaram    1.5209
parameters
    1.5789   25.3138    9.2680   -8.5307  -14.7283   -6.1496
    6.9088    4.9742   -5.0934   -1.6259   -7.0425   -1.3079
eta,q 0.97577 12.24359
  0.0309  0.0328  0.0274  0.0310  0.0253  0.0274  0.0273  0.0286  0.0267  0.0281  0.0251  0.0252
  0.0291  0.0302  0.0270  0.0294  0.0244  0.0259  0.0257  0.0261  0.0253  0.0259  0.0246  0.0246
  0.0279  0.0284  0.0270  0.0280  0.0244  0.0251  0.0247  0.0247  0.0245  0.0248  0.0243  0.0243
  0.0275  0.0274  0.0274  0.0269  0.0270  0.0242  0.0243  0.0243  0.0242  0.0243  0.0242  0.0242
  0.0277  0.0276  0.0280  0.0270  0.0322  0.0235  0.0244  0.0246  0.0245  0.0245  0.0243  0.0244
  0.0288  0.0289  0.0290  0.0288  0.0374  0.0247  0.0253  0.0259  0.0252  0.0255  0.0246  0.0247
  0.0306  0.0311  0.0303  0.0328  0.0427  0.0288  0.0269  0.0286  0.0265  0.0273  0.0252  0.0253
niter,ni,del,rscale     7    3    5.0000    1.2000
parameters
    1.5695   26.1457    9.8931   -6.7455  -17.4006   -5.7087
    6.8129    5.0222   -5.0121   -0.7427   -7.0622   -1.1400
eta,q 0.97672 12.20691
  0.0272  0.0302  0.0262  0.0285  0.0272  0.0266  0.0260  0.0279  0.0255  0.0265  0.0243  0.0242
  0.0256  0.0274  0.0249  0.0268  0.0254  0.0251  0.0245  0.0254  0.0242  0.0248  0.0237  0.0237
  0.0246  0.0254  0.0242  0.0253  0.0238  0.0243  0.0236  0.0239  0.0235  0.0238  0.0234  0.0234
  0.0242  0.0242  0.0239  0.0238  0.0231  0.0235  0.0233  0.0233  0.0233  0.0233  0.0233  0.0233
  0.0245  0.0239  0.0239  0.0229  0.0250  0.0225  0.0236  0.0237  0.0235  0.0234  0.0234  0.0234
  0.0255  0.0244  0.0241  0.0236  0.0304  0.0232  0.0246  0.0252  0.0242  0.0240  0.0237  0.0236
  0.0273  0.0257  0.0246  0.0265  0.0364  0.0273  0.0262  0.0280  0.0254  0.0252  0.0244  0.0241
niter,ni,del,rscale     6    3    5.0000    1.2000
parameters
    1.5535   26.3903   10.2025   -6.5378  -18.3361   -5.4811
    6.9408    4.9871   -4.9370   -0.3855   -7.1646   -0.8958
eta,q 0.97663 12.17676
  0.0264  0.0269  0.0251  0.0273  0.0282  0.0266  0.0260  0.0277  0.0252  0.0258  0.0244  0.0243
  0.0247  0.0250  0.0241  0.0259  0.0262  0.0252  0.0246  0.0253  0.0242  0.0245  0.0238  0.0238
  0.0236  0.0238  0.0235  0.0246  0.0245  0.0243  0.0237  0.0239  0.0236  0.0237  0.0235  0.0235
  0.0233  0.0233  0.0233  0.0233  0.0232  0.0235  0.0234  0.0234  0.0234  0.0234  0.0234  0.0234
  0.0236  0.0235  0.0234  0.0229  0.0231  0.0225  0.0236  0.0237  0.0235  0.0235  0.0235  0.0234
  0.0247  0.0243  0.0237  0.0244  0.0263  0.0234  0.0244  0.0252  0.0241  0.0242  0.0238  0.0237
  0.0265  0.0258  0.0244  0.0282  0.0324  0.0277  0.0259  0.0279  0.0252  0.0254  0.0245  0.0241
niter,ni,del,rscale     5    3    5.0000    1.2000
parameters
    1.5407   26.4641   10.2461   -6.5130  -18.5809   -5.5046
    6.9802    4.9816   -4.8757   -0.2761   -7.2010   -0.8645
eta,q 0.97654 12.16264
  0.0264  0.0264  0.0249  0.0272  0.0285  0.0265  0.0259  0.0277  0.0252  0.0256  0.0245  0.0243
  0.0247  0.0247  0.0240  0.0259  0.0265  0.0252  0.0246  0.0253  0.0242  0.0244  0.0239  0.0238
  0.0237  0.0237  0.0235  0.0246  0.0248  0.0244  0.0238  0.0240  0.0237  0.0237  0.0236  0.0235
  0.0234  0.0234  0.0234  0.0234  0.0234  0.0235  0.0235  0.0235  0.0235  0.0235  0.0235  0.0235
  0.0237  0.0237  0.0236  0.0231  0.0229  0.0226  0.0236  0.0238  0.0236  0.0236  0.0236  0.0235
  0.0248  0.0246  0.0240  0.0247  0.0253  0.0236  0.0245  0.0252  0.0242  0.0243  0.0239  0.0238
  0.0265  0.0260  0.0247  0.0284  0.0308  0.0282  0.0259  0.0279  0.0252  0.0256  0.0245  0.0243
niter,ni,del,rscale     4    3    5.0000    1.2000
parameters
    1.5363   26.4933   10.2373   -6.5161  -18.6325   -5.5163
    6.9825    4.9801   -4.8584   -0.2206   -7.2105   -0.8748
eta,q 0.97652 12.15897
  0.0265  0.0263  0.0249  0.0272  0.0286  0.0265  0.0259  0.0277  0.0252  0.0256  0.0245  0.0243
  0.0248  0.0246  0.0240  0.0259  0.0266  0.0252  0.0246  0.0253  0.0242  0.0244  0.0239  0.0238
  0.0238  0.0237  0.0236  0.0247  0.0249  0.0244  0.0238  0.0240  0.0237  0.0238  0.0236  0.0236
  0.0235  0.0235  0.0235  0.0235  0.0235  0.0235  0.0235  0.0235  0.0235  0.0235  0.0235  0.0235
  0.0238  0.0238  0.0237  0.0232  0.0229  0.0226  0.0237  0.0238  0.0236  0.0236  0.0236  0.0236
  0.0248  0.0247  0.0241  0.0247  0.0251  0.0236  0.0245  0.0252  0.0242  0.0244  0.0239  0.0238
  0.0265  0.0261  0.0249  0.0285  0.0305  0.0282  0.0260  0.0279  0.0252  0.0256  0.0245  0.0243
niter,ni,del,rscale     3    3    5.0000    1.2000
parameters
    1.5344   26.5091   10.2279   -6.5232  -18.6542   -5.5230
    6.9848    4.9778   -4.8468   -0.1885   -7.2139   -0.8928
eta,q 0.97651 12.15704
  0.0265  0.0263  0.0250  0.0272  0.0286  0.0265  0.0259  0.0277  0.0252  0.0256  0.0245  0.0243
  0.0248  0.0246  0.0240  0.0259  0.0266  0.0252  0.0246  0.0253  0.0242  0.0244  0.0239  0.0238
  0.0238  0.0237  0.0236  0.0247  0.0249  0.0244  0.0238  0.0240  0.0237  0.0238  0.0236  0.0236
  0.0235  0.0235  0.0235  0.0235  0.0235  0.0235  0.0235  0.0235  0.0235  0.0235  0.0235  0.0235
  0.0238  0.0238  0.0237  0.0232  0.0229  0.0226  0.0237  0.0238  0.0236  0.0237  0.0236  0.0236
  0.0248  0.0247  0.0242  0.0248  0.0250  0.0236  0.0245  0.0252  0.0242  0.0244  0.0239  0.0238
  0.0265  0.0261  0.0249  0.0285  0.0304  0.0282  0.0260  0.0278  0.0252  0.0256  0.0245  0.0243
registration optimization eta report
parameter search radius
    2.4000    2.7600    2.7600    8.2800   10.9503    8.2800
    7.2000    7.2000    7.2000    7.2000    7.2000    7.2000
100000*second partial in parameter space
       53.       36.       19.        6.        5.        6.
        5.        8.        3.        4.        2.        2.
  0.0265  0.0263  0.0250  0.0272  0.0286  0.0265  0.0259  0.0277  0.0252  0.0256  0.0245  0.0243
  0.0248  0.0246  0.0240  0.0259  0.0266  0.0252  0.0246  0.0253  0.0242  0.0244  0.0239  0.0238
  0.0238  0.0237  0.0236  0.0247  0.0249  0.0244  0.0238  0.0240  0.0237  0.0238  0.0236  0.0236
  0.0235  0.0235  0.0235  0.0235  0.0235  0.0235  0.0235  0.0235  0.0235  0.0235  0.0235  0.0235
  0.0238  0.0238  0.0237  0.0232  0.0229  0.0226  0.0237  0.0238  0.0236  0.0237  0.0236  0.0236
  0.0248  0.0247  0.0242  0.0248  0.0250  0.0236  0.0245  0.0252  0.0242  0.0244  0.0239  0.0238
  0.0265  0.0261  0.0249  0.0285  0.0304  0.0282  0.0260  0.0278  0.0252  0.0256  0.0245  0.0243
    1.5344   26.5091   10.2279   -6.5232  -18.6542   -5.5230
    6.9848    4.9778   -4.8468   -0.1885   -7.2139   -0.8928
eta,q 0.97651 12.15704

---------------------------------------------------------------------
imgreg_4dfp /opt/freesurfer/average/711-2C_as_mni_average_305 /opt/freesurfer/average/711-2B_as_mni_average_305_mask talsrcimg_g11 none talsrcimg_to_711-2C_as_mni_average_305_t4 2311
---------------------------------------------------------------------

freesurfer imgreg_4dfp.c
/opt/freesurfer/average/711-2C_as_mni_average_305.4dfp.img
       256       256       256         1
  1.000000  1.000000  1.000000
orientation T byte_order littleendian
Reading image: /opt/freesurfer/average/711-2C_as_mni_average_305.4dfp.img
dimensions:      256       256       256
mmppix:       1.0000   -1.0000   -1.0000
center:     128.0000 -129.0000 -129.0000
/opt/freesurfer/average/711-2B_as_mni_average_305_mask.4dfp.img
       256       256       256         1
  1.000000  1.000000  1.000000
orientation T byte_order littleendian
Reading mask: /opt/freesurfer/average/711-2B_as_mni_average_305_mask.4dfp.img (2306576 pixels)
talsrcimg_g11.4dfp.img
       256       256       256         1
  1.000000  1.000000  1.000000
orientation T byte_order littleendian
Reading image: talsrcimg_g11.4dfp.img
dimensions:      256       256       256
mmppix:       1.0000   -1.0000   -1.0000
center:     128.0000 -129.0000 -129.0000
fimgreg.f
image alignment mode   2311 decimal      907 hex
parameters
    1.5344   26.5091   10.2279   -6.5232  -18.6542   -5.5230
    6.9848    4.9778   -4.8468   -0.1885   -7.2139   -0.8928
eta,q 0.97651 12.15703
niter,ni,del,rscale     5    3    5.0000    0.8000
parameter  5 -0.610204 -> -0.500000 qaram    1.1500
parameters
    1.5345   26.4466   10.1341   -4.9405  -15.8942   -3.6795
    6.4901    5.1749   -4.8864   -0.4847   -7.1842   -2.2087
eta,q 0.97815 12.41659
  0.0248  0.0243  0.0239  0.0256  0.0251  0.0242  0.0234  0.0255  0.0233  0.0234  0.0229  0.0222
  0.0241  0.0238  0.0236  0.0249  0.0244  0.0237  0.0226  0.0237  0.0226  0.0225  0.0223  0.0219
  0.0236  0.0236  0.0235  0.0241  0.0237  0.0232  0.0220  0.0224  0.0221  0.0220  0.0220  0.0218
  0.0235  0.0235  0.0235  0.0235  0.0232  0.0226  0.0220  0.0219  0.0219  0.0219  0.0219  0.0219
  0.0236  0.0236  0.0236  0.0232  0.0227  0.0220  0.0223  0.0222  0.0221  0.0222  0.0220  0.0221
  0.0241  0.0239  0.0237  0.0233  0.0226  0.0221  0.0231  0.0233  0.0226  0.0228  0.0223  0.0224
  0.0248  0.0244  0.0240  0.0241  0.0231  0.0231  0.0242  0.0250  0.0233  0.0237  0.0228  0.0228
niter,ni,del,rscale     5    3    5.0000    0.8000
parameters
    1.5004   26.1513   10.5724   -5.5417  -16.4443   -3.6453
    6.7039    5.1883   -4.9952   -0.7699   -7.3999   -1.5841
eta,q 0.97818 12.39256
  0.0238  0.0228  0.0233  0.0237  0.0237  0.0237  0.0236  0.0248  0.0230  0.0232  0.0226  0.0225
  0.0227  0.0222  0.0226  0.0228  0.0229  0.0232  0.0227  0.0232  0.0223  0.0223  0.0221  0.0221
  0.0220  0.0219  0.0221  0.0220  0.0222  0.0226  0.0221  0.0222  0.0219  0.0219  0.0219  0.0219
  0.0219  0.0219  0.0218  0.0218  0.0218  0.0219  0.0219  0.0218  0.0218  0.0218  0.0218  0.0218
  0.0221  0.0222  0.0218  0.0222  0.0220  0.0217  0.0220  0.0221  0.0220  0.0221  0.0219  0.0218
  0.0228  0.0229  0.0219  0.0234  0.0231  0.0224  0.0225  0.0231  0.0224  0.0226  0.0222  0.0220
  0.0239  0.0239  0.0222  0.0255  0.0252  0.0245  0.0234  0.0248  0.0231  0.0235  0.0227  0.0222
niter,ni,del,rscale     4    3    5.0000    0.7000
parameters
    1.5147   26.1529   10.5840   -5.3913  -16.3646   -3.3859
    6.6995    5.2391   -4.9990   -0.9007   -7.4210   -1.7028
eta,q 0.97830 12.40585
  0.0233  0.0228  0.0225  0.0238  0.0235  0.0234  0.0230  0.0242  0.0227  0.0229  0.0224  0.0221
  0.0225  0.0223  0.0221  0.0229  0.0228  0.0230  0.0223  0.0229  0.0221  0.0222  0.0220  0.0219
  0.0220  0.0219  0.0219  0.0222  0.0222  0.0224  0.0219  0.0220  0.0218  0.0218  0.0218  0.0217
  0.0218  0.0218  0.0218  0.0218  0.0218  0.0218  0.0217  0.0217  0.0217  0.0217  0.0217  0.0217
  0.0220  0.0219  0.0219  0.0219  0.0218  0.0216  0.0219  0.0219  0.0218  0.0219  0.0218  0.0218
  0.0224  0.0223  0.0221  0.0225  0.0224  0.0221  0.0223  0.0227  0.0222  0.0223  0.0220  0.0219
  0.0232  0.0228  0.0225  0.0238  0.0238  0.0236  0.0230  0.0241  0.0227  0.0230  0.0224  0.0221
niter,ni,del,rscale     3    3    5.0000    0.6000
parameters
    1.5167   26.1265   10.6661   -5.3177  -16.1891   -3.0844
    6.6711    5.2535   -5.0320   -0.9590   -7.4557   -1.8303
eta,q 0.97840 12.42391
  0.0228  0.0224  0.0223  0.0232  0.0231  0.0232  0.0226  0.0235  0.0224  0.0226  0.0221  0.0219
  0.0222  0.0220  0.0220  0.0225  0.0225  0.0227  0.0221  0.0225  0.0219  0.0220  0.0218  0.0217
  0.0218  0.0218  0.0218  0.0220  0.0220  0.0221  0.0217  0.0218  0.0217  0.0217  0.0217  0.0216
  0.0217  0.0217  0.0217  0.0217  0.0217  0.0217  0.0216  0.0216  0.0216  0.0216  0.0216  0.0216
  0.0218  0.0218  0.0217  0.0218  0.0217  0.0216  0.0217  0.0218  0.0217  0.0218  0.0217  0.0216
  0.0222  0.0221  0.0219  0.0223  0.0221  0.0220  0.0221  0.0224  0.0220  0.0221  0.0218  0.0218
  0.0228  0.0225  0.0221  0.0233  0.0231  0.0231  0.0226  0.0235  0.0224  0.0226  0.0221  0.0220
niter,ni,del,rscale     2    3    5.0000    0.5000
parameters
    1.5190   26.0957   10.7548   -5.2954  -16.0368   -2.8120
    6.6514    5.2705   -5.0663   -1.0325   -7.4763   -1.9330
eta,q 0.97847 12.43795
  0.0224  0.0221  0.0220  0.0227  0.0227  0.0228  0.0223  0.0229  0.0221  0.0222  0.0219  0.0218
  0.0219  0.0218  0.0218  0.0222  0.0222  0.0224  0.0219  0.0222  0.0218  0.0218  0.0217  0.0216
  0.0217  0.0216  0.0217  0.0218  0.0218  0.0219  0.0216  0.0217  0.0216  0.0216  0.0216  0.0215
  0.0216  0.0216  0.0216  0.0216  0.0216  0.0216  0.0215  0.0215  0.0215  0.0215  0.0215  0.0215
  0.0217  0.0217  0.0216  0.0217  0.0216  0.0215  0.0216  0.0217  0.0216  0.0216  0.0216  0.0216
  0.0219  0.0219  0.0217  0.0221  0.0219  0.0219  0.0219  0.0221  0.0218  0.0219  0.0217  0.0217
  0.0224  0.0222  0.0219  0.0228  0.0226  0.0227  0.0223  0.0229  0.0221  0.0223  0.0219  0.0218
niter,ni,del,rscale     1    3    5.0000    0.4000
parameters
    1.5267   26.0644   10.8312   -5.2950  -15.9051   -2.6038
    6.6337    5.2877   -5.1033   -1.1016   -7.5048   -2.0234
eta,q 0.97851 12.44830
  0.0220  0.0219  0.0218  0.0223  0.0223  0.0225  0.0220  0.0224  0.0219  0.0220  0.0217  0.0216
  0.0218  0.0217  0.0217  0.0219  0.0219  0.0221  0.0217  0.0219  0.0217  0.0217  0.0216  0.0216
  0.0216  0.0216  0.0216  0.0216  0.0217  0.0217  0.0215  0.0216  0.0215  0.0215  0.0215  0.0215
  0.0215  0.0215  0.0215  0.0215  0.0215  0.0215  0.0215  0.0215  0.0215  0.0215  0.0215  0.0215
  0.0216  0.0216  0.0215  0.0216  0.0215  0.0215  0.0216  0.0216  0.0215  0.0216  0.0215  0.0215
  0.0217  0.0217  0.0216  0.0218  0.0218  0.0217  0.0217  0.0219  0.0217  0.0217  0.0216  0.0216
  0.0220  0.0219  0.0217  0.0223  0.0222  0.0223  0.0220  0.0224  0.0219  0.0220  0.0218  0.0217
registration optimization eta report
parameter search radius
    0.8000    0.8000    0.8000    2.4000    2.7600    2.4000
    2.4000    2.4000    2.4000    2.4000    2.4000    2.4000
100000*second partial in parameter space
       79.       59.       40.       13.        9.       15.
        8.       16.        7.        8.        5.        3.
  0.0220  0.0219  0.0218  0.0223  0.0223  0.0225  0.0220  0.0224  0.0219  0.0220  0.0217  0.0216
  0.0218  0.0217  0.0217  0.0219  0.0219  0.0221  0.0217  0.0219  0.0217  0.0217  0.0216  0.0216
  0.0216  0.0216  0.0216  0.0216  0.0217  0.0217  0.0215  0.0216  0.0215  0.0215  0.0215  0.0215
  0.0215  0.0215  0.0215  0.0215  0.0215  0.0215  0.0215  0.0215  0.0215  0.0215  0.0215  0.0215
  0.0216  0.0216  0.0215  0.0216  0.0215  0.0215  0.0216  0.0216  0.0215  0.0216  0.0215  0.0215
  0.0217  0.0217  0.0216  0.0218  0.0218  0.0217  0.0217  0.0219  0.0217  0.0217  0.0216  0.0216
  0.0220  0.0219  0.0217  0.0223  0.0222  0.0223  0.0220  0.0224  0.0219  0.0220  0.0218  0.0217
    1.5267   26.0644   10.8312   -5.2950  -15.9051   -2.6038
    6.6337    5.2877   -5.1033   -1.1016   -7.5048   -2.0234
eta,q 0.97851 12.44830

---------------------------------------------------------------------
imgreg_4dfp /opt/freesurfer/average/711-2C_as_mni_average_305 /opt/freesurfer/average/711-2B_as_mni_average_305_mask talsrcimg_g11 none talsrcimg_to_711-2C_as_mni_average_305_t4 2311
---------------------------------------------------------------------

freesurfer imgreg_4dfp.c
/opt/freesurfer/average/711-2C_as_mni_average_305.4dfp.img
       256       256       256         1
  1.000000  1.000000  1.000000
orientation T byte_order littleendian
Reading image: /opt/freesurfer/average/711-2C_as_mni_average_305.4dfp.img
dimensions:      256       256       256
mmppix:       1.0000   -1.0000   -1.0000
center:     128.0000 -129.0000 -129.0000
/opt/freesurfer/average/711-2B_as_mni_average_305_mask.4dfp.img
       256       256       256         1
  1.000000  1.000000  1.000000
orientation T byte_order littleendian
Reading mask: /opt/freesurfer/average/711-2B_as_mni_average_305_mask.4dfp.img (2306576 pixels)
talsrcimg_g11.4dfp.img
       256       256       256         1
  1.000000  1.000000  1.000000
orientation T byte_order littleendian
Reading image: talsrcimg_g11.4dfp.img
dimensions:      256       256       256
mmppix:       1.0000   -1.0000   -1.0000
center:     128.0000 -129.0000 -129.0000
fimgreg.f
image alignment mode   2311 decimal      907 hex
parameters
    1.5267   26.0644   10.8312   -5.2950  -15.9051   -2.6038
    6.6337    5.2877   -5.1033   -1.1016   -7.5048   -2.0234
eta,q 0.97851 12.44830
niter,ni,del,rscale     5    3    5.0000    0.8000
parameters
    1.5383   26.0042   10.9091   -5.7400  -16.2916   -3.2721
    6.7513    5.2729   -5.0736   -1.0333   -7.5129   -1.4664
eta,q 0.97827 12.41006
  0.0236  0.0229  0.0227  0.0237  0.0231  0.0234  0.0235  0.0247  0.0230  0.0235  0.0225  0.0224
  0.0224  0.0221  0.0220  0.0227  0.0224  0.0229  0.0225  0.0231  0.0223  0.0224  0.0221  0.0221
  0.0217  0.0216  0.0216  0.0218  0.0219  0.0221  0.0220  0.0221  0.0219  0.0219  0.0218  0.0218
  0.0215  0.0215  0.0215  0.0215  0.0215  0.0216  0.0217  0.0217  0.0217  0.0217  0.0217  0.0217
  0.0217  0.0217  0.0216  0.0218  0.0217  0.0218  0.0219  0.0220  0.0219  0.0219  0.0218  0.0218
  0.0224  0.0222  0.0219  0.0230  0.0225  0.0232  0.0224  0.0230  0.0223  0.0225  0.0221  0.0219
  0.0235  0.0232  0.0224  0.0251  0.0242  0.0261  0.0233  0.0248  0.0230  0.0233  0.0225  0.0222
niter,ni,del,rscale     4    3    5.0000    0.7000
parameters
    1.5409   26.0747   10.6865   -5.4708  -16.1738   -3.3343
    6.7140    5.2903   -5.0501   -1.0256   -7.4455   -1.6271
eta,q 0.97834 12.41582
  0.0231  0.0229  0.0222  0.0238  0.0231  0.0233  0.0230  0.0241  0.0227  0.0230  0.0223  0.0221
  0.0224  0.0223  0.0219  0.0229  0.0225  0.0228  0.0223  0.0228  0.0221  0.0222  0.0220  0.0218
  0.0219  0.0219  0.0217  0.0222  0.0220  0.0222  0.0218  0.0220  0.0218  0.0218  0.0217  0.0217
  0.0217  0.0217  0.0217  0.0217  0.0217  0.0216  0.0217  0.0217  0.0217  0.0217  0.0217  0.0217
  0.0219  0.0218  0.0219  0.0217  0.0217  0.0216  0.0218  0.0219  0.0218  0.0218  0.0217  0.0217
  0.0224  0.0221  0.0222  0.0223  0.0221  0.0223  0.0223  0.0227  0.0221  0.0223  0.0219  0.0219
  0.0231  0.0227  0.0226  0.0236  0.0232  0.0241  0.0230  0.0241  0.0227  0.0229  0.0223  0.0221
niter,ni,del,rscale     3    3    5.0000    0.6000
parameters
    1.5305   26.0828   10.6793   -5.3594  -16.0227   -3.0921
    6.6779    5.2760   -5.0630   -1.0134   -7.4430   -1.8148
eta,q 0.97842 12.43045
  0.0227  0.0225  0.0222  0.0232  0.0228  0.0231  0.0226  0.0235  0.0224  0.0226  0.0221  0.0219
  0.0221  0.0220  0.0219  0.0225  0.0223  0.0227  0.0220  0.0224  0.0219  0.0220  0.0218  0.0217
  0.0218  0.0218  0.0217  0.0219  0.0219  0.0221  0.0217  0.0218  0.0217  0.0217  0.0216  0.0216
  0.0217  0.0217  0.0217  0.0217  0.0216  0.0216  0.0216  0.0216  0.0216  0.0216  0.0216  0.0216
  0.0218  0.0217  0.0217  0.0217  0.0217  0.0215  0.0217  0.0218  0.0217  0.0217  0.0216  0.0216
  0.0222  0.0220  0.0219  0.0222  0.0220  0.0220  0.0221  0.0224  0.0220  0.0220  0.0218  0.0218
  0.0228  0.0225  0.0222  0.0232  0.0228  0.0231  0.0226  0.0235  0.0224  0.0225  0.0221  0.0219
niter,ni,del,rscale     2    3    5.0000    0.5000
parameters
    1.5266   26.0736   10.7424   -5.3292  -15.9041   -2.8281
    6.6526    5.2738   -5.0905   -1.0521   -7.4626   -1.9413
eta,q 0.97848 12.44241
  0.0223  0.0221  0.0220  0.0227  0.0224  0.0228  0.0223  0.0229  0.0221  0.0223  0.0219  0.0218
  0.0219  0.0218  0.0218  0.0222  0.0220  0.0224  0.0219  0.0222  0.0218  0.0218  0.0217  0.0216
  0.0217  0.0216  0.0216  0.0218  0.0218  0.0219  0.0216  0.0217  0.0216  0.0216  0.0216  0.0215
  0.0216  0.0216  0.0216  0.0216  0.0216  0.0216  0.0215  0.0215  0.0215  0.0215  0.0215  0.0215
  0.0217  0.0216  0.0216  0.0217  0.0216  0.0215  0.0216  0.0217  0.0216  0.0216  0.0216  0.0216
  0.0219  0.0218  0.0217  0.0220  0.0218  0.0219  0.0219  0.0221  0.0218  0.0219  0.0217  0.0217
  0.0224  0.0222  0.0219  0.0227  0.0224  0.0227  0.0223  0.0229  0.0221  0.0223  0.0219  0.0218
niter,ni,del,rscale     1    3    5.0000    0.4000
parameters
    1.5288   26.0516   10.8188   -5.3213  -15.8136   -2.6139
    6.6381    5.2886   -5.1079   -1.1069   -7.4951   -2.0310
eta,q 0.97852 12.45132
  0.0220  0.0219  0.0218  0.0223  0.0221  0.0225  0.0220  0.0224  0.0219  0.0220  0.0217  0.0217
  0.0217  0.0217  0.0217  0.0219  0.0218  0.0221  0.0217  0.0219  0.0217  0.0217  0.0216  0.0215
  0.0216  0.0216  0.0216  0.0216  0.0216  0.0217  0.0215  0.0216  0.0215  0.0215  0.0215  0.0215
  0.0215  0.0215  0.0215  0.0215  0.0215  0.0215  0.0215  0.0215  0.0215  0.0215  0.0215  0.0215
  0.0216  0.0216  0.0215  0.0216  0.0215  0.0215  0.0216  0.0216  0.0215  0.0216  0.0215  0.0215
  0.0217  0.0217  0.0216  0.0218  0.0217  0.0217  0.0217  0.0219  0.0217  0.0217  0.0216  0.0216
  0.0220  0.0219  0.0217  0.0223  0.0221  0.0223  0.0220  0.0224  0.0219  0.0220  0.0218  0.0217
registration optimization eta report
parameter search radius
    0.8000    0.8000    0.8000    2.4000    2.4000    2.4000
    2.4000    2.4000    2.4000    2.4000    2.4000    2.4000
100000*second partial in parameter space
       80.       60.       40.       13.       10.       15.
        8.       16.        7.        9.        5.        3.
  0.0220  0.0219  0.0218  0.0223  0.0221  0.0225  0.0220  0.0224  0.0219  0.0220  0.0217  0.0217
  0.0217  0.0217  0.0217  0.0219  0.0218  0.0221  0.0217  0.0219  0.0217  0.0217  0.0216  0.0215
  0.0216  0.0216  0.0216  0.0216  0.0216  0.0217  0.0215  0.0216  0.0215  0.0215  0.0215  0.0215
  0.0215  0.0215  0.0215  0.0215  0.0215  0.0215  0.0215  0.0215  0.0215  0.0215  0.0215  0.0215
  0.0216  0.0216  0.0215  0.0216  0.0215  0.0215  0.0216  0.0216  0.0215  0.0216  0.0215  0.0215
  0.0217  0.0217  0.0216  0.0218  0.0217  0.0217  0.0217  0.0219  0.0217  0.0217  0.0216  0.0216
  0.0220  0.0219  0.0217  0.0223  0.0221  0.0223  0.0220  0.0224  0.0219  0.0220  0.0218  0.0217
    1.5288   26.0516   10.8188   -5.3213  -15.8136   -2.6139
    6.6381    5.2886   -5.1079   -1.1069   -7.4951   -2.0310
eta,q 0.97852 12.45132

---------------------------------------------------------------------
compute_vox2vox talsrcimg talsrcimg_to_711-2C_as_mni_average_305_t4 /opt/freesurfer/average/711-2C_as_mni_average_305
---------------------------------------------------------------------

freesurfer compute_vox2vox.c
Reading: talsrcimg.4dfp.ifh
Reading: talsrcimg_to_711-2C_as_mni_average_305_t4
Reading: /opt/freesurfer/average/711-2C_as_mni_average_305.4dfp.ifh
Writing: talsrcimg_to_711-2C_as_mni_average_305_t4_vox2vox.txt

start time Wed Mar 11 13:41:58 CET 2026
end		time Wed Mar 11 13:43:25 CET 2026

mpr2mni305 success

avi2talxfm orig_nu.mgz /opt/freesurfer/average/mni305.cor.mgz talsrcimg_to_711-2C_as_mni_average_305_t4_vox2vox.txt transforms/talairach.auto.xfm
avi2talxfm done
mv -f /out/sourcedata/freesurfer/sub-v2s18x29508_ses-1/mri/talsrcimg_to_711-2C_as_mni_average_305_t4_vox2vox.txt /out/sourcedata/freesurfer/sub-v2s18x29508_ses-1/mri/transforms/talsrcimg_to_711-2C_as_mni_average_305_t4_vox2vox.txt
lta_convert --src orig_nu.mgz --trg /opt/freesurfer/average/mni305.cor.mgz --inxfm transforms/talairach.auto.xfm --outlta transforms/talairach.auto.xfm.lta --subject fsaverage
7.3.2

--src: orig_nu.mgz src image (geometry).
--trg: /opt/freesurfer/average/mni305.cor.mgz trg image (geometry).
--inmni: transforms/talairach.auto.xfm input MNI/XFM transform.
--outlta: transforms/talairach.auto.xfm.lta output LTA.
--s: fsaverage subject name
 LTA read, type : 1
 1.04710  -0.05782  -0.08396   2.93433;
 0.08194   1.02260   0.01821  -53.01396;
 0.06461   0.00994   1.18299  -20.79761;
 0.00000   0.00000   0.00000   1.00000;
setting subject to fsaverage
Writing  LTA to file transforms/talairach.auto.xfm.lta...
lta_convert successful.
 
 
Started at Wed Mar 11 13:41:57 CET 2026
Ended   at Wed Mar 11 13:43:25 CET 2026
talairach_avi done
