/out/sourcedata/freesurfer/sub-v2s18x29513_ses-1/mri
/opt/freesurfer/bin/talairach_avi
--i orig_nu.mgz --xfm transforms/talairach.auto.xfm
talairach_avi 7.3.2
Linux dna055 5.14.0-427.37.1.el9_4.x86_64 #1 SMP PREEMPT_DYNAMIC Fri Sep 13 12:41:50 EDT 2024 x86_64 x86_64 x86_64 GNU/Linux
Wed Mar 11 14:11:21 CET 2026
mri_convert orig_nu.mgz talsrcimg.img 
reading from orig_nu.mgz...
TR=0.00, TE=0.00, TI=0.00, flip angle=0.00
i_ras = (-1, 0, 0)
j_ras = (0, 0, -1)
k_ras = (0, 1, 0)
writing to talsrcimg.img...
Analyze Output Matrix
-1.00000   0.00000   0.00000   127.27473;
 0.00000   0.00000   1.00000  -85.26767;
 0.00000  -1.00000   0.00000   108.53487;
 0.00000   0.00000   0.00000   1.00000;
--------------------
INFO: set hdr.hist.orient to -1
mpr2mni305 talsrcimg
Wed Mar 11 14:11:22 CET 2026
/opt/freesurfer/bin/mpr2mni305 talsrcimg
mpr2mni305 7.3.2
target=711-2C_as_mni_average_305

---------------------------------------------------------------------
analyzeto4dfp talsrcimg -O0 -y
---------------------------------------------------------------------

freesurfer ifh2hdr.c
Wed Mar 11 14:11:22 2026
Writing: talsrcimg.4dfp.hdr
freesurfer analyzeto4dfp.c
Reading: talsrcimg.hdr
header size 348 bytes
hdr.dime.datatype	offset=70	value=2
hdr.dime.bitpix		offset=72	value=8
hdr.hist.orient		offset=252	value=-1
dimensionality     4
dimensions       256       256       256         1
Reading: talsrcimg.img
Writing: talsrcimg.4dfp.img
Writing: talsrcimg.4dfp.ifh
ifh2hdr talsrcimg -r0to208
ori=2

---------------------------------------------------------------------
gauss_4dfp talsrcimg 1.1
---------------------------------------------------------------------

freesurfer gauss_4dfp.c
Reading: talsrcimg.4dfp.img
Writing: talsrcimg_g11.4dfp.img
image dimensions 256 256 256 padded to 288 288 288
processing volume 1freesurfer ifh2hdr.c
Wed Mar 11 14:11:24 2026
Writing: talsrcimg_g11.4dfp.hdr

Writing: talsrcimg_g11.4dfp.ifh
including: talsrcimg.4dfp.img.rec in talsrcimg_g11.4dfp.img.rec

---------------------------------------------------------------------
imgreg_4dfp /opt/freesurfer/average/711-2C_as_mni_average_305 none talsrcimg_g11 none talsrcimg_to_711-2C_as_mni_average_305_t4 4355
---------------------------------------------------------------------

freesurfer imgreg_4dfp.c
/opt/freesurfer/average/711-2C_as_mni_average_305.4dfp.img
       256       256       256         1
  1.000000  1.000000  1.000000
orientation T byte_order littleendian
Reading image: /opt/freesurfer/average/711-2C_as_mni_average_305.4dfp.img
dimensions:      256       256       256
mmppix:       1.0000   -1.0000   -1.0000
center:     128.0000 -129.0000 -129.0000
talsrcimg_g11.4dfp.img
       256       256       256         1
  1.000000  1.000000  1.000000
orientation T byte_order littleendian
Reading image: talsrcimg_g11.4dfp.img
dimensions:      256       256       256
mmppix:       1.0000   -1.0000   -1.0000
center:     128.0000 -129.0000 -129.0000
t4_read: open error in t4_sub.f l:  41 t4_file(1:l)talsrcimg_to_711-2C_as_mni_average_305_t4 
t4_read: transform initialized to I4
rotation matrix determinant  1.000000
image alignment mode   4355 decimal     1103 hex
   -7.5000  -45.0000  -45.0000 6141.0713   20.1477
    0.0000  -45.0000  -45.0000 6372.0107   20.1952
    7.5000  -45.0000  -45.0000 6103.1719   20.2654
   -7.5000  -37.5000  -45.0000 6755.1738   19.6922
    0.0000  -37.5000  -45.0000 7009.7817   19.7322
    7.5000  -37.5000  -45.0000 6699.0303   19.7907
   -7.5000  -30.0000  -45.0000 7673.9170   19.4034
    0.0000  -30.0000  -45.0000 7958.5762   19.4339
    7.5000  -30.0000  -45.0000 7567.5845   19.4767
   -7.5000  -22.5000  -45.0000 8652.3623   19.2936
    0.0000  -22.5000  -45.0000 8976.8018   19.3224
    7.5000  -22.5000  -45.0000 8511.5117   19.3575
   -7.5000  -15.0000  -45.0000 9626.8623   19.1842
    0.0000  -15.0000  -45.0000 9978.6260   19.2169
    7.5000  -15.0000  -45.0000 9451.7891   19.2557
   -7.5000   -7.5000  -45.000010601.2021   19.1087
    0.0000   -7.5000  -45.000010985.0957   19.1472
    7.5000   -7.5000  -45.000010392.9395   19.1993
   -7.5000    0.0000  -45.000011453.1455   19.0844
    0.0000    0.0000  -45.000011861.1777   19.1262
    7.5000    0.0000  -45.000011217.5039   19.1882
   -7.5000    7.5000  -45.000011365.4268   19.1314
    0.0000    7.5000  -45.000011820.8750   19.1681
    7.5000    7.5000  -45.000011131.3154   19.2245
   -7.5000   15.0000  -45.000011189.7363   19.1963
    0.0000   15.0000  -45.000011628.6191   19.2256
    7.5000   15.0000  -45.000010933.8320   19.2681
   -7.5000   22.5000  -45.000010987.1191   19.2097
    0.0000   22.5000  -45.000011402.5664   19.2381
    7.5000   22.5000  -45.000010725.4385   19.2731
   -7.5000   30.0000  -45.000010675.9600   18.9162
    0.0000   30.0000  -45.000011066.7021   18.9484
    7.5000   30.0000  -45.000010415.8086   18.9867
   -7.5000   37.5000  -45.000010562.6699   18.8541
    0.0000   37.5000  -45.000010931.8418   18.8921
    7.5000   37.5000  -45.000010273.2344   18.9435
   -7.5000   45.0000  -45.000010122.4287   18.3520
    0.0000   45.0000  -45.000010456.9941   18.3921
    7.5000   45.0000  -45.0000 9826.8447   18.4518
   -7.5000  -45.0000  -37.5000 6501.6826   20.0969
    0.0000  -45.0000  -37.5000 6746.1973   20.1312
    7.5000  -45.0000  -37.5000 6440.0820   20.1825
   -7.5000  -37.5000  -37.5000 7154.7935   19.6349
    0.0000  -37.5000  -37.5000 7421.8096   19.6664
    7.5000  -37.5000  -37.5000 7055.3389   19.7110
   -7.5000  -30.0000  -37.5000 8131.4819   19.3332
    0.0000  -30.0000  -37.5000 8435.2041   19.3600
    7.5000  -30.0000  -37.5000 7994.7861   19.3955
   -7.5000  -22.5000  -37.5000 9182.7617   19.2182
    0.0000  -22.5000  -37.5000 9531.2061   19.2441
    7.5000  -22.5000  -37.5000 9022.9775   19.2747
   -7.5000  -15.0000  -37.500010215.5049   19.1169
    0.0000  -15.0000  -37.500010610.7598   19.1440
    7.5000  -15.0000  -37.500010037.9043   19.1756
   -7.5000   -7.5000  -37.500011237.1689   19.0554
    0.0000   -7.5000  -37.500011672.2617   19.0838
    7.5000   -7.5000  -37.500010983.6699   19.1227
   -7.5000    0.0000  -37.500012141.9062   19.0390
    0.0000    0.0000  -37.500012603.7695   19.0690
    7.5000    0.0000  -37.500011853.1113   19.1148
   -7.5000    7.5000  -37.500012051.0938   19.0788
    0.0000    7.5000  -37.500012551.3135   19.1076
    7.5000    7.5000  -37.500011759.3984   19.1507
   -7.5000   15.0000  -37.500011871.4658   19.1295
    0.0000   15.0000  -37.500012373.1045   19.1551
    7.5000   15.0000  -37.500011544.4932   19.1904
   -7.5000   22.5000  -37.500011621.0986   19.1360
    0.0000   22.5000  -37.500012107.1777   19.1616
    7.5000   22.5000  -37.500011294.9600   19.1921
   -7.5000   30.0000  -37.500011256.4736   18.8499
    0.0000   30.0000  -37.500011727.2881   18.8766
    7.5000   30.0000  -37.500010929.2529   18.9077
   -7.5000   37.5000  -37.500011119.4932   18.8014
    0.0000   37.5000  -37.500011559.6387   18.8295
    7.5000   37.5000  -37.500010789.8779   18.8679
   -7.5000   45.0000  -37.500010660.5791   18.3083
    0.0000   45.0000  -37.500011070.8906   18.3372
    7.5000   45.0000  -37.500010312.7129   18.3812
   -7.5000  -45.0000  -30.0000 6947.2119   20.9449
    0.0000  -45.0000  -30.0000 7211.0942   20.9662
    7.5000  -45.0000  -30.0000 6854.8550   20.9993
   -7.5000  -37.5000  -30.0000 7667.5859   20.4440
    0.0000  -37.5000  -30.0000 7962.1606   20.4671
    7.5000  -37.5000  -30.0000 7533.2603   20.4966
   -7.5000  -30.0000  -30.0000 8737.7754   20.0963
    0.0000  -30.0000  -30.0000 9077.4893   20.1219
    7.5000  -30.0000  -30.0000 8591.1865   20.1524
   -7.5000  -22.5000  -30.0000 9893.7861   19.9626
    0.0000  -22.5000  -30.000010267.1328   19.9907
    7.5000  -22.5000  -30.0000 9707.6084   20.0249
   -7.5000  -15.0000  -30.000010973.5332   19.8735
    0.0000  -15.0000  -30.000011396.4004   19.8999
    7.5000  -15.0000  -30.000010776.9336   19.9348
   -7.5000   -7.5000  -30.000012040.0205   19.8409
    0.0000   -7.5000  -30.000012509.5801   19.8617
    7.5000   -7.5000  -30.000011794.3447   19.8939
   -7.5000    0.0000  -30.000013031.0732   19.8405
    0.0000    0.0000  -30.000013540.7266   19.8590
    7.5000    0.0000  -30.000012726.4746   19.8889
   -7.5000    7.5000  -30.000012937.8506   19.8647
    0.0000    7.5000  -30.000013459.0049   19.8856
    7.5000    7.5000  -30.000012619.8896   19.9143
   -7.5000   15.0000  -30.000012733.1367   19.8858
    0.0000   15.0000  -30.000013279.5508   19.9102
    7.5000   15.0000  -30.000012375.9336   19.9408
   -7.5000   22.5000  -30.000012446.2979   19.8765
    0.0000   22.5000  -30.000012994.3047   19.9042
    7.5000   22.5000  -30.000012062.1504   19.9384
   -7.5000   30.0000  -30.000012063.3994   19.5978
    0.0000   30.0000  -30.000012587.3311   19.6238
    7.5000   30.0000  -30.000011675.6650   19.6582
   -7.5000   37.5000  -30.000011880.1475   19.5783
    0.0000   37.5000  -30.000012410.4414   19.5989
    7.5000   37.5000  -30.000011524.1982   19.6306
   -7.5000   45.0000  -30.000011365.4531   19.0930
    0.0000   45.0000  -30.000011838.6846   19.1108
    7.5000   45.0000  -30.000010996.6943   19.1396
   -7.5000  -45.0000  -22.5000 7426.2920   21.6472
    0.0000  -45.0000  -22.5000 7707.7036   21.6693
    7.5000  -45.0000  -22.5000 7310.5215   21.7058
   -7.5000  -37.5000  -22.5000 8223.7529   21.1173
    0.0000  -37.5000  -22.5000 8515.3066   21.1395
    7.5000  -37.5000  -22.5000 8064.4565   21.1687
   -7.5000  -30.0000  -22.5000 9377.1592   20.7389
    0.0000  -30.0000  -22.5000 9715.7832   20.7660
    7.5000  -30.0000  -22.5000 9190.8145   20.7992
   -7.5000  -22.5000  -22.500010585.1875   20.5944
    0.0000  -22.5000  -22.500010969.0010   20.6282
    7.5000  -22.5000  -22.500010370.2744   20.6718
   -7.5000  -15.0000  -22.500011734.2246   20.5134
    0.0000  -15.0000  -22.500012173.6729   20.5472
    7.5000  -15.0000  -22.500011505.2490   20.5951
   -7.5000   -7.5000  -22.500012880.6689   20.4977
    0.0000   -7.5000  -22.500013375.7021   20.5232
    7.5000   -7.5000  -22.500012617.0957   20.5649
   -7.5000    0.0000  -22.500013918.1455   20.5046
    0.0000    0.0000  -22.500014454.4873   20.5238
    7.5000    0.0000  -22.500013620.6826   20.5564
   -7.5000    7.5000  -22.500013810.9971   20.5172
    0.0000    7.5000  -22.500014358.1797   20.5373
    7.5000    7.5000  -22.500013491.6963   20.5659
   -7.5000   15.0000  -22.500013542.0117   20.5206
    0.0000   15.0000  -22.500014119.3691   20.5467
    7.5000   15.0000  -22.500013184.6455   20.5799
   -7.5000   22.5000  -22.500013256.3115   20.5041
    0.0000   22.5000  -22.500013846.6016   20.5375
    7.5000   22.5000  -22.500012870.0781   20.5810
   -7.5000   30.0000  -22.500012881.3516   20.2320
    0.0000   30.0000  -22.500013460.7354   20.2652
    7.5000   30.0000  -22.500012508.5400   20.3125
   -7.5000   37.5000  -22.500012698.2900   20.2296
    0.0000   37.5000  -22.500013288.1172   20.2547
    7.5000   37.5000  -22.500012323.3496   20.2959
   -7.5000   45.0000  -22.500012041.1025   19.7469
    0.0000   45.0000  -22.500012557.0605   19.7655
    7.5000   45.0000  -22.500011669.0732   19.7969
   -7.5000  -45.0000  -15.0000 7893.9316   22.1505
    0.0000  -45.0000  -15.0000 8191.8799   22.1861
    7.5000  -45.0000  -15.0000 7776.2710   22.2427
   -7.5000  -37.5000  -15.0000 8736.1816   21.6141
    0.0000  -37.5000  -15.0000 9044.3779   21.6445
    7.5000  -37.5000  -15.0000 8578.2412   21.6880
   -7.5000  -30.0000  -15.0000 9925.6982   21.2369
    0.0000  -30.0000  -15.000010286.6670   21.2681
    7.5000  -30.0000  -15.0000 9744.6357   21.3107
   -7.5000  -22.5000  -15.000011174.0186   21.0936
    0.0000  -22.5000  -15.000011590.8213   21.1322
    7.5000  -22.5000  -15.000011004.5225   21.1845
   -7.5000  -15.0000  -15.000012398.9023   21.0054
    0.0000  -15.0000  -15.000012882.2031   21.0477
    7.5000  -15.0000  -15.000012212.9951   21.1080
   -7.5000   -7.5000  -15.000013634.2754   20.9801
    0.0000   -7.5000  -15.000014163.1289   21.0176
    7.5000   -7.5000  -15.000013385.6777   21.0758
   -7.5000    0.0000  -15.000014743.8984   20.9813
    0.0000    0.0000  -15.000015333.5596   21.0126
    7.5000    0.0000  -15.000014477.9570   21.0627
   -7.5000    7.5000  -15.000014617.4668   20.9981
    0.0000    7.5000  -15.000015205.1670   21.0260
    7.5000    7.5000  -15.000014340.6514   21.0683
   -7.5000   15.0000  -15.000014291.3789   21.0112
    0.0000   15.0000  -15.000014886.7490   21.0413
    7.5000   15.0000  -15.000013995.7305   21.0838
   -7.5000   22.5000  -15.000013990.5371   20.9988
    0.0000   22.5000  -15.000014629.0693   21.0368
    7.5000   22.5000  -15.000013678.6475   21.0891
   -7.5000   30.0000  -15.000013624.2080   20.7202
    0.0000   30.0000  -15.000014284.8672   20.7618
    7.5000   30.0000  -15.000013323.0645   20.8212
   -7.5000   37.5000  -15.000013475.3848   20.7086
    0.0000   37.5000  -15.000014110.1553   20.7456
    7.5000   37.5000  -15.000013154.8428   20.8031
   -7.5000   45.0000  -15.000012720.9072   20.2182
    0.0000   45.0000  -15.000013281.3955   20.2484
    7.5000   45.0000  -15.000012385.0059   20.2967
   -7.5000  -45.0000   -7.5000 8320.1592   22.4087
    0.0000  -45.0000   -7.5000 8632.0381   22.4596
    7.5000  -45.0000   -7.5000 8206.5527   22.5350
   -7.5000  -37.5000   -7.5000 9225.0938   21.8872
    0.0000  -37.5000   -7.5000 9570.9424   21.9292
    7.5000  -37.5000   -7.5000 9070.8525   21.9897
   -7.5000  -30.0000   -7.500010494.4658   21.5409
    0.0000  -30.0000   -7.500010882.0449   21.5758
    7.5000  -30.0000   -7.500010313.6885   21.6252
   -7.5000  -22.5000   -7.500011809.0801   21.4099
    0.0000  -22.5000   -7.500012236.5967   21.4470
    7.5000  -22.5000   -7.500011647.9824   21.4964
   -7.5000  -15.0000   -7.500013089.2686   21.3025
    0.0000  -15.0000   -7.500013607.5215   21.3448
    7.5000  -15.0000   -7.500012931.8818   21.4013
   -7.5000   -7.5000   -7.500014443.8018   21.2437
    0.0000   -7.5000   -7.500014999.0312   21.2888
    7.5000   -7.5000   -7.500014204.5850   21.3535
   -7.5000    0.0000   -7.500015663.4697   21.2280
    0.0000    0.0000   -7.500016320.4346   21.2728
    7.5000    0.0000   -7.500015417.2588   21.3393
   -7.5000    7.5000   -7.500015501.4736   21.2640
    0.0000    7.5000   -7.500016196.3125   21.3027
    7.5000    7.5000   -7.500015316.5098   21.3611
   -7.5000   15.0000   -7.500015087.7324   21.3109
    0.0000   15.0000   -7.500015748.6553   21.3445
    7.5000   15.0000   -7.500014943.3379   21.3936
   -7.5000   22.5000   -7.500014756.0312   21.3101
    0.0000   22.5000   -7.500015449.7402   21.3467
    7.5000   22.5000   -7.500014599.6123   21.3960
   -7.5000   30.0000   -7.500014415.4912   21.0125
    0.0000   30.0000   -7.500015140.5527   21.0543
    7.5000   30.0000   -7.500014252.3096   21.1100
   -7.5000   37.5000   -7.500014284.1963   20.9682
    0.0000   37.5000   -7.500014989.7314   21.0128
    7.5000   37.5000   -7.500014078.1035   21.0766
   -7.5000   45.0000   -7.500013462.5332   20.4598
    0.0000   45.0000   -7.500014117.5742   20.5030
    7.5000   45.0000   -7.500013206.0117   20.5671
   -7.5000  -45.0000    0.0000 8710.9629   22.4626
    0.0000  -45.0000    0.0000 9037.7852   22.5156
    7.5000  -45.0000    0.0000 8596.1289   22.5937
   -7.5000  -37.5000    0.0000 9653.7773   21.9551
    0.0000  -37.5000    0.000010008.0273   21.9999
    7.5000  -37.5000    0.0000 9520.1357   22.0649
   -7.5000  -30.0000    0.000010978.0410   21.6341
    0.0000  -30.0000    0.000011369.3057   21.6682
    7.5000  -30.0000    0.000010796.7324   21.7159
   -7.5000  -22.5000    0.000012349.0332   21.5136
    0.0000  -22.5000    0.000012800.7188   21.5458
    7.5000  -22.5000    0.000012167.8223   21.5849
   -7.5000  -15.0000    0.000013654.5312   21.3937
    0.0000  -15.0000    0.000014178.7705   21.4302
    7.5000  -15.0000    0.000013485.1494   21.4734
   -7.5000   -7.5000    0.000015025.3633   21.3096
    0.0000   -7.5000    0.000015602.6562   21.3527
    7.5000   -7.5000    0.000014830.6357   21.4107
   -7.5000    0.0000    0.000016439.1387   21.2812
    0.0000    0.0000    0.000017170.5742   21.3279
    7.5000    0.0000    0.000016182.6719   21.3970
   -7.5000    7.5000    0.000016463.9297   21.3321
    0.0000    7.5000    0.000017278.2852   21.3732
    7.5000    7.5000    0.000016311.3389   21.4359
   -7.5000   15.0000    0.000016038.2139   21.4041
    0.0000   15.0000    0.000016753.1367   21.4368
    7.5000   15.0000    0.000016045.6025   21.4842
   -7.5000   22.5000    0.000015611.0498   21.4134
    0.0000   22.5000    0.000016275.9404   21.4452
    7.5000   22.5000    0.000015621.2178   21.4842
   -7.5000   30.0000    0.000015238.3135   21.1031
    0.0000   30.0000    0.000015955.6426   21.1390
    7.5000   30.0000    0.000015171.5820   21.1817
   -7.5000   37.5000    0.000015081.2383   21.0338
    0.0000   37.5000    0.000015825.9971   21.0763
    7.5000   37.5000    0.000014913.8818   21.1336
   -7.5000   45.0000    0.000014189.7939   20.5127
    0.0000   45.0000    0.000014887.0693   20.5577
    7.5000   45.0000    0.000013931.0049   20.6242
   -7.5000  -45.0000    7.5000 8404.9248   22.4827
    0.0000  -45.0000    7.5000 8713.0547   22.5212
    7.5000  -45.0000    7.5000 8274.1738   22.5786
   -7.5000  -37.5000    7.5000 9325.1650   21.9664
    0.0000  -37.5000    7.5000 9683.7080   22.0017
    7.5000  -37.5000    7.5000 9194.2432   22.0516
   -7.5000  -30.0000    7.500010613.4902   21.6297
    0.0000  -30.0000    7.500011007.9854   21.6597
    7.5000  -30.0000    7.500010457.3213   21.6994
   -7.5000  -22.5000    7.500011930.1162   21.5016
    0.0000  -22.5000    7.500012373.3516   21.5306
    7.5000  -22.5000    7.500011804.2461   21.5647
   -7.5000  -15.0000    7.500013175.6543   21.3881
    0.0000  -15.0000    7.500013671.7070   21.4185
    7.5000  -15.0000    7.500013078.4062   21.4538
   -7.5000   -7.5000    7.500014492.7588   21.3185
    0.0000   -7.5000    7.500015011.5928   21.3504
    7.5000   -7.5000    7.500014377.5117   21.3940
   -7.5000    0.0000    7.500015844.6592   21.2995
    0.0000    0.0000    7.500016604.3340   21.3332
    7.5000    0.0000    7.500015651.0010   21.3844
   -7.5000    7.5000    7.500016108.0361   21.3444
    0.0000    7.5000    7.500016812.1426   21.3766
    7.5000    7.5000    7.500015834.9541   21.4248
   -7.5000   15.0000    7.500015831.4775   21.4018
    0.0000   15.0000    7.500016397.7441   21.4305
    7.5000   15.0000    7.500015657.7129   21.4700
   -7.5000   22.5000    7.500015448.3945   21.4027
    0.0000   22.5000    7.500015966.1074   21.4313
    7.5000   22.5000    7.500015245.5352   21.4655
   -7.5000   30.0000    7.500014999.4189   21.0976
    0.0000   30.0000    7.500015561.9092   21.1275
    7.5000   30.0000    7.500014733.3467   21.1623
   -7.5000   37.5000    7.500014744.1680   21.0426
    0.0000   37.5000    7.500015326.8711   21.0741
    7.5000   37.5000    7.500014405.1934   21.1171
   -7.5000   45.0000    7.500013765.0889   20.5303
    0.0000   45.0000    7.500014327.0078   20.5628
    7.5000   45.0000    7.500013433.7051   20.6121
   -7.5000  -45.0000   15.0000 7999.8970   22.5051
    0.0000  -45.0000   15.0000 8284.7686   22.5280
    7.5000  -45.0000   15.0000 7876.2861   22.5636
   -7.5000  -37.5000   15.0000 8910.8086   21.9666
    0.0000  -37.5000   15.0000 9243.2246   21.9913
    7.5000  -37.5000   15.0000 8760.0283   22.0231
   -7.5000  -30.0000   15.000010128.4961   21.5927
    0.0000  -30.0000   15.000010520.2900   21.6203
    7.5000  -30.0000   15.0000 9994.5264   21.6531
   -7.5000  -22.5000   15.000011379.4238   21.4491
    0.0000  -22.5000   15.000011837.2754   21.4793
    7.5000  -22.5000   15.000011257.5850   21.5160
   -7.5000  -15.0000   15.000012587.2695   21.3533
    0.0000  -15.0000   15.000013070.6895   21.3818
    7.5000  -15.0000   15.000012455.6885   21.4192
   -7.5000   -7.5000   15.000013860.3271   21.3183
    0.0000   -7.5000   15.000014375.0352   21.3407
    7.5000   -7.5000   15.000013670.7041   21.3753
   -7.5000    0.0000   15.000015155.1855   21.3178
    0.0000    0.0000   15.000015863.0713   21.3377
    7.5000    0.0000   15.000014879.1104   21.3698
   -7.5000    7.5000   15.000015268.6084   21.3437
    0.0000    7.5000   15.000015846.8350   21.3663
    7.5000    7.5000   15.000014959.9980   21.3971
   -7.5000   15.0000   15.000014997.7129   21.3664
    0.0000   15.0000   15.000015441.0039   21.3927
    7.5000   15.0000   15.000014693.6084   21.4256
   -7.5000   22.5000   15.000014715.4150   21.3518
    0.0000   22.5000   15.000015144.5967   21.3815
    7.5000   22.5000   15.000014358.2803   21.4183
   -7.5000   30.0000   15.000014322.7637   21.0633
    0.0000   30.0000   15.000014827.9619   21.0913
    7.5000   30.0000   15.000013921.5908   21.1282
   -7.5000   37.5000   15.000014071.3535   21.0424
    0.0000   37.5000   15.000014594.3271   21.0646
    7.5000   37.5000   15.000013653.9756   21.0986
   -7.5000   45.0000   15.000013102.9395   20.5479
    0.0000   45.0000   15.000013602.4248   20.5671
    7.5000   45.0000   15.000012764.0820   20.5981
   -7.5000  -45.0000   22.5000 7504.8403   22.5950
    0.0000  -45.0000   22.5000 7784.8994   22.6184
    7.5000  -45.0000   22.5000 7390.7202   22.6561
   -7.5000  -37.5000   22.5000 8375.2344   22.0467
    0.0000  -37.5000   22.5000 8704.6953   22.0703
    7.5000  -37.5000   22.5000 8224.7188   22.1005
   -7.5000  -30.0000   22.5000 9544.3496   21.6493
    0.0000  -30.0000   22.5000 9965.0889   21.6780
    7.5000  -30.0000   22.5000 9401.7695   21.7124
   -7.5000  -22.5000   22.500010710.9844   21.4981
    0.0000  -22.5000   22.500011199.9648   21.5338
    7.5000  -22.5000   22.500010566.5625   21.5791
   -7.5000  -15.0000   22.500011862.0303   21.4137
    0.0000  -15.0000   22.500012364.7471   21.4493
    7.5000  -15.0000   22.500011680.2832   21.4992
   -7.5000   -7.5000   22.500013037.6484   21.3977
    0.0000   -7.5000   22.500013594.6025   21.4246
    7.5000   -7.5000   22.500012817.1426   21.4678
   -7.5000    0.0000   22.500014181.3320   21.4047
    0.0000    0.0000   22.500014836.3076   21.4252
    7.5000    0.0000   22.500013952.4600   21.4589
   -7.5000    7.5000   22.500014163.1094   21.4171
    0.0000    7.5000   22.500014682.2490   21.4385
    7.5000    7.5000   22.500013937.0234   21.4680
   -7.5000   15.0000   22.500013857.8652   21.4202
    0.0000   15.0000   22.500014326.1035   21.4478
    7.5000   15.0000   22.500013658.2803   21.4823
   -7.5000   22.5000   22.500013587.2559   21.4001
    0.0000   22.5000   22.500014046.3721   21.4353
    7.5000   22.5000   22.500013352.7686   21.4806
   -7.5000   30.0000   22.500013257.7314   21.1228
    0.0000   30.0000   22.500013705.6826   21.1579
    7.5000   30.0000   22.500012966.8486   21.2070
   -7.5000   37.5000   22.500013120.4541   21.1208
    0.0000   37.5000   22.500013577.6914   21.1473
    7.5000   37.5000   22.500012791.2354   21.1899
   -7.5000   45.0000   22.500012293.9043   20.6317
    0.0000   45.0000   22.500012751.6025   20.6514
    7.5000   45.0000   22.500012004.1182   20.6839
   -7.5000  -45.0000   30.0000 6942.2075   22.9101
    0.0000  -45.0000   30.0000 7220.1660   22.9475
    7.5000  -45.0000   30.0000 6842.8906   23.0057
   -7.5000  -37.5000   30.0000 7759.9893   22.3597
    0.0000  -37.5000   30.0000 8086.3345   22.3919
    7.5000  -37.5000   30.0000 7616.0947   22.4363
   -7.5000  -30.0000   30.0000 8845.5303   21.9618
    0.0000  -30.0000   30.0000 9245.8330   21.9947
    7.5000  -30.0000   30.0000 8704.2539   22.0385
   -7.5000  -22.5000   30.0000 9947.6543   21.8113
    0.0000  -22.5000   30.000010397.8877   21.8518
    7.5000  -22.5000   30.0000 9795.6074   21.9060
   -7.5000  -15.0000   30.000010997.7275   21.7200
    0.0000  -15.0000   30.000011493.3076   21.7643
    7.5000  -15.0000   30.000010847.5117   21.8270
   -7.5000   -7.5000   30.000012033.5488   21.6945
    0.0000   -7.5000   30.000012611.0381   21.7339
    7.5000   -7.5000   30.000011912.1982   21.7941
   -7.5000    0.0000   30.000013063.1436   21.6954
    0.0000    0.0000   30.000013666.2266   21.7285
    7.5000    0.0000   30.000012923.5225   21.7798
   -7.5000    7.5000   30.000013023.8926   21.7113
    0.0000    7.5000   30.000013512.0664   21.7408
    7.5000    7.5000   30.000012876.6191   21.7840
   -7.5000   15.0000   30.000012756.1562   21.7237
    0.0000   15.0000   30.000013233.0010   21.7554
    7.5000   15.0000   30.000012622.3662   21.7991
   -7.5000   22.5000   30.000012476.3379   21.7091
    0.0000   22.5000   30.000012955.0947   21.7491
    7.5000   22.5000   30.000012353.9404   21.8032
   -7.5000   30.0000   30.000012161.7070   21.4248
    0.0000   30.0000   30.000012604.1875   21.4683
    7.5000   30.0000   30.000012003.5801   21.5302
   -7.5000   37.5000   30.000012115.7930   21.4137
    0.0000   37.5000   30.000012556.8496   21.4526
    7.5000   37.5000   30.000011908.5264   21.5120
   -7.5000   45.0000   30.000011438.2383   20.9119
    0.0000   45.0000   30.000011868.6172   20.9437
    7.5000   45.0000   30.000011239.4814   20.9932
   -7.5000  -45.0000   37.5000 6624.4106   23.3531
    0.0000  -45.0000   37.5000 6870.8633   23.4072
    7.5000  -45.0000   37.5000 6536.9062   23.4861
   -7.5000  -37.5000   37.5000 7395.5854   22.8115
    0.0000  -37.5000   37.5000 7687.0200   22.8560
    7.5000  -37.5000   37.5000 7276.9492   22.9189
   -7.5000  -30.0000   37.5000 8430.8857   22.4404
    0.0000  -30.0000   37.5000 8789.8838   22.4771
    7.5000  -30.0000   37.5000 8314.2949   22.5278
   -7.5000  -22.5000   37.5000 9484.3145   22.3008
    0.0000  -22.5000   37.5000 9892.9980   22.3400
    7.5000  -22.5000   37.5000 9352.7627   22.3907
   -7.5000  -15.0000   37.500010512.2432   22.1865
    0.0000  -15.0000   37.500010986.0439   22.2317
    7.5000  -15.0000   37.500010368.9043   22.2901
   -7.5000   -7.5000   37.500011531.9043   22.1225
    0.0000   -7.5000   37.500012088.6738   22.1708
    7.5000   -7.5000   37.500011394.7920   22.2381
   -7.5000    0.0000   37.500012484.1514   22.1036
    0.0000    0.0000   37.500013067.1572   22.1513
    7.5000    0.0000   37.500012346.0684   22.2208
   -7.5000    7.5000   37.500012422.9609   22.1407
    0.0000    7.5000   37.500012944.2549   22.1816
    7.5000    7.5000   37.500012286.5869   22.2422
   -7.5000   15.0000   37.500012201.4961   22.1914
    0.0000   15.0000   37.500012693.4980   22.2267
    7.5000   15.0000   37.500012081.8096   22.2772
   -7.5000   22.5000   37.500011907.6611   22.1932
    0.0000   22.5000   37.500012394.2002   22.2319
    7.5000   22.5000   37.500011810.3301   22.2824
   -7.5000   30.0000   37.500011556.3281   21.8846
    0.0000   30.0000   37.500012012.2559   21.9291
    7.5000   30.0000   37.500011473.4287   21.9867
   -7.5000   37.5000   37.500011528.9424   21.8362
    0.0000   37.5000   37.500011994.7939   21.8839
    7.5000   37.5000   37.500011413.4883   21.9503
   -7.5000   45.0000   37.500010957.7344   21.3053
    0.0000   45.0000   37.500011387.6660   21.3513
    7.5000   45.0000   37.500010817.3320   21.4183
   -7.5000  -45.0000   45.0000 6048.4214   23.8889
    0.0000  -45.0000   45.0000 6258.9888   23.9445
    7.5000  -45.0000   45.0000 5964.8691   24.0262
   -7.5000  -37.5000   45.0000 6746.9756   23.3412
    0.0000  -37.5000   45.0000 6985.1753   23.3872
    7.5000  -37.5000   45.0000 6643.0762   23.4550
   -7.5000  -30.0000   45.0000 7698.5156   22.9847
    0.0000  -30.0000   45.0000 7989.6465   23.0180
    7.5000  -30.0000   45.0000 7591.4658   23.0656
   -7.5000  -22.5000   45.0000 8697.3652   22.8515
    0.0000  -22.5000   45.0000 9042.9131   22.8825
    7.5000  -22.5000   45.0000 8577.8408   22.9196
   -7.5000  -15.0000   45.0000 9656.7900   22.7191
    0.0000  -15.0000   45.000010097.4443   22.7554
    7.5000  -15.0000   45.0000 9541.6201   22.7969
   -7.5000   -7.5000   45.000010600.6016   22.6238
    0.0000   -7.5000   45.000011083.8623   22.6684
    7.5000   -7.5000   45.000010469.5576   22.7270
   -7.5000    0.0000   45.000011454.4814   22.5886
    0.0000    0.0000   45.000011932.3486   22.6374
    7.5000    0.0000   45.000011305.2061   22.7092
   -7.5000    7.5000   45.000011383.3281   22.6424
    0.0000    7.5000   45.000011855.0703   22.6844
    7.5000    7.5000   45.000011250.4131   22.7494
   -7.5000   15.0000   45.000011180.9961   22.7235
    0.0000   15.0000   45.000011639.3916   22.7553
    7.5000   15.0000   45.000011085.6562   22.8027
   -7.5000   22.5000   45.000010897.9570   22.7384
    0.0000   22.5000   45.000011349.1738   22.7689
    7.5000   22.5000   45.000010826.1475   22.8060
   -7.5000   30.0000   45.000010567.0146   22.4075
    0.0000   30.0000   45.000010963.1650   22.4433
    7.5000   30.0000   45.000010498.3506   22.4842
   -7.5000   37.5000   45.000010561.9775   22.3291
    0.0000   37.5000   45.000010984.2441   22.3731
    7.5000   37.5000   45.000010475.4639   22.4310
   -7.5000   45.0000   45.000010079.6934   21.7826
    0.0000   45.0000   45.000010493.7500   21.8298
    7.5000   45.0000   45.0000 9964.9795   21.8990

---------------------------------------------------------------------
imgreg_4dfp /opt/freesurfer/average/711-2C_as_mni_average_305 /opt/freesurfer/average/711-2B_as_mni_average_305_mask talsrcimg_g11 none talsrcimg_to_711-2C_as_mni_average_305_t4 4355
---------------------------------------------------------------------

freesurfer imgreg_4dfp.c
/opt/freesurfer/average/711-2C_as_mni_average_305.4dfp.img
       256       256       256         1
  1.000000  1.000000  1.000000
orientation T byte_order littleendian
Reading image: /opt/freesurfer/average/711-2C_as_mni_average_305.4dfp.img
dimensions:      256       256       256
mmppix:       1.0000   -1.0000   -1.0000
center:     128.0000 -129.0000 -129.0000
/opt/freesurfer/average/711-2B_as_mni_average_305_mask.4dfp.img
       256       256       256         1
  1.000000  1.000000  1.000000
orientation T byte_order littleendian
Reading mask: /opt/freesurfer/average/711-2B_as_mni_average_305_mask.4dfp.img (2306576 pixels)
talsrcimg_g11.4dfp.img
       256       256       256         1
  1.000000  1.000000  1.000000
orientation T byte_order littleendian
Reading image: talsrcimg_g11.4dfp.img
dimensions:      256       256       256
mmppix:       1.0000   -1.0000   -1.0000
center:     128.0000 -129.0000 -129.0000
rotation matrix determinant  1.000000
image alignment mode   4355 decimal     1103 hex
   -7.5000  -37.5000  -45.0000 1882.7439   28.6240
    0.0000  -37.5000  -45.0000 1886.7200   28.7794
    7.5000  -37.5000  -45.0000 1870.5773   29.3531
   -7.5000  -30.0000  -45.0000 2003.7128   25.3670
    0.0000  -30.0000  -45.0000 2007.1134   25.4395
    7.5000  -30.0000  -45.0000 1990.5061   25.9093
   -7.5000  -22.5000  -45.0000 2125.7124   22.7598
    0.0000  -22.5000  -45.0000 2129.2212   22.8446
    7.5000  -22.5000  -45.0000 2105.5713   23.1797
   -7.5000  -15.0000  -45.0000 2228.8899   20.7246
    0.0000  -15.0000  -45.0000 2231.3928   20.8530
    7.5000  -15.0000  -45.0000 2209.8257   21.0864
   -7.5000   -7.5000  -45.0000 2309.5002   19.1870
    0.0000   -7.5000  -45.0000 2310.4263   19.3307
    7.5000   -7.5000  -45.0000 2291.0259   19.5266
   -7.5000    0.0000  -45.0000 2356.2476   18.1598
    0.0000    0.0000  -45.0000 2359.4709   18.2630
    7.5000    0.0000  -45.0000 2338.6309   18.4544
   -7.5000    7.5000  -45.0000 2386.1177   17.5609
    0.0000    7.5000  -45.0000 2386.4521   17.6432
    7.5000    7.5000  -45.0000 2364.3425   17.8832
   -7.5000   15.0000  -45.0000 2401.8752   17.3345
    0.0000   15.0000  -45.0000 2405.3979   17.3604
    7.5000   15.0000  -45.0000 2377.8521   17.6160
   -7.5000   22.5000  -45.0000 2400.2976   17.4227
    0.0000   22.5000  -45.0000 2401.4365   17.4425
    7.5000   22.5000  -45.0000 2378.3340   17.7104
   -7.5000   30.0000  -45.0000 2381.1223   17.8201
    0.0000   30.0000  -45.0000 2385.9434   17.8107
    7.5000   30.0000  -45.0000 2362.0686   18.1279
   -7.5000   37.5000  -45.0000 2348.0427   18.5526
    0.0000   37.5000  -45.0000 2351.6389   18.5332
    7.5000   37.5000  -45.0000 2326.8020   18.8665
   -7.5000   45.0000  -45.0000 2283.2312   19.6616
    0.0000   45.0000  -45.0000 2289.0774   19.5954
    7.5000   45.0000  -45.0000 2264.4412   19.9557
   -7.5000   52.5000  -45.0000 2175.5549   20.9933
    0.0000   52.5000  -45.0000 2177.0059   20.9349
    7.5000   52.5000  -45.0000 2156.9624   21.3662
   -7.5000  -37.5000  -37.5000 1937.9657   26.9358
    0.0000  -37.5000  -37.5000 1938.1359   27.1271
    7.5000  -37.5000  -37.5000 1919.0895   27.4756
   -7.5000  -30.0000  -37.5000 2068.1377   23.8126
    0.0000  -30.0000  -37.5000 2070.1316   23.9417
    7.5000  -30.0000  -37.5000 2047.0294   24.2536
   -7.5000  -22.5000  -37.5000 2198.4673   21.4039
    0.0000  -22.5000  -37.5000 2203.7244   21.5085
    7.5000  -22.5000  -37.5000 2174.8237   21.7616
   -7.5000  -15.0000  -37.5000 2303.3547   19.4428
    0.0000  -15.0000  -37.5000 2309.4070   19.5649
    7.5000  -15.0000  -37.5000 2283.6973   19.7514
   -7.5000   -7.5000  -37.5000 2391.7485   17.9023
    0.0000   -7.5000  -37.5000 2395.8130   18.0387
    7.5000   -7.5000  -37.5000 2362.6599   18.1779
   -7.5000    0.0000  -37.5000 2444.0208   16.9108
    0.0000    0.0000  -37.5000 2446.4512   17.0337
    7.5000    0.0000  -37.5000 2415.8674   17.1425
   -7.5000    7.5000  -37.5000 2476.8154   16.3375
    0.0000    7.5000  -37.5000 2477.7183   16.4638
    7.5000    7.5000  -37.5000 2450.5696   16.5896
   -7.5000   15.0000  -37.5000 2500.6057   16.1186
    0.0000   15.0000  -37.5000 2501.8245   16.1881
    7.5000   15.0000  -37.5000 2471.9998   16.3569
   -7.5000   22.5000  -37.5000 2496.7058   16.1987
    0.0000   22.5000  -37.5000 2502.2849   16.2966
    7.5000   22.5000  -37.5000 2473.4377   16.4598
   -7.5000   30.0000  -37.5000 2473.5894   16.5413
    0.0000   30.0000  -37.5000 2482.8696   16.6137
    7.5000   30.0000  -37.5000 2447.8557   16.8293
   -7.5000   37.5000  -37.5000 2437.3120   17.2063
    0.0000   37.5000  -37.5000 2444.7754   17.2701
    7.5000   37.5000  -37.5000 2413.3152   17.5145
   -7.5000   45.0000  -37.5000 2374.6162   18.2228
    0.0000   45.0000  -37.5000 2383.5776   18.2418
    7.5000   45.0000  -37.5000 2350.2595   18.5134
   -7.5000   52.5000  -37.5000 2262.6453   19.4480
    0.0000   52.5000  -37.5000 2268.7175   19.4585
    7.5000   52.5000  -37.5000 2240.2939   19.7896
   -7.5000  -37.5000  -30.0000 2021.4276   26.2179
    0.0000  -37.5000  -30.0000 2023.8219   26.3784
    7.5000  -37.5000  -30.0000 1997.3292   26.7333
   -7.5000  -30.0000  -30.0000 2167.7310   23.1584
    0.0000  -30.0000  -30.0000 2170.9307   23.2840
    7.5000  -30.0000  -30.0000 2139.2659   23.5692
   -7.5000  -22.5000  -30.0000 2304.3188   20.7824
    0.0000  -22.5000  -30.0000 2308.3003   20.8928
    7.5000  -22.5000  -30.0000 2273.5459   21.0995
   -7.5000  -15.0000  -30.0000 2411.4282   18.8017
    0.0000  -15.0000  -30.0000 2417.9268   18.9372
    7.5000  -15.0000  -30.0000 2385.6172   19.1309
   -7.5000   -7.5000  -30.0000 2501.3398   17.2944
    0.0000   -7.5000  -30.0000 2506.9846   17.4090
    7.5000   -7.5000  -30.0000 2473.0181   17.5551
   -7.5000    0.0000  -30.0000 2571.3115   16.2769
    0.0000    0.0000  -30.0000 2577.3738   16.3818
    7.5000    0.0000  -30.0000 2541.0586   16.5136
   -7.5000    7.5000  -30.0000 2615.0178   15.6937
    0.0000    7.5000  -30.0000 2619.6506   15.8243
    7.5000    7.5000  -30.0000 2583.4636   15.9187
   -7.5000   15.0000  -30.0000 2644.1848   15.4322
    0.0000   15.0000  -30.0000 2647.5989   15.5581
    7.5000   15.0000  -30.0000 2608.6968   15.6553
   -7.5000   22.5000  -30.0000 2638.4167   15.5414
    0.0000   22.5000  -30.0000 2647.8372   15.7217
    7.5000   22.5000  -30.0000 2606.2715   15.8100
   -7.5000   30.0000  -30.0000 2617.4622   15.9225
    0.0000   30.0000  -30.0000 2627.7759   16.0517
    7.5000   30.0000  -30.0000 2582.0435   16.1872
   -7.5000   37.5000  -30.0000 2575.7046   16.5831
    0.0000   37.5000  -30.0000 2587.6804   16.6705
    7.5000   37.5000  -30.0000 2540.6394   16.8365
   -7.5000   45.0000  -30.0000 2507.6128   17.5404
    0.0000   45.0000  -30.0000 2516.9685   17.6264
    7.5000   45.0000  -30.0000 2475.1514   17.8267
   -7.5000   52.5000  -30.0000 2388.4907   18.7284
    0.0000   52.5000  -30.0000 2397.1738   18.7641
    7.5000   52.5000  -30.0000 2361.6646   19.0191
   -7.5000  -37.5000  -22.5000 2083.2446   25.4072
    0.0000  -37.5000  -22.5000 2085.2773   25.5520
    7.5000  -37.5000  -22.5000 2058.8503   25.9869
   -7.5000  -30.0000  -22.5000 2232.9968   22.4116
    0.0000  -30.0000  -22.5000 2238.0479   22.5131
    7.5000  -30.0000  -22.5000 2205.5427   22.8594
   -7.5000  -22.5000  -22.5000 2371.3005   20.0253
    0.0000  -22.5000  -22.5000 2376.6677   20.1009
    7.5000  -22.5000  -22.5000 2340.4700   20.4123
   -7.5000  -15.0000  -22.5000 2481.4067   18.0961
    0.0000  -15.0000  -22.5000 2486.9209   18.1769
    7.5000  -15.0000  -22.5000 2454.3682   18.4457
   -7.5000   -7.5000  -22.5000 2584.6917   16.6077
    0.0000   -7.5000  -22.5000 2589.8494   16.7097
    7.5000   -7.5000  -22.5000 2553.6101   16.9050
   -7.5000    0.0000  -22.5000 2669.6565   15.5725
    0.0000    0.0000  -22.5000 2675.4150   15.6894
    7.5000    0.0000  -22.5000 2638.7214   15.8514
   -7.5000    7.5000  -22.5000 2720.1062   14.9297
    0.0000    7.5000  -22.5000 2724.5183   15.0719
    7.5000    7.5000  -22.5000 2685.6965   15.1763
   -7.5000   15.0000  -22.5000 2747.9724   14.6290
    0.0000   15.0000  -22.5000 2756.5029   14.7759
    7.5000   15.0000  -22.5000 2708.8645   14.8738
   -7.5000   22.5000  -22.5000 2750.9731   14.7802
    0.0000   22.5000  -22.5000 2766.5630   14.9403
    7.5000   22.5000  -22.5000 2715.3960   15.0242
   -7.5000   30.0000  -22.5000 2729.5081   15.2053
    0.0000   30.0000  -22.5000 2744.6069   15.3480
    7.5000   30.0000  -22.5000 2696.6384   15.4806
   -7.5000   37.5000  -22.5000 2689.7632   15.8636
    0.0000   37.5000  -22.5000 2702.9382   15.9837
    7.5000   37.5000  -22.5000 2654.9470   16.1546
   -7.5000   45.0000  -22.5000 2610.6660   16.7757
    0.0000   45.0000  -22.5000 2621.9695   16.8604
    7.5000   45.0000  -22.5000 2582.4375   17.0701
   -7.5000   52.5000  -22.5000 2479.8328   17.9060
    0.0000   52.5000  -22.5000 2492.1287   17.9510
    7.5000   52.5000  -22.5000 2464.1240   18.1998
   -7.5000  -37.5000  -15.0000 2107.2690   24.7915
    0.0000  -37.5000  -15.0000 2111.2866   24.9169
    7.5000  -37.5000  -15.0000 2091.1648   25.4297
   -7.5000  -30.0000  -15.0000 2252.9912   21.7771
    0.0000  -30.0000  -15.0000 2260.2571   21.8482
    7.5000  -30.0000  -15.0000 2229.9504   22.2984
   -7.5000  -22.5000  -15.0000 2386.3918   19.3509
    0.0000  -22.5000  -15.0000 2395.4165   19.4481
    7.5000  -22.5000  -15.0000 2364.4844   19.8550
   -7.5000  -15.0000  -15.0000 2504.9294   17.4819
    0.0000  -15.0000  -15.0000 2515.6177   17.5591
    7.5000  -15.0000  -15.0000 2484.8826   17.9065
   -7.5000   -7.5000  -15.0000 2618.5774   16.0168
    0.0000   -7.5000  -15.0000 2632.1533   16.1089
    7.5000   -7.5000  -15.0000 2593.7893   16.4275
   -7.5000    0.0000  -15.0000 2717.9731   14.9409
    0.0000    0.0000  -15.0000 2727.9170   15.0434
    7.5000    0.0000  -15.0000 2690.3120   15.3175
   -7.5000    7.5000  -15.0000 2784.4631   14.2603
    0.0000    7.5000  -15.0000 2789.7480   14.3751
    7.5000    7.5000  -15.0000 2746.7791   14.5954
   -7.5000   15.0000  -15.0000 2816.1177   13.9052
    0.0000   15.0000  -15.0000 2821.2742   14.0322
    7.5000   15.0000  -15.0000 2778.4187   14.2153
   -7.5000   22.5000  -15.0000 2823.7070   14.0360
    0.0000   22.5000  -15.0000 2843.2744   14.1698
    7.5000   22.5000  -15.0000 2796.4692   14.3183
   -7.5000   30.0000  -15.0000 2804.7109   14.5438
    0.0000   30.0000  -15.0000 2827.2812   14.6881
    7.5000   30.0000  -15.0000 2784.5637   14.8156
   -7.5000   37.5000  -15.0000 2757.0215   15.2014
    0.0000   37.5000  -15.0000 2777.1729   15.3363
    7.5000   37.5000  -15.0000 2738.7092   15.5317
   -7.5000   45.0000  -15.0000 2672.8188   16.0669
    0.0000   45.0000  -15.0000 2688.8901   16.1853
    7.5000   45.0000  -15.0000 2655.7891   16.4476
   -7.5000   52.5000  -15.0000 2540.5381   17.1568
    0.0000   52.5000  -15.0000 2553.4729   17.2300
    7.5000   52.5000  -15.0000 2527.2131   17.5180
   -7.5000  -37.5000   -7.5000 2114.9236   24.4050
    0.0000  -37.5000   -7.5000 2118.9846   24.4859
    7.5000  -37.5000   -7.5000 2094.1790   25.0697
   -7.5000  -30.0000   -7.5000 2256.4832   21.3327
    0.0000  -30.0000   -7.5000 2263.8423   21.4493
    7.5000  -30.0000   -7.5000 2231.7795   21.9829
   -7.5000  -22.5000   -7.5000 2392.9651   18.9374
    0.0000  -22.5000   -7.5000 2396.7764   19.0299
    7.5000  -22.5000   -7.5000 2369.1499   19.5274
   -7.5000  -15.0000   -7.5000 2513.9790   17.0351
    0.0000  -15.0000   -7.5000 2524.7139   17.1184
    7.5000  -15.0000   -7.5000 2492.3210   17.5510
   -7.5000   -7.5000   -7.5000 2635.7734   15.5857
    0.0000   -7.5000   -7.5000 2647.4868   15.6725
    7.5000   -7.5000   -7.5000 2615.2234   16.0457
   -7.5000    0.0000   -7.5000 2746.3123   14.5180
    0.0000    0.0000   -7.5000 2757.6331   14.6076
    7.5000    0.0000   -7.5000 2723.6501   14.9416
   -7.5000    7.5000   -7.5000 2824.9207   13.7910
    0.0000    7.5000   -7.5000 2839.4216   13.9089
    7.5000    7.5000   -7.5000 2793.0659   14.2155
   -7.5000   15.0000   -7.5000 2868.0095   13.3429
    0.0000   15.0000   -7.5000 2875.4656   13.4559
    7.5000   15.0000   -7.5000 2835.4834   13.8046
   -7.5000   22.5000   -7.5000 2877.6938   13.4461
    0.0000   22.5000   -7.5000 2899.8716   13.5474
    7.5000   22.5000   -7.5000 2856.8472   13.8289
   -7.5000   30.0000   -7.5000 2858.0029   13.9936
    0.0000   30.0000   -7.5000 2881.5894   14.1202
    7.5000   30.0000   -7.5000 2846.6548   14.3681
   -7.5000   37.5000   -7.5000 2808.8257   14.6644
    0.0000   37.5000   -7.5000 2826.6223   14.7702
    7.5000   37.5000   -7.5000 2801.6028   15.0893
   -7.5000   45.0000   -7.5000 2719.8186   15.4778
    0.0000   45.0000   -7.5000 2737.6226   15.5860
    7.5000   45.0000   -7.5000 2710.8062   15.9644
   -7.5000   52.5000   -7.5000 2580.6252   16.5728
    0.0000   52.5000   -7.5000 2594.4673   16.6608
    7.5000   52.5000   -7.5000 2571.5828   17.0576
   -7.5000  -37.5000    0.0000 2114.5530   24.3553
    0.0000  -37.5000    0.0000 2114.4128   24.2631
    7.5000  -37.5000    0.0000 2089.9888   25.0600
   -7.5000  -30.0000    0.0000 2246.9495   21.2372
    0.0000  -30.0000    0.0000 2249.7991   21.2040
    7.5000  -30.0000    0.0000 2225.4363   21.8950
   -7.5000  -22.5000    0.0000 2380.6128   18.7782
    0.0000  -22.5000    0.0000 2382.1865   18.7635
    7.5000  -22.5000    0.0000 2359.5576   19.3400
   -7.5000  -15.0000    0.0000 2504.2822   16.8398
    0.0000  -15.0000    0.0000 2511.0405   16.8170
    7.5000  -15.0000    0.0000 2482.8298   17.3509
   -7.5000   -7.5000    0.0000 2630.9270   15.3592
    0.0000   -7.5000    0.0000 2641.6111   15.3668
    7.5000   -7.5000    0.0000 2609.8354   15.8356
   -7.5000    0.0000    0.0000 2745.3516   14.3037
    0.0000    0.0000    0.0000 2761.0730   14.3335
    7.5000    0.0000    0.0000 2732.4578   14.7499
   -7.5000    7.5000    0.0000 2840.7886   13.6500
    0.0000    7.5000    0.0000 2861.3108   13.7055
    7.5000    7.5000    0.0000 2821.0974   14.0680
   -7.5000   15.0000    0.0000 2902.9805   13.1929
    0.0000   15.0000    0.0000 2916.6536   13.2311
    7.5000   15.0000    0.0000 2880.0730   13.7794
   -7.5000   22.5000    0.0000 2926.7883   13.1918
    0.0000   22.5000    0.0000 2943.1062   13.2409
    7.5000   22.5000    0.0000 2907.2002   13.7267
   -7.5000   30.0000    0.0000 2896.9263   13.7305
    0.0000   30.0000    0.0000 2920.6326   13.7572
    7.5000   30.0000    0.0000 2881.7463   14.1736
   -7.5000   37.5000    0.0000 2835.9834   14.3714
    0.0000   37.5000    0.0000 2857.2395   14.3999
    7.5000   37.5000    0.0000 2825.7913   14.7773
   -7.5000   45.0000    0.0000 2747.5361   15.1775
    0.0000   45.0000    0.0000 2762.0073   15.2283
    7.5000   45.0000    0.0000 2734.7756   15.5950
   -7.5000   52.5000    0.0000 2608.2310   16.2873
    0.0000   52.5000    0.0000 2619.3374   16.3188
    7.5000   52.5000    0.0000 2594.7942   16.6837
   -7.5000  -37.5000    7.5000 2099.1306   24.5613
    0.0000  -37.5000    7.5000 2101.1294   24.4788
    7.5000  -37.5000    7.5000 2076.4812   25.2510
   -7.5000  -30.0000    7.5000 2228.7395   21.4038
    0.0000  -30.0000    7.5000 2233.9963   21.3120
    7.5000  -30.0000    7.5000 2209.5320   22.0194
   -7.5000  -22.5000    7.5000 2360.4546   18.8633
    0.0000  -22.5000    7.5000 2364.3745   18.7130
    7.5000  -22.5000    7.5000 2340.7183   19.4003
   -7.5000  -15.0000    7.5000 2482.5820   16.8493
    0.0000  -15.0000    7.5000 2490.6265   16.7251
    7.5000  -15.0000    7.5000 2467.5762   17.4014
   -7.5000   -7.5000    7.5000 2617.2778   15.3958
    0.0000   -7.5000    7.5000 2620.3975   15.2513
    7.5000   -7.5000    7.5000 2602.9297   15.8818
   -7.5000    0.0000    7.5000 2739.5576   14.3606
    0.0000    0.0000    7.5000 2747.1584   14.2559
    7.5000    0.0000    7.5000 2726.5098   14.8051
   -7.5000    7.5000    7.5000 2849.6655   13.7912
    0.0000    7.5000    7.5000 2864.1311   13.7500
    7.5000    7.5000    7.5000 2825.1199   14.1722
   -7.5000   15.0000    7.5000 2925.5972   13.4382
    0.0000   15.0000    7.5000 2943.1357   13.3330
    7.5000   15.0000    7.5000 2892.5430   13.8336
   -7.5000   22.5000    7.5000 2959.7029   13.3205
    0.0000   22.5000    7.5000 2973.5518   13.1781
    7.5000   22.5000    7.5000 2925.2998   13.7240
   -7.5000   30.0000    7.5000 2924.2632   13.6668
    0.0000   30.0000    7.5000 2942.4944   13.5690
    7.5000   30.0000    7.5000 2896.1855   14.0168
   -7.5000   37.5000    7.5000 2851.7637   14.2544
    0.0000   37.5000    7.5000 2865.9109   14.2116
    7.5000   37.5000    7.5000 2831.7385   14.5708
   -7.5000   45.0000    7.5000 2751.4529   15.0820
    0.0000   45.0000    7.5000 2762.4800   15.0618
    7.5000   45.0000    7.5000 2738.2583   15.3901
   -7.5000   52.5000    7.5000 2615.3286   16.1787
    0.0000   52.5000    7.5000 2626.9819   16.1716
    7.5000   52.5000    7.5000 2601.1572   16.4933
   -7.5000  -37.5000   15.0000 2074.8054   25.0377
    0.0000  -37.5000   15.0000 2074.1780   24.9171
    7.5000  -37.5000   15.0000 2053.1934   25.7112
   -7.5000  -30.0000   15.0000 2208.7903   21.7356
    0.0000  -30.0000   15.0000 2213.3206   21.5491
    7.5000  -30.0000   15.0000 2191.5698   22.3373
   -7.5000  -22.5000   15.0000 2332.9697   19.1171
    0.0000  -22.5000   15.0000 2343.3372   18.9240
    7.5000  -22.5000   15.0000 2320.3699   19.7071
   -7.5000  -15.0000   15.0000 2457.1338   17.1928
    0.0000  -15.0000   15.0000 2465.6233   17.0221
    7.5000  -15.0000   15.0000 2443.8142   17.6984
   -7.5000   -7.5000   15.0000 2592.5193   15.7791
    0.0000   -7.5000   15.0000 2597.6038   15.6266
    7.5000   -7.5000   15.0000 2572.8481   16.2149
   -7.5000    0.0000   15.0000 2718.0159   14.7869
    0.0000    0.0000   15.0000 2725.6533   14.6525
    7.5000    0.0000   15.0000 2696.9456   15.1546
   -7.5000    7.5000   15.0000 2824.4248   14.1430
    0.0000    7.5000   15.0000 2841.2966   14.0449
    7.5000    7.5000   15.0000 2800.2200   14.4692
   -7.5000   15.0000   15.0000 2898.3228   13.6636
    0.0000   15.0000   15.0000 2907.6641   13.4747
    7.5000   15.0000   15.0000 2868.2410   13.9812
   -7.5000   22.5000   15.0000 2940.9758   13.5444
    0.0000   22.5000   15.0000 2952.2830   13.3785
    7.5000   22.5000   15.0000 2906.8267   13.8332
   -7.5000   30.0000   15.0000 2911.3037   13.8321
    0.0000   30.0000   15.0000 2933.0593   13.7565
    7.5000   30.0000   15.0000 2880.4307   14.1083
   -7.5000   37.5000   15.0000 2840.2048   14.4491
    0.0000   37.5000   15.0000 2857.2153   14.4188
    7.5000   37.5000   15.0000 2812.4031   14.7181
   -7.5000   45.0000   15.0000 2729.5767   15.3049
    0.0000   45.0000   15.0000 2740.2458   15.2817
    7.5000   45.0000   15.0000 2716.0417   15.5764
   -7.5000   52.5000   15.0000 2595.8420   16.3572
    0.0000   52.5000   15.0000 2605.2898   16.3379
    7.5000   52.5000   15.0000 2583.9578   16.6380
   -7.5000  -37.5000   22.5000 2036.9911   25.8403
    0.0000  -37.5000   22.5000 2034.2251   25.7296
    7.5000  -37.5000   22.5000 2019.3597   26.4862
   -7.5000  -30.0000   22.5000 2178.2773   22.3749
    0.0000  -30.0000   22.5000 2184.9810   22.2658
    7.5000  -30.0000   22.5000 2163.9634   22.9914
   -7.5000  -22.5000   22.5000 2309.1448   19.7813
    0.0000  -22.5000   22.5000 2318.2756   19.6659
    7.5000  -22.5000   22.5000 2288.2402   20.2755
   -7.5000  -15.0000   22.5000 2430.5161   17.8263
    0.0000  -15.0000   22.5000 2442.6492   17.7378
    7.5000  -15.0000   22.5000 2408.0815   18.2771
   -7.5000   -7.5000   22.5000 2560.9441   16.3877
    0.0000   -7.5000   22.5000 2570.7698   16.2930
    7.5000   -7.5000   22.5000 2535.9824   16.8004
   -7.5000    0.0000   22.5000 2680.8459   15.3279
    0.0000    0.0000   22.5000 2690.2498   15.2359
    7.5000    0.0000   22.5000 2662.9050   15.6809
   -7.5000    7.5000   22.5000 2783.5376   14.5721
    0.0000    7.5000   22.5000 2799.3289   14.4066
    7.5000    7.5000   22.5000 2761.8125   14.9242
   -7.5000   15.0000   22.5000 2854.0139   14.0337
    0.0000   15.0000   22.5000 2863.2566   13.8470
    7.5000   15.0000   22.5000 2834.1833   14.3728
   -7.5000   22.5000   22.5000 2889.8567   13.9434
    0.0000   22.5000   22.5000 2903.7930   13.8419
    7.5000   22.5000   22.5000 2870.3733   14.2168
   -7.5000   30.0000   22.5000 2865.3342   14.1979
    0.0000   30.0000   22.5000 2883.9131   14.1443
    7.5000   30.0000   22.5000 2842.2700   14.4728
   -7.5000   37.5000   22.5000 2803.5137   14.8162
    0.0000   37.5000   22.5000 2821.9878   14.8035
    7.5000   37.5000   22.5000 2776.7881   15.0817
   -7.5000   45.0000   22.5000 2692.6252   15.7340
    0.0000   45.0000   22.5000 2710.8777   15.7196
    7.5000   45.0000   22.5000 2678.5820   15.9784
   -7.5000   52.5000   22.5000 2556.9260   16.7878
    0.0000   52.5000   22.5000 2574.8098   16.7806
    7.5000   52.5000   22.5000 2545.8269   17.0335
   -7.5000  -37.5000   30.0000 1986.7605   27.0909
    0.0000  -37.5000   30.0000 1984.9454   27.0363
    7.5000  -37.5000   30.0000 1968.7278   27.6789
   -7.5000  -30.0000   30.0000 2136.7175   23.4854
    0.0000  -30.0000   30.0000 2142.1541   23.4620
    7.5000  -30.0000   30.0000 2117.5220   24.0236
   -7.5000  -22.5000   30.0000 2272.8169   20.7626
    0.0000  -22.5000   30.0000 2282.9585   20.7054
    7.5000  -22.5000   30.0000 2247.1233   21.1973
   -7.5000  -15.0000   30.0000 2401.8608   18.6750
    0.0000  -15.0000   30.0000 2411.4436   18.6265
    7.5000  -15.0000   30.0000 2373.0940   19.1293
   -7.5000   -7.5000   30.0000 2521.4719   17.1220
    0.0000   -7.5000   30.0000 2534.5686   17.0924
    7.5000   -7.5000   30.0000 2497.1638   17.5833
   -7.5000    0.0000   30.0000 2640.0381   15.9907
    0.0000    0.0000   30.0000 2650.9443   15.9633
    7.5000    0.0000   30.0000 2617.4294   16.4088
   -7.5000    7.5000   30.0000 2733.8823   15.1801
    0.0000    7.5000   30.0000 2743.0161   15.0077
    7.5000    7.5000   30.0000 2711.4688   15.5625
   -7.5000   15.0000   30.0000 2791.9575   14.6624
    0.0000   15.0000   30.0000 2795.7498   14.5422
    7.5000   15.0000   30.0000 2771.5559   15.0024
   -7.5000   22.5000   30.0000 2813.9426   14.5887
    0.0000   22.5000   30.0000 2825.7837   14.5025
    7.5000   22.5000   30.0000 2798.9072   14.8918
   -7.5000   30.0000   30.0000 2791.7324   14.8298
    0.0000   30.0000   30.0000 2808.0278   14.7591
    7.5000   30.0000   30.0000 2775.4849   15.1071
   -7.5000   37.5000   30.0000 2736.5518   15.4481
    0.0000   37.5000   30.0000 2754.6658   15.4038
    7.5000   37.5000   30.0000 2715.8062   15.6761
   -7.5000   45.0000   30.0000 2638.6760   16.3163
    0.0000   45.0000   30.0000 2658.6201   16.3166
    7.5000   45.0000   30.0000 2626.6274   16.5664
   -7.5000   52.5000   30.0000 2506.2778   17.3866
    0.0000   52.5000   30.0000 2526.9128   17.3986
    7.5000   52.5000   30.0000 2501.7336   17.6343
   -7.5000  -37.5000   37.5000 1938.7529   28.7329
    0.0000  -37.5000   37.5000 1935.0133   28.6889
    7.5000  -37.5000   37.5000 1913.2695   29.3589
   -7.5000  -30.0000   37.5000 2089.5134   24.8909
    0.0000  -30.0000   37.5000 2094.5620   24.8787
    7.5000  -30.0000   37.5000 2064.2698   25.3961
   -7.5000  -22.5000   37.5000 2226.8733   21.9036
    0.0000  -22.5000   37.5000 2236.0051   21.8590
    7.5000  -22.5000   37.5000 2201.1660   22.3334
   -7.5000  -15.0000   37.5000 2359.0654   19.6952
    0.0000  -15.0000   37.5000 2371.4512   19.6457
    7.5000  -15.0000   37.5000 2327.1162   20.0704
   -7.5000   -7.5000   37.5000 2479.0801   18.0605
    0.0000   -7.5000   37.5000 2494.3032   18.0752
    7.5000   -7.5000   37.5000 2449.4133   18.4841
   -7.5000    0.0000   37.5000 2586.1155   16.9013
    0.0000    0.0000   37.5000 2603.5261   16.8291
    7.5000    0.0000   37.5000 2560.8293   17.3078
   -7.5000    7.5000   37.5000 2669.2896   16.0175
    0.0000    7.5000   37.5000 2682.8755   15.9398
    7.5000    7.5000   37.5000 2642.9133   16.4305
   -7.5000   15.0000   37.5000 2718.0129   15.5555
    0.0000   15.0000   37.5000 2724.3611   15.4790
    7.5000   15.0000   37.5000 2697.4993   15.9309
   -7.5000   22.5000   37.5000 2727.2778   15.4479
    0.0000   22.5000   37.5000 2739.5181   15.3978
    7.5000   22.5000   37.5000 2715.1497   15.7849
   -7.5000   30.0000   37.5000 2701.9536   15.6183
    0.0000   30.0000   37.5000 2722.6462   15.5731
    7.5000   30.0000   37.5000 2696.3491   15.9351
   -7.5000   37.5000   37.5000 2653.4341   16.1976
    0.0000   37.5000   37.5000 2676.4270   16.1412
    7.5000   37.5000   37.5000 2640.4587   16.4862
   -7.5000   45.0000   37.5000 2567.6189   17.0879
    0.0000   45.0000   37.5000 2589.0112   17.0441
    7.5000   45.0000   37.5000 2553.6921   17.3397
   -7.5000   52.5000   37.5000 2450.8875   18.1116
    0.0000   52.5000   37.5000 2469.2515   18.1519
    7.5000   52.5000   37.5000 2446.2073   18.4211
   -7.5000  -37.5000   45.0000 1887.8151   30.5987
    0.0000  -37.5000   45.0000 1885.0840   30.5268
    7.5000  -37.5000   45.0000 1856.9957   31.2184
   -7.5000  -30.0000   45.0000 2038.2917   26.4977
    0.0000  -30.0000   45.0000 2040.7388   26.4496
    7.5000  -30.0000   45.0000 2008.0116   26.9931
   -7.5000  -22.5000   45.0000 2176.7510   23.2881
    0.0000  -22.5000   45.0000 2185.4202   23.2696
    7.5000  -22.5000   45.0000 2148.1521   23.7045
   -7.5000  -15.0000   45.0000 2304.4194   20.9801
    0.0000  -15.0000   45.0000 2323.6155   20.9753
    7.5000  -15.0000   45.0000 2275.0488   21.3589
   -7.5000   -7.5000   45.0000 2422.5398   19.2317
    0.0000   -7.5000   45.0000 2439.2778   19.2698
    7.5000   -7.5000   45.0000 2389.1951   19.6608
   -7.5000    0.0000   45.0000 2520.1501   17.9993
    0.0000    0.0000   45.0000 2534.2542   17.9421
    7.5000    0.0000   45.0000 2489.3867   18.4622
   -7.5000    7.5000   45.0000 2594.9102   17.0951
    0.0000    7.5000   45.0000 2604.6262   17.0664
    7.5000    7.5000   45.0000 2562.1016   17.5430
   -7.5000   15.0000   45.0000 2629.6772   16.6467
    0.0000   15.0000   45.0000 2640.5457   16.5950
    7.5000   15.0000   45.0000 2608.4363   17.0482
   -7.5000   22.5000   45.0000 2628.6697   16.5069
    0.0000   22.5000   45.0000 2645.6516   16.4882
    7.5000   22.5000   45.0000 2621.5029   16.8764
   -7.5000   30.0000   45.0000 2608.3599   16.6376
    0.0000   30.0000   45.0000 2622.8125   16.6265
    7.5000   30.0000   45.0000 2604.3386   17.0229
   -7.5000   37.5000   45.0000 2565.0515   17.1823
    0.0000   37.5000   45.0000 2587.4299   17.1374
    7.5000   37.5000   45.0000 2555.4338   17.5163
   -7.5000   45.0000   45.0000 2498.9539   18.0023
    0.0000   45.0000   45.0000 2524.2952   17.9756
    7.5000   45.0000   45.0000 2483.3523   18.2881
   -7.5000   52.5000   45.0000 2384.4854   19.0531
    0.0000   52.5000   45.0000 2400.3423   19.0682
    7.5000   52.5000   45.0000 2376.5022   19.3626

---------------------------------------------------------------------
imgreg_4dfp /opt/freesurfer/average/711-2C_as_mni_average_305 /opt/freesurfer/average/711-2B_as_mni_average_305_mask talsrcimg_g11 none talsrcimg_to_711-2C_as_mni_average_305_t4 1283
---------------------------------------------------------------------

freesurfer imgreg_4dfp.c
/opt/freesurfer/average/711-2C_as_mni_average_305.4dfp.img
       256       256       256         1
  1.000000  1.000000  1.000000
orientation T byte_order littleendian
Reading image: /opt/freesurfer/average/711-2C_as_mni_average_305.4dfp.img
dimensions:      256       256       256
mmppix:       1.0000   -1.0000   -1.0000
center:     128.0000 -129.0000 -129.0000
/opt/freesurfer/average/711-2B_as_mni_average_305_mask.4dfp.img
       256       256       256         1
  1.000000  1.000000  1.000000
orientation T byte_order littleendian
Reading mask: /opt/freesurfer/average/711-2B_as_mni_average_305_mask.4dfp.img (2306576 pixels)
talsrcimg_g11.4dfp.img
       256       256       256         1
  1.000000  1.000000  1.000000
orientation T byte_order littleendian
Reading image: talsrcimg_g11.4dfp.img
dimensions:      256       256       256
mmppix:       1.0000   -1.0000   -1.0000
center:     128.0000 -129.0000 -129.0000
rotation matrix determinant  1.000000
fimgreg.f
image alignment mode   1283 decimal      503 hex
parameters
    0.0000   22.5000    7.5000    0.0000    0.0000    0.0000
eta,q 0.93281 13.16793
niter,ni,del,rscale     5    3   12.0000    1.2000
parameter  4  0.514061 ->  0.500000 qaram    1.1500
parameters
   -0.7369   20.4431    7.6369   -3.4500    1.5453    2.9996
eta,q 0.93517 13.12233
  0.0736  0.0701  0.0728  0.0661  0.0690  0.0740
  0.0699  0.0663  0.0698  0.0649  0.0667  0.0698
  0.0671  0.0659  0.0672  0.0653  0.0648  0.0669
  0.0692  0.0677  0.0659  0.0658  0.0650  0.0657
  0.0694  0.0699  0.0657  0.0673  0.0657  0.0650
  0.0713  0.0735  0.0685  0.0687  0.0658  0.0648
  0.0778  0.0779  0.0732  0.0707  0.0656  0.0653
niter,ni,del,rscale     5    3   12.0000    1.2000
parameters
   -1.5427   22.7920    7.5222   -4.4484    1.5705    1.6201
eta,q 0.93648 13.12568
  0.0711  0.0777  0.0722  0.0694  0.0689  0.0660
  0.0673  0.0721  0.0683  0.0659  0.0657  0.0646
  0.0649  0.0676  0.0650  0.0629  0.0633  0.0637
  0.0648  0.0647  0.0643  0.0642  0.0633  0.0633
  0.0659  0.0641  0.0661  0.0670  0.0648  0.0648
  0.0697  0.0651  0.0690  0.0690  0.0667  0.0675
  0.0771  0.0663  0.0723  0.0715  0.0676  0.0702
niter,ni,del,rscale     4    3   12.0000    1.2000
parameters
   -1.8753   23.7043    7.2594   -6.0514    1.4400    0.9412
eta,q 0.93809 13.18939
  0.0705  0.0709  0.0718  0.0677  0.0691  0.0662
  0.0683  0.0669  0.0676  0.0641  0.0646  0.0633
  0.0641  0.0645  0.0641  0.0618  0.0617  0.0623
  0.0635  0.0634  0.0633  0.0633  0.0620  0.0619
  0.0647  0.0635  0.0655  0.0664  0.0643  0.0627
  0.0674  0.0644  0.0692  0.0693  0.0664  0.0653
  0.0739  0.0674  0.0726  0.0726  0.0679  0.0685
niter,ni,del,rscale     3    3   12.0000    1.2000
parameters
   -1.8208   24.7229    6.9464   -6.9995    1.2010    0.7597
eta,q 0.93894 13.24673
  0.0710  0.0699  0.0708  0.0682  0.0683  0.0669
  0.0692  0.0673  0.0664  0.0647  0.0636  0.0636
  0.0638  0.0634  0.0629  0.0613  0.0606  0.0620
  0.0619  0.0619  0.0619  0.0619  0.0612  0.0610
  0.0634  0.0621  0.0643  0.0640  0.0637  0.0615
  0.0660  0.0633  0.0686  0.0678  0.0659  0.0642
  0.0727  0.0665  0.0718  0.0725  0.0674  0.0678
niter,ni,del,rscale     2    3   12.0000    1.2000
parameters
   -1.6951   25.1313    6.8009   -7.3642    1.1199    0.6946
eta,q 0.93910 13.26642
  0.0707  0.0694  0.0708  0.0689  0.0683  0.0671
  0.0683  0.0661  0.0665  0.0658  0.0636  0.0638
  0.0628  0.0623  0.0627  0.0618  0.0605  0.0620
  0.0611  0.0611  0.0612  0.0612  0.0609  0.0609
  0.0625  0.0618  0.0634  0.0630  0.0632  0.0613
  0.0652  0.0640  0.0676  0.0661  0.0653  0.0639
  0.0716  0.0678  0.0712  0.0711  0.0669  0.0677
niter,ni,del,rscale     1    3   12.0000    1.2000
parameters
   -1.6289   25.2630    6.7234   -7.4858    1.0990    0.6679
eta,q 0.93910 13.27198
  0.0705  0.0690  0.0708  0.0692  0.0683  0.0672
  0.0676  0.0656  0.0666  0.0662  0.0636  0.0638
  0.0622  0.0620  0.0627  0.0622  0.0605  0.0620
  0.0609  0.0609  0.0610  0.0610  0.0609  0.0609
  0.0623  0.0620  0.0630  0.0628  0.0630  0.0612
  0.0652  0.0646  0.0672  0.0655  0.0651  0.0639
  0.0714  0.0686  0.0710  0.0704  0.0667  0.0676
registration optimization eta report
parameter search radius
    6.0000    6.0000    6.0000    6.9000    6.0000    6.0000
100000*second partial in parameter space
       27.       21.       26.       18.       18.       18.
  0.0705  0.0690  0.0708  0.0692  0.0683  0.0672
  0.0676  0.0656  0.0666  0.0662  0.0636  0.0638
  0.0622  0.0620  0.0627  0.0622  0.0605  0.0620
  0.0609  0.0609  0.0610  0.0610  0.0609  0.0609
  0.0623  0.0620  0.0630  0.0628  0.0630  0.0612
  0.0652  0.0646  0.0672  0.0655  0.0651  0.0639
  0.0714  0.0686  0.0710  0.0704  0.0667  0.0676
   -1.6289   25.2630    6.7234   -7.4858    1.0990    0.6679
eta,q 0.93910 13.27198

---------------------------------------------------------------------
imgreg_4dfp /opt/freesurfer/average/711-2C_as_mni_average_305 /opt/freesurfer/average/711-2B_as_mni_average_305_mask talsrcimg_g11 none talsrcimg_to_711-2C_as_mni_average_305_t4 3335
---------------------------------------------------------------------

freesurfer imgreg_4dfp.c
/opt/freesurfer/average/711-2C_as_mni_average_305.4dfp.img
       256       256       256         1
  1.000000  1.000000  1.000000
orientation T byte_order littleendian
Reading image: /opt/freesurfer/average/711-2C_as_mni_average_305.4dfp.img
dimensions:      256       256       256
mmppix:       1.0000   -1.0000   -1.0000
center:     128.0000 -129.0000 -129.0000
/opt/freesurfer/average/711-2B_as_mni_average_305_mask.4dfp.img
       256       256       256         1
  1.000000  1.000000  1.000000
orientation T byte_order littleendian
Reading mask: /opt/freesurfer/average/711-2B_as_mni_average_305_mask.4dfp.img (2306576 pixels)
talsrcimg_g11.4dfp.img
       256       256       256         1
  1.000000  1.000000  1.000000
orientation T byte_order littleendian
Reading image: talsrcimg_g11.4dfp.img
dimensions:      256       256       256
mmppix:       1.0000   -1.0000   -1.0000
center:     128.0000 -129.0000 -129.0000
fimgreg.f
image alignment mode   3335 decimal      D07 hex
parameters
   -1.6289   25.2630    6.7234   -0.0252   -0.8561   -0.8705
   -0.9059   -2.0534    1.1655   13.0050    1.9180  -13.0257
eta,q 0.93877 13.18998
niter,ni,del,rscale     5    3    5.0000    1.2000
parameter  4 -9.105441 ->  0.500000 qaram    1.1500
parameter  5 15.599022 ->  0.500000 qaram    1.1500
parameter  6  1.076023 ->  0.500000 qaram    1.1500
parameters
   -1.4148   25.7325    6.3835   -4.1652   -4.9961   -5.0105
   -1.5105    0.5062    2.6816   11.3514    3.1076  -14.6395
eta,q 0.95893 12.92964
  0.0621  0.0631  0.0623  0.0466  0.0417  0.0411  0.0441  0.0507  0.0439  0.0435  0.0433  0.0419
  0.0616  0.0622  0.0615  0.0507  0.0453  0.0420  0.0431  0.0474  0.0427  0.0420  0.0423  0.0414
  0.0614  0.0616  0.0611  0.0558  0.0487  0.0438  0.0425  0.0445  0.0419  0.0412  0.0416  0.0411
  0.0612  0.0612  0.0612  0.0611  0.0520  0.0463  0.0425  0.0424  0.0416  0.0415  0.0412  0.0411
  0.0612  0.0612  0.0615  0.0652  0.0554  0.0503  0.0428  0.0416  0.0415  0.0426  0.0412  0.0415
  0.0613  0.0615  0.0622  0.0690  0.0589  0.0557  0.0436  0.0422  0.0418  0.0442  0.0415  0.0422
  0.0619  0.0621  0.0630  0.0735  0.0630  0.0611  0.0447  0.0442  0.0425  0.0466  0.0423  0.0431
niter,ni,del,rscale     7    3    5.0000    1.2000
parameter  2  0.655375 ->  0.500000 qaram    1.1500
parameter  4  1.747732 ->  0.500000 qaram    1.3225
parameter  5  3.405660 ->  0.500000 qaram    1.3225
parameters
   -2.1435   24.3525    6.2891   -8.9262   -9.7571   -6.8949
   -1.2475    0.2620    3.2281   11.2939    2.9472  -16.8017
eta,q 0.97573 12.81595
  0.0425  0.0402  0.0420  0.0306  0.0214  0.0270  0.0288  0.0310  0.0279  0.0288  0.0260  0.0251
  0.0413  0.0400  0.0409  0.0312  0.0236  0.0256  0.0266  0.0275  0.0261  0.0266  0.0251  0.0245
  0.0408  0.0402  0.0402  0.0342  0.0272  0.0246  0.0251  0.0252  0.0249  0.0250  0.0246  0.0243
  0.0411  0.0408  0.0400  0.0400  0.0317  0.0244  0.0245  0.0245  0.0245  0.0244  0.0245  0.0244
  0.0422  0.0418  0.0403  0.0465  0.0362  0.0252  0.0249  0.0255  0.0247  0.0249  0.0246  0.0250
  0.0442  0.0432  0.0411  0.0523  0.0405  0.0280  0.0262  0.0281  0.0255  0.0265  0.0252  0.0259
  0.0469  0.0452  0.0423  0.0575  0.0454  0.0338  0.0283  0.0320  0.0270  0.0291  0.0261  0.0270
niter,ni,del,rscale     7    3    5.0000    1.2000
parameter  5  0.745102 ->  0.500000 qaram    1.5209
parameters
   -2.2748   24.1279    6.0153  -13.2135  -15.2323   -4.8463
   -1.1925   -0.1186    3.9204   11.7081    2.0279  -19.7034
eta,q 0.97930 12.55831
  0.0291  0.0282  0.0257  0.0252  0.0218  0.0252  0.0241  0.0257  0.0239  0.0249  0.0216  0.0213
  0.0263  0.0258  0.0247  0.0243  0.0213  0.0235  0.0224  0.0229  0.0225  0.0229  0.0212  0.0208
  0.0247  0.0244  0.0242  0.0237  0.0217  0.0222  0.0214  0.0214  0.0215  0.0215  0.0210  0.0207
  0.0243  0.0242  0.0242  0.0241  0.0239  0.0213  0.0210  0.0210  0.0210  0.0210  0.0209  0.0209
  0.0251  0.0251  0.0246  0.0280  0.0281  0.0210  0.0213  0.0217  0.0211  0.0212  0.0211  0.0215
  0.0272  0.0269  0.0254  0.0348  0.0330  0.0212  0.0224  0.0236  0.0217  0.0223  0.0215  0.0223
  0.0301  0.0295  0.0266  0.0419  0.0376  0.0229  0.0240  0.0269  0.0230  0.0242  0.0221  0.0233
niter,ni,del,rscale     7    3    5.0000    1.2000
parameters
   -2.1743   24.5868    6.1531  -13.5008  -17.6800   -5.1541
   -1.4101   -0.1513    4.0210   12.1537    1.3046  -20.6500
eta,q 0.97935 12.38983
  0.0247  0.0265  0.0225  0.0251  0.0248  0.0237  0.0234  0.0258  0.0231  0.0247  0.0214  0.0217
  0.0227  0.0236  0.0215  0.0231  0.0224  0.0222  0.0219  0.0227  0.0218  0.0226  0.0210  0.0211
  0.0213  0.0217  0.0209  0.0217  0.0209  0.0211  0.0210  0.0211  0.0210  0.0212  0.0207  0.0207
  0.0207  0.0207  0.0206  0.0205  0.0206  0.0207  0.0207  0.0207  0.0207  0.0207  0.0207  0.0207
  0.0209  0.0207  0.0207  0.0199  0.0223  0.0207  0.0211  0.0213  0.0209  0.0210  0.0209  0.0210
  0.0221  0.0217  0.0212  0.0220  0.0267  0.0217  0.0221  0.0229  0.0217  0.0221  0.0212  0.0216
  0.0242  0.0236  0.0221  0.0275  0.0326  0.0250  0.0237  0.0257  0.0230  0.0238  0.0218  0.0225
niter,ni,del,rscale     6    3    5.0000    1.2000
parameters
   -2.0984   24.7535    6.2742  -13.2692  -18.2145   -5.0386
   -1.4455   -0.0597    4.0945   12.3944    1.0731  -20.8760
eta,q 0.97937 12.38160
  0.0244  0.0252  0.0225  0.0252  0.0264  0.0240  0.0234  0.0261  0.0230  0.0244  0.0216  0.0220
  0.0225  0.0228  0.0215  0.0231  0.0237  0.0224  0.0220  0.0228  0.0218  0.0224  0.0210  0.0212
  0.0212  0.0212  0.0209  0.0217  0.0216  0.0212  0.0210  0.0210  0.0209  0.0211  0.0207  0.0208
  0.0206  0.0206  0.0206  0.0206  0.0206  0.0206  0.0206  0.0206  0.0206  0.0206  0.0206  0.0206
  0.0209  0.0210  0.0208  0.0199  0.0209  0.0206  0.0210  0.0213  0.0209  0.0210  0.0208  0.0208
  0.0221  0.0222  0.0213  0.0214  0.0236  0.0215  0.0220  0.0229  0.0216  0.0221  0.0211  0.0213
  0.0241  0.0242  0.0222  0.0261  0.0289  0.0244  0.0235  0.0255  0.0230  0.0239  0.0216  0.0221
niter,ni,del,rscale     5    3    5.0000    1.2000
parameters
   -2.0916   24.7862    6.2802  -13.2863  -18.2937   -5.0232
   -1.4471   -0.0435    4.1400   12.4599    1.0010  -20.9324
eta,q 0.97935 12.37807
  0.0242  0.0248  0.0224  0.0251  0.0268  0.0239  0.0235  0.0260  0.0230  0.0243  0.0216  0.0220
  0.0223  0.0224  0.0214  0.0231  0.0241  0.0224  0.0220  0.0228  0.0218  0.0222  0.0211  0.0213
  0.0211  0.0210  0.0208  0.0217  0.0219  0.0212  0.0210  0.0210  0.0210  0.0210  0.0207  0.0208
  0.0206  0.0206  0.0206  0.0206  0.0206  0.0207  0.0206  0.0206  0.0207  0.0207  0.0207  0.0206
  0.0210  0.0211  0.0208  0.0200  0.0207  0.0206  0.0210  0.0214  0.0209  0.0211  0.0208  0.0208
  0.0222  0.0225  0.0214  0.0217  0.0230  0.0216  0.0220  0.0230  0.0217  0.0223  0.0212  0.0213
  0.0243  0.0244  0.0223  0.0266  0.0281  0.0246  0.0235  0.0256  0.0230  0.0240  0.0216  0.0221
niter,ni,del,rscale     4    3    5.0000    1.2000
parameters
   -2.0891   24.7961    6.2762  -13.2882  -18.3073   -5.0261
   -1.4458   -0.0363    4.1527   12.4792    0.9817  -20.9549
eta,q 0.97935 12.37758
  0.0243  0.0247  0.0224  0.0251  0.0268  0.0239  0.0235  0.0260  0.0230  0.0242  0.0217  0.0221
  0.0223  0.0224  0.0214  0.0231  0.0241  0.0224  0.0220  0.0228  0.0218  0.0222  0.0211  0.0213
  0.0211  0.0210  0.0209  0.0217  0.0219  0.0212  0.0210  0.0210  0.0210  0.0210  0.0207  0.0208
  0.0206  0.0207  0.0206  0.0207  0.0207  0.0207  0.0207  0.0207  0.0207  0.0207  0.0207  0.0207
  0.0210  0.0212  0.0209  0.0200  0.0207  0.0206  0.0210  0.0214  0.0209  0.0211  0.0208  0.0208
  0.0222  0.0225  0.0214  0.0217  0.0230  0.0216  0.0220  0.0230  0.0217  0.0223  0.0211  0.0213
  0.0243  0.0245  0.0224  0.0266  0.0280  0.0246  0.0236  0.0256  0.0230  0.0240  0.0216  0.0221
registration optimization eta report
parameter search radius
    2.4000    2.7600    2.4000    9.5220   10.9503    8.2800
    7.2000    7.2000    7.2000    7.2000    7.2000    7.2000
100000*second partial in parameter space
       63.       52.       30.        6.        6.        5.
        5.       10.        4.        7.        2.        3.
  0.0243  0.0247  0.0224  0.0251  0.0268  0.0239  0.0235  0.0260  0.0230  0.0242  0.0217  0.0221
  0.0223  0.0224  0.0214  0.0231  0.0241  0.0224  0.0220  0.0228  0.0218  0.0222  0.0211  0.0213
  0.0211  0.0210  0.0209  0.0217  0.0219  0.0212  0.0210  0.0210  0.0210  0.0210  0.0207  0.0208
  0.0206  0.0207  0.0206  0.0207  0.0207  0.0207  0.0207  0.0207  0.0207  0.0207  0.0207  0.0207
  0.0210  0.0212  0.0209  0.0200  0.0207  0.0206  0.0210  0.0214  0.0209  0.0211  0.0208  0.0208
  0.0222  0.0225  0.0214  0.0217  0.0230  0.0216  0.0220  0.0230  0.0217  0.0223  0.0211  0.0213
  0.0243  0.0245  0.0224  0.0266  0.0280  0.0246  0.0236  0.0256  0.0230  0.0240  0.0216  0.0221
   -2.0891   24.7961    6.2762  -13.2882  -18.3073   -5.0261
   -1.4458   -0.0363    4.1527   12.4792    0.9817  -20.9549
eta,q 0.97935 12.37758

---------------------------------------------------------------------
imgreg_4dfp /opt/freesurfer/average/711-2C_as_mni_average_305 /opt/freesurfer/average/711-2B_as_mni_average_305_mask talsrcimg_g11 none talsrcimg_to_711-2C_as_mni_average_305_t4 2311
---------------------------------------------------------------------

freesurfer imgreg_4dfp.c
/opt/freesurfer/average/711-2C_as_mni_average_305.4dfp.img
       256       256       256         1
  1.000000  1.000000  1.000000
orientation T byte_order littleendian
Reading image: /opt/freesurfer/average/711-2C_as_mni_average_305.4dfp.img
dimensions:      256       256       256
mmppix:       1.0000   -1.0000   -1.0000
center:     128.0000 -129.0000 -129.0000
/opt/freesurfer/average/711-2B_as_mni_average_305_mask.4dfp.img
       256       256       256         1
  1.000000  1.000000  1.000000
orientation T byte_order littleendian
Reading mask: /opt/freesurfer/average/711-2B_as_mni_average_305_mask.4dfp.img (2306576 pixels)
talsrcimg_g11.4dfp.img
       256       256       256         1
  1.000000  1.000000  1.000000
orientation T byte_order littleendian
Reading image: talsrcimg_g11.4dfp.img
dimensions:      256       256       256
mmppix:       1.0000   -1.0000   -1.0000
center:     128.0000 -129.0000 -129.0000
fimgreg.f
image alignment mode   2311 decimal      907 hex
parameters
   -2.0891   24.7961    6.2762  -13.2882  -18.3073   -5.0261
   -1.4458   -0.0363    4.1527   12.4792    0.9817  -20.9549
eta,q 0.97935 12.37759
niter,ni,del,rscale     5    3    5.0000    0.8000
parameter  4 -0.678515 -> -0.500000 qaram    1.1500
parameters
   -2.0548   24.7364    6.2709  -10.5282  -17.0780   -4.4312
   -1.7735    0.4531    3.9614   12.4718    1.8352  -20.4047
eta,q 0.98021 12.62629
  0.0223  0.0219  0.0214  0.0224  0.0219  0.0214  0.0213  0.0237  0.0209  0.0215  0.0209  0.0207
  0.0215  0.0212  0.0210  0.0218  0.0211  0.0206  0.0204  0.0217  0.0203  0.0205  0.0204  0.0202
  0.0209  0.0208  0.0207  0.0212  0.0204  0.0201  0.0200  0.0204  0.0199  0.0200  0.0200  0.0199
  0.0207  0.0207  0.0207  0.0207  0.0200  0.0199  0.0198  0.0198  0.0198  0.0198  0.0198  0.0198
  0.0208  0.0209  0.0208  0.0202  0.0199  0.0198  0.0201  0.0200  0.0200  0.0200  0.0198  0.0198
  0.0213  0.0214  0.0210  0.0200  0.0201  0.0201  0.0207  0.0209  0.0204  0.0206  0.0200  0.0200
  0.0223  0.0221  0.0214  0.0205  0.0207  0.0209  0.0217  0.0224  0.0212  0.0215  0.0203  0.0203
niter,ni,del,rscale     5    3    5.0000    0.8000
parameters
   -2.2338   24.6950    6.1071  -11.4117  -16.7840   -4.0548
   -1.4048    0.1360    3.9934   12.4956    1.8960  -20.5949
eta,q 0.98017 12.62595
  0.0214  0.0212  0.0205  0.0215  0.0214  0.0212  0.0216  0.0224  0.0210  0.0215  0.0205  0.0205
  0.0204  0.0204  0.0200  0.0209  0.0207  0.0206  0.0207  0.0208  0.0204  0.0205  0.0201  0.0201
  0.0199  0.0199  0.0198  0.0202  0.0202  0.0201  0.0201  0.0200  0.0200  0.0200  0.0199  0.0199
  0.0198  0.0198  0.0198  0.0197  0.0199  0.0199  0.0199  0.0199  0.0198  0.0198  0.0198  0.0198
  0.0202  0.0200  0.0199  0.0200  0.0199  0.0198  0.0199  0.0203  0.0199  0.0200  0.0199  0.0199
  0.0211  0.0205  0.0203  0.0215  0.0203  0.0200  0.0204  0.0214  0.0203  0.0206  0.0201  0.0202
  0.0224  0.0213  0.0208  0.0244  0.0212  0.0210  0.0212  0.0231  0.0210  0.0214  0.0205  0.0206
niter,ni,del,rscale     4    3    5.0000    0.7000
parameters
   -2.2127   24.6666    6.0449  -11.3619  -16.7613   -3.9575
   -1.4621    0.1460    3.9993   12.5136    1.8686  -20.6785
eta,q 0.98019 12.63545
  0.0214  0.0209  0.0205  0.0216  0.0209  0.0207  0.0210  0.0222  0.0207  0.0211  0.0204  0.0203
  0.0206  0.0203  0.0201  0.0210  0.0204  0.0203  0.0203  0.0208  0.0202  0.0203  0.0200  0.0200
  0.0200  0.0199  0.0199  0.0204  0.0200  0.0200  0.0200  0.0200  0.0199  0.0199  0.0199  0.0198
  0.0198  0.0198  0.0198  0.0198  0.0198  0.0198  0.0198  0.0198  0.0198  0.0198  0.0198  0.0198
  0.0200  0.0200  0.0199  0.0197  0.0199  0.0198  0.0199  0.0201  0.0199  0.0200  0.0199  0.0199
  0.0205  0.0204  0.0202  0.0204  0.0202  0.0200  0.0203  0.0208  0.0202  0.0204  0.0201  0.0201
  0.0213  0.0210  0.0206  0.0221  0.0210  0.0208  0.0211  0.0221  0.0207  0.0210  0.0204  0.0204
niter,ni,del,rscale     3    3    5.0000    0.6000
parameters
   -2.2194   24.6682    6.0208  -11.0698  -16.6894   -3.8185
   -1.5153    0.1880    3.9578   12.5243    1.9310  -20.6881
eta,q 0.98026 12.65888
  0.0209  0.0207  0.0203  0.0213  0.0206  0.0204  0.0206  0.0216  0.0204  0.0207  0.0202  0.0201
  0.0203  0.0202  0.0200  0.0208  0.0202  0.0201  0.0201  0.0206  0.0201  0.0201  0.0199  0.0199
  0.0200  0.0199  0.0199  0.0203  0.0199  0.0199  0.0198  0.0199  0.0198  0.0198  0.0198  0.0198
  0.0198  0.0198  0.0198  0.0198  0.0197  0.0197  0.0197  0.0197  0.0197  0.0197  0.0197  0.0197
  0.0200  0.0199  0.0199  0.0197  0.0198  0.0197  0.0199  0.0200  0.0198  0.0199  0.0198  0.0198
  0.0203  0.0202  0.0200  0.0201  0.0201  0.0199  0.0202  0.0205  0.0201  0.0202  0.0199  0.0199
  0.0210  0.0206  0.0203  0.0213  0.0206  0.0204  0.0207  0.0215  0.0205  0.0207  0.0202  0.0201
niter,ni,del,rscale     2    3    5.0000    0.5000
parameters
   -2.2423   24.6697    6.0026  -10.8181  -16.5997   -3.7099
   -1.5501    0.2128    3.9101   12.5201    1.9799  -20.6963
eta,q 0.98030 12.67853
  0.0205  0.0203  0.0201  0.0210  0.0203  0.0201  0.0203  0.0210  0.0202  0.0204  0.0200  0.0200
  0.0201  0.0200  0.0199  0.0205  0.0200  0.0199  0.0200  0.0203  0.0199  0.0200  0.0198  0.0198
  0.0198  0.0198  0.0198  0.0201  0.0198  0.0198  0.0198  0.0198  0.0197  0.0198  0.0197  0.0197
  0.0197  0.0197  0.0197  0.0197  0.0197  0.0197  0.0197  0.0197  0.0197  0.0197  0.0197  0.0197
  0.0199  0.0198  0.0198  0.0197  0.0197  0.0197  0.0198  0.0198  0.0198  0.0198  0.0197  0.0197
  0.0201  0.0200  0.0199  0.0200  0.0199  0.0198  0.0200  0.0203  0.0199  0.0200  0.0198  0.0198
  0.0206  0.0203  0.0201  0.0209  0.0203  0.0202  0.0204  0.0210  0.0202  0.0203  0.0200  0.0200
niter,ni,del,rscale     1    3    5.0000    0.4000
parameters
   -2.2627   24.6668    5.9836  -10.6185  -16.5075   -3.5966
   -1.5846    0.2295    3.8654   12.5210    2.0163  -20.7009
eta,q 0.98034 12.69563
  0.0202  0.0201  0.0199  0.0206  0.0201  0.0200  0.0201  0.0206  0.0200  0.0201  0.0199  0.0199
  0.0199  0.0199  0.0198  0.0202  0.0199  0.0198  0.0198  0.0201  0.0198  0.0198  0.0198  0.0197
  0.0197  0.0197  0.0197  0.0199  0.0197  0.0197  0.0197  0.0198  0.0197  0.0197  0.0197  0.0197
  0.0197  0.0197  0.0197  0.0197  0.0197  0.0197  0.0197  0.0197  0.0197  0.0197  0.0197  0.0197
  0.0198  0.0197  0.0197  0.0197  0.0197  0.0197  0.0197  0.0198  0.0197  0.0197  0.0197  0.0197
  0.0200  0.0199  0.0198  0.0199  0.0198  0.0197  0.0199  0.0200  0.0198  0.0199  0.0198  0.0198
  0.0203  0.0201  0.0199  0.0205  0.0201  0.0199  0.0201  0.0205  0.0200  0.0201  0.0199  0.0198
registration optimization eta report
parameter search radius
    0.8000    0.8000    0.8000    2.7600    2.4000    2.4000
    2.4000    2.4000    2.4000    2.4000    2.4000    2.4000
100000*second partial in parameter space
       87.       60.       37.       11.        7.        5.
        8.       15.        6.        7.        4.        3.
  0.0202  0.0201  0.0199  0.0206  0.0201  0.0200  0.0201  0.0206  0.0200  0.0201  0.0199  0.0199
  0.0199  0.0199  0.0198  0.0202  0.0199  0.0198  0.0198  0.0201  0.0198  0.0198  0.0198  0.0197
  0.0197  0.0197  0.0197  0.0199  0.0197  0.0197  0.0197  0.0198  0.0197  0.0197  0.0197  0.0197
  0.0197  0.0197  0.0197  0.0197  0.0197  0.0197  0.0197  0.0197  0.0197  0.0197  0.0197  0.0197
  0.0198  0.0197  0.0197  0.0197  0.0197  0.0197  0.0197  0.0198  0.0197  0.0197  0.0197  0.0197
  0.0200  0.0199  0.0198  0.0199  0.0198  0.0197  0.0199  0.0200  0.0198  0.0199  0.0198  0.0198
  0.0203  0.0201  0.0199  0.0205  0.0201  0.0199  0.0201  0.0205  0.0200  0.0201  0.0199  0.0198
   -2.2627   24.6668    5.9836  -10.6185  -16.5075   -3.5966
   -1.5846    0.2295    3.8654   12.5210    2.0163  -20.7009
eta,q 0.98034 12.69563

---------------------------------------------------------------------
imgreg_4dfp /opt/freesurfer/average/711-2C_as_mni_average_305 /opt/freesurfer/average/711-2B_as_mni_average_305_mask talsrcimg_g11 none talsrcimg_to_711-2C_as_mni_average_305_t4 2311
---------------------------------------------------------------------

freesurfer imgreg_4dfp.c
/opt/freesurfer/average/711-2C_as_mni_average_305.4dfp.img
       256       256       256         1
  1.000000  1.000000  1.000000
orientation T byte_order littleendian
Reading image: /opt/freesurfer/average/711-2C_as_mni_average_305.4dfp.img
dimensions:      256       256       256
mmppix:       1.0000   -1.0000   -1.0000
center:     128.0000 -129.0000 -129.0000
/opt/freesurfer/average/711-2B_as_mni_average_305_mask.4dfp.img
       256       256       256         1
  1.000000  1.000000  1.000000
orientation T byte_order littleendian
Reading mask: /opt/freesurfer/average/711-2B_as_mni_average_305_mask.4dfp.img (2306576 pixels)
talsrcimg_g11.4dfp.img
       256       256       256         1
  1.000000  1.000000  1.000000
orientation T byte_order littleendian
Reading image: talsrcimg_g11.4dfp.img
dimensions:      256       256       256
mmppix:       1.0000   -1.0000   -1.0000
center:     128.0000 -129.0000 -129.0000
fimgreg.f
image alignment mode   2311 decimal      907 hex
parameters
   -2.2627   24.6668    5.9836  -10.6185  -16.5075   -3.5966
   -1.5846    0.2295    3.8654   12.5210    2.0163  -20.7009
eta,q 0.98034 12.69563
niter,ni,del,rscale     5    3    5.0000    0.8000
parameters
   -2.2850   24.6595    5.9864  -11.2861  -16.8406   -4.1680
   -1.4260    0.1143    3.9694   12.5184    1.9153  -20.7144
eta,q 0.98019 12.62646
  0.0219  0.0212  0.0206  0.0213  0.0211  0.0208  0.0215  0.0227  0.0210  0.0215  0.0205  0.0205
  0.0206  0.0203  0.0201  0.0207  0.0204  0.0203  0.0206  0.0210  0.0204  0.0205  0.0201  0.0201
  0.0199  0.0198  0.0198  0.0201  0.0200  0.0199  0.0200  0.0201  0.0200  0.0200  0.0199  0.0199
  0.0197  0.0197  0.0197  0.0197  0.0198  0.0198  0.0198  0.0198  0.0198  0.0198  0.0198  0.0198
  0.0199  0.0198  0.0198  0.0199  0.0199  0.0198  0.0200  0.0202  0.0199  0.0200  0.0199  0.0199
  0.0207  0.0204  0.0201  0.0211  0.0205  0.0204  0.0204  0.0213  0.0203  0.0206  0.0202  0.0201
  0.0220  0.0212  0.0206  0.0234  0.0217  0.0220  0.0213  0.0229  0.0210  0.0214  0.0205  0.0205
niter,ni,del,rscale     4    3    5.0000    0.7000
parameters
   -2.2221   24.6757    6.0426  -11.0720  -16.7960   -4.0160
   -1.5112    0.1867    3.9608   12.5083    1.9288  -20.6625
eta,q 0.98025 12.64353
  0.0215  0.0210  0.0205  0.0213  0.0209  0.0207  0.0209  0.0223  0.0207  0.0210  0.0204  0.0203
  0.0206  0.0203  0.0201  0.0208  0.0203  0.0202  0.0203  0.0208  0.0202  0.0203  0.0200  0.0200
  0.0201  0.0199  0.0199  0.0202  0.0200  0.0199  0.0199  0.0200  0.0199  0.0199  0.0198  0.0198
  0.0198  0.0198  0.0198  0.0198  0.0198  0.0198  0.0198  0.0198  0.0198  0.0198  0.0198  0.0198
  0.0199  0.0199  0.0199  0.0197  0.0198  0.0197  0.0199  0.0200  0.0199  0.0199  0.0198  0.0198
  0.0204  0.0203  0.0201  0.0202  0.0202  0.0199  0.0203  0.0208  0.0202  0.0203  0.0200  0.0200
  0.0212  0.0209  0.0204  0.0214  0.0209  0.0207  0.0210  0.0221  0.0207  0.0210  0.0203  0.0203
niter,ni,del,rscale     3    3    5.0000    0.6000
parameters
   -2.2365   24.6732    6.0253  -10.8362  -16.6872   -3.8844
   -1.5373    0.2138    3.9214   12.5039    1.9806  -20.6409
eta,q 0.98030 12.66499
  0.0209  0.0206  0.0203  0.0210  0.0206  0.0204  0.0206  0.0216  0.0204  0.0207  0.0202  0.0201
  0.0203  0.0201  0.0200  0.0205  0.0202  0.0201  0.0201  0.0205  0.0200  0.0201  0.0199  0.0199
  0.0199  0.0198  0.0198  0.0201  0.0199  0.0198  0.0198  0.0199  0.0198  0.0198  0.0198  0.0197
  0.0198  0.0198  0.0198  0.0198  0.0197  0.0197  0.0197  0.0197  0.0197  0.0197  0.0197  0.0197
  0.0199  0.0199  0.0198  0.0197  0.0197  0.0197  0.0198  0.0199  0.0198  0.0198  0.0198  0.0198
  0.0203  0.0201  0.0200  0.0200  0.0200  0.0198  0.0201  0.0205  0.0200  0.0201  0.0199  0.0199
  0.0210  0.0206  0.0203  0.0210  0.0206  0.0204  0.0206  0.0215  0.0204  0.0206  0.0202  0.0201
niter,ni,del,rscale     2    3    5.0000    0.5000
parameters
   -2.2585   24.6689    6.0132  -10.6496  -16.5940   -3.7504
   -1.5642    0.2234    3.8812   12.4946    2.0212  -20.6360
eta,q 0.98033 12.68261
  0.0205  0.0203  0.0201  0.0207  0.0203  0.0201  0.0203  0.0210  0.0202  0.0203  0.0200  0.0200
  0.0201  0.0200  0.0199  0.0203  0.0200  0.0199  0.0200  0.0203  0.0199  0.0199  0.0198  0.0198
  0.0198  0.0198  0.0197  0.0199  0.0198  0.0198  0.0197  0.0198  0.0197  0.0197  0.0197  0.0197
  0.0197  0.0197  0.0197  0.0197  0.0197  0.0197  0.0197  0.0197  0.0197  0.0197  0.0197  0.0197
  0.0198  0.0198  0.0197  0.0197  0.0197  0.0197  0.0198  0.0198  0.0197  0.0198  0.0197  0.0197
  0.0201  0.0200  0.0199  0.0200  0.0199  0.0198  0.0200  0.0203  0.0199  0.0200  0.0198  0.0198
  0.0206  0.0203  0.0201  0.0206  0.0203  0.0201  0.0203  0.0210  0.0202  0.0203  0.0200  0.0200
niter,ni,del,rscale     1    3    5.0000    0.4000
parameters
   -2.2745   24.6667    5.9988  -10.5018  -16.5111   -3.6481
   -1.5857    0.2333    3.8607   12.4991    2.0495  -20.6629
eta,q 0.98035 12.69645
  0.0202  0.0201  0.0199  0.0204  0.0201  0.0199  0.0201  0.0206  0.0200  0.0201  0.0199  0.0198
  0.0199  0.0198  0.0198  0.0201  0.0199  0.0198  0.0198  0.0201  0.0198  0.0198  0.0198  0.0197
  0.0197  0.0197  0.0197  0.0198  0.0197  0.0197  0.0197  0.0198  0.0197  0.0197  0.0197  0.0197
  0.0197  0.0197  0.0197  0.0197  0.0197  0.0197  0.0197  0.0197  0.0197  0.0197  0.0197  0.0197
  0.0197  0.0197  0.0197  0.0197  0.0197  0.0197  0.0197  0.0198  0.0197  0.0197  0.0197  0.0197
  0.0199  0.0198  0.0198  0.0199  0.0198  0.0197  0.0199  0.0200  0.0198  0.0198  0.0198  0.0197
  0.0203  0.0201  0.0199  0.0203  0.0201  0.0199  0.0201  0.0205  0.0200  0.0201  0.0199  0.0198
registration optimization eta report
parameter search radius
    0.8000    0.8000    0.8000    2.4000    2.4000    2.4000
    2.4000    2.4000    2.4000    2.4000    2.4000    2.4000
100000*second partial in parameter space
       89.       60.       37.       12.        7.        5.
        8.       16.        6.        7.        4.        3.
  0.0202  0.0201  0.0199  0.0204  0.0201  0.0199  0.0201  0.0206  0.0200  0.0201  0.0199  0.0198
  0.0199  0.0198  0.0198  0.0201  0.0199  0.0198  0.0198  0.0201  0.0198  0.0198  0.0198  0.0197
  0.0197  0.0197  0.0197  0.0198  0.0197  0.0197  0.0197  0.0198  0.0197  0.0197  0.0197  0.0197
  0.0197  0.0197  0.0197  0.0197  0.0197  0.0197  0.0197  0.0197  0.0197  0.0197  0.0197  0.0197
  0.0197  0.0197  0.0197  0.0197  0.0197  0.0197  0.0197  0.0198  0.0197  0.0197  0.0197  0.0197
  0.0199  0.0198  0.0198  0.0199  0.0198  0.0197  0.0199  0.0200  0.0198  0.0198  0.0198  0.0197
  0.0203  0.0201  0.0199  0.0203  0.0201  0.0199  0.0201  0.0205  0.0200  0.0201  0.0199  0.0198
   -2.2745   24.6667    5.9988  -10.5018  -16.5111   -3.6481
   -1.5857    0.2333    3.8607   12.4991    2.0495  -20.6629
eta,q 0.98035 12.69645

---------------------------------------------------------------------
compute_vox2vox talsrcimg talsrcimg_to_711-2C_as_mni_average_305_t4 /opt/freesurfer/average/711-2C_as_mni_average_305
---------------------------------------------------------------------

freesurfer compute_vox2vox.c
Reading: talsrcimg.4dfp.ifh
Reading: talsrcimg_to_711-2C_as_mni_average_305_t4
Reading: /opt/freesurfer/average/711-2C_as_mni_average_305.4dfp.ifh
Writing: talsrcimg_to_711-2C_as_mni_average_305_t4_vox2vox.txt

start time Wed Mar 11 14:11:22 CET 2026
end		time Wed Mar 11 14:12:50 CET 2026

mpr2mni305 success

avi2talxfm orig_nu.mgz /opt/freesurfer/average/mni305.cor.mgz talsrcimg_to_711-2C_as_mni_average_305_t4_vox2vox.txt transforms/talairach.auto.xfm
avi2talxfm done
mv -f /out/sourcedata/freesurfer/sub-v2s18x29513_ses-1/mri/talsrcimg_to_711-2C_as_mni_average_305_t4_vox2vox.txt /out/sourcedata/freesurfer/sub-v2s18x29513_ses-1/mri/transforms/talsrcimg_to_711-2C_as_mni_average_305_t4_vox2vox.txt
lta_convert --src orig_nu.mgz --trg /opt/freesurfer/average/mni305.cor.mgz --inxfm transforms/talairach.auto.xfm --outlta transforms/talairach.auto.xfm.lta --subject fsaverage
7.3.2

--src: orig_nu.mgz src image (geometry).
--trg: /opt/freesurfer/average/mni305.cor.mgz trg image (geometry).
--inmni: transforms/talairach.auto.xfm input MNI/XFM transform.
--outlta: transforms/talairach.auto.xfm.lta output LTA.
--s: fsaverage subject name
 LTA read, type : 1
 1.11660  -0.00528   0.01990   4.64014;
-0.03374   1.00574   0.24827  -51.18876;
-0.04658  -0.15032   1.15968   2.26672;
 0.00000   0.00000   0.00000   1.00000;
setting subject to fsaverage
Writing  LTA to file transforms/talairach.auto.xfm.lta...
lta_convert successful.
 
 
Started at Wed Mar 11 14:11:21 CET 2026
Ended   at Wed Mar 11 14:12:50 CET 2026
talairach_avi done
