status file for recon-all
Wed Mar 11 15:28:15 CET 2026
#@# Tessellate rh Wed Mar 11 15:28:15 CET 2026
#@# Smooth1 rh Wed Mar 11 15:28:19 CET 2026
#@# Inflation1 rh Wed Mar 11 15:28:22 CET 2026
#@# QSphere rh Wed Mar 11 15:28:36 CET 2026
#@# Fix Topology rh Wed Mar 11 15:29:46 CET 2026
#@# Smooth2 rh Wed Mar 11 15:35:19 CET 2026
#@# Inflation2 rh Wed Mar 11 15:35:22 CET 2026
#@# Curv .H and .K rh Wed Mar 11 15:35:38 CET 2026
#@# Sphere rh Wed Mar 11 15:36:24 CET 2026
#@# Surf Reg rh Wed Mar 11 15:38:51 CET 2026
#@# Jacobian white rh Wed Mar 11 15:42:53 CET 2026
#@# AvgCurv rh Wed Mar 11 15:42:54 CET 2026
#@# Cortical Parc rh Wed Mar 11 15:42:55 CET 2026
#@# white curv rh Wed Mar 11 15:49:27 CET 2026
#@# white area rh Wed Mar 11 15:49:29 CET 2026
#@# pial curv rh Wed Mar 11 15:49:30 CET 2026
#@# pial area rh Wed Mar 11 15:49:31 CET 2026
#@# thickness rh Wed Mar 11 15:49:32 CET 2026
#@# area and vertex vol rh Wed Mar 11 15:50:02 CET 2026
#@# Curvature Stats rh Wed Mar 11 15:50:03 CET 2026
#@# Cortical Parc 2 rh Wed Mar 11 15:50:06 CET 2026
#@# Cortical Parc 3 rh Wed Mar 11 15:50:18 CET 2026
#@# WM/GM Contrast rh Wed Mar 11 15:50:29 CET 2026
recon-all -s sub-v2s18x29501_ses-1 finished without error at Wed Mar 11 15:50:34 CET 2026



#New# invocation of recon-all 



status file for recon-all
Wed Mar 11 16:01:37 CET 2026
#@# white curv rh Wed Mar 11 16:01:37 CET 2026
#@# white area rh Wed Mar 11 16:01:37 CET 2026
#@# pial curv rh Wed Mar 11 16:01:37 CET 2026
#@# pial area rh Wed Mar 11 16:01:37 CET 2026
#@# thickness rh Wed Mar 11 16:01:37 CET 2026
#@# area and vertex vol rh Wed Mar 11 16:01:37 CET 2026
#@# Parcellation Stats rh Wed Mar 11 16:01:37 CET 2026
#@# Parcellation Stats 2 rh Wed Mar 11 16:01:56 CET 2026
#@# Parcellation Stats 3 rh Wed Mar 11 16:02:05 CET 2026
#@# BA_exvivo Labels rh Wed Mar 11 16:02:15 CET 2026
recon-all -s sub-v2s18x29501_ses-1 finished without error at Wed Mar 11 16:04:55 CET 2026
