status file for recon-all
Wed Mar 11 13:21:56 CET 2026
#@# MotionCor Wed Mar 11 13:22:03 CET 2026
#@# Talairach Wed Mar 11 13:22:23 CET 2026
#@# Talairach Failure Detection Wed Mar 11 13:26:46 CET 2026
#@# Nu Intensity Correction Wed Mar 11 13:26:46 CET 2026
#@# Intensity Normalization Wed Mar 11 13:30:00 CET 2026
recon-all -s sub-v2s18x29501_ses-1 finished without error at Wed Mar 11 13:31:30 CET 2026



#New# invocation of recon-all 



status file for recon-all
Wed Mar 11 13:42:50 CET 2026
#@# EM Registration Wed Mar 11 13:42:50 CET 2026
recon-all -s sub-v2s18x29501_ses-1 finished without error at Wed Mar 11 13:45:05 CET 2026



#New# invocation of recon-all 



status file for recon-all
Wed Mar 11 13:45:08 CET 2026
#@# CA Normalize Wed Mar 11 13:45:08 CET 2026
#@# CA Reg Wed Mar 11 13:46:30 CET 2026
#@# SubCort Seg Wed Mar 11 14:32:22 CET 2026
#@# CC Seg Wed Mar 11 14:59:41 CET 2026
#@# Merge ASeg Wed Mar 11 15:00:19 CET 2026
#@# Intensity Normalization2 Wed Mar 11 15:00:19 CET 2026
#@# Mask BFS Wed Mar 11 15:02:33 CET 2026
#@# WM Segmentation Wed Mar 11 15:02:34 CET 2026
#@# Fill Wed Mar 11 15:04:31 CET 2026
recon-all -s sub-v2s18x29501_ses-1 finished without error at Wed Mar 11 15:05:33 CET 2026



#New# invocation of recon-all 



status file for recon-all
Wed Mar 11 15:50:37 CET 2026
#@# white curv lh Wed Mar 11 15:50:37 CET 2026
#@# white area lh Wed Mar 11 15:50:37 CET 2026
#@# pial curv lh Wed Mar 11 15:50:37 CET 2026
#@# pial area lh Wed Mar 11 15:50:37 CET 2026
#@# thickness lh Wed Mar 11 15:50:37 CET 2026
#@# area and vertex vol lh Wed Mar 11 15:50:37 CET 2026
#@# white curv rh Wed Mar 11 15:50:37 CET 2026
#@# white area rh Wed Mar 11 15:50:37 CET 2026
#@# pial curv rh Wed Mar 11 15:50:37 CET 2026
#@# pial area rh Wed Mar 11 15:50:37 CET 2026
#@# thickness rh Wed Mar 11 15:50:37 CET 2026
#@# area and vertex vol rh Wed Mar 11 15:50:37 CET 2026
#@# Cortical ribbon mask Wed Mar 11 15:50:37 CET 2026
recon-all -s sub-v2s18x29501_ses-1 finished without error at Wed Mar 11 15:58:04 CET 2026



#New# invocation of recon-all 



status file for recon-all
Wed Mar 11 16:05:00 CET 2026
#@# white curv lh Wed Mar 11 16:05:00 CET 2026
#@# white area lh Wed Mar 11 16:05:00 CET 2026
#@# pial curv lh Wed Mar 11 16:05:00 CET 2026
#@# pial area lh Wed Mar 11 16:05:00 CET 2026
#@# thickness lh Wed Mar 11 16:05:00 CET 2026
#@# area and vertex vol lh Wed Mar 11 16:05:00 CET 2026
#@# white curv rh Wed Mar 11 16:05:00 CET 2026
#@# white area rh Wed Mar 11 16:05:00 CET 2026
#@# pial curv rh Wed Mar 11 16:05:00 CET 2026
#@# pial area rh Wed Mar 11 16:05:00 CET 2026
#@# thickness rh Wed Mar 11 16:05:00 CET 2026
#@# area and vertex vol rh Wed Mar 11 16:05:00 CET 2026
#@# Curvature Stats lh Wed Mar 11 16:05:00 CET 2026
#@# Curvature Stats rh Wed Mar 11 16:05:03 CET 2026
#@# Relabel Hypointensities Wed Mar 11 16:05:06 CET 2026
#@# APas-to-ASeg Wed Mar 11 16:05:21 CET 2026
#@# AParc-to-ASeg aparc Wed Mar 11 16:05:29 CET 2026
#@# AParc-to-ASeg aparc.a2009s Wed Mar 11 16:06:05 CET 2026
#@# AParc-to-ASeg aparc.DKTatlas Wed Mar 11 16:06:42 CET 2026
#@# WMParc Wed Mar 11 16:07:17 CET 2026
#@# ASeg Stats Wed Mar 11 16:11:00 CET 2026
recon-all -s sub-v2s18x29501_ses-1 finished without error at Wed Mar 11 16:11:41 CET 2026
