status file for recon-all
Wed Mar 11 15:05:38 CET 2026
#@# Tessellate lh Wed Mar 11 15:05:38 CET 2026
#@# Smooth1 lh Wed Mar 11 15:05:42 CET 2026
#@# Inflation1 lh Wed Mar 11 15:05:45 CET 2026
#@# QSphere lh Wed Mar 11 15:05:59 CET 2026
#@# Fix Topology lh Wed Mar 11 15:07:13 CET 2026
#@# Smooth2 lh Wed Mar 11 15:12:54 CET 2026
#@# Inflation2 lh Wed Mar 11 15:12:57 CET 2026
#@# Curv .H and .K lh Wed Mar 11 15:13:11 CET 2026
#@# Sphere lh Wed Mar 11 15:13:59 CET 2026
#@# Surf Reg lh Wed Mar 11 15:16:32 CET 2026
#@# Jacobian white lh Wed Mar 11 15:20:19 CET 2026
#@# AvgCurv lh Wed Mar 11 15:20:20 CET 2026
#@# Cortical Parc lh Wed Mar 11 15:20:21 CET 2026
#@# white curv lh Wed Mar 11 15:27:03 CET 2026
#@# white area lh Wed Mar 11 15:27:04 CET 2026
#@# pial curv lh Wed Mar 11 15:27:05 CET 2026
#@# pial area lh Wed Mar 11 15:27:07 CET 2026
#@# thickness lh Wed Mar 11 15:27:08 CET 2026
#@# area and vertex vol lh Wed Mar 11 15:27:38 CET 2026
#@# Curvature Stats lh Wed Mar 11 15:27:40 CET 2026
#@# Cortical Parc 2 lh Wed Mar 11 15:27:42 CET 2026
#@# Cortical Parc 3 lh Wed Mar 11 15:27:57 CET 2026
#@# WM/GM Contrast lh Wed Mar 11 15:28:08 CET 2026
recon-all -s sub-v2s18x29501_ses-1 finished without error at Wed Mar 11 15:28:13 CET 2026



#New# invocation of recon-all 



status file for recon-all
Wed Mar 11 15:58:07 CET 2026
#@# white curv lh Wed Mar 11 15:58:07 CET 2026
#@# white area lh Wed Mar 11 15:58:07 CET 2026
#@# pial curv lh Wed Mar 11 15:58:07 CET 2026
#@# pial area lh Wed Mar 11 15:58:07 CET 2026
#@# thickness lh Wed Mar 11 15:58:07 CET 2026
#@# area and vertex vol lh Wed Mar 11 15:58:07 CET 2026
#@# Parcellation Stats lh Wed Mar 11 15:58:07 CET 2026
#@# Parcellation Stats 2 lh Wed Mar 11 15:58:27 CET 2026
#@# Parcellation Stats 3 lh Wed Mar 11 15:58:37 CET 2026
#@# BA_exvivo Labels lh Wed Mar 11 15:58:47 CET 2026
recon-all -s sub-v2s18x29501_ses-1 finished without error at Wed Mar 11 16:01:33 CET 2026
