/out/sourcedata/freesurfer/sub-v2s18x29515_ses-1/mri
/opt/freesurfer/bin/talairach_avi
--i orig_nu.mgz --xfm transforms/talairach.auto.xfm
talairach_avi 7.3.2
Linux dna068 5.14.0-427.37.1.el9_4.x86_64 #1 SMP PREEMPT_DYNAMIC Fri Sep 13 12:41:50 EDT 2024 x86_64 x86_64 x86_64 GNU/Linux
Wed Mar 11 14:15:08 CET 2026
mri_convert orig_nu.mgz talsrcimg.img 
reading from orig_nu.mgz...
TR=0.00, TE=0.00, TI=0.00, flip angle=0.00
i_ras = (-1, -3.89264e-10, 1.86265e-09)
j_ras = (0, -2.32831e-10, -1)
k_ras = (-1.45046e-08, 1, 2.32831e-10)
writing to talsrcimg.img...
Analyze Output Matrix
-1.00000   0.00000  -0.00000   123.54831;
-0.00000  -0.00000   1.00000  -97.36578;
 0.00000  -1.00000   0.00000   129.49960;
 0.00000   0.00000   0.00000   1.00000;
--------------------
INFO: set hdr.hist.orient to -1
mpr2mni305 talsrcimg
Wed Mar 11 14:15:08 CET 2026
/opt/freesurfer/bin/mpr2mni305 talsrcimg
mpr2mni305 7.3.2
target=711-2C_as_mni_average_305

---------------------------------------------------------------------
analyzeto4dfp talsrcimg -O0 -y
---------------------------------------------------------------------

freesurfer ifh2hdr.c
Wed Mar 11 14:15:08 2026
Writing: talsrcimg.4dfp.hdr
freesurfer analyzeto4dfp.c
Reading: talsrcimg.hdr
header size 348 bytes
hdr.dime.datatype	offset=70	value=2
hdr.dime.bitpix		offset=72	value=8
hdr.hist.orient		offset=252	value=-1
dimensionality     4
dimensions       256       256       256         1
Reading: talsrcimg.img
Writing: talsrcimg.4dfp.img
Writing: talsrcimg.4dfp.ifh
ifh2hdr talsrcimg -r0to218
ori=2

---------------------------------------------------------------------
gauss_4dfp talsrcimg 1.1
---------------------------------------------------------------------

freesurfer gauss_4dfp.c
Reading: talsrcimg.4dfp.img
Writing: talsrcimg_g11.4dfp.img
image dimensions 256 256 256 padded to 288 288 288
processing volume 1freesurfer ifh2hdr.c
Wed Mar 11 14:15:10 2026
Writing: talsrcimg_g11.4dfp.hdr

Writing: talsrcimg_g11.4dfp.ifh
including: talsrcimg.4dfp.img.rec in talsrcimg_g11.4dfp.img.rec

---------------------------------------------------------------------
imgreg_4dfp /opt/freesurfer/average/711-2C_as_mni_average_305 none talsrcimg_g11 none talsrcimg_to_711-2C_as_mni_average_305_t4 4355
---------------------------------------------------------------------

freesurfer imgreg_4dfp.c
/opt/freesurfer/average/711-2C_as_mni_average_305.4dfp.img
       256       256       256         1
  1.000000  1.000000  1.000000
orientation T byte_order littleendian
Reading image: /opt/freesurfer/average/711-2C_as_mni_average_305.4dfp.img
dimensions:      256       256       256
mmppix:       1.0000   -1.0000   -1.0000
center:     128.0000 -129.0000 -129.0000
talsrcimg_g11.4dfp.img
       256       256       256         1
  1.000000  1.000000  1.000000
orientation T byte_order littleendian
Reading image: talsrcimg_g11.4dfp.img
dimensions:      256       256       256
mmppix:       1.0000   -1.0000   -1.0000
center:     128.0000 -129.0000 -129.0000
t4_read: open error in t4_sub.f l:  41 t4_file(1:l)talsrcimg_to_711-2C_as_mni_average_305_t4 
t4_read: transform initialized to I4
rotation matrix determinant  1.000000
image alignment mode   4355 decimal     1103 hex
   -7.5000  -45.0000  -45.0000 6989.5898   17.2912
    0.0000  -45.0000  -45.0000 7200.4604   17.2704
    7.5000  -45.0000  -45.0000 6869.9653   17.2653
   -7.5000  -37.5000  -45.0000 7542.6904   16.9864
    0.0000  -37.5000  -45.0000 7773.6431   16.9549
    7.5000  -37.5000  -45.0000 7384.4907   16.9610
   -7.5000  -30.0000  -45.0000 8425.6064   16.8987
    0.0000  -30.0000  -45.0000 8698.8857   16.8680
    7.5000  -30.0000  -45.0000 8255.5566   16.8776
   -7.5000  -22.5000  -45.0000 9349.2773   16.8582
    0.0000  -22.5000  -45.0000 9676.4424   16.8412
    7.5000  -22.5000  -45.0000 9179.0977   16.8433
   -7.5000  -15.0000  -45.000010162.9541   16.8511
    0.0000  -15.0000  -45.000010523.2441   16.8474
    7.5000  -15.0000  -45.0000 9989.2646   16.8385
   -7.5000   -7.5000  -45.000010951.2148   16.8436
    0.0000   -7.5000  -45.000011345.9287   16.8377
    7.5000   -7.5000  -45.000010773.1982   16.8257
   -7.5000    0.0000  -45.000011679.3555   16.8331
    0.0000    0.0000  -45.000012111.5264   16.8134
    7.5000    0.0000  -45.000011474.3545   16.8091
   -7.5000    7.5000  -45.000011544.9805   16.8299
    0.0000    7.5000  -45.000011977.3740   16.7989
    7.5000    7.5000  -45.000011308.9492   16.8051
   -7.5000   15.0000  -45.000011230.9990   16.8362
    0.0000   15.0000  -45.000011661.9248   16.8057
    7.5000   15.0000  -45.000011009.9766   16.8153
   -7.5000   22.5000  -45.000010814.5205   16.8445
    0.0000   22.5000  -45.000011235.2617   16.8276
    7.5000   22.5000  -45.000010612.6016   16.8298
   -7.5000   30.0000  -45.000010343.7002   16.6266
    0.0000   30.0000  -45.000010710.9688   16.6228
    7.5000   30.0000  -45.000010118.2090   16.6141
   -7.5000   37.5000  -45.0000 9969.9707   16.6192
    0.0000   37.5000  -45.000010319.5527   16.6133
    7.5000   37.5000  -45.0000 9759.6738   16.6015
   -7.5000   45.0000  -45.0000 9200.3066   16.1871
    0.0000   45.0000  -45.0000 9514.3604   16.1681
    7.5000   45.0000  -45.0000 9007.7607   16.1640
   -7.5000  -45.0000  -37.5000 7423.4385   17.0989
    0.0000  -45.0000  -37.5000 7667.1123   17.0759
    7.5000  -45.0000  -37.5000 7280.7910   17.0676
   -7.5000  -37.5000  -37.5000 8024.1567   16.7850
    0.0000  -37.5000  -37.5000 8296.6299   16.7520
    7.5000  -37.5000  -37.5000 7853.2759   16.7498
   -7.5000  -30.0000  -37.5000 8967.6543   16.6849
    0.0000  -30.0000  -37.5000 9285.5127   16.6527
    7.5000  -30.0000  -37.5000 8796.6533   16.6517
   -7.5000  -22.5000  -37.5000 9959.7812   16.6475
    0.0000  -22.5000  -37.500010333.4746   16.6274
    7.5000  -22.5000  -37.5000 9759.2578   16.6217
   -7.5000  -15.0000  -37.500010834.4287   16.6555
    0.0000  -15.0000  -37.500011252.7002   16.6471
    7.5000  -15.0000  -37.500010613.1699   16.6356
   -7.5000   -7.5000  -37.500011654.5957   16.6592
    0.0000   -7.5000  -37.500012091.6250   16.6496
    7.5000   -7.5000  -37.500011420.0449   16.6375
   -7.5000    0.0000  -37.500012383.5967   16.6470
    0.0000    0.0000  -37.500012859.4873   16.6254
    7.5000    0.0000  -37.500012124.6416   16.6183
   -7.5000    7.5000  -37.500012219.3301   16.6301
    0.0000    7.5000  -37.500012696.6104   16.5977
    7.5000    7.5000  -37.500011951.7568   16.5959
   -7.5000   15.0000  -37.500011876.3838   16.6229
    0.0000   15.0000  -37.500012352.8164   16.5911
    7.5000   15.0000  -37.500011645.0107   16.5902
   -7.5000   22.5000  -37.500011409.4238   16.6338
    0.0000   22.5000  -37.500011895.9756   16.6138
    7.5000   22.5000  -37.500011202.2666   16.6083
   -7.5000   30.0000  -37.500010910.5547   16.4335
    0.0000   30.0000  -37.500011359.8672   16.4252
    7.5000   30.0000  -37.500010691.0723   16.4139
   -7.5000   37.5000  -37.500010518.9170   16.4372
    0.0000   37.5000  -37.500010948.0010   16.4277
    7.5000   37.5000  -37.500010295.2744   16.4158
   -7.5000   45.0000  -37.5000 9663.1455   16.0081
    0.0000   45.0000  -37.500010044.4600   15.9873
    7.5000   45.0000  -37.5000 9450.6318   15.9805
   -7.5000  -45.0000  -30.0000 8016.4136   17.7541
    0.0000  -45.0000  -30.0000 8285.5400   17.7231
    7.5000  -45.0000  -30.0000 7874.2285   17.7164
   -7.5000  -37.5000  -30.0000 8670.4385   17.4236
    0.0000  -37.5000  -30.0000 8976.6240   17.3884
    7.5000  -37.5000  -30.0000 8507.7148   17.3853
   -7.5000  -30.0000  -30.0000 9690.8838   17.3126
    0.0000  -30.0000  -30.000010044.6377   17.2825
    7.5000  -30.0000  -30.0000 9536.7842   17.2798
   -7.5000  -22.5000  -30.000010749.2227   17.2729
    0.0000  -22.5000  -30.000011157.7256   17.2516
    7.5000  -22.5000  -30.000010551.8711   17.2464
   -7.5000  -15.0000  -30.000011720.4072   17.2872
    0.0000  -15.0000  -30.000012160.8252   17.2711
    7.5000  -15.0000  -30.000011485.9141   17.2627
   -7.5000   -7.5000  -30.000012601.3027   17.2977
    0.0000   -7.5000  -30.000013064.9287   17.2781
    7.5000   -7.5000  -30.000012323.1943   17.2695
   -7.5000    0.0000  -30.000013408.9746   17.2864
    0.0000    0.0000  -30.000013909.1826   17.2571
    7.5000    0.0000  -30.000013101.7070   17.2517
   -7.5000    7.5000  -30.000013220.7793   17.2634
    0.0000    7.5000  -30.000013728.2061   17.2289
    7.5000    7.5000  -30.000012900.3877   17.2261
   -7.5000   15.0000  -30.000012844.5381   17.2484
    0.0000   15.0000  -30.000013351.2256   17.2186
    7.5000   15.0000  -30.000012545.4209   17.2161
   -7.5000   22.5000  -30.000012304.8330   17.2568
    0.0000   22.5000  -30.000012811.3828   17.2357
    7.5000   22.5000  -30.000012005.7656   17.2307
   -7.5000   30.0000  -30.000011734.9072   17.0585
    0.0000   30.0000  -30.000012221.1748   17.0426
    7.5000   30.0000  -30.000011461.0537   17.0342
   -7.5000   37.5000  -30.000011312.3750   17.0688
    0.0000   37.5000  -30.000011789.4365   17.0495
    7.5000   37.5000  -30.000011067.2295   17.0410
   -7.5000   45.0000  -30.000010356.8711   16.6351
    0.0000   45.0000  -30.000010813.6514   16.6069
    7.5000   45.0000  -30.000010157.6855   16.6017
   -7.5000  -45.0000  -22.5000 8620.4297   18.3646
    0.0000  -45.0000  -22.5000 8933.2559   18.3283
    7.5000  -45.0000  -22.5000 8485.7510   18.3267
   -7.5000  -37.5000  -22.5000 9342.0449   18.0309
    0.0000  -37.5000  -22.5000 9693.6523   17.9966
    7.5000  -37.5000  -22.5000 9169.6260   18.0019
   -7.5000  -30.0000  -22.500010450.3467   17.9197
    0.0000  -30.0000  -22.500010835.2188   17.8947
    7.5000  -30.0000  -22.500010242.5400   17.9028
   -7.5000  -22.5000  -22.500011573.7314   17.8723
    0.0000  -22.5000  -22.500012003.8877   17.8536
    7.5000  -22.5000  -22.500011333.5381   17.8585
   -7.5000  -15.0000  -22.500012617.7988   17.8778
    0.0000  -15.0000  -22.500013124.5781   17.8585
    7.5000  -15.0000  -22.500012360.3779   17.8574
   -7.5000   -7.5000  -22.500013594.6270   17.8873
    0.0000   -7.5000  -22.500014125.8516   17.8609
    7.5000   -7.5000  -22.500013263.8066   17.8567
   -7.5000    0.0000  -22.500014471.8604   17.8813
    0.0000    0.0000  -22.500015044.4229   17.8469
    7.5000    0.0000  -22.500014106.5156   17.8461
   -7.5000    7.5000  -22.500014256.6074   17.8653
    0.0000    7.5000  -22.500014827.6689   17.8315
    7.5000    7.5000  -22.500013897.9424   17.8371
   -7.5000   15.0000  -22.500013823.7266   17.8533
    0.0000   15.0000  -22.500014384.6738   17.8285
    7.5000   15.0000  -22.500013476.8789   17.8367
   -7.5000   22.5000  -22.500013188.1973   17.8545
    0.0000   22.5000  -22.500013737.3115   17.8359
    7.5000   22.5000  -22.500012867.4346   17.8410
   -7.5000   30.0000  -22.500012544.5254   17.6439
    0.0000   30.0000  -22.500013082.4590   17.6249
    7.5000   30.0000  -22.500012264.1699   17.6238
   -7.5000   37.5000  -22.500012149.5850   17.6534
    0.0000   37.5000  -22.500012668.4580   17.6273
    7.5000   37.5000  -22.500011878.1621   17.6231
   -7.5000   45.0000  -22.500011088.6348   17.2206
    0.0000   45.0000  -22.500011606.7480   17.1874
    7.5000   45.0000  -22.500010879.1309   17.1867
   -7.5000  -45.0000  -15.0000 9264.7188   18.8267
    0.0000  -45.0000  -15.0000 9611.1426   18.7924
    7.5000  -45.0000  -15.0000 9108.1289   18.7936
   -7.5000  -37.5000  -15.000010024.9365   18.4977
    0.0000  -37.5000  -15.000010398.6953   18.4659
    7.5000  -37.5000  -15.0000 9838.9961   18.4802
   -7.5000  -30.0000  -15.000011200.3965   18.3949
    0.0000  -30.0000  -15.000011626.1494   18.3732
    7.5000  -30.0000  -15.000010988.8926   18.3940
   -7.5000  -22.5000  -15.000012388.0449   18.3418
    0.0000  -22.5000  -15.000012871.0303   18.3280
    7.5000  -22.5000  -15.000012153.0439   18.3427
   -7.5000  -15.0000  -15.000013518.6582   18.3327
    0.0000  -15.0000  -15.000014092.5938   18.3187
    7.5000  -15.0000  -15.000013263.6885   18.3216
   -7.5000   -7.5000  -15.000014552.5166   18.3338
    0.0000   -7.5000  -15.000015164.3887   18.3108
    7.5000   -7.5000  -15.000014234.7666   18.3068
   -7.5000    0.0000  -15.000015477.2783   18.3313
    0.0000    0.0000  -15.000016150.2754   18.2986
    7.5000    0.0000  -15.000015104.3125   18.3005
   -7.5000    7.5000  -15.000015231.2646   18.3276
    0.0000    7.5000  -15.000015898.5791   18.2964
    7.5000    7.5000  -15.000014877.6006   18.3108
   -7.5000   15.0000  -15.000014806.0439   18.3268
    0.0000   15.0000  -15.000015451.7100   18.3052
    7.5000   15.0000  -15.000014473.2881   18.3260
   -7.5000   22.5000  -15.000014105.1104   18.3227
    0.0000   22.5000  -15.000014748.8955   18.3089
    7.5000   22.5000  -15.000013810.0342   18.3239
   -7.5000   30.0000  -15.000013339.5127   18.0954
    0.0000   30.0000  -15.000013944.1865   18.0816
    7.5000   30.0000  -15.000013082.6299   18.0845
   -7.5000   37.5000  -15.000012937.2910   18.0965
    0.0000   37.5000  -15.000013517.3799   18.0738
    7.5000   37.5000  -15.000012679.0723   18.0699
   -7.5000   45.0000  -15.000011818.3604   17.6646
    0.0000   45.0000  -15.000012413.0762   17.6331
    7.5000   45.0000  -15.000011628.2676   17.6349
   -7.5000  -45.0000   -7.5000 9903.7656   19.0596
    0.0000  -45.0000   -7.500010268.8965   19.0321
    7.5000  -45.0000   -7.5000 9726.4932   19.0319
   -7.5000  -37.5000   -7.500010708.2744   18.7322
    0.0000  -37.5000   -7.500011122.1777   18.7001
    7.5000  -37.5000   -7.500010520.2002   18.7155
   -7.5000  -30.0000   -7.500011955.8818   18.6376
    0.0000  -30.0000   -7.500012455.1787   18.6114
    7.5000  -30.0000   -7.500011766.9561   18.6334
   -7.5000  -22.5000   -7.500013165.0020   18.5871
    0.0000  -22.5000   -7.500013741.9834   18.5734
    7.5000  -22.5000   -7.500013000.2744   18.5868
   -7.5000  -15.0000   -7.500014406.3193   18.5718
    0.0000  -15.0000   -7.500015047.9814   18.5659
    7.5000  -15.0000   -7.500014212.7705   18.5649
   -7.5000   -7.5000   -7.500015518.9053   18.5638
    0.0000   -7.5000   -7.500016250.3223   18.5511
    7.5000   -7.5000   -7.500015286.0645   18.5434
   -7.5000    0.0000   -7.500016468.8418   18.5577
    0.0000    0.0000   -7.500017277.3262   18.5317
    7.5000    0.0000   -7.500016217.1133   18.5321
   -7.5000    7.5000   -7.500016233.7588   18.5598
    0.0000    7.5000   -7.500017005.2871   18.5283
    7.5000    7.5000   -7.500015977.6904   18.5437
   -7.5000   15.0000   -7.500015785.2764   18.5685
    0.0000   15.0000   -7.500016543.0879   18.5426
    7.5000   15.0000   -7.500015567.7373   18.5645
   -7.5000   22.5000   -7.500015012.9521   18.5658
    0.0000   22.5000   -7.500015787.5195   18.5522
    7.5000   22.5000   -7.500014830.6143   18.5658
   -7.5000   30.0000   -7.500014197.6465   18.3309
    0.0000   30.0000   -7.500014886.5166   18.3251
    7.5000   30.0000   -7.500013980.2764   18.3241
   -7.5000   37.5000   -7.500013797.5254   18.3230
    0.0000   37.5000   -7.500014450.2090   18.3105
    7.5000   37.5000   -7.500013568.3242   18.3029
   -7.5000   45.0000   -7.500012615.5479   17.8862
    0.0000   45.0000   -7.500013270.1758   17.8610
    7.5000   45.0000   -7.500012453.8760   17.8614
   -7.5000  -45.0000    0.000010446.6855   19.0964
    0.0000  -45.0000    0.000010854.6016   19.0738
    7.5000  -45.0000    0.000010305.1709   19.0691
   -7.5000  -37.5000    0.000011299.1836   18.7611
    0.0000  -37.5000    0.000011762.3613   18.7266
    7.5000  -37.5000    0.000011159.6553   18.7342
   -7.5000  -30.0000    0.000012602.7354   18.6632
    0.0000  -30.0000    0.000013165.5312   18.6295
    7.5000  -30.0000    0.000012496.0000   18.6409
   -7.5000  -22.5000    0.000013861.7178   18.6187
    0.0000  -22.5000    0.000014513.4502   18.6002
    7.5000  -22.5000    0.000013783.9551   18.6033
   -7.5000  -15.0000    0.000015183.8037   18.6121
    0.0000  -15.0000    0.000015922.3398   18.6082
    7.5000  -15.0000    0.000015097.7285   18.5995
   -7.5000   -7.5000    0.000016416.4199   18.6048
    0.0000   -7.5000    0.000017330.5840   18.5987
    7.5000   -7.5000    0.000016338.7490   18.5865
   -7.5000    0.0000    0.000017436.8594   18.5932
    0.0000    0.0000    0.000018396.9648   18.5718
    7.5000    0.0000    0.000017400.7734   18.5682
   -7.5000    7.5000    0.000017109.0840   18.5884
    0.0000    7.5000    0.000017959.8281   18.5544
    7.5000    7.5000    0.000017092.2070   18.5623
   -7.5000   15.0000    0.000016612.6172   18.5940
    0.0000   15.0000    0.000017423.1953   18.5607
    7.5000   15.0000    0.000016597.3457   18.5721
   -7.5000   22.5000    0.000015812.2930   18.5974
    0.0000   22.5000    0.000016631.8867   18.5791
    7.5000   22.5000    0.000015776.6738   18.5824
   -7.5000   30.0000    0.000014941.9473   18.3712
    0.0000   30.0000    0.000015716.3857   18.3674
    7.5000   30.0000    0.000014842.6045   18.3588
   -7.5000   37.5000    0.000014520.9053   18.3640
    0.0000   37.5000    0.000015252.6494   18.3580
    7.5000   37.5000    0.000014370.5488   18.3460
   -7.5000   45.0000    0.000013342.4834   17.9217
    0.0000   45.0000    0.000014055.2637   17.9011
    7.5000   45.0000    0.000013224.7012   17.8976
   -7.5000  -45.0000    7.500010199.1104   19.0768
    0.0000  -45.0000    7.500010634.3916   19.0513
    7.5000  -45.0000    7.500010108.0908   19.0427
   -7.5000  -37.5000    7.500010997.7695   18.7279
    0.0000  -37.5000    7.500011495.2236   18.6913
    7.5000  -37.5000    7.500010935.1055   18.6895
   -7.5000  -30.0000    7.500012263.1670   18.6171
    0.0000  -30.0000    7.500012837.5195   18.5814
    7.5000  -30.0000    7.500012199.9590   18.5809
   -7.5000  -22.5000    7.500013487.3691   18.5757
    0.0000  -22.5000    7.500014100.2998   18.5535
    7.5000  -22.5000    7.500013462.5977   18.5477
   -7.5000  -15.0000    7.500014762.2871   18.5844
    0.0000  -15.0000    7.500015482.2666   18.5752
    7.5000  -15.0000    7.500014752.4727   18.5629
   -7.5000   -7.5000    7.500016088.2061   18.5880
    0.0000   -7.5000    7.500017073.5039   18.5774
    7.5000   -7.5000    7.500016118.4014   18.5645
   -7.5000    0.0000    7.500017231.9219   18.5740
    0.0000    0.0000    7.500018282.3477   18.5502
    7.5000    0.0000    7.500017406.1172   18.5429
   -7.5000    7.5000    7.500016835.4277   18.5556
    0.0000    7.5000    7.500017641.4316   18.5197
    7.5000    7.5000    7.500017018.6387   18.5182
   -7.5000   15.0000    7.500016297.3828   18.5481
    0.0000   15.0000    7.500017016.8613   18.5127
    7.5000   15.0000    7.500016426.7598   18.5124
   -7.5000   22.5000    7.500015526.1885   18.5545
    0.0000   22.5000    7.500016292.6250   18.5324
    7.5000   22.5000    7.500015596.6074   18.5268
   -7.5000   30.0000    7.500014666.5039   18.3439
    0.0000   30.0000    7.500015370.1318   18.3348
    7.5000   30.0000    7.500014600.7275   18.3227
   -7.5000   37.5000    7.500014261.4209   18.3474
    0.0000   37.5000    7.500014911.3682   18.3370
    7.5000   37.5000    7.500014064.4736   18.3243
   -7.5000   45.0000    7.500013116.9893   17.9032
    0.0000   45.0000    7.500013755.1748   17.8802
    7.5000   45.0000    7.500012929.1523   17.8732
   -7.5000  -45.0000   15.0000 9825.9160   19.0618
    0.0000  -45.0000   15.000010258.5928   19.0287
    7.5000  -45.0000   15.0000 9769.8203   19.0221
   -7.5000  -37.5000   15.000010585.9131   18.7073
    0.0000  -37.5000   15.000011057.1816   18.6698
    7.5000  -37.5000   15.000010567.5820   18.6669
   -7.5000  -30.0000   15.000011767.7959   18.5882
    0.0000  -30.0000   15.000012302.6768   18.5560
    7.5000  -30.0000   15.000011780.4014   18.5537
   -7.5000  -22.5000   15.000012936.9639   18.5452
    0.0000  -22.5000   15.000013517.1465   18.5226
    7.5000  -22.5000   15.000012993.4980   18.5175
   -7.5000  -15.0000   15.000014156.0781   18.5604
    0.0000  -15.0000   15.000014822.0596   18.5432
    7.5000  -15.0000   15.000014239.8203   18.5347
   -7.5000   -7.5000   15.000015475.1377   18.5716
    0.0000   -7.5000   15.000016462.1348   18.5507
    7.5000   -7.5000   15.000015606.2705   18.5420
   -7.5000    0.0000   15.000016826.1504   18.5598
    0.0000    0.0000   15.000017713.5391   18.5285
    7.5000    0.0000   15.000016816.1152   18.5232
   -7.5000    7.5000   15.000016587.8691   18.5354
    0.0000    7.5000   15.000017163.9824   18.4985
    7.5000    7.5000   15.000016409.1309   18.4961
   -7.5000   15.0000   15.000016054.4111   18.5193
    0.0000   15.0000   15.000016563.2598   18.4874
    7.5000   15.0000   15.000015845.6084   18.4853
   -7.5000   22.5000   15.000015215.8789   18.5239
    0.0000   22.5000   15.000015798.5596   18.5014
    7.5000   22.5000   15.000015046.5898   18.4966
   -7.5000   30.0000   15.000014239.6865   18.3202
    0.0000   30.0000   15.000014773.9336   18.3032
    7.5000   30.0000   15.000014037.8926   18.2948
   -7.5000   37.5000   15.000013762.2578   18.3313
    0.0000   37.5000   15.000014276.0273   18.3106
    7.5000   37.5000   15.000013511.5020   18.3020
   -7.5000   45.0000   15.000012627.3691   17.8895
    0.0000   45.0000   15.000013174.8965   17.8593
    7.5000   45.0000   15.000012422.0625   17.8542
   -7.5000  -45.0000   22.5000 9345.8916   19.1046
    0.0000  -45.0000   22.5000 9779.0645   19.0672
    7.5000  -45.0000   22.5000 9344.7002   19.0662
   -7.5000  -37.5000   22.500010074.9316   18.7566
    0.0000  -37.5000   22.500010526.4570   18.7212
    7.5000  -37.5000   22.500010077.8193   18.7274
   -7.5000  -30.0000   22.500011191.0664   18.6405
    0.0000  -30.0000   22.500011684.1484   18.6148
    7.5000  -30.0000   22.500011194.2324   18.6240
   -7.5000  -22.5000   22.500012309.0156   18.5911
    0.0000  -22.5000   22.500012835.9580   18.5720
    7.5000  -22.5000   22.500012326.5068   18.5779
   -7.5000  -15.0000   22.500013476.2412   18.5970
    0.0000  -15.0000   22.500014096.4502   18.5773
    7.5000  -15.0000   22.500013491.4111   18.5768
   -7.5000   -7.5000   22.500014770.6309   18.6071
    0.0000   -7.5000   22.500015484.0449   18.5800
    7.5000   -7.5000   22.500014723.7383   18.5762
   -7.5000    0.0000   22.500015981.7637   18.6008
    0.0000    0.0000   22.500016541.6074   18.5653
    7.5000    0.0000   22.500015695.7598   18.5652
   -7.5000    7.5000   22.500015805.4531   18.5839
    0.0000    7.5000   22.500016225.3486   18.5491
    7.5000    7.5000   22.500015360.1016   18.5556
   -7.5000   15.0000   22.500015364.3027   18.5713
    0.0000   15.0000   22.500015865.8867   18.5458
    7.5000   15.0000   22.500014982.1650   18.5551
   -7.5000   22.5000   22.500014555.0371   18.5697
    0.0000   22.5000   22.500015112.0830   18.5507
    7.5000   22.5000   22.500014309.3281   18.5568
   -7.5000   30.0000   22.500013524.8408   18.3563
    0.0000   30.0000   22.500014042.2734   18.3368
    7.5000   30.0000   22.500013320.1348   18.3364
   -7.5000   37.5000   22.500013002.7842   18.3663
    0.0000   37.5000   22.500013537.6436   18.3395
    7.5000   37.5000   22.500012823.2861   18.3358
   -7.5000   45.0000   22.500011947.7646   17.9290
    0.0000   45.0000   22.500012482.3506   17.8948
    7.5000   45.0000   22.500011799.5459   17.8947
   -7.5000  -45.0000   30.0000 8773.1865   19.2123
    0.0000  -45.0000   30.0000 9170.8115   19.1779
    7.5000  -45.0000   30.0000 8757.0039   19.1801
   -7.5000  -37.5000   30.0000 9454.8232   18.8735
    0.0000  -37.5000   30.0000 9886.8408   18.8416
    7.5000  -37.5000   30.0000 9426.6123   18.8573
   -7.5000  -30.0000   30.000010522.8535   18.7675
    0.0000  -30.0000   30.000010999.3818   18.7460
    7.5000  -30.0000   30.000010486.0283   18.7684
   -7.5000  -22.5000   30.000011602.3652   18.7137
    0.0000  -22.5000   30.000012142.1865   18.7003
    7.5000  -22.5000   30.000011569.0615   18.7165
   -7.5000  -15.0000   30.000012666.7344   18.7052
    0.0000  -15.0000   30.000013276.5166   18.6918
    7.5000  -15.0000   30.000012664.2305   18.6958
   -7.5000   -7.5000   30.000013787.6543   18.7066
    0.0000   -7.5000   30.000014389.9883   18.6838
    7.5000   -7.5000   30.000013735.4062   18.6808
   -7.5000    0.0000   30.000014746.6123   18.7034
    0.0000    0.0000   30.000015243.5957   18.6707
    7.5000    0.0000   30.000014563.9014   18.6736
   -7.5000    7.5000   30.000014499.8604   18.6988
    0.0000    7.5000   30.000014998.1719   18.6675
    7.5000    7.5000   30.000014295.0293   18.6833
   -7.5000   15.0000   30.000014147.9688   18.6975
    0.0000   15.0000   30.000014715.0352   18.6762
    7.5000   15.0000   30.000013982.9746   18.6986
   -7.5000   22.5000   30.000013541.2549   18.6921
    0.0000   22.5000   30.000014108.7754   18.6788
    7.5000   22.5000   30.000013410.7510   18.6952
   -7.5000   30.0000   30.000012641.5537   18.4631
    0.0000   30.0000   30.000013166.6846   18.4499
    7.5000   30.0000   30.000012514.5020   18.4539
   -7.5000   37.5000   30.000012164.3691   18.4645
    0.0000   37.5000   30.000012699.8730   18.4420
    7.5000   37.5000   30.000012024.7559   18.4390
   -7.5000   45.0000   30.000011205.7773   18.0279
    0.0000   45.0000   30.000011721.8516   17.9964
    7.5000   45.0000   30.000011068.8447   17.9992
   -7.5000  -45.0000   37.5000 8470.7363   19.4027
    0.0000  -45.0000   37.5000 8850.0938   19.3757
    7.5000  -45.0000   37.5000 8408.7461   19.3766
   -7.5000  -37.5000   37.5000 9153.7168   19.0625
    0.0000  -37.5000   37.5000 9551.1123   19.0308
    7.5000  -37.5000   37.5000 9056.8447   19.0478
   -7.5000  -30.0000   37.500010188.2178   18.9648
    0.0000  -30.0000   37.500010642.3223   18.9394
    7.5000  -30.0000   37.500010099.1299   18.9634
   -7.5000  -22.5000   37.500011202.9424   18.9148
    0.0000  -22.5000   37.500011724.8467   18.9025
    7.5000  -22.5000   37.500011156.7051   18.9177
   -7.5000  -15.0000   37.500012224.1748   18.9008
    0.0000  -15.0000   37.500012803.8369   18.8965
    7.5000  -15.0000   37.500012214.2461   18.8968
   -7.5000   -7.5000   37.500013224.8604   18.8922
    0.0000   -7.5000   37.500013786.1562   18.8806
    7.5000   -7.5000   37.500013185.1768   18.8739
   -7.5000    0.0000   37.500014056.6045   18.8840
    0.0000    0.0000   37.500014585.4160   18.8585
    7.5000    0.0000   37.500013965.6406   18.8600
   -7.5000    7.5000   37.500013826.8057   18.8843
    0.0000    7.5000   37.500014333.4160   18.8532
    7.5000    7.5000   37.500013741.0547   18.8703
   -7.5000   15.0000   37.500013557.5898   18.8934
    0.0000   15.0000   37.500014080.3936   18.8683
    7.5000   15.0000   37.500013459.9004   18.8922
   -7.5000   22.5000   37.500013004.4951   18.8930
    0.0000   22.5000   37.500013513.8027   18.8807
    7.5000   22.5000   37.500012933.7012   18.8961
   -7.5000   30.0000   37.500012198.5791   18.6562
    0.0000   30.0000   37.500012672.8965   18.6519
    7.5000   30.0000   37.500012119.1494   18.6523
   -7.5000   37.5000   37.500011716.0479   18.6477
    0.0000   37.5000   37.500012217.6514   18.6363
    7.5000   37.5000   37.500011638.8701   18.6296
   -7.5000   45.0000   37.500010795.3398   18.2020
    0.0000   45.0000   37.500011283.5762   18.1774
    7.5000   45.0000   37.500010731.1973   18.1789
   -7.5000  -45.0000   45.0000 7810.3594   19.6597
    0.0000  -45.0000   45.0000 8151.2744   19.6379
    7.5000  -45.0000   45.0000 7739.6099   19.6344
   -7.5000  -37.5000   45.0000 8428.9131   19.3025
    0.0000  -37.5000   45.0000 8801.3975   19.2682
    7.5000  -37.5000   45.0000 8333.6768   19.2777
   -7.5000  -30.0000   45.0000 9362.9424   19.2010
    0.0000  -30.0000   45.0000 9803.7891   19.1679
    7.5000  -30.0000   45.0000 9302.3027   19.1813
   -7.5000  -22.5000   45.000010305.6738   19.1573
    0.0000  -22.5000   45.000010798.7119   19.1404
    7.5000  -22.5000   45.000010271.6660   19.1449
   -7.5000  -15.0000   45.000011239.4131   19.1515
    0.0000  -15.0000   45.000011778.4863   19.1501
    7.5000  -15.0000   45.000011217.5830   19.1419
   -7.5000   -7.5000   45.000012134.6553   19.1409
    0.0000   -7.5000   45.000012670.8633   19.1368
    7.5000   -7.5000   45.000012094.6543   19.1251
   -7.5000    0.0000   45.000012863.8145   19.1245
    0.0000    0.0000   45.000013398.0322   19.1040
    7.5000    0.0000   45.000012813.9033   19.1014
   -7.5000    7.5000   45.000012656.0254   19.1185
    0.0000    7.5000   45.000013154.8252   19.0848
    7.5000    7.5000   45.000012606.3652   19.0946
   -7.5000   15.0000   45.000012397.1367   19.1273
    0.0000   15.0000   45.000012883.5537   19.0945
    7.5000   15.0000   45.000012344.3115   19.1080
   -7.5000   22.5000   45.000011920.0908   19.1349
    0.0000   22.5000   45.000012399.7441   19.1181
    7.5000   22.5000   45.000011877.6230   19.1228
   -7.5000   30.0000   45.000011208.0713   18.9020
    0.0000   30.0000   45.000011669.9912   18.9006
    7.5000   30.0000   45.000011155.3643   18.8925
   -7.5000   37.5000   45.000010767.3799   18.8915
    0.0000   37.5000   45.000011248.8223   18.8875
    7.5000   37.5000   45.000010710.8682   18.8759
   -7.5000   45.0000   45.0000 9945.3096   18.4421
    0.0000   45.0000   45.000010384.9854   18.4224
    7.5000   45.0000   45.0000 9894.2617   18.4199

---------------------------------------------------------------------
imgreg_4dfp /opt/freesurfer/average/711-2C_as_mni_average_305 /opt/freesurfer/average/711-2B_as_mni_average_305_mask talsrcimg_g11 none talsrcimg_to_711-2C_as_mni_average_305_t4 4355
---------------------------------------------------------------------

freesurfer imgreg_4dfp.c
/opt/freesurfer/average/711-2C_as_mni_average_305.4dfp.img
       256       256       256         1
  1.000000  1.000000  1.000000
orientation T byte_order littleendian
Reading image: /opt/freesurfer/average/711-2C_as_mni_average_305.4dfp.img
dimensions:      256       256       256
mmppix:       1.0000   -1.0000   -1.0000
center:     128.0000 -129.0000 -129.0000
/opt/freesurfer/average/711-2B_as_mni_average_305_mask.4dfp.img
       256       256       256         1
  1.000000  1.000000  1.000000
orientation T byte_order littleendian
Reading mask: /opt/freesurfer/average/711-2B_as_mni_average_305_mask.4dfp.img (2306576 pixels)
talsrcimg_g11.4dfp.img
       256       256       256         1
  1.000000  1.000000  1.000000
orientation T byte_order littleendian
Reading image: talsrcimg_g11.4dfp.img
dimensions:      256       256       256
mmppix:       1.0000   -1.0000   -1.0000
center:     128.0000 -129.0000 -129.0000
rotation matrix determinant  1.000000
image alignment mode   4355 decimal     1103 hex
   -7.5000  -45.0000  -45.0000 2002.6559   25.0858
    0.0000  -45.0000  -45.0000 1992.5724   24.9639
    7.5000  -45.0000  -45.0000 1982.6472   25.3228
   -7.5000  -37.5000  -45.0000 2104.8545   22.5922
    0.0000  -37.5000  -45.0000 2102.1233   22.5168
    7.5000  -37.5000  -45.0000 2082.6841   22.7995
   -7.5000  -30.0000  -45.0000 2191.8113   20.7189
    0.0000  -30.0000  -45.0000 2188.8259   20.6578
    7.5000  -30.0000  -45.0000 2173.3188   20.8520
   -7.5000  -22.5000  -45.0000 2262.5361   19.3434
    0.0000  -22.5000  -45.0000 2267.7600   19.2988
    7.5000  -22.5000  -45.0000 2251.1201   19.4695
   -7.5000  -15.0000  -45.0000 2302.2031   18.3403
    0.0000  -15.0000  -45.0000 2303.2007   18.3134
    7.5000  -15.0000  -45.0000 2288.9431   18.4672
   -7.5000   -7.5000  -45.0000 2326.2224   17.7023
    0.0000   -7.5000  -45.0000 2329.3203   17.7185
    7.5000   -7.5000  -45.0000 2314.5215   17.8681
   -7.5000    0.0000  -45.0000 2333.3350   17.4349
    0.0000    0.0000  -45.0000 2338.3167   17.3887
    7.5000    0.0000  -45.0000 2325.4202   17.5878
   -7.5000    7.5000  -45.0000 2331.7456   17.3445
    0.0000    7.5000  -45.0000 2341.0103   17.3155
    7.5000    7.5000  -45.0000 2322.1882   17.5544
   -7.5000   15.0000  -45.0000 2320.4556   17.5380
    0.0000   15.0000  -45.0000 2328.0881   17.4878
    7.5000   15.0000  -45.0000 2306.0723   17.7254
   -7.5000   22.5000  -45.0000 2292.0371   18.1114
    0.0000   22.5000  -45.0000 2302.9026   18.0096
    7.5000   22.5000  -45.0000 2279.8748   18.2512
   -7.5000   30.0000  -45.0000 2251.3108   18.9698
    0.0000   30.0000  -45.0000 2258.9180   18.8749
    7.5000   30.0000  -45.0000 2237.6206   19.0784
   -7.5000   37.5000  -45.0000 2192.0457   20.1953
    0.0000   37.5000  -45.0000 2199.8074   20.0618
    7.5000   37.5000  -45.0000 2183.3962   20.3174
   -7.5000   45.0000  -45.0000 2111.6748   21.8212
    0.0000   45.0000  -45.0000 2111.9160   21.5927
    7.5000   45.0000  -45.0000 2102.9519   22.0021
   -7.5000  -45.0000  -37.5000 2068.9050   23.3251
    0.0000  -45.0000  -37.5000 2068.2146   23.3258
    7.5000  -45.0000  -37.5000 2053.2834   23.5475
   -7.5000  -37.5000  -37.5000 2180.4136   21.0025
    0.0000  -37.5000  -37.5000 2182.5525   20.9863
    7.5000  -37.5000  -37.5000 2163.5671   21.1568
   -7.5000  -30.0000  -37.5000 2276.1743   19.1715
    0.0000  -30.0000  -37.5000 2279.5127   19.1799
    7.5000  -30.0000  -37.5000 2262.7021   19.3120
   -7.5000  -22.5000  -37.5000 2360.9482   17.8600
    0.0000  -22.5000  -37.5000 2360.1333   17.8561
    7.5000  -22.5000  -37.5000 2340.5312   17.9921
   -7.5000  -15.0000  -37.5000 2401.5640   16.9638
    0.0000  -15.0000  -37.5000 2403.3621   16.9430
    7.5000  -15.0000  -37.5000 2381.4695   17.0741
   -7.5000   -7.5000  -37.5000 2425.4446   16.3696
    0.0000   -7.5000  -37.5000 2429.3582   16.3681
    7.5000   -7.5000  -37.5000 2407.2021   16.5045
   -7.5000    0.0000  -37.5000 2429.9844   16.0166
    0.0000    0.0000  -37.5000 2436.9614   16.0203
    7.5000    0.0000  -37.5000 2416.3738   16.1624
   -7.5000    7.5000  -37.5000 2432.5864   15.9352
    0.0000    7.5000  -37.5000 2440.3252   15.9002
    7.5000    7.5000  -37.5000 2418.6738   16.0519
   -7.5000   15.0000  -37.5000 2418.5271   16.0523
    0.0000   15.0000  -37.5000 2430.7471   16.0355
    7.5000   15.0000  -37.5000 2407.7019   16.2144
   -7.5000   22.5000  -37.5000 2394.6755   16.5608
    0.0000   22.5000  -37.5000 2412.1716   16.5488
    7.5000   22.5000  -37.5000 2390.7097   16.7516
   -7.5000   30.0000  -37.5000 2351.5217   17.3918
    0.0000   30.0000  -37.5000 2365.0767   17.3504
    7.5000   30.0000  -37.5000 2345.7539   17.5500
   -7.5000   37.5000  -37.5000 2285.7275   18.5222
    0.0000   37.5000  -37.5000 2298.4646   18.4512
    7.5000   37.5000  -37.5000 2280.6213   18.6250
   -7.5000   45.0000  -37.5000 2200.5198   20.0400
    0.0000   45.0000  -37.5000 2207.3145   19.8638
    7.5000   45.0000  -37.5000 2194.6399   20.1586
   -7.5000  -45.0000  -30.0000 2168.5872   22.4862
    0.0000  -45.0000  -30.0000 2169.2419   22.5463
    7.5000  -45.0000  -30.0000 2158.0974   22.7708
   -7.5000  -37.5000  -30.0000 2293.8906   20.2618
    0.0000  -37.5000  -30.0000 2298.3115   20.3066
    7.5000  -37.5000  -30.0000 2277.0593   20.4401
   -7.5000  -30.0000  -30.0000 2397.7605   18.4450
    0.0000  -30.0000  -30.0000 2399.6519   18.4767
    7.5000  -30.0000  -30.0000 2386.0017   18.6181
   -7.5000  -22.5000  -30.0000 2485.4653   17.0840
    0.0000  -22.5000  -30.0000 2487.8345   17.1397
    7.5000  -22.5000  -30.0000 2463.3118   17.2386
   -7.5000  -15.0000  -30.0000 2537.5862   16.1949
    0.0000  -15.0000  -30.0000 2536.0054   16.2169
    7.5000  -15.0000  -30.0000 2511.0327   16.3300
   -7.5000   -7.5000  -30.0000 2563.1970   15.6670
    0.0000   -7.5000  -30.0000 2564.0344   15.6487
    7.5000   -7.5000  -30.0000 2540.4834   15.7559
   -7.5000    0.0000  -30.0000 2576.1787   15.3002
    0.0000    0.0000  -30.0000 2584.8391   15.2983
    7.5000    0.0000  -30.0000 2561.0508   15.4082
   -7.5000    7.5000  -30.0000 2581.5142   15.2043
    0.0000    7.5000  -30.0000 2587.8367   15.1797
    7.5000    7.5000  -30.0000 2565.6348   15.3218
   -7.5000   15.0000  -30.0000 2567.7661   15.3155
    0.0000   15.0000  -30.0000 2579.3186   15.3189
    7.5000   15.0000  -30.0000 2554.5420   15.4847
   -7.5000   22.5000  -30.0000 2544.0876   15.7829
    0.0000   22.5000  -30.0000 2563.5078   15.8099
    7.5000   22.5000  -30.0000 2533.8860   15.9617
   -7.5000   30.0000  -30.0000 2492.8418   16.5759
    0.0000   30.0000  -30.0000 2514.4521   16.5846
    7.5000   30.0000  -30.0000 2486.1985   16.7330
   -7.5000   37.5000  -30.0000 2420.7825   17.6303
    0.0000   37.5000  -30.0000 2441.9763   17.6419
    7.5000   37.5000  -30.0000 2417.2373   17.7704
   -7.5000   45.0000  -30.0000 2326.8728   19.0379
    0.0000   45.0000  -30.0000 2344.3354   18.9867
    7.5000   45.0000  -30.0000 2323.4495   19.1698
   -7.5000  -45.0000  -22.5000 2247.2244   21.6704
    0.0000  -45.0000  -22.5000 2251.5447   21.7285
    7.5000  -45.0000  -22.5000 2233.3696   22.0105
   -7.5000  -37.5000  -22.5000 2382.4319   19.4616
    0.0000  -37.5000  -22.5000 2387.9429   19.5071
    7.5000  -37.5000  -22.5000 2359.2275   19.6895
   -7.5000  -30.0000  -22.5000 2492.8574   17.6600
    0.0000  -30.0000  -22.5000 2495.4624   17.7126
    7.5000  -30.0000  -22.5000 2468.4241   17.8542
   -7.5000  -22.5000  -22.5000 2581.8481   16.3538
    0.0000  -22.5000  -22.5000 2583.8103   16.3817
    7.5000  -22.5000  -22.5000 2553.3005   16.4768
   -7.5000  -15.0000  -22.5000 2636.9453   15.4100
    0.0000  -15.0000  -22.5000 2642.8137   15.4381
    7.5000  -15.0000  -22.5000 2609.7781   15.5256
   -7.5000   -7.5000  -22.5000 2678.5933   14.8310
    0.0000   -7.5000  -22.5000 2682.8376   14.8225
    7.5000   -7.5000  -22.5000 2653.8955   14.9396
   -7.5000    0.0000  -22.5000 2703.5562   14.4862
    0.0000    0.0000  -22.5000 2712.8328   14.4742
    7.5000    0.0000  -22.5000 2683.9226   14.5858
   -7.5000    7.5000  -22.5000 2703.6746   14.4099
    0.0000    7.5000  -22.5000 2714.4824   14.4029
    7.5000    7.5000  -22.5000 2690.1831   14.5341
   -7.5000   15.0000  -22.5000 2690.5139   14.5415
    0.0000   15.0000  -22.5000 2706.6338   14.5627
    7.5000   15.0000  -22.5000 2674.4978   14.7057
   -7.5000   22.5000  -22.5000 2664.0554   14.9961
    0.0000   22.5000  -22.5000 2684.3945   15.0049
    7.5000   22.5000  -22.5000 2652.3350   15.1454
   -7.5000   30.0000  -22.5000 2610.9563   15.7068
    0.0000   30.0000  -22.5000 2632.0674   15.7215
    7.5000   30.0000  -22.5000 2604.2200   15.8574
   -7.5000   37.5000  -22.5000 2537.0471   16.7274
    0.0000   37.5000  -22.5000 2556.2117   16.7126
    7.5000   37.5000  -22.5000 2530.6262   16.8715
   -7.5000   45.0000  -22.5000 2434.6484   18.0689
    0.0000   45.0000  -22.5000 2454.8906   18.0217
    7.5000   45.0000  -22.5000 2429.7659   18.2184
   -7.5000  -45.0000  -15.0000 2297.7532   20.9538
    0.0000  -45.0000  -15.0000 2304.7744   21.0252
    7.5000  -45.0000  -15.0000 2281.6382   21.2954
   -7.5000  -37.5000  -15.0000 2434.8896   18.7299
    0.0000  -37.5000  -15.0000 2443.9526   18.7690
    7.5000  -37.5000  -15.0000 2411.1072   19.0197
   -7.5000  -30.0000  -15.0000 2546.8018   16.9619
    0.0000  -30.0000  -15.0000 2553.1462   17.0122
    7.5000  -30.0000  -15.0000 2521.5852   17.2266
   -7.5000  -22.5000  -15.0000 2638.8931   15.6313
    0.0000  -22.5000  -15.0000 2645.6279   15.6533
    7.5000  -22.5000  -15.0000 2613.4800   15.8581
   -7.5000  -15.0000  -15.0000 2700.5813   14.6568
    0.0000  -15.0000  -15.0000 2717.9919   14.6927
    7.5000  -15.0000  -15.0000 2686.1575   14.8347
   -7.5000   -7.5000  -15.0000 2752.0566   14.0612
    0.0000   -7.5000  -15.0000 2764.1953   14.0668
    7.5000   -7.5000  -15.0000 2740.1406   14.1673
   -7.5000    0.0000  -15.0000 2789.5884   13.6574
    0.0000    0.0000  -15.0000 2803.2336   13.6692
    7.5000    0.0000  -15.0000 2769.1626   13.8095
   -7.5000    7.5000  -15.0000 2797.4050   13.6047
    0.0000    7.5000  -15.0000 2811.2734   13.6220
    7.5000    7.5000  -15.0000 2777.3196   13.7835
   -7.5000   15.0000  -15.0000 2783.8777   13.8244
    0.0000   15.0000  -15.0000 2802.0891   13.8254
    7.5000   15.0000  -15.0000 2772.4712   13.9796
   -7.5000   22.5000  -15.0000 2755.7759   14.2610
    0.0000   22.5000  -15.0000 2776.5542   14.2550
    7.5000   22.5000  -15.0000 2748.9702   14.4271
   -7.5000   30.0000  -15.0000 2697.5442   14.9268
    0.0000   30.0000  -15.0000 2718.6602   14.9065
    7.5000   30.0000  -15.0000 2695.9912   15.0835
   -7.5000   37.5000  -15.0000 2617.5076   15.8932
    0.0000   37.5000  -15.0000 2635.0359   15.8587
    7.5000   37.5000  -15.0000 2616.8162   16.0530
   -7.5000   45.0000  -15.0000 2509.8779   17.2260
    0.0000   45.0000  -15.0000 2535.0833   17.1522
    7.5000   45.0000  -15.0000 2513.2485   17.3510
   -7.5000  -45.0000   -7.5000 2322.0784   20.1989
    0.0000  -45.0000   -7.5000 2328.5488   20.2936
    7.5000  -45.0000   -7.5000 2305.7383   20.6883
   -7.5000  -37.5000   -7.5000 2459.7004   17.9908
    0.0000  -37.5000   -7.5000 2467.2146   18.1154
    7.5000  -37.5000   -7.5000 2438.3657   18.4289
   -7.5000  -30.0000   -7.5000 2575.1375   16.3108
    0.0000  -30.0000   -7.5000 2581.5273   16.3773
    7.5000  -30.0000   -7.5000 2554.4980   16.6606
   -7.5000  -22.5000   -7.5000 2669.8042   14.9381
    0.0000  -22.5000   -7.5000 2682.4165   15.0057
    7.5000  -22.5000   -7.5000 2653.6394   15.2445
   -7.5000  -15.0000   -7.5000 2747.5986   13.9709
    0.0000  -15.0000   -7.5000 2766.6863   14.0146
    7.5000  -15.0000   -7.5000 2738.7307   14.2330
   -7.5000   -7.5000   -7.5000 2807.9622   13.3320
    0.0000   -7.5000   -7.5000 2827.2195   13.3811
    7.5000   -7.5000   -7.5000 2800.4270   13.5521
   -7.5000    0.0000   -7.5000 2849.4224   12.9058
    0.0000    0.0000   -7.5000 2869.2742   12.9437
    7.5000    0.0000   -7.5000 2833.8201   13.1366
   -7.5000    7.5000   -7.5000 2862.7690   12.8216
    0.0000    7.5000   -7.5000 2883.5862   12.8360
    7.5000    7.5000   -7.5000 2848.8762   13.0683
   -7.5000   15.0000   -7.5000 2856.4258   13.0900
    0.0000   15.0000   -7.5000 2875.1465   13.0733
    7.5000   15.0000   -7.5000 2855.8267   13.3017
   -7.5000   22.5000   -7.5000 2823.1450   13.5295
    0.0000   22.5000   -7.5000 2845.5259   13.5182
    7.5000   22.5000   -7.5000 2826.4275   13.7279
   -7.5000   30.0000   -7.5000 2758.4080   14.2225
    0.0000   30.0000   -7.5000 2780.8342   14.1770
    7.5000   30.0000   -7.5000 2765.7354   14.3981
   -7.5000   37.5000   -7.5000 2681.7598   15.1932
    0.0000   37.5000   -7.5000 2698.8789   15.1380
    7.5000   37.5000   -7.5000 2681.8738   15.3433
   -7.5000   45.0000   -7.5000 2566.7708   16.4847
    0.0000   45.0000   -7.5000 2587.8967   16.4253
    7.5000   45.0000   -7.5000 2570.9712   16.6426
   -7.5000  -45.0000    0.0000 2326.6177   19.6600
    0.0000  -45.0000    0.0000 2333.8491   19.7708
    7.5000  -45.0000    0.0000 2312.2471   20.2215
   -7.5000  -37.5000    0.0000 2465.3269   17.5120
    0.0000  -37.5000    0.0000 2470.1067   17.6113
    7.5000  -37.5000    0.0000 2446.9966   18.0389
   -7.5000  -30.0000    0.0000 2581.0447   15.8266
    0.0000  -30.0000    0.0000 2588.4504   15.9157
    7.5000  -30.0000    0.0000 2564.5444   16.2693
   -7.5000  -22.5000    0.0000 2677.0298   14.4537
    0.0000  -22.5000    0.0000 2686.9404   14.5099
    7.5000  -22.5000    0.0000 2669.0037   14.8434
   -7.5000  -15.0000    0.0000 2770.8560   13.4905
    0.0000  -15.0000    0.0000 2789.7280   13.5489
    7.5000  -15.0000    0.0000 2769.0679   13.8251
   -7.5000   -7.5000    0.0000 2844.1948   12.8409
    0.0000   -7.5000    0.0000 2871.5620   12.9065
    7.5000   -7.5000    0.0000 2844.7771   13.1407
   -7.5000    0.0000    0.0000 2894.9541   12.4062
    0.0000    0.0000    0.0000 2923.3655   12.4557
    7.5000    0.0000    0.0000 2890.7131   12.7289
   -7.5000    7.5000    0.0000 2911.2786   12.2491
    0.0000    7.5000    0.0000 2940.4688   12.2072
    7.5000    7.5000    0.0000 2913.3726   12.5733
   -7.5000   15.0000    0.0000 2901.9146   12.4914
    0.0000   15.0000    0.0000 2920.9155   12.4392
    7.5000   15.0000    0.0000 2913.1592   12.7822
   -7.5000   22.5000    0.0000 2868.3379   12.9843
    0.0000   22.5000    0.0000 2888.4248   12.9191
    7.5000   22.5000    0.0000 2880.7661   13.2290
   -7.5000   30.0000    0.0000 2802.0259   13.6949
    0.0000   30.0000    0.0000 2824.3296   13.6198
    7.5000   30.0000    0.0000 2816.6558   13.9083
   -7.5000   37.5000    0.0000 2713.8447   14.6630
    0.0000   37.5000    0.0000 2734.1709   14.6110
    7.5000   37.5000    0.0000 2727.5188   14.8879
   -7.5000   45.0000    0.0000 2603.1282   15.9287
    0.0000   45.0000    0.0000 2620.4143   15.8969
    7.5000   45.0000    0.0000 2609.5220   16.1853
   -7.5000  -45.0000    7.5000 2324.6946   19.4861
    0.0000  -45.0000    7.5000 2330.5789   19.5158
    7.5000  -45.0000    7.5000 2315.3958   20.0909
   -7.5000  -37.5000    7.5000 2457.2363   17.2773
    0.0000  -37.5000    7.5000 2463.0630   17.3279
    7.5000  -37.5000    7.5000 2445.4668   17.8073
   -7.5000  -30.0000    7.5000 2570.7500   15.5657
    0.0000  -30.0000    7.5000 2582.0759   15.5678
    7.5000  -30.0000    7.5000 2558.4958   15.9800
   -7.5000  -22.5000    7.5000 2676.3384   14.2131
    0.0000  -22.5000    7.5000 2688.3320   14.1913
    7.5000  -22.5000    7.5000 2673.6658   14.5752
   -7.5000  -15.0000    7.5000 2779.1396   13.2348
    0.0000  -15.0000    7.5000 2795.6831   13.1973
    7.5000  -15.0000    7.5000 2782.3010   13.5657
   -7.5000   -7.5000    7.5000 2868.5889   12.6039
    0.0000   -7.5000    7.5000 2893.6323   12.5909
    7.5000   -7.5000    7.5000 2873.1055   12.8740
   -7.5000    0.0000    7.5000 2933.8428   12.2120
    0.0000    0.0000    7.5000 2967.5120   12.2251
    7.5000    0.0000    7.5000 2936.5132   12.5143
   -7.5000    7.5000    7.5000 2952.3357   11.9786
    0.0000    7.5000    7.5000 2982.1101   11.8980
    7.5000    7.5000    7.5000 2960.4500   12.3719
   -7.5000   15.0000    7.5000 2936.5471   12.1521
    0.0000   15.0000    7.5000 2958.8027   12.0286
    7.5000   15.0000    7.5000 2953.5081   12.4781
   -7.5000   22.5000    7.5000 2894.1450   12.6797
    0.0000   22.5000    7.5000 2918.6035   12.5517
    7.5000   22.5000    7.5000 2914.4170   12.9084
   -7.5000   30.0000    7.5000 2831.8730   13.4170
    0.0000   30.0000    7.5000 2851.2561   13.2879
    7.5000   30.0000    7.5000 2844.8281   13.5681
   -7.5000   37.5000    7.5000 2740.1206   14.4108
    0.0000   37.5000    7.5000 2757.6846   14.2998
    7.5000   37.5000    7.5000 2751.1675   14.5538
   -7.5000   45.0000    7.5000 2628.0386   15.7030
    0.0000   45.0000    7.5000 2642.9524   15.6096
    7.5000   45.0000    7.5000 2632.6726   15.8387
   -7.5000  -45.0000   15.0000 2309.1360   19.5804
    0.0000  -45.0000   15.0000 2315.5234   19.5539
    7.5000  -45.0000   15.0000 2300.4688   20.1501
   -7.5000  -37.5000   15.0000 2435.4873   17.3223
    0.0000  -37.5000   15.0000 2440.3684   17.2448
    7.5000  -37.5000   15.0000 2430.1189   17.8156
   -7.5000  -30.0000   15.0000 2545.6326   15.5689
    0.0000  -30.0000   15.0000 2552.5442   15.4415
    7.5000  -30.0000   15.0000 2542.4673   15.9586
   -7.5000  -22.5000   15.0000 2658.0071   14.2123
    0.0000  -22.5000   15.0000 2671.0864   14.0836
    7.5000  -22.5000   15.0000 2664.9954   14.5464
   -7.5000  -15.0000   15.0000 2764.3054   13.2210
    0.0000  -15.0000   15.0000 2780.9395   13.0653
    7.5000  -15.0000   15.0000 2777.2590   13.5107
   -7.5000   -7.5000   15.0000 2861.0420   12.6043
    0.0000   -7.5000   15.0000 2891.2156   12.4705
    7.5000   -7.5000   15.0000 2880.8052   12.8549
   -7.5000    0.0000   15.0000 2943.4819   12.2938
    0.0000    0.0000   15.0000 2981.5076   12.1987
    7.5000    0.0000   15.0000 2952.7981   12.4932
   -7.5000    7.5000   15.0000 2977.9622   12.1352
    0.0000    7.5000   15.0000 3008.1255   11.9077
    7.5000    7.5000   15.0000 2975.5767   12.2452
   -7.5000   15.0000   15.0000 2953.5002   12.2280
    0.0000   15.0000   15.0000 2979.8506   11.9522
    7.5000   15.0000   15.0000 2962.1565   12.2944
   -7.5000   22.5000   15.0000 2904.9597   12.6166
    0.0000   22.5000   15.0000 2929.1497   12.4208
    7.5000   22.5000   15.0000 2920.0935   12.7366
   -7.5000   30.0000   15.0000 2835.5383   13.3213
    0.0000   30.0000   15.0000 2848.2925   13.1632
    7.5000   30.0000   15.0000 2846.3843   13.4272
   -7.5000   37.5000   15.0000 2746.4053   14.3343
    0.0000   37.5000   15.0000 2758.0764   14.1984
    7.5000   37.5000   15.0000 2753.9929   14.4124
   -7.5000   45.0000   15.0000 2631.4238   15.6237
    0.0000   45.0000   15.0000 2649.3374   15.5288
    7.5000   45.0000   15.0000 2635.2349   15.7107
   -7.5000  -45.0000   22.5000 2285.5288   19.9193
    0.0000  -45.0000   22.5000 2291.8394   19.7871
    7.5000  -45.0000   22.5000 2285.1770   20.4848
   -7.5000  -37.5000   22.5000 2408.1431   17.6040
    0.0000  -37.5000   22.5000 2413.0938   17.3847
    7.5000  -37.5000   22.5000 2411.6858   18.0498
   -7.5000  -30.0000   22.5000 2518.9355   15.8549
    0.0000  -30.0000   22.5000 2523.5554   15.6072
    7.5000  -30.0000   22.5000 2523.9707   16.1996
   -7.5000  -22.5000   22.5000 2630.9441   14.5148
    0.0000  -22.5000   22.5000 2642.3237   14.2889
    7.5000  -22.5000   22.5000 2643.0610   14.7722
   -7.5000  -15.0000   22.5000 2739.1877   13.5391
    0.0000  -15.0000   22.5000 2752.0400   13.3371
    7.5000  -15.0000   22.5000 2752.1934   13.7552
   -7.5000   -7.5000   22.5000 2842.3796   12.9419
    0.0000   -7.5000   22.5000 2862.8457   12.7733
    7.5000   -7.5000   22.5000 2853.6843   13.0738
   -7.5000    0.0000   22.5000 2924.6506   12.6063
    0.0000    0.0000   22.5000 2948.9097   12.3588
    7.5000    0.0000   22.5000 2927.2378   12.6426
   -7.5000    7.5000   22.5000 2963.1914   12.4200
    0.0000    7.5000   22.5000 2977.3230   12.0853
    7.5000    7.5000   22.5000 2953.6562   12.3359
   -7.5000   15.0000   22.5000 2941.4829   12.5360
    0.0000   15.0000   22.5000 2966.6748   12.3058
    7.5000   15.0000   22.5000 2947.2322   12.4714
   -7.5000   22.5000   22.5000 2889.4351   12.8971
    0.0000   22.5000   22.5000 2915.9509   12.7701
    7.5000   22.5000   22.5000 2904.2771   12.9491
   -7.5000   30.0000   22.5000 2816.5862   13.5370
    0.0000   30.0000   22.5000 2830.7480   13.4479
    7.5000   30.0000   22.5000 2822.0503   13.6393
   -7.5000   37.5000   22.5000 2726.9072   14.4841
    0.0000   37.5000   22.5000 2741.9819   14.4012
    7.5000   37.5000   22.5000 2733.8530   14.5792
   -7.5000   45.0000   22.5000 2612.1519   15.7167
    0.0000   45.0000   22.5000 2631.1738   15.6672
    7.5000   45.0000   22.5000 2620.6768   15.8119
   -7.5000  -45.0000   30.0000 2246.1772   20.4760
    0.0000  -45.0000   30.0000 2256.6665   20.3395
    7.5000  -45.0000   30.0000 2254.3535   20.9931
   -7.5000  -37.5000   30.0000 2372.8215   18.1636
    0.0000  -37.5000   30.0000 2380.5605   17.9707
    7.5000  -37.5000   30.0000 2374.4480   18.5503
   -7.5000  -30.0000   30.0000 2487.3308   16.4159
    0.0000  -30.0000   30.0000 2496.8262   16.2302
    7.5000  -30.0000   30.0000 2485.1003   16.7302
   -7.5000  -22.5000   30.0000 2595.7859   15.0909
    0.0000  -22.5000   30.0000 2611.7734   14.8897
    7.5000  -22.5000   30.0000 2604.9346   15.3351
   -7.5000  -15.0000   30.0000 2696.3679   14.0732
    0.0000  -15.0000   30.0000 2717.0188   13.8826
    7.5000  -15.0000   30.0000 2714.8115   14.2477
   -7.5000   -7.5000   30.0000 2796.4946   13.4062
    0.0000   -7.5000   30.0000 2821.3008   13.2126
    7.5000   -7.5000   30.0000 2814.2263   13.5264
   -7.5000    0.0000   30.0000 2872.5002   12.9618
    0.0000    0.0000   30.0000 2896.9038   12.6762
    7.5000    0.0000   30.0000 2878.2507   12.9802
   -7.5000    7.5000   30.0000 2911.6763   12.7236
    0.0000    7.5000   30.0000 2929.4602   12.4658
    7.5000    7.5000   30.0000 2912.9534   12.7283
   -7.5000   15.0000   30.0000 2889.0771   12.9304
    0.0000   15.0000   30.0000 2921.9851   12.7143
    7.5000   15.0000   30.0000 2901.6775   12.9280
   -7.5000   22.5000   30.0000 2847.8494   13.3503
    0.0000   22.5000   30.0000 2876.0059   13.1954
    7.5000   22.5000   30.0000 2861.4009   13.3792
   -7.5000   30.0000   30.0000 2773.1265   14.0214
    0.0000   30.0000   30.0000 2791.2014   13.9215
    7.5000   30.0000   30.0000 2777.3630   14.0857
   -7.5000   37.5000   30.0000 2684.2188   14.9405
    0.0000   37.5000   30.0000 2702.9563   14.8786
    7.5000   37.5000   30.0000 2687.6943   14.9935
   -7.5000   45.0000   30.0000 2573.5671   16.1490
    0.0000   45.0000   30.0000 2594.9978   16.0892
    7.5000   45.0000   30.0000 2577.7744   16.2047
   -7.5000  -45.0000   37.5000 2204.1375   21.3864
    0.0000  -45.0000   37.5000 2214.1748   21.2901
    7.5000  -45.0000   37.5000 2205.9233   21.8058
   -7.5000  -37.5000   37.5000 2333.6619   19.0468
    0.0000  -37.5000   37.5000 2341.8550   18.9010
    7.5000  -37.5000   37.5000 2327.1697   19.3447
   -7.5000  -30.0000   37.5000 2444.5872   17.2401
    0.0000  -30.0000   37.5000 2459.2275   17.0575
    7.5000  -30.0000   37.5000 2443.5842   17.4549
   -7.5000  -22.5000   37.5000 2554.5901   15.8489
    0.0000  -22.5000   37.5000 2575.2341   15.6696
    7.5000  -22.5000   37.5000 2561.0112   16.0276
   -7.5000  -15.0000   37.5000 2658.0730   14.8177
    0.0000  -15.0000   37.5000 2680.2090   14.6026
    7.5000  -15.0000   37.5000 2668.5742   14.9245
   -7.5000   -7.5000   37.5000 2743.0474   14.0675
    0.0000   -7.5000   37.5000 2771.4854   13.8108
    7.5000   -7.5000   37.5000 2759.9766   14.1419
   -7.5000    0.0000   37.5000 2803.7271   13.5264
    0.0000    0.0000   37.5000 2833.2703   13.2534
    7.5000    0.0000   37.5000 2817.1328   13.5761
   -7.5000    7.5000   37.5000 2844.4927   13.2982
    0.0000    7.5000   37.5000 2858.3433   13.0819
    7.5000    7.5000   37.5000 2851.5623   13.3491
   -7.5000   15.0000   37.5000 2830.0405   13.5452
    0.0000   15.0000   37.5000 2848.2485   13.3277
    7.5000   15.0000   37.5000 2835.7344   13.5592
   -7.5000   22.5000   37.5000 2784.5149   13.9753
    0.0000   22.5000   37.5000 2806.2573   13.7807
    7.5000   22.5000   37.5000 2798.7859   14.0106
   -7.5000   30.0000   37.5000 2715.7932   14.6856
    0.0000   30.0000   37.5000 2735.0879   14.5154
    7.5000   30.0000   37.5000 2723.2939   14.6986
   -7.5000   37.5000   37.5000 2629.3108   15.6113
    0.0000   37.5000   37.5000 2653.7583   15.5022
    7.5000   37.5000   37.5000 2636.8523   15.6476
   -7.5000   45.0000   37.5000 2522.8821   16.8137
    0.0000   45.0000   37.5000 2546.7354   16.7210
    7.5000   45.0000   37.5000 2529.8438   16.8231
   -7.5000  -45.0000   45.0000 2152.8958   22.5553
    0.0000  -45.0000   45.0000 2161.8423   22.4719
    7.5000  -45.0000   45.0000 2150.5603   22.8826
   -7.5000  -37.5000   45.0000 2280.5967   20.1058
    0.0000  -37.5000   45.0000 2297.8159   19.9453
    7.5000  -37.5000   45.0000 2275.8782   20.2870
   -7.5000  -30.0000   45.0000 2392.5840   18.1717
    0.0000  -30.0000   45.0000 2415.8252   18.0030
    7.5000  -30.0000   45.0000 2395.6396   18.3098
   -7.5000  -22.5000   45.0000 2499.9524   16.7216
    0.0000  -22.5000   45.0000 2525.9534   16.5681
    7.5000  -22.5000   45.0000 2508.7869   16.8708
   -7.5000  -15.0000   45.0000 2598.4597   15.6332
    0.0000  -15.0000   45.0000 2622.9319   15.4494
    7.5000  -15.0000   45.0000 2605.0005   15.7370
   -7.5000   -7.5000   45.0000 2676.2300   14.8636
    0.0000   -7.5000   45.0000 2705.8857   14.6280
    7.5000   -7.5000   45.0000 2689.7073   14.9440
   -7.5000    0.0000   45.0000 2728.9219   14.2937
    0.0000    0.0000   45.0000 2759.9741   14.0869
    7.5000    0.0000   45.0000 2741.5139   14.3578
   -7.5000    7.5000   45.0000 2758.8591   14.1019
    0.0000    7.5000   45.0000 2779.0032   13.9084
    7.5000    7.5000   45.0000 2766.6541   14.1594
   -7.5000   15.0000   45.0000 2741.7695   14.2877
    0.0000   15.0000   45.0000 2760.5564   14.0864
    7.5000   15.0000   45.0000 2751.1907   14.3421
   -7.5000   22.5000   45.0000 2703.2239   14.7425
    0.0000   22.5000   45.0000 2723.4961   14.5560
    7.5000   22.5000   45.0000 2715.6104   14.7933
   -7.5000   30.0000   45.0000 2641.4893   15.4409
    0.0000   30.0000   45.0000 2663.6838   15.3070
    7.5000   30.0000   45.0000 2653.5972   15.4867
   -7.5000   37.5000   45.0000 2562.6487   16.3580
    0.0000   37.5000   45.0000 2588.0269   16.2620
    7.5000   37.5000   45.0000 2570.2603   16.4235
   -7.5000   45.0000   45.0000 2464.8022   17.5979
    0.0000   45.0000   45.0000 2484.8989   17.5135
    7.5000   45.0000   45.0000 2471.6726   17.6308

---------------------------------------------------------------------
imgreg_4dfp /opt/freesurfer/average/711-2C_as_mni_average_305 /opt/freesurfer/average/711-2B_as_mni_average_305_mask talsrcimg_g11 none talsrcimg_to_711-2C_as_mni_average_305_t4 1283
---------------------------------------------------------------------

freesurfer imgreg_4dfp.c
/opt/freesurfer/average/711-2C_as_mni_average_305.4dfp.img
       256       256       256         1
  1.000000  1.000000  1.000000
orientation T byte_order littleendian
Reading image: /opt/freesurfer/average/711-2C_as_mni_average_305.4dfp.img
dimensions:      256       256       256
mmppix:       1.0000   -1.0000   -1.0000
center:     128.0000 -129.0000 -129.0000
/opt/freesurfer/average/711-2B_as_mni_average_305_mask.4dfp.img
       256       256       256         1
  1.000000  1.000000  1.000000
orientation T byte_order littleendian
Reading mask: /opt/freesurfer/average/711-2B_as_mni_average_305_mask.4dfp.img (2306576 pixels)
talsrcimg_g11.4dfp.img
       256       256       256         1
  1.000000  1.000000  1.000000
orientation T byte_order littleendian
Reading image: talsrcimg_g11.4dfp.img
dimensions:      256       256       256
mmppix:       1.0000   -1.0000   -1.0000
center:     128.0000 -129.0000 -129.0000
rotation matrix determinant  1.000000
fimgreg.f
image alignment mode   1283 decimal      503 hex
parameters
    0.0000    7.5000   15.0000    0.0000    0.0000    0.0000
eta,q 0.94360 12.03512
niter,ni,del,rscale     5    3   12.0000    1.2000
parameter  4  1.364072 ->  0.500000 qaram    1.1500
parameter  5  0.573388 ->  0.500000 qaram    1.1500
parameter  6  0.508468 ->  0.500000 qaram    1.1500
parameters
    0.2773    5.9454   14.0915   -3.4500   -3.4500   -3.4500
eta,q 0.94897 11.99237
  0.0660  0.0599  0.0620  0.0540  0.0539  0.0517
  0.0621  0.0581  0.0589  0.0538  0.0521  0.0511
  0.0600  0.0573  0.0575  0.0550  0.0517  0.0511
  0.0584  0.0579  0.0575  0.0574  0.0539  0.0518
  0.0588  0.0594  0.0580  0.0592  0.0569  0.0532
  0.0611  0.0608  0.0618  0.0615  0.0589  0.0552
  0.0651  0.0633  0.0667  0.0641  0.0616  0.0582
niter,ni,del,rscale     7    3   12.0000    1.2000
parameter  4  0.596326 ->  0.500000 qaram    1.3225
parameters
    0.5686    6.9857   13.8908   -7.4175   -4.1651   -3.0908
eta,q 0.95064 12.06115
  0.0623  0.0632  0.0590  0.0511  0.0554  0.0563
  0.0563  0.0558  0.0553  0.0496  0.0520  0.0526
  0.0526  0.0513  0.0521  0.0499  0.0500  0.0505
  0.0510  0.0509  0.0513  0.0513  0.0495  0.0494
  0.0516  0.0517  0.0521  0.0530  0.0513  0.0498
  0.0552  0.0530  0.0555  0.0555  0.0542  0.0517
  0.0602  0.0555  0.0606  0.0573  0.0578  0.0551
niter,ni,del,rscale     7    3   12.0000    1.2000
parameters
    0.6789    9.5544   13.1135   -9.0510   -4.9265   -2.8529
eta,q 0.95504 11.95571
  0.0618  0.0653  0.0549  0.0535  0.0521  0.0546
  0.0553  0.0596  0.0502  0.0485  0.0485  0.0502
  0.0512  0.0536  0.0472  0.0447  0.0459  0.0467
  0.0494  0.0493  0.0474  0.0470  0.0451  0.0450
  0.0497  0.0474  0.0499  0.0509  0.0477  0.0454
  0.0543  0.0484  0.0541  0.0553  0.0512  0.0486
  0.0616  0.0512  0.0591  0.0587  0.0552  0.0541
niter,ni,del,rscale     6    3   12.0000    1.2000
parameters
    1.0754   10.0267   12.8281   -9.4866   -5.1139   -2.7137
eta,q 0.95565 11.94175
  0.0614  0.0606  0.0555  0.0559  0.0529  0.0543
  0.0542  0.0531  0.0501  0.0515  0.0492  0.0496
  0.0481  0.0470  0.0457  0.0459  0.0463  0.0459
  0.0450  0.0447  0.0448  0.0447  0.0443  0.0444
  0.0453  0.0469  0.0474  0.0489  0.0461  0.0450
  0.0511  0.0511  0.0518  0.0533  0.0501  0.0487
  0.0583  0.0556  0.0571  0.0575  0.0538  0.0540
niter,ni,del,rscale     5    3   12.0000    1.2000
parameters
    1.1769   10.1411   12.7546   -9.6272   -5.1614   -2.6766
eta,q 0.95567 11.93916
  0.0601  0.0592  0.0560  0.0565  0.0532  0.0541
  0.0527  0.0518  0.0506  0.0523  0.0495  0.0494
  0.0469  0.0458  0.0459  0.0467  0.0465  0.0457
  0.0444  0.0443  0.0444  0.0444  0.0443  0.0443
  0.0458  0.0475  0.0467  0.0482  0.0458  0.0452
  0.0524  0.0522  0.0510  0.0528  0.0499  0.0489
  0.0591  0.0568  0.0563  0.0570  0.0535  0.0542
niter,ni,del,rscale     4    3   12.0000    1.2000
parameters
    1.2041   10.1711   12.7329   -9.6787   -5.1721   -2.6667
eta,q 0.95568 11.93860
  0.0599  0.0589  0.0561  0.0567  0.0533  0.0540
  0.0523  0.0516  0.0507  0.0526  0.0495  0.0493
  0.0466  0.0455  0.0460  0.0470  0.0466  0.0457
  0.0443  0.0443  0.0443  0.0443  0.0443  0.0443
  0.0461  0.0477  0.0465  0.0480  0.0457  0.0452
  0.0527  0.0525  0.0508  0.0526  0.0498  0.0490
  0.0594  0.0571  0.0561  0.0568  0.0535  0.0543
registration optimization eta report
parameter search radius
    6.0000    6.0000    6.0000    7.9350    6.9000    6.9000
100000*second partial in parameter space
       42.       37.       32.       18.       18.       21.
  0.0599  0.0589  0.0561  0.0567  0.0533  0.0540
  0.0523  0.0516  0.0507  0.0526  0.0495  0.0493
  0.0466  0.0455  0.0460  0.0470  0.0466  0.0457
  0.0443  0.0443  0.0443  0.0443  0.0443  0.0443
  0.0461  0.0477  0.0465  0.0480  0.0457  0.0452
  0.0527  0.0525  0.0508  0.0526  0.0498  0.0490
  0.0594  0.0571  0.0561  0.0568  0.0535  0.0543
    1.2041   10.1711   12.7329   -9.6787   -5.1721   -2.6667
eta,q 0.95568 11.93860

---------------------------------------------------------------------
imgreg_4dfp /opt/freesurfer/average/711-2C_as_mni_average_305 /opt/freesurfer/average/711-2B_as_mni_average_305_mask talsrcimg_g11 none talsrcimg_to_711-2C_as_mni_average_305_t4 3335
---------------------------------------------------------------------

freesurfer imgreg_4dfp.c
/opt/freesurfer/average/711-2C_as_mni_average_305.4dfp.img
       256       256       256         1
  1.000000  1.000000  1.000000
orientation T byte_order littleendian
Reading image: /opt/freesurfer/average/711-2C_as_mni_average_305.4dfp.img
dimensions:      256       256       256
mmppix:       1.0000   -1.0000   -1.0000
center:     128.0000 -129.0000 -129.0000
/opt/freesurfer/average/711-2B_as_mni_average_305_mask.4dfp.img
       256       256       256         1
  1.000000  1.000000  1.000000
orientation T byte_order littleendian
Reading mask: /opt/freesurfer/average/711-2B_as_mni_average_305_mask.4dfp.img (2306576 pixels)
talsrcimg_g11.4dfp.img
       256       256       256         1
  1.000000  1.000000  1.000000
orientation T byte_order littleendian
Reading image: talsrcimg_g11.4dfp.img
dimensions:      256       256       256
mmppix:       1.0000   -1.0000   -1.0000
center:     128.0000 -129.0000 -129.0000
fimgreg.f
image alignment mode   3335 decimal      D07 hex
parameters
    1.2041   10.1711   12.7329   -0.5150   -1.4596   -1.8247
    3.0724    9.6590   -4.6337   16.3806   -9.0147  -16.7438
eta,q 0.95490 12.03174
niter,ni,del,rscale     5    3    5.0000    1.2000
parameter  4 12.490729 ->  0.500000 qaram    1.1500
parameter  5  4.305921 ->  0.500000 qaram    1.1500
parameter  6  0.672273 ->  0.500000 qaram    1.1500
parameters
    1.6343    9.5254   12.5509   -4.6550   -5.5996   -5.9647
    2.3155   10.7385   -2.7579   12.8078   -7.0996  -15.7430
eta,q 0.97494 12.12004
  0.0476  0.0457  0.0465  0.0325  0.0265  0.0284  0.0301  0.0353  0.0303  0.0267  0.0286  0.0273
  0.0465  0.0450  0.0455  0.0354  0.0288  0.0273  0.0283  0.0323  0.0286  0.0255  0.0271  0.0261
  0.0456  0.0448  0.0449  0.0396  0.0324  0.0276  0.0273  0.0292  0.0274  0.0254  0.0259  0.0254
  0.0451  0.0450  0.0448  0.0448  0.0364  0.0297  0.0272  0.0271  0.0267  0.0265  0.0253  0.0251
  0.0450  0.0455  0.0451  0.0499  0.0406  0.0335  0.0279  0.0268  0.0265  0.0287  0.0251  0.0251
  0.0454  0.0462  0.0459  0.0543  0.0450  0.0378  0.0294  0.0288  0.0269  0.0316  0.0255  0.0255
  0.0464  0.0472  0.0471  0.0581  0.0489  0.0422  0.0315  0.0323  0.0279  0.0352  0.0263  0.0263
niter,ni,del,rscale     7    3    5.0000    1.2000
parameter  4  0.642389 ->  0.500000 qaram    1.3225
parameter  5  0.606649 ->  0.500000 qaram    1.3225
parameters
    0.9828    9.8242   12.0681   -9.4160  -10.3606   -5.6393
    2.5911   10.5232   -2.7947   12.9964   -9.3546  -17.8970
eta,q 0.98016 11.96876
  0.0274  0.0290  0.0260  0.0231  0.0213  0.0256  0.0235  0.0258  0.0225  0.0242  0.0205  0.0204
  0.0255  0.0268  0.0249  0.0221  0.0203  0.0236  0.0217  0.0228  0.0211  0.0222  0.0200  0.0200
  0.0247  0.0253  0.0245  0.0221  0.0204  0.0220  0.0205  0.0208  0.0203  0.0208  0.0199  0.0198
  0.0251  0.0247  0.0246  0.0245  0.0220  0.0202  0.0201  0.0201  0.0201  0.0201  0.0201  0.0199
  0.0266  0.0248  0.0252  0.0293  0.0253  0.0200  0.0204  0.0207  0.0204  0.0204  0.0204  0.0203
  0.0292  0.0257  0.0263  0.0354  0.0298  0.0220  0.0214  0.0230  0.0212  0.0218  0.0211  0.0210
  0.0326  0.0273  0.0276  0.0410  0.0338  0.0259  0.0230  0.0268  0.0225  0.0240  0.0219  0.0219
niter,ni,del,rscale     7    3    5.0000    1.2000
parameters
    0.8458   10.2940   11.8811  -10.7862  -11.4386   -5.4603
    2.3766   10.7515   -2.8676   13.5434  -10.4890  -19.3605
eta,q 0.97996 11.90058
  0.0235  0.0242  0.0213  0.0242  0.0248  0.0251  0.0229  0.0259  0.0224  0.0241  0.0209  0.0208
  0.0214  0.0221  0.0203  0.0224  0.0227  0.0233  0.0215  0.0229  0.0212  0.0223  0.0203  0.0203
  0.0202  0.0206  0.0197  0.0210  0.0210  0.0219  0.0205  0.0210  0.0205  0.0210  0.0201  0.0200
  0.0198  0.0198  0.0197  0.0197  0.0202  0.0203  0.0202  0.0202  0.0202  0.0202  0.0202  0.0201
  0.0205  0.0198  0.0201  0.0202  0.0209  0.0201  0.0206  0.0206  0.0205  0.0203  0.0204  0.0204
  0.0221  0.0204  0.0207  0.0239  0.0237  0.0221  0.0217  0.0223  0.0213  0.0214  0.0208  0.0210
  0.0245  0.0218  0.0217  0.0302  0.0287  0.0258  0.0233  0.0254  0.0225  0.0233  0.0214  0.0218
niter,ni,del,rscale     6    3    5.0000    1.2000
parameters
    0.8755   10.4216   11.8731  -10.9844  -11.7822   -5.4473
    2.2515   10.9381   -2.8709   13.8151  -10.7035  -19.6935
eta,q 0.97985 11.88689
  0.0238  0.0234  0.0219  0.0252  0.0252  0.0249  0.0229  0.0258  0.0224  0.0237  0.0213  0.0213
  0.0218  0.0216  0.0208  0.0231  0.0231  0.0232  0.0215  0.0228  0.0212  0.0220  0.0205  0.0206
  0.0205  0.0205  0.0202  0.0215  0.0213  0.0218  0.0205  0.0209  0.0204  0.0208  0.0202  0.0202
  0.0200  0.0200  0.0200  0.0200  0.0201  0.0202  0.0202  0.0202  0.0202  0.0202  0.0202  0.0202
  0.0204  0.0203  0.0203  0.0196  0.0203  0.0201  0.0206  0.0206  0.0204  0.0204  0.0204  0.0203
  0.0216  0.0212  0.0209  0.0220  0.0226  0.0223  0.0216  0.0223  0.0212  0.0215  0.0208  0.0208
  0.0237  0.0227  0.0218  0.0274  0.0272  0.0260  0.0231  0.0253  0.0224  0.0234  0.0213  0.0215
niter,ni,del,rscale     5    3    5.0000    1.2000
parameters
    0.8926   10.4698   11.8822  -10.9598  -11.8554   -5.4229
    2.2445   10.9885   -2.8675   13.8928  -10.7359  -19.7547
eta,q 0.97986 11.88814
  0.0238  0.0232  0.0220  0.0254  0.0254  0.0249  0.0230  0.0256  0.0224  0.0235  0.0214  0.0214
  0.0219  0.0215  0.0209  0.0233  0.0232  0.0232  0.0215  0.0227  0.0212  0.0218  0.0206  0.0207
  0.0206  0.0205  0.0203  0.0217  0.0214  0.0218  0.0205  0.0208  0.0204  0.0207  0.0202  0.0202
  0.0201  0.0201  0.0201  0.0201  0.0201  0.0202  0.0201  0.0201  0.0201  0.0201  0.0201  0.0201
  0.0205  0.0205  0.0204  0.0195  0.0202  0.0200  0.0205  0.0207  0.0204  0.0205  0.0204  0.0203
  0.0217  0.0215  0.0210  0.0217  0.0222  0.0223  0.0215  0.0224  0.0212  0.0216  0.0207  0.0207
  0.0238  0.0229  0.0219  0.0270  0.0267  0.0260  0.0230  0.0256  0.0224  0.0235  0.0213  0.0214
niter,ni,del,rscale     4    3    5.0000    1.2000
parameters
    0.8962   10.4838   11.8958  -10.9542  -11.8775   -5.4038
    2.2435   10.9985   -2.8712   13.9128  -10.7434  -19.7666
eta,q 0.97987 11.88877
  0.0238  0.0231  0.0220  0.0254  0.0254  0.0249  0.0230  0.0255  0.0224  0.0234  0.0214  0.0214
  0.0218  0.0214  0.0209  0.0233  0.0232  0.0232  0.0215  0.0226  0.0211  0.0218  0.0206  0.0207
  0.0206  0.0204  0.0203  0.0217  0.0214  0.0218  0.0205  0.0208  0.0204  0.0206  0.0202  0.0202
  0.0201  0.0201  0.0201  0.0201  0.0201  0.0201  0.0201  0.0201  0.0201  0.0201  0.0201  0.0201
  0.0205  0.0205  0.0204  0.0195  0.0202  0.0200  0.0205  0.0207  0.0204  0.0205  0.0204  0.0203
  0.0218  0.0215  0.0210  0.0218  0.0221  0.0223  0.0215  0.0225  0.0212  0.0216  0.0207  0.0207
  0.0238  0.0229  0.0219  0.0270  0.0266  0.0260  0.0230  0.0256  0.0224  0.0235  0.0212  0.0214
registration optimization eta report
parameter search radius
    2.4000    2.4000    2.4000    9.5220    9.5220    8.2800
    7.2000    7.2000    7.2000    7.2000    7.2000    7.2000
100000*second partial in parameter space
       64.       50.       31.        7.        6.        8.
        5.       11.        4.        6.        2.        2.
  0.0238  0.0231  0.0220  0.0254  0.0254  0.0249  0.0230  0.0255  0.0224  0.0234  0.0214  0.0214
  0.0218  0.0214  0.0209  0.0233  0.0232  0.0232  0.0215  0.0226  0.0211  0.0218  0.0206  0.0207
  0.0206  0.0204  0.0203  0.0217  0.0214  0.0218  0.0205  0.0208  0.0204  0.0206  0.0202  0.0202
  0.0201  0.0201  0.0201  0.0201  0.0201  0.0201  0.0201  0.0201  0.0201  0.0201  0.0201  0.0201
  0.0205  0.0205  0.0204  0.0195  0.0202  0.0200  0.0205  0.0207  0.0204  0.0205  0.0204  0.0203
  0.0218  0.0215  0.0210  0.0218  0.0221  0.0223  0.0215  0.0225  0.0212  0.0216  0.0207  0.0207
  0.0238  0.0229  0.0219  0.0270  0.0266  0.0260  0.0230  0.0256  0.0224  0.0235  0.0212  0.0214
    0.8962   10.4838   11.8958  -10.9542  -11.8775   -5.4038
    2.2435   10.9985   -2.8712   13.9128  -10.7434  -19.7666
eta,q 0.97987 11.88877

---------------------------------------------------------------------
imgreg_4dfp /opt/freesurfer/average/711-2C_as_mni_average_305 /opt/freesurfer/average/711-2B_as_mni_average_305_mask talsrcimg_g11 none talsrcimg_to_711-2C_as_mni_average_305_t4 2311
---------------------------------------------------------------------

freesurfer imgreg_4dfp.c
/opt/freesurfer/average/711-2C_as_mni_average_305.4dfp.img
       256       256       256         1
  1.000000  1.000000  1.000000
orientation T byte_order littleendian
Reading image: /opt/freesurfer/average/711-2C_as_mni_average_305.4dfp.img
dimensions:      256       256       256
mmppix:       1.0000   -1.0000   -1.0000
center:     128.0000 -129.0000 -129.0000
/opt/freesurfer/average/711-2B_as_mni_average_305_mask.4dfp.img
       256       256       256         1
  1.000000  1.000000  1.000000
orientation T byte_order littleendian
Reading mask: /opt/freesurfer/average/711-2B_as_mni_average_305_mask.4dfp.img (2306576 pixels)
talsrcimg_g11.4dfp.img
       256       256       256         1
  1.000000  1.000000  1.000000
orientation T byte_order littleendian
Reading image: talsrcimg_g11.4dfp.img
dimensions:      256       256       256
mmppix:       1.0000   -1.0000   -1.0000
center:     128.0000 -129.0000 -129.0000
fimgreg.f
image alignment mode   2311 decimal      907 hex
parameters
    0.8962   10.4838   11.8958  -10.9542  -11.8775   -5.4038
    2.2435   10.9985   -2.8712   13.9128  -10.7434  -19.7666
eta,q 0.97987 11.88877
niter,ni,del,rscale     5    3    5.0000    0.8000
parameter  4 -0.505137 -> -0.500000 qaram    1.1500
parameters
    0.9181   10.4386   11.8347   -8.1942  -10.9552   -5.0753
    1.9922   11.3510   -2.8046   13.9717   -9.9527  -18.9820
eta,q 0.98075 12.02245
  0.0218  0.0214  0.0209  0.0224  0.0216  0.0222  0.0209  0.0233  0.0206  0.0212  0.0206  0.0202
  0.0209  0.0207  0.0204  0.0217  0.0207  0.0212  0.0199  0.0214  0.0198  0.0202  0.0199  0.0197
  0.0203  0.0202  0.0202  0.0209  0.0200  0.0202  0.0194  0.0200  0.0194  0.0195  0.0195  0.0194
  0.0201  0.0201  0.0201  0.0201  0.0195  0.0194  0.0193  0.0193  0.0193  0.0193  0.0193  0.0193
  0.0203  0.0203  0.0203  0.0196  0.0194  0.0194  0.0196  0.0195  0.0194  0.0195  0.0193  0.0193
  0.0208  0.0208  0.0206  0.0196  0.0197  0.0203  0.0202  0.0205  0.0198  0.0201  0.0195  0.0194
  0.0218  0.0215  0.0210  0.0203  0.0206  0.0220  0.0212  0.0224  0.0205  0.0211  0.0199  0.0197
niter,ni,del,rscale     5    3    5.0000    0.8000
parameters
    0.8707   10.4499   12.1513   -9.2191  -10.8204   -4.4069
    2.3208   11.1003   -2.9648   13.8916  -10.1269  -18.8411
eta,q 0.98085 12.02123
  0.0214  0.0207  0.0206  0.0213  0.0211  0.0223  0.0210  0.0222  0.0203  0.0210  0.0200  0.0198
  0.0201  0.0199  0.0199  0.0204  0.0203  0.0213  0.0200  0.0205  0.0196  0.0200  0.0194  0.0194
  0.0194  0.0194  0.0195  0.0196  0.0196  0.0202  0.0194  0.0195  0.0193  0.0194  0.0192  0.0192
  0.0192  0.0192  0.0192  0.0192  0.0193  0.0193  0.0192  0.0192  0.0192  0.0192  0.0192  0.0191
  0.0196  0.0194  0.0192  0.0198  0.0194  0.0192  0.0193  0.0196  0.0193  0.0194  0.0193  0.0192
  0.0204  0.0199  0.0194  0.0217  0.0200  0.0198  0.0197  0.0209  0.0197  0.0201  0.0196  0.0194
  0.0216  0.0207  0.0198  0.0247  0.0211  0.0214  0.0206  0.0230  0.0204  0.0212  0.0200  0.0197
niter,ni,del,rscale     4    3    5.0000    0.7000
parameters
    0.8732   10.4587   12.3651   -9.3192  -10.8130   -4.0652
    2.3145   11.1387   -2.9793   13.9322  -10.2746  -18.6901
eta,q 0.98091 12.02907
  0.0208  0.0203  0.0201  0.0212  0.0205  0.0216  0.0203  0.0218  0.0200  0.0206  0.0197  0.0196
  0.0199  0.0197  0.0196  0.0205  0.0199  0.0207  0.0197  0.0204  0.0195  0.0198  0.0193  0.0193
  0.0193  0.0193  0.0193  0.0197  0.0194  0.0197  0.0192  0.0194  0.0192  0.0193  0.0191  0.0191
  0.0191  0.0191  0.0191  0.0191  0.0191  0.0191  0.0191  0.0191  0.0191  0.0191  0.0191  0.0191
  0.0193  0.0193  0.0192  0.0192  0.0193  0.0192  0.0192  0.0194  0.0192  0.0192  0.0192  0.0191
  0.0199  0.0197  0.0193  0.0201  0.0197  0.0198  0.0197  0.0202  0.0195  0.0198  0.0195  0.0193
  0.0207  0.0202  0.0196  0.0220  0.0206  0.0213  0.0203  0.0217  0.0200  0.0206  0.0198  0.0195
niter,ni,del,rscale     3    3    5.0000    0.6000
parameters
    0.8927   10.4758   12.5239   -9.1701  -10.8266   -3.8362
    2.2999   11.2047   -2.9845   13.9659  -10.2950  -18.5076
eta,q 0.98098 12.03913
  0.0203  0.0200  0.0198  0.0209  0.0201  0.0211  0.0200  0.0211  0.0197  0.0202  0.0196  0.0194
  0.0196  0.0195  0.0194  0.0202  0.0196  0.0202  0.0194  0.0200  0.0193  0.0196  0.0192  0.0192
  0.0192  0.0192  0.0192  0.0195  0.0192  0.0194  0.0191  0.0193  0.0191  0.0192  0.0191  0.0191
  0.0191  0.0191  0.0191  0.0191  0.0191  0.0191  0.0190  0.0190  0.0190  0.0190  0.0190  0.0190
  0.0192  0.0192  0.0191  0.0191  0.0192  0.0191  0.0191  0.0192  0.0191  0.0191  0.0191  0.0191
  0.0196  0.0195  0.0192  0.0197  0.0195  0.0197  0.0195  0.0199  0.0193  0.0195  0.0193  0.0192
  0.0202  0.0199  0.0195  0.0210  0.0202  0.0208  0.0200  0.0210  0.0197  0.0202  0.0195  0.0193
niter,ni,del,rscale     2    3    5.0000    0.5000
parameters
    0.9042   10.4916   12.6520   -9.0013  -10.8235   -3.6695
    2.3055   11.2444   -2.9874   13.9785  -10.2717  -18.3110
eta,q 0.98102 12.04735
  0.0199  0.0196  0.0195  0.0204  0.0198  0.0205  0.0197  0.0205  0.0195  0.0198  0.0194  0.0193
  0.0194  0.0193  0.0193  0.0199  0.0194  0.0198  0.0193  0.0197  0.0192  0.0194  0.0191  0.0191
  0.0191  0.0191  0.0191  0.0193  0.0191  0.0193  0.0191  0.0192  0.0190  0.0191  0.0190  0.0190
  0.0190  0.0190  0.0190  0.0190  0.0190  0.0190  0.0190  0.0190  0.0190  0.0190  0.0190  0.0190
  0.0191  0.0191  0.0190  0.0190  0.0191  0.0191  0.0191  0.0191  0.0190  0.0191  0.0190  0.0190
  0.0194  0.0193  0.0191  0.0195  0.0193  0.0195  0.0193  0.0196  0.0192  0.0194  0.0192  0.0191
  0.0198  0.0196  0.0193  0.0204  0.0198  0.0203  0.0197  0.0204  0.0195  0.0198  0.0193  0.0192
niter,ni,del,rscale     1    3    5.0000    0.4000
parameters
    0.9161   10.5007   12.7540   -8.8571  -10.8382   -3.5570
    2.3167   11.2633   -2.9888   13.9822  -10.2326  -18.1304
eta,q 0.98104 12.05234
  0.0196  0.0194  0.0193  0.0200  0.0195  0.0200  0.0194  0.0199  0.0193  0.0195  0.0192  0.0191
  0.0192  0.0192  0.0191  0.0195  0.0192  0.0195  0.0192  0.0194  0.0191  0.0192  0.0191  0.0191
  0.0191  0.0190  0.0190  0.0192  0.0190  0.0191  0.0190  0.0191  0.0190  0.0190  0.0190  0.0190
  0.0190  0.0190  0.0190  0.0190  0.0190  0.0190  0.0190  0.0190  0.0190  0.0190  0.0190  0.0190
  0.0190  0.0190  0.0190  0.0190  0.0190  0.0190  0.0190  0.0191  0.0190  0.0190  0.0190  0.0190
  0.0192  0.0192  0.0191  0.0193  0.0192  0.0193  0.0192  0.0194  0.0191  0.0192  0.0191  0.0190
  0.0195  0.0194  0.0192  0.0199  0.0195  0.0199  0.0194  0.0199  0.0193  0.0195  0.0192  0.0191
registration optimization eta report
parameter search radius
    0.8000    0.8000    0.8000    2.7600    2.4000    2.4000
    2.4000    2.4000    2.4000    2.4000    2.4000    2.4000
100000*second partial in parameter space
       87.       62.       40.       13.        9.       17.
        8.       17.        6.       10.        4.        3.
  0.0196  0.0194  0.0193  0.0200  0.0195  0.0200  0.0194  0.0199  0.0193  0.0195  0.0192  0.0191
  0.0192  0.0192  0.0191  0.0195  0.0192  0.0195  0.0192  0.0194  0.0191  0.0192  0.0191  0.0191
  0.0191  0.0190  0.0190  0.0192  0.0190  0.0191  0.0190  0.0191  0.0190  0.0190  0.0190  0.0190
  0.0190  0.0190  0.0190  0.0190  0.0190  0.0190  0.0190  0.0190  0.0190  0.0190  0.0190  0.0190
  0.0190  0.0190  0.0190  0.0190  0.0190  0.0190  0.0190  0.0191  0.0190  0.0190  0.0190  0.0190
  0.0192  0.0192  0.0191  0.0193  0.0192  0.0193  0.0192  0.0194  0.0191  0.0192  0.0191  0.0190
  0.0195  0.0194  0.0192  0.0199  0.0195  0.0199  0.0194  0.0199  0.0193  0.0195  0.0192  0.0191
    0.9161   10.5007   12.7540   -8.8571  -10.8382   -3.5570
    2.3167   11.2633   -2.9888   13.9822  -10.2326  -18.1304
eta,q 0.98104 12.05234

---------------------------------------------------------------------
imgreg_4dfp /opt/freesurfer/average/711-2C_as_mni_average_305 /opt/freesurfer/average/711-2B_as_mni_average_305_mask talsrcimg_g11 none talsrcimg_to_711-2C_as_mni_average_305_t4 2311
---------------------------------------------------------------------

freesurfer imgreg_4dfp.c
/opt/freesurfer/average/711-2C_as_mni_average_305.4dfp.img
       256       256       256         1
  1.000000  1.000000  1.000000
orientation T byte_order littleendian
Reading image: /opt/freesurfer/average/711-2C_as_mni_average_305.4dfp.img
dimensions:      256       256       256
mmppix:       1.0000   -1.0000   -1.0000
center:     128.0000 -129.0000 -129.0000
/opt/freesurfer/average/711-2B_as_mni_average_305_mask.4dfp.img
       256       256       256         1
  1.000000  1.000000  1.000000
orientation T byte_order littleendian
Reading mask: /opt/freesurfer/average/711-2B_as_mni_average_305_mask.4dfp.img (2306576 pixels)
talsrcimg_g11.4dfp.img
       256       256       256         1
  1.000000  1.000000  1.000000
orientation T byte_order littleendian
Reading image: talsrcimg_g11.4dfp.img
dimensions:      256       256       256
mmppix:       1.0000   -1.0000   -1.0000
center:     128.0000 -129.0000 -129.0000
fimgreg.f
image alignment mode   2311 decimal      907 hex
parameters
    0.9161   10.5007   12.7540   -8.8571  -10.8382   -3.5570
    2.3167   11.2633   -2.9888   13.9822  -10.2326  -18.1304
eta,q 0.98104 12.05233
niter,ni,del,rscale     5    3    5.0000    0.8000
parameters
    0.9297   10.5144   12.8067   -9.3882  -11.0459   -3.8360
    2.4316   11.1567   -2.9931   13.9098  -10.2005  -18.3225
eta,q 0.98091 12.02628
  0.0212  0.0205  0.0201  0.0209  0.0207  0.0218  0.0207  0.0222  0.0203  0.0210  0.0200  0.0196
  0.0200  0.0197  0.0195  0.0201  0.0199  0.0207  0.0198  0.0205  0.0196  0.0200  0.0194  0.0193
  0.0192  0.0191  0.0191  0.0194  0.0193  0.0196  0.0193  0.0194  0.0192  0.0193  0.0191  0.0192
  0.0190  0.0190  0.0190  0.0190  0.0190  0.0190  0.0191  0.0191  0.0191  0.0191  0.0191  0.0191
  0.0192  0.0191  0.0190  0.0192  0.0192  0.0193  0.0192  0.0195  0.0192  0.0193  0.0192  0.0191
  0.0199  0.0196  0.0194  0.0205  0.0199  0.0207  0.0198  0.0207  0.0196  0.0200  0.0195  0.0194
  0.0211  0.0204  0.0199  0.0226  0.0212  0.0231  0.0206  0.0226  0.0203  0.0211  0.0199  0.0198
niter,ni,del,rscale     4    3    5.0000    0.7000
parameters
    0.9394   10.4957   12.6585   -9.1709  -10.9274   -3.8592
    2.3623   11.1951   -2.9837   13.9264  -10.1811  -18.3747
eta,q 0.98097 12.03530
  0.0207  0.0202  0.0197  0.0209  0.0205  0.0214  0.0202  0.0217  0.0200  0.0206  0.0197  0.0195
  0.0198  0.0196  0.0193  0.0202  0.0198  0.0204  0.0196  0.0203  0.0195  0.0198  0.0193  0.0192
  0.0193  0.0192  0.0191  0.0196  0.0193  0.0195  0.0192  0.0194  0.0191  0.0193  0.0191  0.0191
  0.0191  0.0191  0.0191  0.0191  0.0190  0.0190  0.0190  0.0190  0.0190  0.0190  0.0190  0.0190
  0.0193  0.0192  0.0192  0.0190  0.0191  0.0192  0.0192  0.0193  0.0191  0.0192  0.0191  0.0191
  0.0198  0.0196  0.0195  0.0196  0.0196  0.0201  0.0196  0.0202  0.0195  0.0197  0.0193  0.0192
  0.0206  0.0202  0.0200  0.0209  0.0205  0.0218  0.0203  0.0217  0.0200  0.0206  0.0197  0.0195
niter,ni,del,rscale     3    3    5.0000    0.6000
parameters
    0.9225   10.4931   12.6565   -9.0025  -10.8774   -3.7628
    2.3354   11.2092   -2.9866   13.9532  -10.1816  -18.3333
eta,q 0.98100 12.04328
  0.0202  0.0199  0.0196  0.0205  0.0201  0.0210  0.0199  0.0210  0.0197  0.0202  0.0195  0.0193
  0.0195  0.0194  0.0193  0.0199  0.0196  0.0201  0.0194  0.0200  0.0193  0.0196  0.0192  0.0192
  0.0192  0.0191  0.0191  0.0194  0.0192  0.0194  0.0191  0.0192  0.0191  0.0192  0.0190  0.0190
  0.0190  0.0190  0.0190  0.0190  0.0190  0.0190  0.0190  0.0190  0.0190  0.0190  0.0190  0.0190
  0.0192  0.0191  0.0191  0.0190  0.0191  0.0191  0.0191  0.0192  0.0191  0.0191  0.0191  0.0190
  0.0196  0.0194  0.0193  0.0195  0.0194  0.0197  0.0194  0.0199  0.0193  0.0195  0.0192  0.0191
  0.0203  0.0199  0.0196  0.0205  0.0201  0.0210  0.0200  0.0211  0.0197  0.0202  0.0195  0.0193
niter,ni,del,rscale     2    3    5.0000    0.5000
parameters
    0.9145   10.4965   12.7129   -8.8749  -10.8507   -3.6492
    2.3241   11.2313   -2.9841   13.9602  -10.1812  -18.2055
eta,q 0.98103 12.04941
  0.0198  0.0196  0.0194  0.0201  0.0197  0.0205  0.0196  0.0205  0.0195  0.0198  0.0194  0.0192
  0.0194  0.0193  0.0192  0.0196  0.0194  0.0198  0.0193  0.0197  0.0192  0.0194  0.0191  0.0191
  0.0191  0.0191  0.0191  0.0192  0.0191  0.0192  0.0190  0.0192  0.0190  0.0191  0.0190  0.0190
  0.0190  0.0190  0.0190  0.0190  0.0190  0.0190  0.0190  0.0190  0.0190  0.0190  0.0190  0.0190
  0.0191  0.0191  0.0190  0.0190  0.0190  0.0191  0.0191  0.0191  0.0190  0.0191  0.0190  0.0190
  0.0194  0.0193  0.0191  0.0194  0.0193  0.0195  0.0193  0.0196  0.0192  0.0193  0.0191  0.0191
  0.0199  0.0196  0.0193  0.0201  0.0198  0.0204  0.0196  0.0204  0.0195  0.0198  0.0193  0.0192
niter,ni,del,rscale     1    3    5.0000    0.4000
parameters
    0.9168   10.4995   12.7826   -8.7662  -10.8435   -3.5557
    2.3266   11.2441   -2.9877   13.9761  -10.1642  -18.0567
eta,q 0.98105 12.05381
  0.0195  0.0194  0.0193  0.0198  0.0195  0.0200  0.0194  0.0199  0.0193  0.0195  0.0192  0.0191
  0.0192  0.0191  0.0191  0.0194  0.0192  0.0195  0.0192  0.0194  0.0191  0.0192  0.0191  0.0190
  0.0190  0.0190  0.0190  0.0191  0.0190  0.0191  0.0190  0.0191  0.0190  0.0190  0.0190  0.0190
  0.0190  0.0190  0.0190  0.0190  0.0190  0.0190  0.0190  0.0190  0.0190  0.0190  0.0190  0.0190
  0.0190  0.0190  0.0190  0.0190  0.0190  0.0190  0.0190  0.0191  0.0190  0.0190  0.0190  0.0190
  0.0192  0.0191  0.0191  0.0192  0.0192  0.0193  0.0192  0.0194  0.0191  0.0192  0.0191  0.0190
  0.0195  0.0194  0.0192  0.0197  0.0195  0.0199  0.0194  0.0199  0.0193  0.0195  0.0192  0.0191
registration optimization eta report
parameter search radius
    0.8000    0.8000    0.8000    2.4000    2.4000    2.4000
    2.4000    2.4000    2.4000    2.4000    2.4000    2.4000
100000*second partial in parameter space
       87.       61.       40.       13.        9.       17.
        8.       17.        6.       10.        4.        3.
  0.0195  0.0194  0.0193  0.0198  0.0195  0.0200  0.0194  0.0199  0.0193  0.0195  0.0192  0.0191
  0.0192  0.0191  0.0191  0.0194  0.0192  0.0195  0.0192  0.0194  0.0191  0.0192  0.0191  0.0190
  0.0190  0.0190  0.0190  0.0191  0.0190  0.0191  0.0190  0.0191  0.0190  0.0190  0.0190  0.0190
  0.0190  0.0190  0.0190  0.0190  0.0190  0.0190  0.0190  0.0190  0.0190  0.0190  0.0190  0.0190
  0.0190  0.0190  0.0190  0.0190  0.0190  0.0190  0.0190  0.0191  0.0190  0.0190  0.0190  0.0190
  0.0192  0.0191  0.0191  0.0192  0.0192  0.0193  0.0192  0.0194  0.0191  0.0192  0.0191  0.0190
  0.0195  0.0194  0.0192  0.0197  0.0195  0.0199  0.0194  0.0199  0.0193  0.0195  0.0192  0.0191
    0.9168   10.4995   12.7826   -8.7662  -10.8435   -3.5557
    2.3266   11.2441   -2.9877   13.9761  -10.1642  -18.0567
eta,q 0.98105 12.05381

---------------------------------------------------------------------
compute_vox2vox talsrcimg talsrcimg_to_711-2C_as_mni_average_305_t4 /opt/freesurfer/average/711-2C_as_mni_average_305
---------------------------------------------------------------------

freesurfer compute_vox2vox.c
Reading: talsrcimg.4dfp.ifh
Reading: talsrcimg_to_711-2C_as_mni_average_305_t4
Reading: /opt/freesurfer/average/711-2C_as_mni_average_305.4dfp.ifh
Writing: talsrcimg_to_711-2C_as_mni_average_305_t4_vox2vox.txt

start time Wed Mar 11 14:15:08 CET 2026
end		time Wed Mar 11 14:15:23 CET 2026

mpr2mni305 success

avi2talxfm orig_nu.mgz /opt/freesurfer/average/mni305.cor.mgz talsrcimg_to_711-2C_as_mni_average_305_t4_vox2vox.txt transforms/talairach.auto.xfm
avi2talxfm done
mv -f /out/sourcedata/freesurfer/sub-v2s18x29515_ses-1/mri/talsrcimg_to_711-2C_as_mni_average_305_t4_vox2vox.txt /out/sourcedata/freesurfer/sub-v2s18x29515_ses-1/mri/transforms/talsrcimg_to_711-2C_as_mni_average_305_t4_vox2vox.txt
lta_convert --src orig_nu.mgz --trg /opt/freesurfer/average/mni305.cor.mgz --inxfm transforms/talairach.auto.xfm --outlta transforms/talairach.auto.xfm.lta --subject fsaverage
7.3.2

--src: orig_nu.mgz src image (geometry).
--trg: /opt/freesurfer/average/mni305.cor.mgz trg image (geometry).
--inmni: transforms/talairach.auto.xfm input MNI/XFM transform.
--outlta: transforms/talairach.auto.xfm.lta output LTA.
--s: fsaverage subject name
 LTA read, type : 1
 1.08117  -0.11848  -0.05221   10.62149;
 0.11728   0.99445   0.19834  -45.82565;
 0.01784  -0.15986   1.08878  -4.95409;
 0.00000   0.00000   0.00000   1.00000;
setting subject to fsaverage
Writing  LTA to file transforms/talairach.auto.xfm.lta...
lta_convert successful.
 
 
Started at Wed Mar 11 14:15:08 CET 2026
Ended   at Wed Mar 11 14:15:23 CET 2026
talairach_avi done
