status file for recon-all
Wed Mar 11 16:34:30 CET 2026
#@# Tessellate rh Wed Mar 11 16:34:30 CET 2026
#@# Smooth1 rh Wed Mar 11 16:34:33 CET 2026
#@# Inflation1 rh Wed Mar 11 16:34:36 CET 2026
#@# QSphere rh Wed Mar 11 16:34:52 CET 2026
#@# Fix Topology rh Wed Mar 11 16:36:27 CET 2026
#@# Smooth2 rh Wed Mar 11 16:41:43 CET 2026
#@# Inflation2 rh Wed Mar 11 16:41:46 CET 2026
#@# Curv .H and .K rh Wed Mar 11 16:42:01 CET 2026
#@# Sphere rh Wed Mar 11 16:42:46 CET 2026
#@# Surf Reg rh Wed Mar 11 16:47:29 CET 2026
#@# Jacobian white rh Wed Mar 11 16:52:22 CET 2026
#@# AvgCurv rh Wed Mar 11 16:52:23 CET 2026
#@# Cortical Parc rh Wed Mar 11 16:52:24 CET 2026
#@# white curv rh Wed Mar 11 16:58:50 CET 2026
#@# white area rh Wed Mar 11 16:58:52 CET 2026
#@# pial curv rh Wed Mar 11 16:58:53 CET 2026
#@# pial area rh Wed Mar 11 16:58:54 CET 2026
#@# thickness rh Wed Mar 11 16:58:55 CET 2026
#@# area and vertex vol rh Wed Mar 11 16:59:24 CET 2026
#@# Curvature Stats rh Wed Mar 11 16:59:25 CET 2026
#@# Cortical Parc 2 rh Wed Mar 11 16:59:28 CET 2026
#@# Cortical Parc 3 rh Wed Mar 11 16:59:42 CET 2026
#@# WM/GM Contrast rh Wed Mar 11 16:59:52 CET 2026
recon-all -s sub-v2s18x29518_ses-1 finished without error at Wed Mar 11 16:59:57 CET 2026



#New# invocation of recon-all 



status file for recon-all
Wed Mar 11 17:08:10 CET 2026
#@# white curv rh Wed Mar 11 17:08:10 CET 2026
#@# white area rh Wed Mar 11 17:08:10 CET 2026
#@# pial curv rh Wed Mar 11 17:08:10 CET 2026
#@# pial area rh Wed Mar 11 17:08:10 CET 2026
#@# thickness rh Wed Mar 11 17:08:10 CET 2026
#@# area and vertex vol rh Wed Mar 11 17:08:10 CET 2026
#@# Parcellation Stats rh Wed Mar 11 17:08:10 CET 2026
#@# Parcellation Stats 2 rh Wed Mar 11 17:08:29 CET 2026
#@# Parcellation Stats 3 rh Wed Mar 11 17:08:38 CET 2026
#@# BA_exvivo Labels rh Wed Mar 11 17:08:48 CET 2026
recon-all -s sub-v2s18x29518_ses-1 finished without error at Wed Mar 11 17:11:28 CET 2026
