status file for recon-all
Wed Mar 11 16:12:51 CET 2026
#@# Tessellate lh Wed Mar 11 16:12:52 CET 2026
#@# Smooth1 lh Wed Mar 11 16:12:55 CET 2026
#@# Inflation1 lh Wed Mar 11 16:12:58 CET 2026
#@# QSphere lh Wed Mar 11 16:13:12 CET 2026
#@# Fix Topology lh Wed Mar 11 16:14:38 CET 2026
#@# Smooth2 lh Wed Mar 11 16:19:50 CET 2026
#@# Inflation2 lh Wed Mar 11 16:19:53 CET 2026
#@# Curv .H and .K lh Wed Mar 11 16:20:08 CET 2026
#@# Sphere lh Wed Mar 11 16:20:54 CET 2026
#@# Surf Reg lh Wed Mar 11 16:23:14 CET 2026
#@# Jacobian white lh Wed Mar 11 16:27:03 CET 2026
#@# AvgCurv lh Wed Mar 11 16:27:04 CET 2026
#@# Cortical Parc lh Wed Mar 11 16:27:05 CET 2026
#@# white curv lh Wed Mar 11 16:33:22 CET 2026
#@# white area lh Wed Mar 11 16:33:24 CET 2026
#@# pial curv lh Wed Mar 11 16:33:24 CET 2026
#@# pial area lh Wed Mar 11 16:33:26 CET 2026
#@# thickness lh Wed Mar 11 16:33:27 CET 2026
#@# area and vertex vol lh Wed Mar 11 16:33:56 CET 2026
#@# Curvature Stats lh Wed Mar 11 16:33:58 CET 2026
#@# Cortical Parc 2 lh Wed Mar 11 16:34:00 CET 2026
#@# Cortical Parc 3 lh Wed Mar 11 16:34:13 CET 2026
#@# WM/GM Contrast lh Wed Mar 11 16:34:23 CET 2026
recon-all -s sub-v2s18x29518_ses-1 finished without error at Wed Mar 11 16:34:28 CET 2026



#New# invocation of recon-all 



status file for recon-all
Wed Mar 11 17:04:48 CET 2026
#@# white curv lh Wed Mar 11 17:04:48 CET 2026
#@# white area lh Wed Mar 11 17:04:48 CET 2026
#@# pial curv lh Wed Mar 11 17:04:48 CET 2026
#@# pial area lh Wed Mar 11 17:04:48 CET 2026
#@# thickness lh Wed Mar 11 17:04:48 CET 2026
#@# area and vertex vol lh Wed Mar 11 17:04:48 CET 2026
#@# Parcellation Stats lh Wed Mar 11 17:04:48 CET 2026
#@# Parcellation Stats 2 lh Wed Mar 11 17:05:07 CET 2026
#@# Parcellation Stats 3 lh Wed Mar 11 17:05:16 CET 2026
#@# BA_exvivo Labels lh Wed Mar 11 17:05:26 CET 2026
recon-all -s sub-v2s18x29518_ses-1 finished without error at Wed Mar 11 17:08:08 CET 2026
