status file for recon-all
Wed Mar 11 14:21:36 CET 2026
#@# MotionCor Wed Mar 11 14:21:43 CET 2026
#@# Talairach Wed Mar 11 14:22:05 CET 2026
#@# Talairach Failure Detection Wed Mar 11 14:26:34 CET 2026
#@# Nu Intensity Correction Wed Mar 11 14:26:34 CET 2026
#@# Intensity Normalization Wed Mar 11 14:29:51 CET 2026
recon-all -s sub-v2s18x29518_ses-1 finished without error at Wed Mar 11 14:31:31 CET 2026



#New# invocation of recon-all 



status file for recon-all
Wed Mar 11 14:42:59 CET 2026
#@# EM Registration Wed Mar 11 14:42:59 CET 2026
recon-all -s sub-v2s18x29518_ses-1 finished without error at Wed Mar 11 14:45:01 CET 2026



#New# invocation of recon-all 



status file for recon-all
Wed Mar 11 14:45:03 CET 2026
#@# CA Normalize Wed Mar 11 14:45:03 CET 2026
#@# CA Reg Wed Mar 11 14:46:26 CET 2026
#@# SubCort Seg Wed Mar 11 15:38:54 CET 2026
#@# CC Seg Wed Mar 11 16:06:54 CET 2026
#@# Merge ASeg Wed Mar 11 16:07:31 CET 2026
#@# Intensity Normalization2 Wed Mar 11 16:07:31 CET 2026
#@# Mask BFS Wed Mar 11 16:09:50 CET 2026
#@# WM Segmentation Wed Mar 11 16:09:51 CET 2026
#@# Fill Wed Mar 11 16:11:44 CET 2026
recon-all -s sub-v2s18x29518_ses-1 finished without error at Wed Mar 11 16:12:47 CET 2026



#New# invocation of recon-all 



status file for recon-all
Wed Mar 11 17:00:06 CET 2026
#@# white curv lh Wed Mar 11 17:00:06 CET 2026
#@# white area lh Wed Mar 11 17:00:06 CET 2026
#@# pial curv lh Wed Mar 11 17:00:06 CET 2026
#@# pial area lh Wed Mar 11 17:00:06 CET 2026
#@# thickness lh Wed Mar 11 17:00:06 CET 2026
#@# area and vertex vol lh Wed Mar 11 17:00:06 CET 2026
#@# white curv rh Wed Mar 11 17:00:06 CET 2026
#@# white area rh Wed Mar 11 17:00:06 CET 2026
#@# pial curv rh Wed Mar 11 17:00:06 CET 2026
#@# pial area rh Wed Mar 11 17:00:06 CET 2026
#@# thickness rh Wed Mar 11 17:00:06 CET 2026
#@# area and vertex vol rh Wed Mar 11 17:00:06 CET 2026
#@# Cortical ribbon mask Wed Mar 11 17:00:06 CET 2026
recon-all -s sub-v2s18x29518_ses-1 finished without error at Wed Mar 11 17:04:44 CET 2026



#New# invocation of recon-all 



status file for recon-all
Wed Mar 11 17:11:32 CET 2026
#@# white curv lh Wed Mar 11 17:11:32 CET 2026
#@# white area lh Wed Mar 11 17:11:32 CET 2026
#@# pial curv lh Wed Mar 11 17:11:32 CET 2026
#@# pial area lh Wed Mar 11 17:11:32 CET 2026
#@# thickness lh Wed Mar 11 17:11:32 CET 2026
#@# area and vertex vol lh Wed Mar 11 17:11:32 CET 2026
#@# white curv rh Wed Mar 11 17:11:32 CET 2026
#@# white area rh Wed Mar 11 17:11:32 CET 2026
#@# pial curv rh Wed Mar 11 17:11:32 CET 2026
#@# pial area rh Wed Mar 11 17:11:32 CET 2026
#@# thickness rh Wed Mar 11 17:11:32 CET 2026
#@# area and vertex vol rh Wed Mar 11 17:11:32 CET 2026
#@# Curvature Stats lh Wed Mar 11 17:11:32 CET 2026
#@# Curvature Stats rh Wed Mar 11 17:11:34 CET 2026
#@# Relabel Hypointensities Wed Mar 11 17:11:37 CET 2026
#@# APas-to-ASeg Wed Mar 11 17:11:52 CET 2026
#@# AParc-to-ASeg aparc Wed Mar 11 17:12:00 CET 2026
#@# AParc-to-ASeg aparc.a2009s Wed Mar 11 17:12:36 CET 2026
#@# AParc-to-ASeg aparc.DKTatlas Wed Mar 11 17:13:15 CET 2026
#@# WMParc Wed Mar 11 17:13:52 CET 2026
#@# ASeg Stats Wed Mar 11 17:17:50 CET 2026
recon-all -s sub-v2s18x29518_ses-1 finished without error at Wed Mar 11 17:18:30 CET 2026
