/out/sourcedata/freesurfer/sub-v2s18x29499_ses-1/mri
/opt/freesurfer/bin/talairach_avi
--i orig_nu.mgz --xfm transforms/talairach.auto.xfm
talairach_avi 7.3.2
Linux dna018 5.14.0-427.37.1.el9_4.x86_64 #1 SMP PREEMPT_DYNAMIC Fri Sep 13 12:41:50 EDT 2024 x86_64 x86_64 x86_64 GNU/Linux
Wed Mar 11 13:23:58 CET 2026
mri_convert orig_nu.mgz talsrcimg.img 
reading from orig_nu.mgz...
TR=0.00, TE=0.00, TI=0.00, flip angle=0.00
i_ras = (-1, -2.20098e-10, 1.86265e-09)
j_ras = (0, -5.82077e-11, -1)
k_ras = (2.18733e-10, 1, -2.91038e-11)
writing to talsrcimg.img...
Analyze Output Matrix
-1.00000   0.00000   0.00000   128.63121;
-0.00000  -0.00000   1.00000  -87.62347;
 0.00000  -1.00000  -0.00000   100.05699;
 0.00000   0.00000   0.00000   1.00000;
--------------------
INFO: set hdr.hist.orient to -1
mpr2mni305 talsrcimg
Wed Mar 11 13:23:59 CET 2026
/opt/freesurfer/bin/mpr2mni305 talsrcimg
mpr2mni305 7.3.2
target=711-2C_as_mni_average_305

---------------------------------------------------------------------
analyzeto4dfp talsrcimg -O0 -y
---------------------------------------------------------------------

freesurfer ifh2hdr.c
Wed Mar 11 13:23:59 2026
Writing: talsrcimg.4dfp.hdr
freesurfer analyzeto4dfp.c
Reading: talsrcimg.hdr
header size 348 bytes
hdr.dime.datatype	offset=70	value=2
hdr.dime.bitpix		offset=72	value=8
hdr.hist.orient		offset=252	value=-1
dimensionality     4
dimensions       256       256       256         1
Reading: talsrcimg.img
Writing: talsrcimg.4dfp.img
Writing: talsrcimg.4dfp.ifh
ifh2hdr talsrcimg -r0to239
ori=2

---------------------------------------------------------------------
gauss_4dfp talsrcimg 1.1
---------------------------------------------------------------------

freesurfer gauss_4dfp.c
Reading: talsrcimg.4dfp.img
Writing: talsrcimg_g11.4dfp.img
image dimensions 256 256 256 padded to 288 288 288
processing volume 1freesurfer ifh2hdr.c
Wed Mar 11 13:24:01 2026
Writing: talsrcimg_g11.4dfp.hdr

Writing: talsrcimg_g11.4dfp.ifh
including: talsrcimg.4dfp.img.rec in talsrcimg_g11.4dfp.img.rec

---------------------------------------------------------------------
imgreg_4dfp /opt/freesurfer/average/711-2C_as_mni_average_305 none talsrcimg_g11 none talsrcimg_to_711-2C_as_mni_average_305_t4 4355
---------------------------------------------------------------------

freesurfer imgreg_4dfp.c
/opt/freesurfer/average/711-2C_as_mni_average_305.4dfp.img
       256       256       256         1
  1.000000  1.000000  1.000000
orientation T byte_order littleendian
Reading image: /opt/freesurfer/average/711-2C_as_mni_average_305.4dfp.img
dimensions:      256       256       256
mmppix:       1.0000   -1.0000   -1.0000
center:     128.0000 -129.0000 -129.0000
talsrcimg_g11.4dfp.img
       256       256       256         1
  1.000000  1.000000  1.000000
orientation T byte_order littleendian
Reading image: talsrcimg_g11.4dfp.img
dimensions:      256       256       256
mmppix:       1.0000   -1.0000   -1.0000
center:     128.0000 -129.0000 -129.0000
t4_read: open error in t4_sub.f l:  41 t4_file(1:l)talsrcimg_to_711-2C_as_mni_average_305_t4 
t4_read: transform initialized to I4
rotation matrix determinant  1.000000
image alignment mode   4355 decimal     1103 hex
   -7.5000  -45.0000  -45.0000 6672.0684   14.5534
    0.0000  -45.0000  -45.0000 7006.8716   14.5600
    7.5000  -45.0000  -45.0000 6721.6304   14.5564
   -7.5000  -37.5000  -45.0000 7283.2231   14.1806
    0.0000  -37.5000  -45.0000 7644.1230   14.1810
    7.5000  -37.5000  -45.0000 7313.1602   14.1740
   -7.5000  -30.0000  -45.0000 8182.6792   13.8543
    0.0000  -30.0000  -45.0000 8592.1631   13.8587
    7.5000  -30.0000  -45.0000 8203.7344   13.8569
   -7.5000  -22.5000  -45.0000 9181.6348   13.6654
    0.0000  -22.5000  -45.0000 9631.1387   13.6789
    7.5000  -22.5000  -45.0000 9219.1299   13.6883
   -7.5000  -15.0000  -45.000010200.5244   13.5845
    0.0000  -15.0000  -45.000010714.4258   13.6017
    7.5000  -15.0000  -45.000010259.1035   13.6172
   -7.5000   -7.5000  -45.000011155.1133   13.5749
    0.0000   -7.5000  -45.000011722.0684   13.5862
    7.5000   -7.5000  -45.000011224.0020   13.5966
   -7.5000    0.0000  -45.000012022.3984   13.6024
    0.0000    0.0000  -45.000012643.5225   13.6050
    7.5000    0.0000  -45.000012079.3711   13.6055
   -7.5000    7.5000  -45.000011979.2188   13.6210
    0.0000    7.5000  -45.000012594.0195   13.6189
    7.5000    7.5000  -45.000012031.6953   13.6137
   -7.5000   15.0000  -45.000011829.6680   13.6132
    0.0000   15.0000  -45.000012435.5244   13.6154
    7.5000   15.0000  -45.000011881.9854   13.6139
   -7.5000   22.5000  -45.000011586.9727   13.5807
    0.0000   22.5000  -45.000012179.4736   13.5928
    7.5000   22.5000  -45.000011608.9404   13.6021
   -7.5000   30.0000  -45.000011162.9580   13.3813
    0.0000   30.0000  -45.000011744.1582   13.3977
    7.5000   30.0000  -45.000011186.3115   13.4128
   -7.5000   37.5000  -45.000011163.8389   13.3930
    0.0000   37.5000  -45.000011755.9541   13.4041
    7.5000   37.5000  -45.000011194.2773   13.4143
   -7.5000   45.0000  -45.000010547.9229   13.0803
    0.0000   45.0000  -45.000011083.9932   13.0829
    7.5000   45.0000  -45.000010569.2715   13.0833
   -7.5000  -45.0000  -37.5000 6994.3804   14.4479
    0.0000  -45.0000  -37.5000 7349.4526   14.4520
    7.5000  -45.0000  -37.5000 7034.3047   14.4403
   -7.5000  -37.5000  -37.5000 7655.9160   14.0815
    0.0000  -37.5000  -37.5000 8018.8804   14.0809
    7.5000  -37.5000  -37.5000 7664.2100   14.0676
   -7.5000  -30.0000  -37.5000 8643.3340   13.7667
    0.0000  -30.0000  -37.5000 9062.0020   13.7723
    7.5000  -30.0000  -37.5000 8654.1357   13.7622
   -7.5000  -22.5000  -37.5000 9681.5449   13.5866
    0.0000  -22.5000  -37.500010174.8818   13.6017
    7.5000  -22.5000  -37.5000 9740.0029   13.5993
   -7.5000  -15.0000  -37.500010770.4004   13.5061
    0.0000  -15.0000  -37.500011324.8115   13.5236
    7.5000  -15.0000  -37.500010838.3516   13.5261
   -7.5000   -7.5000  -37.500011778.0879   13.4893
    0.0000   -7.5000  -37.500012374.0010   13.4993
    7.5000   -7.5000  -37.500011852.2207   13.4992
   -7.5000    0.0000  -37.500012700.2207   13.5095
    0.0000    0.0000  -37.500013354.1348   13.5099
    7.5000    0.0000  -37.500012771.4609   13.5033
   -7.5000    7.5000  -37.500012671.8203   13.5284
    0.0000    7.5000  -37.500013323.2627   13.5254
    7.5000    7.5000  -37.500012710.2744   13.5144
   -7.5000   15.0000  -37.500012510.7383   13.5279
    0.0000   15.0000  -37.500013131.7178   13.5310
    7.5000   15.0000  -37.500012521.7158   13.5216
   -7.5000   22.5000  -37.500012196.4727   13.5024
    0.0000   22.5000  -37.500012797.7725   13.5160
    7.5000   22.5000  -37.500012204.1670   13.5137
   -7.5000   30.0000  -37.500011738.1846   13.3042
    0.0000   30.0000  -37.500012304.9150   13.3209
    7.5000   30.0000  -37.500011749.9795   13.3233
   -7.5000   37.5000  -37.500011733.3721   13.3085
    0.0000   37.5000  -37.500012304.1396   13.3183
    7.5000   37.5000  -37.500011737.4561   13.3182
   -7.5000   45.0000  -37.500011093.9561   12.9910
    0.0000   45.0000  -37.500011630.7637   12.9913
    7.5000   45.0000  -37.500011097.9824   12.9851
   -7.5000  -45.0000  -30.0000 7478.6973   15.0496
    0.0000  -45.0000  -30.0000 7847.3774   15.0480
    7.5000  -45.0000  -30.0000 7500.4004   15.0251
   -7.5000  -37.5000  -30.0000 8214.6387   14.6679
    0.0000  -37.5000  -30.0000 8605.1807   14.6623
    7.5000  -37.5000  -30.0000 8226.8496   14.6386
   -7.5000  -30.0000  -30.0000 9287.5361   14.3458
    0.0000  -30.0000  -30.0000 9743.5020   14.3484
    7.5000  -30.0000  -30.0000 9319.7109   14.3290
   -7.5000  -22.5000  -30.000010407.9062   14.1648
    0.0000  -22.5000  -30.000010934.0908   14.1781
    7.5000  -22.5000  -30.000010473.0967   14.1665
   -7.5000  -15.0000  -30.000011568.5732   14.0827
    0.0000  -15.0000  -30.000012140.0059   14.0982
    7.5000  -15.0000  -30.000011631.3232   14.0916
   -7.5000   -7.5000  -30.000012641.5605   14.0597
    0.0000   -7.5000  -30.000013288.7109   14.0661
    7.5000   -7.5000  -30.000012732.7930   14.0563
   -7.5000    0.0000  -30.000013627.5908   14.0744
    0.0000    0.0000  -30.000014355.2920   14.0694
    7.5000    0.0000  -30.000013717.9141   14.0528
   -7.5000    7.5000  -30.000013590.0918   14.0935
    0.0000    7.5000  -30.000014299.6865   14.0856
    7.5000    7.5000  -30.000013647.0059   14.0651
   -7.5000   15.0000  -30.000013404.7021   14.0974
    0.0000   15.0000  -30.000014086.7900   14.0975
    7.5000   15.0000  -30.000013428.5938   14.0790
   -7.5000   22.5000  -30.000013055.6650   14.0755
    0.0000   22.5000  -30.000013719.7021   14.0873
    7.5000   22.5000  -30.000013087.8730   14.0758
   -7.5000   30.0000  -30.000012531.6309   13.8734
    0.0000   30.0000  -30.000013184.7510   13.8882
    7.5000   30.0000  -30.000012563.7773   13.8816
   -7.5000   37.5000  -30.000012525.8105   13.8726
    0.0000   37.5000  -30.000013125.1475   13.8788
    7.5000   37.5000  -30.000012511.6553   13.8691
   -7.5000   45.0000  -30.000011824.3545   13.5442
    0.0000   45.0000  -30.000012390.7119   13.5394
    7.5000   45.0000  -30.000011832.6738   13.5234
   -7.5000  -45.0000  -22.5000 7997.8589   15.5507
    0.0000  -45.0000  -22.5000 8410.3604   15.5434
    7.5000  -45.0000  -22.5000 8019.6948   15.5167
   -7.5000  -37.5000  -22.5000 8783.6426   15.1531
    0.0000  -37.5000  -22.5000 9234.4502   15.1419
    7.5000  -37.5000  -22.5000 8811.6738   15.1133
   -7.5000  -30.0000  -22.5000 9908.7588   14.8165
    0.0000  -30.0000  -22.500010426.3311   14.8136
    7.5000  -30.0000  -22.5000 9984.9004   14.7930
   -7.5000  -22.5000  -22.500011110.9355   14.6289
    0.0000  -22.5000  -22.500011692.9482   14.6367
    7.5000  -22.5000  -22.500011202.5264   14.6287
   -7.5000  -15.0000  -22.500012344.0713   14.5480
    0.0000  -15.0000  -22.500012989.9609   14.5585
    7.5000  -15.0000  -22.500012455.8496   14.5567
   -7.5000   -7.5000  -22.500013510.3154   14.5295
    0.0000   -7.5000  -22.500014239.5518   14.5308
    7.5000   -7.5000  -22.500013638.0674   14.5219
   -7.5000    0.0000  -22.500014582.9531   14.5470
    0.0000    0.0000  -22.500015374.4180   14.5368
    7.5000    0.0000  -22.500014683.0771   14.5164
   -7.5000    7.5000  -22.500014536.1719   14.5633
    0.0000    7.5000  -22.500015322.9580   14.5501
    7.5000    7.5000  -22.500014597.1885   14.5252
   -7.5000   15.0000  -22.500014307.8740   14.5618
    0.0000   15.0000  -22.500015081.6338   14.5565
    7.5000   15.0000  -22.500014379.7764   14.5369
   -7.5000   22.5000  -22.500013916.8398   14.5364
    0.0000   22.5000  -22.500014693.7051   14.5427
    7.5000   22.5000  -22.500014015.0938   14.5348
   -7.5000   30.0000  -22.500013363.7344   14.3340
    0.0000   30.0000  -22.500014090.4102   14.3439
    7.5000   30.0000  -22.500013446.6387   14.3420
   -7.5000   37.5000  -22.500013306.8262   14.3384
    0.0000   37.5000  -22.500013946.7773   14.3396
    7.5000   37.5000  -22.500013308.7725   14.3308
   -7.5000   45.0000  -22.500012553.9336   14.0095
    0.0000   45.0000  -22.500013138.5684   13.9997
    7.5000   45.0000  -22.500012561.2051   13.9800
   -7.5000  -45.0000  -15.0000 8504.3477   15.9016
    0.0000  -45.0000  -15.0000 8939.8037   15.8948
    7.5000  -45.0000  -15.0000 8530.6533   15.8759
   -7.5000  -37.5000  -15.0000 9322.5127   15.4929
    0.0000  -37.5000  -15.0000 9789.4688   15.4812
    7.5000  -37.5000  -15.0000 9352.1250   15.4589
   -7.5000  -30.0000  -15.000010490.7510   15.1412
    0.0000  -30.0000  -15.000011044.4922   15.1353
    7.5000  -30.0000  -15.000010583.2930   15.1237
   -7.5000  -22.5000  -15.000011769.7559   14.9437
    0.0000  -22.5000  -15.000012395.5244   14.9476
    7.5000  -22.5000  -15.000011892.0303   14.9526
   -7.5000  -15.0000  -15.000013068.2441   14.8631
    0.0000  -15.0000  -15.000013788.7607   14.8705
    7.5000  -15.0000  -15.000013227.0566   14.8828
   -7.5000   -7.5000  -15.000014329.7881   14.8528
    0.0000   -7.5000  -15.000015135.9639   14.8530
    7.5000   -7.5000  -15.000014483.5137   14.8549
   -7.5000    0.0000  -15.000015516.4883   14.8777
    0.0000    0.0000  -15.000016379.1611   14.8680
    7.5000    0.0000  -15.000015656.6982   14.8544
   -7.5000    7.5000  -15.000015458.9639   14.8924
    0.0000    7.5000  -15.000016339.5693   14.8788
    7.5000    7.5000  -15.000015577.5488   14.8597
   -7.5000   15.0000  -15.000015188.3301   14.8824
    0.0000   15.0000  -15.000016022.5801   14.8744
    7.5000   15.0000  -15.000015304.6709   14.8635
   -7.5000   22.5000  -15.000014766.0537   14.8493
    0.0000   22.5000  -15.000015613.2275   14.8518
    7.5000   22.5000  -15.000014924.2549   14.8567
   -7.5000   30.0000  -15.000014180.9551   14.6466
    0.0000   30.0000  -15.000014987.7090   14.6534
    7.5000   30.0000  -15.000014316.9736   14.6654
   -7.5000   37.5000  -15.000014044.9131   14.6595
    0.0000   37.5000  -15.000014784.8096   14.6596
    7.5000   37.5000  -15.000014130.0820   14.6615
   -7.5000   45.0000  -15.000013255.5400   14.3367
    0.0000   45.0000  -15.000013902.8633   14.3273
    7.5000   45.0000  -15.000013319.7617   14.3141
   -7.5000  -45.0000   -7.5000 8992.8711   16.0870
    0.0000  -45.0000   -7.5000 9456.9961   16.0875
    7.5000  -45.0000   -7.5000 9043.2793   16.0800
   -7.5000  -37.5000   -7.5000 9861.2246   15.6751
    0.0000  -37.5000   -7.500010357.2471   15.6693
    7.5000  -37.5000   -7.5000 9925.6973   15.6574
   -7.5000  -30.0000   -7.500011075.4980   15.3146
    0.0000  -30.0000   -7.500011682.7920   15.3127
    7.5000  -30.0000   -7.500011219.4668   15.3100
   -7.5000  -22.5000   -7.500012423.8389   15.1083
    0.0000  -22.5000   -7.500013123.0537   15.1158
    7.5000  -22.5000   -7.500012592.2891   15.1293
   -7.5000  -15.0000   -7.500013765.3213   15.0242
    0.0000  -15.0000   -7.500014551.4736   15.0361
    7.5000  -15.0000   -7.500013957.7949   15.0571
   -7.5000   -7.5000   -7.500015116.4150   15.0178
    0.0000   -7.5000   -7.500016022.1455   15.0239
    7.5000   -7.5000   -7.500015305.2344   15.0355
   -7.5000    0.0000   -7.500016439.2305   15.0490
    0.0000    0.0000   -7.500017454.1875   15.0459
    7.5000    0.0000   -7.500016640.3594   15.0426
   -7.5000    7.5000   -7.500016460.4277   15.0657
    0.0000    7.5000   -7.500017527.5215   15.0577
    7.5000    7.5000   -7.500016667.4141   15.0481
   -7.5000   15.0000   -7.500016131.2314   15.0524
    0.0000   15.0000   -7.500017159.2461   15.0482
    7.5000   15.0000   -7.500016378.4434   15.0459
   -7.5000   22.5000   -7.500015639.8145   15.0113
    0.0000   22.5000   -7.500016628.1699   15.0173
    7.5000   22.5000   -7.500015908.6709   15.0307
   -7.5000   30.0000   -7.500014996.7607   14.8050
    0.0000   30.0000   -7.500015950.7871   14.8162
    7.5000   30.0000   -7.500015236.7256   14.8367
   -7.5000   37.5000   -7.500014834.6250   14.8219
    0.0000   37.5000   -7.500015739.9912   14.8279
    7.5000   37.5000   -7.500015000.5312   14.8393
   -7.5000   45.0000   -7.500014022.4854   14.5044
    0.0000   45.0000   -7.500014819.7383   14.5014
    7.5000   45.0000   -7.500014139.3350   14.4983
   -7.5000  -45.0000    0.0000 9359.4766   16.1410
    0.0000  -45.0000    0.0000 9856.1338   16.1471
    7.5000  -45.0000    0.0000 9459.9941   16.1425
   -7.5000  -37.5000    0.000010271.5449   15.7304
    0.0000  -37.5000    0.000010833.5293   15.7299
    7.5000  -37.5000    0.000010389.5527   15.7216
   -7.5000  -30.0000    0.000011555.0391   15.3702
    0.0000  -30.0000    0.000012230.1650   15.3744
    7.5000  -30.0000    0.000011737.9375   15.3719
   -7.5000  -22.5000    0.000012942.8535   15.1617
    0.0000  -22.5000    0.000013726.8994   15.1760
    7.5000  -22.5000    0.000013157.9053   15.1860
   -7.5000  -15.0000    0.000014319.5303   15.0733
    0.0000  -15.0000    0.000015179.5527   15.0914
    7.5000  -15.0000    0.000014559.5605   15.1080
   -7.5000   -7.5000    0.000015706.9883   15.0639
    0.0000   -7.5000    0.000016655.7793   15.0755
    7.5000   -7.5000    0.000015937.7129   15.0863
   -7.5000    0.0000    0.000017140.6602   15.0950
    0.0000    0.0000    0.000018318.2910   15.0970
    7.5000    0.0000    0.000017439.2969   15.0968
   -7.5000    7.5000    0.000017333.6504   15.1148
    0.0000    7.5000    0.000018798.0176   15.1117
    7.5000    7.5000    0.000017766.8926   15.1054
   -7.5000   15.0000    0.000017128.2422   15.1050
    0.0000   15.0000    0.000018658.6230   15.1067
    7.5000   15.0000    0.000017627.9746   15.1046
   -7.5000   22.5000    0.000016572.6426   15.0637
    0.0000   22.5000    0.000017930.6055   15.0764
    7.5000   22.5000    0.000017012.2441   15.0862
   -7.5000   30.0000    0.000015814.5332   14.8538
    0.0000   30.0000    0.000017030.6426   14.8711
    7.5000   30.0000    0.000016153.0693   14.8873
   -7.5000   37.5000    0.000015548.0498   14.8679
    0.0000   37.5000    0.000016665.9785   14.8792
    7.5000   37.5000    0.000015775.8652   14.8898
   -7.5000   45.0000    0.000014681.1318   14.5498
    0.0000   45.0000    0.000015679.1514   14.5517
    7.5000   45.0000    0.000014844.1465   14.5515
   -7.5000  -45.0000    7.5000 8991.6572   16.1593
    0.0000  -45.0000    7.5000 9505.4014   16.1638
    7.5000  -45.0000    7.5000 9142.1240   16.1508
   -7.5000  -37.5000    7.5000 9887.9805   15.7498
    0.0000  -37.5000    7.500010456.1758   15.7490
    7.5000  -37.5000    7.500010062.6641   15.7342
   -7.5000  -30.0000    7.500011152.6094   15.3979
    0.0000  -30.0000    7.500011789.6475   15.4040
    7.5000  -30.0000    7.500011363.4590   15.3928
   -7.5000  -22.5000    7.500012481.6064   15.1965
    0.0000  -22.5000    7.500013202.2969   15.2132
    7.5000  -22.5000    7.500012701.9287   15.2106
   -7.5000  -15.0000    7.500013817.5029   15.1063
    0.0000  -15.0000    7.500014623.4658   15.1258
    7.5000  -15.0000    7.500014053.8604   15.1287
   -7.5000   -7.5000    7.500015142.2490   15.0875
    0.0000   -7.5000    7.500016059.9961   15.0987
    7.5000   -7.5000    7.500015390.3887   15.0986
   -7.5000    0.0000    7.500016512.8125   15.1102
    0.0000    0.0000    7.500017792.6543   15.1106
    7.5000    0.0000    7.500016897.2520   15.1033
   -7.5000    7.5000    7.500016707.1445   15.1315
    0.0000    7.5000    7.500018531.2461   15.1281
    7.5000    7.5000    7.500017318.5625   15.1157
   -7.5000   15.0000    7.500016620.2363   15.1308
    0.0000   15.0000    7.500018499.2070   15.1343
    7.5000   15.0000    7.500017243.5273   15.1238
   -7.5000   22.5000    7.500016197.3262   15.0974
    0.0000   22.5000    7.500017843.2500   15.1125
    7.5000   22.5000    7.500016689.6562   15.1099
   -7.5000   30.0000    7.500015420.7861   14.8863
    0.0000   30.0000    7.500016836.7559   14.9049
    7.5000   30.0000    7.500015804.6436   14.9076
   -7.5000   37.5000    7.500015035.4229   14.8911
    0.0000   37.5000    7.500016235.7383   14.9021
    7.5000   37.5000    7.500015331.4307   14.9019
   -7.5000   45.0000    7.500014126.7275   14.5645
    0.0000   45.0000    7.500015118.3135   14.5649
    7.5000   45.0000    7.500014347.1875   14.5578
   -7.5000  -45.0000   15.0000 8527.3301   16.1768
    0.0000  -45.0000   15.0000 9044.3311   16.1750
    7.5000  -45.0000   15.0000 8699.7129   16.1505
   -7.5000  -37.5000   15.0000 9394.0312   15.7662
    0.0000  -37.5000   15.0000 9951.0176   15.7601
    7.5000  -37.5000   15.0000 9577.9111   15.7346
   -7.5000  -30.0000   15.000010627.8232   15.4197
    0.0000  -30.0000   15.000011242.0479   15.4223
    7.5000  -30.0000   15.000010817.2744   15.4014
   -7.5000  -22.5000   15.000011929.5273   15.2249
    0.0000  -22.5000   15.000012613.3857   15.2390
    7.5000  -22.5000   15.000012111.2256   15.2266
   -7.5000  -15.0000   15.000013185.6074   15.1366
    0.0000  -15.0000   15.000013962.3271   15.1531
    7.5000  -15.0000   15.000013413.4668   15.1461
   -7.5000   -7.5000   15.000014433.7949   15.1118
    0.0000   -7.5000   15.000015354.2402   15.1186
    7.5000   -7.5000   15.000014689.4424   15.1081
   -7.5000    0.0000   15.000015701.1699   15.1277
    0.0000    0.0000   15.000016877.9922   15.1222
    7.5000    0.0000   15.000016060.3799   15.1044
   -7.5000    7.5000   15.000015794.5059   15.1482
    0.0000    7.5000   15.000017178.0723   15.1396
    7.5000    7.5000   15.000016301.3848   15.1175
   -7.5000   15.0000   15.000015678.6289   15.1523
    0.0000   15.0000   15.000016959.8086   15.1524
    7.5000   15.0000   15.000016138.4521   15.1326
   -7.5000   22.5000   15.000015342.4805   15.1255
    0.0000   22.5000   15.000016526.2852   15.1380
    7.5000   22.5000   15.000015734.7139   15.1257
   -7.5000   30.0000   15.000014730.7051   14.9160
    0.0000   30.0000   15.000015840.5518   14.9318
    7.5000   30.0000   15.000015067.6299   14.9247
   -7.5000   37.5000   15.000014338.0049   14.9151
    0.0000   37.5000   15.000015347.0820   14.9217
    7.5000   37.5000   15.000014629.2793   14.9113
   -7.5000   45.0000   15.000013440.4297   14.5814
    0.0000   45.0000   15.000014326.1475   14.5761
    7.5000   45.0000   15.000013648.1406   14.5589
   -7.5000  -45.0000   22.5000 7999.0864   16.2614
    0.0000  -45.0000   22.5000 8506.5283   16.2538
    7.5000  -45.0000   22.5000 8166.7480   16.2257
   -7.5000  -37.5000   22.5000 8846.5869   15.8483
    0.0000  -37.5000   22.5000 9383.9961   15.8365
    7.5000  -37.5000   22.5000 9012.9561   15.8063
   -7.5000  -30.0000   22.500010039.0400   15.4969
    0.0000  -30.0000   22.500010628.3477   15.4937
    7.5000  -30.0000   22.500010201.7148   15.4720
   -7.5000  -22.5000   22.500011250.2607   15.3001
    0.0000  -22.5000   22.500011882.7559   15.3083
    7.5000  -22.5000   22.500011412.6611   15.2997
   -7.5000  -15.0000   22.500012442.6699   15.2148
    0.0000  -15.0000   22.500013101.1992   15.2260
    7.5000  -15.0000   22.500012602.6016   15.2240
   -7.5000   -7.5000   22.500013631.7051   15.1953
    0.0000   -7.5000   22.500014366.5723   15.1968
    7.5000   -7.5000   22.500013796.2598   15.1874
   -7.5000    0.0000   22.500014755.0596   15.2138
    0.0000    0.0000   22.500015646.2988   15.2031
    7.5000    0.0000   22.500015024.5928   15.1816
   -7.5000    7.5000   22.500014770.7754   15.2309
    0.0000    7.5000   22.500015702.8564   15.2171
    7.5000    7.5000   22.500015096.2324   15.1908
   -7.5000   15.0000   22.500014612.6582   15.2293
    0.0000   15.0000   22.500015407.5674   15.2237
    7.5000   15.0000   22.500014850.3428   15.2031
   -7.5000   22.5000   22.500014326.7227   15.2003
    0.0000   22.5000   22.500015139.7324   15.2070
    7.5000   22.5000   22.500014542.1504   15.1985
   -7.5000   30.0000   22.500013816.5762   14.9929
    0.0000   30.0000   22.500014631.0908   15.0034
    7.5000   30.0000   22.500014032.5625   15.0014
   -7.5000   37.5000   22.500013498.2891   14.9975
    0.0000   37.5000   22.500014278.9502   14.9989
    7.5000   37.5000   22.500013680.0391   14.9896
   -7.5000   45.0000   22.500012658.0742   14.6643
    0.0000   45.0000   22.500013389.0283   14.6540
    7.5000   45.0000   22.500012812.9355   14.6333
   -7.5000  -45.0000   30.0000 7478.3066   16.5075
    0.0000  -45.0000   30.0000 7938.3940   16.4998
    7.5000  -45.0000   30.0000 7620.1445   16.4796
   -7.5000  -37.5000   30.0000 8270.6299   16.0834
    0.0000  -37.5000   30.0000 8763.8467   16.0706
    7.5000  -37.5000   30.0000 8408.2861   16.0469
   -7.5000  -30.0000   30.0000 9380.0273   15.7161
    0.0000  -30.0000   30.0000 9889.6074   15.7095
    7.5000  -30.0000   30.0000 9474.3359   15.6973
   -7.5000  -22.5000   30.000010503.2422   15.5088
    0.0000  -22.5000   30.000011015.3682   15.5127
    7.5000  -22.5000   30.000010573.1572   15.5181
   -7.5000  -15.0000   30.000011594.6045   15.4237
    0.0000  -15.0000   30.000012137.0781   15.4315
    7.5000  -15.0000   30.000011672.5449   15.4444
   -7.5000   -7.5000   30.000012694.9561   15.4131
    0.0000   -7.5000   30.000013308.9932   15.4130
    7.5000   -7.5000   30.000012816.7412   15.4149
   -7.5000    0.0000   30.000013717.0420   15.4393
    0.0000    0.0000   30.000014441.2393   15.4286
    7.5000    0.0000   30.000013918.1777   15.4140
   -7.5000    7.5000   30.000013677.1768   15.4542
    0.0000    7.5000   30.000014384.0400   15.4395
    7.5000    7.5000   30.000013879.3203   15.4193
   -7.5000   15.0000   30.000013502.0537   15.4434
    0.0000   15.0000   30.000014123.1650   15.4346
    7.5000   15.0000   30.000013631.9395   15.4232
   -7.5000   22.5000   30.000013281.9912   15.4070
    0.0000   22.5000   30.000013910.0459   15.4095
    7.5000   22.5000   30.000013386.2734   15.4147
   -7.5000   30.0000   30.000012845.6113   15.1985
    0.0000   30.0000   30.000013497.6367   15.2056
    7.5000   30.0000   30.000012946.8535   15.2182
   -7.5000   37.5000   30.000012568.0596   15.2124
    0.0000   37.5000   30.000013232.5371   15.2123
    7.5000   37.5000   30.000012669.2383   15.2141
   -7.5000   45.0000   30.000011785.2627   14.8817
    0.0000   45.0000   30.000012391.5088   14.8714
    7.5000   45.0000   30.000011864.6123   14.8574
   -7.5000  -45.0000   37.5000 7248.2603   16.8718
    0.0000  -45.0000   37.5000 7639.4800   16.8718
    7.5000  -45.0000   37.5000 7310.9346   16.8628
   -7.5000  -37.5000   37.5000 7989.3550   16.4343
    0.0000  -37.5000   37.5000 8406.6826   16.4278
    7.5000  -37.5000   37.5000 8047.3135   16.4143
   -7.5000  -30.0000   37.5000 9032.5771   16.0502
    0.0000  -30.0000   37.5000 9453.8867   16.0487
    7.5000  -30.0000   37.5000 9056.0078   16.0454
   -7.5000  -22.5000   37.500010092.8301   15.8303
    0.0000  -22.5000   37.500010551.1406   15.8394
    7.5000  -22.5000   37.500010120.3828   15.8538
   -7.5000  -15.0000   37.500011158.4365   15.7399
    0.0000  -15.0000   37.500011641.5879   15.7535
    7.5000  -15.0000   37.500011197.7031   15.7759
   -7.5000   -7.5000   37.500012214.8320   15.7326
    0.0000   -7.5000   37.500012771.8916   15.7393
    7.5000   -7.5000   37.500012288.0684   15.7513
   -7.5000    0.0000   37.500013176.4883   15.7649
    0.0000    0.0000   37.500013824.8906   15.7612
    7.5000    0.0000   37.500013325.0205   15.7570
   -7.5000    7.5000   37.500013116.2988   15.7817
    0.0000    7.5000   37.500013724.6621   15.7730
    7.5000    7.5000   37.500013242.2773   15.7621
   -7.5000   15.0000   37.500012919.6865   15.7673
    0.0000   15.0000   37.500013475.1436   15.7633
    7.5000   15.0000   37.500012999.3496   15.7605
   -7.5000   22.5000   37.500012712.8564   15.7245
    0.0000   22.5000   37.500013264.0781   15.7320
    7.5000   22.5000   37.500012771.7021   15.7461
   -7.5000   30.0000   37.500012291.8105   15.5096
    0.0000   30.0000   37.500012882.4248   15.5224
    7.5000   30.0000   37.500012375.0732   15.5443
   -7.5000   37.5000   37.500012073.2139   15.5277
    0.0000   37.5000   37.500012661.5732   15.5342
    7.5000   37.5000   37.500012148.5723   15.5461
   -7.5000   45.0000   37.500011307.5928   15.1955
    0.0000   45.0000   37.500011848.0508   15.1920
    7.5000   45.0000   37.500011368.5020   15.1880
   -7.5000  -45.0000   45.0000 6676.9194   17.2815
    0.0000  -45.0000   45.0000 7024.9404   17.2864
    7.5000  -45.0000   45.0000 6722.0591   17.2800
   -7.5000  -37.5000   45.0000 7351.7715   16.8285
    0.0000  -37.5000   45.0000 7704.0493   16.8272
    7.5000  -37.5000   45.0000 7374.0127   16.8159
   -7.5000  -30.0000   45.0000 8301.5000   16.4318
    0.0000  -30.0000   45.0000 8681.9004   16.4376
    7.5000  -30.0000   45.0000 8302.1230   16.4327
   -7.5000  -22.5000   45.0000 9275.1426   16.2024
    0.0000  -22.5000   45.0000 9721.2568   16.2205
    7.5000  -22.5000   45.0000 9305.1152   16.2301
   -7.5000  -15.0000   45.000010248.9863   16.1029
    0.0000  -15.0000   45.000010717.7422   16.1245
    7.5000  -15.0000   45.000010288.4131   16.1424
   -7.5000   -7.5000   45.000011205.9336   16.0904
    0.0000   -7.5000   45.000011721.2119   16.1030
    7.5000   -7.5000   45.000011268.2617   16.1146
   -7.5000    0.0000   45.000012097.1162   16.1229
    0.0000    0.0000   45.000012654.9395   16.1238
    7.5000    0.0000   45.000012185.1602   16.1226
   -7.5000    7.5000   45.000012027.0518   16.1443
    0.0000    7.5000   45.000012557.0645   16.1403
    7.5000    7.5000   45.000012100.9443   16.1314
   -7.5000   15.0000   45.000011814.0977   16.1342
    0.0000   15.0000   45.000012337.6680   16.1373
    7.5000   15.0000   45.000011882.8750   16.1329
   -7.5000   22.5000   45.000011611.4678   16.0905
    0.0000   22.5000   45.000012120.6172   16.1067
    7.5000   22.5000   45.000011668.1455   16.1162
   -7.5000   30.0000   45.000011252.0684   15.8651
    0.0000   30.0000   45.000011766.6748   15.8857
    7.5000   30.0000   45.000011308.9834   15.9031
   -7.5000   37.5000   45.000011068.3877   15.8795
    0.0000   37.5000   45.000011595.5684   15.8919
    7.5000   37.5000   45.000011133.2754   15.9033
   -7.5000   45.0000   45.000010362.2168   15.5477
    0.0000   45.0000   45.000010862.3252   15.5485
    7.5000   45.0000   45.000010436.0938   15.5473

---------------------------------------------------------------------
imgreg_4dfp /opt/freesurfer/average/711-2C_as_mni_average_305 /opt/freesurfer/average/711-2B_as_mni_average_305_mask talsrcimg_g11 none talsrcimg_to_711-2C_as_mni_average_305_t4 4355
---------------------------------------------------------------------

freesurfer imgreg_4dfp.c
/opt/freesurfer/average/711-2C_as_mni_average_305.4dfp.img
       256       256       256         1
  1.000000  1.000000  1.000000
orientation T byte_order littleendian
Reading image: /opt/freesurfer/average/711-2C_as_mni_average_305.4dfp.img
dimensions:      256       256       256
mmppix:       1.0000   -1.0000   -1.0000
center:     128.0000 -129.0000 -129.0000
/opt/freesurfer/average/711-2B_as_mni_average_305_mask.4dfp.img
       256       256       256         1
  1.000000  1.000000  1.000000
orientation T byte_order littleendian
Reading mask: /opt/freesurfer/average/711-2B_as_mni_average_305_mask.4dfp.img (2306576 pixels)
talsrcimg_g11.4dfp.img
       256       256       256         1
  1.000000  1.000000  1.000000
orientation T byte_order littleendian
Reading image: talsrcimg_g11.4dfp.img
dimensions:      256       256       256
mmppix:       1.0000   -1.0000   -1.0000
center:     128.0000 -129.0000 -129.0000
rotation matrix determinant  1.000000
image alignment mode   4355 decimal     1103 hex
   -7.5000  -37.5000  -45.0000 2068.2703   20.8042
    0.0000  -37.5000  -45.0000 2076.1973   20.9011
    7.5000  -37.5000  -45.0000 2065.2610   20.9987
   -7.5000  -30.0000  -45.0000 2181.5422   18.5983
    0.0000  -30.0000  -45.0000 2188.2507   18.6330
    7.5000  -30.0000  -45.0000 2177.6431   18.7221
   -7.5000  -22.5000  -45.0000 2288.4619   16.8521
    0.0000  -22.5000  -45.0000 2293.1606   16.8790
    7.5000  -22.5000  -45.0000 2284.1851   16.9603
   -7.5000  -15.0000  -45.0000 2377.1040   15.5316
    0.0000  -15.0000  -45.0000 2385.0305   15.5114
    7.5000  -15.0000  -45.0000 2378.6545   15.6027
   -7.5000   -7.5000  -45.0000 2430.9495   14.6240
    0.0000   -7.5000  -45.0000 2446.7520   14.5729
    7.5000   -7.5000  -45.0000 2440.2363   14.6780
   -7.5000    0.0000  -45.0000 2466.8044   14.0715
    0.0000    0.0000  -45.0000 2481.0354   13.9958
    7.5000    0.0000  -45.0000 2466.4441   14.0852
   -7.5000    7.5000  -45.0000 2482.6096   13.7209
    0.0000    7.5000  -45.0000 2498.6777   13.6276
    7.5000    7.5000  -45.0000 2480.3342   13.6955
   -7.5000   15.0000  -45.0000 2489.0508   13.5592
    0.0000   15.0000  -45.0000 2501.8113   13.4347
    7.5000   15.0000  -45.0000 2487.6038   13.4928
   -7.5000   22.5000  -45.0000 2488.0337   13.5839
    0.0000   22.5000  -45.0000 2504.2529   13.4646
    7.5000   22.5000  -45.0000 2485.9346   13.5280
   -7.5000   30.0000  -45.0000 2461.4321   13.8267
    0.0000   30.0000  -45.0000 2481.6890   13.7332
    7.5000   30.0000  -45.0000 2466.3545   13.8196
   -7.5000   37.5000  -45.0000 2427.4150   14.3489
    0.0000   37.5000  -45.0000 2448.2063   14.2670
    7.5000   37.5000  -45.0000 2431.9045   14.3401
   -7.5000   45.0000  -45.0000 2365.7764   15.1650
    0.0000   45.0000  -45.0000 2383.2007   15.0867
    7.5000   45.0000  -45.0000 2368.6167   15.1402
   -7.5000   52.5000  -45.0000 2266.9260   16.1855
    0.0000   52.5000  -45.0000 2282.3274   16.1001
    7.5000   52.5000  -45.0000 2272.3708   16.1174
   -7.5000  -37.5000  -37.5000 2121.2363   19.6372
    0.0000  -37.5000  -37.5000 2126.2263   19.6829
    7.5000  -37.5000  -37.5000 2113.9636   19.8140
   -7.5000  -30.0000  -37.5000 2245.0125   17.5291
    0.0000  -30.0000  -37.5000 2253.2646   17.5575
    7.5000  -30.0000  -37.5000 2240.3230   17.6461
   -7.5000  -22.5000  -37.5000 2354.5918   15.8730
    0.0000  -22.5000  -37.5000 2368.3591   15.8660
    7.5000  -22.5000  -37.5000 2359.0874   15.9745
   -7.5000  -15.0000  -37.5000 2450.6577   14.5890
    0.0000  -15.0000  -37.5000 2469.5864   14.5798
    7.5000  -15.0000  -37.5000 2459.7019   14.6805
   -7.5000   -7.5000  -37.5000 2510.6584   13.6908
    0.0000   -7.5000  -37.5000 2527.1392   13.6462
    7.5000   -7.5000  -37.5000 2518.4587   13.7297
   -7.5000    0.0000  -37.5000 2554.4783   13.1348
    0.0000    0.0000  -37.5000 2565.3035   13.0435
    7.5000    0.0000  -37.5000 2553.4517   13.1379
   -7.5000    7.5000  -37.5000 2581.7366   12.7769
    0.0000    7.5000  -37.5000 2591.2480   12.6582
    7.5000    7.5000  -37.5000 2574.3330   12.7732
   -7.5000   15.0000  -37.5000 2586.1816   12.6286
    0.0000   15.0000  -37.5000 2596.9958   12.5086
    7.5000   15.0000  -37.5000 2579.8030   12.6108
   -7.5000   22.5000  -37.5000 2581.4734   12.6380
    0.0000   22.5000  -37.5000 2594.1089   12.5300
    7.5000   22.5000  -37.5000 2576.3386   12.6284
   -7.5000   30.0000  -37.5000 2557.6899   12.8564
    0.0000   30.0000  -37.5000 2570.9373   12.7527
    7.5000   30.0000  -37.5000 2556.8105   12.8601
   -7.5000   37.5000  -37.5000 2520.8291   13.3343
    0.0000   37.5000  -37.5000 2539.6523   13.2385
    7.5000   37.5000  -37.5000 2523.1970   13.3400
   -7.5000   45.0000  -37.5000 2462.3999   14.0487
    0.0000   45.0000  -37.5000 2480.8723   13.9797
    7.5000   45.0000  -37.5000 2460.2346   14.0488
   -7.5000   52.5000  -37.5000 2350.8840   15.0110
    0.0000   52.5000  -37.5000 2377.0786   14.9198
    7.5000   52.5000  -37.5000 2360.8486   14.9506
   -7.5000  -37.5000  -30.0000 2211.4785   19.2788
    0.0000  -37.5000  -30.0000 2220.1562   19.2756
    7.5000  -37.5000  -30.0000 2206.7148   19.4465
   -7.5000  -30.0000  -30.0000 2342.7073   17.1676
    0.0000  -30.0000  -30.0000 2356.7761   17.1678
    7.5000  -30.0000  -30.0000 2342.4756   17.3518
   -7.5000  -22.5000  -30.0000 2455.7625   15.4847
    0.0000  -22.5000  -30.0000 2476.7268   15.4544
    7.5000  -22.5000  -30.0000 2468.2307   15.6210
   -7.5000  -15.0000  -30.0000 2557.5886   14.1965
    0.0000  -15.0000  -30.0000 2579.1208   14.1331
    7.5000  -15.0000  -30.0000 2568.3906   14.2838
   -7.5000   -7.5000  -30.0000 2626.5056   13.3004
    0.0000   -7.5000  -30.0000 2644.2466   13.2173
    7.5000   -7.5000  -30.0000 2636.6123   13.3165
   -7.5000    0.0000  -30.0000 2677.6541   12.7111
    0.0000    0.0000  -30.0000 2692.1421   12.6040
    7.5000    0.0000  -30.0000 2679.7930   12.6834
   -7.5000    7.5000  -30.0000 2715.9043   12.3196
    0.0000    7.5000  -30.0000 2729.5540   12.2015
    7.5000    7.5000  -30.0000 2714.2769   12.2934
   -7.5000   15.0000  -30.0000 2724.9854   12.1512
    0.0000   15.0000  -30.0000 2737.2556   12.0525
    7.5000   15.0000  -30.0000 2720.7656   12.1471
   -7.5000   22.5000  -30.0000 2722.7837   12.1567
    0.0000   22.5000  -30.0000 2736.6270   12.0591
    7.5000   22.5000  -30.0000 2719.5515   12.1753
   -7.5000   30.0000  -30.0000 2698.6062   12.4100
    0.0000   30.0000  -30.0000 2718.9243   12.3011
    7.5000   30.0000  -30.0000 2699.8027   12.4236
   -7.5000   37.5000  -30.0000 2662.2593   12.8743
    0.0000   37.5000  -30.0000 2683.4004   12.7685
    7.5000   37.5000  -30.0000 2663.8804   12.8772
   -7.5000   45.0000  -30.0000 2593.6028   13.5680
    0.0000   45.0000  -30.0000 2617.7437   13.4651
    7.5000   45.0000  -30.0000 2597.4915   13.5482
   -7.5000   52.5000  -30.0000 2478.5435   14.4816
    0.0000   52.5000  -30.0000 2503.4072   14.3339
    7.5000   52.5000  -30.0000 2486.7998   14.3948
   -7.5000  -37.5000  -22.5000 2270.2363   18.7924
    0.0000  -37.5000  -22.5000 2285.0969   18.7428
    7.5000  -37.5000  -22.5000 2268.6758   18.9118
   -7.5000  -30.0000  -22.5000 2400.4119   16.6545
    0.0000  -30.0000  -22.5000 2421.1521   16.6353
    7.5000  -30.0000  -22.5000 2410.2668   16.8320
   -7.5000  -22.5000  -22.5000 2519.2280   14.9409
    0.0000  -22.5000  -22.5000 2544.5295   14.9040
    7.5000  -22.5000  -22.5000 2538.7166   15.0850
   -7.5000  -15.0000  -22.5000 2630.5940   13.6808
    0.0000  -15.0000  -22.5000 2654.5679   13.6122
    7.5000  -15.0000  -22.5000 2646.6284   13.7664
   -7.5000   -7.5000  -22.5000 2710.9604   12.7773
    0.0000   -7.5000  -22.5000 2732.3289   12.6951
    7.5000   -7.5000  -22.5000 2723.9001   12.8171
   -7.5000    0.0000  -22.5000 2770.3789   12.1902
    0.0000    0.0000  -22.5000 2788.1257   12.0947
    7.5000    0.0000  -22.5000 2770.5320   12.1683
   -7.5000    7.5000  -22.5000 2813.7339   11.7868
    0.0000    7.5000  -22.5000 2832.0144   11.6506
    7.5000    7.5000  -22.5000 2814.6858   11.7394
   -7.5000   15.0000  -22.5000 2831.8569   11.5867
    0.0000   15.0000  -22.5000 2851.4429   11.4529
    7.5000   15.0000  -22.5000 2833.4360   11.5603
   -7.5000   22.5000  -22.5000 2833.6672   11.6077
    0.0000   22.5000  -22.5000 2851.6431   11.4713
    7.5000   22.5000  -22.5000 2835.1187   11.6058
   -7.5000   30.0000  -22.5000 2810.4358   11.8797
    0.0000   30.0000  -22.5000 2834.0085   11.7411
    7.5000   30.0000  -22.5000 2817.8013   11.8767
   -7.5000   37.5000  -22.5000 2773.5271   12.3313
    0.0000   37.5000  -22.5000 2794.5488   12.1901
    7.5000   37.5000  -22.5000 2774.9067   12.3190
   -7.5000   45.0000  -22.5000 2697.9688   13.0194
    0.0000   45.0000  -22.5000 2718.6191   12.8831
    7.5000   45.0000  -22.5000 2701.7346   12.9538
   -7.5000   52.5000  -22.5000 2577.0374   13.8987
    0.0000   52.5000  -22.5000 2596.8911   13.7368
    7.5000   52.5000  -22.5000 2584.2546   13.8022
   -7.5000  -37.5000  -15.0000 2292.2273   18.3184
    0.0000  -37.5000  -15.0000 2305.8315   18.2452
    7.5000  -37.5000  -15.0000 2296.9817   18.4526
   -7.5000  -30.0000  -15.0000 2419.5173   16.1751
    0.0000  -30.0000  -15.0000 2442.4258   16.1283
    7.5000  -30.0000  -15.0000 2435.7000   16.3059
   -7.5000  -22.5000  -15.0000 2548.3132   14.4999
    0.0000  -22.5000  -15.0000 2572.3411   14.4185
    7.5000  -22.5000  -15.0000 2565.1689   14.5952
   -7.5000  -15.0000  -15.0000 2665.5767   13.2302
    0.0000  -15.0000  -15.0000 2686.7747   13.1363
    7.5000  -15.0000  -15.0000 2679.2144   13.3003
   -7.5000   -7.5000  -15.0000 2757.5354   12.3077
    0.0000   -7.5000  -15.0000 2778.7126   12.2324
    7.5000   -7.5000  -15.0000 2766.5449   12.3594
   -7.5000    0.0000  -15.0000 2826.4861   11.7076
    0.0000    0.0000  -15.0000 2844.8142   11.6044
    7.5000    0.0000  -15.0000 2829.0779   11.7100
   -7.5000    7.5000  -15.0000 2873.3445   11.2821
    0.0000    7.5000  -15.0000 2895.0520   11.1734
    7.5000    7.5000  -15.0000 2875.5935   11.2663
   -7.5000   15.0000  -15.0000 2903.0977   11.0624
    0.0000   15.0000  -15.0000 2923.4004   10.8951
    7.5000   15.0000  -15.0000 2902.9487   11.0216
   -7.5000   22.5000  -15.0000 2908.3645   11.0750
    0.0000   22.5000  -15.0000 2930.4287   10.9075
    7.5000   22.5000  -15.0000 2911.9153   11.0625
   -7.5000   30.0000  -15.0000 2883.2610   11.3465
    0.0000   30.0000  -15.0000 2909.0854   11.1923
    7.5000   30.0000  -15.0000 2892.2183   11.3507
   -7.5000   37.5000  -15.0000 2838.8816   11.8159
    0.0000   37.5000  -15.0000 2863.6152   11.6674
    7.5000   37.5000  -15.0000 2848.2705   11.8114
   -7.5000   45.0000  -15.0000 2761.0933   12.5249
    0.0000   45.0000  -15.0000 2779.6902   12.3361
    7.5000   45.0000  -15.0000 2765.2200   12.4768
   -7.5000   52.5000  -15.0000 2639.7134   13.3972
    0.0000   52.5000  -15.0000 2657.7205   13.2037
    7.5000   52.5000  -15.0000 2642.9429   13.3065
   -7.5000  -37.5000   -7.5000 2296.1418   18.0423
    0.0000  -37.5000   -7.5000 2308.2412   17.9504
    7.5000  -37.5000   -7.5000 2302.9988   18.1862
   -7.5000  -30.0000   -7.5000 2421.1782   15.8840
    0.0000  -30.0000   -7.5000 2438.9583   15.7866
    7.5000  -30.0000   -7.5000 2441.0859   16.0063
   -7.5000  -22.5000   -7.5000 2554.1997   14.2188
    0.0000  -22.5000   -7.5000 2572.0000   14.1089
    7.5000  -22.5000   -7.5000 2570.8137   14.2966
   -7.5000  -15.0000   -7.5000 2673.4058   12.9497
    0.0000  -15.0000   -7.5000 2691.8394   12.8345
    7.5000  -15.0000   -7.5000 2686.1348   12.9835
   -7.5000   -7.5000   -7.5000 2776.9990   11.9988
    0.0000   -7.5000   -7.5000 2798.4426   11.9133
    7.5000   -7.5000   -7.5000 2786.8867   12.0079
   -7.5000    0.0000   -7.5000 2859.0459   11.3563
    0.0000    0.0000   -7.5000 2880.0120   11.2815
    7.5000    0.0000   -7.5000 2865.3850   11.3474
   -7.5000    7.5000   -7.5000 2921.4656   10.9654
    0.0000    7.5000   -7.5000 2943.3967   10.8944
    7.5000    7.5000   -7.5000 2927.0916   10.9466
   -7.5000   15.0000   -7.5000 2951.4707   10.7104
    0.0000   15.0000   -7.5000 2981.9824   10.5758
    7.5000   15.0000   -7.5000 2961.2881   10.6802
   -7.5000   22.5000   -7.5000 2954.8352   10.6674
    0.0000   22.5000   -7.5000 2984.4280   10.4924
    7.5000   22.5000   -7.5000 2963.2031   10.7003
   -7.5000   30.0000   -7.5000 2929.4973   10.9374
    0.0000   30.0000   -7.5000 2954.9390   10.7904
    7.5000   30.0000   -7.5000 2939.2212   10.9693
   -7.5000   37.5000   -7.5000 2885.6028   11.4308
    0.0000   37.5000   -7.5000 2910.2976   11.2643
    7.5000   37.5000   -7.5000 2895.3911   11.4225
   -7.5000   45.0000   -7.5000 2802.1221   12.1604
    0.0000   45.0000   -7.5000 2821.0676   11.9558
    7.5000   45.0000   -7.5000 2812.5276   12.0817
   -7.5000   52.5000   -7.5000 2675.5735   13.0726
    0.0000   52.5000   -7.5000 2692.4014   12.8636
    7.5000   52.5000   -7.5000 2680.9175   12.9614
   -7.5000  -37.5000    0.0000 2288.6060   18.0180
    0.0000  -37.5000    0.0000 2294.7065   17.8718
    7.5000  -37.5000    0.0000 2295.0659   18.0686
   -7.5000  -30.0000    0.0000 2413.4146   15.8203
    0.0000  -30.0000    0.0000 2426.3335   15.7175
    7.5000  -30.0000    0.0000 2426.1433   15.8755
   -7.5000  -22.5000    0.0000 2542.5171   14.1493
    0.0000  -22.5000    0.0000 2560.4917   14.0492
    7.5000  -22.5000    0.0000 2553.2847   14.1888
   -7.5000  -15.0000    0.0000 2662.1843   12.8310
    0.0000  -15.0000    0.0000 2678.7654   12.7445
    7.5000  -15.0000    0.0000 2668.9844   12.8477
   -7.5000   -7.5000    0.0000 2770.5107   11.8548
    0.0000   -7.5000    0.0000 2791.8718   11.7756
    7.5000   -7.5000    0.0000 2779.4971   11.8410
   -7.5000    0.0000    0.0000 2869.5979   11.1944
    0.0000    0.0000    0.0000 2897.3188   11.1321
    7.5000    0.0000    0.0000 2881.0015   11.1676
   -7.5000    7.5000    0.0000 2947.3418   10.8100
    0.0000    7.5000    0.0000 2982.9968   10.8385
    7.5000    7.5000    0.0000 2963.8638   10.8198
   -7.5000   15.0000    0.0000 2980.7410   10.6517
    0.0000   15.0000    0.0000 3039.2754   10.6615
    7.5000   15.0000    0.0000 3009.3508   10.6410
   -7.5000   22.5000    0.0000 2977.6692   10.5577
    0.0000   22.5000    0.0000 3032.2651   10.5153
    7.5000   22.5000    0.0000 3001.2542   10.6059
   -7.5000   30.0000    0.0000 2954.2046   10.7276
    0.0000   30.0000    0.0000 2990.9783   10.6412
    7.5000   30.0000    0.0000 2963.1648   10.7585
   -7.5000   37.5000    0.0000 2901.4419   11.2006
    0.0000   37.5000    0.0000 2927.5505   11.0578
    7.5000   37.5000    0.0000 2912.7639   11.1516
   -7.5000   45.0000    0.0000 2818.8826   11.9584
    0.0000   45.0000    0.0000 2845.0073   11.7906
    7.5000   45.0000    0.0000 2831.7661   11.8625
   -7.5000   52.5000    0.0000 2687.6255   12.9009
    0.0000   52.5000    0.0000 2715.4460   12.7401
    7.5000   52.5000    0.0000 2700.9048   12.7820
   -7.5000  -37.5000    7.5000 2272.1138   18.2142
    0.0000  -37.5000    7.5000 2281.8516   18.0410
    7.5000  -37.5000    7.5000 2281.3174   18.2125
   -7.5000  -30.0000    7.5000 2401.0642   15.9586
    0.0000  -30.0000    7.5000 2410.7207   15.7852
    7.5000  -30.0000    7.5000 2409.0449   15.9528
   -7.5000  -22.5000    7.5000 2525.4583   14.2224
    0.0000  -22.5000    7.5000 2540.7039   14.0560
    7.5000  -22.5000    7.5000 2530.6553   14.2106
   -7.5000  -15.0000    7.5000 2647.8027   12.8679
    0.0000  -15.0000    7.5000 2661.0820   12.7367
    7.5000  -15.0000    7.5000 2647.7021   12.8587
   -7.5000   -7.5000    7.5000 2758.8379   11.8645
    0.0000   -7.5000    7.5000 2778.8804   11.7745
    7.5000   -7.5000    7.5000 2769.4463   11.8602
   -7.5000    0.0000    7.5000 2859.7983   11.1903
    0.0000    0.0000    7.5000 2892.1250   11.1726
    7.5000    0.0000    7.5000 2870.8689   11.1920
   -7.5000    7.5000    7.5000 2943.2021   10.8440
    0.0000    7.5000    7.5000 2998.9260   10.9711
    7.5000    7.5000    7.5000 2968.7783   10.8845
   -7.5000   15.0000    7.5000 2985.6616   10.6510
    0.0000   15.0000    7.5000 3071.9302   10.8044
    7.5000   15.0000    7.5000 3028.1321   10.6981
   -7.5000   22.5000    7.5000 2982.7498   10.6319
    0.0000   22.5000    7.5000 3058.0291   10.6669
    7.5000   22.5000    7.5000 3017.6914   10.6434
   -7.5000   30.0000    7.5000 2948.4880   10.7887
    0.0000   30.0000    7.5000 3000.6084   10.7121
    7.5000   30.0000    7.5000 2967.6755   10.7589
   -7.5000   37.5000    7.5000 2896.2566   11.1883
    0.0000   37.5000    7.5000 2926.2256   11.0730
    7.5000   37.5000    7.5000 2909.5859   11.1392
   -7.5000   45.0000    7.5000 2818.1316   11.8972
    0.0000   45.0000    7.5000 2840.5615   11.7402
    7.5000   45.0000    7.5000 2828.4268   11.8090
   -7.5000   52.5000    7.5000 2688.7219   12.8168
    0.0000   52.5000    7.5000 2712.8306   12.6466
    7.5000   52.5000    7.5000 2703.8528   12.7063
   -7.5000  -37.5000   15.0000 2246.8125   18.4803
    0.0000  -37.5000   15.0000 2263.3716   18.2855
    7.5000  -37.5000   15.0000 2261.0674   18.4838
   -7.5000  -30.0000   15.0000 2378.0823   16.2298
    0.0000  -30.0000   15.0000 2388.9792   15.9709
    7.5000  -30.0000   15.0000 2384.3186   16.1556
   -7.5000  -22.5000   15.0000 2501.5020   14.4671
    0.0000  -22.5000   15.0000 2510.1064   14.2270
    7.5000  -22.5000   15.0000 2500.4580   14.3771
   -7.5000  -15.0000   15.0000 2620.5715   13.1025
    0.0000  -15.0000   15.0000 2630.0684   12.9382
    7.5000  -15.0000   15.0000 2619.4299   13.0733
   -7.5000   -7.5000   15.0000 2735.2798   12.0743
    0.0000   -7.5000   15.0000 2754.5217   11.9710
    7.5000   -7.5000   15.0000 2737.7566   12.0844
   -7.5000    0.0000   15.0000 2835.9514   11.3676
    0.0000    0.0000   15.0000 2862.1536   11.3226
    7.5000    0.0000   15.0000 2840.9980   11.3879
   -7.5000    7.5000   15.0000 2916.0117   10.9541
    0.0000    7.5000   15.0000 2967.6045   10.9680
    7.5000    7.5000   15.0000 2945.7466   10.9678
   -7.5000   15.0000   15.0000 2963.1458   10.7372
    0.0000   15.0000   15.0000 3028.2468   10.6713
    7.5000   15.0000   15.0000 3004.3315   10.7036
   -7.5000   22.5000   15.0000 2965.3569   10.7492
    0.0000   22.5000   15.0000 3028.1562   10.5950
    7.5000   22.5000   15.0000 2999.3167   10.6861
   -7.5000   30.0000   15.0000 2936.3979   11.0058
    0.0000   30.0000   15.0000 2982.4304   10.8489
    7.5000   30.0000   15.0000 2957.0947   10.9319
   -7.5000   37.5000   15.0000 2873.4905   11.4494
    0.0000   37.5000   15.0000 2898.4954   11.3415
    7.5000   37.5000   15.0000 2892.1086   11.3869
   -7.5000   45.0000   15.0000 2791.4819   12.1256
    0.0000   45.0000   15.0000 2809.9976   11.9919
    7.5000   45.0000   15.0000 2800.7810   12.0377
   -7.5000   52.5000   15.0000 2663.7874   12.9826
    0.0000   52.5000   15.0000 2681.8655   12.8204
    7.5000   52.5000   15.0000 2677.3821   12.8551
   -7.5000  -37.5000   22.5000 2220.7563   18.9461
    0.0000  -37.5000   22.5000 2233.2830   18.6819
    7.5000  -37.5000   22.5000 2225.6760   18.9077
   -7.5000  -30.0000   22.5000 2353.5049   16.6798
    0.0000  -30.0000   22.5000 2364.5889   16.3944
    7.5000  -30.0000   22.5000 2352.8101   16.5782
   -7.5000  -22.5000   22.5000 2473.1741   14.8717
    0.0000  -22.5000   22.5000 2486.6792   14.6241
    7.5000  -22.5000   22.5000 2472.5198   14.8064
   -7.5000  -15.0000   22.5000 2590.7478   13.4907
    0.0000  -15.0000   22.5000 2602.9827   13.2582
    7.5000  -15.0000   22.5000 2592.2349   13.4461
   -7.5000   -7.5000   22.5000 2707.6812   12.4572
    0.0000   -7.5000   22.5000 2722.0918   12.2480
    7.5000   -7.5000   22.5000 2709.2317   12.4187
   -7.5000    0.0000   22.5000 2806.1201   11.7191
    0.0000    0.0000   22.5000 2824.3835   11.5695
    7.5000    0.0000   22.5000 2808.5779   11.6996
   -7.5000    7.5000   22.5000 2885.9385   11.2688
    0.0000    7.5000   22.5000 2916.0088   11.1666
    7.5000    7.5000   22.5000 2904.4185   11.2525
   -7.5000   15.0000   22.5000 2928.8643   10.9987
    0.0000   15.0000   22.5000 2964.0833   10.8185
    7.5000   15.0000   22.5000 2953.0588   10.9325
   -7.5000   22.5000   22.5000 2932.3679   11.0230
    0.0000   22.5000   22.5000 2971.8733   10.8301
    7.5000   22.5000   22.5000 2954.6123   10.9369
   -7.5000   30.0000   22.5000 2905.3157   11.3195
    0.0000   30.0000   22.5000 2943.2539   11.1635
    7.5000   30.0000   22.5000 2926.7966   11.2479
   -7.5000   37.5000   22.5000 2837.9075   11.8607
    0.0000   37.5000   22.5000 2863.8184   11.6914
    7.5000   37.5000   22.5000 2855.9570   11.7541
   -7.5000   45.0000   22.5000 2753.6301   12.5264
    0.0000   45.0000   22.5000 2777.0647   12.3818
    7.5000   45.0000   22.5000 2769.1223   12.4325
   -7.5000   52.5000   22.5000 2622.8250   13.3357
    0.0000   52.5000   22.5000 2648.2170   13.1891
    7.5000   52.5000   22.5000 2642.9155   13.2304
   -7.5000  -37.5000   30.0000 2181.0935   19.6739
    0.0000  -37.5000   30.0000 2191.1572   19.3573
    7.5000  -37.5000   30.0000 2180.9097   19.5503
   -7.5000  -30.0000   30.0000 2318.2732   17.3315
    0.0000  -30.0000   30.0000 2326.6624   16.9823
    7.5000  -30.0000   30.0000 2311.2852   17.1487
   -7.5000  -22.5000   30.0000 2440.1541   15.4664
    0.0000  -22.5000   30.0000 2450.8037   15.1196
    7.5000  -22.5000   30.0000 2434.8884   15.3038
   -7.5000  -15.0000   30.0000 2557.9260   14.0361
    0.0000  -15.0000   30.0000 2571.7629   13.7119
    7.5000  -15.0000   30.0000 2557.8052   13.9079
   -7.5000   -7.5000   30.0000 2675.1904   12.9827
    0.0000   -7.5000   30.0000 2690.1504   12.7079
    7.5000   -7.5000   30.0000 2679.2903   12.8947
   -7.5000    0.0000   30.0000 2764.6345   12.2358
    0.0000    0.0000   30.0000 2783.3394   12.0396
    7.5000    0.0000   30.0000 2769.8110   12.1692
   -7.5000    7.5000   30.0000 2833.3845   11.7606
    0.0000    7.5000   30.0000 2857.0364   11.5305
    7.5000    7.5000   30.0000 2849.0090   11.6606
   -7.5000   15.0000   30.0000 2872.7615   11.4401
    0.0000   15.0000   30.0000 2896.7727   11.1930
    7.5000   15.0000   30.0000 2887.4041   11.3479
   -7.5000   22.5000   30.0000 2878.2603   11.4912
    0.0000   22.5000   30.0000 2904.3018   11.2893
    7.5000   22.5000   30.0000 2889.4290   11.4082
   -7.5000   30.0000   30.0000 2847.0234   11.8073
    0.0000   30.0000   30.0000 2879.8167   11.6412
    7.5000   30.0000   30.0000 2862.2473   11.7283
   -7.5000   37.5000   30.0000 2780.0427   12.3620
    0.0000   37.5000   30.0000 2809.5554   12.1848
    7.5000   37.5000   30.0000 2796.5754   12.2581
   -7.5000   45.0000   30.0000 2699.7590   13.0861
    0.0000   45.0000   30.0000 2720.4976   12.8892
    7.5000   45.0000   30.0000 2714.1455   12.9642
   -7.5000   52.5000   30.0000 2572.4609   13.8912
    0.0000   52.5000   30.0000 2599.6455   13.7233
    7.5000   52.5000   30.0000 2595.7339   13.7821
   -7.5000  -37.5000   37.5000 2134.4939   20.6481
    0.0000  -37.5000   37.5000 2140.7949   20.2020
    7.5000  -37.5000   37.5000 2131.9739   20.3158
   -7.5000  -30.0000   37.5000 2273.2056   18.1737
    0.0000  -30.0000   37.5000 2278.3220   17.7065
    7.5000  -30.0000   37.5000 2267.1248   17.8366
   -7.5000  -22.5000   37.5000 2395.0588   16.2190
    0.0000  -22.5000   37.5000 2408.4766   15.7799
    7.5000  -22.5000   37.5000 2397.4507   15.9491
   -7.5000  -15.0000   37.5000 2517.1448   14.7584
    0.0000  -15.0000   37.5000 2530.4321   14.3544
    7.5000  -15.0000   37.5000 2518.5698   14.5623
   -7.5000   -7.5000   37.5000 2628.8374   13.6743
    0.0000   -7.5000   37.5000 2644.6562   13.3486
    7.5000   -7.5000   37.5000 2632.8442   13.5402
   -7.5000    0.0000   37.5000 2710.6904   12.9105
    0.0000    0.0000   37.5000 2734.1309   12.6378
    7.5000    0.0000   37.5000 2721.8828   12.7963
   -7.5000    7.5000   37.5000 2767.0317   12.3929
    0.0000    7.5000   37.5000 2795.3108   12.1092
    7.5000    7.5000   37.5000 2786.1033   12.2621
   -7.5000   15.0000   37.5000 2803.7173   12.0596
    0.0000   15.0000   37.5000 2827.0386   11.7985
    7.5000   15.0000   37.5000 2816.7432   11.9700
   -7.5000   22.5000   37.5000 2809.3225   12.1136
    0.0000   22.5000   37.5000 2830.9985   11.8986
    7.5000   22.5000   37.5000 2821.2397   12.0183
   -7.5000   30.0000   37.5000 2774.4817   12.4312
    0.0000   30.0000   37.5000 2804.1863   12.2520
    7.5000   30.0000   37.5000 2790.8982   12.3405
   -7.5000   37.5000   37.5000 2711.1172   12.9854
    0.0000   37.5000   37.5000 2737.6899   12.7874
    7.5000   37.5000   37.5000 2727.0271   12.8761
   -7.5000   45.0000   37.5000 2630.5808   13.6985
    0.0000   45.0000   37.5000 2651.0588   13.4940
    7.5000   45.0000   37.5000 2644.0625   13.5699
   -7.5000   52.5000   37.5000 2514.2607   14.5219
    0.0000   52.5000   37.5000 2538.0020   14.3261
    7.5000   52.5000   37.5000 2535.7161   14.3888
   -7.5000  -37.5000   45.0000 2081.3127   21.7812
    0.0000  -37.5000   45.0000 2091.0664   21.2586
    7.5000  -37.5000   45.0000 2080.5493   21.3768
   -7.5000  -30.0000   45.0000 2219.2073   19.1565
    0.0000  -30.0000   45.0000 2231.0151   18.6233
    7.5000  -30.0000   45.0000 2218.0046   18.7535
   -7.5000  -22.5000   45.0000 2339.4817   17.1389
    0.0000  -22.5000   45.0000 2362.6797   16.6874
    7.5000  -22.5000   45.0000 2348.5852   16.8461
   -7.5000  -15.0000   45.0000 2460.1370   15.6065
    0.0000  -15.0000   45.0000 2478.6836   15.2185
    7.5000  -15.0000   45.0000 2467.0601   15.4202
   -7.5000   -7.5000   45.0000 2561.0815   14.5110
    0.0000   -7.5000   45.0000 2579.9641   14.1754
    7.5000   -7.5000   45.0000 2568.3931   14.3597
   -7.5000    0.0000   45.0000 2638.4263   13.7196
    0.0000    0.0000   45.0000 2661.4958   13.4124
    7.5000    0.0000   45.0000 2650.6453   13.6014
   -7.5000    7.5000   45.0000 2692.5828   13.1634
    0.0000    7.5000   45.0000 2714.7681   12.8713
    7.5000    7.5000   45.0000 2705.4314   13.0585
   -7.5000   15.0000   45.0000 2717.6060   12.8556
    0.0000   15.0000   45.0000 2740.5435   12.6145
    7.5000   15.0000   45.0000 2730.3850   12.7709
   -7.5000   22.5000   45.0000 2720.4451   12.8967
    0.0000   22.5000   45.0000 2745.3435   12.6740
    7.5000   22.5000   45.0000 2741.3967   12.7748
   -7.5000   30.0000   45.0000 2692.9934   13.1867
    0.0000   30.0000   45.0000 2719.8867   12.9807
    7.5000   30.0000   45.0000 2708.1140   13.0834
   -7.5000   37.5000   45.0000 2639.0718   13.7022
    0.0000   37.5000   45.0000 2667.3579   13.5003
    7.5000   37.5000   45.0000 2654.5786   13.6047
   -7.5000   45.0000   45.0000 2557.4277   14.4207
    0.0000   45.0000   45.0000 2582.3916   14.2108
    7.5000   45.0000   45.0000 2576.4302   14.3108
   -7.5000   52.5000   45.0000 2446.2734   15.2754
    0.0000   52.5000   45.0000 2467.2522   15.0744
    7.5000   52.5000   45.0000 2461.8560   15.1365

---------------------------------------------------------------------
imgreg_4dfp /opt/freesurfer/average/711-2C_as_mni_average_305 /opt/freesurfer/average/711-2B_as_mni_average_305_mask talsrcimg_g11 none talsrcimg_to_711-2C_as_mni_average_305_t4 1283
---------------------------------------------------------------------

freesurfer imgreg_4dfp.c
/opt/freesurfer/average/711-2C_as_mni_average_305.4dfp.img
       256       256       256         1
  1.000000  1.000000  1.000000
orientation T byte_order littleendian
Reading image: /opt/freesurfer/average/711-2C_as_mni_average_305.4dfp.img
dimensions:      256       256       256
mmppix:       1.0000   -1.0000   -1.0000
center:     128.0000 -129.0000 -129.0000
/opt/freesurfer/average/711-2B_as_mni_average_305_mask.4dfp.img
       256       256       256         1
  1.000000  1.000000  1.000000
orientation T byte_order littleendian
Reading mask: /opt/freesurfer/average/711-2B_as_mni_average_305_mask.4dfp.img (2306576 pixels)
talsrcimg_g11.4dfp.img
       256       256       256         1
  1.000000  1.000000  1.000000
orientation T byte_order littleendian
Reading image: talsrcimg_g11.4dfp.img
dimensions:      256       256       256
mmppix:       1.0000   -1.0000   -1.0000
center:     128.0000 -129.0000 -129.0000
rotation matrix determinant  1.000000
fimgreg.f
image alignment mode   1283 decimal      503 hex
parameters
    0.0000   15.0000    7.5000    0.0000    0.0000    0.0000
eta,q 0.96251 10.84058
niter,ni,del,rscale     5    3   12.0000    1.2000
parameter  4  4.468826 ->  0.500000 qaram    1.1500
parameter  6 -0.948122 -> -0.500000 qaram    1.1500
parameters
    1.3547   17.0573    6.7571   -3.4500    0.6507    3.4500
eta,q 0.96943 10.72736
  0.0585  0.0525  0.0423  0.0322  0.0452  0.0427
  0.0506  0.0437  0.0389  0.0330  0.0401  0.0391
  0.0434  0.0383  0.0375  0.0349  0.0355  0.0360
  0.0383  0.0370  0.0373  0.0373  0.0334  0.0335
  0.0375  0.0373  0.0384  0.0388  0.0344  0.0315
  0.0412  0.0374  0.0411  0.0406  0.0373  0.0304
  0.0470  0.0386  0.0458  0.0430  0.0411  0.0307
niter,ni,del,rscale     6    3   12.0000    1.2000
parameter  4  0.515760 ->  0.500000 qaram    1.3225
parameters
    1.4240   18.7663    6.4063   -7.4175    0.4855    3.9076
eta,q 0.97407 10.71715
  0.0498  0.0476  0.0381  0.0309  0.0368  0.0373
  0.0413  0.0395  0.0330  0.0265  0.0315  0.0327
  0.0332  0.0335  0.0301  0.0265  0.0275  0.0287
  0.0306  0.0306  0.0299  0.0298  0.0261  0.0260
  0.0339  0.0298  0.0314  0.0339  0.0281  0.0268
  0.0403  0.0310  0.0347  0.0378  0.0323  0.0302
  0.0489  0.0352  0.0400  0.0406  0.0379  0.0355
niter,ni,del,rscale     6    3   12.0000    1.2000
parameters
    1.4066   19.6466    6.1315   -6.6886    0.5037    4.0199
eta,q 0.97352 10.67375
  0.0470  0.0476  0.0375  0.0425  0.0373  0.0357
  0.0371  0.0378  0.0314  0.0358  0.0317  0.0311
  0.0287  0.0287  0.0274  0.0289  0.0276  0.0278
  0.0259  0.0259  0.0265  0.0264  0.0265  0.0265
  0.0297  0.0279  0.0288  0.0278  0.0280  0.0278
  0.0372  0.0315  0.0332  0.0321  0.0317  0.0306
  0.0470  0.0373  0.0393  0.0377  0.0370  0.0352
niter,ni,del,rscale     5    3   12.0000    1.2000
parameters
    1.3294   19.6082    6.1600   -6.5053    0.5390    4.0131
eta,q 0.97354 10.67173
  0.0460  0.0419  0.0388  0.0411  0.0374  0.0354
  0.0368  0.0319  0.0323  0.0337  0.0317  0.0309
  0.0288  0.0261  0.0278  0.0276  0.0276  0.0277
  0.0265  0.0264  0.0264  0.0264  0.0265  0.0265
  0.0304  0.0293  0.0282  0.0288  0.0280  0.0278
  0.0375  0.0337  0.0324  0.0335  0.0317  0.0308
  0.0466  0.0403  0.0383  0.0390  0.0369  0.0355
niter,ni,del,rscale     4    3   12.0000    1.2000
parameters
    1.3139   19.5635    6.1754   -6.4540    0.5514    4.0088
eta,q 0.97357 10.67192
  0.0464  0.0418  0.0388  0.0407  0.0374  0.0354
  0.0371  0.0318  0.0323  0.0332  0.0317  0.0309
  0.0291  0.0261  0.0278  0.0274  0.0276  0.0276
  0.0265  0.0265  0.0264  0.0264  0.0264  0.0264
  0.0302  0.0293  0.0282  0.0290  0.0280  0.0278
  0.0372  0.0336  0.0325  0.0339  0.0318  0.0308
  0.0463  0.0402  0.0383  0.0392  0.0370  0.0355
registration optimization eta report
parameter search radius
    6.0000    6.0000    6.0000    7.9350    6.0000    6.9000
100000*second partial in parameter space
       53.       41.       33.       21.       30.       19.
  0.0464  0.0418  0.0388  0.0407  0.0374  0.0354
  0.0371  0.0318  0.0323  0.0332  0.0317  0.0309
  0.0291  0.0261  0.0278  0.0274  0.0276  0.0276
  0.0265  0.0265  0.0264  0.0264  0.0264  0.0264
  0.0302  0.0293  0.0282  0.0290  0.0280  0.0278
  0.0372  0.0336  0.0325  0.0339  0.0318  0.0308
  0.0463  0.0402  0.0383  0.0392  0.0370  0.0355
    1.3139   19.5635    6.1754   -6.4540    0.5514    4.0088
eta,q 0.97357 10.67192

---------------------------------------------------------------------
imgreg_4dfp /opt/freesurfer/average/711-2C_as_mni_average_305 /opt/freesurfer/average/711-2B_as_mni_average_305_mask talsrcimg_g11 none talsrcimg_to_711-2C_as_mni_average_305_t4 3335
---------------------------------------------------------------------

freesurfer imgreg_4dfp.c
/opt/freesurfer/average/711-2C_as_mni_average_305.4dfp.img
       256       256       256         1
  1.000000  1.000000  1.000000
orientation T byte_order littleendian
Reading image: /opt/freesurfer/average/711-2C_as_mni_average_305.4dfp.img
dimensions:      256       256       256
mmppix:       1.0000   -1.0000   -1.0000
center:     128.0000 -129.0000 -129.0000
/opt/freesurfer/average/711-2B_as_mni_average_305_mask.4dfp.img
       256       256       256         1
  1.000000  1.000000  1.000000
orientation T byte_order littleendian
Reading mask: /opt/freesurfer/average/711-2B_as_mni_average_305_mask.4dfp.img (2306576 pixels)
talsrcimg_g11.4dfp.img
       256       256       256         1
  1.000000  1.000000  1.000000
orientation T byte_order littleendian
Reading image: talsrcimg_g11.4dfp.img
dimensions:      256       256       256
mmppix:       1.0000   -1.0000   -1.0000
center:     128.0000 -129.0000 -129.0000
fimgreg.f
image alignment mode   3335 decimal      D07 hex
parameters
    1.3139   19.5635    6.1754   -0.2493   -0.8693   -0.6384
   -6.8387   -1.7397    6.9906   11.1462    0.9623  -11.2400
eta,q 0.97448 10.83281
niter,ni,del,rscale     5    3    5.0000    1.2000
parameter  4  0.600001 ->  0.500000 qaram    1.1500
parameter  5  1.476947 ->  0.500000 qaram    1.1500
parameters
    1.2866   19.6734    5.7893   -4.3893   -5.0093   -2.2960
   -5.4475   -0.5368    8.5142    9.7526    2.3530  -14.8009
eta,q 0.98067 10.65485
  0.0296  0.0285  0.0269  0.0247  0.0192  0.0221  0.0243  0.0267  0.0234  0.0223  0.0213  0.0197
  0.0273  0.0270  0.0260  0.0239  0.0198  0.0210  0.0223  0.0235  0.0218  0.0207  0.0205  0.0194
  0.0259  0.0260  0.0255  0.0240  0.0213  0.0202  0.0209  0.0211  0.0206  0.0198  0.0200  0.0194
  0.0255  0.0255  0.0255  0.0254  0.0238  0.0201  0.0201  0.0200  0.0199  0.0198  0.0197  0.0197
  0.0261  0.0257  0.0260  0.0283  0.0271  0.0208  0.0201  0.0201  0.0198  0.0208  0.0197  0.0203
  0.0275  0.0266  0.0269  0.0322  0.0306  0.0230  0.0207  0.0212  0.0203  0.0228  0.0199  0.0213
  0.0297  0.0280  0.0281  0.0364  0.0336  0.0268  0.0220  0.0234  0.0214  0.0255  0.0204  0.0224
niter,ni,del,rscale     6    3    5.0000    1.2000
parameters
    1.5239   19.8815    5.9021   -4.4976   -8.8086   -1.3879
   -5.6281   -0.7547    8.6421   10.3308    2.0137  -15.4010
eta,q 0.98181 10.56274
  0.0237  0.0230  0.0210  0.0235  0.0197  0.0213  0.0210  0.0229  0.0207  0.0222  0.0193  0.0194
  0.0215  0.0211  0.0201  0.0218  0.0186  0.0200  0.0195  0.0203  0.0194  0.0202  0.0187  0.0187
  0.0200  0.0198  0.0195  0.0203  0.0184  0.0190  0.0186  0.0186  0.0186  0.0189  0.0183  0.0183
  0.0193  0.0193  0.0193  0.0193  0.0193  0.0184  0.0183  0.0183  0.0183  0.0183  0.0182  0.0182
  0.0195  0.0195  0.0194  0.0194  0.0213  0.0182  0.0186  0.0190  0.0185  0.0184  0.0184  0.0185
  0.0205  0.0204  0.0199  0.0212  0.0248  0.0185  0.0197  0.0207  0.0193  0.0194  0.0188  0.0190
  0.0223  0.0219  0.0208  0.0246  0.0290  0.0205  0.0214  0.0235  0.0206  0.0212  0.0195  0.0198
niter,ni,del,rscale     5    3    5.0000    1.2000
parameters
    1.6164   20.0450    6.1248   -4.0277   -9.4264   -1.5450
   -5.7873   -0.6631    8.6781   10.4324    1.8968  -15.4701
eta,q 0.98193 10.54685
  0.0221  0.0216  0.0200  0.0228  0.0217  0.0206  0.0209  0.0232  0.0205  0.0215  0.0193  0.0194
  0.0201  0.0198  0.0191  0.0210  0.0199  0.0194  0.0194  0.0204  0.0192  0.0197  0.0186  0.0187
  0.0187  0.0187  0.0184  0.0194  0.0185  0.0185  0.0184  0.0186  0.0183  0.0186  0.0182  0.0182
  0.0182  0.0182  0.0182  0.0182  0.0180  0.0181  0.0181  0.0181  0.0181  0.0181  0.0181  0.0181
  0.0185  0.0184  0.0182  0.0180  0.0186  0.0179  0.0184  0.0186  0.0183  0.0184  0.0182  0.0183
  0.0196  0.0193  0.0187  0.0195  0.0203  0.0188  0.0195  0.0202  0.0191  0.0195  0.0187  0.0187
  0.0216  0.0208  0.0194  0.0226  0.0235  0.0216  0.0212  0.0229  0.0204  0.0214  0.0194  0.0195
niter,ni,del,rscale     4    3    5.0000    1.2000
parameters
    1.6203   20.0782    6.1596   -3.9403   -9.4768   -1.5333
   -5.7932   -0.6350    8.6878   10.4531    1.8851  -15.4772
eta,q 0.98195 10.54790
  0.0218  0.0212  0.0197  0.0225  0.0221  0.0207  0.0210  0.0231  0.0204  0.0214  0.0194  0.0194
  0.0198  0.0195  0.0188  0.0207  0.0202  0.0195  0.0194  0.0203  0.0191  0.0196  0.0186  0.0187
  0.0185  0.0184  0.0183  0.0192  0.0187  0.0185  0.0184  0.0186  0.0183  0.0185  0.0182  0.0182
  0.0181  0.0181  0.0181  0.0181  0.0181  0.0181  0.0181  0.0181  0.0181  0.0181  0.0181  0.0180
  0.0185  0.0184  0.0182  0.0182  0.0184  0.0179  0.0184  0.0186  0.0183  0.0184  0.0182  0.0182
  0.0197  0.0194  0.0187  0.0199  0.0198  0.0187  0.0194  0.0203  0.0191  0.0196  0.0186  0.0187
  0.0218  0.0210  0.0196  0.0231  0.0226  0.0214  0.0210  0.0230  0.0204  0.0214  0.0193  0.0194
niter,ni,del,rscale     3    3    5.0000    1.2000
parameters
    1.6191   20.0798    6.1606   -3.9303   -9.4797   -1.5349
   -5.7932   -0.6311    8.6894   10.4543    1.8814  -15.4780
eta,q 0.98195 10.54801
  0.0217  0.0211  0.0196  0.0224  0.0222  0.0207  0.0210  0.0231  0.0204  0.0214  0.0194  0.0194
  0.0198  0.0194  0.0188  0.0207  0.0202  0.0195  0.0194  0.0203  0.0191  0.0196  0.0186  0.0187
  0.0185  0.0184  0.0182  0.0191  0.0187  0.0185  0.0184  0.0185  0.0183  0.0185  0.0182  0.0182
  0.0181  0.0180  0.0181  0.0180  0.0180  0.0180  0.0180  0.0180  0.0180  0.0180  0.0180  0.0180
  0.0185  0.0184  0.0182  0.0182  0.0184  0.0179  0.0184  0.0187  0.0183  0.0184  0.0182  0.0182
  0.0197  0.0194  0.0188  0.0199  0.0198  0.0187  0.0194  0.0203  0.0191  0.0196  0.0186  0.0187
  0.0218  0.0210  0.0196  0.0232  0.0226  0.0214  0.0210  0.0230  0.0204  0.0214  0.0193  0.0194
registration optimization eta report
parameter search radius
    2.4000    2.4000    2.4000    8.2800    8.2800    7.2000
    7.2000    7.2000    7.2000    7.2000    7.2000    7.2000
100000*second partial in parameter space
       64.       52.       27.        7.        6.        6.
        6.       10.        5.        6.        2.        3.
  0.0217  0.0211  0.0196  0.0224  0.0222  0.0207  0.0210  0.0231  0.0204  0.0214  0.0194  0.0194
  0.0198  0.0194  0.0188  0.0207  0.0202  0.0195  0.0194  0.0203  0.0191  0.0196  0.0186  0.0187
  0.0185  0.0184  0.0182  0.0191  0.0187  0.0185  0.0184  0.0185  0.0183  0.0185  0.0182  0.0182
  0.0181  0.0180  0.0181  0.0180  0.0180  0.0180  0.0180  0.0180  0.0180  0.0180  0.0180  0.0180
  0.0185  0.0184  0.0182  0.0182  0.0184  0.0179  0.0184  0.0187  0.0183  0.0184  0.0182  0.0182
  0.0197  0.0194  0.0188  0.0199  0.0198  0.0187  0.0194  0.0203  0.0191  0.0196  0.0186  0.0187
  0.0218  0.0210  0.0196  0.0232  0.0226  0.0214  0.0210  0.0230  0.0204  0.0214  0.0193  0.0194
    1.6191   20.0798    6.1606   -3.9303   -9.4797   -1.5349
   -5.7932   -0.6311    8.6894   10.4543    1.8814  -15.4780
eta,q 0.98195 10.54801

---------------------------------------------------------------------
imgreg_4dfp /opt/freesurfer/average/711-2C_as_mni_average_305 /opt/freesurfer/average/711-2B_as_mni_average_305_mask talsrcimg_g11 none talsrcimg_to_711-2C_as_mni_average_305_t4 2311
---------------------------------------------------------------------

freesurfer imgreg_4dfp.c
/opt/freesurfer/average/711-2C_as_mni_average_305.4dfp.img
       256       256       256         1
  1.000000  1.000000  1.000000
orientation T byte_order littleendian
Reading image: /opt/freesurfer/average/711-2C_as_mni_average_305.4dfp.img
dimensions:      256       256       256
mmppix:       1.0000   -1.0000   -1.0000
center:     128.0000 -129.0000 -129.0000
/opt/freesurfer/average/711-2B_as_mni_average_305_mask.4dfp.img
       256       256       256         1
  1.000000  1.000000  1.000000
orientation T byte_order littleendian
Reading mask: /opt/freesurfer/average/711-2B_as_mni_average_305_mask.4dfp.img (2306576 pixels)
talsrcimg_g11.4dfp.img
       256       256       256         1
  1.000000  1.000000  1.000000
orientation T byte_order littleendian
Reading image: talsrcimg_g11.4dfp.img
dimensions:      256       256       256
mmppix:       1.0000   -1.0000   -1.0000
center:     128.0000 -129.0000 -129.0000
fimgreg.f
image alignment mode   2311 decimal      907 hex
parameters
    1.6191   20.0798    6.1606   -3.9303   -9.4797   -1.5349
   -5.7932   -0.6311    8.6894   10.4543    1.8814  -15.4780
eta,q 0.98195 10.54801
niter,ni,del,rscale     5    3    5.0000    0.8000
parameters
    1.6345   20.0663    6.1594   -3.1395   -9.1486   -0.7670
   -5.7750   -0.5072    8.5724   10.6496    2.0578  -15.3840
eta,q 0.98213 10.61060
  0.0198  0.0194  0.0188  0.0202  0.0196  0.0193  0.0193  0.0205  0.0189  0.0196  0.0186  0.0185
  0.0188  0.0186  0.0184  0.0193  0.0188  0.0187  0.0185  0.0191  0.0183  0.0187  0.0182  0.0182
  0.0183  0.0182  0.0181  0.0186  0.0182  0.0182  0.0181  0.0182  0.0180  0.0182  0.0180  0.0179
  0.0180  0.0181  0.0181  0.0181  0.0179  0.0179  0.0179  0.0179  0.0179  0.0179  0.0179  0.0179
  0.0182  0.0182  0.0181  0.0180  0.0180  0.0178  0.0180  0.0181  0.0180  0.0180  0.0179  0.0180
  0.0188  0.0187  0.0184  0.0184  0.0185  0.0180  0.0185  0.0189  0.0184  0.0185  0.0181  0.0181
  0.0197  0.0194  0.0188  0.0193  0.0193  0.0188  0.0193  0.0202  0.0190  0.0194  0.0185  0.0185
niter,ni,del,rscale     4    3    5.0000    0.7000
parameters
    1.5838   20.0156    6.0483   -3.0963   -9.0644   -0.7446
   -5.6600   -0.5510    8.5378   10.6900    2.1506  -15.4408
eta,q 0.98214 10.61679
  0.0191  0.0189  0.0183  0.0194  0.0191  0.0188  0.0190  0.0198  0.0187  0.0191  0.0184  0.0183
  0.0184  0.0183  0.0180  0.0187  0.0185  0.0183  0.0184  0.0187  0.0182  0.0185  0.0181  0.0181
  0.0180  0.0180  0.0179  0.0181  0.0180  0.0180  0.0180  0.0180  0.0179  0.0181  0.0179  0.0179
  0.0179  0.0179  0.0179  0.0179  0.0179  0.0179  0.0179  0.0179  0.0179  0.0179  0.0179  0.0179
  0.0181  0.0180  0.0180  0.0180  0.0180  0.0178  0.0179  0.0181  0.0180  0.0180  0.0179  0.0179
  0.0185  0.0184  0.0182  0.0185  0.0184  0.0181  0.0183  0.0188  0.0182  0.0184  0.0181  0.0181
  0.0193  0.0190  0.0185  0.0195  0.0190  0.0190  0.0189  0.0198  0.0187  0.0191  0.0183  0.0183
niter,ni,del,rscale     3    3    5.0000    0.6000
parameters
    1.5739   20.0177    6.0314   -3.0226   -9.0460   -0.5510
   -5.6195   -0.5725    8.4974   10.7375    2.1968  -15.5160
eta,q 0.98216 10.62581
  0.0188  0.0187  0.0182  0.0191  0.0187  0.0185  0.0186  0.0193  0.0185  0.0188  0.0182  0.0182
  0.0183  0.0182  0.0180  0.0185  0.0183  0.0182  0.0182  0.0185  0.0181  0.0183  0.0180  0.0180
  0.0180  0.0179  0.0179  0.0181  0.0180  0.0180  0.0180  0.0180  0.0179  0.0180  0.0179  0.0179
  0.0179  0.0179  0.0179  0.0179  0.0179  0.0179  0.0178  0.0178  0.0178  0.0178  0.0178  0.0178
  0.0180  0.0179  0.0179  0.0179  0.0179  0.0178  0.0179  0.0180  0.0179  0.0179  0.0179  0.0179
  0.0183  0.0182  0.0180  0.0183  0.0182  0.0179  0.0182  0.0185  0.0181  0.0182  0.0180  0.0180
  0.0189  0.0187  0.0183  0.0191  0.0188  0.0185  0.0186  0.0193  0.0185  0.0188  0.0182  0.0182
niter,ni,del,rscale     2    3    5.0000    0.5000
parameters
    1.5674   20.0154    6.0073   -2.9684   -9.0368   -0.3935
   -5.5776   -0.5924    8.4644   10.7874    2.2081  -15.6211
eta,q 0.98218 10.63276
  0.0185  0.0184  0.0181  0.0187  0.0185  0.0183  0.0184  0.0189  0.0183  0.0185  0.0181  0.0181
  0.0181  0.0181  0.0179  0.0183  0.0181  0.0181  0.0181  0.0183  0.0180  0.0182  0.0179  0.0179
  0.0179  0.0179  0.0179  0.0180  0.0179  0.0179  0.0179  0.0179  0.0179  0.0179  0.0178  0.0178
  0.0178  0.0178  0.0178  0.0178  0.0178  0.0178  0.0178  0.0178  0.0178  0.0178  0.0178  0.0178
  0.0179  0.0179  0.0179  0.0179  0.0179  0.0178  0.0179  0.0180  0.0179  0.0179  0.0179  0.0179
  0.0182  0.0181  0.0180  0.0182  0.0181  0.0179  0.0181  0.0183  0.0180  0.0181  0.0179  0.0180
  0.0186  0.0184  0.0181  0.0187  0.0185  0.0183  0.0184  0.0189  0.0183  0.0185  0.0181  0.0181
niter,ni,del,rscale     1    3    5.0000    0.4000
parameters
    1.5619   20.0217    5.9906   -2.9383   -9.0333   -0.2067
   -5.5280   -0.6069    8.4282   10.8497    2.2476  -15.6848
eta,q 0.98219 10.63955
  0.0183  0.0182  0.0180  0.0184  0.0182  0.0181  0.0182  0.0185  0.0181  0.0183  0.0180  0.0180
  0.0180  0.0180  0.0179  0.0181  0.0180  0.0180  0.0180  0.0181  0.0179  0.0180  0.0179  0.0179
  0.0179  0.0179  0.0178  0.0179  0.0179  0.0179  0.0179  0.0179  0.0178  0.0179  0.0178  0.0178
  0.0178  0.0178  0.0178  0.0178  0.0178  0.0178  0.0178  0.0178  0.0178  0.0178  0.0178  0.0178
  0.0179  0.0179  0.0178  0.0179  0.0179  0.0178  0.0178  0.0179  0.0178  0.0178  0.0178  0.0178
  0.0180  0.0180  0.0179  0.0181  0.0180  0.0179  0.0180  0.0181  0.0179  0.0180  0.0179  0.0179
  0.0183  0.0182  0.0180  0.0184  0.0182  0.0181  0.0182  0.0185  0.0181  0.0182  0.0180  0.0180
registration optimization eta report
parameter search radius
    0.8000    0.8000    0.8000    2.4000    2.4000    2.4000
    2.4000    2.4000    2.4000    2.4000    2.4000    2.4000
100000*second partial in parameter space
       71.       55.       28.       10.        7.        5.
        6.       12.        5.        8.        3.        3.
  0.0183  0.0182  0.0180  0.0184  0.0182  0.0181  0.0182  0.0185  0.0181  0.0183  0.0180  0.0180
  0.0180  0.0180  0.0179  0.0181  0.0180  0.0180  0.0180  0.0181  0.0179  0.0180  0.0179  0.0179
  0.0179  0.0179  0.0178  0.0179  0.0179  0.0179  0.0179  0.0179  0.0178  0.0179  0.0178  0.0178
  0.0178  0.0178  0.0178  0.0178  0.0178  0.0178  0.0178  0.0178  0.0178  0.0178  0.0178  0.0178
  0.0179  0.0179  0.0178  0.0179  0.0179  0.0178  0.0178  0.0179  0.0178  0.0178  0.0178  0.0178
  0.0180  0.0180  0.0179  0.0181  0.0180  0.0179  0.0180  0.0181  0.0179  0.0180  0.0179  0.0179
  0.0183  0.0182  0.0180  0.0184  0.0182  0.0181  0.0182  0.0185  0.0181  0.0182  0.0180  0.0180
    1.5619   20.0217    5.9906   -2.9383   -9.0333   -0.2067
   -5.5280   -0.6069    8.4282   10.8497    2.2476  -15.6848
eta,q 0.98219 10.63955

---------------------------------------------------------------------
imgreg_4dfp /opt/freesurfer/average/711-2C_as_mni_average_305 /opt/freesurfer/average/711-2B_as_mni_average_305_mask talsrcimg_g11 none talsrcimg_to_711-2C_as_mni_average_305_t4 2311
---------------------------------------------------------------------

freesurfer imgreg_4dfp.c
/opt/freesurfer/average/711-2C_as_mni_average_305.4dfp.img
       256       256       256         1
  1.000000  1.000000  1.000000
orientation T byte_order littleendian
Reading image: /opt/freesurfer/average/711-2C_as_mni_average_305.4dfp.img
dimensions:      256       256       256
mmppix:       1.0000   -1.0000   -1.0000
center:     128.0000 -129.0000 -129.0000
/opt/freesurfer/average/711-2B_as_mni_average_305_mask.4dfp.img
       256       256       256         1
  1.000000  1.000000  1.000000
orientation T byte_order littleendian
Reading mask: /opt/freesurfer/average/711-2B_as_mni_average_305_mask.4dfp.img (2306576 pixels)
talsrcimg_g11.4dfp.img
       256       256       256         1
  1.000000  1.000000  1.000000
orientation T byte_order littleendian
Reading image: talsrcimg_g11.4dfp.img
dimensions:      256       256       256
mmppix:       1.0000   -1.0000   -1.0000
center:     128.0000 -129.0000 -129.0000
fimgreg.f
image alignment mode   2311 decimal      907 hex
parameters
    1.5619   20.0217    5.9906   -2.9383   -9.0333   -0.2067
   -5.5280   -0.6069    8.4282   10.8497    2.2476  -15.6848
eta,q 0.98219 10.63955
niter,ni,del,rscale     5    3    5.0000    0.8000
parameters
    1.5461   20.0176    6.0119   -3.2512   -9.1072   -0.8835
   -5.6116   -0.6141    8.5451   10.6811    2.1533  -15.4644
eta,q 0.98212 10.60735
  0.0196  0.0192  0.0186  0.0196  0.0193  0.0188  0.0192  0.0204  0.0190  0.0193  0.0185  0.0186
  0.0186  0.0184  0.0181  0.0187  0.0185  0.0183  0.0185  0.0189  0.0184  0.0186  0.0181  0.0182
  0.0180  0.0180  0.0179  0.0181  0.0180  0.0180  0.0180  0.0181  0.0180  0.0181  0.0179  0.0180
  0.0178  0.0178  0.0178  0.0178  0.0178  0.0178  0.0179  0.0179  0.0179  0.0179  0.0179  0.0179
  0.0180  0.0180  0.0179  0.0181  0.0180  0.0179  0.0180  0.0182  0.0180  0.0181  0.0180  0.0179
  0.0186  0.0185  0.0181  0.0189  0.0185  0.0186  0.0185  0.0190  0.0183  0.0187  0.0182  0.0181
  0.0197  0.0192  0.0185  0.0204  0.0195  0.0202  0.0193  0.0203  0.0189  0.0196  0.0185  0.0184
niter,ni,del,rscale     4    3    5.0000    0.7000
parameters
    1.5757   20.0240    6.0484   -3.0988   -9.0725   -0.7191
   -5.6612   -0.5710    8.5271   10.6976    2.1636  -15.4557
eta,q 0.98214 10.61751
  0.0193  0.0190  0.0185  0.0195  0.0191  0.0188  0.0189  0.0199  0.0187  0.0191  0.0184  0.0184
  0.0185  0.0184  0.0181  0.0187  0.0184  0.0183  0.0183  0.0187  0.0182  0.0185  0.0181  0.0181
  0.0181  0.0180  0.0179  0.0182  0.0180  0.0180  0.0180  0.0181  0.0179  0.0180  0.0179  0.0179
  0.0179  0.0179  0.0179  0.0179  0.0179  0.0179  0.0179  0.0179  0.0179  0.0179  0.0179  0.0179
  0.0180  0.0180  0.0179  0.0179  0.0180  0.0178  0.0180  0.0181  0.0180  0.0180  0.0179  0.0179
  0.0184  0.0184  0.0181  0.0184  0.0184  0.0180  0.0183  0.0187  0.0182  0.0184  0.0181  0.0181
  0.0192  0.0189  0.0184  0.0194  0.0191  0.0189  0.0190  0.0197  0.0187  0.0191  0.0183  0.0183
niter,ni,del,rscale     3    3    5.0000    0.6000
parameters
    1.5718   20.0159    6.0300   -3.0261   -9.0506   -0.5558
   -5.6194   -0.5774    8.4932   10.7381    2.1968  -15.5201
eta,q 0.98216 10.62548
  0.0188  0.0186  0.0182  0.0191  0.0188  0.0185  0.0186  0.0193  0.0185  0.0188  0.0182  0.0182
  0.0183  0.0182  0.0180  0.0185  0.0183  0.0182  0.0182  0.0185  0.0181  0.0183  0.0180  0.0180
  0.0180  0.0179  0.0179  0.0181  0.0180  0.0180  0.0180  0.0180  0.0179  0.0180  0.0179  0.0179
  0.0179  0.0179  0.0179  0.0179  0.0178  0.0178  0.0178  0.0178  0.0178  0.0178  0.0178  0.0178
  0.0180  0.0179  0.0179  0.0179  0.0179  0.0178  0.0179  0.0180  0.0179  0.0179  0.0179  0.0179
  0.0183  0.0182  0.0180  0.0183  0.0182  0.0180  0.0182  0.0185  0.0181  0.0182  0.0180  0.0180
  0.0189  0.0187  0.0183  0.0190  0.0187  0.0185  0.0186  0.0193  0.0185  0.0188  0.0182  0.0182
niter,ni,del,rscale     2    3    5.0000    0.5000
parameters
    1.5673   20.0143    6.0070   -2.9693   -9.0356   -0.3856
   -5.5819   -0.5924    8.4604   10.7911    2.2018  -15.6199
eta,q 0.98218 10.63307
  0.0185  0.0184  0.0181  0.0187  0.0185  0.0183  0.0184  0.0189  0.0183  0.0185  0.0181  0.0181
  0.0182  0.0181  0.0179  0.0183  0.0181  0.0181  0.0181  0.0183  0.0180  0.0182  0.0179  0.0179
  0.0179  0.0179  0.0179  0.0180  0.0179  0.0179  0.0179  0.0179  0.0179  0.0179  0.0178  0.0178
  0.0178  0.0178  0.0178  0.0178  0.0178  0.0178  0.0178  0.0178  0.0178  0.0178  0.0178  0.0178
  0.0179  0.0179  0.0179  0.0179  0.0179  0.0178  0.0179  0.0180  0.0179  0.0179  0.0179  0.0179
  0.0182  0.0181  0.0180  0.0182  0.0181  0.0179  0.0181  0.0183  0.0180  0.0181  0.0179  0.0180
  0.0185  0.0184  0.0181  0.0187  0.0185  0.0183  0.0184  0.0189  0.0183  0.0185  0.0181  0.0181
niter,ni,del,rscale     1    3    5.0000    0.4000
parameters
    1.5618   20.0204    5.9921   -2.9392   -9.0384   -0.2115
   -5.5343   -0.6057    8.4323   10.8530    2.2362  -15.6881
eta,q 0.98219 10.63924
  0.0183  0.0182  0.0180  0.0184  0.0182  0.0181  0.0182  0.0185  0.0181  0.0183  0.0180  0.0180
  0.0180  0.0180  0.0179  0.0181  0.0180  0.0180  0.0180  0.0181  0.0179  0.0180  0.0179  0.0179
  0.0179  0.0179  0.0178  0.0179  0.0179  0.0179  0.0179  0.0179  0.0178  0.0179  0.0178  0.0178
  0.0178  0.0178  0.0178  0.0178  0.0178  0.0178  0.0178  0.0178  0.0178  0.0178  0.0178  0.0178
  0.0179  0.0179  0.0178  0.0179  0.0179  0.0178  0.0178  0.0179  0.0178  0.0178  0.0178  0.0178
  0.0180  0.0180  0.0179  0.0181  0.0180  0.0179  0.0180  0.0181  0.0179  0.0180  0.0179  0.0179
  0.0183  0.0182  0.0180  0.0184  0.0182  0.0181  0.0182  0.0185  0.0181  0.0182  0.0180  0.0180
registration optimization eta report
parameter search radius
    0.8000    0.8000    0.8000    2.4000    2.4000    2.4000
    2.4000    2.4000    2.4000    2.4000    2.4000    2.4000
100000*second partial in parameter space
       71.       55.       28.       10.        7.        5.
        6.       12.        5.        8.        3.        3.
  0.0183  0.0182  0.0180  0.0184  0.0182  0.0181  0.0182  0.0185  0.0181  0.0183  0.0180  0.0180
  0.0180  0.0180  0.0179  0.0181  0.0180  0.0180  0.0180  0.0181  0.0179  0.0180  0.0179  0.0179
  0.0179  0.0179  0.0178  0.0179  0.0179  0.0179  0.0179  0.0179  0.0178  0.0179  0.0178  0.0178
  0.0178  0.0178  0.0178  0.0178  0.0178  0.0178  0.0178  0.0178  0.0178  0.0178  0.0178  0.0178
  0.0179  0.0179  0.0178  0.0179  0.0179  0.0178  0.0178  0.0179  0.0178  0.0178  0.0178  0.0178
  0.0180  0.0180  0.0179  0.0181  0.0180  0.0179  0.0180  0.0181  0.0179  0.0180  0.0179  0.0179
  0.0183  0.0182  0.0180  0.0184  0.0182  0.0181  0.0182  0.0185  0.0181  0.0182  0.0180  0.0180
    1.5618   20.0204    5.9921   -2.9392   -9.0384   -0.2115
   -5.5343   -0.6057    8.4323   10.8530    2.2362  -15.6881
eta,q 0.98219 10.63924

---------------------------------------------------------------------
compute_vox2vox talsrcimg talsrcimg_to_711-2C_as_mni_average_305_t4 /opt/freesurfer/average/711-2C_as_mni_average_305
---------------------------------------------------------------------

freesurfer compute_vox2vox.c
Reading: talsrcimg.4dfp.ifh
Reading: talsrcimg_to_711-2C_as_mni_average_305_t4
Reading: /opt/freesurfer/average/711-2C_as_mni_average_305.4dfp.ifh
Writing: talsrcimg_to_711-2C_as_mni_average_305_t4_vox2vox.txt

start time Wed Mar 11 13:23:59 CET 2026
end		time Wed Mar 11 13:25:28 CET 2026

mpr2mni305 success

avi2talxfm orig_nu.mgz /opt/freesurfer/average/mni305.cor.mgz talsrcimg_to_711-2C_as_mni_average_305_t4_vox2vox.txt transforms/talairach.auto.xfm
avi2talxfm done
mv -f /out/sourcedata/freesurfer/sub-v2s18x29499_ses-1/mri/talsrcimg_to_711-2C_as_mni_average_305_t4_vox2vox.txt /out/sourcedata/freesurfer/sub-v2s18x29499_ses-1/mri/transforms/talsrcimg_to_711-2C_as_mni_average_305_t4_vox2vox.txt
lta_convert --src orig_nu.mgz --trg /opt/freesurfer/average/mni305.cor.mgz --inxfm transforms/talairach.auto.xfm --outlta transforms/talairach.auto.xfm.lta --subject fsaverage
7.3.2

--src: orig_nu.mgz src image (geometry).
--trg: /opt/freesurfer/average/mni305.cor.mgz trg image (geometry).
--inmni: transforms/talairach.auto.xfm input MNI/XFM transform.
--outlta: transforms/talairach.auto.xfm.lta output LTA.
--s: fsaverage subject name
 LTA read, type : 1
 1.02489  -0.00055   0.06226  -0.64168;
-0.03721   0.98369   0.16739  -45.07433;
-0.09057  -0.11732   1.07362   15.12735;
 0.00000   0.00000   0.00000   1.00000;
setting subject to fsaverage
Writing  LTA to file transforms/talairach.auto.xfm.lta...
lta_convert successful.
 
 
Started at Wed Mar 11 13:23:58 CET 2026
Ended   at Wed Mar 11 13:25:29 CET 2026
talairach_avi done
