/out/sourcedata/freesurfer/sub-v2s18x29496_ses-1/mri
/opt/freesurfer/bin/talairach_avi
--i orig_nu.mgz --xfm transforms/talairach.auto.xfm
talairach_avi 7.3.2
Linux dna055 5.14.0-427.37.1.el9_4.x86_64 #1 SMP PREEMPT_DYNAMIC Fri Sep 13 12:41:50 EDT 2024 x86_64 x86_64 x86_64 GNU/Linux
Wed Mar 11 13:20:44 CET 2026
mri_convert orig_nu.mgz talsrcimg.img 
reading from orig_nu.mgz...
TR=0.00, TE=0.00, TI=0.00, flip angle=0.00
i_ras = (-1, -3.15254e-10, 0)
j_ras = (1.86265e-09, 7.27596e-12, -1)
k_ras = (-1.54739e-09, 1, 7.27596e-12)
writing to talsrcimg.img...
Analyze Output Matrix
-1.00000   0.00000  -0.00000   130.26917;
-0.00000   0.00000   1.00000  -101.37359;
 0.00000  -1.00000   0.00000   106.45435;
 0.00000   0.00000   0.00000   1.00000;
--------------------
INFO: set hdr.hist.orient to -1
mpr2mni305 talsrcimg
Wed Mar 11 13:20:44 CET 2026
/opt/freesurfer/bin/mpr2mni305 talsrcimg
mpr2mni305 7.3.2
target=711-2C_as_mni_average_305

---------------------------------------------------------------------
analyzeto4dfp talsrcimg -O0 -y
---------------------------------------------------------------------

freesurfer ifh2hdr.c
Wed Mar 11 13:20:44 2026
Writing: talsrcimg.4dfp.hdr
freesurfer analyzeto4dfp.c
Reading: talsrcimg.hdr
header size 348 bytes
hdr.dime.datatype	offset=70	value=2
hdr.dime.bitpix		offset=72	value=8
hdr.hist.orient		offset=252	value=-1
dimensionality     4
dimensions       256       256       256         1
Reading: talsrcimg.img
Writing: talsrcimg.4dfp.img
Writing: talsrcimg.4dfp.ifh
ifh2hdr talsrcimg -r0to186
ori=2

---------------------------------------------------------------------
gauss_4dfp talsrcimg 1.1
---------------------------------------------------------------------

freesurfer gauss_4dfp.c
Reading: talsrcimg.4dfp.img
Writing: talsrcimg_g11.4dfp.img
image dimensions 256 256 256 padded to 288 288 288
processing volume 1freesurfer ifh2hdr.c
Wed Mar 11 13:20:46 2026
Writing: talsrcimg_g11.4dfp.hdr

Writing: talsrcimg_g11.4dfp.ifh
including: talsrcimg.4dfp.img.rec in talsrcimg_g11.4dfp.img.rec

---------------------------------------------------------------------
imgreg_4dfp /opt/freesurfer/average/711-2C_as_mni_average_305 none talsrcimg_g11 none talsrcimg_to_711-2C_as_mni_average_305_t4 4355
---------------------------------------------------------------------

freesurfer imgreg_4dfp.c
/opt/freesurfer/average/711-2C_as_mni_average_305.4dfp.img
       256       256       256         1
  1.000000  1.000000  1.000000
orientation T byte_order littleendian
Reading image: /opt/freesurfer/average/711-2C_as_mni_average_305.4dfp.img
dimensions:      256       256       256
mmppix:       1.0000   -1.0000   -1.0000
center:     128.0000 -129.0000 -129.0000
talsrcimg_g11.4dfp.img
       256       256       256         1
  1.000000  1.000000  1.000000
orientation T byte_order littleendian
Reading image: talsrcimg_g11.4dfp.img
dimensions:      256       256       256
mmppix:       1.0000   -1.0000   -1.0000
center:     128.0000 -129.0000 -129.0000
t4_read: open error in t4_sub.f l:  41 t4_file(1:l)talsrcimg_to_711-2C_as_mni_average_305_t4 
t4_read: transform initialized to I4
rotation matrix determinant  1.000000
image alignment mode   4355 decimal     1103 hex
   -7.5000  -45.0000  -45.0000 6944.1382   19.0723
    0.0000  -45.0000  -45.0000 7272.4663   19.0871
    7.5000  -45.0000  -45.0000 6979.5835   19.0891
   -7.5000  -37.5000  -45.0000 7429.0220   18.5455
    0.0000  -37.5000  -45.0000 7816.8350   18.5728
    7.5000  -37.5000  -45.0000 7472.6479   18.5749
   -7.5000  -30.0000  -45.0000 8257.3340   18.1725
    0.0000  -30.0000  -45.0000 8693.1973   18.2029
    7.5000  -30.0000  -45.0000 8293.9570   18.1999
   -7.5000  -22.5000  -45.0000 9192.6328   18.0722
    0.0000  -22.5000  -45.0000 9661.9297   18.0961
    7.5000  -22.5000  -45.0000 9209.2402   18.0878
   -7.5000  -15.0000  -45.000010129.2500   18.0317
    0.0000  -15.0000  -45.000010645.6865   18.0458
    7.5000  -15.0000  -45.000010128.2217   18.0377
   -7.5000   -7.5000  -45.000011060.7520   18.0182
    0.0000   -7.5000  -45.000011631.1758   18.0283
    7.5000   -7.5000  -45.000011059.3301   18.0263
   -7.5000    0.0000  -45.000011897.4150   18.0156
    0.0000    0.0000  -45.000012467.5889   18.0315
    7.5000    0.0000  -45.000011908.3369   18.0352
   -7.5000    7.5000  -45.000011708.9170   17.9912
    0.0000    7.5000  -45.000012276.2861   18.0172
    7.5000    7.5000  -45.000011697.8096   18.0207
   -7.5000   15.0000  -45.000011418.0293   17.9609
    0.0000   15.0000  -45.000011945.9424   17.9906
    7.5000   15.0000  -45.000011369.1045   17.9885
   -7.5000   22.5000  -45.000011002.9863   17.9514
    0.0000   22.5000  -45.000011515.6465   17.9748
    7.5000   22.5000  -45.000010939.1553   17.9671
   -7.5000   30.0000  -45.000010529.7412   17.7383
    0.0000   30.0000  -45.000011049.0283   17.7520
    7.5000   30.0000  -45.000010468.9453   17.7443
   -7.5000   37.5000  -45.000010335.8438   17.7672
    0.0000   37.5000  -45.000010877.2773   17.7770
    7.5000   37.5000  -45.000010305.7109   17.7750
   -7.5000   45.0000  -45.0000 9687.2363   17.3242
    0.0000   45.0000  -45.000010238.9434   17.3394
    7.5000   45.0000  -45.0000 9699.9424   17.3430
   -7.5000  -45.0000  -37.5000 7258.6577   19.0442
    0.0000  -45.0000  -37.5000 7629.5098   19.0531
    7.5000  -45.0000  -37.5000 7285.1021   19.0438
   -7.5000  -37.5000  -37.5000 7793.4082   18.5174
    0.0000  -37.5000  -37.5000 8203.2148   18.5365
    7.5000  -37.5000  -37.5000 7815.1187   18.5294
   -7.5000  -30.0000  -37.5000 8673.3887   18.1370
    0.0000  -30.0000  -37.5000 9125.0762   18.1630
    7.5000  -30.0000  -37.5000 8682.4277   18.1562
   -7.5000  -22.5000  -37.5000 9653.2373   18.0304
    0.0000  -22.5000  -37.500010137.7305   18.0551
    7.5000  -22.5000  -37.5000 9639.5400   18.0482
   -7.5000  -15.0000  -37.500010627.3828   17.9906
    0.0000  -15.0000  -37.500011166.2178   18.0080
    7.5000  -15.0000  -37.500010614.8262   18.0016
   -7.5000   -7.5000  -37.500011623.9912   17.9862
    0.0000   -7.5000  -37.500012204.5840   17.9965
    7.5000   -7.5000  -37.500011593.9443   17.9905
   -7.5000    0.0000  -37.500012509.2217   17.9919
    0.0000    0.0000  -37.500013097.7793   18.0026
    7.5000    0.0000  -37.500012456.6035   17.9967
   -7.5000    7.5000  -37.500012327.3447   17.9649
    0.0000    7.5000  -37.500012906.1748   17.9836
    7.5000    7.5000  -37.500012252.7598   17.9784
   -7.5000   15.0000  -37.500012008.4688   17.9257
    0.0000   15.0000  -37.500012547.8818   17.9511
    7.5000   15.0000  -37.500011897.4756   17.9454
   -7.5000   22.5000  -37.500011558.7217   17.9106
    0.0000   22.5000  -37.500012101.7793   17.9349
    7.5000   22.5000  -37.500011446.0322   17.9286
   -7.5000   30.0000  -37.500011043.0117   17.6986
    0.0000   30.0000  -37.500011590.8467   17.7156
    7.5000   30.0000  -37.500010939.0605   17.7095
   -7.5000   37.5000  -37.500010849.7881   17.7354
    0.0000   37.5000  -37.500011405.4756   17.7455
    7.5000   37.5000  -37.500010776.2363   17.7395
   -7.5000   45.0000  -37.500010193.9258   17.3014
    0.0000   45.0000  -37.500010742.8574   17.3116
    7.5000   45.0000  -37.500010165.1758   17.3060
   -7.5000  -45.0000  -30.0000 7685.3511   19.8852
    0.0000  -45.0000  -30.0000 8088.9355   19.8996
    7.5000  -45.0000  -30.0000 7713.9258   19.8776
   -7.5000  -37.5000  -30.0000 8297.8613   19.3338
    0.0000  -37.5000  -30.0000 8736.7930   19.3567
    7.5000  -37.5000  -30.0000 8307.3320   19.3398
   -7.5000  -30.0000  -30.0000 9259.1680   18.9339
    0.0000  -30.0000  -30.0000 9755.1396   18.9641
    7.5000  -30.0000  -30.0000 9254.0361   18.9537
   -7.5000  -22.5000  -30.000010295.1719   18.8205
    0.0000  -22.5000  -30.000010815.0635   18.8502
    7.5000  -22.5000  -30.000010271.1348   18.8438
   -7.5000  -15.0000  -30.000011313.7793   18.7780
    0.0000  -15.0000  -30.000011865.1982   18.8008
    7.5000  -15.0000  -30.000011290.2939   18.7938
   -7.5000   -7.5000  -30.000012377.2539   18.7766
    0.0000   -7.5000  -30.000012962.7500   18.7920
    7.5000   -7.5000  -30.000012328.6504   18.7793
   -7.5000    0.0000  -30.000013322.4824   18.7855
    0.0000    0.0000  -30.000013935.2383   18.8001
    7.5000    0.0000  -30.000013252.9951   18.7828
   -7.5000    7.5000  -30.000013143.4805   18.7566
    0.0000    7.5000  -30.000013737.1348   18.7787
    7.5000    7.5000  -30.000013043.4111   18.7639
   -7.5000   15.0000  -30.000012788.9092   18.7128
    0.0000   15.0000  -30.000013348.0098   18.7423
    7.5000   15.0000  -30.000012657.2051   18.7332
   -7.5000   22.5000  -30.000012345.3174   18.6935
    0.0000   22.5000  -30.000012901.7939   18.7228
    7.5000   22.5000  -30.000012201.1992   18.7171
   -7.5000   30.0000  -30.000011805.7520   18.4757
    0.0000   30.0000  -30.000012331.6973   18.4980
    7.5000   30.0000  -30.000011668.7051   18.4914
   -7.5000   37.5000  -30.000011581.0488   18.5163
    0.0000   37.5000  -30.000012131.5352   18.5315
    7.5000   37.5000  -30.000011483.2666   18.5190
   -7.5000   45.0000  -30.000010878.1094   18.0778
    0.0000   45.0000  -30.000011407.4062   18.0919
    7.5000   45.0000  -30.000010816.3994   18.0752
   -7.5000  -45.0000  -22.5000 8113.3066   20.5808
    0.0000  -45.0000  -22.5000 8538.5713   20.6065
    7.5000  -45.0000  -22.5000 8130.6606   20.5831
   -7.5000  -37.5000  -22.5000 8774.7109   20.0095
    0.0000  -37.5000  -22.5000 9246.7080   20.0449
    7.5000  -37.5000  -22.5000 8781.7471   20.0278
   -7.5000  -30.0000  -22.5000 9810.2754   19.6014
    0.0000  -30.0000  -22.500010323.6025   19.6405
    7.5000  -30.0000  -22.5000 9804.8115   19.6310
   -7.5000  -22.5000  -22.500010931.2490   19.4887
    0.0000  -22.5000  -22.500011454.2275   19.5220
    7.5000  -22.5000  -22.500010901.0830   19.5158
   -7.5000  -15.0000  -22.500012022.3271   19.4441
    0.0000  -15.0000  -22.500012598.5166   19.4681
    7.5000  -15.0000  -22.500011975.8086   19.4592
   -7.5000   -7.5000  -22.500013178.0713   19.4379
    0.0000   -7.5000  -22.500013763.9697   19.4580
    7.5000   -7.5000  -22.500013109.1875   19.4426
   -7.5000    0.0000  -22.500014165.7998   19.4413
    0.0000    0.0000  -22.500014808.6211   19.4653
    7.5000    0.0000  -22.500014068.7988   19.4461
   -7.5000    7.5000  -22.500013988.4619   19.4124
    0.0000    7.5000  -22.500014571.5469   19.4455
    7.5000    7.5000  -22.500013833.3662   19.4304
   -7.5000   15.0000  -22.500013597.7510   19.3728
    0.0000   15.0000  -22.500014163.8359   19.4110
    7.5000   15.0000  -22.500013421.1826   19.4028
   -7.5000   22.5000  -22.500013155.8545   19.3553
    0.0000   22.5000  -22.500013712.5508   19.3881
    7.5000   22.5000  -22.500012960.4590   19.3827
   -7.5000   30.0000  -22.500012609.4414   19.1343
    0.0000   30.0000  -22.500013132.8555   19.1578
    7.5000   30.0000  -22.500012405.8652   19.1493
   -7.5000   37.5000  -22.500012362.8262   19.1716
    0.0000   37.5000  -22.500012883.8193   19.1914
    7.5000   37.5000  -22.500012193.8105   19.1762
   -7.5000   45.0000  -22.500011620.8311   18.7230
    0.0000   45.0000  -22.500012100.5557   18.7461
    7.5000   45.0000  -22.500011486.8711   18.7275
   -7.5000  -45.0000  -15.0000 8529.5771   21.0486
    0.0000  -45.0000  -15.0000 8964.2803   21.0817
    7.5000  -45.0000  -15.0000 8531.0566   21.0695
   -7.5000  -37.5000  -15.0000 9247.3760   20.4651
    0.0000  -37.5000  -15.0000 9720.1445   20.5107
    7.5000  -37.5000  -15.0000 9236.5869   20.5033
   -7.5000  -30.0000  -15.000010357.2109   20.0561
    0.0000  -30.0000  -15.000010865.1621   20.1011
    7.5000  -30.0000  -15.000010332.5615   20.0960
   -7.5000  -22.5000  -15.000011534.5596   19.9481
    0.0000  -22.5000  -15.000012083.8750   19.9807
    7.5000  -22.5000  -15.000011495.8389   19.9735
   -7.5000  -15.0000  -15.000012699.9766   19.9032
    0.0000  -15.0000  -15.000013288.9209   19.9232
    7.5000  -15.0000  -15.000012650.3379   19.9124
   -7.5000   -7.5000  -15.000013990.4473   19.8883
    0.0000   -7.5000  -15.000014595.5576   19.9085
    7.5000   -7.5000  -15.000013908.5557   19.8969
   -7.5000    0.0000  -15.000015060.2598   19.8828
    0.0000    0.0000  -15.000015737.3643   19.9135
    7.5000    0.0000  -15.000014925.9199   19.9037
   -7.5000    7.5000  -15.000014843.9375   19.8548
    0.0000    7.5000  -15.000015434.6582   19.8971
    7.5000    7.5000  -15.000014637.5625   19.8910
   -7.5000   15.0000  -15.000014439.8506   19.8229
    0.0000   15.0000  -15.000014996.6650   19.8669
    7.5000   15.0000  -15.000014196.5205   19.8629
   -7.5000   22.5000  -15.000013989.4502   19.8103
    0.0000   22.5000  -15.000014546.0713   19.8424
    7.5000   22.5000  -15.000013733.1143   19.8359
   -7.5000   30.0000  -15.000013417.7773   19.5882
    0.0000   30.0000  -15.000013946.8242   19.6078
    7.5000   30.0000  -15.000013149.6211   19.5974
   -7.5000   37.5000  -15.000013139.5635   19.6189
    0.0000   37.5000  -15.000013671.6797   19.6387
    7.5000   37.5000  -15.000012906.7119   19.6272
   -7.5000   45.0000  -15.000012363.7549   19.1597
    0.0000   45.0000  -15.000012841.7852   19.1893
    7.5000   45.0000  -15.000012163.5762   19.1799
   -7.5000  -45.0000   -7.5000 8942.2549   21.2540
    0.0000  -45.0000   -7.5000 9383.2852   21.2821
    7.5000  -45.0000   -7.5000 8922.7646   21.2836
   -7.5000  -37.5000   -7.5000 9711.8418   20.6666
    0.0000  -37.5000   -7.500010188.3818   20.7091
    7.5000  -37.5000   -7.5000 9679.2744   20.7119
   -7.5000  -30.0000   -7.500010890.8350   20.2562
    0.0000  -30.0000   -7.500011393.3047   20.2978
    7.5000  -30.0000   -7.500010826.2070   20.2957
   -7.5000  -22.5000   -7.500012119.8994   20.1500
    0.0000  -22.5000   -7.500012651.6758   20.1783
    7.5000  -22.5000   -7.500012060.8643   20.1693
   -7.5000  -15.0000   -7.500013368.8086   20.1057
    0.0000  -15.0000   -7.500013925.8574   20.1209
    7.5000  -15.0000   -7.500013287.5293   20.1100
   -7.5000   -7.5000   -7.500014759.6289   20.0867
    0.0000   -7.5000   -7.500015361.9336   20.1021
    7.5000   -7.5000   -7.500014664.9912   20.0972
   -7.5000    0.0000   -7.500016024.7324   20.0780
    0.0000    0.0000   -7.500016722.5078   20.1053
    7.5000    0.0000   -7.500015857.6006   20.1079
   -7.5000    7.5000   -7.500015837.4385   20.0506
    0.0000    7.5000   -7.500016442.9766   20.0902
    7.5000    7.5000   -7.500015576.5967   20.0941
   -7.5000   15.0000   -7.500015423.5049   20.0213
    0.0000   15.0000   -7.500015970.8682   20.0618
    7.5000   15.0000   -7.500015088.3154   20.0608
   -7.5000   22.5000   -7.500014951.4639   20.0087
    0.0000   22.5000   -7.500015485.4189   20.0364
    7.5000   22.5000   -7.500014572.3008   20.0282
   -7.5000   30.0000   -7.500014314.8428   19.7862
    0.0000   30.0000   -7.500014871.9746   19.8009
    7.5000   30.0000   -7.500013941.3076   19.7905
   -7.5000   37.5000   -7.500014052.2305   19.8142
    0.0000   37.5000   -7.500014635.7441   19.8293
    7.5000   37.5000   -7.500013709.0371   19.8245
   -7.5000   45.0000   -7.500013194.4980   19.3514
    0.0000   45.0000   -7.500013747.0322   19.3777
    7.5000   45.0000   -7.500012912.4619   19.3802
   -7.5000  -45.0000    0.0000 9246.5234   21.2807
    0.0000  -45.0000    0.0000 9710.4287   21.2966
    7.5000  -45.0000    0.0000 9221.6709   21.2993
   -7.5000  -37.5000    0.000010021.1670   20.6931
    0.0000  -37.5000    0.000010540.7500   20.7230
    7.5000  -37.5000    0.000010000.8174   20.7258
   -7.5000  -30.0000    0.000011236.9814   20.2768
    0.0000  -30.0000    0.000011794.1191   20.3100
    7.5000  -30.0000    0.000011202.7275   20.3071
   -7.5000  -22.5000    0.000012526.6172   20.1654
    0.0000  -22.5000    0.000013105.9561   20.1912
    7.5000  -22.5000    0.000012485.8428   20.1823
   -7.5000  -15.0000    0.000013848.3027   20.1217
    0.0000  -15.0000    0.000014411.3018   20.1365
    7.5000  -15.0000    0.000013781.1494   20.1277
   -7.5000   -7.5000    0.000015282.1787   20.1078
    0.0000   -7.5000    0.000015945.4980   20.1184
    7.5000   -7.5000    0.000015226.0576   20.1164
   -7.5000    0.0000    0.000016806.0410   20.1049
    0.0000    0.0000    0.000017687.9707   20.1221
    7.5000    0.0000    0.000016652.8906   20.1267
   -7.5000    7.5000    0.000016961.3145   20.0764
    0.0000    7.5000    0.000017826.2910   20.1048
    7.5000    7.5000    0.000016589.6367   20.1092
   -7.5000   15.0000    0.000016586.1094   20.0414
    0.0000   15.0000    0.000017336.9531   20.0738
    7.5000   15.0000    0.000016037.6240   20.0719
   -7.5000   22.5000    0.000015933.6279   20.0245
    0.0000   22.5000    0.000016644.7910   20.0497
    7.5000   22.5000    0.000015384.9355   20.0415
   -7.5000   30.0000    0.000015135.4062   19.8022
    0.0000   30.0000    0.000015869.8242   19.8166
    7.5000   30.0000    0.000014672.3057   19.8082
   -7.5000   37.5000    0.000014848.3906   19.8355
    0.0000   37.5000    0.000015630.5684   19.8458
    7.5000   37.5000    0.000014423.0293   19.8438
   -7.5000   45.0000    0.000013897.9092   19.3788
    0.0000   45.0000    0.000014651.3359   19.3954
    7.5000   45.0000    0.000013541.4131   19.3998
   -7.5000  -45.0000    7.5000 8823.4121   21.3102
    0.0000  -45.0000    7.5000 9271.1055   21.3202
    7.5000  -45.0000    7.5000 8821.9473   21.3098
   -7.5000  -37.5000    7.5000 9592.8809   20.7206
    0.0000  -37.5000    7.500010069.1016   20.7421
    7.5000  -37.5000    7.5000 9594.6230   20.7341
   -7.5000  -30.0000    7.500010771.2725   20.2951
    0.0000  -30.0000    7.500011271.3096   20.3242
    7.5000  -30.0000    7.500010775.7236   20.3166
   -7.5000  -22.5000    7.500012070.4453   20.1760
    0.0000  -22.5000    7.500012581.6035   20.2036
    7.5000  -22.5000    7.500012067.3809   20.1959
   -7.5000  -15.0000    7.500013366.5293   20.1316
    0.0000  -15.0000    7.500013893.1582   20.1510
    7.5000  -15.0000    7.500013321.1396   20.1439
   -7.5000   -7.5000    7.500014754.7324   20.1266
    0.0000   -7.5000    7.500015430.8076   20.1381
    7.5000   -7.5000    7.500014754.5840   20.1313
   -7.5000    0.0000    7.500016331.4639   20.1328
    0.0000    0.0000    7.500017425.2852   20.1447
    7.5000    0.0000    7.500016203.9189   20.1382
   -7.5000    7.5000    7.500016762.4785   20.1024
    0.0000    7.5000    7.500018133.9609   20.1234
    7.5000    7.5000    7.500016321.5479   20.1175
   -7.5000   15.0000    7.500016337.2412   20.0586
    0.0000   15.0000    7.500017670.2363   20.0870
    7.5000   15.0000    7.500015797.7588   20.0807
   -7.5000   22.5000    7.500015519.4805   20.0355
    0.0000   22.5000    7.500016690.3750   20.0626
    7.5000   22.5000    7.500015078.0771   20.0556
   -7.5000   30.0000    7.500014635.0488   19.8125
    0.0000   30.0000    7.500015685.6582   19.8315
    7.5000   30.0000    7.500014284.9287   19.8248
   -7.5000   37.5000    7.500014339.6543   19.8536
    0.0000   37.5000    7.500015309.0693   19.8649
    7.5000   37.5000    7.500013983.7324   19.8582
   -7.5000   45.0000    7.500013471.9834   19.4057
    0.0000   45.0000    7.500014301.8066   19.4171
    7.5000   45.0000    7.500013120.2051   19.4109
   -7.5000  -45.0000   15.0000 8354.7549   21.3718
    0.0000  -45.0000   15.0000 8732.6982   21.3874
    7.5000  -45.0000   15.0000 8355.1465   21.3637
   -7.5000  -37.5000   15.0000 9114.9658   20.7787
    0.0000  -37.5000   15.0000 9542.9775   20.8034
    7.5000  -37.5000   15.0000 9108.6650   20.7852
   -7.5000  -30.0000   15.000010281.5693   20.3484
    0.0000  -30.0000   15.000010735.9502   20.3809
    7.5000  -30.0000   15.000010255.1426   20.3698
   -7.5000  -22.5000   15.000011542.8281   20.2261
    0.0000  -22.5000   15.000012077.7676   20.2582
    7.5000  -22.5000   15.000011511.2178   20.2513
   -7.5000  -15.0000   15.000012769.6982   20.1802
    0.0000  -15.0000   15.000013389.9521   20.2048
    7.5000  -15.0000   15.000012701.2012   20.1974
   -7.5000   -7.5000   15.000014097.5000   20.1789
    0.0000   -7.5000   15.000014888.0078   20.1956
    7.5000   -7.5000   15.000014019.8525   20.1821
   -7.5000    0.0000   15.000015555.9541   20.1889
    0.0000    0.0000   15.000016664.9141   20.2047
    7.5000    0.0000   15.000015330.6621   20.1861
   -7.5000    7.5000   15.000015702.5957   20.1579
    0.0000    7.5000   15.000017082.8711   20.1817
    7.5000    7.5000   15.000015314.8555   20.1658
   -7.5000   15.0000   15.000015170.0791   20.1106
    0.0000   15.0000   15.000016509.8105   20.1424
    7.5000   15.0000   15.000014852.2451   20.1326
   -7.5000   22.5000   15.000014474.2148   20.0851
    0.0000   22.5000   15.000015685.7168   20.1166
    7.5000   22.5000   15.000014272.7314   20.1106
   -7.5000   30.0000   15.000013783.9229   19.8611
    0.0000   30.0000   15.000014867.9287   19.8853
    7.5000   30.0000   15.000013581.1172   19.8782
   -7.5000   37.5000   15.000013534.1758   19.9051
    0.0000   37.5000   15.000014526.6768   19.9215
    7.5000   37.5000   15.000013279.6523   19.9081
   -7.5000   45.0000   15.000012724.3574   19.4597
    0.0000   45.0000   15.000013557.3662   19.4750
    7.5000   45.0000   15.000012457.4736   19.4571
   -7.5000  -45.0000   22.5000 7849.0054   21.4672
    0.0000  -45.0000   22.5000 8261.4014   21.4943
    7.5000  -45.0000   22.5000 7834.2192   21.4699
   -7.5000  -37.5000   22.5000 8610.1797   20.8673
    0.0000  -37.5000   22.5000 9071.3906   20.9045
    7.5000  -37.5000   22.5000 8568.2480   20.8867
   -7.5000  -30.0000   22.5000 9714.1533   20.4394
    0.0000  -30.0000   22.500010208.2598   20.4804
    7.5000  -30.0000   22.5000 9652.9941   20.4705
   -7.5000  -22.5000   22.500010911.7666   20.3222
    0.0000  -22.5000   22.500011444.2021   20.3572
    7.5000  -22.5000   22.500010824.9639   20.3507
   -7.5000  -15.0000   22.500012037.9736   20.2769
    0.0000  -15.0000   22.500012621.7500   20.3022
    7.5000  -15.0000   22.500011918.7998   20.2928
   -7.5000   -7.5000   22.500013213.5703   20.2706
    0.0000   -7.5000   22.500013862.9844   20.2919
    7.5000   -7.5000   22.500013048.8711   20.2758
   -7.5000    0.0000   22.500014406.7734   20.2733
    0.0000    0.0000   22.500015272.8828   20.2986
    7.5000    0.0000   22.500014184.3994   20.2785
   -7.5000    7.5000   22.500014354.0586   20.2418
    0.0000    7.5000   22.500015343.1484   20.2767
    7.5000    7.5000   22.500014127.5400   20.2608
   -7.5000   15.0000   22.500013831.1436   20.1999
    0.0000   15.0000   22.500014746.7109   20.2400
    7.5000   15.0000   22.500013733.0322   20.2315
   -7.5000   22.5000   22.500013343.3457   20.1795
    0.0000   22.5000   22.500014158.4131   20.2140
    7.5000   22.5000   22.500013275.2129   20.2082
   -7.5000   30.0000   22.500012834.1816   19.9563
    0.0000   30.0000   22.500013608.1328   19.9812
    7.5000   30.0000   22.500012714.5557   19.9722
   -7.5000   37.5000   22.500012639.6729   19.9957
    0.0000   37.5000   22.500013393.5049   20.0166
    7.5000   37.5000   22.500012479.6484   20.0008
   -7.5000   45.0000   22.500011898.0254   19.5412
    0.0000   45.0000   22.500012558.8428   19.5655
    7.5000   45.0000   22.500011703.3213   19.5462
   -7.5000  -45.0000   30.0000 7262.7861   21.7068
    0.0000  -45.0000   30.0000 7675.4790   21.7416
    7.5000  -45.0000   30.0000 7220.7427   21.7296
   -7.5000  -37.5000   30.0000 7978.5776   21.0940
    0.0000  -37.5000   30.0000 8426.4736   21.1420
    7.5000  -37.5000   30.0000 7899.3472   21.1349
   -7.5000  -30.0000   30.0000 8975.3057   20.6654
    0.0000  -30.0000   30.0000 9458.6387   20.7126
    7.5000  -30.0000   30.0000 8908.0801   20.7078
   -7.5000  -22.5000   30.000010065.6699   20.5528
    0.0000  -22.5000   30.000010566.1719   20.5872
    7.5000  -22.5000   30.0000 9959.9688   20.5800
   -7.5000  -15.0000   30.000011089.6104   20.5066
    0.0000  -15.0000   30.000011613.8701   20.5277
    7.5000  -15.0000   30.000010978.8877   20.5169
   -7.5000   -7.5000   30.000012118.0225   20.4913
    0.0000   -7.5000   30.000012698.3535   20.5126
    7.5000   -7.5000   30.000012000.7197   20.5010
   -7.5000    0.0000   30.000013172.0605   20.4848
    0.0000    0.0000   30.000013907.5342   20.5172
    7.5000    0.0000   30.000013042.4951   20.5076
   -7.5000    7.5000   30.000013109.4521   20.4548
    0.0000    7.5000   30.000013882.8994   20.4991
    7.5000    7.5000   30.000013014.8037   20.4934
   -7.5000   15.0000   30.000012674.1191   20.4211
    0.0000   15.0000   30.000013383.8594   20.4674
    7.5000   15.0000   30.000012646.5078   20.4637
   -7.5000   22.5000   30.000012279.3340   20.4064
    0.0000   22.5000   30.000012942.5869   20.4402
    7.5000   22.5000   30.000012244.4502   20.4338
   -7.5000   30.0000   30.000011806.8711   20.1812
    0.0000   30.0000   30.000012447.4785   20.2017
    7.5000   30.0000   30.000011735.4619   20.1915
   -7.5000   37.5000   30.000011654.6621   20.2135
    0.0000   37.5000   30.000012281.9844   20.2344
    7.5000   37.5000   30.000011560.1299   20.2230
   -7.5000   45.0000   30.000010965.1709   19.7450
    0.0000   45.0000   30.000011524.3066   19.7762
    7.5000   45.0000   30.000010832.9395   19.7669
   -7.5000  -45.0000   37.5000 6925.6396   22.2890
    0.0000  -45.0000   37.5000 7307.8623   22.3193
    7.5000  -45.0000   37.5000 6852.6992   22.3212
   -7.5000  -37.5000   37.5000 7624.2129   21.6440
    0.0000  -37.5000   37.5000 8032.3325   21.6903
    7.5000  -37.5000   37.5000 7539.0288   21.6937
   -7.5000  -30.0000   37.5000 8591.2236   21.1939
    0.0000  -30.0000   37.5000 9025.7256   21.2398
    7.5000  -30.0000   37.5000 8511.6016   21.2381
   -7.5000  -22.5000   37.5000 9630.5088   21.0776
    0.0000  -22.5000   37.500010095.9258   21.1090
    7.5000  -22.5000   37.5000 9534.3301   21.1001
   -7.5000  -15.0000   37.500010617.1807   21.0300
    0.0000  -15.0000   37.500011090.9824   21.0467
    7.5000  -15.0000   37.500010532.8545   21.0355
   -7.5000   -7.5000   37.500011642.4004   21.0105
    0.0000   -7.5000   37.500012149.1416   21.0271
    7.5000   -7.5000   37.500011566.1445   21.0223
   -7.5000    0.0000   37.500012626.9287   21.0017
    0.0000    0.0000   37.500013257.1475   21.0309
    7.5000    0.0000   37.500012562.2842   21.0340
   -7.5000    7.5000   37.500012566.0703   20.9706
    0.0000    7.5000   37.500013203.5605   21.0137
    7.5000    7.5000   37.500012519.5654   21.0183
   -7.5000   15.0000   37.500012212.5879   20.9373
    0.0000   15.0000   37.500012818.9580   20.9821
    7.5000   15.0000   37.500012180.4961   20.9814
   -7.5000   22.5000   37.500011844.2051   20.9238
    0.0000   22.5000   37.500012440.6650   20.9546
    7.5000   22.5000   37.500011799.6182   20.9464
   -7.5000   30.0000   37.500011383.7812   20.6937
    0.0000   30.0000   37.500011948.9102   20.7099
    7.5000   30.0000   37.500011321.1250   20.6992
   -7.5000   37.5000   37.500011254.2744   20.7256
    0.0000   37.5000   37.500011816.8145   20.7418
    7.5000   37.5000   37.500011156.6934   20.7370
   -7.5000   45.0000   37.500010592.2520   20.2432
    0.0000   45.0000   37.500011097.7695   20.2714
    7.5000   45.0000   37.500010466.4961   20.2744
   -7.5000  -45.0000   45.0000 6293.4854   22.9250
    0.0000  -45.0000   45.0000 6598.9263   22.9421
    7.5000  -45.0000   45.0000 6219.5347   22.9460
   -7.5000  -37.5000   45.0000 6926.7656   22.2364
    0.0000  -37.5000   45.0000 7258.2583   22.2697
    7.5000  -37.5000   45.0000 6848.0669   22.2741
   -7.5000  -30.0000   45.0000 7844.0918   21.7502
    0.0000  -30.0000   45.0000 8196.6934   21.7879
    7.5000  -30.0000   45.0000 7752.7539   21.7861
   -7.5000  -22.5000   45.0000 8795.4541   21.6224
    0.0000  -22.5000   45.0000 9167.6074   21.6520
    7.5000  -22.5000   45.0000 8710.7314   21.6439
   -7.5000  -15.0000   45.0000 9717.5254   21.5752
    0.0000  -15.0000   45.000010095.2158   21.5920
    7.5000  -15.0000   45.0000 9649.3154   21.5837
   -7.5000   -7.5000   45.000010698.4951   21.5615
    0.0000   -7.5000   45.000011113.1641   21.5729
    7.5000   -7.5000   45.000010607.8350   21.5716
   -7.5000    0.0000   45.000011600.2764   21.5578
    0.0000    0.0000   45.000012105.4092   21.5765
    7.5000    0.0000   45.000011512.5537   21.5824
   -7.5000    7.5000   45.000011534.2236   21.5212
    0.0000    7.5000   45.000012037.5430   21.5529
    7.5000    7.5000   45.000011468.0381   21.5588
   -7.5000   15.0000   45.000011229.4863   21.4778
    0.0000   15.0000   45.000011715.1689   21.5145
    7.5000   15.0000   45.000011173.9932   21.5138
   -7.5000   22.5000   45.000010908.9980   21.4602
    0.0000   22.5000   45.000011399.5303   21.4891
    7.5000   22.5000   45.000010844.9287   21.4817
   -7.5000   30.0000   45.000010485.1572   21.2258
    0.0000   30.0000   45.000010959.7744   21.2420
    7.5000   30.0000   45.000010412.9883   21.2342
   -7.5000   37.5000   45.000010376.9121   21.2665
    0.0000   37.5000   45.000010858.8750   21.2777
    7.5000   37.5000   45.000010279.8887   21.2764
   -7.5000   45.0000   45.0000 9786.9395   20.7887
    0.0000   45.0000   45.000010245.9238   20.8067
    7.5000   45.0000   45.0000 9679.2139   20.8124

---------------------------------------------------------------------
imgreg_4dfp /opt/freesurfer/average/711-2C_as_mni_average_305 /opt/freesurfer/average/711-2B_as_mni_average_305_mask talsrcimg_g11 none talsrcimg_to_711-2C_as_mni_average_305_t4 4355
---------------------------------------------------------------------

freesurfer imgreg_4dfp.c
/opt/freesurfer/average/711-2C_as_mni_average_305.4dfp.img
       256       256       256         1
  1.000000  1.000000  1.000000
orientation T byte_order littleendian
Reading image: /opt/freesurfer/average/711-2C_as_mni_average_305.4dfp.img
dimensions:      256       256       256
mmppix:       1.0000   -1.0000   -1.0000
center:     128.0000 -129.0000 -129.0000
/opt/freesurfer/average/711-2B_as_mni_average_305_mask.4dfp.img
       256       256       256         1
  1.000000  1.000000  1.000000
orientation T byte_order littleendian
Reading mask: /opt/freesurfer/average/711-2B_as_mni_average_305_mask.4dfp.img (2306576 pixels)
talsrcimg_g11.4dfp.img
       256       256       256         1
  1.000000  1.000000  1.000000
orientation T byte_order littleendian
Reading image: talsrcimg_g11.4dfp.img
dimensions:      256       256       256
mmppix:       1.0000   -1.0000   -1.0000
center:     128.0000 -129.0000 -129.0000
rotation matrix determinant  1.000000
image alignment mode   4355 decimal     1103 hex
   -7.5000  -37.5000  -37.5000 2187.4839   24.0104
    0.0000  -37.5000  -37.5000 2202.8760   23.9852
    7.5000  -37.5000  -37.5000 2186.7461   23.7911
   -7.5000  -30.0000  -37.5000 2275.1294   21.7968
    0.0000  -30.0000  -37.5000 2290.9744   21.7781
    7.5000  -30.0000  -37.5000 2276.7380   21.6226
   -7.5000  -22.5000  -37.5000 2360.1208   20.0390
    0.0000  -22.5000  -37.5000 2375.0950   19.9735
    7.5000  -22.5000  -37.5000 2358.9456   19.9150
   -7.5000  -15.0000  -37.5000 2422.4502   18.7884
    0.0000  -15.0000  -37.5000 2438.9287   18.6900
    7.5000  -15.0000  -37.5000 2421.7292   18.6630
   -7.5000   -7.5000  -37.5000 2463.7061   18.0192
    0.0000   -7.5000  -37.5000 2481.1243   17.9135
    7.5000   -7.5000  -37.5000 2459.1118   17.8767
   -7.5000    0.0000  -37.5000 2487.5691   17.6340
    0.0000    0.0000  -37.5000 2500.3164   17.4438
    7.5000    0.0000  -37.5000 2476.2314   17.4612
   -7.5000    7.5000  -37.5000 2505.7266   17.3564
    0.0000    7.5000  -37.5000 2515.4065   17.1702
    7.5000    7.5000  -37.5000 2491.1521   17.1757
   -7.5000   15.0000  -37.5000 2511.9617   17.3300
    0.0000   15.0000  -37.5000 2523.3774   17.1344
    7.5000   15.0000  -37.5000 2499.7058   17.1909
   -7.5000   22.5000  -37.5000 2494.0991   17.5463
    0.0000   22.5000  -37.5000 2508.9951   17.4018
    7.5000   22.5000  -37.5000 2485.4407   17.4559
   -7.5000   30.0000  -37.5000 2465.7344   18.1255
    0.0000   30.0000  -37.5000 2478.4875   18.0140
    7.5000   30.0000  -37.5000 2451.3628   18.0777
   -7.5000   37.5000  -37.5000 2417.1018   18.9544
    0.0000   37.5000  -37.5000 2432.4448   18.8596
    7.5000   37.5000  -37.5000 2404.4260   18.9228
   -7.5000   45.0000  -37.5000 2341.8884   20.0529
    0.0000   45.0000  -37.5000 2363.1138   19.9724
    7.5000   45.0000  -37.5000 2334.1387   20.0275
   -7.5000   52.5000  -37.5000 2233.6575   21.3749
    0.0000   52.5000  -37.5000 2247.0769   21.3832
    7.5000   52.5000  -37.5000 2223.0840   21.4184
   -7.5000  -37.5000  -30.0000 2283.3386   23.8169
    0.0000  -37.5000  -30.0000 2303.2480   23.7476
    7.5000  -37.5000  -30.0000 2286.0557   23.5841
   -7.5000  -30.0000  -30.0000 2388.2349   21.5837
    0.0000  -30.0000  -30.0000 2407.8464   21.4806
    7.5000  -30.0000  -30.0000 2388.3044   21.3623
   -7.5000  -22.5000  -30.0000 2474.1550   19.7755
    0.0000  -22.5000  -30.0000 2495.2009   19.6855
    7.5000  -22.5000  -30.0000 2474.4709   19.6524
   -7.5000  -15.0000  -30.0000 2540.5222   18.4621
    0.0000  -15.0000  -30.0000 2559.1440   18.3429
    7.5000  -15.0000  -30.0000 2543.0298   18.3231
   -7.5000   -7.5000  -30.0000 2585.3955   17.6271
    0.0000   -7.5000  -30.0000 2602.6157   17.4493
    7.5000   -7.5000  -30.0000 2582.9939   17.4483
   -7.5000    0.0000  -30.0000 2615.4419   17.1325
    0.0000    0.0000  -30.0000 2624.6240   16.9324
    7.5000    0.0000  -30.0000 2603.7292   16.9331
   -7.5000    7.5000  -30.0000 2628.1719   16.8312
    0.0000    7.5000  -30.0000 2636.4434   16.6543
    7.5000    7.5000  -30.0000 2618.0056   16.6779
   -7.5000   15.0000  -30.0000 2637.6240   16.7926
    0.0000   15.0000  -30.0000 2646.7192   16.6051
    7.5000   15.0000  -30.0000 2625.5874   16.6940
   -7.5000   22.5000  -30.0000 2625.8083   16.9777
    0.0000   22.5000  -30.0000 2636.7485   16.8435
    7.5000   22.5000  -30.0000 2615.8140   16.9386
   -7.5000   30.0000  -30.0000 2601.3333   17.5086
    0.0000   30.0000  -30.0000 2606.7043   17.3768
    7.5000   30.0000  -30.0000 2587.8384   17.4780
   -7.5000   37.5000  -30.0000 2546.9055   18.2704
    0.0000   37.5000  -30.0000 2563.7886   18.1297
    7.5000   37.5000  -30.0000 2540.0901   18.2591
   -7.5000   45.0000  -30.0000 2473.3291   19.2657
    0.0000   45.0000  -30.0000 2494.9324   19.1529
    7.5000   45.0000  -30.0000 2467.7817   19.2575
   -7.5000   52.5000  -30.0000 2355.8704   20.5281
    0.0000   52.5000  -30.0000 2373.2148   20.4767
    7.5000   52.5000  -30.0000 2351.2385   20.5817
   -7.5000  -37.5000  -22.5000 2353.9514   23.4901
    0.0000  -37.5000  -22.5000 2372.0234   23.4020
    7.5000  -37.5000  -22.5000 2359.6619   23.3102
   -7.5000  -30.0000  -22.5000 2461.5806   21.2248
    0.0000  -30.0000  -22.5000 2482.1880   21.1287
    7.5000  -30.0000  -22.5000 2469.1655   21.0776
   -7.5000  -22.5000  -22.5000 2551.7549   19.4332
    0.0000  -22.5000  -22.5000 2567.5522   19.2881
    7.5000  -22.5000  -22.5000 2558.2009   19.3036
   -7.5000  -15.0000  -22.5000 2621.6284   18.0391
    0.0000  -15.0000  -22.5000 2635.7312   17.8939
    7.5000  -15.0000  -22.5000 2625.8970   17.9096
   -7.5000   -7.5000  -22.5000 2676.0339   17.1048
    0.0000   -7.5000  -22.5000 2686.9324   16.9416
    7.5000   -7.5000  -22.5000 2677.0715   16.9199
   -7.5000    0.0000  -22.5000 2711.0808   16.5080
    0.0000    0.0000  -22.5000 2715.0312   16.2822
    7.5000    0.0000  -22.5000 2704.3367   16.3125
   -7.5000    7.5000  -22.5000 2725.1477   16.1490
    0.0000    7.5000  -22.5000 2731.4082   15.9490
    7.5000    7.5000  -22.5000 2717.6914   15.9895
   -7.5000   15.0000  -22.5000 2733.4736   16.1064
    0.0000   15.0000  -22.5000 2737.9753   15.9077
    7.5000   15.0000  -22.5000 2723.1191   15.9949
   -7.5000   22.5000  -22.5000 2730.3872   16.3005
    0.0000   22.5000  -22.5000 2738.9771   16.1409
    7.5000   22.5000  -22.5000 2721.7249   16.2327
   -7.5000   30.0000  -22.5000 2715.4272   16.8069
    0.0000   30.0000  -22.5000 2716.8250   16.6304
    7.5000   30.0000  -22.5000 2701.2295   16.7350
   -7.5000   37.5000  -22.5000 2659.7285   17.4907
    0.0000   37.5000  -22.5000 2666.5625   17.3438
    7.5000   37.5000  -22.5000 2650.3938   17.4625
   -7.5000   45.0000  -22.5000 2585.3257   18.4425
    0.0000   45.0000  -22.5000 2592.0603   18.3164
    7.5000   45.0000  -22.5000 2576.0771   18.4546
   -7.5000   52.5000  -22.5000 2462.7126   19.6187
    0.0000   52.5000  -22.5000 2468.9875   19.5599
    7.5000   52.5000  -22.5000 2456.4014   19.6881
   -7.5000  -37.5000  -15.0000 2379.6138   23.2415
    0.0000  -37.5000  -15.0000 2396.6890   23.1657
    7.5000  -37.5000  -15.0000 2386.9497   23.1263
   -7.5000  -30.0000  -15.0000 2492.2839   20.9790
    0.0000  -30.0000  -15.0000 2510.0679   20.8156
    7.5000  -30.0000  -15.0000 2500.9856   20.8278
   -7.5000  -22.5000  -15.0000 2583.3174   19.0923
    0.0000  -22.5000  -15.0000 2596.2866   18.9079
    7.5000  -22.5000  -15.0000 2593.2961   18.9681
   -7.5000  -15.0000  -15.0000 2656.5310   17.6631
    0.0000  -15.0000  -15.0000 2669.4043   17.4821
    7.5000  -15.0000  -15.0000 2665.3699   17.5359
   -7.5000   -7.5000  -15.0000 2726.8306   16.6709
    0.0000   -7.5000  -15.0000 2734.9375   16.4729
    7.5000   -7.5000  -15.0000 2730.0593   16.5076
   -7.5000    0.0000  -15.0000 2765.0129   16.0070
    0.0000    0.0000  -15.0000 2774.8491   15.8215
    7.5000    0.0000  -15.0000 2761.3701   15.8355
   -7.5000    7.5000  -15.0000 2787.2505   15.5562
    0.0000    7.5000  -15.0000 2790.0125   15.3083
    7.5000    7.5000  -15.0000 2775.2673   15.3704
   -7.5000   15.0000  -15.0000 2800.2917   15.4502
    0.0000   15.0000  -15.0000 2797.4207   15.2075
    7.5000   15.0000  -15.0000 2782.3362   15.3124
   -7.5000   22.5000  -15.0000 2801.2649   15.6703
    0.0000   22.5000  -15.0000 2803.5718   15.4443
    7.5000   22.5000  -15.0000 2789.3186   15.5348
   -7.5000   30.0000  -15.0000 2787.4065   16.1415
    0.0000   30.0000  -15.0000 2791.4729   15.9447
    7.5000   30.0000  -15.0000 2773.1904   16.0281
   -7.5000   37.5000  -15.0000 2735.7798   16.8126
    0.0000   37.5000  -15.0000 2743.0637   16.6455
    7.5000   37.5000  -15.0000 2724.2656   16.7524
   -7.5000   45.0000  -15.0000 2664.0146   17.7125
    0.0000   45.0000  -15.0000 2666.8770   17.5758
    7.5000   45.0000  -15.0000 2651.2917   17.7203
   -7.5000   52.5000  -15.0000 2540.1841   18.8372
    0.0000   52.5000  -15.0000 2544.2427   18.7279
    7.5000   52.5000  -15.0000 2533.7437   18.9345
   -7.5000  -37.5000   -7.5000 2375.7825   23.1741
    0.0000  -37.5000   -7.5000 2393.4695   22.9723
    7.5000  -37.5000   -7.5000 2378.0032   23.0116
   -7.5000  -30.0000   -7.5000 2491.9680   20.8085
    0.0000  -30.0000   -7.5000 2506.7432   20.5563
    7.5000  -30.0000   -7.5000 2490.4832   20.6250
   -7.5000  -22.5000   -7.5000 2586.7742   18.8398
    0.0000  -22.5000   -7.5000 2597.3125   18.5969
    7.5000  -22.5000   -7.5000 2590.4971   18.6785
   -7.5000  -15.0000   -7.5000 2670.2283   17.3887
    0.0000  -15.0000   -7.5000 2678.0840   17.1511
    7.5000  -15.0000   -7.5000 2673.0420   17.2432
   -7.5000   -7.5000   -7.5000 2743.7412   16.3684
    0.0000   -7.5000   -7.5000 2744.4714   16.1363
    7.5000   -7.5000   -7.5000 2739.7927   16.1958
   -7.5000    0.0000   -7.5000 2797.8794   15.7588
    0.0000    0.0000   -7.5000 2798.7241   15.5307
    7.5000    0.0000   -7.5000 2786.1821   15.5435
   -7.5000    7.5000   -7.5000 2826.2075   15.2288
    0.0000    7.5000   -7.5000 2821.9197   14.9353
    7.5000    7.5000   -7.5000 2807.6045   15.0484
   -7.5000   15.0000   -7.5000 2840.2590   14.9895
    0.0000   15.0000   -7.5000 2827.9673   14.6921
    7.5000   15.0000   -7.5000 2813.3511   14.8594
   -7.5000   22.5000   -7.5000 2849.7820   15.1748
    0.0000   22.5000   -7.5000 2838.7993   14.9172
    7.5000   22.5000   -7.5000 2825.1223   15.0406
   -7.5000   30.0000   -7.5000 2838.1523   15.6079
    0.0000   30.0000   -7.5000 2835.4084   15.3735
    7.5000   30.0000   -7.5000 2813.5413   15.4737
   -7.5000   37.5000   -7.5000 2794.3044   16.2695
    0.0000   37.5000   -7.5000 2797.2913   16.0285
    7.5000   37.5000   -7.5000 2769.5068   16.1727
   -7.5000   45.0000   -7.5000 2717.3555   17.1500
    0.0000   45.0000   -7.5000 2724.3376   16.9334
    7.5000   45.0000   -7.5000 2701.6729   17.1303
   -7.5000   52.5000   -7.5000 2591.9465   18.2594
    0.0000   52.5000   -7.5000 2600.3899   18.0586
    7.5000   52.5000   -7.5000 2576.9678   18.3293
   -7.5000  -37.5000    0.0000 2339.0388   23.2773
    0.0000  -37.5000    0.0000 2355.5471   23.0856
    7.5000  -37.5000    0.0000 2343.9607   23.0797
   -7.5000  -30.0000    0.0000 2453.0339   20.7398
    0.0000  -30.0000    0.0000 2470.0242   20.5653
    7.5000  -30.0000    0.0000 2455.3428   20.5911
   -7.5000  -22.5000    0.0000 2553.5330   18.7708
    0.0000  -22.5000    0.0000 2571.1511   18.5809
    7.5000  -22.5000    0.0000 2559.3752   18.6307
   -7.5000  -15.0000    0.0000 2648.2729   17.3364
    0.0000  -15.0000    0.0000 2658.4897   17.1164
    7.5000  -15.0000    0.0000 2646.2400   17.1804
   -7.5000   -7.5000    0.0000 2726.6599   16.3664
    0.0000   -7.5000    0.0000 2732.1704   16.1637
    7.5000   -7.5000    0.0000 2721.2708   16.1999
   -7.5000    0.0000    0.0000 2795.8735   15.7974
    0.0000    0.0000    0.0000 2802.2710   15.6410
    7.5000    0.0000    0.0000 2783.9856   15.5802
   -7.5000    7.5000    0.0000 2851.7458   15.4452
    0.0000    7.5000    0.0000 2869.0518   15.2975
    7.5000    7.5000    0.0000 2825.0671   15.1547
   -7.5000   15.0000    0.0000 2868.7659   15.0033
    0.0000   15.0000    0.0000 2870.0500   14.8132
    7.5000   15.0000    0.0000 2835.0283   14.8315
   -7.5000   22.5000    0.0000 2870.5151   14.9509
    0.0000   22.5000    0.0000 2873.7874   14.8278
    7.5000   22.5000    0.0000 2834.5911   14.8535
   -7.5000   30.0000    0.0000 2850.6641   15.2584
    0.0000   30.0000    0.0000 2858.5994   15.1518
    7.5000   30.0000    0.0000 2820.0967   15.1711
   -7.5000   37.5000    0.0000 2813.5532   15.8594
    0.0000   37.5000    0.0000 2830.8154   15.7579
    7.5000   37.5000    0.0000 2786.3792   15.8301
   -7.5000   45.0000    0.0000 2736.0376   16.7828
    0.0000   45.0000    0.0000 2759.6062   16.7077
    7.5000   45.0000    0.0000 2717.3184   16.8116
   -7.5000   52.5000    0.0000 2618.2166   17.9474
    0.0000   52.5000    0.0000 2634.3091   17.8779
    7.5000   52.5000    0.0000 2598.2986   17.9852
   -7.5000  -37.5000    7.5000 2292.5242   23.8100
    0.0000  -37.5000    7.5000 2308.5134   23.5601
    7.5000  -37.5000    7.5000 2300.5881   23.6416
   -7.5000  -30.0000    7.5000 2406.5378   21.0816
    0.0000  -30.0000    7.5000 2418.9341   20.8615
    7.5000  -30.0000    7.5000 2416.6995   21.0236
   -7.5000  -22.5000    7.5000 2516.6116   19.1158
    0.0000  -22.5000    7.5000 2521.5903   18.9106
    7.5000  -22.5000    7.5000 2527.0059   19.0980
   -7.5000  -15.0000    7.5000 2613.4895   17.7352
    0.0000  -15.0000    7.5000 2611.2061   17.5332
    7.5000  -15.0000    7.5000 2617.8801   17.6628
   -7.5000   -7.5000    7.5000 2705.7346   16.7792
    0.0000   -7.5000    7.5000 2710.7053   16.6696
    7.5000   -7.5000    7.5000 2705.7378   16.6727
   -7.5000    0.0000    7.5000 2793.2317   16.1515
    0.0000    0.0000    7.5000 2813.3608   16.1656
    7.5000    0.0000    7.5000 2787.1289   16.0222
   -7.5000    7.5000    7.5000 2868.5957   15.8586
    0.0000    7.5000    7.5000 2910.7000   16.0343
    7.5000    7.5000    7.5000 2851.4883   15.6082
   -7.5000   15.0000    7.5000 2893.2910   15.3412
    0.0000   15.0000    7.5000 2950.4897   15.5385
    7.5000   15.0000    7.5000 2862.6165   15.1560
   -7.5000   22.5000    7.5000 2881.2068   14.9618
    0.0000   22.5000    7.5000 2916.2585   15.0998
    7.5000   22.5000    7.5000 2854.0044   14.9498
   -7.5000   30.0000    7.5000 2849.4883   15.0904
    0.0000   30.0000    7.5000 2871.8228   15.1654
    7.5000   30.0000    7.5000 2831.2805   15.1678
   -7.5000   37.5000    7.5000 2820.8396   15.7134
    0.0000   37.5000    7.5000 2838.6331   15.7551
    7.5000   37.5000    7.5000 2800.6460   15.8056
   -7.5000   45.0000    7.5000 2748.1213   16.7412
    0.0000   45.0000    7.5000 2766.7466   16.7316
    7.5000   45.0000    7.5000 2732.2024   16.8179
   -7.5000   52.5000    7.5000 2629.1821   17.9400
    0.0000   52.5000    7.5000 2642.7759   17.9152
    7.5000   52.5000    7.5000 2620.6052   18.0164
   -7.5000  -37.5000   15.0000 2235.5574   24.7199
    0.0000  -37.5000   15.0000 2247.5242   24.4823
    7.5000  -37.5000   15.0000 2248.4114   24.6729
   -7.5000  -30.0000   15.0000 2351.3469   21.9358
    0.0000  -30.0000   15.0000 2361.7810   21.8043
    7.5000  -30.0000   15.0000 2365.3020   22.0227
   -7.5000  -22.5000   15.0000 2464.0354   19.9688
    0.0000  -22.5000   15.0000 2478.0103   19.9184
    7.5000  -22.5000   15.0000 2478.0474   20.1005
   -7.5000  -15.0000   15.0000 2569.1257   18.4904
    0.0000  -15.0000   15.0000 2582.6479   18.5297
    7.5000  -15.0000   15.0000 2578.7168   18.5772
   -7.5000   -7.5000   15.0000 2672.7139   17.4224
    0.0000   -7.5000   15.0000 2701.1692   17.5621
    7.5000   -7.5000   15.0000 2676.9319   17.4831
   -7.5000    0.0000   15.0000 2771.2078   16.6797
    0.0000    0.0000   15.0000 2807.3054   16.8858
    7.5000    0.0000   15.0000 2769.9370   16.6908
   -7.5000    7.5000   15.0000 2856.2266   16.2275
    0.0000    7.5000   15.0000 2909.5476   16.5432
    7.5000    7.5000   15.0000 2845.3901   16.1488
   -7.5000   15.0000   15.0000 2884.6760   15.5390
    0.0000   15.0000   15.0000 2943.7642   15.8928
    7.5000   15.0000   15.0000 2863.6699   15.5567
   -7.5000   22.5000   15.0000 2878.8657   15.1831
    0.0000   22.5000   15.0000 2916.9290   15.3986
    7.5000   22.5000   15.0000 2863.7058   15.3982
   -7.5000   30.0000   15.0000 2857.8660   15.3795
    0.0000   30.0000   15.0000 2888.4341   15.5431
    7.5000   30.0000   15.0000 2843.4680   15.6114
   -7.5000   37.5000   15.0000 2819.9319   16.0169
    0.0000   37.5000   15.0000 2846.6982   16.1346
    7.5000   37.5000   15.0000 2801.7908   16.1772
   -7.5000   45.0000   15.0000 2736.5354   17.0119
    0.0000   45.0000   15.0000 2759.5129   17.0357
    7.5000   45.0000   15.0000 2724.2527   17.0930
   -7.5000   52.5000   15.0000 2614.1987   18.2148
    0.0000   52.5000   15.0000 2626.6453   18.2019
    7.5000   52.5000   15.0000 2607.1465   18.2513
   -7.5000  -37.5000   22.5000 2185.2097   26.3012
    0.0000  -37.5000   22.5000 2202.5520   26.3183
    7.5000  -37.5000   22.5000 2190.1033   26.4646
   -7.5000  -30.0000   22.5000 2296.9124   23.2851
    0.0000  -30.0000   22.5000 2318.4741   23.4008
    7.5000  -30.0000   22.5000 2304.0840   23.6022
   -7.5000  -22.5000   22.5000 2415.8093   21.0739
    0.0000  -22.5000   22.5000 2437.5410   21.1644
    7.5000  -22.5000   22.5000 2425.8013   21.3379
   -7.5000  -15.0000   22.5000 2525.5051   19.3691
    0.0000  -15.0000   22.5000 2548.7566   19.5052
    7.5000  -15.0000   22.5000 2534.7959   19.5728
   -7.5000   -7.5000   22.5000 2628.5020   18.0866
    0.0000   -7.5000   22.5000 2656.4189   18.2467
    7.5000   -7.5000   22.5000 2633.3169   18.2576
   -7.5000    0.0000   22.5000 2732.1611   17.1986
    0.0000    0.0000   22.5000 2765.8923   17.3774
    7.5000    0.0000   22.5000 2734.8306   17.2728
   -7.5000    7.5000   22.5000 2813.9700   16.5338
    0.0000    7.5000   22.5000 2859.3787   16.7565
    7.5000    7.5000   22.5000 2811.4441   16.5540
   -7.5000   15.0000   22.5000 2837.7329   15.7706
    0.0000   15.0000   22.5000 2878.5308   15.9536
    7.5000   15.0000   22.5000 2833.8232   16.0096
   -7.5000   22.5000   22.5000 2858.9226   15.5477
    0.0000   22.5000   22.5000 2884.6299   15.6269
    7.5000   22.5000   22.5000 2849.7700   15.8674
   -7.5000   30.0000   22.5000 2853.1257   15.8805
    0.0000   30.0000   22.5000 2877.4631   15.9288
    7.5000   30.0000   22.5000 2834.3901   16.0949
   -7.5000   37.5000   22.5000 2802.0151   16.5850
    0.0000   37.5000   22.5000 2826.6985   16.6340
    7.5000   37.5000   22.5000 2786.2886   16.7246
   -7.5000   45.0000   22.5000 2724.9795   17.5704
    0.0000   45.0000   22.5000 2741.3271   17.5634
    7.5000   45.0000   22.5000 2708.7664   17.6354
   -7.5000   52.5000   22.5000 2600.2029   18.6881
    0.0000   52.5000   22.5000 2607.4871   18.6803
    7.5000   52.5000   22.5000 2587.8320   18.7799
   -7.5000  -37.5000   30.0000 2124.5327   28.1157
    0.0000  -37.5000   30.0000 2149.8469   28.3711
    7.5000  -37.5000   30.0000 2125.5369   28.4828
   -7.5000  -30.0000   30.0000 2237.0720   24.7632
    0.0000  -30.0000   30.0000 2262.2688   24.9665
    7.5000  -30.0000   30.0000 2247.3264   25.2238
   -7.5000  -22.5000   30.0000 2359.3000   22.2357
    0.0000  -22.5000   30.0000 2382.1536   22.3598
    7.5000  -22.5000   30.0000 2371.9846   22.5918
   -7.5000  -15.0000   30.0000 2469.2371   20.3070
    0.0000  -15.0000   30.0000 2495.4016   20.4220
    7.5000  -15.0000   30.0000 2481.9480   20.6264
   -7.5000   -7.5000   30.0000 2573.6707   18.8673
    0.0000   -7.5000   30.0000 2597.2737   18.9791
    7.5000   -7.5000   30.0000 2578.9749   19.1234
   -7.5000    0.0000   30.0000 2672.3716   17.8122
    0.0000    0.0000   30.0000 2692.8542   17.9570
    7.5000    0.0000   30.0000 2675.1138   17.9988
   -7.5000    7.5000   30.0000 2752.4429   16.9609
    0.0000    7.5000   30.0000 2778.3899   17.1292
    7.5000    7.5000   30.0000 2756.3252   17.2083
   -7.5000   15.0000   30.0000 2780.9419   16.2487
    0.0000   15.0000   30.0000 2805.9014   16.3634
    7.5000   15.0000   30.0000 2779.7798   16.6554
   -7.5000   22.5000   30.0000 2805.9788   16.1424
    0.0000   22.5000   30.0000 2822.6208   16.2083
    7.5000   22.5000   30.0000 2795.7454   16.5137
   -7.5000   30.0000   30.0000 2796.4214   16.5119
    0.0000   30.0000   30.0000 2816.1680   16.5604
    7.5000   30.0000   30.0000 2781.4871   16.7421
   -7.5000   37.5000   30.0000 2751.2668   17.1986
    0.0000   37.5000   30.0000 2771.9551   17.2291
    7.5000   37.5000   30.0000 2738.5273   17.3559
   -7.5000   45.0000   30.0000 2680.3992   18.1485
    0.0000   45.0000   30.0000 2697.7952   18.1510
    7.5000   45.0000   30.0000 2667.3501   18.2907
   -7.5000   52.5000   30.0000 2568.0540   19.2812
    0.0000   52.5000   30.0000 2579.6982   19.2834
    7.5000   52.5000   30.0000 2547.4927   19.4312
   -7.5000  -37.5000   37.5000 2059.0417   30.1501
    0.0000  -37.5000   37.5000 2079.2925   30.3637
    7.5000  -37.5000   37.5000 2068.7900   30.5696
   -7.5000  -30.0000   37.5000 2179.2461   26.3937
    0.0000  -30.0000   37.5000 2193.1462   26.5058
    7.5000  -30.0000   37.5000 2194.0200   26.9294
   -7.5000  -22.5000   37.5000 2299.5552   23.5686
    0.0000  -22.5000   37.5000 2314.6553   23.5812
    7.5000  -22.5000   37.5000 2312.2688   23.9960
   -7.5000  -15.0000   37.5000 2410.8262   21.4144
    0.0000  -15.0000   37.5000 2424.5991   21.4123
    7.5000  -15.0000   37.5000 2420.7134   21.8331
   -7.5000   -7.5000   37.5000 2513.8269   19.8111
    0.0000   -7.5000   37.5000 2528.2700   19.8340
    7.5000   -7.5000   37.5000 2518.6465   20.1782
   -7.5000    0.0000   37.5000 2604.7598   18.6348
    0.0000    0.0000   37.5000 2616.8665   18.7007
    7.5000    0.0000   37.5000 2609.7859   18.9899
   -7.5000    7.5000   37.5000 2675.9773   17.7002
    0.0000    7.5000   37.5000 2694.3386   17.8056
    7.5000    7.5000   37.5000 2680.9761   18.1242
   -7.5000   15.0000   37.5000 2716.4492   17.0536
    0.0000   15.0000   37.5000 2728.5259   17.1668
    7.5000   15.0000   37.5000 2713.2512   17.5149
   -7.5000   22.5000   37.5000 2734.0730   17.0247
    0.0000   22.5000   37.5000 2745.8542   17.1046
    7.5000   22.5000   37.5000 2726.3203   17.4091
   -7.5000   30.0000   37.5000 2718.4260   17.3876
    0.0000   30.0000   37.5000 2734.1765   17.4309
    7.5000   30.0000   37.5000 2709.0718   17.6625
   -7.5000   37.5000   37.5000 2681.7227   18.0472
    0.0000   37.5000   37.5000 2704.2339   18.0592
    7.5000   37.5000   37.5000 2672.0664   18.2545
   -7.5000   45.0000   37.5000 2621.4219   18.9345
    0.0000   45.0000   37.5000 2638.4519   18.9288
    7.5000   45.0000   37.5000 2608.9761   19.1635
   -7.5000   52.5000   37.5000 2521.2139   20.0604
    0.0000   52.5000   37.5000 2532.0955   20.0610
    7.5000   52.5000   37.5000 2503.3572   20.2915
   -7.5000  -37.5000   45.0000 1981.9246   32.3443
    0.0000  -37.5000   45.0000 1995.0226   32.3146
    7.5000  -37.5000   45.0000 1999.8706   32.8032
   -7.5000  -30.0000   45.0000 2111.1365   28.3449
    0.0000  -30.0000   45.0000 2117.5623   28.2564
    7.5000  -30.0000   45.0000 2128.3477   28.8540
   -7.5000  -22.5000   45.0000 2228.4153   25.0946
    0.0000  -22.5000   45.0000 2231.9395   25.0291
    7.5000  -22.5000   45.0000 2237.2119   25.6623
   -7.5000  -15.0000   45.0000 2340.8582   22.7068
    0.0000  -15.0000   45.0000 2342.4797   22.5719
    7.5000  -15.0000   45.0000 2347.0598   23.2750
   -7.5000   -7.5000   45.0000 2446.6770   21.0510
    0.0000   -7.5000   45.0000 2449.8213   20.9521
    7.5000   -7.5000   45.0000 2448.6133   21.5509
   -7.5000    0.0000   45.0000 2527.9050   19.7399
    0.0000    0.0000   45.0000 2537.8567   19.7527
    7.5000    0.0000   45.0000 2530.4617   20.2205
   -7.5000    7.5000   45.0000 2597.1260   18.7789
    0.0000    7.5000   45.0000 2606.4021   18.8118
    7.5000    7.5000   45.0000 2595.5486   19.2885
   -7.5000   15.0000   45.0000 2634.6326   18.1429
    0.0000   15.0000   45.0000 2639.3606   18.2111
    7.5000   15.0000   45.0000 2630.6792   18.6475
   -7.5000   22.5000   45.0000 2648.8411   18.1388
    0.0000   22.5000   45.0000 2656.6375   18.1852
    7.5000   22.5000   45.0000 2642.7383   18.5701
   -7.5000   30.0000   45.0000 2629.3032   18.4926
    0.0000   30.0000   45.0000 2638.4634   18.5259
    7.5000   30.0000   45.0000 2623.8501   18.8114
   -7.5000   37.5000   45.0000 2594.8699   19.1166
    0.0000   37.5000   45.0000 2610.9424   19.1717
    7.5000   37.5000   45.0000 2589.4333   19.4096
   -7.5000   45.0000   45.0000 2547.6606   19.9870
    0.0000   45.0000   45.0000 2568.1128   19.9941
    7.5000   45.0000   45.0000 2541.1316   20.2902
   -7.5000   52.5000   45.0000 2455.9253   21.0334
    0.0000   52.5000   45.0000 2469.3689   21.0436
    7.5000   52.5000   45.0000 2440.5623   21.3528
   -7.5000  -37.5000   52.5000 1900.8322   34.7877
    0.0000  -37.5000   52.5000 1908.8049   34.7413
    7.5000  -37.5000   52.5000 1920.9382   35.5517
   -7.5000  -30.0000   52.5000 2035.3969   30.3439
    0.0000  -30.0000   52.5000 2034.1823   30.2301
    7.5000  -30.0000   52.5000 2045.6591   31.0522
   -7.5000  -22.5000   52.5000 2155.6609   26.9479
    0.0000  -22.5000   52.5000 2145.0408   26.7538
    7.5000  -22.5000   52.5000 2158.7788   27.6596
   -7.5000  -15.0000   52.5000 2267.7551   24.3882
    0.0000  -15.0000   52.5000 2255.5574   24.1904
    7.5000  -15.0000   52.5000 2263.8093   25.1299
   -7.5000   -7.5000   52.5000 2370.1377   22.6251
    0.0000   -7.5000   52.5000 2365.8789   22.5209
    7.5000   -7.5000   52.5000 2364.8149   23.2192
   -7.5000    0.0000   52.5000 2447.6721   21.2567
    0.0000    0.0000   52.5000 2455.0129   21.2068
    7.5000    0.0000   52.5000 2443.8992   21.8165
   -7.5000    7.5000   52.5000 2508.3538   20.2269
    0.0000    7.5000   52.5000 2517.8452   20.2453
    7.5000    7.5000   52.5000 2501.0874   20.7832
   -7.5000   15.0000   52.5000 2544.1670   19.5633
    0.0000   15.0000   52.5000 2548.6479   19.6326
    7.5000   15.0000   52.5000 2538.6536   20.1026
   -7.5000   22.5000   52.5000 2555.5715   19.5374
    0.0000   22.5000   52.5000 2563.3447   19.5788
    7.5000   22.5000   52.5000 2551.2700   19.9990
   -7.5000   30.0000   52.5000 2542.6716   19.9043
    0.0000   30.0000   52.5000 2549.0032   19.9789
    7.5000   30.0000   52.5000 2538.4587   20.2766
   -7.5000   37.5000   52.5000 2505.7097   20.5470
    0.0000   37.5000   52.5000 2523.4829   20.6050
    7.5000   37.5000   52.5000 2499.0261   20.8640
   -7.5000   45.0000   52.5000 2458.0500   21.4208
    0.0000   45.0000   52.5000 2478.8044   21.4123
    7.5000   45.0000   52.5000 2447.7517   21.6940
   -7.5000   52.5000   52.5000 2371.0212   22.3764
    0.0000   52.5000   52.5000 2388.4944   22.3709
    7.5000   52.5000   52.5000 2357.9631   22.6818

---------------------------------------------------------------------
imgreg_4dfp /opt/freesurfer/average/711-2C_as_mni_average_305 /opt/freesurfer/average/711-2B_as_mni_average_305_mask talsrcimg_g11 none talsrcimg_to_711-2C_as_mni_average_305_t4 1283
---------------------------------------------------------------------

freesurfer imgreg_4dfp.c
/opt/freesurfer/average/711-2C_as_mni_average_305.4dfp.img
       256       256       256         1
  1.000000  1.000000  1.000000
orientation T byte_order littleendian
Reading image: /opt/freesurfer/average/711-2C_as_mni_average_305.4dfp.img
dimensions:      256       256       256
mmppix:       1.0000   -1.0000   -1.0000
center:     128.0000 -129.0000 -129.0000
/opt/freesurfer/average/711-2B_as_mni_average_305_mask.4dfp.img
       256       256       256         1
  1.000000  1.000000  1.000000
orientation T byte_order littleendian
Reading mask: /opt/freesurfer/average/711-2B_as_mni_average_305_mask.4dfp.img (2306576 pixels)
talsrcimg_g11.4dfp.img
       256       256       256         1
  1.000000  1.000000  1.000000
orientation T byte_order littleendian
Reading image: talsrcimg_g11.4dfp.img
dimensions:      256       256       256
mmppix:       1.0000   -1.0000   -1.0000
center:     128.0000 -129.0000 -129.0000
rotation matrix determinant  1.000000
fimgreg.f
image alignment mode   1283 decimal      503 hex
parameters
    0.0000   15.0000    7.5000    0.0000    0.0000    0.0000
eta,q 0.92569 15.69110
niter,ni,del,rscale     5    3   12.0000    1.2000
parameter  3 -0.523821 -> -0.500000 qaram    1.1500
parameter  4 27.295219 ->  0.500000 qaram    1.1500
parameters
   -0.8859   14.5020   10.9500   -3.4500    0.7940    0.6011
eta,q 0.93283 16.10023
  0.0869  0.0832  0.0957  0.0635  0.0752  0.0701
  0.0801  0.0780  0.0851  0.0667  0.0708  0.0683
  0.0737  0.0730  0.0764  0.0688  0.0685  0.0675
  0.0712  0.0714  0.0710  0.0703  0.0674  0.0671
  0.0765  0.0746  0.0694  0.0714  0.0674  0.0674
  0.0883  0.0813  0.0701  0.0741  0.0691  0.0680
  0.1003  0.0874  0.0703  0.0770  0.0717  0.0689
niter,ni,del,rscale     6    3   12.0000    1.2000
parameter  4-51.211475 ->  0.500000 qaram    1.3225
parameters
   -1.0612   16.2825   11.1509   -7.4175    0.9040    0.4704
eta,q 0.94306 15.95841
  0.0852  0.0806  0.0805  0.0535  0.0652  0.0624
  0.0759  0.0760  0.0705  0.0559  0.0611  0.0592
  0.0696  0.0723  0.0650  0.0600  0.0580  0.0573
  0.0672  0.0672  0.0646  0.0647  0.0569  0.0570
  0.0689  0.0645  0.0671  0.0692  0.0587  0.0575
  0.0768  0.0660  0.0714  0.0723  0.0610  0.0595
  0.0884  0.0727  0.0767  0.0756  0.0642  0.0629
niter,ni,del,rscale     6    3   12.0000    1.2000
parameter  4  0.882848 ->  0.500000 qaram    1.5209
parameters
   -1.2722   17.0729   10.8902  -11.9801    1.1293    0.7362
eta,q 0.94749 15.82844
  0.0770  0.0755  0.0720  0.0526  0.0617  0.0578
  0.0661  0.0680  0.0629  0.0524  0.0571  0.0553
  0.0590  0.0615  0.0578  0.0534  0.0541  0.0536
  0.0569  0.0570  0.0566  0.0565  0.0526  0.0526
  0.0601  0.0574  0.0592  0.0614  0.0531  0.0527
  0.0686  0.0618  0.0654  0.0674  0.0561  0.0544
  0.0797  0.0689  0.0736  0.0726  0.0607  0.0574
niter,ni,del,rscale     6    3   12.0000    1.2000
parameters
   -1.3526   17.7691   10.0464  -14.2304    1.5581    0.6138
eta,q 0.94967 15.78035
  0.0741  0.0706  0.0664  0.0572  0.0606  0.0549
  0.0628  0.0608  0.0565  0.0521  0.0559  0.0525
  0.0546  0.0543  0.0523  0.0501  0.0522  0.0511
  0.0525  0.0525  0.0529  0.0522  0.0503  0.0503
  0.0562  0.0550  0.0579  0.0548  0.0512  0.0511
  0.0640  0.0584  0.0648  0.0594  0.0538  0.0528
  0.0745  0.0623  0.0706  0.0659  0.0583  0.0553
niter,ni,del,rscale     5    3   12.0000    1.2000
parameters
   -1.5581   18.5454    9.4085  -15.5873    2.0981    0.9329
eta,q 0.95117 15.71025
  0.0721  0.0676  0.0669  0.0576  0.0599  0.0546
  0.0604  0.0593  0.0557  0.0516  0.0548  0.0519
  0.0522  0.0528  0.0499  0.0490  0.0504  0.0496
  0.0503  0.0502  0.0507  0.0499  0.0489  0.0488
  0.0545  0.0525  0.0557  0.0535  0.0493  0.0496
  0.0631  0.0561  0.0630  0.0565  0.0520  0.0509
  0.0744  0.0596  0.0703  0.0616  0.0568  0.0536
niter,ni,del,rscale     4    3   12.0000    1.2000
parameters
   -1.8792   19.1561    9.0624  -16.5073    2.5843    0.9126
eta,q 0.95229 15.66239
  0.0706  0.0657  0.0678  0.0575  0.0597  0.0539
  0.0588  0.0575  0.0560  0.0525  0.0542  0.0507
  0.0503  0.0511  0.0488  0.0479  0.0498  0.0482
  0.0488  0.0486  0.0488  0.0484  0.0479  0.0477
  0.0531  0.0505  0.0534  0.0524  0.0483  0.0486
  0.0625  0.0542  0.0608  0.0557  0.0514  0.0505
  0.0751  0.0595  0.0692  0.0601  0.0568  0.0540
niter,ni,del,rscale     3    3   12.0000    1.2000
parameters
   -2.1444   19.5182    8.8308  -17.0980    2.8480    0.8740
eta,q 0.95286 15.63446
  0.0709  0.0646  0.0677  0.0574  0.0592  0.0537
  0.0587  0.0558  0.0564  0.0535  0.0537  0.0502
  0.0496  0.0493  0.0485  0.0479  0.0493  0.0477
  0.0477  0.0475  0.0476  0.0474  0.0472  0.0472
  0.0524  0.0499  0.0522  0.0513  0.0483  0.0481
  0.0620  0.0542  0.0598  0.0553  0.0518  0.0502
  0.0746  0.0600  0.0684  0.0592  0.0578  0.0539
niter,ni,del,rscale     2    3   12.0000    1.2000
parameters
   -2.2723   19.7318    8.6614  -17.4637    2.9568    0.8817
eta,q 0.95297 15.62396
  0.0720  0.0640  0.0675  0.0575  0.0589  0.0537
  0.0597  0.0547  0.0567  0.0540  0.0534  0.0502
  0.0499  0.0483  0.0487  0.0483  0.0489  0.0477
  0.0471  0.0471  0.0472  0.0471  0.0470  0.0470
  0.0516  0.0499  0.0515  0.0504  0.0486  0.0479
  0.0612  0.0545  0.0591  0.0550  0.0524  0.0500
  0.0738  0.0603  0.0680  0.0587  0.0585  0.0538
niter,ni,del,rscale     1    3   12.0000    1.2000
parameters
   -2.3254   19.8417    8.5488  -17.6848    2.9872    0.8963
eta,q 0.95297 15.62114
  0.0726  0.0635  0.0676  0.0577  0.0588  0.0537
  0.0603  0.0540  0.0569  0.0542  0.0533  0.0502
  0.0502  0.0477  0.0489  0.0487  0.0487  0.0477
  0.0470  0.0470  0.0471  0.0471  0.0470  0.0470
  0.0512  0.0502  0.0511  0.0500  0.0487  0.0478
  0.0608  0.0547  0.0587  0.0546  0.0527  0.0499
  0.0734  0.0605  0.0677  0.0585  0.0588  0.0537
registration optimization eta report
parameter search radius
    6.0000    6.0000    6.9000    9.1253    6.0000    6.0000
100000*second partial in parameter space
       71.       41.       42.       12.       32.       19.
  0.0726  0.0635  0.0676  0.0577  0.0588  0.0537
  0.0603  0.0540  0.0569  0.0542  0.0533  0.0502
  0.0502  0.0477  0.0489  0.0487  0.0487  0.0477
  0.0470  0.0470  0.0471  0.0471  0.0470  0.0470
  0.0512  0.0502  0.0511  0.0500  0.0487  0.0478
  0.0608  0.0547  0.0587  0.0546  0.0527  0.0499
  0.0734  0.0605  0.0677  0.0585  0.0588  0.0537
   -2.3254   19.8417    8.5488  -17.6848    2.9872    0.8963
eta,q 0.95297 15.62114

---------------------------------------------------------------------
imgreg_4dfp /opt/freesurfer/average/711-2C_as_mni_average_305 /opt/freesurfer/average/711-2B_as_mni_average_305_mask talsrcimg_g11 none talsrcimg_to_711-2C_as_mni_average_305_t4 3335
---------------------------------------------------------------------

freesurfer imgreg_4dfp.c
/opt/freesurfer/average/711-2C_as_mni_average_305.4dfp.img
       256       256       256         1
  1.000000  1.000000  1.000000
orientation T byte_order littleendian
Reading image: /opt/freesurfer/average/711-2C_as_mni_average_305.4dfp.img
dimensions:      256       256       256
mmppix:       1.0000   -1.0000   -1.0000
center:     128.0000 -129.0000 -129.0000
/opt/freesurfer/average/711-2B_as_mni_average_305_mask.4dfp.img
       256       256       256         1
  1.000000  1.000000  1.000000
orientation T byte_order littleendian
Reading mask: /opt/freesurfer/average/711-2B_as_mni_average_305_mask.4dfp.img (2306576 pixels)
talsrcimg_g11.4dfp.img
       256       256       256         1
  1.000000  1.000000  1.000000
orientation T byte_order littleendian
Reading image: talsrcimg_g11.4dfp.img
dimensions:      256       256       256
mmppix:       1.0000   -1.0000   -1.0000
center:     128.0000 -129.0000 -129.0000
fimgreg.f
image alignment mode   3335 decimal      D07 hex
parameters
   -2.3254   19.8417    8.5488   -0.1481   -4.7127   -4.8552
    0.0926   -5.4396    1.5621   30.2966    5.2113  -30.3367
eta,q 0.95007 15.87887
niter,ni,del,rscale     5    3    5.0000    1.2000
parameter  4  0.954013 ->  0.500000 qaram    1.1500
parameter  5  1.358177 ->  0.500000 qaram    1.1500
parameter  6  0.536268 ->  0.500000 qaram    1.1500
parameter 11  0.737254 ->  0.500000 qaram    1.1500
parameter 12 -0.704802 -> -0.500000 qaram    1.1500
parameters
   -2.0046   19.2904    7.5047   -4.2881   -8.8527   -8.9952
    0.2223   -4.1116    0.8470   28.6132    1.0713  -26.1967
eta,q 0.96507 15.62524
  0.0560  0.0512  0.0501  0.0431  0.0365  0.0369  0.0394  0.0431  0.0374  0.0377  0.0356  0.0392
  0.0531  0.0501  0.0492  0.0436  0.0372  0.0365  0.0379  0.0399  0.0367  0.0367  0.0356  0.0377
  0.0510  0.0496  0.0491  0.0453  0.0395  0.0367  0.0369  0.0378  0.0363  0.0362  0.0358  0.0365
  0.0499  0.0498  0.0496  0.0490  0.0439  0.0377  0.0365  0.0365  0.0362  0.0362  0.0361  0.0356
  0.0500  0.0506  0.0507  0.0550  0.0497  0.0408  0.0368  0.0362  0.0364  0.0369  0.0367  0.0351
  0.0512  0.0517  0.0523  0.0622  0.0557  0.0462  0.0377  0.0372  0.0371  0.0383  0.0376  0.0349
  0.0536  0.0532  0.0541  0.0694  0.0610  0.0534  0.0393  0.0397  0.0381  0.0405  0.0387  0.0350
niter,ni,del,rscale     7    3    5.0000    1.2000
parameter  2 -1.027439 -> -0.500000 qaram    1.1500
parameter  3  0.561403 ->  0.500000 qaram    1.1500
parameter  5  0.632341 ->  0.500000 qaram    1.3225
parameter 12  0.514764 ->  0.500000 qaram    1.3225
parameters
   -1.6787   20.6704    6.1247   -7.2013  -13.6137  -12.3704
    0.1779   -3.0585    0.3292   31.3191   -2.3925  -30.9577
eta,q 0.97109 15.13774
  0.0392  0.0424  0.0325  0.0334  0.0306  0.0305  0.0319  0.0343  0.0308  0.0328  0.0295  0.0292
  0.0371  0.0395  0.0322  0.0326  0.0304  0.0298  0.0308  0.0322  0.0302  0.0314  0.0293  0.0289
  0.0356  0.0370  0.0323  0.0321  0.0306  0.0299  0.0300  0.0307  0.0298  0.0304  0.0293  0.0289
  0.0349  0.0349  0.0327  0.0322  0.0321  0.0304  0.0298  0.0298  0.0297  0.0297  0.0294  0.0292
  0.0350  0.0333  0.0334  0.0336  0.0358  0.0312  0.0301  0.0298  0.0299  0.0294  0.0297  0.0298
  0.0358  0.0325  0.0346  0.0377  0.0411  0.0335  0.0308  0.0307  0.0304  0.0295  0.0302  0.0305
  0.0374  0.0324  0.0361  0.0445  0.0467  0.0383  0.0320  0.0324  0.0313  0.0302  0.0310  0.0314
niter,ni,del,rscale     7    3    5.0000    1.2000
parameter  2 -1.250568 -> -0.500000 qaram    1.3225
parameters
   -1.2873   22.2574    5.4550   -7.2443  -17.2677  -12.7651
    0.0513   -2.5753    0.1825   32.8657   -2.3023  -33.3490
eta,q 0.97527 14.99442
  0.0330  0.0382  0.0266  0.0288  0.0270  0.0280  0.0275  0.0298  0.0271  0.0287  0.0259  0.0260
  0.0310  0.0347  0.0258  0.0272  0.0257  0.0262  0.0262  0.0274  0.0260  0.0271  0.0254  0.0251
  0.0296  0.0316  0.0255  0.0262  0.0252  0.0253  0.0254  0.0258  0.0253  0.0258  0.0251  0.0247
  0.0289  0.0288  0.0256  0.0255  0.0255  0.0252  0.0252  0.0252  0.0251  0.0251  0.0250  0.0250
  0.0289  0.0266  0.0261  0.0254  0.0279  0.0255  0.0255  0.0254  0.0254  0.0250  0.0251  0.0257
  0.0296  0.0253  0.0271  0.0264  0.0330  0.0261  0.0264  0.0267  0.0261  0.0255  0.0254  0.0266
  0.0311  0.0248  0.0287  0.0297  0.0397  0.0290  0.0276  0.0287  0.0272  0.0266  0.0258  0.0276
niter,ni,del,rscale     7    3    5.0000    1.2000
parameters
   -1.2085   23.7992    5.4831   -6.6210  -19.2406  -12.3355
    0.2954   -2.5770    0.3329   34.0489   -2.9672  -35.2517
eta,q 0.97663 15.03232
  0.0284  0.0336  0.0256  0.0272  0.0272  0.0272  0.0263  0.0279  0.0260  0.0272  0.0243  0.0248
  0.0265  0.0299  0.0245  0.0255  0.0253  0.0253  0.0249  0.0254  0.0248  0.0255  0.0238  0.0239
  0.0252  0.0269  0.0238  0.0244  0.0239  0.0240  0.0240  0.0240  0.0239  0.0243  0.0236  0.0234
  0.0247  0.0247  0.0235  0.0235  0.0233  0.0236  0.0236  0.0236  0.0236  0.0236  0.0235  0.0235
  0.0250  0.0236  0.0237  0.0232  0.0244  0.0237  0.0239  0.0241  0.0238  0.0236  0.0237  0.0242
  0.0261  0.0237  0.0244  0.0240  0.0285  0.0243  0.0246  0.0255  0.0246  0.0242  0.0240  0.0250
  0.0280  0.0250  0.0256  0.0269  0.0347  0.0269  0.0260  0.0278  0.0259  0.0255  0.0246  0.0261
niter,ni,del,rscale     6    3    5.0000    1.2000
parameters
   -1.1777   23.9756    5.3324   -6.6759  -19.9189  -12.5469
    0.3929   -2.5550    0.2939   34.3854   -3.1577  -35.6953
eta,q 0.97645 14.99619
  0.0270  0.0288  0.0252  0.0270  0.0283  0.0268  0.0262  0.0279  0.0258  0.0265  0.0245  0.0255
  0.0251  0.0260  0.0243  0.0254  0.0262  0.0250  0.0248  0.0253  0.0246  0.0250  0.0239  0.0243
  0.0238  0.0241  0.0236  0.0243  0.0245  0.0239  0.0239  0.0239  0.0238  0.0240  0.0236  0.0237
  0.0234  0.0234  0.0234  0.0234  0.0234  0.0236  0.0236  0.0236  0.0236  0.0236  0.0235  0.0235
  0.0237  0.0237  0.0236  0.0232  0.0233  0.0235  0.0238  0.0241  0.0238  0.0237  0.0237  0.0239
  0.0249  0.0252  0.0244  0.0244  0.0261  0.0243  0.0247  0.0255  0.0246  0.0245  0.0240  0.0248
  0.0269  0.0278  0.0258  0.0282  0.0318  0.0281  0.0260  0.0277  0.0258  0.0261  0.0245  0.0257
niter,ni,del,rscale     5    3    5.0000    1.2000
parameters
   -1.1814   24.0479    5.2871   -6.6721  -20.0665  -12.5650
    0.4264   -2.5476    0.2779   34.4931   -3.2039  -35.8304
eta,q 0.97641 14.99417
  0.0271  0.0285  0.0254  0.0272  0.0288  0.0270  0.0262  0.0280  0.0258  0.0263  0.0246  0.0257
  0.0252  0.0258  0.0245  0.0256  0.0266  0.0252  0.0248  0.0253  0.0246  0.0249  0.0240  0.0244
  0.0240  0.0241  0.0238  0.0245  0.0248  0.0240  0.0239  0.0239  0.0239  0.0240  0.0237  0.0238
  0.0235  0.0235  0.0235  0.0236  0.0235  0.0236  0.0236  0.0236  0.0236  0.0236  0.0236  0.0236
  0.0239  0.0240  0.0237  0.0234  0.0232  0.0235  0.0239  0.0241  0.0238  0.0238  0.0237  0.0239
  0.0251  0.0255  0.0245  0.0245  0.0254  0.0241  0.0247  0.0255  0.0246  0.0247  0.0240  0.0247
  0.0271  0.0281  0.0257  0.0282  0.0307  0.0279  0.0261  0.0278  0.0258  0.0262  0.0245  0.0257
niter,ni,del,rscale     4    3    5.0000    1.2000
parameters
   -1.1828   24.0639    5.2699   -6.6748  -20.1004  -12.5858
    0.4372   -2.5470    0.2691   34.5244   -3.2280  -35.8660
eta,q 0.97640 14.99282
  0.0271  0.0283  0.0255  0.0272  0.0289  0.0270  0.0262  0.0280  0.0258  0.0262  0.0246  0.0258
  0.0252  0.0257  0.0245  0.0257  0.0267  0.0252  0.0248  0.0253  0.0246  0.0248  0.0240  0.0245
  0.0240  0.0241  0.0239  0.0245  0.0248  0.0240  0.0239  0.0239  0.0239  0.0240  0.0237  0.0238
  0.0236  0.0236  0.0236  0.0236  0.0236  0.0236  0.0236  0.0236  0.0236  0.0236  0.0236  0.0236
  0.0240  0.0241  0.0238  0.0234  0.0232  0.0235  0.0239  0.0241  0.0238  0.0238  0.0237  0.0239
  0.0252  0.0257  0.0245  0.0246  0.0253  0.0241  0.0247  0.0256  0.0246  0.0247  0.0240  0.0247
  0.0271  0.0282  0.0257  0.0283  0.0305  0.0279  0.0262  0.0278  0.0258  0.0263  0.0245  0.0256
registration optimization eta report
parameter search radius
    2.4000    3.1740    2.7600    8.2800    9.5220    8.2800
    7.2000    7.2000    7.2000    7.2000    8.2800    9.5220
100000*second partial in parameter space
       61.       46.       26.        6.        7.        6.
        5.        8.        4.        5.        1.        2.
  0.0271  0.0283  0.0255  0.0272  0.0289  0.0270  0.0262  0.0280  0.0258  0.0262  0.0246  0.0258
  0.0252  0.0257  0.0245  0.0257  0.0267  0.0252  0.0248  0.0253  0.0246  0.0248  0.0240  0.0245
  0.0240  0.0241  0.0239  0.0245  0.0248  0.0240  0.0239  0.0239  0.0239  0.0240  0.0237  0.0238
  0.0236  0.0236  0.0236  0.0236  0.0236  0.0236  0.0236  0.0236  0.0236  0.0236  0.0236  0.0236
  0.0240  0.0241  0.0238  0.0234  0.0232  0.0235  0.0239  0.0241  0.0238  0.0238  0.0237  0.0239
  0.0252  0.0257  0.0245  0.0246  0.0253  0.0241  0.0247  0.0256  0.0246  0.0247  0.0240  0.0247
  0.0271  0.0282  0.0257  0.0283  0.0305  0.0279  0.0262  0.0278  0.0258  0.0263  0.0245  0.0256
   -1.1828   24.0639    5.2699   -6.6748  -20.1004  -12.5858
    0.4372   -2.5470    0.2691   34.5244   -3.2280  -35.8660
eta,q 0.97640 14.99282

---------------------------------------------------------------------
imgreg_4dfp /opt/freesurfer/average/711-2C_as_mni_average_305 /opt/freesurfer/average/711-2B_as_mni_average_305_mask talsrcimg_g11 none talsrcimg_to_711-2C_as_mni_average_305_t4 2311
---------------------------------------------------------------------

freesurfer imgreg_4dfp.c
/opt/freesurfer/average/711-2C_as_mni_average_305.4dfp.img
       256       256       256         1
  1.000000  1.000000  1.000000
orientation T byte_order littleendian
Reading image: /opt/freesurfer/average/711-2C_as_mni_average_305.4dfp.img
dimensions:      256       256       256
mmppix:       1.0000   -1.0000   -1.0000
center:     128.0000 -129.0000 -129.0000
/opt/freesurfer/average/711-2B_as_mni_average_305_mask.4dfp.img
       256       256       256         1
  1.000000  1.000000  1.000000
orientation T byte_order littleendian
Reading mask: /opt/freesurfer/average/711-2B_as_mni_average_305_mask.4dfp.img (2306576 pixels)
talsrcimg_g11.4dfp.img
       256       256       256         1
  1.000000  1.000000  1.000000
orientation T byte_order littleendian
Reading image: talsrcimg_g11.4dfp.img
dimensions:      256       256       256
mmppix:       1.0000   -1.0000   -1.0000
center:     128.0000 -129.0000 -129.0000
fimgreg.f
image alignment mode   2311 decimal      907 hex
parameters
   -1.1828   24.0639    5.2699   -6.6748  -20.1004  -12.5858
    0.4372   -2.5470    0.2691   34.5244   -3.2280  -35.8660
eta,q 0.97640 14.99282
niter,ni,del,rscale     5    3    5.0000    0.8000
parameters
   -1.1745   24.0528    5.3640   -5.1016  -18.1260  -11.0005
    0.2620   -2.4652    0.4106   34.7033   -3.1834  -35.8438
eta,q 0.97719 15.31705
  0.0252  0.0248  0.0244  0.0253  0.0255  0.0244  0.0241  0.0253  0.0241  0.0244  0.0234  0.0236
  0.0243  0.0241  0.0240  0.0247  0.0247  0.0237  0.0234  0.0238  0.0234  0.0236  0.0230  0.0231
  0.0238  0.0237  0.0237  0.0241  0.0239  0.0232  0.0230  0.0230  0.0230  0.0231  0.0228  0.0229
  0.0236  0.0236  0.0236  0.0236  0.0234  0.0230  0.0228  0.0228  0.0228  0.0228  0.0228  0.0228
  0.0238  0.0237  0.0236  0.0234  0.0230  0.0228  0.0230  0.0231  0.0229  0.0229  0.0229  0.0229
  0.0243  0.0242  0.0238  0.0235  0.0230  0.0228  0.0235  0.0238  0.0233  0.0234  0.0231  0.0231
  0.0252  0.0248  0.0242  0.0241  0.0237  0.0233  0.0244  0.0250  0.0240  0.0242  0.0233  0.0235
niter,ni,del,rscale     4    3    5.0000    0.7000
parameters
   -1.2034   23.9240    5.2064   -5.2256  -18.3907  -11.2159
    0.4128   -2.5585    0.4744   34.7978   -3.3113  -36.0742
eta,q 0.97716 15.29162
  0.0242  0.0238  0.0233  0.0241  0.0241  0.0235  0.0240  0.0245  0.0237  0.0240  0.0232  0.0233
  0.0234  0.0232  0.0230  0.0235  0.0235  0.0232  0.0234  0.0235  0.0233  0.0234  0.0230  0.0230
  0.0230  0.0229  0.0228  0.0231  0.0231  0.0230  0.0230  0.0229  0.0230  0.0230  0.0229  0.0229
  0.0228  0.0228  0.0228  0.0228  0.0228  0.0228  0.0229  0.0229  0.0229  0.0229  0.0229  0.0229
  0.0230  0.0230  0.0229  0.0229  0.0229  0.0228  0.0229  0.0231  0.0229  0.0229  0.0229  0.0229
  0.0235  0.0235  0.0232  0.0234  0.0235  0.0230  0.0233  0.0237  0.0232  0.0233  0.0230  0.0231
  0.0243  0.0242  0.0236  0.0245  0.0248  0.0239  0.0239  0.0246  0.0237  0.0239  0.0232  0.0234
niter,ni,del,rscale     3    3    5.0000    0.6000
parameters
   -1.1980   23.9558    5.2021   -5.1149  -18.2905  -10.9088
    0.3588   -2.5561    0.4775   34.9303   -3.3580  -36.1499
eta,q 0.97720 15.32668
  0.0239  0.0237  0.0233  0.0239  0.0239  0.0234  0.0236  0.0242  0.0235  0.0237  0.0231  0.0232
  0.0233  0.0233  0.0231  0.0234  0.0235  0.0231  0.0232  0.0233  0.0231  0.0232  0.0229  0.0229
  0.0230  0.0230  0.0229  0.0230  0.0231  0.0229  0.0229  0.0229  0.0229  0.0229  0.0228  0.0228
  0.0228  0.0228  0.0228  0.0228  0.0228  0.0228  0.0228  0.0228  0.0228  0.0228  0.0228  0.0228
  0.0230  0.0229  0.0229  0.0229  0.0228  0.0227  0.0229  0.0230  0.0229  0.0229  0.0229  0.0228
  0.0233  0.0232  0.0230  0.0232  0.0232  0.0228  0.0232  0.0234  0.0231  0.0231  0.0230  0.0230
  0.0239  0.0236  0.0233  0.0239  0.0240  0.0233  0.0237  0.0241  0.0235  0.0236  0.0231  0.0232
niter,ni,del,rscale     2    3    5.0000    0.5000
parameters
   -1.2132   23.9376    5.1639   -5.0046  -18.1426  -10.6784
    0.3426   -2.5532    0.4748   35.0258   -3.3434  -36.2269
eta,q 0.97724 15.35939
  0.0235  0.0234  0.0231  0.0236  0.0236  0.0232  0.0233  0.0237  0.0232  0.0234  0.0230  0.0230
  0.0231  0.0231  0.0229  0.0232  0.0232  0.0230  0.0230  0.0231  0.0230  0.0231  0.0228  0.0229
  0.0229  0.0229  0.0228  0.0229  0.0230  0.0229  0.0228  0.0228  0.0228  0.0228  0.0228  0.0228
  0.0228  0.0228  0.0228  0.0228  0.0228  0.0228  0.0228  0.0228  0.0228  0.0228  0.0228  0.0228
  0.0229  0.0229  0.0228  0.0228  0.0228  0.0227  0.0228  0.0229  0.0228  0.0228  0.0228  0.0228
  0.0231  0.0231  0.0230  0.0231  0.0230  0.0228  0.0230  0.0232  0.0230  0.0230  0.0229  0.0229
  0.0235  0.0234  0.0232  0.0236  0.0236  0.0232  0.0234  0.0237  0.0232  0.0233  0.0230  0.0230
niter,ni,del,rscale     1    3    5.0000    0.4000
parameters
   -1.2298   23.9158    5.1311   -4.9256  -18.0239  -10.4038
    0.3274   -2.5361    0.4604   35.1127   -3.3017  -36.3115
eta,q 0.97728 15.39019
  0.0232  0.0231  0.0230  0.0233  0.0233  0.0230  0.0231  0.0234  0.0230  0.0232  0.0229  0.0229
  0.0230  0.0229  0.0228  0.0230  0.0231  0.0229  0.0229  0.0230  0.0229  0.0229  0.0228  0.0228
  0.0228  0.0228  0.0228  0.0229  0.0229  0.0228  0.0228  0.0228  0.0228  0.0228  0.0227  0.0227
  0.0228  0.0228  0.0228  0.0228  0.0228  0.0227  0.0227  0.0227  0.0227  0.0227  0.0227  0.0227
  0.0228  0.0228  0.0228  0.0228  0.0228  0.0227  0.0228  0.0228  0.0228  0.0228  0.0228  0.0228
  0.0230  0.0229  0.0229  0.0230  0.0229  0.0228  0.0229  0.0230  0.0229  0.0229  0.0228  0.0228
  0.0233  0.0232  0.0230  0.0233  0.0233  0.0230  0.0231  0.0233  0.0230  0.0231  0.0229  0.0229
registration optimization eta report
parameter search radius
    0.8000    0.8000    0.8000    2.4000    2.4000    2.4000
    2.4000    2.4000    2.4000    2.4000    2.4000    2.4000
100000*second partial in parameter space
       75.       61.       35.        9.        9.        5.
        7.       11.        5.        7.        3.        3.
  0.0232  0.0231  0.0230  0.0233  0.0233  0.0230  0.0231  0.0234  0.0230  0.0232  0.0229  0.0229
  0.0230  0.0229  0.0228  0.0230  0.0231  0.0229  0.0229  0.0230  0.0229  0.0229  0.0228  0.0228
  0.0228  0.0228  0.0228  0.0229  0.0229  0.0228  0.0228  0.0228  0.0228  0.0228  0.0227  0.0227
  0.0228  0.0228  0.0228  0.0228  0.0228  0.0227  0.0227  0.0227  0.0227  0.0227  0.0227  0.0227
  0.0228  0.0228  0.0228  0.0228  0.0228  0.0227  0.0228  0.0228  0.0228  0.0228  0.0228  0.0228
  0.0230  0.0229  0.0229  0.0230  0.0229  0.0228  0.0229  0.0230  0.0229  0.0229  0.0228  0.0228
  0.0233  0.0232  0.0230  0.0233  0.0233  0.0230  0.0231  0.0233  0.0230  0.0231  0.0229  0.0229
   -1.2298   23.9158    5.1311   -4.9256  -18.0239  -10.4038
    0.3274   -2.5361    0.4604   35.1127   -3.3017  -36.3115
eta,q 0.97728 15.39019

---------------------------------------------------------------------
imgreg_4dfp /opt/freesurfer/average/711-2C_as_mni_average_305 /opt/freesurfer/average/711-2B_as_mni_average_305_mask talsrcimg_g11 none talsrcimg_to_711-2C_as_mni_average_305_t4 2311
---------------------------------------------------------------------

freesurfer imgreg_4dfp.c
/opt/freesurfer/average/711-2C_as_mni_average_305.4dfp.img
       256       256       256         1
  1.000000  1.000000  1.000000
orientation T byte_order littleendian
Reading image: /opt/freesurfer/average/711-2C_as_mni_average_305.4dfp.img
dimensions:      256       256       256
mmppix:       1.0000   -1.0000   -1.0000
center:     128.0000 -129.0000 -129.0000
/opt/freesurfer/average/711-2B_as_mni_average_305_mask.4dfp.img
       256       256       256         1
  1.000000  1.000000  1.000000
orientation T byte_order littleendian
Reading mask: /opt/freesurfer/average/711-2B_as_mni_average_305_mask.4dfp.img (2306576 pixels)
talsrcimg_g11.4dfp.img
       256       256       256         1
  1.000000  1.000000  1.000000
orientation T byte_order littleendian
Reading image: talsrcimg_g11.4dfp.img
dimensions:      256       256       256
mmppix:       1.0000   -1.0000   -1.0000
center:     128.0000 -129.0000 -129.0000
fimgreg.f
image alignment mode   2311 decimal      907 hex
parameters
   -1.2298   23.9158    5.1311   -4.9256  -18.0239  -10.4038
    0.3274   -2.5361    0.4604   35.1127   -3.3017  -36.3115
eta,q 0.97728 15.39018
niter,ni,del,rscale     5    3    5.0000    0.8000
parameters
   -1.2523   23.8610    5.0901   -5.4547  -18.6220  -11.3752
    0.4231   -2.5529    0.4246   34.8660   -3.3712  -36.2009
eta,q 0.97707 15.26451
  0.0246  0.0242  0.0236  0.0243  0.0243  0.0236  0.0243  0.0252  0.0240  0.0241  0.0234  0.0237
  0.0236  0.0234  0.0231  0.0236  0.0236  0.0232  0.0236  0.0238  0.0234  0.0235  0.0231  0.0232
  0.0229  0.0229  0.0228  0.0230  0.0230  0.0230  0.0231  0.0231  0.0231  0.0231  0.0229  0.0230
  0.0227  0.0227  0.0227  0.0227  0.0228  0.0228  0.0229  0.0229  0.0229  0.0229  0.0229  0.0229
  0.0230  0.0229  0.0228  0.0230  0.0229  0.0229  0.0230  0.0232  0.0230  0.0231  0.0230  0.0230
  0.0236  0.0235  0.0232  0.0239  0.0239  0.0236  0.0235  0.0239  0.0234  0.0236  0.0232  0.0232
  0.0247  0.0244  0.0237  0.0258  0.0259  0.0258  0.0243  0.0251  0.0241  0.0245  0.0234  0.0236
niter,ni,del,rscale     4    3    5.0000    0.7000
parameters
   -1.1826   23.9692    5.1916   -5.2605  -18.4694  -11.1473
    0.3727   -2.5314    0.4529   34.8945   -3.3693  -36.1565
eta,q 0.97715 15.29442
  0.0244  0.0242  0.0236  0.0243  0.0243  0.0236  0.0239  0.0247  0.0237  0.0239  0.0233  0.0234
  0.0236  0.0235  0.0232  0.0237  0.0237  0.0233  0.0233  0.0235  0.0233  0.0234  0.0230  0.0231
  0.0231  0.0231  0.0230  0.0232  0.0232  0.0230  0.0230  0.0230  0.0230  0.0230  0.0229  0.0229
  0.0229  0.0229  0.0229  0.0229  0.0229  0.0229  0.0229  0.0228  0.0229  0.0229  0.0229  0.0229
  0.0230  0.0230  0.0229  0.0229  0.0228  0.0228  0.0230  0.0231  0.0229  0.0230  0.0229  0.0229
  0.0234  0.0233  0.0231  0.0233  0.0233  0.0229  0.0233  0.0236  0.0232  0.0233  0.0230  0.0231
  0.0242  0.0239  0.0234  0.0243  0.0244  0.0237  0.0240  0.0245  0.0237  0.0239  0.0232  0.0234
niter,ni,del,rscale     3    3    5.0000    0.6000
parameters
   -1.1969   23.9584    5.1833   -5.1112  -18.3018  -10.9205
    0.3598   -2.5466    0.4614   34.9538   -3.3628  -36.1852
eta,q 0.97721 15.32769
  0.0239  0.0237  0.0233  0.0240  0.0239  0.0234  0.0236  0.0242  0.0235  0.0236  0.0231  0.0232
  0.0233  0.0232  0.0231  0.0235  0.0235  0.0231  0.0232  0.0233  0.0231  0.0232  0.0229  0.0229
  0.0230  0.0229  0.0229  0.0231  0.0231  0.0229  0.0229  0.0229  0.0229  0.0229  0.0228  0.0228
  0.0229  0.0229  0.0228  0.0229  0.0228  0.0228  0.0228  0.0228  0.0228  0.0228  0.0228  0.0228
  0.0230  0.0229  0.0229  0.0229  0.0228  0.0227  0.0229  0.0230  0.0229  0.0229  0.0228  0.0228
  0.0233  0.0232  0.0231  0.0232  0.0231  0.0229  0.0232  0.0234  0.0231  0.0231  0.0230  0.0230
  0.0239  0.0237  0.0233  0.0239  0.0239  0.0234  0.0236  0.0241  0.0235  0.0236  0.0231  0.0232
niter,ni,del,rscale     2    3    5.0000    0.5000
parameters
   -1.2146   23.9382    5.1618   -5.0013  -18.1503  -10.6576
    0.3478   -2.5466    0.4653   35.0341   -3.3309  -36.2274
eta,q 0.97725 15.36078
  0.0235  0.0234  0.0231  0.0236  0.0236  0.0232  0.0233  0.0237  0.0232  0.0234  0.0230  0.0230
  0.0231  0.0230  0.0229  0.0232  0.0232  0.0230  0.0230  0.0231  0.0230  0.0231  0.0229  0.0229
  0.0229  0.0229  0.0228  0.0229  0.0230  0.0229  0.0228  0.0228  0.0228  0.0228  0.0228  0.0228
  0.0228  0.0228  0.0228  0.0228  0.0228  0.0228  0.0228  0.0228  0.0228  0.0228  0.0228  0.0228
  0.0229  0.0229  0.0228  0.0228  0.0228  0.0227  0.0228  0.0229  0.0228  0.0228  0.0228  0.0228
  0.0231  0.0231  0.0230  0.0231  0.0230  0.0228  0.0230  0.0232  0.0230  0.0230  0.0229  0.0229
  0.0236  0.0234  0.0232  0.0236  0.0236  0.0232  0.0234  0.0237  0.0232  0.0233  0.0230  0.0230
niter,ni,del,rscale     1    3    5.0000    0.4000
parameters
   -1.2328   23.9140    5.1283   -4.9207  -18.0249  -10.4084
    0.3341   -2.5367    0.4613   35.1073   -3.3111  -36.3099
eta,q 0.97728 15.38986
  0.0232  0.0231  0.0230  0.0233  0.0233  0.0230  0.0231  0.0234  0.0230  0.0231  0.0229  0.0229
  0.0230  0.0229  0.0228  0.0230  0.0231  0.0229  0.0229  0.0230  0.0229  0.0229  0.0228  0.0228
  0.0228  0.0228  0.0228  0.0228  0.0229  0.0228  0.0228  0.0228  0.0228  0.0228  0.0227  0.0227
  0.0228  0.0228  0.0228  0.0228  0.0228  0.0227  0.0227  0.0227  0.0227  0.0227  0.0227  0.0227
  0.0228  0.0228  0.0228  0.0228  0.0228  0.0227  0.0228  0.0228  0.0228  0.0228  0.0227  0.0228
  0.0230  0.0229  0.0229  0.0230  0.0229  0.0228  0.0229  0.0230  0.0229  0.0229  0.0228  0.0228
  0.0233  0.0232  0.0230  0.0233  0.0233  0.0230  0.0231  0.0233  0.0230  0.0231  0.0229  0.0229
registration optimization eta report
parameter search radius
    0.8000    0.8000    0.8000    2.4000    2.4000    2.4000
    2.4000    2.4000    2.4000    2.4000    2.4000    2.4000
100000*second partial in parameter space
       75.       61.       35.        9.        9.        5.
        7.       11.        5.        7.        3.        3.
  0.0232  0.0231  0.0230  0.0233  0.0233  0.0230  0.0231  0.0234  0.0230  0.0231  0.0229  0.0229
  0.0230  0.0229  0.0228  0.0230  0.0231  0.0229  0.0229  0.0230  0.0229  0.0229  0.0228  0.0228
  0.0228  0.0228  0.0228  0.0228  0.0229  0.0228  0.0228  0.0228  0.0228  0.0228  0.0227  0.0227
  0.0228  0.0228  0.0228  0.0228  0.0228  0.0227  0.0227  0.0227  0.0227  0.0227  0.0227  0.0227
  0.0228  0.0228  0.0228  0.0228  0.0228  0.0227  0.0228  0.0228  0.0228  0.0228  0.0227  0.0228
  0.0230  0.0229  0.0229  0.0230  0.0229  0.0228  0.0229  0.0230  0.0229  0.0229  0.0228  0.0228
  0.0233  0.0232  0.0230  0.0233  0.0233  0.0230  0.0231  0.0233  0.0230  0.0231  0.0229  0.0229
   -1.2328   23.9140    5.1283   -4.9207  -18.0249  -10.4084
    0.3341   -2.5367    0.4613   35.1073   -3.3111  -36.3099
eta,q 0.97728 15.38986

---------------------------------------------------------------------
compute_vox2vox talsrcimg talsrcimg_to_711-2C_as_mni_average_305_t4 /opt/freesurfer/average/711-2C_as_mni_average_305
---------------------------------------------------------------------

freesurfer compute_vox2vox.c
Reading: talsrcimg.4dfp.ifh
Reading: talsrcimg_to_711-2C_as_mni_average_305_t4
Reading: /opt/freesurfer/average/711-2C_as_mni_average_305.4dfp.ifh
Writing: talsrcimg_to_711-2C_as_mni_average_305_t4_vox2vox.txt

start time Wed Mar 11 13:20:44 CET 2026
end		time Wed Mar 11 13:22:10 CET 2026

mpr2mni305 success

avi2talxfm orig_nu.mgz /opt/freesurfer/average/mni305.cor.mgz talsrcimg_to_711-2C_as_mni_average_305_t4_vox2vox.txt transforms/talairach.auto.xfm
avi2talxfm done
mv -f /out/sourcedata/freesurfer/sub-v2s18x29496_ses-1/mri/talsrcimg_to_711-2C_as_mni_average_305_t4_vox2vox.txt /out/sourcedata/freesurfer/sub-v2s18x29496_ses-1/mri/transforms/talsrcimg_to_711-2C_as_mni_average_305_t4_vox2vox.txt
lta_convert --src orig_nu.mgz --trg /opt/freesurfer/average/mni305.cor.mgz --inxfm transforms/talairach.auto.xfm --outlta transforms/talairach.auto.xfm.lta --subject fsaverage
7.3.2

--src: orig_nu.mgz src image (geometry).
--trg: /opt/freesurfer/average/mni305.cor.mgz trg image (geometry).
--inmni: transforms/talairach.auto.xfm input MNI/XFM transform.
--outlta: transforms/talairach.auto.xfm.lta output LTA.
--s: fsaverage subject name
 LTA read, type : 1
 1.05265   0.02683   0.00759  -0.90066;
 0.03110   0.95189   0.42150  -31.80479;
-0.01924  -0.40781   1.03932   11.52858;
 0.00000   0.00000   0.00000   1.00000;
setting subject to fsaverage
Writing  LTA to file transforms/talairach.auto.xfm.lta...
lta_convert successful.
 
 
Started at Wed Mar 11 13:20:44 CET 2026
Ended   at Wed Mar 11 13:22:11 CET 2026
talairach_avi done
