/out/sourcedata/freesurfer/sub-v2s18x29509_ses-1/mri
/opt/freesurfer/bin/talairach_avi
--i orig_nu.mgz --xfm transforms/talairach.auto.xfm
talairach_avi 7.3.2
Linux dna087 5.14.0-427.37.1.el9_4.x86_64 #1 SMP PREEMPT_DYNAMIC Fri Sep 13 12:41:50 EDT 2024 x86_64 x86_64 x86_64 GNU/Linux
Wed Mar 11 13:44:33 CET 2026
mri_convert orig_nu.mgz talsrcimg.img 
reading from orig_nu.mgz...
TR=0.00, TE=0.00, TI=0.00, flip angle=0.00
i_ras = (-1, -2.62844e-10, 0)
j_ras = (0, -1.45519e-11, -1)
k_ras = (-2.01908e-10, 1, 1.45519e-11)
writing to talsrcimg.img...
Analyze Output Matrix
-1.00000   0.00000  -0.00000   128.95314;
-0.00000  -0.00000   1.00000  -88.76259;
 0.00000  -1.00000   0.00000   125.26029;
 0.00000   0.00000   0.00000   1.00000;
--------------------
INFO: set hdr.hist.orient to -1
mpr2mni305 talsrcimg
Wed Mar 11 13:44:34 CET 2026
/opt/freesurfer/bin/mpr2mni305 talsrcimg
mpr2mni305 7.3.2
target=711-2C_as_mni_average_305

---------------------------------------------------------------------
analyzeto4dfp talsrcimg -O0 -y
---------------------------------------------------------------------

freesurfer ifh2hdr.c
Wed Mar 11 13:44:34 2026
Writing: talsrcimg.4dfp.hdr
freesurfer analyzeto4dfp.c
Reading: talsrcimg.hdr
header size 348 bytes
hdr.dime.datatype	offset=70	value=2
hdr.dime.bitpix		offset=72	value=8
hdr.hist.orient		offset=252	value=-1
dimensionality     4
dimensions       256       256       256         1
Reading: talsrcimg.img
Writing: talsrcimg.4dfp.img
Writing: talsrcimg.4dfp.ifh
ifh2hdr talsrcimg -r0to192
ori=2

---------------------------------------------------------------------
gauss_4dfp talsrcimg 1.1
---------------------------------------------------------------------

freesurfer gauss_4dfp.c
Reading: talsrcimg.4dfp.img
Writing: talsrcimg_g11.4dfp.img
image dimensions 256 256 256 padded to 288 288 288
processing volume 1freesurfer ifh2hdr.c
Wed Mar 11 13:44:35 2026
Writing: talsrcimg_g11.4dfp.hdr

Writing: talsrcimg_g11.4dfp.ifh
including: talsrcimg.4dfp.img.rec in talsrcimg_g11.4dfp.img.rec

---------------------------------------------------------------------
imgreg_4dfp /opt/freesurfer/average/711-2C_as_mni_average_305 none talsrcimg_g11 none talsrcimg_to_711-2C_as_mni_average_305_t4 4355
---------------------------------------------------------------------

freesurfer imgreg_4dfp.c
/opt/freesurfer/average/711-2C_as_mni_average_305.4dfp.img
       256       256       256         1
  1.000000  1.000000  1.000000
orientation T byte_order littleendian
Reading image: /opt/freesurfer/average/711-2C_as_mni_average_305.4dfp.img
dimensions:      256       256       256
mmppix:       1.0000   -1.0000   -1.0000
center:     128.0000 -129.0000 -129.0000
talsrcimg_g11.4dfp.img
       256       256       256         1
  1.000000  1.000000  1.000000
orientation T byte_order littleendian
Reading image: talsrcimg_g11.4dfp.img
dimensions:      256       256       256
mmppix:       1.0000   -1.0000   -1.0000
center:     128.0000 -129.0000 -129.0000
t4_read: open error in t4_sub.f l:  41 t4_file(1:l)talsrcimg_to_711-2C_as_mni_average_305_t4 
t4_read: transform initialized to I4
rotation matrix determinant  1.000000
image alignment mode   4355 decimal     1103 hex
   -7.5000  -45.0000  -45.0000 7396.0000   17.9369
    0.0000  -45.0000  -45.0000 7762.7461   17.9584
    7.5000  -45.0000  -45.0000 7394.1987   17.9550
   -7.5000  -37.5000  -45.0000 7968.2861   17.5410
    0.0000  -37.5000  -45.0000 8357.5752   17.5626
    7.5000  -37.5000  -45.0000 7962.2393   17.5574
   -7.5000  -30.0000  -45.0000 8899.1699   17.3281
    0.0000  -30.0000  -45.0000 9303.4785   17.3483
    7.5000  -30.0000  -45.0000 8887.8916   17.3359
   -7.5000  -22.5000  -45.0000 9849.3623   17.2388
    0.0000  -22.5000  -45.000010277.1230   17.2578
    7.5000  -22.5000  -45.0000 9823.8252   17.2401
   -7.5000  -15.0000  -45.000010740.6387   17.1808
    0.0000  -15.0000  -45.000011193.3047   17.2000
    7.5000  -15.0000  -45.000010704.9014   17.1835
   -7.5000   -7.5000  -45.000011624.1826   17.1690
    0.0000   -7.5000  -45.000012136.7939   17.1900
    7.5000   -7.5000  -45.000011598.9150   17.1800
   -7.5000    0.0000  -45.000012448.3555   17.1825
    0.0000    0.0000  -45.000012980.8027   17.2046
    7.5000    0.0000  -45.000012419.2139   17.1995
   -7.5000    7.5000  -45.000012341.0010   17.2054
    0.0000    7.5000  -45.000012850.1943   17.2267
    7.5000    7.5000  -45.000012300.9375   17.2196
   -7.5000   15.0000  -45.000011975.9189   17.2141
    0.0000   15.0000  -45.000012453.1963   17.2337
    7.5000   15.0000  -45.000011911.8438   17.2201
   -7.5000   22.5000  -45.000011497.1367   17.1941
    0.0000   22.5000  -45.000011969.3936   17.2125
    7.5000   22.5000  -45.000011425.7461   17.1944
   -7.5000   30.0000  -45.000010949.9365   16.9453
    0.0000   30.0000  -45.000011419.4160   16.9641
    7.5000   30.0000  -45.000010904.0820   16.9477
   -7.5000   37.5000  -45.000010567.4961   16.9402
    0.0000   37.5000  -45.000011015.2412   16.9609
    7.5000   37.5000  -45.000010553.8760   16.9510
   -7.5000   45.0000  -45.0000 9772.4424   16.5231
    0.0000   45.0000  -45.000010184.5537   16.5443
    7.5000   45.0000  -45.0000 9777.8623   16.5394
   -7.5000  -45.0000  -37.5000 7811.1382   17.8337
    0.0000  -45.0000  -37.5000 8170.9570   17.8550
    7.5000  -45.0000  -37.5000 7781.7930   17.8472
   -7.5000  -37.5000  -37.5000 8421.8828   17.4295
    0.0000  -37.5000  -37.5000 8802.1211   17.4517
    7.5000  -37.5000  -37.5000 8386.1299   17.4439
   -7.5000  -30.0000  -37.5000 9399.8564   17.2052
    0.0000  -30.0000  -37.5000 9808.3584   17.2276
    7.5000  -30.0000  -37.5000 9354.8135   17.2175
   -7.5000  -22.5000  -37.500010428.0166   17.1170
    0.0000  -22.5000  -37.500010857.0859   17.1391
    7.5000  -22.5000  -37.500010360.3311   17.1267
   -7.5000  -15.0000  -37.500011372.1455   17.0705
    0.0000  -15.0000  -37.500011817.0557   17.0922
    7.5000  -15.0000  -37.500011309.5674   17.0799
   -7.5000   -7.5000  -37.500012292.7510   17.0705
    0.0000   -7.5000  -37.500012799.4805   17.0921
    7.5000   -7.5000  -37.500012235.2988   17.0818
   -7.5000    0.0000  -37.500013138.3662   17.0867
    0.0000    0.0000  -37.500013660.5732   17.1084
    7.5000    0.0000  -37.500013058.4355   17.0991
   -7.5000    7.5000  -37.500013009.3936   17.0979
    0.0000    7.5000  -37.500013487.9551   17.1197
    7.5000    7.5000  -37.500012901.1299   17.1100
   -7.5000   15.0000  -37.500012583.4854   17.0931
    0.0000   15.0000  -37.500013062.7275   17.1148
    7.5000   15.0000  -37.500012470.8584   17.1035
   -7.5000   22.5000  -37.500012074.1328   17.0730
    0.0000   22.5000  -37.500012548.0566   17.0947
    7.5000   22.5000  -37.500011983.7061   17.0818
   -7.5000   30.0000  -37.500011496.2402   16.8366
    0.0000   30.0000  -37.500011945.1211   16.8579
    7.5000   30.0000  -37.500011448.4121   16.8456
   -7.5000   37.5000  -37.500011121.1543   16.8430
    0.0000   37.5000  -37.500011546.2236   16.8643
    7.5000   37.5000  -37.500011096.5234   16.8541
   -7.5000   45.0000  -37.500010245.0752   16.4309
    0.0000   45.0000  -37.500010635.7803   16.4518
    7.5000   45.0000  -37.500010248.3447   16.4429
   -7.5000  -45.0000  -30.0000 8384.3037   18.5684
    0.0000  -45.0000  -30.0000 8745.5781   18.5915
    7.5000  -45.0000  -30.0000 8337.0898   18.5902
   -7.5000  -37.5000  -30.0000 9044.2158   18.1404
    0.0000  -37.5000  -30.0000 9428.3818   18.1659
    7.5000  -37.5000  -30.0000 8990.5430   18.1649
   -7.5000  -30.0000  -30.000010092.1465   17.8965
    0.0000  -30.0000  -30.000010489.8193   17.9233
    7.5000  -30.0000  -30.000010017.6211   17.9237
   -7.5000  -22.5000  -30.000011193.2051   17.8021
    0.0000  -22.5000  -30.000011617.9209   17.8285
    7.5000  -22.5000  -30.000011111.0381   17.8290
   -7.5000  -15.0000  -30.000012236.3428   17.7581
    0.0000  -15.0000  -30.000012688.1152   17.7831
    7.5000  -15.0000  -30.000012127.8975   17.7830
   -7.5000   -7.5000  -30.000013212.2695   17.7668
    0.0000   -7.5000  -30.000013732.8525   17.7903
    7.5000   -7.5000  -30.000013110.4092   17.7887
   -7.5000    0.0000  -30.000014104.2900   17.7889
    0.0000    0.0000  -30.000014646.4277   17.8124
    7.5000    0.0000  -30.000013965.3770   17.8088
   -7.5000    7.5000  -30.000013961.4502   17.7944
    0.0000    7.5000  -30.000014451.6367   17.8194
    7.5000    7.5000  -30.000013789.9180   17.8163
   -7.5000   15.0000  -30.000013489.5938   17.7796
    0.0000   15.0000  -30.000013977.3721   17.8057
    7.5000   15.0000  -30.000013339.6523   17.8046
   -7.5000   22.5000  -30.000012927.0264   17.7545
    0.0000   22.5000  -30.000013409.0791   17.7803
    7.5000   22.5000  -30.000012810.1777   17.7803
   -7.5000   30.0000  -30.000012303.6562   17.5165
    0.0000   30.0000  -30.000012741.2744   17.5410
    7.5000   30.0000  -30.000012208.3701   17.5407
   -7.5000   37.5000  -30.000011919.4297   17.5317
    0.0000   37.5000  -30.000012305.8311   17.5549
    7.5000   37.5000  -30.000011851.4072   17.5533
   -7.5000   45.0000  -30.000010936.3174   17.1187
    0.0000   45.0000  -30.000011280.7773   17.1413
    7.5000   45.0000  -30.000010912.6123   17.1379
   -7.5000  -45.0000  -22.5000 8957.9570   19.1603
    0.0000  -45.0000  -22.5000 9324.4980   19.1844
    7.5000  -45.0000  -22.5000 8900.4746   19.1951
   -7.5000  -37.5000  -22.5000 9671.1162   18.7271
    0.0000  -37.5000  -22.500010064.2061   18.7545
    7.5000  -37.5000  -22.5000 9608.9248   18.7642
   -7.5000  -30.0000  -22.500010792.6191   18.4820
    0.0000  -30.0000  -22.500011213.7861   18.5098
    7.5000  -30.0000  -22.500010713.7881   18.5188
   -7.5000  -22.5000  -22.500011952.9980   18.3821
    0.0000  -22.5000  -22.500012401.3203   18.4076
    7.5000  -22.5000  -22.500011854.3994   18.4158
   -7.5000  -15.0000  -22.500013088.5869   18.3283
    0.0000  -15.0000  -22.500013586.9756   18.3515
    7.5000  -15.0000  -22.500012958.4531   18.3593
   -7.5000   -7.5000  -22.500014164.8809   18.3319
    0.0000   -7.5000  -22.500014733.3643   18.3548
    7.5000   -7.5000  -22.500014029.4658   18.3629
   -7.5000    0.0000  -22.500015126.9551   18.3564
    0.0000    0.0000  -22.500015715.8057   18.3812
    7.5000    0.0000  -22.500014945.8252   18.3887
   -7.5000    7.5000  -22.500014969.9727   18.3694
    0.0000    7.5000  -22.500015505.3018   18.3964
    7.5000    7.5000  -22.500014734.7461   18.4034
   -7.5000   15.0000  -22.500014443.1641   18.3605
    0.0000   15.0000  -22.500014959.1094   18.3877
    7.5000   15.0000  -22.500014239.0781   18.3950
   -7.5000   22.5000  -22.500013787.4238   18.3313
    0.0000   22.5000  -22.500014299.9307   18.3563
    7.5000   22.5000  -22.500013657.5176   18.3638
   -7.5000   30.0000  -22.500013068.7930   18.0817
    0.0000   30.0000  -22.500013533.8672   18.1044
    7.5000   30.0000  -22.500012973.6533   18.1119
   -7.5000   37.5000  -22.500012667.5967   18.0921
    0.0000   37.5000  -22.500013073.6562   18.1147
    7.5000   37.5000  -22.500012608.2402   18.1227
   -7.5000   45.0000  -22.500011652.0000   17.6782
    0.0000   45.0000  -22.500011974.3164   17.7020
    7.5000   45.0000  -22.500011622.3594   17.7092
   -7.5000  -45.0000  -15.0000 9473.1621   19.5837
    0.0000  -45.0000  -15.0000 9861.2129   19.6081
    7.5000  -45.0000  -15.0000 9425.0576   19.6241
   -7.5000  -37.5000  -15.000010239.8652   19.1573
    0.0000  -37.5000  -15.000010661.8145   19.1842
    7.5000  -37.5000  -15.000010178.0732   19.1967
   -7.5000  -30.0000  -15.000011435.3506   18.9229
    0.0000  -30.0000  -15.000011890.3486   18.9485
    7.5000  -30.0000  -15.000011348.5361   18.9550
   -7.5000  -22.5000  -15.000012642.4072   18.8200
    0.0000  -22.5000  -15.000013138.2295   18.8420
    7.5000  -22.5000  -15.000012540.1123   18.8449
   -7.5000  -15.0000  -15.000013831.6641   18.7518
    0.0000  -15.0000  -15.000014407.6777   18.7719
    7.5000  -15.0000  -15.000013724.2354   18.7761
   -7.5000   -7.5000  -15.000015033.4180   18.7418
    0.0000   -7.5000  -15.000015676.4248   18.7639
    7.5000   -7.5000  -15.000014916.3604   18.7734
   -7.5000    0.0000  -15.000016135.4912   18.7645
    0.0000    0.0000  -15.000016817.9824   18.7898
    7.5000    0.0000  -15.000015971.8057   18.8023
   -7.5000    7.5000  -15.000015961.0029   18.7919
    0.0000    7.5000  -15.000016600.7598   18.8185
    7.5000    7.5000  -15.000015735.1045   18.8281
   -7.5000   15.0000  -15.000015399.7734   18.7982
    0.0000   15.0000  -15.000015989.5732   18.8231
    7.5000   15.0000  -15.000015192.2656   18.8281
   -7.5000   22.5000  -15.000014683.3633   18.7670
    0.0000   22.5000  -15.000015237.2031   18.7884
    7.5000   22.5000  -15.000014517.4287   18.7907
   -7.5000   30.0000  -15.000013866.8291   18.5021
    0.0000   30.0000  -15.000014397.6572   18.5217
    7.5000   30.0000  -15.000013764.7461   18.5257
   -7.5000   37.5000  -15.000013451.1797   18.4992
    0.0000   37.5000  -15.000013909.3535   18.5211
    7.5000   37.5000  -15.000013386.9033   18.5304
   -7.5000   45.0000  -15.000012384.4512   18.0820
    0.0000   45.0000  -15.000012784.3252   18.1064
    7.5000   45.0000  -15.000012359.7334   18.1185
   -7.5000  -45.0000   -7.500010021.2021   19.8280
    0.0000  -45.0000   -7.500010427.4102   19.8524
    7.5000  -45.0000   -7.5000 9960.1807   19.8614
   -7.5000  -37.5000   -7.500010829.4404   19.4023
    0.0000  -37.5000   -7.500011270.6318   19.4274
    7.5000  -37.5000   -7.500010740.9971   19.4325
   -7.5000  -30.0000   -7.500012076.1289   19.1741
    0.0000  -30.0000   -7.500012570.3076   19.1970
    7.5000  -30.0000   -7.500011973.2725   19.1926
   -7.5000  -22.5000   -7.500013326.1904   19.0727
    0.0000  -22.5000   -7.500013885.9600   19.0929
    7.5000  -22.5000   -7.500013191.9131   19.0826
   -7.5000  -15.0000   -7.500014580.5938   19.0004
    0.0000  -15.0000   -7.500015216.3652   19.0202
    7.5000  -15.0000   -7.500014415.1084   19.0122
   -7.5000   -7.5000   -7.500015887.7822   18.9828
    0.0000   -7.5000   -7.500016618.9395   19.0055
    7.5000   -7.5000   -7.500015716.7266   19.0058
   -7.5000    0.0000   -7.500017188.3359   19.0006
    0.0000    0.0000   -7.500018077.9199   19.0258
    7.5000    0.0000   -7.500017005.6582   19.0320
   -7.5000    7.5000   -7.500017047.5723   19.0332
    0.0000    7.5000   -7.500017913.4980   19.0581
    7.5000    7.5000   -7.500016832.7227   19.0606
   -7.5000   15.0000   -7.500016433.2988   19.0482
    0.0000   15.0000   -7.500017215.2090   19.0706
    7.5000   15.0000   -7.500016166.8027   19.0647
   -7.5000   22.5000   -7.500015649.9766   19.0170
    0.0000   22.5000   -7.500016347.8936   19.0368
    7.5000   22.5000   -7.500015394.9229   19.0259
   -7.5000   30.0000   -7.500014778.9951   18.7468
    0.0000   30.0000   -7.500015432.0596   18.7662
    7.5000   30.0000   -7.500014578.4209   18.7581
   -7.5000   37.5000   -7.500014353.2666   18.7366
    0.0000   37.5000   -7.500014908.2441   18.7590
    7.5000   37.5000   -7.500014163.3447   18.7593
   -7.5000   45.0000   -7.500013262.9248   18.3130
    0.0000   45.0000   -7.500013768.8271   18.3373
    7.5000   45.0000   -7.500013125.3701   18.3432
   -7.5000  -45.0000    0.000010461.5820   19.9124
    0.0000  -45.0000    0.000010916.8340   19.9360
    7.5000  -45.0000    0.000010379.4736   19.9329
   -7.5000  -37.5000    0.000011288.6279   19.4762
    0.0000  -37.5000    0.000011777.8545   19.4999
    7.5000  -37.5000    0.000011178.4873   19.4948
   -7.5000  -30.0000    0.000012566.3320   19.2417
    0.0000  -30.0000    0.000013128.4229   19.2638
    7.5000  -30.0000    0.000012446.6680   19.2506
   -7.5000  -22.5000    0.000013848.3936   19.1435
    0.0000  -22.5000    0.000014480.8262   19.1642
    7.5000  -22.5000    0.000013694.8438   19.1451
   -7.5000  -15.0000    0.000015160.4932   19.0797
    0.0000  -15.0000    0.000015844.4854   19.1006
    7.5000  -15.0000    0.000014946.2061   19.0829
   -7.5000   -7.5000    0.000016614.9160   19.0666
    0.0000   -7.5000    0.000017390.5859   19.0896
    7.5000   -7.5000    0.000016373.5068   19.0791
   -7.5000    0.0000    0.000018220.9141   19.0813
    0.0000    0.0000    0.000019317.7246   19.1056
    7.5000    0.0000    0.000017917.2188   19.1006
   -7.5000    7.5000    0.000018291.3887   19.1064
    0.0000    7.5000    0.000019575.0098   19.1298
    7.5000    7.5000    0.000017959.6035   19.1225
   -7.5000   15.0000    0.000017596.5762   19.1160
    0.0000   15.0000    0.000018763.7324   19.1376
    7.5000   15.0000    0.000017168.0781   19.1230
   -7.5000   22.5000    0.000016610.8008   19.0879
    0.0000   22.5000    0.000017570.2812   19.1081
    7.5000   22.5000    0.000016141.1152   19.0885
   -7.5000   30.0000    0.000015602.1582   18.8256
    0.0000   30.0000    0.000016433.2383   18.8461
    7.5000   30.0000    0.000015214.4551   18.8284
   -7.5000   37.5000    0.000015101.5996   18.8198
    0.0000   37.5000    0.000015801.6260   18.8426
    7.5000   37.5000    0.000014778.0195   18.8322
   -7.5000   45.0000    0.000013961.8828   18.3922
    0.0000   45.0000    0.000014569.7373   18.4156
    7.5000   45.0000    0.000013734.9775   18.4107
   -7.5000  -45.0000    7.500010134.5205   19.9463
    0.0000  -45.0000    7.500010590.2461   19.9701
    7.5000  -45.0000    7.500010057.5244   19.9615
   -7.5000  -37.5000    7.500010893.5273   19.4944
    0.0000  -37.5000    7.500011362.5840   19.5193
    7.5000  -37.5000    7.500010809.6025   19.5106
   -7.5000  -30.0000    7.500012121.8008   19.2436
    0.0000  -30.0000    7.500012642.6729   19.2687
    7.5000  -30.0000    7.500012009.6611   19.2575
   -7.5000  -22.5000    7.500013374.5186   19.1450
    0.0000  -22.5000    7.500013973.7139   19.1697
    7.5000  -22.5000    7.500013230.0967   19.1559
   -7.5000  -15.0000    7.500014677.4502   19.0930
    0.0000  -15.0000    7.500015349.4561   19.1173
    7.5000  -15.0000    7.500014435.2041   19.1037
   -7.5000   -7.5000    7.500016202.6025   19.0931
    0.0000   -7.5000    7.500016981.3262   19.1172
    7.5000   -7.5000    7.500015834.5244   19.1057
   -7.5000    0.0000    7.500017891.2988   19.1112
    0.0000    0.0000    7.500019143.8965   19.1355
    7.5000    0.0000    7.500017409.8262   19.1252
   -7.5000    7.5000    7.500018011.4336   19.1237
    0.0000    7.5000    7.500019682.6836   19.1481
    7.5000    7.5000    7.500017458.2051   19.1374
   -7.5000   15.0000    7.500017330.6953   19.1183
    0.0000   15.0000    7.500018853.2852   19.1426
    7.5000   15.0000    7.500016748.4199   19.1300
   -7.5000   22.5000    7.500016261.3115   19.0897
    0.0000   22.5000    7.500017479.3496   19.1138
    7.5000   22.5000    7.500015732.4580   19.0995
   -7.5000   30.0000    7.500015112.9404   18.8388
    0.0000   30.0000    7.500016123.0146   18.8625
    7.5000   30.0000    7.500014760.6416   18.8489
   -7.5000   37.5000    7.500014523.3418   18.8460
    0.0000   37.5000    7.500015376.0166   18.8698
    7.5000   37.5000    7.500014271.7275   18.8585
   -7.5000   45.0000    7.500013451.1631   18.4210
    0.0000   45.0000    7.500014137.3477   18.4444
    7.5000   45.0000    7.500013275.8438   18.4345
   -7.5000  -45.0000   15.0000 9639.9287   19.9572
    0.0000  -45.0000   15.000010077.4980   19.9822
    7.5000  -45.0000   15.0000 9564.1670   19.9808
   -7.5000  -37.5000   15.000010379.7871   19.4968
    0.0000  -37.5000   15.000010841.7100   19.5244
    7.5000  -37.5000   15.000010269.5732   19.5233
   -7.5000  -30.0000   15.000011573.7197   19.2345
    0.0000  -30.0000   15.000012100.8320   19.2634
    7.5000  -30.0000   15.000011436.3877   19.2638
   -7.5000  -22.5000   15.000012836.7422   19.1329
    0.0000  -22.5000   15.000013418.8389   19.1614
    7.5000  -22.5000   15.000012622.1367   19.1619
   -7.5000  -15.0000   15.000014109.2197   19.0856
    0.0000  -15.0000   15.000014735.5596   19.1126
    7.5000  -15.0000   15.000013801.5449   19.1124
   -7.5000   -7.5000   15.000015475.8135   19.0950
    0.0000   -7.5000   15.000016229.1152   19.1203
    7.5000   -7.5000   15.000015127.5400   19.1186
   -7.5000    0.0000   15.000016822.8418   19.1187
    0.0000    0.0000   15.000017989.5215   19.1441
    7.5000    0.0000   15.000016488.0645   19.1403
   -7.5000    7.5000   15.000016731.6016   19.1246
    0.0000    7.5000   15.000017961.0762   19.1517
    7.5000    7.5000   15.000016378.4297   19.1482
   -7.5000   15.0000   15.000016167.1572   19.1087
    0.0000   15.0000   15.000017265.0449   19.1369
    7.5000   15.0000   15.000015785.9805   19.1357
   -7.5000   22.5000   15.000015370.1289   19.0775
    0.0000   22.5000   15.000016334.3076   19.1054
    7.5000   22.5000   15.000015051.6240   19.1053
   -7.5000   30.0000   15.000014351.3301   18.8315
    0.0000   30.0000   15.000015236.2305   18.8580
    7.5000   30.0000   15.000014153.4492   18.8576
   -7.5000   37.5000   15.000013815.2559   18.8478
    0.0000   37.5000   15.000014579.3066   18.8729
    7.5000   37.5000   15.000013638.5215   18.8711
   -7.5000   45.0000   15.000012778.7793   18.4282
    0.0000   45.0000   15.000013429.1514   18.4527
    7.5000   45.0000   15.000012638.5449   18.4490
   -7.5000  -45.0000   22.5000 9095.5332   20.0129
    0.0000  -45.0000   22.5000 9520.6846   20.0383
    7.5000  -45.0000   22.5000 8975.4072   20.0497
   -7.5000  -37.5000   22.5000 9822.7158   19.5617
    0.0000  -37.5000   22.500010254.6230   19.5907
    7.5000  -37.5000   22.5000 9665.8867   19.6009
   -7.5000  -30.0000   22.500010940.0469   19.3045
    0.0000  -30.0000   22.500011416.4668   19.3338
    7.5000  -30.0000   22.500010787.9863   19.3433
   -7.5000  -22.5000   22.500012072.7314   19.1992
    0.0000  -22.5000   22.500012571.4668   19.2261
    7.5000  -22.5000   22.500011898.1846   19.2348
   -7.5000  -15.0000   22.500013159.1494   19.1423
    0.0000  -15.0000   22.500013711.3555   19.1668
    7.5000  -15.0000   22.500012975.7656   19.1750
   -7.5000   -7.5000   22.500014336.9443   19.1459
    0.0000   -7.5000   22.500015061.8398   19.1700
    7.5000   -7.5000   22.500014203.4062   19.1787
   -7.5000    0.0000   22.500015431.7686   19.1719
    0.0000    0.0000   22.500016445.8242   19.1979
    7.5000    0.0000   22.500015335.6250   19.2059
   -7.5000    7.5000   22.500015293.3838   19.1858
    0.0000    7.5000   22.500016249.3105   19.2143
    7.5000    7.5000   22.500015157.6045   19.2217
   -7.5000   15.0000   22.500014875.9482   19.1768
    0.0000   15.0000   22.500015713.7432   19.2054
    7.5000   15.0000   22.500014694.2539   19.2132
   -7.5000   22.5000   22.500014254.2119   19.1430
    0.0000   22.5000   22.500015024.0967   19.1693
    7.5000   22.5000   22.500014076.1904   19.1772
   -7.5000   30.0000   22.500013382.8779   18.8873
    0.0000   30.0000   22.500014115.7266   18.9113
    7.5000   30.0000   22.500013242.9619   18.9192
   -7.5000   37.5000   22.500012933.6074   18.8981
    0.0000   37.5000   22.500013593.7119   18.9219
    7.5000   37.5000   22.500012795.7090   18.9305
   -7.5000   45.0000   22.500011975.6914   18.4795
    0.0000   45.0000   22.500012582.7129   18.5046
    7.5000   45.0000   22.500011880.9355   18.5123
   -7.5000  -45.0000   30.0000 8493.3838   20.3479
    0.0000  -45.0000   30.0000 8857.2988   20.3732
    7.5000  -45.0000   30.0000 8382.0254   20.3902
   -7.5000  -37.5000   30.0000 9151.3047   19.9031
    0.0000  -37.5000   30.0000 9526.1348   19.9313
    7.5000  -37.5000   30.0000 9043.9609   19.9446
   -7.5000  -30.0000   30.000010163.2256   19.6531
    0.0000  -30.0000   30.000010576.8828   19.6801
    7.5000  -30.0000   30.000010088.7520   19.6872
   -7.5000  -22.5000   30.000011186.1123   19.5429
    0.0000  -22.5000   30.000011643.4092   19.5661
    7.5000  -22.5000   30.000011107.9971   19.5691
   -7.5000  -15.0000   30.000012180.1758   19.4701
    0.0000  -15.0000   30.000012692.8086   19.4911
    7.5000  -15.0000   30.000012135.6445   19.4952
   -7.5000   -7.5000   30.000013235.9883   19.4601
    0.0000   -7.5000   30.000013920.0547   19.4829
    7.5000   -7.5000   30.000013246.3721   19.4926
   -7.5000    0.0000   30.000014175.6367   19.4849
    0.0000    0.0000   30.000015049.1631   19.5111
    7.5000    0.0000   30.000014206.5957   19.5242
   -7.5000    7.5000   30.000014061.3721   19.5142
    0.0000    7.5000   30.000014830.5713   19.5420
    7.5000    7.5000   30.000014010.7041   19.5523
   -7.5000   15.0000   30.000013745.9531   19.5204
    0.0000   15.0000   30.000014450.8926   19.5468
    7.5000   15.0000   30.000013641.5078   19.5522
   -7.5000   22.5000   30.000013224.3203   19.4845
    0.0000   22.5000   30.000013905.9863   19.5072
    7.5000   22.5000   30.000013120.3799   19.5095
   -7.5000   30.0000   30.000012432.7432   19.2106
    0.0000   30.0000   30.000013053.4014   19.2311
    7.5000   30.0000   30.000012334.5068   19.2350
   -7.5000   37.5000   30.000012008.8721   19.2082
    0.0000   37.5000   30.000012602.1123   19.2307
    7.5000   37.5000   30.000011917.0996   19.2403
   -7.5000   45.0000   30.000011142.6309   18.7812
    0.0000   45.0000   30.000011705.0732   18.8064
    7.5000   45.0000   30.000011061.7275   18.8191
   -7.5000  -45.0000   37.5000 8098.7061   20.7914
    0.0000  -45.0000   37.5000 8447.2959   20.8189
    7.5000  -45.0000   37.5000 8058.3477   20.8309
   -7.5000  -37.5000   37.5000 8741.4961   20.3367
    0.0000  -37.5000   37.5000 9078.3740   20.3648
    7.5000  -37.5000   37.5000 8701.3027   20.3726
   -7.5000  -30.0000   37.5000 9732.8203   20.0854
    0.0000  -30.0000   37.500010108.1855   20.1109
    7.5000  -30.0000   37.5000 9719.7002   20.1080
   -7.5000  -22.5000   37.500010719.4072   19.9758
    0.0000  -22.5000   37.500011142.9482   19.9983
    7.5000  -22.5000   37.500010715.5020   19.9885
   -7.5000  -15.0000   37.500011686.2598   19.8995
    0.0000  -15.0000   37.500012185.7207   19.9214
    7.5000  -15.0000   37.500011712.0430   19.9139
   -7.5000   -7.5000   37.500012704.0352   19.8816
    0.0000   -7.5000   37.500013341.1025   19.9067
    7.5000   -7.5000   37.500012738.8906   19.9086
   -7.5000    0.0000   37.500013553.4326   19.8998
    0.0000    0.0000   37.500014288.2705   19.9278
    7.5000    0.0000   37.500013591.4072   19.9365
   -7.5000    7.5000   37.500013392.6953   19.9327
    0.0000    7.5000   37.500014047.5361   19.9604
    7.5000    7.5000   37.500013365.2734   19.9652
   -7.5000   15.0000   37.500013119.3984   19.9475
    0.0000   15.0000   37.500013748.1006   19.9724
    7.5000   15.0000   37.500013043.4727   19.9679
   -7.5000   22.5000   37.500012676.9492   19.9153
    0.0000   22.5000   37.500013294.1172   19.9373
    7.5000   22.5000   37.500012581.9814   19.9269
   -7.5000   30.0000   37.500011949.0957   19.6341
    0.0000   30.0000   37.500012520.8281   19.6555
    7.5000   30.0000   37.500011854.2314   19.6479
   -7.5000   37.5000   37.500011545.8164   19.6243
    0.0000   37.5000   37.500012092.3135   19.6490
    7.5000   37.5000   37.500011472.2334   19.6509
   -7.5000   45.0000   37.500010722.1445   19.1811
    0.0000   45.0000   37.500011224.5322   19.2081
    7.5000   45.0000   37.500010659.7510   19.2165
   -7.5000  -45.0000   45.0000 7422.3760   21.3204
    0.0000  -45.0000   45.0000 7723.4604   21.3483
    7.5000  -45.0000   45.0000 7412.7124   21.3485
   -7.5000  -37.5000   45.0000 8019.9375   20.8373
    0.0000  -37.5000   45.0000 8317.4043   20.8643
    7.5000  -37.5000   45.0000 8009.9609   20.8616
   -7.5000  -30.0000   45.0000 8938.3525   20.5668
    0.0000  -30.0000   45.0000 9265.5195   20.5915
    7.5000  -30.0000   45.0000 8917.4375   20.5787
   -7.5000  -22.5000   45.0000 9867.5322   20.4549
    0.0000  -22.5000   45.000010233.6260   20.4781
    7.5000  -22.5000   45.0000 9852.4541   20.4585
   -7.5000  -15.0000   45.000010760.4756   20.3844
    0.0000  -15.0000   45.000011173.3301   20.4083
    7.5000  -15.0000   45.000010764.4492   20.3906
   -7.5000   -7.5000   45.000011679.9268   20.3711
    0.0000   -7.5000   45.000012203.3008   20.3979
    7.5000   -7.5000   45.000011708.8955   20.3889
   -7.5000    0.0000   45.000012435.3574   20.3867
    0.0000    0.0000   45.000013015.3809   20.4148
    7.5000    0.0000   45.000012445.7900   20.4125
   -7.5000    7.5000   45.000012246.6895   20.4127
    0.0000    7.5000   45.000012781.2373   20.4393
    7.5000    7.5000   45.000012209.9209   20.4339
   -7.5000   15.0000   45.000012010.7148   20.4224
    0.0000   15.0000   45.000012529.3086   20.4464
    7.5000   15.0000   45.000011961.0625   20.4320
   -7.5000   22.5000   45.000011614.8516   20.3918
    0.0000   22.5000   45.000012132.3926   20.4144
    7.5000   22.5000   45.000011545.7441   20.3941
   -7.5000   30.0000   45.000010976.7598   20.1106
    0.0000   30.0000   45.000011457.8184   20.1340
    7.5000   30.0000   45.000010893.2725   20.1163
   -7.5000   37.5000   45.000010629.9434   20.1057
    0.0000   37.5000   45.000011092.3496   20.1322
    7.5000   37.5000   45.000010548.9277   20.1233
   -7.5000   45.0000   45.0000 9845.5029   19.6593
    0.0000   45.0000   45.000010290.9404   19.6865
    7.5000   45.0000   45.0000 9781.4014   19.6842

---------------------------------------------------------------------
imgreg_4dfp /opt/freesurfer/average/711-2C_as_mni_average_305 /opt/freesurfer/average/711-2B_as_mni_average_305_mask talsrcimg_g11 none talsrcimg_to_711-2C_as_mni_average_305_t4 4355
---------------------------------------------------------------------

freesurfer imgreg_4dfp.c
/opt/freesurfer/average/711-2C_as_mni_average_305.4dfp.img
       256       256       256         1
  1.000000  1.000000  1.000000
orientation T byte_order littleendian
Reading image: /opt/freesurfer/average/711-2C_as_mni_average_305.4dfp.img
dimensions:      256       256       256
mmppix:       1.0000   -1.0000   -1.0000
center:     128.0000 -129.0000 -129.0000
/opt/freesurfer/average/711-2B_as_mni_average_305_mask.4dfp.img
       256       256       256         1
  1.000000  1.000000  1.000000
orientation T byte_order littleendian
Reading mask: /opt/freesurfer/average/711-2B_as_mni_average_305_mask.4dfp.img (2306576 pixels)
talsrcimg_g11.4dfp.img
       256       256       256         1
  1.000000  1.000000  1.000000
orientation T byte_order littleendian
Reading image: talsrcimg_g11.4dfp.img
dimensions:      256       256       256
mmppix:       1.0000   -1.0000   -1.0000
center:     128.0000 -129.0000 -129.0000
rotation matrix determinant  1.000000
image alignment mode   4355 decimal     1103 hex
   -7.5000  -37.5000  -37.5000 2298.6597   22.5445
    0.0000  -37.5000  -37.5000 2310.6128   22.4340
    7.5000  -37.5000  -37.5000 2288.4990   22.4644
   -7.5000  -30.0000  -37.5000 2397.2305   20.6078
    0.0000  -30.0000  -37.5000 2409.4321   20.5025
    7.5000  -30.0000  -37.5000 2388.0479   20.6023
   -7.5000  -22.5000  -37.5000 2479.0195   19.1865
    0.0000  -22.5000  -37.5000 2485.0312   19.0212
    7.5000  -22.5000  -37.5000 2466.2720   19.1616
   -7.5000  -15.0000  -37.5000 2522.0032   18.1378
    0.0000  -15.0000  -37.5000 2530.1714   17.9270
    7.5000  -15.0000  -37.5000 2513.3091   18.0767
   -7.5000   -7.5000  -37.5000 2550.1150   17.4803
    0.0000   -7.5000  -37.5000 2563.1157   17.2375
    7.5000   -7.5000  -37.5000 2549.4836   17.3794
   -7.5000    0.0000  -37.5000 2560.5330   17.1056
    0.0000    0.0000  -37.5000 2573.5671   16.8912
    7.5000    0.0000  -37.5000 2563.5586   17.0086
   -7.5000    7.5000  -37.5000 2565.4131   16.9219
    0.0000    7.5000  -37.5000 2574.2959   16.7042
    7.5000    7.5000  -37.5000 2565.1807   16.8324
   -7.5000   15.0000  -37.5000 2556.4312   17.0665
    0.0000   15.0000  -37.5000 2570.5317   16.8285
    7.5000   15.0000  -37.5000 2557.9429   16.9420
   -7.5000   22.5000  -37.5000 2536.3330   17.4542
    0.0000   22.5000  -37.5000 2555.3345   17.2229
    7.5000   22.5000  -37.5000 2544.9548   17.3182
   -7.5000   30.0000  -37.5000 2498.0056   18.1856
    0.0000   30.0000  -37.5000 2515.3691   17.9318
    7.5000   30.0000  -37.5000 2508.6572   18.0614
   -7.5000   37.5000  -37.5000 2440.9211   19.1863
    0.0000   37.5000  -37.5000 2455.8765   18.9275
    7.5000   37.5000  -37.5000 2446.3572   19.0740
   -7.5000   45.0000  -37.5000 2356.5811   20.5688
    0.0000   45.0000  -37.5000 2375.8884   20.3464
    7.5000   45.0000  -37.5000 2361.7454   20.4674
   -7.5000   52.5000  -37.5000 2235.6040   22.2344
    0.0000   52.5000  -37.5000 2257.6028   22.0839
    7.5000   52.5000  -37.5000 2239.8049   22.2218
   -7.5000  -37.5000  -30.0000 2399.2532   22.0698
    0.0000  -37.5000  -30.0000 2415.4556   21.9325
    7.5000  -37.5000  -30.0000 2392.0679   22.0592
   -7.5000  -30.0000  -30.0000 2502.3889   20.1094
    0.0000  -30.0000  -30.0000 2515.7302   19.9397
    7.5000  -30.0000  -30.0000 2494.2437   20.1168
   -7.5000  -22.5000  -30.0000 2589.0256   18.6252
    0.0000  -22.5000  -30.0000 2598.0234   18.4164
    7.5000  -22.5000  -30.0000 2582.6831   18.6090
   -7.5000  -15.0000  -30.0000 2642.2954   17.5932
    0.0000  -15.0000  -30.0000 2651.1230   17.3604
    7.5000  -15.0000  -30.0000 2637.1594   17.5087
   -7.5000   -7.5000  -30.0000 2677.7048   16.9326
    0.0000   -7.5000  -30.0000 2688.4126   16.6834
    7.5000   -7.5000  -30.0000 2675.8872   16.8056
   -7.5000    0.0000  -30.0000 2693.9307   16.5236
    0.0000    0.0000  -30.0000 2705.9075   16.2869
    7.5000    0.0000  -30.0000 2695.0652   16.3869
   -7.5000    7.5000  -30.0000 2699.3335   16.3295
    0.0000    7.5000  -30.0000 2711.3320   16.1335
    7.5000    7.5000  -30.0000 2699.1565   16.2326
   -7.5000   15.0000  -30.0000 2691.2778   16.4018
    0.0000   15.0000  -30.0000 2707.7656   16.2006
    7.5000   15.0000  -30.0000 2696.6550   16.3008
   -7.5000   22.5000  -30.0000 2676.8938   16.7618
    0.0000   22.5000  -30.0000 2695.7300   16.5560
    7.5000   22.5000  -30.0000 2683.3594   16.6799
   -7.5000   30.0000  -30.0000 2636.4600   17.4631
    0.0000   30.0000  -30.0000 2657.9844   17.2211
    7.5000   30.0000  -30.0000 2647.2625   17.3689
   -7.5000   37.5000  -30.0000 2571.0125   18.4539
    0.0000   37.5000  -30.0000 2587.3594   18.1971
    7.5000   37.5000  -30.0000 2581.1011   18.3568
   -7.5000   45.0000  -30.0000 2482.9968   19.8020
    0.0000   45.0000  -30.0000 2496.5320   19.5320
    7.5000   45.0000  -30.0000 2488.4119   19.6778
   -7.5000   52.5000  -30.0000 2357.6462   21.4255
    0.0000   52.5000  -30.0000 2372.7498   21.2078
    7.5000   52.5000  -30.0000 2361.6870   21.3446
   -7.5000  -37.5000  -22.5000 2465.1628   21.4228
    0.0000  -37.5000  -22.5000 2483.1353   21.2718
    7.5000  -37.5000  -22.5000 2462.5771   21.4079
   -7.5000  -30.0000  -22.5000 2573.8193   19.4669
    0.0000  -30.0000  -22.5000 2588.9783   19.3240
    7.5000  -30.0000  -22.5000 2576.6040   19.4559
   -7.5000  -22.5000  -22.5000 2663.5398   17.9696
    0.0000  -22.5000  -22.5000 2678.5188   17.8146
    7.5000  -22.5000  -22.5000 2664.9719   17.9362
   -7.5000  -15.0000  -22.5000 2727.3079   16.8907
    0.0000  -15.0000  -22.5000 2742.0354   16.7161
    7.5000  -15.0000  -22.5000 2727.4792   16.8243
   -7.5000   -7.5000  -22.5000 2769.2771   16.2049
    0.0000   -7.5000  -22.5000 2787.2666   16.0170
    7.5000   -7.5000  -22.5000 2774.0623   16.1226
   -7.5000    0.0000  -22.5000 2794.8494   15.7824
    0.0000    0.0000  -22.5000 2816.3245   15.5750
    7.5000    0.0000  -22.5000 2802.7307   15.6560
   -7.5000    7.5000  -22.5000 2800.9597   15.6488
    0.0000    7.5000  -22.5000 2823.3374   15.3968
    7.5000    7.5000  -22.5000 2807.6414   15.5138
   -7.5000   15.0000  -22.5000 2798.7761   15.6769
    0.0000   15.0000  -22.5000 2817.3057   15.4401
    7.5000   15.0000  -22.5000 2805.2390   15.5880
   -7.5000   22.5000  -22.5000 2780.1814   16.0311
    0.0000   22.5000  -22.5000 2805.1597   15.7822
    7.5000   22.5000  -22.5000 2795.3862   15.9310
   -7.5000   30.0000  -22.5000 2739.9121   16.6797
    0.0000   30.0000  -22.5000 2767.1619   16.4211
    7.5000   30.0000  -22.5000 2754.9846   16.5713
   -7.5000   37.5000  -22.5000 2676.1116   17.6225
    0.0000   37.5000  -22.5000 2695.7244   17.3687
    7.5000   37.5000  -22.5000 2688.8982   17.5333
   -7.5000   45.0000  -22.5000 2580.9526   18.9289
    0.0000   45.0000  -22.5000 2595.4893   18.6844
    7.5000   45.0000  -22.5000 2589.2449   18.8434
   -7.5000   52.5000  -22.5000 2450.6548   20.5355
    0.0000   52.5000  -22.5000 2465.6621   20.2864
    7.5000   52.5000  -22.5000 2458.0684   20.4657
   -7.5000  -37.5000  -15.0000 2483.6523   20.8740
    0.0000  -37.5000  -15.0000 2506.9600   20.7273
    7.5000  -37.5000  -15.0000 2489.3384   20.8313
   -7.5000  -30.0000  -15.0000 2599.1545   18.9286
    0.0000  -30.0000  -15.0000 2619.6602   18.7806
    7.5000  -30.0000  -15.0000 2603.3599   18.8762
   -7.5000  -22.5000  -15.0000 2694.9521   17.4116
    0.0000  -22.5000  -15.0000 2712.3198   17.2678
    7.5000  -22.5000  -15.0000 2698.2336   17.3400
   -7.5000  -15.0000  -15.0000 2769.3689   16.2893
    0.0000  -15.0000  -15.0000 2791.9612   16.1752
    7.5000  -15.0000  -15.0000 2773.8176   16.2335
   -7.5000   -7.5000  -15.0000 2818.9792   15.5509
    0.0000   -7.5000  -15.0000 2842.9197   15.4448
    7.5000   -7.5000  -15.0000 2831.0903   15.5203
   -7.5000    0.0000  -15.0000 2855.5105   15.1521
    0.0000    0.0000  -15.0000 2880.4370   14.9795
    7.5000    0.0000  -15.0000 2871.3948   15.0928
   -7.5000    7.5000  -15.0000 2871.1465   15.0386
    0.0000    7.5000  -15.0000 2897.5217   14.7882
    7.5000    7.5000  -15.0000 2881.6670   14.9275
   -7.5000   15.0000  -15.0000 2869.4917   15.0507
    0.0000   15.0000  -15.0000 2893.4324   14.8153
    7.5000   15.0000  -15.0000 2878.0793   14.9848
   -7.5000   22.5000  -15.0000 2847.4087   15.4201
    0.0000   22.5000  -15.0000 2875.1921   15.1588
    7.5000   22.5000  -15.0000 2864.3018   15.3159
   -7.5000   30.0000  -15.0000 2802.0178   16.0230
    0.0000   30.0000  -15.0000 2833.1821   15.7800
    7.5000   30.0000  -15.0000 2820.9329   15.9280
   -7.5000   37.5000  -15.0000 2734.4678   16.9187
    0.0000   37.5000  -15.0000 2760.9890   16.6864
    7.5000   37.5000  -15.0000 2750.1829   16.8560
   -7.5000   45.0000  -15.0000 2638.5730   18.1833
    0.0000   45.0000  -15.0000 2662.9626   17.9598
    7.5000   45.0000  -15.0000 2649.8032   18.1451
   -7.5000   52.5000  -15.0000 2505.1157   19.8145
    0.0000   52.5000  -15.0000 2531.9526   19.5500
    7.5000   52.5000  -15.0000 2517.6619   19.7221
   -7.5000  -37.5000   -7.5000 2488.1799   20.5277
    0.0000  -37.5000   -7.5000 2507.3269   20.3958
    7.5000  -37.5000   -7.5000 2491.7942   20.5115
   -7.5000  -30.0000   -7.5000 2604.5657   18.5867
    0.0000  -30.0000   -7.5000 2621.9778   18.4389
    7.5000  -30.0000   -7.5000 2610.9585   18.5506
   -7.5000  -22.5000   -7.5000 2704.1265   17.0243
    0.0000  -22.5000   -7.5000 2723.0938   16.9022
    7.5000  -22.5000   -7.5000 2708.0354   16.9483
   -7.5000  -15.0000   -7.5000 2790.1418   15.8864
    0.0000  -15.0000   -7.5000 2811.2390   15.7836
    7.5000  -15.0000   -7.5000 2796.2793   15.7746
   -7.5000   -7.5000   -7.5000 2853.2070   15.1291
    0.0000   -7.5000   -7.5000 2873.3738   15.0358
    7.5000   -7.5000   -7.5000 2866.5681   15.0248
   -7.5000    0.0000   -7.5000 2902.3071   14.7523
    0.0000    0.0000   -7.5000 2930.4348   14.6920
    7.5000    0.0000   -7.5000 2918.9128   14.6592
   -7.5000    7.5000   -7.5000 2925.8291   14.6761
    0.0000    7.5000   -7.5000 2958.1777   14.5746
    7.5000    7.5000   -7.5000 2934.2139   14.5951
   -7.5000   15.0000   -7.5000 2920.7964   14.6143
    0.0000   15.0000   -7.5000 2954.2515   14.4534
    7.5000   15.0000   -7.5000 2918.4668   14.6066
   -7.5000   22.5000   -7.5000 2895.1426   14.9261
    0.0000   22.5000   -7.5000 2927.8386   14.7648
    7.5000   22.5000   -7.5000 2900.1787   14.8603
   -7.5000   30.0000   -7.5000 2850.1389   15.4991
    0.0000   30.0000   -7.5000 2885.8433   15.3425
    7.5000   30.0000   -7.5000 2862.1641   15.4127
   -7.5000   37.5000   -7.5000 2779.5476   16.4074
    0.0000   37.5000   -7.5000 2808.6428   16.2392
    7.5000   37.5000   -7.5000 2790.9048   16.3104
   -7.5000   45.0000   -7.5000 2679.3899   17.7322
    0.0000   45.0000   -7.5000 2708.0645   17.5234
    7.5000   45.0000   -7.5000 2692.1602   17.6110
   -7.5000   52.5000   -7.5000 2551.4497   19.3285
    0.0000   52.5000   -7.5000 2573.1111   19.0812
    7.5000   52.5000   -7.5000 2561.7319   19.2006
   -7.5000  -37.5000    0.0000 2466.7837   20.3652
    0.0000  -37.5000    0.0000 2488.9761   20.3170
    7.5000  -37.5000    0.0000 2473.1982   20.3961
   -7.5000  -30.0000    0.0000 2582.0901   18.4032
    0.0000  -30.0000    0.0000 2607.9834   18.3720
    7.5000  -30.0000    0.0000 2590.7349   18.4092
   -7.5000  -22.5000    0.0000 2684.1311   16.8154
    0.0000  -22.5000    0.0000 2711.3811   16.7771
    7.5000  -22.5000    0.0000 2697.1421   16.7814
   -7.5000  -15.0000    0.0000 2784.8696   15.6547
    0.0000  -15.0000    0.0000 2810.2163   15.6384
    7.5000  -15.0000    0.0000 2797.0127   15.6076
   -7.5000   -7.5000    0.0000 2868.9971   14.9495
    0.0000   -7.5000    0.0000 2894.4951   14.9126
    7.5000   -7.5000    0.0000 2884.5901   14.8855
   -7.5000    0.0000    0.0000 2938.5393   14.7327
    0.0000    0.0000    0.0000 2973.1218   14.7695
    7.5000    0.0000    0.0000 2951.7166   14.6293
   -7.5000    7.5000    0.0000 2971.1550   14.7360
    0.0000    7.5000    0.0000 3021.7888   14.9101
    7.5000    7.5000    0.0000 2976.2498   14.5889
   -7.5000   15.0000    0.0000 2954.8589   14.5707
    0.0000   15.0000    0.0000 3003.4224   14.6517
    7.5000   15.0000    0.0000 2948.8184   14.4999
   -7.5000   22.5000    0.0000 2919.7888   14.6697
    0.0000   22.5000    0.0000 2956.9094   14.6639
    7.5000   22.5000    0.0000 2913.7588   14.6054
   -7.5000   30.0000    0.0000 2869.8835   15.1843
    0.0000   30.0000    0.0000 2906.5671   15.1178
    7.5000   30.0000    0.0000 2876.0408   15.0629
   -7.5000   37.5000    0.0000 2796.4558   16.1286
    0.0000   37.5000    0.0000 2829.2920   16.0069
    7.5000   37.5000    0.0000 2804.9697   15.9856
   -7.5000   45.0000    0.0000 2695.2554   17.4625
    0.0000   45.0000    0.0000 2725.9475   17.3211
    7.5000   45.0000    0.0000 2705.0247   17.3166
   -7.5000   52.5000    0.0000 2563.4802   19.0254
    0.0000   52.5000    0.0000 2592.3965   18.8524
    7.5000   52.5000    0.0000 2572.9321   18.8859
   -7.5000  -37.5000    7.5000 2436.5386   20.4079
    0.0000  -37.5000    7.5000 2463.4517   20.4180
    7.5000  -37.5000    7.5000 2452.4382   20.6155
   -7.5000  -30.0000    7.5000 2549.8958   18.3832
    0.0000  -30.0000    7.5000 2576.6155   18.3705
    7.5000  -30.0000    7.5000 2570.0017   18.5317
   -7.5000  -22.5000    7.5000 2661.2896   16.7917
    0.0000  -22.5000    7.5000 2690.8599   16.8130
    7.5000  -22.5000    7.5000 2687.7815   16.8726
   -7.5000  -15.0000    7.5000 2769.1721   15.6771
    0.0000  -15.0000    7.5000 2800.5427   15.7701
    7.5000  -15.0000    7.5000 2791.2573   15.7315
   -7.5000   -7.5000    7.5000 2870.4629   15.0388
    0.0000   -7.5000    7.5000 2906.8669   15.1457
    7.5000   -7.5000    7.5000 2884.5117   15.0147
   -7.5000    0.0000    7.5000 2963.7288   14.8688
    0.0000    0.0000    7.5000 3010.6648   15.0339
    7.5000    0.0000    7.5000 2961.2510   14.7577
   -7.5000    7.5000    7.5000 3005.2983   14.8464
    0.0000    7.5000    7.5000 3069.8708   15.1530
    7.5000    7.5000    7.5000 2997.3250   14.7301
   -7.5000   15.0000    7.5000 2982.0195   14.7198
    0.0000   15.0000    7.5000 3040.6472   15.0169
    7.5000   15.0000    7.5000 2976.6011   14.6027
   -7.5000   22.5000    7.5000 2928.3384   14.7652
    0.0000   22.5000    7.5000 2972.1453   14.8597
    7.5000   22.5000    7.5000 2925.0164   14.6897
   -7.5000   30.0000    7.5000 2867.7104   15.1715
    0.0000   30.0000    7.5000 2905.4392   15.1245
    7.5000   30.0000    7.5000 2877.9932   15.1236
   -7.5000   37.5000    7.5000 2790.6191   16.0400
    0.0000   37.5000    7.5000 2825.3740   15.9190
    7.5000   37.5000    7.5000 2804.7339   16.0018
   -7.5000   45.0000    7.5000 2697.5701   17.3483
    0.0000   45.0000    7.5000 2725.5679   17.1815
    7.5000   45.0000    7.5000 2709.0679   17.2981
   -7.5000   52.5000    7.5000 2566.1492   18.9070
    0.0000   52.5000    7.5000 2586.5867   18.6962
    7.5000   52.5000    7.5000 2575.5588   18.8279
   -7.5000  -37.5000   15.0000 2406.4597   20.7762
    0.0000  -37.5000   15.0000 2429.3008   20.8047
    7.5000  -37.5000   15.0000 2426.1792   21.0647
   -7.5000  -30.0000   15.0000 2517.7856   18.8036
    0.0000  -30.0000   15.0000 2542.5720   18.8414
    7.5000  -30.0000   15.0000 2540.5569   18.9626
   -7.5000  -22.5000   15.0000 2632.3577   17.2460
    0.0000  -22.5000   15.0000 2662.2954   17.3531
    7.5000  -22.5000   15.0000 2655.6907   17.3516
   -7.5000  -15.0000   15.0000 2741.7070   16.0872
    0.0000  -15.0000   15.0000 2773.8972   16.2223
    7.5000  -15.0000   15.0000 2762.8540   16.1311
   -7.5000   -7.5000   15.0000 2848.2666   15.3387
    0.0000   -7.5000   15.0000 2885.5598   15.4853
    7.5000   -7.5000   15.0000 2864.3833   15.3483
   -7.5000    0.0000   15.0000 2942.0264   14.9991
    0.0000    0.0000   15.0000 2992.6272   15.1842
    7.5000    0.0000   15.0000 2948.1230   14.9941
   -7.5000    7.5000   15.0000 2984.1018   14.7414
    0.0000    7.5000   15.0000 3042.4639   15.0359
    7.5000    7.5000   15.0000 2986.4128   14.8048
   -7.5000   15.0000   15.0000 2966.0432   14.6990
    0.0000   15.0000   15.0000 3019.2048   14.8047
    7.5000   15.0000   15.0000 2962.6272   14.7021
   -7.5000   22.5000   15.0000 2921.2727   15.0349
    0.0000   22.5000   15.0000 2960.6907   14.9984
    7.5000   22.5000   15.0000 2924.5234   15.0172
   -7.5000   30.0000   15.0000 2853.7520   15.5600
    0.0000   30.0000   15.0000 2883.1875   15.4808
    7.5000   30.0000   15.0000 2867.3223   15.5704
   -7.5000   37.5000   15.0000 2774.2664   16.4003
    0.0000   37.5000   15.0000 2800.4417   16.3058
    7.5000   37.5000   15.0000 2786.4441   16.4141
   -7.5000   45.0000   15.0000 2678.8809   17.6173
    0.0000   45.0000   15.0000 2698.2612   17.4862
    7.5000   45.0000   15.0000 2688.6089   17.5994
   -7.5000   52.5000   15.0000 2550.1230   19.0847
    0.0000   52.5000   15.0000 2565.7214   18.8612
    7.5000   52.5000   15.0000 2554.8464   19.0060
   -7.5000  -37.5000   22.5000 2382.6919   21.5321
    0.0000  -37.5000   22.5000 2403.8914   21.5861
    7.5000  -37.5000   22.5000 2391.3330   21.8353
   -7.5000  -30.0000   22.5000 2490.3452   19.4606
    0.0000  -30.0000   22.5000 2516.1008   19.4883
    7.5000  -30.0000   22.5000 2508.9331   19.6770
   -7.5000  -22.5000   22.5000 2603.5530   17.8245
    0.0000  -22.5000   22.5000 2626.8062   17.8497
    7.5000  -22.5000   22.5000 2626.2930   17.9568
   -7.5000  -15.0000   22.5000 2704.2566   16.5605
    0.0000  -15.0000   22.5000 2733.0459   16.6061
    7.5000  -15.0000   22.5000 2730.9067   16.6657
   -7.5000   -7.5000   22.5000 2810.0581   15.7489
    0.0000   -7.5000   22.5000 2845.1104   15.8607
    7.5000   -7.5000   22.5000 2836.3884   15.8339
   -7.5000    0.0000   22.5000 2897.3552   15.2608
    0.0000    0.0000   22.5000 2941.8298   15.4683
    7.5000    0.0000   22.5000 2917.9199   15.3633
   -7.5000    7.5000   22.5000 2931.3516   14.9406
    0.0000    7.5000   22.5000 2979.3245   15.1267
    7.5000    7.5000   22.5000 2947.4116   15.0315
   -7.5000   15.0000   22.5000 2931.8662   14.9595
    0.0000   15.0000   22.5000 2968.7637   14.9735
    7.5000   15.0000   22.5000 2937.1863   15.0178
   -7.5000   22.5000   22.5000 2898.0054   15.3704
    0.0000   22.5000   22.5000 2935.2622   15.3280
    7.5000   22.5000   22.5000 2906.7585   15.4071
   -7.5000   30.0000   22.5000 2827.6296   16.0199
    0.0000   30.0000   22.5000 2854.5269   15.9421
    7.5000   30.0000   22.5000 2838.5898   16.0411
   -7.5000   37.5000   22.5000 2747.5952   16.9187
    0.0000   37.5000   22.5000 2769.9670   16.7915
    7.5000   37.5000   22.5000 2757.4744   16.9097
   -7.5000   45.0000   22.5000 2646.2590   18.1494
    0.0000   45.0000   22.5000 2669.7861   18.0168
    7.5000   45.0000   22.5000 2660.6475   18.1408
   -7.5000   52.5000   22.5000 2519.5168   19.5756
    0.0000   52.5000   22.5000 2538.8213   19.3892
    7.5000   52.5000   22.5000 2525.9668   19.5459
   -7.5000  -37.5000   30.0000 2339.7458   22.4729
    0.0000  -37.5000   30.0000 2355.7922   22.4136
    7.5000  -37.5000   30.0000 2357.1694   22.8274
   -7.5000  -30.0000   30.0000 2453.4746   20.2314
    0.0000  -30.0000   30.0000 2469.0896   20.1976
    7.5000  -30.0000   30.0000 2478.0356   20.5889
   -7.5000  -22.5000   30.0000 2561.1035   18.5086
    0.0000  -22.5000   30.0000 2581.6479   18.4731
    7.5000  -22.5000   30.0000 2589.9358   18.7790
   -7.5000  -15.0000   30.0000 2661.4360   17.1640
    0.0000  -15.0000   30.0000 2685.8928   17.1832
    7.5000  -15.0000   30.0000 2694.0513   17.4131
   -7.5000   -7.5000   30.0000 2756.4753   16.3016
    0.0000   -7.5000   30.0000 2788.5056   16.4248
    7.5000   -7.5000   30.0000 2787.8806   16.5133
   -7.5000    0.0000   30.0000 2821.5740   15.7307
    0.0000    0.0000   30.0000 2864.6750   15.9075
    7.5000    0.0000   30.0000 2852.5012   15.9312
   -7.5000    7.5000   30.0000 2863.1843   15.4414
    0.0000    7.5000   30.0000 2907.5815   15.4849
    7.5000    7.5000   30.0000 2888.7971   15.5129
   -7.5000   15.0000   30.0000 2870.0320   15.5226
    0.0000   15.0000   30.0000 2906.6125   15.5384
    7.5000   15.0000   30.0000 2881.7134   15.5778
   -7.5000   22.5000   30.0000 2846.3506   15.9265
    0.0000   22.5000   30.0000 2882.5938   15.9178
    7.5000   22.5000   30.0000 2855.4216   15.9912
   -7.5000   30.0000   30.0000 2777.7773   16.6157
    0.0000   30.0000   30.0000 2801.9348   16.5600
    7.5000   30.0000   30.0000 2787.2954   16.6529
   -7.5000   37.5000   30.0000 2700.0911   17.5790
    0.0000   37.5000   30.0000 2724.5898   17.4912
    7.5000   37.5000   30.0000 2713.6934   17.5889
   -7.5000   45.0000   30.0000 2608.2019   18.8287
    0.0000   45.0000   30.0000 2632.3567   18.7320
    7.5000   45.0000   30.0000 2618.6885   18.8356
   -7.5000   52.5000   30.0000 2476.9983   20.3095
    0.0000   52.5000   30.0000 2503.6199   20.1500
    7.5000   52.5000   30.0000 2492.4712   20.2757
   -7.5000  -37.5000   37.5000 2287.7939   23.5472
    0.0000  -37.5000   37.5000 2302.3501   23.3759
    7.5000  -37.5000   37.5000 2315.4304   24.0165
   -7.5000  -30.0000   37.5000 2406.4639   21.2299
    0.0000  -30.0000   37.5000 2419.0552   21.0691
    7.5000  -30.0000   37.5000 2438.1431   21.7046
   -7.5000  -22.5000   37.5000 2516.7004   19.4109
    0.0000  -22.5000   37.5000 2529.5308   19.3170
    7.5000  -22.5000   37.5000 2545.3550   19.8168
   -7.5000  -15.0000   37.5000 2613.8655   18.0521
    0.0000  -15.0000   37.5000 2630.9678   18.0080
    7.5000  -15.0000   37.5000 2642.0408   18.3583
   -7.5000   -7.5000   37.5000 2701.8269   17.1178
    0.0000   -7.5000   37.5000 2730.7749   17.1772
    7.5000   -7.5000   37.5000 2727.4768   17.3676
   -7.5000    0.0000   37.5000 2760.4202   16.5053
    0.0000    0.0000   37.5000 2793.2798   16.5609
    7.5000    0.0000   37.5000 2788.3667   16.6934
   -7.5000    7.5000   37.5000 2790.7759   16.1725
    0.0000    7.5000   37.5000 2828.5608   16.1714
    7.5000    7.5000   37.5000 2814.9294   16.2932
   -7.5000   15.0000   37.5000 2794.0339   16.2965
    0.0000   15.0000   37.5000 2830.3870   16.3046
    7.5000   15.0000   37.5000 2808.0847   16.3988
   -7.5000   22.5000   37.5000 2769.9541   16.6784
    0.0000   22.5000   37.5000 2808.3796   16.6651
    7.5000   22.5000   37.5000 2783.4490   16.7634
   -7.5000   30.0000   37.5000 2711.2717   17.3643
    0.0000   30.0000   37.5000 2740.3191   17.3275
    7.5000   30.0000   37.5000 2726.6536   17.4206
   -7.5000   37.5000   37.5000 2646.2036   18.3635
    0.0000   37.5000   37.5000 2669.4956   18.2858
    7.5000   37.5000   37.5000 2660.2029   18.3987
   -7.5000   45.0000   37.5000 2559.0884   19.6750
    0.0000   45.0000   37.5000 2579.1145   19.5613
    7.5000   45.0000   37.5000 2569.8411   19.6759
   -7.5000   52.5000   37.5000 2422.1602   21.2253
    0.0000   52.5000   37.5000 2445.8098   21.0758
    7.5000   52.5000   37.5000 2437.0491   21.2029
   -7.5000  -37.5000   45.0000 2234.8921   24.8552
    0.0000  -37.5000   45.0000 2243.2395   24.6149
    7.5000  -37.5000   45.0000 2261.6177   25.5045
   -7.5000  -30.0000   45.0000 2354.2043   22.4209
    0.0000  -30.0000   45.0000 2363.4678   22.1952
    7.5000  -30.0000   45.0000 2380.9680   22.9915
   -7.5000  -22.5000   45.0000 2464.4639   20.5246
    0.0000  -22.5000   45.0000 2470.9788   20.3994
    7.5000  -22.5000   45.0000 2487.3835   20.9991
   -7.5000  -15.0000   45.0000 2555.8257   19.1206
    0.0000  -15.0000   45.0000 2563.6965   19.0692
    7.5000  -15.0000   45.0000 2578.0007   19.4796
   -7.5000   -7.5000   45.0000 2638.0564   18.1724
    0.0000   -7.5000   45.0000 2654.6489   18.1307
    7.5000   -7.5000   45.0000 2659.0078   18.4601
   -7.5000    0.0000   45.0000 2690.1057   17.5525
    0.0000    0.0000   45.0000 2710.9548   17.4860
    7.5000    0.0000   45.0000 2712.2715   17.7402
   -7.5000    7.5000   45.0000 2712.4492   17.2284
    0.0000    7.5000   45.0000 2739.9348   17.1688
    7.5000    7.5000   45.0000 2729.5054   17.3993
   -7.5000   15.0000   45.0000 2714.5979   17.3074
    0.0000   15.0000   45.0000 2742.3818   17.2801
    7.5000   15.0000   45.0000 2729.8940   17.4871
   -7.5000   22.5000   45.0000 2691.9644   17.6544
    0.0000   22.5000   45.0000 2719.9612   17.5719
    7.5000   22.5000   45.0000 2706.1812   17.7569
   -7.5000   30.0000   45.0000 2642.8169   18.3062
    0.0000   30.0000   45.0000 2663.8845   18.1973
    7.5000   30.0000   45.0000 2654.9587   18.3694
   -7.5000   37.5000   45.0000 2578.6143   19.3468
    0.0000   37.5000   45.0000 2597.0808   19.2168
    7.5000   37.5000   45.0000 2589.0203   19.4061
   -7.5000   45.0000   45.0000 2488.8125   20.7139
    0.0000   45.0000   45.0000 2509.1978   20.5595
    7.5000   45.0000   45.0000 2497.9602   20.7406
   -7.5000   52.5000   45.0000 2350.8684   22.3502
    0.0000   52.5000   45.0000 2377.4358   22.2155
    7.5000   52.5000   45.0000 2368.0256   22.3642
   -7.5000  -37.5000   52.5000 2178.8867   26.4063
    0.0000  -37.5000   52.5000 2183.2424   26.2206
    7.5000  -37.5000   52.5000 2195.4524   27.1473
   -7.5000  -30.0000   52.5000 2296.2505   23.8796
    0.0000  -30.0000   52.5000 2304.0173   23.6746
    7.5000  -30.0000   52.5000 2314.0955   24.4792
   -7.5000  -22.5000   52.5000 2402.7583   21.9558
    0.0000  -22.5000   52.5000 2410.9011   21.7759
    7.5000  -22.5000   52.5000 2416.3899   22.3796
   -7.5000  -15.0000   52.5000 2487.9473   20.4618
    0.0000  -15.0000   52.5000 2498.2075   20.3631
    7.5000  -15.0000   52.5000 2505.6008   20.8464
   -7.5000   -7.5000   52.5000 2558.5935   19.4506
    0.0000   -7.5000   52.5000 2574.2974   19.3392
    7.5000   -7.5000   52.5000 2580.7593   19.7741
   -7.5000    0.0000   52.5000 2607.5845   18.8091
    0.0000    0.0000   52.5000 2626.0559   18.6804
    7.5000    0.0000   52.5000 2625.6052   19.0316
   -7.5000    7.5000   52.5000 2631.6265   18.4880
    0.0000    7.5000   52.5000 2653.0596   18.4115
    7.5000    7.5000   52.5000 2644.9612   18.6944
   -7.5000   15.0000   52.5000 2630.4241   18.5669
    0.0000   15.0000   52.5000 2651.3696   18.5379
    7.5000   15.0000   52.5000 2643.6675   18.7889
   -7.5000   22.5000   52.5000 2605.8174   18.9062
    0.0000   22.5000   52.5000 2629.5054   18.8145
    7.5000   22.5000   52.5000 2624.8057   19.0583
   -7.5000   30.0000   52.5000 2566.9958   19.5418
    0.0000   30.0000   52.5000 2589.4058   19.3616
    7.5000   30.0000   52.5000 2580.3665   19.6150
   -7.5000   37.5000   52.5000 2504.7510   20.5722
    0.0000   37.5000   52.5000 2525.1353   20.3961
    7.5000   37.5000   52.5000 2512.2712   20.6153
   -7.5000   45.0000   52.5000 2413.1294   22.0016
    0.0000   45.0000   52.5000 2438.8647   21.8170
    7.5000   45.0000   52.5000 2426.3223   22.0207
   -7.5000   52.5000   52.5000 2278.3613   23.7149
    0.0000   52.5000   52.5000 2301.9602   23.5246
    7.5000   52.5000   52.5000 2290.6218   23.6815

---------------------------------------------------------------------
imgreg_4dfp /opt/freesurfer/average/711-2C_as_mni_average_305 /opt/freesurfer/average/711-2B_as_mni_average_305_mask talsrcimg_g11 none talsrcimg_to_711-2C_as_mni_average_305_t4 1283
---------------------------------------------------------------------

freesurfer imgreg_4dfp.c
/opt/freesurfer/average/711-2C_as_mni_average_305.4dfp.img
       256       256       256         1
  1.000000  1.000000  1.000000
orientation T byte_order littleendian
Reading image: /opt/freesurfer/average/711-2C_as_mni_average_305.4dfp.img
dimensions:      256       256       256
mmppix:       1.0000   -1.0000   -1.0000
center:     128.0000 -129.0000 -129.0000
/opt/freesurfer/average/711-2B_as_mni_average_305_mask.4dfp.img
       256       256       256         1
  1.000000  1.000000  1.000000
orientation T byte_order littleendian
Reading mask: /opt/freesurfer/average/711-2B_as_mni_average_305_mask.4dfp.img (2306576 pixels)
talsrcimg_g11.4dfp.img
       256       256       256         1
  1.000000  1.000000  1.000000
orientation T byte_order littleendian
Reading image: talsrcimg_g11.4dfp.img
dimensions:      256       256       256
mmppix:       1.0000   -1.0000   -1.0000
center:     128.0000 -129.0000 -129.0000
rotation matrix determinant  1.000000
fimgreg.f
image alignment mode   1283 decimal      503 hex
parameters
    0.0000    7.5000    7.5000    0.0000    0.0000    0.0000
eta,q 0.96227 15.12996
niter,ni,del,rscale     5    3   12.0000    1.2000
parameter  4  4.067873 ->  0.500000 qaram    1.1500
parameters
   -0.6679    8.5735    8.8200   -3.4500   -0.6100   -2.4853
eta,q 0.96912 15.26941
  0.0502  0.0480  0.0473  0.0311  0.0403  0.0335
  0.0427  0.0431  0.0438  0.0320  0.0359  0.0313
  0.0386  0.0397  0.0399  0.0343  0.0327  0.0310
  0.0386  0.0379  0.0378  0.0377  0.0325  0.0323
  0.0422  0.0380  0.0378  0.0411  0.0353  0.0347
  0.0480  0.0394  0.0389  0.0436  0.0390  0.0388
  0.0551  0.0428  0.0421  0.0461  0.0428  0.0434
niter,ni,del,rscale     5    3   12.0000    1.2000
parameter  4  0.621867 ->  0.500000 qaram    1.3225
parameters
   -0.4189    9.8673    8.0022   -7.4175   -0.7410   -2.5898
eta,q 0.97259 15.26431
  0.0515  0.0485  0.0370  0.0293  0.0368  0.0344
  0.0414  0.0414  0.0326  0.0277  0.0323  0.0313
  0.0338  0.0348  0.0303  0.0274  0.0288  0.0286
  0.0309  0.0309  0.0301  0.0300  0.0274  0.0274
  0.0332  0.0304  0.0320  0.0345  0.0295  0.0284
  0.0394  0.0335  0.0365  0.0397  0.0328  0.0313
  0.0482  0.0385  0.0417  0.0439  0.0376  0.0353
niter,ni,del,rscale     5    3   12.0000    1.2000
parameters
   -0.2351   10.3495    6.9848   -7.4129   -0.7746   -2.6369
eta,q 0.97350 15.27658
  0.0484  0.0442  0.0332  0.0400  0.0362  0.0337
  0.0371  0.0365  0.0291  0.0319  0.0314  0.0303
  0.0294  0.0308  0.0266  0.0277  0.0282  0.0278
  0.0274  0.0275  0.0271  0.0265  0.0265  0.0265
  0.0305  0.0273  0.0297  0.0285  0.0280  0.0274
  0.0362  0.0322  0.0333  0.0331  0.0315  0.0303
  0.0451  0.0407  0.0387  0.0388  0.0365  0.0342
niter,ni,del,rscale     4    3   12.0000    1.2000
parameters
   -0.2811   10.2836    6.9785   -7.3959   -0.7569   -2.6337
eta,q 0.97351 15.27563
  0.0465  0.0414  0.0361  0.0400  0.0364  0.0338
  0.0353  0.0343  0.0310  0.0318  0.0316  0.0304
  0.0279  0.0290  0.0275  0.0276  0.0283  0.0279
  0.0265  0.0265  0.0265  0.0265  0.0265  0.0265
  0.0299  0.0277  0.0283  0.0285  0.0280  0.0274
  0.0361  0.0343  0.0313  0.0330  0.0315  0.0302
  0.0462  0.0429  0.0357  0.0388  0.0364  0.0341
niter,ni,del,rscale     3    3   12.0000    1.2000
parameters
   -0.2888   10.2742    6.9827   -7.3899   -0.7532   -2.6313
eta,q 0.97351 15.27543
  0.0467  0.0417  0.0362  0.0400  0.0364  0.0338
  0.0355  0.0345  0.0311  0.0318  0.0316  0.0304
  0.0280  0.0291  0.0275  0.0276  0.0282  0.0279
  0.0265  0.0265  0.0265  0.0265  0.0265  0.0265
  0.0298  0.0276  0.0282  0.0285  0.0280  0.0274
  0.0359  0.0341  0.0313  0.0330  0.0315  0.0302
  0.0460  0.0426  0.0357  0.0389  0.0365  0.0341
registration optimization eta report
parameter search radius
    6.0000    6.0000    6.0000    7.9350    6.0000    6.0000
100000*second partial in parameter space
       55.       43.       26.       20.       27.       20.
  0.0467  0.0417  0.0362  0.0400  0.0364  0.0338
  0.0355  0.0345  0.0311  0.0318  0.0316  0.0304
  0.0280  0.0291  0.0275  0.0276  0.0282  0.0279
  0.0265  0.0265  0.0265  0.0265  0.0265  0.0265
  0.0298  0.0276  0.0282  0.0285  0.0280  0.0274
  0.0359  0.0341  0.0313  0.0330  0.0315  0.0302
  0.0460  0.0426  0.0357  0.0389  0.0365  0.0341
   -0.2888   10.2742    6.9827   -7.3899   -0.7532   -2.6313
eta,q 0.97351 15.27543

---------------------------------------------------------------------
imgreg_4dfp /opt/freesurfer/average/711-2C_as_mni_average_305 /opt/freesurfer/average/711-2B_as_mni_average_305_mask talsrcimg_g11 none talsrcimg_to_711-2C_as_mni_average_305_t4 3335
---------------------------------------------------------------------

freesurfer imgreg_4dfp.c
/opt/freesurfer/average/711-2C_as_mni_average_305.4dfp.img
       256       256       256         1
  1.000000  1.000000  1.000000
orientation T byte_order littleendian
Reading image: /opt/freesurfer/average/711-2C_as_mni_average_305.4dfp.img
dimensions:      256       256       256
mmppix:       1.0000   -1.0000   -1.0000
center:     128.0000 -129.0000 -129.0000
/opt/freesurfer/average/711-2B_as_mni_average_305_mask.4dfp.img
       256       256       256         1
  1.000000  1.000000  1.000000
orientation T byte_order littleendian
Reading mask: /opt/freesurfer/average/711-2B_as_mni_average_305_mask.4dfp.img (2306576 pixels)
talsrcimg_g11.4dfp.img
       256       256       256         1
  1.000000  1.000000  1.000000
orientation T byte_order littleendian
Reading image: talsrcimg_g11.4dfp.img
dimensions:      256       256       256
mmppix:       1.0000   -1.0000   -1.0000
center:     128.0000 -129.0000 -129.0000
fimgreg.f
image alignment mode   3335 decimal      D07 hex
parameters
   -0.2888   10.2742    6.9827   -0.1141   -0.9274   -0.8392
    4.3839    1.8928   -4.5905   12.7887   -1.3146  -12.8610
eta,q 0.97404 15.26602
niter,ni,del,rscale     5    3    5.0000    1.2000
parameter  5  0.683307 ->  0.500000 qaram    1.1500
parameter 12  0.666484 ->  0.500000 qaram    1.1500
parameters
   -0.1824   10.8362    6.9302   -0.9118   -5.0674   -2.6648
    5.6908    2.3136   -3.2009   12.4224   -0.5689  -17.0010
eta,q 0.97593 14.93333
  0.0298  0.0303  0.0275  0.0281  0.0243  0.0257  0.0283  0.0293  0.0270  0.0271  0.0252  0.0243
  0.0278  0.0283  0.0265  0.0271  0.0243  0.0252  0.0266  0.0269  0.0258  0.0258  0.0249  0.0241
  0.0265  0.0268  0.0259  0.0263  0.0248  0.0249  0.0254  0.0253  0.0250  0.0249  0.0247  0.0242
  0.0260  0.0260  0.0258  0.0258  0.0259  0.0243  0.0248  0.0247  0.0246  0.0246  0.0246  0.0246
  0.0263  0.0258  0.0261  0.0259  0.0281  0.0248  0.0247  0.0249  0.0246  0.0249  0.0246  0.0251
  0.0274  0.0264  0.0267  0.0273  0.0316  0.0267  0.0253  0.0261  0.0249  0.0259  0.0247  0.0258
  0.0292  0.0276  0.0276  0.0306  0.0358  0.0311  0.0264  0.0284  0.0257  0.0279  0.0250  0.0267
niter,ni,del,rscale     6    3    5.0000    1.2000
parameters
   -0.0560   11.0286    6.1420    0.3999   -7.0581   -3.0878
    5.4637    2.2186   -3.1332   13.4093   -1.2608  -18.4714
eta,q 0.97653 14.89853
  0.0277  0.0270  0.0245  0.0267  0.0256  0.0252  0.0261  0.0279  0.0253  0.0268  0.0241  0.0245
  0.0258  0.0255  0.0240  0.0257  0.0242  0.0244  0.0247  0.0254  0.0243  0.0252  0.0237  0.0239
  0.0246  0.0245  0.0239  0.0248  0.0235  0.0240  0.0239  0.0240  0.0238  0.0241  0.0236  0.0235
  0.0241  0.0241  0.0241  0.0239  0.0236  0.0235  0.0236  0.0236  0.0236  0.0236  0.0235  0.0235
  0.0243  0.0242  0.0245  0.0234  0.0244  0.0231  0.0240  0.0241  0.0237  0.0236  0.0237  0.0239
  0.0253  0.0249  0.0251  0.0238  0.0265  0.0240  0.0250  0.0255  0.0243  0.0242  0.0239  0.0246
  0.0270  0.0262  0.0259  0.0257  0.0305  0.0268  0.0265  0.0282  0.0253  0.0255  0.0244  0.0255
niter,ni,del,rscale     5    3    5.0000    1.2000
parameters
   -0.0641   11.2324    5.9721    0.2018   -7.3625   -3.2102
    5.4805    2.3126   -3.0987   13.6828   -1.5595  -18.8444
eta,q 0.97647 14.87298
  0.0269  0.0264  0.0245  0.0259  0.0267  0.0253  0.0263  0.0280  0.0252  0.0262  0.0242  0.0249
  0.0250  0.0248  0.0238  0.0250  0.0251  0.0244  0.0248  0.0254  0.0242  0.0247  0.0237  0.0241
  0.0239  0.0238  0.0235  0.0241  0.0239  0.0240  0.0239  0.0240  0.0237  0.0238  0.0236  0.0237
  0.0235  0.0235  0.0235  0.0235  0.0235  0.0235  0.0235  0.0235  0.0235  0.0235  0.0235  0.0235
  0.0239  0.0236  0.0237  0.0233  0.0238  0.0230  0.0238  0.0240  0.0237  0.0237  0.0236  0.0238
  0.0250  0.0243  0.0241  0.0243  0.0249  0.0238  0.0248  0.0253  0.0242  0.0244  0.0238  0.0243
  0.0269  0.0255  0.0248  0.0271  0.0277  0.0263  0.0263  0.0277  0.0251  0.0258  0.0242  0.0252
niter,ni,del,rscale     4    3    5.0000    1.2000
parameters
   -0.0538   11.2966    5.9177    0.2125   -7.4225   -3.2638
    5.4900    2.3545   -3.0456   13.7449   -1.6272  -18.9486
eta,q 0.97646 14.86926
  0.0269  0.0261  0.0247  0.0260  0.0269  0.0253  0.0263  0.0280  0.0252  0.0260  0.0242  0.0250
  0.0251  0.0246  0.0240  0.0251  0.0252  0.0244  0.0248  0.0253  0.0242  0.0246  0.0238  0.0242
  0.0239  0.0238  0.0236  0.0242  0.0240  0.0240  0.0239  0.0239  0.0237  0.0237  0.0236  0.0237
  0.0235  0.0235  0.0235  0.0235  0.0235  0.0235  0.0235  0.0235  0.0235  0.0236  0.0235  0.0235
  0.0239  0.0238  0.0237  0.0233  0.0237  0.0230  0.0239  0.0240  0.0237  0.0237  0.0236  0.0237
  0.0250  0.0245  0.0241  0.0242  0.0248  0.0237  0.0248  0.0253  0.0242  0.0244  0.0238  0.0243
  0.0269  0.0258  0.0247  0.0269  0.0275  0.0262  0.0263  0.0278  0.0251  0.0259  0.0242  0.0251
niter,ni,del,rscale     3    3    5.0000    1.2000
parameters
   -0.0495   11.3141    5.8992    0.2149   -7.4389   -3.2761
    5.4911    2.3620   -3.0351   13.7695   -1.6531  -18.9809
eta,q 0.97645 14.86856
  0.0269  0.0260  0.0247  0.0260  0.0269  0.0253  0.0263  0.0280  0.0251  0.0260  0.0242  0.0250
  0.0251  0.0246  0.0240  0.0251  0.0253  0.0244  0.0248  0.0253  0.0242  0.0246  0.0238  0.0242
  0.0239  0.0238  0.0236  0.0243  0.0241  0.0240  0.0239  0.0239  0.0237  0.0237  0.0236  0.0237
  0.0235  0.0235  0.0236  0.0235  0.0235  0.0235  0.0235  0.0235  0.0236  0.0236  0.0235  0.0236
  0.0239  0.0238  0.0237  0.0234  0.0237  0.0230  0.0239  0.0240  0.0237  0.0237  0.0236  0.0237
  0.0251  0.0246  0.0241  0.0242  0.0248  0.0237  0.0248  0.0254  0.0242  0.0245  0.0238  0.0243
  0.0269  0.0259  0.0247  0.0269  0.0274  0.0261  0.0263  0.0278  0.0251  0.0260  0.0242  0.0250
registration optimization eta report
parameter search radius
    2.4000    2.4000    2.4000    7.2000    8.2800    7.2000
    7.2000    7.2000    7.2000    7.2000    7.2000    8.2800
100000*second partial in parameter space
       58.       41.       20.        6.        5.        5.
        5.        8.        3.        5.        1.        2.
  0.0269  0.0260  0.0247  0.0260  0.0269  0.0253  0.0263  0.0280  0.0251  0.0260  0.0242  0.0250
  0.0251  0.0246  0.0240  0.0251  0.0253  0.0244  0.0248  0.0253  0.0242  0.0246  0.0238  0.0242
  0.0239  0.0238  0.0236  0.0243  0.0241  0.0240  0.0239  0.0239  0.0237  0.0237  0.0236  0.0237
  0.0235  0.0235  0.0236  0.0235  0.0235  0.0235  0.0235  0.0235  0.0236  0.0236  0.0235  0.0236
  0.0239  0.0238  0.0237  0.0234  0.0237  0.0230  0.0239  0.0240  0.0237  0.0237  0.0236  0.0237
  0.0251  0.0246  0.0241  0.0242  0.0248  0.0237  0.0248  0.0254  0.0242  0.0245  0.0238  0.0243
  0.0269  0.0259  0.0247  0.0269  0.0274  0.0261  0.0263  0.0278  0.0251  0.0260  0.0242  0.0250
   -0.0495   11.3141    5.8992    0.2149   -7.4389   -3.2761
    5.4911    2.3620   -3.0351   13.7695   -1.6531  -18.9809
eta,q 0.97645 14.86856

---------------------------------------------------------------------
imgreg_4dfp /opt/freesurfer/average/711-2C_as_mni_average_305 /opt/freesurfer/average/711-2B_as_mni_average_305_mask talsrcimg_g11 none talsrcimg_to_711-2C_as_mni_average_305_t4 2311
---------------------------------------------------------------------

freesurfer imgreg_4dfp.c
/opt/freesurfer/average/711-2C_as_mni_average_305.4dfp.img
       256       256       256         1
  1.000000  1.000000  1.000000
orientation T byte_order littleendian
Reading image: /opt/freesurfer/average/711-2C_as_mni_average_305.4dfp.img
dimensions:      256       256       256
mmppix:       1.0000   -1.0000   -1.0000
center:     128.0000 -129.0000 -129.0000
/opt/freesurfer/average/711-2B_as_mni_average_305_mask.4dfp.img
       256       256       256         1
  1.000000  1.000000  1.000000
orientation T byte_order littleendian
Reading mask: /opt/freesurfer/average/711-2B_as_mni_average_305_mask.4dfp.img (2306576 pixels)
talsrcimg_g11.4dfp.img
       256       256       256         1
  1.000000  1.000000  1.000000
orientation T byte_order littleendian
Reading image: talsrcimg_g11.4dfp.img
dimensions:      256       256       256
mmppix:       1.0000   -1.0000   -1.0000
center:     128.0000 -129.0000 -129.0000
fimgreg.f
image alignment mode   2311 decimal      907 hex
parameters
   -0.0495   11.3141    5.8992    0.2149   -7.4389   -3.2762
    5.4911    2.3620   -3.0351   13.7695   -1.6531  -18.9809
eta,q 0.97645 14.86856
niter,ni,del,rscale     5    3    5.0000    0.8000
parameters
   -0.0452   11.2984    5.8382    1.4356   -6.8981   -1.7597
    5.5588    2.5553   -2.9127   13.8448   -1.2237  -19.1995
eta,q 0.97707 15.05584
  0.0251  0.0246  0.0240  0.0251  0.0248  0.0244  0.0243  0.0260  0.0237  0.0241  0.0236  0.0234
  0.0242  0.0240  0.0237  0.0245  0.0241  0.0240  0.0236  0.0242  0.0233  0.0234  0.0232  0.0231
  0.0237  0.0236  0.0236  0.0240  0.0236  0.0238  0.0231  0.0232  0.0230  0.0230  0.0230  0.0230
  0.0236  0.0235  0.0236  0.0235  0.0234  0.0233  0.0229  0.0229  0.0229  0.0229  0.0229  0.0229
  0.0237  0.0237  0.0236  0.0233  0.0234  0.0229  0.0231  0.0232  0.0230  0.0230  0.0230  0.0230
  0.0242  0.0240  0.0238  0.0235  0.0237  0.0230  0.0235  0.0240  0.0232  0.0233  0.0231  0.0232
  0.0251  0.0246  0.0241  0.0242  0.0243  0.0238  0.0243  0.0254  0.0237  0.0240  0.0234  0.0236
niter,ni,del,rscale     4    3    5.0000    0.7000
parameters
   -0.0306   11.2236    6.0102    1.3156   -6.8073   -1.6438
    5.5617    2.4368   -3.0371   13.8023   -1.1295  -19.0146
eta,q 0.97711 15.06032
  0.0243  0.0237  0.0237  0.0242  0.0239  0.0240  0.0240  0.0248  0.0234  0.0237  0.0234  0.0234
  0.0235  0.0232  0.0233  0.0236  0.0234  0.0237  0.0234  0.0237  0.0231  0.0232  0.0231  0.0231
  0.0231  0.0230  0.0230  0.0232  0.0230  0.0233  0.0230  0.0230  0.0229  0.0230  0.0229  0.0230
  0.0229  0.0229  0.0229  0.0229  0.0229  0.0229  0.0229  0.0229  0.0229  0.0229  0.0229  0.0229
  0.0231  0.0230  0.0230  0.0230  0.0230  0.0228  0.0230  0.0232  0.0230  0.0230  0.0229  0.0229
  0.0235  0.0234  0.0231  0.0235  0.0233  0.0233  0.0234  0.0239  0.0232  0.0232  0.0231  0.0231
  0.0242  0.0238  0.0234  0.0246  0.0238  0.0243  0.0240  0.0250  0.0235  0.0238  0.0233  0.0233
niter,ni,del,rscale     3    3    5.0000    0.6000
parameters
   -0.0419   11.1798    6.0465    1.4557   -6.7692   -1.3551
    5.5868    2.4201   -3.0367   13.7066   -1.1043  -19.0472
eta,q 0.97717 15.07994
  0.0239  0.0235  0.0234  0.0239  0.0236  0.0239  0.0236  0.0244  0.0233  0.0234  0.0232  0.0232
  0.0233  0.0231  0.0231  0.0235  0.0232  0.0236  0.0232  0.0235  0.0230  0.0231  0.0230  0.0230
  0.0230  0.0229  0.0229  0.0231  0.0230  0.0232  0.0229  0.0230  0.0229  0.0229  0.0229  0.0229
  0.0229  0.0229  0.0229  0.0229  0.0229  0.0229  0.0228  0.0228  0.0228  0.0228  0.0228  0.0228
  0.0230  0.0230  0.0229  0.0229  0.0229  0.0228  0.0229  0.0230  0.0229  0.0229  0.0229  0.0229
  0.0233  0.0232  0.0231  0.0232  0.0232  0.0231  0.0232  0.0236  0.0230  0.0231  0.0230  0.0230
  0.0239  0.0236  0.0233  0.0239  0.0235  0.0238  0.0236  0.0244  0.0233  0.0235  0.0232  0.0232
niter,ni,del,rscale     2    3    5.0000    0.5000
parameters
   -0.0470   11.1700    6.1247    1.5578   -6.8037   -1.0711
    5.5865    2.4039   -3.0438   13.6315   -1.0998  -19.0903
eta,q 0.97722 15.09413
  0.0235  0.0233  0.0232  0.0236  0.0233  0.0237  0.0233  0.0239  0.0231  0.0232  0.0230  0.0230
  0.0231  0.0230  0.0230  0.0232  0.0230  0.0234  0.0230  0.0233  0.0229  0.0229  0.0229  0.0229
  0.0229  0.0229  0.0229  0.0230  0.0229  0.0231  0.0228  0.0229  0.0228  0.0228  0.0228  0.0228
  0.0228  0.0228  0.0228  0.0228  0.0228  0.0228  0.0228  0.0228  0.0228  0.0228  0.0228  0.0228
  0.0229  0.0229  0.0229  0.0228  0.0229  0.0228  0.0228  0.0229  0.0228  0.0228  0.0228  0.0228
  0.0231  0.0230  0.0229  0.0231  0.0230  0.0230  0.0230  0.0233  0.0229  0.0230  0.0229  0.0229
  0.0235  0.0233  0.0231  0.0236  0.0233  0.0236  0.0234  0.0239  0.0231  0.0232  0.0230  0.0230
niter,ni,del,rscale     1    3    5.0000    0.4000
parameters
   -0.0536   11.1585    6.1945    1.6362   -6.8254   -0.8593
    5.5908    2.3842   -3.0268   13.5754   -1.0887  -19.0908
eta,q 0.97724 15.10429
  0.0232  0.0231  0.0231  0.0233  0.0231  0.0234  0.0231  0.0235  0.0230  0.0230  0.0229  0.0229
  0.0230  0.0229  0.0229  0.0230  0.0229  0.0232  0.0229  0.0231  0.0228  0.0229  0.0228  0.0228
  0.0228  0.0228  0.0228  0.0229  0.0228  0.0229  0.0228  0.0228  0.0228  0.0228  0.0228  0.0228
  0.0228  0.0228  0.0228  0.0228  0.0228  0.0228  0.0228  0.0228  0.0228  0.0228  0.0228  0.0228
  0.0228  0.0228  0.0228  0.0228  0.0228  0.0228  0.0228  0.0229  0.0228  0.0228  0.0228  0.0228
  0.0230  0.0229  0.0229  0.0230  0.0229  0.0230  0.0229  0.0231  0.0228  0.0229  0.0228  0.0228
  0.0232  0.0231  0.0230  0.0233  0.0231  0.0233  0.0231  0.0235  0.0230  0.0230  0.0229  0.0229
registration optimization eta report
parameter search radius
    0.8000    0.8000    0.8000    2.4000    2.4000    2.4000
    2.4000    2.4000    2.4000    2.4000    2.4000    2.4000
100000*second partial in parameter space
       71.       43.       36.        9.        5.       10.
        6.       13.        3.        5.        3.        3.
  0.0232  0.0231  0.0231  0.0233  0.0231  0.0234  0.0231  0.0235  0.0230  0.0230  0.0229  0.0229
  0.0230  0.0229  0.0229  0.0230  0.0229  0.0232  0.0229  0.0231  0.0228  0.0229  0.0228  0.0228
  0.0228  0.0228  0.0228  0.0229  0.0228  0.0229  0.0228  0.0228  0.0228  0.0228  0.0228  0.0228
  0.0228  0.0228  0.0228  0.0228  0.0228  0.0228  0.0228  0.0228  0.0228  0.0228  0.0228  0.0228
  0.0228  0.0228  0.0228  0.0228  0.0228  0.0228  0.0228  0.0229  0.0228  0.0228  0.0228  0.0228
  0.0230  0.0229  0.0229  0.0230  0.0229  0.0230  0.0229  0.0231  0.0228  0.0229  0.0228  0.0228
  0.0232  0.0231  0.0230  0.0233  0.0231  0.0233  0.0231  0.0235  0.0230  0.0230  0.0229  0.0229
   -0.0536   11.1585    6.1945    1.6362   -6.8254   -0.8593
    5.5908    2.3842   -3.0268   13.5754   -1.0887  -19.0908
eta,q 0.97724 15.10429

---------------------------------------------------------------------
imgreg_4dfp /opt/freesurfer/average/711-2C_as_mni_average_305 /opt/freesurfer/average/711-2B_as_mni_average_305_mask talsrcimg_g11 none talsrcimg_to_711-2C_as_mni_average_305_t4 2311
---------------------------------------------------------------------

freesurfer imgreg_4dfp.c
/opt/freesurfer/average/711-2C_as_mni_average_305.4dfp.img
       256       256       256         1
  1.000000  1.000000  1.000000
orientation T byte_order littleendian
Reading image: /opt/freesurfer/average/711-2C_as_mni_average_305.4dfp.img
dimensions:      256       256       256
mmppix:       1.0000   -1.0000   -1.0000
center:     128.0000 -129.0000 -129.0000
/opt/freesurfer/average/711-2B_as_mni_average_305_mask.4dfp.img
       256       256       256         1
  1.000000  1.000000  1.000000
orientation T byte_order littleendian
Reading mask: /opt/freesurfer/average/711-2B_as_mni_average_305_mask.4dfp.img (2306576 pixels)
talsrcimg_g11.4dfp.img
       256       256       256         1
  1.000000  1.000000  1.000000
orientation T byte_order littleendian
Reading image: talsrcimg_g11.4dfp.img
dimensions:      256       256       256
mmppix:       1.0000   -1.0000   -1.0000
center:     128.0000 -129.0000 -129.0000
fimgreg.f
image alignment mode   2311 decimal      907 hex
parameters
   -0.0536   11.1585    6.1945    1.6362   -6.8254   -0.8593
    5.5908    2.3842   -3.0268   13.5754   -1.0887  -19.0908
eta,q 0.97724 15.10429
niter,ni,del,rscale     5    3    5.0000    0.8000
parameters
   -0.0627   11.1709    6.3188    1.0627   -6.8881   -1.4899
    5.5565    2.3845   -3.1302   13.7007   -1.1298  -18.7118
eta,q 0.97709 15.04994
  0.0246  0.0239  0.0238  0.0242  0.0240  0.0240  0.0242  0.0254  0.0237  0.0241  0.0234  0.0236
  0.0236  0.0233  0.0232  0.0236  0.0233  0.0237  0.0235  0.0240  0.0232  0.0234  0.0231  0.0232
  0.0230  0.0229  0.0229  0.0230  0.0229  0.0232  0.0231  0.0231  0.0230  0.0230  0.0230  0.0230
  0.0228  0.0228  0.0228  0.0228  0.0228  0.0228  0.0229  0.0229  0.0229  0.0229  0.0229  0.0229
  0.0230  0.0229  0.0228  0.0230  0.0229  0.0230  0.0231  0.0232  0.0230  0.0230  0.0230  0.0229
  0.0236  0.0233  0.0231  0.0239  0.0233  0.0238  0.0235  0.0240  0.0233  0.0233  0.0231  0.0231
  0.0246  0.0239  0.0235  0.0257  0.0241  0.0256  0.0243  0.0254  0.0237  0.0240  0.0234  0.0234
niter,ni,del,rscale     4    3    5.0000    0.7000
parameters
   -0.0463   11.1363    6.1344    1.2899   -6.7506   -1.5149
    5.5862    2.4245   -3.0612   13.6804   -1.1333  -18.8546
eta,q 0.97713 15.06489
  0.0242  0.0237  0.0234  0.0243  0.0238  0.0240  0.0239  0.0250  0.0235  0.0237  0.0233  0.0233
  0.0235  0.0233  0.0231  0.0237  0.0233  0.0237  0.0234  0.0238  0.0231  0.0232  0.0231  0.0230
  0.0231  0.0230  0.0229  0.0232  0.0230  0.0233  0.0230  0.0231  0.0229  0.0230  0.0229  0.0229
  0.0229  0.0229  0.0229  0.0229  0.0229  0.0229  0.0229  0.0229  0.0229  0.0229  0.0229  0.0229
  0.0231  0.0230  0.0230  0.0229  0.0229  0.0228  0.0230  0.0231  0.0229  0.0229  0.0229  0.0229
  0.0235  0.0233  0.0233  0.0233  0.0232  0.0233  0.0233  0.0238  0.0231  0.0232  0.0231  0.0231
  0.0242  0.0238  0.0236  0.0242  0.0237  0.0244  0.0239  0.0248  0.0234  0.0238  0.0233  0.0233
niter,ni,del,rscale     3    3    5.0000    0.6000
parameters
   -0.0448   11.1540    6.1004    1.4393   -6.7581   -1.3037
    5.5854    2.4145   -3.0296   13.6651   -1.1179  -18.9788
eta,q 0.97718 15.08107
  0.0239  0.0235  0.0233  0.0239  0.0235  0.0238  0.0236  0.0244  0.0233  0.0234  0.0232  0.0231
  0.0233  0.0232  0.0231  0.0235  0.0232  0.0236  0.0232  0.0235  0.0230  0.0231  0.0230  0.0230
  0.0230  0.0229  0.0229  0.0231  0.0229  0.0232  0.0229  0.0230  0.0229  0.0229  0.0229  0.0228
  0.0229  0.0229  0.0229  0.0229  0.0229  0.0229  0.0228  0.0228  0.0228  0.0228  0.0228  0.0228
  0.0230  0.0229  0.0229  0.0229  0.0229  0.0228  0.0229  0.0230  0.0229  0.0229  0.0229  0.0229
  0.0233  0.0231  0.0231  0.0232  0.0231  0.0232  0.0232  0.0235  0.0230  0.0231  0.0230  0.0230
  0.0238  0.0235  0.0234  0.0239  0.0235  0.0239  0.0236  0.0244  0.0232  0.0235  0.0232  0.0232
niter,ni,del,rscale     2    3    5.0000    0.5000
parameters
   -0.0485   11.1592    6.1424    1.5499   -6.7864   -1.0598
    5.5891    2.4003   -3.0372   13.6158   -1.0978  -19.0532
eta,q 0.97722 15.09479
  0.0235  0.0233  0.0232  0.0236  0.0233  0.0237  0.0233  0.0239  0.0231  0.0232  0.0230  0.0230
  0.0231  0.0230  0.0230  0.0232  0.0230  0.0234  0.0230  0.0233  0.0229  0.0229  0.0229  0.0229
  0.0229  0.0229  0.0229  0.0230  0.0229  0.0231  0.0228  0.0229  0.0228  0.0228  0.0228  0.0228
  0.0228  0.0228  0.0228  0.0228  0.0228  0.0228  0.0228  0.0228  0.0228  0.0228  0.0228  0.0228
  0.0229  0.0229  0.0229  0.0228  0.0229  0.0228  0.0228  0.0229  0.0228  0.0228  0.0228  0.0228
  0.0231  0.0230  0.0230  0.0231  0.0230  0.0231  0.0230  0.0233  0.0229  0.0230  0.0229  0.0229
  0.0235  0.0232  0.0231  0.0236  0.0233  0.0236  0.0234  0.0239  0.0231  0.0232  0.0230  0.0230
niter,ni,del,rscale     1    3    5.0000    0.4000
parameters
   -0.0541   11.1559    6.2027    1.6265   -6.8189   -0.8453
    5.5904    2.3816   -3.0282   13.5664   -1.1046  -19.0774
eta,q 0.97724 15.10467
  0.0232  0.0231  0.0230  0.0233  0.0231  0.0234  0.0231  0.0235  0.0230  0.0230  0.0229  0.0229
  0.0230  0.0229  0.0229  0.0230  0.0229  0.0232  0.0229  0.0231  0.0228  0.0229  0.0228  0.0228
  0.0228  0.0228  0.0228  0.0229  0.0228  0.0229  0.0228  0.0228  0.0228  0.0228  0.0228  0.0228
  0.0228  0.0228  0.0228  0.0228  0.0228  0.0228  0.0228  0.0228  0.0228  0.0228  0.0228  0.0228
  0.0228  0.0228  0.0228  0.0228  0.0228  0.0228  0.0228  0.0229  0.0228  0.0228  0.0228  0.0228
  0.0230  0.0229  0.0229  0.0230  0.0229  0.0230  0.0229  0.0231  0.0228  0.0229  0.0228  0.0228
  0.0232  0.0231  0.0230  0.0233  0.0231  0.0233  0.0231  0.0235  0.0230  0.0230  0.0229  0.0229
registration optimization eta report
parameter search radius
    0.8000    0.8000    0.8000    2.4000    2.4000    2.4000
    2.4000    2.4000    2.4000    2.4000    2.4000    2.4000
100000*second partial in parameter space
       72.       44.       36.        9.        5.       10.
        6.       13.        3.        5.        3.        3.
  0.0232  0.0231  0.0230  0.0233  0.0231  0.0234  0.0231  0.0235  0.0230  0.0230  0.0229  0.0229
  0.0230  0.0229  0.0229  0.0230  0.0229  0.0232  0.0229  0.0231  0.0228  0.0229  0.0228  0.0228
  0.0228  0.0228  0.0228  0.0229  0.0228  0.0229  0.0228  0.0228  0.0228  0.0228  0.0228  0.0228
  0.0228  0.0228  0.0228  0.0228  0.0228  0.0228  0.0228  0.0228  0.0228  0.0228  0.0228  0.0228
  0.0228  0.0228  0.0228  0.0228  0.0228  0.0228  0.0228  0.0229  0.0228  0.0228  0.0228  0.0228
  0.0230  0.0229  0.0229  0.0230  0.0229  0.0230  0.0229  0.0231  0.0228  0.0229  0.0228  0.0228
  0.0232  0.0231  0.0230  0.0233  0.0231  0.0233  0.0231  0.0235  0.0230  0.0230  0.0229  0.0229
   -0.0541   11.1559    6.2027    1.6265   -6.8189   -0.8453
    5.5904    2.3816   -3.0282   13.5664   -1.1046  -19.0774
eta,q 0.97724 15.10467

---------------------------------------------------------------------
compute_vox2vox talsrcimg talsrcimg_to_711-2C_as_mni_average_305_t4 /opt/freesurfer/average/711-2C_as_mni_average_305
---------------------------------------------------------------------

freesurfer compute_vox2vox.c
Reading: talsrcimg.4dfp.ifh
Reading: talsrcimg_to_711-2C_as_mni_average_305_t4
Reading: /opt/freesurfer/average/711-2C_as_mni_average_305.4dfp.ifh
Writing: talsrcimg_to_711-2C_as_mni_average_305_t4_vox2vox.txt

start time Wed Mar 11 13:44:34 CET 2026
end		time Wed Mar 11 13:44:48 CET 2026

mpr2mni305 success

avi2talxfm orig_nu.mgz /opt/freesurfer/average/mni305.cor.mgz talsrcimg_to_711-2C_as_mni_average_305_t4_vox2vox.txt transforms/talairach.auto.xfm
avi2talxfm done
mv -f /out/sourcedata/freesurfer/sub-v2s18x29509_ses-1/mri/talsrcimg_to_711-2C_as_mni_average_305_t4_vox2vox.txt /out/sourcedata/freesurfer/sub-v2s18x29509_ses-1/mri/transforms/talsrcimg_to_711-2C_as_mni_average_305_t4_vox2vox.txt
lta_convert --src orig_nu.mgz --trg /opt/freesurfer/average/mni305.cor.mgz --inxfm transforms/talairach.auto.xfm --outlta transforms/talairach.auto.xfm.lta --subject fsaverage
7.3.2

--src: orig_nu.mgz src image (geometry).
--trg: /opt/freesurfer/average/mni305.cor.mgz trg image (geometry).
--inmni: transforms/talairach.auto.xfm input MNI/XFM transform.
--outlta: transforms/talairach.auto.xfm.lta output LTA.
--s: fsaverage subject name
 LTA read, type : 1
 0.98198  -0.01510  -0.06201   1.24525;
 0.01661   0.98079   0.19981  -47.04728;
 0.02949  -0.14329   1.04207  -1.21439;
 0.00000   0.00000   0.00000   1.00000;
setting subject to fsaverage
Writing  LTA to file transforms/talairach.auto.xfm.lta...
lta_convert successful.
 
 
Started at Wed Mar 11 13:44:33 CET 2026
Ended   at Wed Mar 11 13:44:48 CET 2026
talairach_avi done
