/out/sourcedata/freesurfer/sub-v2s18x29517_ses-1/mri
/opt/freesurfer/bin/talairach_avi
--i orig_nu.mgz --xfm transforms/talairach.auto.xfm
talairach_avi 7.3.2
Linux dna059 5.14.0-427.37.1.el9_4.x86_64 #1 SMP PREEMPT_DYNAMIC Fri Sep 13 12:41:50 EDT 2024 x86_64 x86_64 x86_64 GNU/Linux
Wed Mar 11 14:23:55 CET 2026
mri_convert orig_nu.mgz talsrcimg.img 
reading from orig_nu.mgz...
TR=0.00, TE=0.00, TI=0.00, flip angle=0.00
i_ras = (-1, 1.9171e-09, 0)
j_ras = (0, 0, -1)
k_ras = (-1.91721e-09, 1, 1.45519e-11)
writing to talsrcimg.img...
Analyze Output Matrix
-1.00000   0.00000  -0.00000   126.87393;
 0.00000   0.00000   1.00000  -91.86629;
 0.00000  -1.00000   0.00000   99.00371;
 0.00000   0.00000   0.00000   1.00000;
--------------------
INFO: set hdr.hist.orient to -1
mpr2mni305 talsrcimg
Wed Mar 11 14:23:55 CET 2026
/opt/freesurfer/bin/mpr2mni305 talsrcimg
mpr2mni305 7.3.2
target=711-2C_as_mni_average_305

---------------------------------------------------------------------
analyzeto4dfp talsrcimg -O0 -y
---------------------------------------------------------------------

freesurfer ifh2hdr.c
Wed Mar 11 14:23:55 2026
Writing: talsrcimg.4dfp.hdr
freesurfer analyzeto4dfp.c
Reading: talsrcimg.hdr
header size 348 bytes
hdr.dime.datatype	offset=70	value=2
hdr.dime.bitpix		offset=72	value=8
hdr.hist.orient		offset=252	value=-1
dimensionality     4
dimensions       256       256       256         1
Reading: talsrcimg.img
Writing: talsrcimg.4dfp.img
Writing: talsrcimg.4dfp.ifh
ifh2hdr talsrcimg -r0to207
ori=2

---------------------------------------------------------------------
gauss_4dfp talsrcimg 1.1
---------------------------------------------------------------------

freesurfer gauss_4dfp.c
Reading: talsrcimg.4dfp.img
Writing: talsrcimg_g11.4dfp.img
image dimensions 256 256 256 padded to 288 288 288
processing volume 1freesurfer ifh2hdr.c
Wed Mar 11 14:23:57 2026
Writing: talsrcimg_g11.4dfp.hdr

Writing: talsrcimg_g11.4dfp.ifh
including: talsrcimg.4dfp.img.rec in talsrcimg_g11.4dfp.img.rec

---------------------------------------------------------------------
imgreg_4dfp /opt/freesurfer/average/711-2C_as_mni_average_305 none talsrcimg_g11 none talsrcimg_to_711-2C_as_mni_average_305_t4 4355
---------------------------------------------------------------------

freesurfer imgreg_4dfp.c
/opt/freesurfer/average/711-2C_as_mni_average_305.4dfp.img
       256       256       256         1
  1.000000  1.000000  1.000000
orientation T byte_order littleendian
Reading image: /opt/freesurfer/average/711-2C_as_mni_average_305.4dfp.img
dimensions:      256       256       256
mmppix:       1.0000   -1.0000   -1.0000
center:     128.0000 -129.0000 -129.0000
talsrcimg_g11.4dfp.img
       256       256       256         1
  1.000000  1.000000  1.000000
orientation T byte_order littleendian
Reading image: talsrcimg_g11.4dfp.img
dimensions:      256       256       256
mmppix:       1.0000   -1.0000   -1.0000
center:     128.0000 -129.0000 -129.0000
t4_read: open error in t4_sub.f l:  41 t4_file(1:l)talsrcimg_to_711-2C_as_mni_average_305_t4 
t4_read: transform initialized to I4
rotation matrix determinant  1.000000
image alignment mode   4355 decimal     1103 hex
   -7.5000  -45.0000  -45.0000 5198.4038   22.7886
    0.0000  -45.0000  -45.0000 5408.7778   22.7740
    7.5000  -45.0000  -45.0000 5193.2002   22.7363
   -7.5000  -37.5000  -45.0000 5778.6802   21.9056
    0.0000  -37.5000  -45.0000 6008.9888   21.8953
    7.5000  -37.5000  -45.0000 5771.3608   21.8573
   -7.5000  -30.0000  -45.0000 6620.0820   21.2422
    0.0000  -30.0000  -45.0000 6891.5459   21.2370
    7.5000  -30.0000  -45.0000 6618.0645   21.2049
   -7.5000  -22.5000  -45.0000 7508.1221   20.6845
    0.0000  -22.5000  -45.0000 7857.0425   20.6875
    7.5000  -22.5000  -45.0000 7521.4355   20.6598
   -7.5000  -15.0000  -45.0000 8442.4697   20.2505
    0.0000  -15.0000  -45.0000 8844.0732   20.2537
    7.5000  -15.0000  -45.0000 8440.4346   20.2318
   -7.5000   -7.5000  -45.0000 9470.2617   20.1400
    0.0000   -7.5000  -45.0000 9931.6885   20.1361
    7.5000   -7.5000  -45.0000 9449.4180   20.1157
   -7.5000    0.0000  -45.000010500.9883   20.1412
    0.0000    0.0000  -45.000011005.6572   20.1318
    7.5000    0.0000  -45.000010464.1240   20.1099
   -7.5000    7.5000  -45.000010727.3135   20.1535
    0.0000    7.5000  -45.000011235.4287   20.1440
    7.5000    7.5000  -45.000010663.5000   20.1198
   -7.5000   15.0000  -45.000010709.8545   20.1548
    0.0000   15.0000  -45.000011245.7275   20.1500
    7.5000   15.0000  -45.000010647.0215   20.1249
   -7.5000   22.5000  -45.000010637.1670   20.1367
    0.0000   22.5000  -45.000011184.6064   20.1390
    7.5000   22.5000  -45.000010554.4531   20.1161
   -7.5000   30.0000  -45.000010474.8232   19.8588
    0.0000   30.0000  -45.000011003.2285   19.8618
    7.5000   30.0000  -45.000010394.1484   19.8417
   -7.5000   37.5000  -45.000010641.4316   19.8598
    0.0000   37.5000  -45.000011181.1074   19.8559
    7.5000   37.5000  -45.000010569.7168   19.8359
   -7.5000   45.0000  -45.000010373.1533   19.3682
    0.0000   45.0000  -45.000010899.2236   19.3591
    7.5000   45.0000  -45.000010306.3418   19.3381
   -7.5000  -45.0000  -37.5000 5504.2915   22.7972
    0.0000  -45.0000  -37.5000 5725.1035   22.7793
    7.5000  -45.0000  -37.5000 5499.7017   22.7468
   -7.5000  -37.5000  -37.5000 6105.2500   21.9129
    0.0000  -37.5000  -37.5000 6361.6240   21.8998
    7.5000  -37.5000  -37.5000 6108.4268   21.8652
   -7.5000  -30.0000  -37.5000 7011.9199   21.2563
    0.0000  -30.0000  -37.5000 7326.0635   21.2444
    7.5000  -30.0000  -37.5000 7008.8042   21.2087
   -7.5000  -22.5000  -37.5000 7980.2871   20.7078
    0.0000  -22.5000  -37.5000 8372.0137   20.6995
    7.5000  -22.5000  -37.5000 7973.9751   20.6629
   -7.5000  -15.0000  -37.5000 8983.6963   20.2732
    0.0000  -15.0000  -37.5000 9425.5010   20.2646
    7.5000  -15.0000  -37.5000 8973.4668   20.2342
   -7.5000   -7.5000  -37.500010067.7461   20.1513
    0.0000   -7.5000  -37.500010572.8467   20.1395
    7.5000   -7.5000  -37.500010047.4521   20.1171
   -7.5000    0.0000  -37.500011141.5850   20.1418
    0.0000    0.0000  -37.500011691.4590   20.1295
    7.5000    0.0000  -37.500011091.0752   20.1116
   -7.5000    7.5000  -37.500011398.3994   20.1550
    0.0000    7.5000  -37.500011933.4521   20.1430
    7.5000    7.5000  -37.500011298.8408   20.1215
   -7.5000   15.0000  -37.500011395.7646   20.1663
    0.0000   15.0000  -37.500011946.6172   20.1551
    7.5000   15.0000  -37.500011294.4541   20.1264
   -7.5000   22.5000  -37.500011324.5303   20.1582
    0.0000   22.5000  -37.500011873.5811   20.1499
    7.5000   22.5000  -37.500011198.6826   20.1184
   -7.5000   30.0000  -37.500011120.9443   19.8808
    0.0000   30.0000  -37.500011668.6387   19.8722
    7.5000   30.0000  -37.500010993.8936   19.8438
   -7.5000   37.5000  -37.500011265.8770   19.8709
    0.0000   37.5000  -37.500011834.9248   19.8593
    7.5000   37.5000  -37.500011143.2295   19.8372
   -7.5000   45.0000  -37.500010940.0742   19.3688
    0.0000   45.0000  -37.500011503.4512   19.3569
    7.5000   45.0000  -37.500010839.4004   19.3397
   -7.5000  -45.0000  -30.0000 5899.7334   23.7544
    0.0000  -45.0000  -30.0000 6151.5464   23.7344
    7.5000  -45.0000  -30.0000 5884.1904   23.7041
   -7.5000  -37.5000  -30.0000 6557.4414   22.8213
    0.0000  -37.5000  -30.0000 6853.5024   22.8032
    7.5000  -37.5000  -30.0000 6561.3633   22.7746
   -7.5000  -30.0000  -30.0000 7541.6465   22.1335
    0.0000  -30.0000  -30.0000 7895.3330   22.1122
    7.5000  -30.0000  -30.0000 7530.9248   22.0789
   -7.5000  -22.5000  -30.0000 8604.4072   21.5764
    0.0000  -22.5000  -30.0000 9007.5850   21.5554
    7.5000  -22.5000  -30.0000 8571.4678   21.5139
   -7.5000  -15.0000  -30.0000 9684.6621   21.1388
    0.0000  -15.0000  -30.000010158.4121   21.1194
    7.5000  -15.0000  -30.0000 9638.2510   21.0812
   -7.5000   -7.5000  -30.000010829.4805   21.0120
    0.0000   -7.5000  -30.000011370.4717   20.9945
    7.5000   -7.5000  -30.000010773.0410   20.9683
   -7.5000    0.0000  -30.000011975.9404   20.9917
    0.0000    0.0000  -30.000012533.4707   20.9769
    7.5000    0.0000  -30.000011863.5449   20.9615
   -7.5000    7.5000  -30.000012230.7178   20.9931
    0.0000    7.5000  -30.000012784.2988   20.9769
    7.5000    7.5000  -30.000012076.4365   20.9603
   -7.5000   15.0000  -30.000012222.6162   21.0028
    0.0000   15.0000  -30.000012793.0703   20.9828
    7.5000   15.0000  -30.000012080.3701   20.9558
   -7.5000   22.5000  -30.000012167.0547   21.0046
    0.0000   22.5000  -30.000012726.1240   20.9843
    7.5000   22.5000  -30.000011977.2529   20.9480
   -7.5000   30.0000  -30.000011953.0127   20.7319
    0.0000   30.0000  -30.000012520.9619   20.7129
    7.5000   30.0000  -30.000011740.3643   20.6768
   -7.5000   37.5000  -30.000012115.8389   20.7217
    0.0000   37.5000  -30.000012688.2832   20.7043
    7.5000   37.5000  -30.000011877.8213   20.6785
   -7.5000   45.0000  -30.000011736.1602   20.2009
    0.0000   45.0000  -30.000012320.0879   20.1867
    7.5000   45.0000  -30.000011539.0537   20.1718
   -7.5000  -45.0000  -22.5000 6286.0967   24.5586
    0.0000  -45.0000  -22.5000 6563.9902   24.5418
    7.5000  -45.0000  -22.5000 6274.3574   24.5101
   -7.5000  -37.5000  -22.5000 7003.0215   23.5819
    0.0000  -37.5000  -22.5000 7330.4194   23.5632
    7.5000  -37.5000  -22.5000 6994.4219   23.5397
   -7.5000  -30.0000  -22.5000 8062.1709   22.8597
    0.0000  -30.0000  -22.5000 8436.8711   22.8374
    7.5000  -30.0000  -22.5000 8038.7622   22.8131
   -7.5000  -22.5000  -22.5000 9201.1621   22.2896
    0.0000  -22.5000  -22.5000 9625.0986   22.2695
    7.5000  -22.5000  -22.5000 9150.3535   22.2349
   -7.5000  -15.0000  -22.500010357.5332   21.8541
    0.0000  -15.0000  -22.500010852.0908   21.8385
    7.5000  -15.0000  -22.500010303.4971   21.8035
   -7.5000   -7.5000  -22.500011591.6143   21.7367
    0.0000   -7.5000  -22.500012125.5107   21.7234
    7.5000   -7.5000  -22.500011502.5410   21.6971
   -7.5000    0.0000  -22.500012780.1758   21.7164
    0.0000    0.0000  -22.500013348.6621   21.7033
    7.5000    0.0000  -22.500012644.3857   21.6876
   -7.5000    7.5000  -22.500013006.5088   21.7024
    0.0000    7.5000  -22.500013559.7764   21.6857
    7.5000    7.5000  -22.500012837.7783   21.6733
   -7.5000   15.0000  -22.500013030.4307   21.6988
    0.0000   15.0000  -22.500013587.2871   21.6779
    7.5000   15.0000  -22.500012853.4902   21.6591
   -7.5000   22.5000  -22.500012988.6455   21.7015
    0.0000   22.5000  -22.500013551.3037   21.6821
    7.5000   22.5000  -22.500012745.6533   21.6529
   -7.5000   30.0000  -22.500012737.4434   21.4375
    0.0000   30.0000  -22.500013316.4785   21.4222
    7.5000   30.0000  -22.500012441.4941   21.3892
   -7.5000   37.5000  -22.500012932.3555   21.4397
    0.0000   37.5000  -22.500013505.4746   21.4265
    7.5000   37.5000  -22.500012589.4072   21.4006
   -7.5000   45.0000  -22.500012522.1025   20.9139
    0.0000   45.0000  -22.500013109.9707   20.9013
    7.5000   45.0000  -22.500012220.7344   20.8862
   -7.5000  -45.0000  -15.0000 6662.3374   25.1383
    0.0000  -45.0000  -15.0000 6954.5356   25.1259
    7.5000  -45.0000  -15.0000 6624.9668   25.0909
   -7.5000  -37.5000  -15.0000 7427.7773   24.1361
    0.0000  -37.5000  -15.0000 7766.2275   24.1211
    7.5000  -37.5000  -15.0000 7404.9819   24.0961
   -7.5000  -30.0000  -15.0000 8583.1299   23.3897
    0.0000  -30.0000  -15.0000 8975.7168   23.3748
    7.5000  -30.0000  -15.0000 8554.5566   23.3548
   -7.5000  -22.5000  -15.0000 9786.6592   22.7999
    0.0000  -22.5000  -15.000010247.1787   22.7919
    7.5000  -22.5000  -15.0000 9739.3047   22.7661
   -7.5000  -15.0000  -15.000011013.6836   22.3577
    0.0000  -15.0000  -15.000011518.3848   22.3555
    7.5000  -15.0000  -15.000010943.3682   22.3291
   -7.5000   -7.5000  -15.000012310.4746   22.2502
    0.0000   -7.5000  -15.000012865.8760   22.2461
    7.5000   -7.5000  -15.000012197.3994   22.2230
   -7.5000    0.0000  -15.000013516.1729   22.2381
    0.0000    0.0000  -15.000014115.7705   22.2288
    7.5000    0.0000  -15.000013380.0986   22.2110
   -7.5000    7.5000  -15.000013774.3955   22.2195
    0.0000    7.5000  -15.000014338.8271   22.2060
    7.5000    7.5000  -15.000013596.6006   22.1926
   -7.5000   15.0000  -15.000013888.9453   22.2046
    0.0000   15.0000  -15.000014482.5742   22.1909
    7.5000   15.0000  -15.000013671.8564   22.1763
   -7.5000   22.5000  -15.000013848.2441   22.1989
    0.0000   22.5000  -15.000014481.4912   22.1910
    7.5000   22.5000  -15.000013525.1455   22.1704
   -7.5000   30.0000  -15.000013564.8516   21.9352
    0.0000   30.0000  -15.000014138.6553   21.9328
    7.5000   30.0000  -15.000013127.9209   21.9083
   -7.5000   37.5000  -15.000013723.1211   21.9492
    0.0000   37.5000  -15.000014305.2900   21.9451
    7.5000   37.5000  -15.000013245.9805   21.9225
   -7.5000   45.0000  -15.000013291.1650   21.4294
    0.0000   45.0000  -15.000013860.9844   21.4204
    7.5000   45.0000  -15.000012866.5674   21.4033
   -7.5000  -45.0000   -7.5000 7007.2534   25.4370
    0.0000  -45.0000   -7.5000 7316.7007   25.4239
    7.5000  -45.0000   -7.5000 6985.7427   25.3831
   -7.5000  -37.5000   -7.5000 7858.2529   24.4363
    0.0000  -37.5000   -7.5000 8227.6963   24.4242
    7.5000  -37.5000   -7.5000 7846.0615   24.3887
   -7.5000  -30.0000   -7.5000 9100.8086   23.6847
    0.0000  -30.0000   -7.5000 9533.2803   23.6774
    7.5000  -30.0000   -7.5000 9066.5781   23.6505
   -7.5000  -22.5000   -7.500010366.9609   23.0713
    0.0000  -22.5000   -7.500010859.6396   23.0743
    7.5000  -22.5000   -7.500010292.7715   23.0494
   -7.5000  -15.0000   -7.500011661.9395   22.6066
    0.0000  -15.0000   -7.500012181.3848   22.6130
    7.5000  -15.0000   -7.500011543.4277   22.5912
   -7.5000   -7.5000   -7.500013039.1787   22.4966
    0.0000   -7.5000   -7.500013597.3018   22.4961
    7.5000   -7.5000   -7.500012867.5371   22.4742
   -7.5000    0.0000   -7.500014325.4619   22.4957
    0.0000    0.0000   -7.500014916.5752   22.4871
    7.5000    0.0000   -7.500014108.0176   22.4644
   -7.5000    7.5000   -7.500014639.9766   22.4917
    0.0000    7.5000   -7.500015205.7734   22.4808
    7.5000    7.5000   -7.500014380.2705   22.4592
   -7.5000   15.0000   -7.500014971.8936   22.4797
    0.0000   15.0000   -7.500015655.1484   22.4732
    7.5000   15.0000   -7.500014548.3447   22.4529
   -7.5000   22.5000   -7.500014969.6895   22.4576
    0.0000   22.5000   -7.500015665.4463   22.4599
    7.5000   22.5000   -7.500014391.1396   22.4402
   -7.5000   30.0000   -7.500014485.4434   22.1783
    0.0000   30.0000   -7.500015014.4453   22.1844
    7.5000   30.0000   -7.500013901.1904   22.1644
   -7.5000   37.5000   -7.500014595.8193   22.1917
    0.0000   37.5000   -7.500015102.9521   22.1912
    7.5000   37.5000   -7.500014037.7178   22.1696
   -7.5000   45.0000   -7.500014117.0479   21.6816
    0.0000   45.0000   -7.500014654.6514   21.6733
    7.5000   45.0000   -7.500013633.4248   21.6515
   -7.5000  -45.0000    0.0000 7278.1499   25.5011
    0.0000  -45.0000    0.0000 7608.2217   25.4847
    7.5000  -45.0000    0.0000 7260.6143   25.4425
   -7.5000  -37.5000    0.0000 8229.7646   24.5129
    0.0000  -37.5000    0.0000 8613.9219   24.5014
    7.5000  -37.5000    0.0000 8199.5293   24.4589
   -7.5000  -30.0000    0.0000 9558.2480   23.7706
    0.0000  -30.0000    0.000010023.1104   23.7648
    7.5000  -30.0000    0.0000 9490.3008   23.7288
   -7.5000  -22.5000    0.000010904.7920   23.1465
    0.0000  -22.5000    0.000011444.0537   23.1499
    7.5000  -22.5000    0.000010803.3057   23.1189
   -7.5000  -15.0000    0.000012236.0400   22.6608
    0.0000  -15.0000    0.000012801.9297   22.6645
    7.5000  -15.0000    0.000012086.2500   22.6399
   -7.5000   -7.5000    0.000013652.5391   22.5372
    0.0000   -7.5000    0.000014229.1445   22.5329
    7.5000   -7.5000    0.000013413.4492   22.5100
   -7.5000    0.0000    0.000015002.9170   22.5386
    0.0000    0.0000    0.000015584.7900   22.5280
    7.5000    0.0000    0.000014688.6211   22.5036
   -7.5000    7.5000    0.000015360.0596   22.5523
    0.0000    7.5000    0.000015950.8281   22.5417
    7.5000    7.5000    0.000014989.2266   22.5146
   -7.5000   15.0000    0.000015683.1250   22.5538
    0.0000   15.0000    0.000016491.0000   22.5484
    7.5000   15.0000    0.000015174.1113   22.5203
   -7.5000   22.5000    0.000015627.2041   22.5262
    0.0000   22.5000    0.000016358.9521   22.5287
    7.5000   22.5000    0.000015079.0137   22.5032
   -7.5000   30.0000    0.000015059.1113   22.2312
    0.0000   30.0000    0.000015521.4258   22.2346
    7.5000   30.0000    0.000014535.9863   22.2120
   -7.5000   37.5000    0.000015237.9043   22.2324
    0.0000   37.5000    0.000015657.3389   22.2280
    7.5000   37.5000    0.000014685.2842   22.2055
   -7.5000   45.0000    0.000014798.8135   21.7246
    0.0000   45.0000    0.000015285.5146   21.7144
    7.5000   45.0000    0.000014275.1123   21.6908
   -7.5000  -45.0000    7.5000 7033.9795   25.5107
    0.0000  -45.0000    7.5000 7363.1943   25.4907
    7.5000  -45.0000    7.5000 7012.4126   25.4543
   -7.5000  -37.5000    7.5000 7967.7954   24.5212
    0.0000  -37.5000    7.5000 8338.5986   24.5065
    7.5000  -37.5000    7.5000 7911.9526   24.4677
   -7.5000  -30.0000    7.5000 9257.2480   23.7864
    0.0000  -30.0000    7.5000 9715.9268   23.7731
    7.5000  -30.0000    7.5000 9167.0605   23.7332
   -7.5000  -22.5000    7.500010568.9658   23.1725
    0.0000  -22.5000    7.500011106.1572   23.1633
    7.5000  -22.5000    7.500010460.3994   23.1223
   -7.5000  -15.0000    7.500011835.6953   22.6863
    0.0000  -15.0000    7.500012422.8154   22.6767
    7.5000  -15.0000    7.500011702.1494   22.6427
   -7.5000   -7.5000    7.500013138.7734   22.5498
    0.0000   -7.5000    7.500013771.4150   22.5367
    7.5000   -7.5000    7.500012953.2705   22.5116
   -7.5000    0.0000    7.500014375.6318   22.5392
    0.0000    0.0000    7.500015009.8164   22.5255
    7.5000    0.0000    7.500014154.5830   22.5054
   -7.5000    7.5000    7.500014708.5918   22.5540
    0.0000    7.5000    7.500015339.6230   22.5406
    7.5000    7.5000    7.500014411.4326   22.5165
   -7.5000   15.0000    7.500014966.5020   22.5666
    0.0000   15.0000    7.500015831.2969   22.5541
    7.5000   15.0000    7.500014628.2451   22.5219
   -7.5000   22.5000    7.500014991.9639   22.5503
    0.0000   22.5000    7.500015789.8086   22.5410
    7.5000   22.5000    7.500014662.9600   22.5057
   -7.5000   30.0000    7.500014668.2881   22.2558
    0.0000   30.0000    7.500015234.8428   22.2462
    7.5000   30.0000    7.500014291.3613   22.2144
   -7.5000   37.5000    7.500014892.3418   22.2448
    0.0000   37.5000    7.500015403.4551   22.2317
    7.5000   37.5000    7.500014380.9141   22.2070
   -7.5000   45.0000    7.500014428.3672   21.7252
    0.0000   45.0000    7.500014983.1846   21.7120
    7.5000   45.0000    7.500013905.3350   21.6926
   -7.5000  -45.0000   15.0000 6652.6484   25.5083
    0.0000  -45.0000   15.0000 6982.5298   25.4869
    7.5000  -45.0000   15.0000 6586.2900   25.4543
   -7.5000  -37.5000   15.0000 7544.6870   24.5063
    0.0000  -37.5000   15.0000 7930.8320   24.4869
    7.5000  -37.5000   15.0000 7470.6758   24.4561
   -7.5000  -30.0000   15.0000 8818.0000   23.7678
    0.0000  -30.0000   15.0000 9265.0273   23.7449
    7.5000  -30.0000   15.0000 8708.9170   23.7091
   -7.5000  -22.5000   15.000010101.8965   23.1695
    0.0000  -22.5000   15.000010597.6143   23.1470
    7.5000  -22.5000   15.0000 9977.3467   23.1024
   -7.5000  -15.0000   15.000011303.0898   22.6996
    0.0000  -15.0000   15.000011825.0938   22.6788
    7.5000  -15.0000   15.000011166.4062   22.6378
   -7.5000   -7.5000   15.000012487.6953   22.5635
    0.0000   -7.5000   15.000013084.6807   22.5446
    7.5000   -7.5000   15.000012373.3711   22.5165
   -7.5000    0.0000   15.000013622.1240   22.5417
    0.0000    0.0000   15.000014286.0586   22.5258
    7.5000    0.0000   15.000013532.6553   22.5092
   -7.5000    7.5000   15.000013899.0010   22.5432
    0.0000    7.5000   15.000014674.7754   22.5257
    7.5000    7.5000   15.000013788.1973   22.5079
   -7.5000   15.0000   15.000014076.5654   22.5535
    0.0000   15.0000   15.000015076.8809   22.5320
    7.5000   15.0000   15.000013968.2764   22.5030
   -7.5000   22.5000   15.000014065.3809   22.5505
    0.0000   22.5000   15.000015101.2236   22.5287
    7.5000   22.5000   15.000013987.1182   22.4898
   -7.5000   30.0000   15.000013841.0049   22.2692
    0.0000   30.0000   15.000014866.6631   22.2487
    7.5000   30.0000   15.000013740.6797   22.2100
   -7.5000   37.5000   15.000014078.9248   22.2582
    0.0000   37.5000   15.000015056.4277   22.2396
    7.5000   37.5000   15.000013876.8994   22.2119
   -7.5000   45.0000   15.000013650.1201   21.7276
    0.0000   45.0000   15.000014472.6396   21.7123
    7.5000   45.0000   15.000013346.3574   21.6963
   -7.5000  -45.0000   22.5000 6267.6675   25.5093
    0.0000  -45.0000   22.5000 6563.1816   25.4917
    7.5000  -45.0000   22.5000 6181.5645   25.4584
   -7.5000  -37.5000   22.5000 7088.2134   24.4942
    0.0000  -37.5000   22.5000 7432.8755   24.4746
    7.5000  -37.5000   22.5000 6987.4688   24.4499
   -7.5000  -30.0000   22.5000 8248.9980   23.7437
    0.0000  -30.0000   22.5000 8649.1436   23.7203
    7.5000  -30.0000   22.5000 8137.0591   23.6948
   -7.5000  -22.5000   22.5000 9419.7285   23.1512
    0.0000  -22.5000   22.5000 9878.0977   23.1300
    7.5000  -22.5000   22.5000 9318.0020   23.0940
   -7.5000  -15.0000   22.500010566.3135   22.6986
    0.0000  -15.0000   22.500011075.6562   22.6822
    7.5000  -15.0000   22.500010473.2480   22.6456
   -7.5000   -7.5000   22.500011733.4941   22.5765
    0.0000   -7.5000   22.500012332.0049   22.5626
    7.5000   -7.5000   22.500011651.8301   22.5350
   -7.5000    0.0000   22.500012828.4883   22.5554
    0.0000    0.0000   22.500013519.6533   22.5417
    7.5000    0.0000   22.500012775.0654   22.5251
   -7.5000    7.5000   22.500013082.7598   22.5410
    0.0000    7.5000   22.500013876.4746   22.5234
    7.5000    7.5000   22.500013023.3057   22.5103
   -7.5000   15.0000   22.500013171.7393   22.5372
    0.0000   15.0000   22.500014024.4541   22.5154
    7.5000   15.0000   22.500013094.0117   22.4956
   -7.5000   22.5000   22.500013080.0781   22.5366
    0.0000   22.5000   22.500013869.0127   22.5163
    7.5000   22.5000   22.500012979.2891   22.4857
   -7.5000   30.0000   22.500012819.9766   22.2690
    0.0000   30.0000   22.500013549.5674   22.2528
    7.5000   30.0000   22.500012699.2441   22.2184
   -7.5000   37.5000   22.500013012.3672   22.2712
    0.0000   37.5000   22.500013733.5166   22.2573
    7.5000   37.5000   22.500012852.1611   22.2302
   -7.5000   45.0000   22.500012693.2002   21.7408
    0.0000   45.0000   22.500013387.4561   21.7276
    7.5000   45.0000   22.500012479.4736   21.7116
   -7.5000  -45.0000   30.0000 5771.5801   25.6363
    0.0000  -45.0000   30.0000 6072.8491   25.6233
    7.5000  -45.0000   30.0000 5689.9370   25.5857
   -7.5000  -37.5000   30.0000 6518.0850   24.6155
    0.0000  -37.5000   30.0000 6865.6055   24.5998
    7.5000  -37.5000   30.0000 6438.2593   24.5726
   -7.5000  -30.0000   30.0000 7585.2100   23.8529
    0.0000  -30.0000   30.0000 7978.4556   23.8372
    7.5000  -30.0000   30.0000 7512.6836   23.8154
   -7.5000  -22.5000   30.0000 8682.1924   23.2482
    0.0000  -22.5000   30.0000 9129.1152   23.2397
    7.5000  -22.5000   30.0000 8622.4980   23.2121
   -7.5000  -15.0000   30.0000 9745.4941   22.7947
    0.0000  -15.0000   30.000010246.7744   22.7922
    7.5000  -15.0000   30.0000 9697.6016   22.7639
   -7.5000   -7.5000   30.000010862.6855   22.6848
    0.0000   -7.5000   30.000011372.5762   22.6803
    7.5000   -7.5000   30.000010792.4258   22.6554
   -7.5000    0.0000   30.000011901.1416   22.6729
    0.0000    0.0000   30.000012439.6152   22.6630
    7.5000    0.0000   30.000011820.4043   22.6434
   -7.5000    7.5000   30.000012101.7959   22.6539
    0.0000    7.5000   30.000012664.3359   22.6397
    7.5000    7.5000   30.000012040.8174   22.6246
   -7.5000   15.0000   30.000012118.3174   22.6383
    0.0000   15.0000   30.000012685.2168   22.6239
    7.5000   15.0000   30.000012069.6240   22.6078
   -7.5000   22.5000   30.000011975.0117   22.6296
    0.0000   22.5000   30.000012495.7764   22.6213
    7.5000   22.5000   30.000011920.9072   22.5989
   -7.5000   30.0000   30.000011707.6201   22.3631
    0.0000   30.0000   30.000012224.1260   22.3604
    7.5000   30.0000   30.000011637.7207   22.3342
   -7.5000   37.5000   30.000011854.3945   22.3779
    0.0000   37.5000   30.000012398.8740   22.3734
    7.5000   37.5000   30.000011774.7617   22.3489
   -7.5000   45.0000   30.000011582.2871   21.8541
    0.0000   45.0000   30.000012079.4922   21.8445
    7.5000   45.0000   30.000011460.2217   21.8256
   -7.5000  -45.0000   37.5000 5506.1533   26.1169
    0.0000  -45.0000   37.5000 5778.9233   26.1035
    7.5000  -45.0000   37.5000 5428.1172   26.0578
   -7.5000  -37.5000   37.5000 6233.3130   25.0792
    0.0000  -37.5000   37.5000 6539.9595   25.0666
    7.5000  -37.5000   37.5000 6157.9941   25.0263
   -7.5000  -30.0000   37.5000 7233.8022   24.2992
    0.0000  -30.0000   37.5000 7577.2412   24.2917
    7.5000  -30.0000   37.5000 7183.2642   24.2609
   -7.5000  -22.5000   37.5000 8282.9561   23.6642
    0.0000  -22.5000   37.5000 8677.3340   23.6675
    7.5000  -22.5000   37.5000 8246.3330   23.6393
   -7.5000  -15.0000   37.5000 9308.1328   23.1845
    0.0000  -15.0000   37.5000 9744.8652   23.1913
    7.5000  -15.0000   37.5000 9277.7861   23.1666
   -7.5000   -7.5000   37.500010367.1104   23.0700
    0.0000   -7.5000   37.500010843.1895   23.0695
    7.5000   -7.5000   37.500010331.5469   23.0445
   -7.5000    0.0000   37.500011393.8193   23.0691
    0.0000    0.0000   37.500011914.1992   23.0598
    7.5000    0.0000   37.500011356.5859   23.0337
   -7.5000    7.5000   37.500011570.5332   23.0636
    0.0000    7.5000   37.500012091.6602   23.0519
    7.5000    7.5000   37.500011557.3506   23.0266
   -7.5000   15.0000   37.500011557.5039   23.0498
    0.0000   15.0000   37.500012098.3584   23.0429
    7.5000   15.0000   37.500011557.6865   23.0191
   -7.5000   22.5000   37.500011397.9688   23.0272
    0.0000   22.5000   37.500011933.5967   23.0297
    7.5000   22.5000   37.500011396.0400   23.0070
   -7.5000   30.0000   37.500011126.5537   22.7427
    0.0000   30.0000   37.500011650.1709   22.7491
    7.5000   30.0000   37.500011105.8613   22.7264
   -7.5000   37.5000   37.500011281.3418   22.7577
    0.0000   37.5000   37.500011810.1465   22.7571
    7.5000   37.5000   37.500011224.1182   22.7325
   -7.5000   45.0000   37.500011046.2578   22.2360
    0.0000   45.0000   37.500011545.8164   22.2270
    7.5000   45.0000   37.500010955.5117   22.2018
   -7.5000  -45.0000   45.0000 5006.6787   26.6728
    0.0000  -45.0000   45.0000 5262.3389   26.6564
    7.5000  -45.0000   45.0000 4930.4424   26.6058
   -7.5000  -37.5000   45.0000 5667.3608   25.6074
    0.0000  -37.5000   45.0000 5937.8618   25.5963
    7.5000  -37.5000   45.0000 5608.3306   25.5453
   -7.5000  -30.0000   45.0000 6588.4536   24.8114
    0.0000  -30.0000   45.0000 6903.2759   24.8072
    7.5000  -30.0000   45.0000 6553.6255   24.7638
   -7.5000  -22.5000   45.0000 7527.1514   24.1480
    0.0000  -22.5000   45.0000 7889.3398   24.1540
    7.5000  -22.5000   45.0000 7515.1523   24.1167
   -7.5000  -15.0000   45.0000 8463.5010   23.6341
    0.0000  -15.0000   45.0000 8860.4551   23.6398
    7.5000  -15.0000   45.0000 8441.2910   23.6101
   -7.5000   -7.5000   45.0000 9436.6426   23.4999
    0.0000   -7.5000   45.0000 9895.3389   23.4960
    7.5000   -7.5000   45.0000 9413.5615   23.4681
   -7.5000    0.0000   45.000010414.2090   23.5001
    0.0000    0.0000   45.000010908.7754   23.4888
    7.5000    0.0000   45.000010371.9834   23.4584
   -7.5000    7.5000   45.000010552.7871   23.5118
    0.0000    7.5000   45.000011061.7715   23.5009
    7.5000    7.5000   45.000010538.1748   23.4671
   -7.5000   15.0000   45.000010534.4541   23.5118
    0.0000   15.0000   45.000011047.1152   23.5076
    7.5000   15.0000   45.000010533.8203   23.4729
   -7.5000   22.5000   45.000010375.6172   23.4843
    0.0000   22.5000   45.000010894.0518   23.4891
    7.5000   22.5000   45.000010374.8906   23.4579
   -7.5000   30.0000   45.000010135.2090   23.1770
    0.0000   30.0000   45.000010610.8809   23.1823
    7.5000   30.0000   45.000010106.7451   23.1549
   -7.5000   37.5000   45.000010272.0840   23.1793
    0.0000   37.5000   45.000010749.9551   23.1754
    7.5000   37.5000   45.000010228.5654   23.1479
   -7.5000   45.0000   45.000010061.4160   22.6616
    0.0000   45.0000   45.000010520.4834   22.6507
    7.5000   45.0000   45.0000 9995.3799   22.6214

---------------------------------------------------------------------
imgreg_4dfp /opt/freesurfer/average/711-2C_as_mni_average_305 /opt/freesurfer/average/711-2B_as_mni_average_305_mask talsrcimg_g11 none talsrcimg_to_711-2C_as_mni_average_305_t4 4355
---------------------------------------------------------------------

freesurfer imgreg_4dfp.c
/opt/freesurfer/average/711-2C_as_mni_average_305.4dfp.img
       256       256       256         1
  1.000000  1.000000  1.000000
orientation T byte_order littleendian
Reading image: /opt/freesurfer/average/711-2C_as_mni_average_305.4dfp.img
dimensions:      256       256       256
mmppix:       1.0000   -1.0000   -1.0000
center:     128.0000 -129.0000 -129.0000
/opt/freesurfer/average/711-2B_as_mni_average_305_mask.4dfp.img
       256       256       256         1
  1.000000  1.000000  1.000000
orientation T byte_order littleendian
Reading mask: /opt/freesurfer/average/711-2B_as_mni_average_305_mask.4dfp.img (2306576 pixels)
talsrcimg_g11.4dfp.img
       256       256       256         1
  1.000000  1.000000  1.000000
orientation T byte_order littleendian
Reading image: talsrcimg_g11.4dfp.img
dimensions:      256       256       256
mmppix:       1.0000   -1.0000   -1.0000
center:     128.0000 -129.0000 -129.0000
rotation matrix determinant  1.000000
image alignment mode   4355 decimal     1103 hex
   -7.5000  -30.0000  -45.0000 1783.7070   33.3079
    0.0000  -30.0000  -45.0000 1791.5796   33.1985
    7.5000  -30.0000  -45.0000 1787.3604   33.2529
   -7.5000  -22.5000  -45.0000 1906.9301   29.0762
    0.0000  -22.5000  -45.0000 1920.1589   29.0120
    7.5000  -22.5000  -45.0000 1913.6677   29.0626
   -7.5000  -15.0000  -45.0000 2023.9043   25.8143
    0.0000  -15.0000  -45.0000 2035.3348   25.7565
    7.5000  -15.0000  -45.0000 2023.6903   25.8164
   -7.5000   -7.5000  -45.0000 2131.5854   23.3397
    0.0000   -7.5000  -45.0000 2143.9880   23.2582
    7.5000   -7.5000  -45.0000 2133.2954   23.3032
   -7.5000    0.0000  -45.0000 2223.9417   21.4219
    0.0000    0.0000  -45.0000 2237.2051   21.3754
    7.5000    0.0000  -45.0000 2227.7566   21.4082
   -7.5000    7.5000  -45.0000 2287.5332   20.1065
    0.0000    7.5000  -45.0000 2303.1060   20.0837
    7.5000    7.5000  -45.0000 2287.0056   20.0509
   -7.5000   15.0000  -45.0000 2312.3293   19.1417
    0.0000   15.0000  -45.0000 2333.4578   19.1493
    7.5000   15.0000  -45.0000 2317.3547   19.1451
   -7.5000   22.5000  -45.0000 2328.1602   18.6354
    0.0000   22.5000  -45.0000 2352.7671   18.6496
    7.5000   22.5000  -45.0000 2334.5349   18.6482
   -7.5000   30.0000  -45.0000 2333.9082   18.4475
    0.0000   30.0000  -45.0000 2355.3347   18.4314
    7.5000   30.0000  -45.0000 2340.5337   18.4457
   -7.5000   37.5000  -45.0000 2325.5227   18.5192
    0.0000   37.5000  -45.0000 2350.7361   18.5235
    7.5000   37.5000  -45.0000 2333.9702   18.5554
   -7.5000   45.0000  -45.0000 2307.2776   19.0920
    0.0000   45.0000  -45.0000 2329.5437   19.1030
    7.5000   45.0000  -45.0000 2314.2898   19.1510
   -7.5000   52.5000  -45.0000 2244.4812   19.8966
    0.0000   52.5000  -45.0000 2264.9402   19.9118
    7.5000   52.5000  -45.0000 2252.1301   19.9299
   -7.5000   60.0000  -45.0000 2130.7551   20.8536
    0.0000   60.0000  -45.0000 2154.6016   20.8115
    7.5000   60.0000  -45.0000 2137.4924   20.8305
   -7.5000  -30.0000  -37.5000 1841.1119   30.9469
    0.0000  -30.0000  -37.5000 1851.5856   30.9941
    7.5000  -30.0000  -37.5000 1852.7723   31.0028
   -7.5000  -22.5000  -37.5000 1972.1232   27.1686
    0.0000  -22.5000  -37.5000 1986.1174   27.2145
    7.5000  -22.5000  -37.5000 1983.2311   27.1316
   -7.5000  -15.0000  -37.5000 2097.5427   24.1861
    0.0000  -15.0000  -37.5000 2109.1921   24.1960
    7.5000  -15.0000  -37.5000 2103.7395   24.0887
   -7.5000   -7.5000  -37.5000 2209.0640   21.8080
    0.0000   -7.5000  -37.5000 2228.1907   21.7903
    7.5000   -7.5000  -37.5000 2215.4485   21.7389
   -7.5000    0.0000  -37.5000 2303.8362   19.9324
    0.0000    0.0000  -37.5000 2324.2009   19.8651
    7.5000    0.0000  -37.5000 2308.1167   19.8871
   -7.5000    7.5000  -37.5000 2377.2583   18.6587
    0.0000    7.5000  -37.5000 2394.0068   18.5766
    7.5000    7.5000  -37.5000 2373.1797   18.5919
   -7.5000   15.0000  -37.5000 2411.3137   17.8268
    0.0000   15.0000  -37.5000 2433.2363   17.7722
    7.5000   15.0000  -37.5000 2414.0281   17.7486
   -7.5000   22.5000  -37.5000 2438.2488   17.3271
    0.0000   22.5000  -37.5000 2456.7095   17.2890
    7.5000   22.5000  -37.5000 2437.1443   17.2919
   -7.5000   30.0000  -37.5000 2443.5413   17.0808
    0.0000   30.0000  -37.5000 2461.6897   17.0424
    7.5000   30.0000  -37.5000 2444.1553   17.0785
   -7.5000   37.5000  -37.5000 2430.5295   17.1755
    0.0000   37.5000  -37.5000 2455.2368   17.1441
    7.5000   37.5000  -37.5000 2436.0996   17.2068
   -7.5000   45.0000  -37.5000 2409.2131   17.6639
    0.0000   45.0000  -37.5000 2433.3789   17.6394
    7.5000   45.0000  -37.5000 2415.1729   17.7198
   -7.5000   52.5000  -37.5000 2343.2495   18.4268
    0.0000   52.5000  -37.5000 2366.3003   18.4459
    7.5000   52.5000  -37.5000 2347.0176   18.4607
   -7.5000   60.0000  -37.5000 2225.3848   19.3044
    0.0000   60.0000  -37.5000 2248.5032   19.3168
    7.5000   60.0000  -37.5000 2231.0327   19.3268
   -7.5000  -30.0000  -30.0000 1924.4471   29.9974
    0.0000  -30.0000  -30.0000 1938.6650   29.9992
    7.5000  -30.0000  -30.0000 1933.5559   29.9959
   -7.5000  -22.5000  -30.0000 2064.5171   26.3356
    0.0000  -22.5000  -30.0000 2080.2759   26.2873
    7.5000  -22.5000  -30.0000 2071.2314   26.2309
   -7.5000  -15.0000  -30.0000 2199.4690   23.4480
    0.0000  -15.0000  -30.0000 2214.3804   23.3031
    7.5000  -15.0000  -30.0000 2201.2034   23.2862
   -7.5000   -7.5000  -30.0000 2318.6572   21.1370
    0.0000   -7.5000  -30.0000 2340.3218   21.0296
    7.5000   -7.5000  -30.0000 2319.5452   21.0142
   -7.5000    0.0000  -30.0000 2421.8303   19.3510
    0.0000    0.0000  -30.0000 2438.3406   19.2211
    7.5000    0.0000  -30.0000 2417.5024   19.1899
   -7.5000    7.5000  -30.0000 2497.5559   18.0001
    0.0000    7.5000  -30.0000 2513.6814   17.9032
    7.5000    7.5000  -30.0000 2491.2412   17.8729
   -7.5000   15.0000  -30.0000 2541.4253   17.1747
    0.0000   15.0000  -30.0000 2564.1013   17.0532
    7.5000   15.0000  -30.0000 2543.6108   17.0510
   -7.5000   22.5000  -30.0000 2581.0974   16.6513
    0.0000   22.5000  -30.0000 2597.0735   16.5305
    7.5000   22.5000  -30.0000 2573.2576   16.5827
   -7.5000   30.0000  -30.0000 2595.4919   16.3890
    0.0000   30.0000  -30.0000 2610.7834   16.2818
    7.5000   30.0000  -30.0000 2589.8752   16.3330
   -7.5000   37.5000  -30.0000 2585.6135   16.5183
    0.0000   37.5000  -30.0000 2607.3689   16.4663
    7.5000   37.5000  -30.0000 2580.0107   16.5320
   -7.5000   45.0000  -30.0000 2557.1416   16.9814
    0.0000   45.0000  -30.0000 2584.9949   16.9398
    7.5000   45.0000  -30.0000 2557.8086   17.0337
   -7.5000   52.5000  -30.0000 2488.8105   17.7008
    0.0000   52.5000  -30.0000 2514.5181   17.6794
    7.5000   52.5000  -30.0000 2486.0996   17.7521
   -7.5000   60.0000  -30.0000 2358.0791   18.5227
    0.0000   60.0000  -30.0000 2384.1938   18.5229
    7.5000   60.0000  -30.0000 2360.5920   18.5538
   -7.5000  -30.0000  -22.5000 1977.1445   29.1279
    0.0000  -30.0000  -22.5000 1996.8414   29.0489
    7.5000  -30.0000  -22.5000 1987.3087   29.0056
   -7.5000  -22.5000  -22.5000 2128.8789   25.4769
    0.0000  -22.5000  -22.5000 2146.6987   25.2879
    7.5000  -22.5000  -22.5000 2134.1272   25.3718
   -7.5000  -15.0000  -22.5000 2268.7654   22.6163
    0.0000  -15.0000  -22.5000 2289.5073   22.4141
    7.5000  -15.0000  -22.5000 2270.7412   22.4517
   -7.5000   -7.5000  -22.5000 2394.2632   20.3890
    0.0000   -7.5000  -22.5000 2415.7415   20.1705
    7.5000   -7.5000  -22.5000 2397.4573   20.2529
   -7.5000    0.0000  -22.5000 2500.8450   18.6094
    0.0000    0.0000  -22.5000 2521.3867   18.4254
    7.5000    0.0000  -22.5000 2499.6506   18.4860
   -7.5000    7.5000  -22.5000 2585.5000   17.2864
    0.0000    7.5000  -22.5000 2605.4043   17.1432
    7.5000    7.5000  -22.5000 2584.8257   17.1699
   -7.5000   15.0000  -22.5000 2642.5732   16.4166
    0.0000   15.0000  -22.5000 2662.4443   16.2820
    7.5000   15.0000  -22.5000 2648.1018   16.3169
   -7.5000   22.5000  -22.5000 2690.9570   15.8555
    0.0000   22.5000  -22.5000 2711.3235   15.7381
    7.5000   22.5000  -22.5000 2686.8865   15.7696
   -7.5000   30.0000  -22.5000 2713.4678   15.5302
    0.0000   30.0000  -22.5000 2734.3518   15.4554
    7.5000   30.0000  -22.5000 2702.4653   15.5084
   -7.5000   37.5000  -22.5000 2708.0437   15.7309
    0.0000   37.5000  -22.5000 2729.8748   15.6707
    7.5000   37.5000  -22.5000 2697.4355   15.7466
   -7.5000   45.0000  -22.5000 2677.7654   16.2334
    0.0000   45.0000  -22.5000 2704.0027   16.1518
    7.5000   45.0000  -22.5000 2673.0044   16.2503
   -7.5000   52.5000  -22.5000 2599.8547   16.9271
    0.0000   52.5000  -22.5000 2627.3240   16.8362
    7.5000   52.5000  -22.5000 2597.6919   16.9607
   -7.5000   60.0000  -22.5000 2466.3145   17.7083
    0.0000   60.0000  -22.5000 2489.2334   17.6419
    7.5000   60.0000  -22.5000 2464.8262   17.7220
   -7.5000  -30.0000  -15.0000 2010.6337   28.3880
    0.0000  -30.0000  -15.0000 2034.3572   28.2833
    7.5000  -30.0000  -15.0000 2025.5847   28.3869
   -7.5000  -22.5000  -15.0000 2163.2192   24.7209
    0.0000  -22.5000  -15.0000 2185.6580   24.5622
    7.5000  -22.5000  -15.0000 2173.2290   24.6812
   -7.5000  -15.0000  -15.0000 2302.7124   21.8718
    0.0000  -15.0000  -15.0000 2324.6633   21.7140
    7.5000  -15.0000  -15.0000 2313.0400   21.8244
   -7.5000   -7.5000  -15.0000 2431.8398   19.6828
    0.0000   -7.5000  -15.0000 2455.5886   19.5142
    7.5000   -7.5000  -15.0000 2441.4351   19.6131
   -7.5000    0.0000  -15.0000 2541.4233   17.9491
    0.0000    0.0000  -15.0000 2568.5242   17.7899
    7.5000    0.0000  -15.0000 2552.3442   17.8855
   -7.5000    7.5000  -15.0000 2641.0623   16.6548
    0.0000    7.5000  -15.0000 2665.2837   16.4686
    7.5000    7.5000  -15.0000 2648.8074   16.5578
   -7.5000   15.0000  -15.0000 2716.7578   15.8054
    0.0000   15.0000  -15.0000 2745.8591   15.6481
    7.5000   15.0000  -15.0000 2727.7351   15.6899
   -7.5000   22.5000  -15.0000 2771.2734   15.2149
    0.0000   22.5000  -15.0000 2798.6963   15.0734
    7.5000   22.5000  -15.0000 2774.1016   15.0777
   -7.5000   30.0000  -15.0000 2802.2603   14.8304
    0.0000   30.0000  -15.0000 2825.1843   14.7223
    7.5000   30.0000  -15.0000 2790.9565   14.7851
   -7.5000   37.5000  -15.0000 2796.7148   15.0377
    0.0000   37.5000  -15.0000 2818.7974   14.9162
    7.5000   37.5000  -15.0000 2781.9158   15.0080
   -7.5000   45.0000  -15.0000 2760.9182   15.5209
    0.0000   45.0000  -15.0000 2784.3430   15.3984
    7.5000   45.0000  -15.0000 2757.9373   15.5178
   -7.5000   52.5000  -15.0000 2676.5764   16.1871
    0.0000   52.5000  -15.0000 2697.6218   16.0652
    7.5000   52.5000  -15.0000 2677.1418   16.2472
   -7.5000   60.0000  -15.0000 2534.1204   16.9893
    0.0000   60.0000  -15.0000 2551.2812   16.8896
    7.5000   60.0000  -15.0000 2530.6799   17.0627
   -7.5000  -30.0000   -7.5000 2032.8663   27.8661
    0.0000  -30.0000   -7.5000 2056.3293   27.7906
    7.5000  -30.0000   -7.5000 2049.1431   27.9266
   -7.5000  -22.5000   -7.5000 2178.6191   24.1611
    0.0000  -22.5000   -7.5000 2204.1172   24.0277
    7.5000  -22.5000   -7.5000 2193.6067   24.1937
   -7.5000  -15.0000   -7.5000 2316.3032   21.3332
    0.0000  -15.0000   -7.5000 2341.2100   21.1732
    7.5000  -15.0000   -7.5000 2331.3665   21.3151
   -7.5000   -7.5000   -7.5000 2446.5610   19.1679
    0.0000   -7.5000   -7.5000 2475.3372   18.9576
    7.5000   -7.5000   -7.5000 2458.1528   19.1060
   -7.5000    0.0000   -7.5000 2562.5774   17.4778
    0.0000    0.0000   -7.5000 2589.7346   17.2749
    7.5000    0.0000   -7.5000 2574.5879   17.3926
   -7.5000    7.5000   -7.5000 2674.9714   16.1970
    0.0000    7.5000   -7.5000 2702.0330   16.0137
    7.5000    7.5000   -7.5000 2684.3196   16.1217
   -7.5000   15.0000   -7.5000 2775.1604   15.3640
    0.0000   15.0000   -7.5000 2801.7727   15.1805
    7.5000   15.0000   -7.5000 2781.2314   15.2394
   -7.5000   22.5000   -7.5000 2841.7625   14.8002
    0.0000   22.5000   -7.5000 2873.9280   14.5986
    7.5000   22.5000   -7.5000 2844.2048   14.6128
   -7.5000   30.0000   -7.5000 2872.9514   14.3416
    0.0000   30.0000   -7.5000 2895.5847   14.1136
    7.5000   30.0000   -7.5000 2857.9165   14.2111
   -7.5000   37.5000   -7.5000 2869.9172   14.4298
    0.0000   37.5000   -7.5000 2882.6160   14.2203
    7.5000   37.5000   -7.5000 2848.9338   14.4039
   -7.5000   45.0000   -7.5000 2818.3208   14.9600
    0.0000   45.0000   -7.5000 2835.6428   14.7436
    7.5000   45.0000   -7.5000 2813.3264   14.9779
   -7.5000   52.5000   -7.5000 2724.5044   15.6360
    0.0000   52.5000   -7.5000 2742.1599   15.4669
    7.5000   52.5000   -7.5000 2727.0342   15.7033
   -7.5000   60.0000   -7.5000 2574.9028   16.4747
    0.0000   60.0000   -7.5000 2590.2188   16.3100
    7.5000   60.0000   -7.5000 2579.2300   16.5413
   -7.5000  -30.0000    0.0000 2036.9961   27.6523
    0.0000  -30.0000    0.0000 2066.5449   27.4954
    7.5000  -30.0000    0.0000 2050.5425   27.6992
   -7.5000  -22.5000    0.0000 2186.1377   23.9620
    0.0000  -22.5000    0.0000 2216.3403   23.7989
    7.5000  -22.5000    0.0000 2197.9082   23.9774
   -7.5000  -15.0000    0.0000 2320.4595   21.1084
    0.0000  -15.0000    0.0000 2346.2983   20.9142
    7.5000  -15.0000    0.0000 2331.3857   21.1253
   -7.5000   -7.5000    0.0000 2450.4858   18.9127
    0.0000   -7.5000    0.0000 2473.6455   18.6703
    7.5000   -7.5000    0.0000 2458.6631   18.8693
   -7.5000    0.0000    0.0000 2570.7871   17.2382
    0.0000    0.0000    0.0000 2593.2227   16.9977
    7.5000    0.0000    0.0000 2577.3936   17.1629
   -7.5000    7.5000    0.0000 2692.2136   15.9681
    0.0000    7.5000    0.0000 2713.8940   15.7355
    7.5000    7.5000    0.0000 2698.3245   15.8837
   -7.5000   15.0000    0.0000 2796.2332   15.1092
    0.0000   15.0000    0.0000 2819.9016   14.9077
    7.5000   15.0000    0.0000 2796.2627   15.0207
   -7.5000   22.5000    0.0000 2874.8997   14.5228
    0.0000   22.5000    0.0000 2909.9382   14.3134
    7.5000   22.5000    0.0000 2873.0271   14.3903
   -7.5000   30.0000    0.0000 2904.9424   13.9570
    0.0000   30.0000    0.0000 2926.0269   13.6593
    7.5000   30.0000    0.0000 2888.3789   13.9973
   -7.5000   37.5000    0.0000 2910.0845   14.0410
    0.0000   37.5000    0.0000 2915.4019   13.6901
    7.5000   37.5000    0.0000 2887.5161   14.1295
   -7.5000   45.0000    0.0000 2850.1951   14.6656
    0.0000   45.0000    0.0000 2858.2424   14.3933
    7.5000   45.0000    0.0000 2843.8298   14.6893
   -7.5000   52.5000    0.0000 2750.7920   15.3873
    0.0000   52.5000    0.0000 2761.9460   15.1419
    7.5000   52.5000    0.0000 2753.7712   15.4256
   -7.5000   60.0000    0.0000 2597.3589   16.2527
    0.0000   60.0000    0.0000 2607.2742   16.0055
    7.5000   60.0000    0.0000 2600.4490   16.2653
   -7.5000  -30.0000    7.5000 2025.1021   27.7527
    0.0000  -30.0000    7.5000 2050.4646   27.5712
    7.5000  -30.0000    7.5000 2037.6068   27.8133
   -7.5000  -22.5000    7.5000 2178.0154   23.9134
    0.0000  -22.5000    7.5000 2205.0417   23.7789
    7.5000  -22.5000    7.5000 2185.7546   23.9944
   -7.5000  -15.0000    7.5000 2309.4958   21.0061
    0.0000  -15.0000    7.5000 2339.0649   20.8532
    7.5000  -15.0000    7.5000 2320.6030   21.1412
   -7.5000   -7.5000    7.5000 2437.4067   18.8284
    0.0000   -7.5000    7.5000 2466.7473   18.6382
    7.5000   -7.5000    7.5000 2444.3884   18.8716
   -7.5000    0.0000    7.5000 2558.6631   17.1157
    0.0000    0.0000    7.5000 2585.6479   16.9536
    7.5000    0.0000    7.5000 2564.8286   17.1775
   -7.5000    7.5000    7.5000 2681.1641   15.8688
    0.0000    7.5000    7.5000 2705.5603   15.6963
    7.5000    7.5000    7.5000 2685.5088   15.9084
   -7.5000   15.0000    7.5000 2790.5522   15.0550
    0.0000   15.0000    7.5000 2814.4910   14.9308
    7.5000   15.0000    7.5000 2791.3721   15.0471
   -7.5000   22.5000    7.5000 2878.8770   14.4986
    0.0000   22.5000    7.5000 2916.1592   14.4192
    7.5000   22.5000    7.5000 2876.1064   14.5178
   -7.5000   30.0000    7.5000 2923.8420   14.0976
    0.0000   30.0000    7.5000 2951.5254   13.8910
    7.5000   30.0000    7.5000 2901.9856   14.2380
   -7.5000   37.5000    7.5000 2925.7827   14.1163
    0.0000   37.5000    7.5000 2942.5164   13.8943
    7.5000   37.5000    7.5000 2893.0681   14.2698
   -7.5000   45.0000    7.5000 2863.6360   14.6237
    0.0000   45.0000    7.5000 2880.4822   14.4449
    7.5000   45.0000    7.5000 2844.4792   14.7125
   -7.5000   52.5000    7.5000 2751.6394   15.3628
    0.0000   52.5000    7.5000 2762.8811   15.1969
    7.5000   52.5000    7.5000 2746.8667   15.4118
   -7.5000   60.0000    7.5000 2593.8215   16.2001
    0.0000   60.0000    7.5000 2602.0588   16.0450
    7.5000   60.0000    7.5000 2590.8506   16.2008
   -7.5000  -30.0000   15.0000 1987.4305   28.2628
    0.0000  -30.0000   15.0000 2014.6337   28.3459
    7.5000  -30.0000   15.0000 1998.7201   28.5259
   -7.5000  -22.5000   15.0000 2149.9553   24.3216
    0.0000  -22.5000   15.0000 2179.1182   24.2175
    7.5000  -22.5000   15.0000 2163.0710   24.5856
   -7.5000  -15.0000   15.0000 2289.5366   21.3744
    0.0000  -15.0000   15.0000 2315.7754   21.1636
    7.5000  -15.0000   15.0000 2300.5620   21.5559
   -7.5000   -7.5000   15.0000 2413.2925   19.0624
    0.0000   -7.5000   15.0000 2441.5640   18.8657
    7.5000   -7.5000   15.0000 2422.3337   19.2265
   -7.5000    0.0000   15.0000 2526.8560   17.3665
    0.0000    0.0000   15.0000 2553.6130   17.2264
    7.5000    0.0000   15.0000 2539.4263   17.5564
   -7.5000    7.5000   15.0000 2650.8274   16.1614
    0.0000    7.5000   15.0000 2681.4268   16.1078
    7.5000    7.5000   15.0000 2661.5347   16.3402
   -7.5000   15.0000   15.0000 2757.7495   15.3306
    0.0000   15.0000   15.0000 2794.5608   15.4059
    7.5000   15.0000   15.0000 2762.1270   15.4932
   -7.5000   22.5000   15.0000 2841.7151   14.7675
    0.0000   22.5000   15.0000 2887.8792   14.8434
    7.5000   22.5000   15.0000 2842.4661   14.9837
   -7.5000   30.0000   15.0000 2881.4468   14.4806
    0.0000   30.0000   15.0000 2924.9646   14.5597
    7.5000   30.0000   15.0000 2875.2112   14.7143
   -7.5000   37.5000   15.0000 2888.0239   14.5505
    0.0000   37.5000   15.0000 2922.2671   14.6080
    7.5000   37.5000   15.0000 2867.0144   14.7048
   -7.5000   45.0000   15.0000 2837.6455   14.9219
    0.0000   45.0000   15.0000 2863.1174   14.9402
    7.5000   45.0000   15.0000 2815.5029   15.0487
   -7.5000   52.5000   15.0000 2723.6448   15.5701
    0.0000   52.5000   15.0000 2742.6558   15.4853
    7.5000   52.5000   15.0000 2715.3945   15.6474
   -7.5000   60.0000   15.0000 2567.2805   16.3582
    0.0000   60.0000   15.0000 2578.1702   16.2221
    7.5000   60.0000   15.0000 2561.6750   16.3666
   -7.5000  -30.0000   22.5000 1945.9884   29.1398
    0.0000  -30.0000   22.5000 1968.9948   29.0578
    7.5000  -30.0000   22.5000 1963.7073   29.5127
   -7.5000  -22.5000   22.5000 2110.8130   25.0224
    0.0000  -22.5000   22.5000 2134.8816   24.8739
    7.5000  -22.5000   22.5000 2128.6826   25.3786
   -7.5000  -15.0000   22.5000 2254.3054   22.0311
    0.0000  -15.0000   22.5000 2279.0049   21.8537
    7.5000  -15.0000   22.5000 2267.3228   22.3300
   -7.5000   -7.5000   22.5000 2386.3628   19.7549
    0.0000   -7.5000   22.5000 2412.5085   19.6444
    7.5000   -7.5000   22.5000 2392.3315   20.1101
   -7.5000    0.0000   22.5000 2494.7090   18.0631
    0.0000    0.0000   22.5000 2526.2029   18.0405
    7.5000    0.0000   22.5000 2510.9583   18.4556
   -7.5000    7.5000   22.5000 2616.5674   16.8199
    0.0000    7.5000   22.5000 2646.6711   16.8867
    7.5000    7.5000   22.5000 2629.1021   17.1903
   -7.5000   15.0000   22.5000 2713.4846   15.9334
    0.0000   15.0000   22.5000 2743.7622   16.0006
    7.5000   15.0000   22.5000 2724.9534   16.2391
   -7.5000   22.5000   22.5000 2785.6230   15.3707
    0.0000   22.5000   22.5000 2819.7673   15.3532
    7.5000   22.5000   22.5000 2789.4324   15.6474
   -7.5000   30.0000   22.5000 2821.2639   15.0808
    0.0000   30.0000   22.5000 2847.6494   15.0615
    7.5000   30.0000   22.5000 2822.1304   15.3162
   -7.5000   37.5000   22.5000 2819.6724   15.1350
    0.0000   37.5000   22.5000 2844.9346   15.0965
    7.5000   37.5000   22.5000 2812.0603   15.3196
   -7.5000   45.0000   22.5000 2773.3770   15.5837
    0.0000   45.0000   22.5000 2796.8811   15.5662
    7.5000   45.0000   22.5000 2756.0906   15.7267
   -7.5000   52.5000   22.5000 2669.3206   16.2038
    0.0000   52.5000   22.5000 2679.9219   16.1634
    7.5000   52.5000   22.5000 2656.3599   16.3223
   -7.5000   60.0000   22.5000 2517.0962   16.8733
    0.0000   60.0000   22.5000 2532.9714   16.8351
    7.5000   60.0000   22.5000 2512.8928   16.9821
   -7.5000  -30.0000   30.0000 1899.2920   30.4772
    0.0000  -30.0000   30.0000 1919.3127   30.4653
    7.5000  -30.0000   30.0000 1920.9143   31.0973
   -7.5000  -22.5000   30.0000 2065.1143   26.2072
    0.0000  -22.5000   30.0000 2082.3699   26.1397
    7.5000  -22.5000   30.0000 2082.1897   26.8165
   -7.5000  -15.0000   30.0000 2211.5020   23.0328
    0.0000  -15.0000   30.0000 2231.4229   22.9603
    7.5000  -15.0000   30.0000 2225.0923   23.6296
   -7.5000   -7.5000   30.0000 2345.8884   20.7192
    0.0000   -7.5000   30.0000 2366.0789   20.6066
    7.5000   -7.5000   30.0000 2352.2007   21.2419
   -7.5000    0.0000   30.0000 2457.3391   18.9930
    0.0000    0.0000   30.0000 2477.6035   18.8806
    7.5000    0.0000   30.0000 2467.8655   19.4677
   -7.5000    7.5000   30.0000 2567.4854   17.6922
    0.0000    7.5000   30.0000 2587.0610   17.6119
    7.5000    7.5000   30.0000 2579.7527   18.1059
   -7.5000   15.0000   30.0000 2653.7610   16.7456
    0.0000   15.0000   30.0000 2677.4072   16.6530
    7.5000   15.0000   30.0000 2664.4341   17.0973
   -7.5000   22.5000   30.0000 2712.4080   16.1264
    0.0000   22.5000   30.0000 2732.9282   16.0298
    7.5000   22.5000   30.0000 2715.6025   16.4552
   -7.5000   30.0000   30.0000 2739.2334   15.8035
    0.0000   30.0000   30.0000 2756.1184   15.7008
    7.5000   30.0000   30.0000 2738.9429   16.0850
   -7.5000   37.5000   30.0000 2733.3647   15.8419
    0.0000   37.5000   30.0000 2758.0962   15.7244
    7.5000   37.5000   30.0000 2731.8262   16.0541
   -7.5000   45.0000   30.0000 2689.4497   16.2884
    0.0000   45.0000   30.0000 2709.9270   16.1660
    7.5000   45.0000   30.0000 2682.8274   16.4875
   -7.5000   52.5000   30.0000 2594.1836   16.9322
    0.0000   52.5000   30.0000 2605.8833   16.7971
    7.5000   52.5000   30.0000 2587.8108   17.0959
   -7.5000   60.0000   30.0000 2452.5781   17.6425
    0.0000   60.0000   30.0000 2466.5593   17.5516
    7.5000   60.0000   30.0000 2450.4558   17.7971
   -7.5000  -30.0000   37.5000 1851.4734   32.1944
    0.0000  -30.0000   37.5000 1863.2733   32.2347
    7.5000  -30.0000   37.5000 1869.0928   33.0915
   -7.5000  -22.5000   37.5000 2016.9912   27.6942
    0.0000  -22.5000   37.5000 2027.3578   27.6271
    7.5000  -22.5000   37.5000 2033.3992   28.5277
   -7.5000  -15.0000   37.5000 2163.1624   24.3509
    0.0000  -15.0000   37.5000 2175.4980   24.2786
    7.5000  -15.0000   37.5000 2176.8699   25.1400
   -7.5000   -7.5000   37.5000 2295.2932   21.8906
    0.0000   -7.5000   37.5000 2308.3872   21.7501
    7.5000   -7.5000   37.5000 2301.1536   22.5628
   -7.5000    0.0000   37.5000 2406.4192   20.1036
    0.0000    0.0000   37.5000 2419.2302   19.9638
    7.5000    0.0000   37.5000 2410.9897   20.6413
   -7.5000    7.5000   37.5000 2506.7385   18.7344
    0.0000    7.5000   37.5000 2519.0825   18.6331
    7.5000    7.5000   37.5000 2516.1458   19.2096
   -7.5000   15.0000   37.5000 2579.4954   17.7468
    0.0000   15.0000   37.5000 2597.1565   17.6327
    7.5000   15.0000   37.5000 2586.7817   18.1961
   -7.5000   22.5000   37.5000 2628.9023   17.0829
    0.0000   22.5000   37.5000 2643.5403   17.0346
    7.5000   22.5000   37.5000 2631.6045   17.4984
   -7.5000   30.0000   37.5000 2647.1545   16.7601
    0.0000   30.0000   37.5000 2660.1675   16.6810
    7.5000   30.0000   37.5000 2644.2693   17.1047
   -7.5000   37.5000   37.5000 2642.3508   16.7506
    0.0000   37.5000   37.5000 2660.5984   16.6928
    7.5000   37.5000   37.5000 2637.7117   17.0163
   -7.5000   45.0000   37.5000 2601.8147   17.2071
    0.0000   45.0000   37.5000 2617.4517   17.1216
    7.5000   45.0000   37.5000 2593.2458   17.4559
   -7.5000   52.5000   37.5000 2519.9956   17.8362
    0.0000   52.5000   37.5000 2534.0425   17.7418
    7.5000   52.5000   37.5000 2507.4541   18.0740
   -7.5000   60.0000   37.5000 2388.8093   18.5485
    0.0000   60.0000   37.5000 2396.7507   18.4625
    7.5000   60.0000   37.5000 2379.6162   18.7480
   -7.5000  -30.0000   45.0000 1791.3914   34.4195
    0.0000  -30.0000   45.0000 1806.8765   34.4135
    7.5000  -30.0000   45.0000 1810.0732   35.4964
   -7.5000  -22.5000   45.0000 1956.6095   29.5605
    0.0000  -22.5000   45.0000 1969.0734   29.5210
    7.5000  -22.5000   45.0000 1973.0911   30.5348
   -7.5000  -15.0000   45.0000 2099.8721   26.0746
    0.0000  -15.0000   45.0000 2110.9062   26.0334
    7.5000  -15.0000   45.0000 2106.7678   26.8768
   -7.5000   -7.5000   45.0000 2227.6274   23.4052
    0.0000   -7.5000   45.0000 2239.6565   23.3752
    7.5000   -7.5000   45.0000 2227.8713   24.1467
   -7.5000    0.0000   45.0000 2341.7776   21.4907
    0.0000    0.0000   45.0000 2351.5020   21.4167
    7.5000    0.0000   45.0000 2334.8296   22.0884
   -7.5000    7.5000   45.0000 2426.7153   20.0728
    0.0000    7.5000   45.0000 2440.7600   19.9874
    7.5000    7.5000   45.0000 2428.8486   20.6024
   -7.5000   15.0000   45.0000 2487.5220   19.0319
    0.0000   15.0000   45.0000 2505.9260   19.0132
    7.5000   15.0000   45.0000 2490.0195   19.5379
   -7.5000   22.5000   45.0000 2529.2703   18.3283
    0.0000   22.5000   45.0000 2540.8384   18.3703
    7.5000   22.5000   45.0000 2529.5378   18.8094
   -7.5000   30.0000   45.0000 2543.9883   18.0066
    0.0000   30.0000   45.0000 2555.6204   17.9600
    7.5000   30.0000   45.0000 2537.5525   18.3456
   -7.5000   37.5000   45.0000 2541.3252   17.9777
    0.0000   37.5000   45.0000 2553.2605   17.9544
    7.5000   37.5000   45.0000 2531.0955   18.2406
   -7.5000   45.0000   45.0000 2502.6770   18.4201
    0.0000   45.0000   45.0000 2516.2363   18.3763
    7.5000   45.0000   45.0000 2492.5967   18.6773
   -7.5000   52.5000   45.0000 2436.7048   19.0352
    0.0000   52.5000   45.0000 2449.9055   18.9721
    7.5000   52.5000   45.0000 2421.6194   19.2761
   -7.5000   60.0000   45.0000 2307.9163   19.7252
    0.0000   60.0000   45.0000 2319.5093   19.6647
    7.5000   60.0000   45.0000 2300.6052   19.9676

---------------------------------------------------------------------
imgreg_4dfp /opt/freesurfer/average/711-2C_as_mni_average_305 /opt/freesurfer/average/711-2B_as_mni_average_305_mask talsrcimg_g11 none talsrcimg_to_711-2C_as_mni_average_305_t4 1283
---------------------------------------------------------------------

freesurfer imgreg_4dfp.c
/opt/freesurfer/average/711-2C_as_mni_average_305.4dfp.img
       256       256       256         1
  1.000000  1.000000  1.000000
orientation T byte_order littleendian
Reading image: /opt/freesurfer/average/711-2C_as_mni_average_305.4dfp.img
dimensions:      256       256       256
mmppix:       1.0000   -1.0000   -1.0000
center:     128.0000 -129.0000 -129.0000
/opt/freesurfer/average/711-2B_as_mni_average_305_mask.4dfp.img
       256       256       256         1
  1.000000  1.000000  1.000000
orientation T byte_order littleendian
Reading mask: /opt/freesurfer/average/711-2B_as_mni_average_305_mask.4dfp.img (2306576 pixels)
talsrcimg_g11.4dfp.img
       256       256       256         1
  1.000000  1.000000  1.000000
orientation T byte_order littleendian
Reading image: talsrcimg_g11.4dfp.img
dimensions:      256       256       256
mmppix:       1.0000   -1.0000   -1.0000
center:     128.0000 -129.0000 -129.0000
rotation matrix determinant  1.000000
fimgreg.f
image alignment mode   1283 decimal      503 hex
parameters
    0.0000   30.0000    7.5000    0.0000    0.0000    0.0000
eta,q 0.92571 13.92115
niter,ni,del,rscale     5    3   12.0000    1.2000
parameter  3  5.589397 -> -0.500000 qaram    1.1500
parameters
   -0.4196   31.0743   10.9500    0.5834   -0.1127   -0.9709
eta,q 0.92869 13.97496
  0.0807  0.0876  0.0737  0.0823  0.0779  0.0746
  0.0768  0.0819  0.0754  0.0780  0.0749  0.0728
  0.0745  0.0770  0.0755  0.0732  0.0722  0.0716
  0.0751  0.0743  0.0738  0.0716  0.0712  0.0712
  0.0761  0.0744  0.0720  0.0720  0.0720  0.0722
  0.0783  0.0777  0.0711  0.0751  0.0749  0.0747
  0.0822  0.0806  0.0736  0.0791  0.0789  0.0784
niter,ni,del,rscale     5    3   12.0000    1.2000
parameters
   -0.0314   31.4078    9.2869    0.0302   -1.1985   -1.4134
eta,q 0.92780 13.91236
  0.0842  0.0834  0.0766  0.0804  0.0755  0.0762
  0.0792  0.0780  0.0756  0.0756  0.0734  0.0740
  0.0735  0.0735  0.0732  0.0728  0.0722  0.0727
  0.0713  0.0713  0.0714  0.0725  0.0723  0.0722
  0.0723  0.0734  0.0731  0.0746  0.0733  0.0729
  0.0759  0.0773  0.0815  0.0789  0.0759  0.0749
  0.0821  0.0805  0.0901  0.0828  0.0792  0.0777
niter,ni,del,rscale     4    3   12.0000    1.2000
parameters
    0.1462   31.3256    8.1062   -0.4213   -1.9286   -1.2851
eta,q 0.92735 13.86901
  0.0814  0.0826  0.0752  0.0800  0.0764  0.0777
  0.0769  0.0767  0.0759  0.0767  0.0740  0.0754
  0.0734  0.0730  0.0741  0.0734  0.0728  0.0737
  0.0722  0.0722  0.0721  0.0731  0.0729  0.0727
  0.0729  0.0750  0.0717  0.0747  0.0740  0.0731
  0.0757  0.0787  0.0756  0.0782  0.0757  0.0749
  0.0807  0.0815  0.0848  0.0822  0.0780  0.0776
niter,ni,del,rscale     3    3   12.0000    1.2000
parameters
    0.1528   31.3776    7.4527   -0.8849   -2.0724   -1.2495
eta,q 0.92710 13.83411
  0.0812  0.0831  0.0752  0.0793  0.0777  0.0781
  0.0768  0.0773  0.0757  0.0769  0.0748  0.0758
  0.0736  0.0737  0.0744  0.0736  0.0733  0.0739
  0.0726  0.0726  0.0727  0.0731  0.0729  0.0729
  0.0740  0.0748  0.0719  0.0747  0.0741  0.0734
  0.0767  0.0786  0.0734  0.0779  0.0756  0.0754
  0.0811  0.0814  0.0807  0.0818  0.0776  0.0784
niter,ni,del,rscale     2    3   12.0000    1.2000
parameters
    0.0092   31.6464    7.2787   -1.3664   -1.9177   -1.3697
eta,q 0.92715 13.83076
  0.0809  0.0834  0.0758  0.0787  0.0785  0.0779
  0.0769  0.0784  0.0757  0.0769  0.0754  0.0755
  0.0737  0.0745  0.0747  0.0735  0.0735  0.0738
  0.0729  0.0729  0.0728  0.0729  0.0728  0.0728
  0.0745  0.0743  0.0724  0.0745  0.0739  0.0735
  0.0773  0.0781  0.0733  0.0776  0.0755  0.0756
  0.0817  0.0812  0.0789  0.0813  0.0775  0.0786
niter,ni,del,rscale     1    3   12.0000    1.2000
parameters
   -0.1985   32.0288    7.0786   -2.0794   -1.5935   -1.6553
eta,q 0.92738 13.84128
  0.0808  0.0830  0.0762  0.0778  0.0790  0.0773
  0.0769  0.0789  0.0757  0.0764  0.0758  0.0749
  0.0736  0.0749  0.0747  0.0731  0.0735  0.0734
  0.0728  0.0728  0.0727  0.0728  0.0725  0.0726
  0.0746  0.0738  0.0728  0.0747  0.0737  0.0733
  0.0775  0.0777  0.0737  0.0777  0.0755  0.0756
  0.0819  0.0808  0.0791  0.0811  0.0774  0.0784
registration optimization eta report
parameter search radius
    6.0000    6.0000    6.9000    6.0000    6.0000    6.0000
100000*second partial in parameter space
       23.       24.       10.       18.       15.       14.
  0.0808  0.0830  0.0762  0.0778  0.0790  0.0773
  0.0769  0.0789  0.0757  0.0764  0.0758  0.0749
  0.0736  0.0749  0.0747  0.0731  0.0735  0.0734
  0.0728  0.0728  0.0727  0.0728  0.0725  0.0726
  0.0746  0.0738  0.0728  0.0747  0.0737  0.0733
  0.0775  0.0777  0.0737  0.0777  0.0755  0.0756
  0.0819  0.0808  0.0791  0.0811  0.0774  0.0784
   -0.1985   32.0288    7.0786   -2.0794   -1.5935   -1.6553
eta,q 0.92738 13.84128

---------------------------------------------------------------------
imgreg_4dfp /opt/freesurfer/average/711-2C_as_mni_average_305 /opt/freesurfer/average/711-2B_as_mni_average_305_mask talsrcimg_g11 none talsrcimg_to_711-2C_as_mni_average_305_t4 3335
---------------------------------------------------------------------

freesurfer imgreg_4dfp.c
/opt/freesurfer/average/711-2C_as_mni_average_305.4dfp.img
       256       256       256         1
  1.000000  1.000000  1.000000
orientation T byte_order littleendian
Reading image: /opt/freesurfer/average/711-2C_as_mni_average_305.4dfp.img
dimensions:      256       256       256
mmppix:       1.0000   -1.0000   -1.0000
center:     128.0000 -129.0000 -129.0000
/opt/freesurfer/average/711-2B_as_mni_average_305_mask.4dfp.img
       256       256       256         1
  1.000000  1.000000  1.000000
orientation T byte_order littleendian
Reading mask: /opt/freesurfer/average/711-2B_as_mni_average_305_mask.4dfp.img (2306576 pixels)
talsrcimg_g11.4dfp.img
       256       256       256         1
  1.000000  1.000000  1.000000
orientation T byte_order littleendian
Reading image: talsrcimg_g11.4dfp.img
dimensions:      256       256       256
mmppix:       1.0000   -1.0000   -1.0000
center:     128.0000 -129.0000 -129.0000
fimgreg.f
image alignment mode   3335 decimal      D07 hex
parameters
   -0.1985   32.0288    7.0786   -0.0804   -0.1046   -0.1045
    2.7859    2.8827   -2.8876    3.5467   -2.7808   -3.6271
eta,q 0.92765 13.86951
niter,ni,del,rscale     5    3    5.0000    1.2000
parameter  2 -0.919712 -> -0.500000 qaram    1.1500
parameter  3 -0.638773 -> -0.500000 qaram    1.1500
parameter  4  3.011639 ->  0.500000 qaram    1.1500
parameter  5-29.797459 ->  0.500000 qaram    1.1500
parameter  6  1.467311 ->  0.500000 qaram    1.1500
parameter 12 -0.691765 -> -0.500000 qaram    1.1500
parameters
   -0.8564   33.4088    8.4586   -4.2204   -4.2446   -4.2445
    4.3052   -0.6648   -1.2548    6.7424   -1.9134    0.5129
eta,q 0.94932 13.83647
  0.0731  0.0734  0.0734  0.0620  0.0532  0.0516  0.0561  0.0537  0.0538  0.0567  0.0533  0.0529
  0.0724  0.0727  0.0728  0.0639  0.0568  0.0529  0.0549  0.0520  0.0528  0.0547  0.0522  0.0522
  0.0722  0.0724  0.0723  0.0671  0.0610  0.0548  0.0540  0.0518  0.0521  0.0529  0.0514  0.0516
  0.0724  0.0722  0.0719  0.0716  0.0646  0.0579  0.0534  0.0532  0.0517  0.0516  0.0512  0.0512
  0.0728  0.0721  0.0716  0.0764  0.0680  0.0619  0.0533  0.0558  0.0516  0.0511  0.0513  0.0508
  0.0736  0.0719  0.0716  0.0809  0.0718  0.0666  0.0537  0.0590  0.0518  0.0514  0.0517  0.0507
  0.0747  0.0718  0.0718  0.0852  0.0756  0.0711  0.0546  0.0623  0.0525  0.0520  0.0524  0.0509
niter,ni,del,rscale     7    3    5.0000    1.2000
parameter  3  0.954654 ->  0.500000 qaram    1.3225
parameter  4  0.805982 ->  0.500000 qaram    1.3225
parameter  5  4.281064 ->  0.500000 qaram    1.3225
parameter  6  0.958990 ->  0.500000 qaram    1.3225
parameter 12  1.095430 ->  0.500000 qaram    1.3225
parameters
   -1.2220   34.1643    6.8716   -8.9814   -9.0056   -9.0055
    3.8998   -1.7566   -1.5866    5.6053   -2.4968   -4.2481
eta,q 0.96454 13.36685
  0.0532  0.0535  0.0484  0.0450  0.0368  0.0356  0.0390  0.0396  0.0388  0.0388  0.0372  0.0352
  0.0515  0.0524  0.0483  0.0452  0.0390  0.0363  0.0376  0.0376  0.0375  0.0374  0.0367  0.0354
  0.0507  0.0514  0.0490  0.0460  0.0418  0.0373  0.0367  0.0366  0.0366  0.0366  0.0365  0.0358
  0.0507  0.0506  0.0502  0.0484  0.0453  0.0397  0.0365  0.0364  0.0364  0.0364  0.0364  0.0364
  0.0515  0.0502  0.0520  0.0531  0.0495  0.0441  0.0369  0.0373  0.0368  0.0371  0.0365  0.0373
  0.0531  0.0506  0.0540  0.0590  0.0527  0.0486  0.0380  0.0394  0.0378  0.0388  0.0369  0.0384
  0.0554  0.0517  0.0563  0.0650  0.0564  0.0539  0.0396  0.0425  0.0392  0.0412  0.0376  0.0397
niter,ni,del,rscale     7    3    5.0000    1.2000
parameter  2  0.538823 ->  0.500000 qaram    1.3225
parameter  3  2.432241 ->  0.500000 qaram    1.5209
parameter  5  0.744311 ->  0.500000 qaram    1.5209
parameters
   -1.6659   32.5773    5.0466  -10.4256  -14.4808  -12.8198
    3.8655   -1.7211   -1.4725    5.3022   -1.2879   -5.4965
eta,q 0.97420 12.93762
  0.0377  0.0352  0.0270  0.0326  0.0269  0.0280  0.0285  0.0302  0.0280  0.0292  0.0274  0.0275
  0.0361  0.0343  0.0285  0.0310  0.0264  0.0264  0.0271  0.0280  0.0269  0.0275  0.0267  0.0265
  0.0354  0.0343  0.0310  0.0298  0.0272  0.0258  0.0262  0.0265  0.0262  0.0263  0.0262  0.0259
  0.0355  0.0353  0.0342  0.0291  0.0294  0.0265  0.0259  0.0259  0.0259  0.0259  0.0259  0.0258
  0.0363  0.0372  0.0377  0.0292  0.0338  0.0293  0.0262  0.0263  0.0261  0.0263  0.0259  0.0263
  0.0379  0.0397  0.0414  0.0321  0.0396  0.0345  0.0271  0.0278  0.0268  0.0277  0.0261  0.0272
  0.0402  0.0428  0.0452  0.0384  0.0450  0.0405  0.0285  0.0303  0.0280  0.0300  0.0267  0.0288
niter,ni,del,rscale     7    3    5.0000    1.2000
parameter  3  0.548474 ->  0.500000 qaram    1.7490
parameters
   -1.6283   33.1701    2.9477   -8.0977  -15.4712  -14.1512
    4.1827   -1.8896   -1.4600    6.7321   -1.7588   -7.7972
eta,q 0.97587 13.01313
  0.0293  0.0327  0.0253  0.0291  0.0290  0.0281  0.0272  0.0286  0.0263  0.0287  0.0250  0.0251
  0.0274  0.0295  0.0245  0.0270  0.0265  0.0263  0.0258  0.0262  0.0253  0.0267  0.0245  0.0244
  0.0262  0.0271  0.0246  0.0255  0.0247  0.0251  0.0248  0.0249  0.0247  0.0252  0.0243  0.0241
  0.0258  0.0258  0.0256  0.0245  0.0237  0.0239  0.0244  0.0244  0.0244  0.0244  0.0242  0.0242
  0.0262  0.0258  0.0278  0.0235  0.0241  0.0240  0.0246  0.0248  0.0246  0.0242  0.0243  0.0246
  0.0273  0.0269  0.0308  0.0236  0.0269  0.0277  0.0254  0.0264  0.0252  0.0249  0.0246  0.0255
  0.0290  0.0290  0.0345  0.0266  0.0331  0.0336  0.0269  0.0292  0.0263  0.0264  0.0252  0.0269
niter,ni,del,rscale     7    3    5.0000    1.2000
parameters
   -1.5219   33.5768    2.6876   -8.6300  -15.4169  -14.0788
    4.2569   -1.7964   -1.4731    7.1972   -2.2332   -8.7154
eta,q 0.97585 13.00438
  0.0278  0.0304  0.0281  0.0277  0.0301  0.0289  0.0270  0.0286  0.0261  0.0276  0.0249  0.0255
  0.0259  0.0272  0.0258  0.0261  0.0275  0.0267  0.0256  0.0262  0.0251  0.0258  0.0244  0.0246
  0.0246  0.0250  0.0245  0.0250  0.0256  0.0254  0.0246  0.0247  0.0244  0.0247  0.0242  0.0242
  0.0241  0.0241  0.0241  0.0241  0.0243  0.0242  0.0242  0.0242  0.0242  0.0242  0.0242  0.0242
  0.0244  0.0244  0.0246  0.0237  0.0242  0.0232  0.0245  0.0246  0.0244  0.0244  0.0243  0.0244
  0.0254  0.0256  0.0264  0.0256  0.0261  0.0251  0.0254  0.0260  0.0251  0.0253  0.0245  0.0251
  0.0273  0.0277  0.0295  0.0302  0.0314  0.0304  0.0270  0.0285  0.0262  0.0268  0.0251  0.0262
niter,ni,del,rscale     6    3    5.0000    1.2000
parameters
   -1.4922   33.6753    2.5899   -8.6091  -15.3842  -14.0628
    4.3190   -1.7314   -1.3829    7.3558   -2.4315   -8.9337
eta,q 0.97587 13.01370
  0.0276  0.0294  0.0285  0.0280  0.0301  0.0288  0.0270  0.0286  0.0262  0.0272  0.0249  0.0258
  0.0257  0.0265  0.0260  0.0263  0.0275  0.0267  0.0255  0.0261  0.0251  0.0255  0.0244  0.0248
  0.0246  0.0247  0.0247  0.0251  0.0255  0.0254  0.0245  0.0246  0.0244  0.0245  0.0242  0.0242
  0.0242  0.0242  0.0242  0.0242  0.0242  0.0242  0.0241  0.0241  0.0241  0.0241  0.0241  0.0241
  0.0245  0.0247  0.0246  0.0236  0.0241  0.0231  0.0244  0.0245  0.0243  0.0244  0.0242  0.0243
  0.0256  0.0263  0.0262  0.0251  0.0260  0.0251  0.0254  0.0260  0.0250  0.0254  0.0245  0.0249
  0.0275  0.0286  0.0291  0.0293  0.0314  0.0306  0.0269  0.0285  0.0261  0.0270  0.0250  0.0259
niter,ni,del,rscale     5    3    5.0000    1.2000
parameters
   -1.4867   33.7027    2.5614   -8.6016  -15.3760  -14.0738
    4.3346   -1.7045   -1.3472    7.3919   -2.4727   -8.9936
eta,q 0.97586 13.01517
  0.0275  0.0291  0.0286  0.0280  0.0301  0.0288  0.0270  0.0286  0.0261  0.0271  0.0250  0.0258
  0.0257  0.0263  0.0261  0.0263  0.0275  0.0267  0.0255  0.0260  0.0251  0.0255  0.0244  0.0248
  0.0245  0.0246  0.0247  0.0251  0.0255  0.0253  0.0245  0.0246  0.0244  0.0245  0.0242  0.0243
  0.0241  0.0241  0.0241  0.0241  0.0241  0.0241  0.0241  0.0241  0.0241  0.0241  0.0241  0.0241
  0.0245  0.0248  0.0245  0.0236  0.0241  0.0231  0.0244  0.0246  0.0244  0.0244  0.0242  0.0243
  0.0256  0.0264  0.0261  0.0251  0.0260  0.0251  0.0254  0.0260  0.0250  0.0255  0.0245  0.0249
  0.0275  0.0288  0.0289  0.0293  0.0315  0.0306  0.0270  0.0285  0.0261  0.0270  0.0250  0.0258
registration optimization eta report
parameter search radius
    2.4000    3.1740    4.1976    9.5220   10.9503    9.5220
    7.2000    7.2000    7.2000    7.2000    7.2000    9.5220
100000*second partial in parameter space
       59.       47.       26.        5.        6.        7.
        5.        9.        4.        6.        2.        2.
  0.0275  0.0291  0.0286  0.0280  0.0301  0.0288  0.0270  0.0286  0.0261  0.0271  0.0250  0.0258
  0.0257  0.0263  0.0261  0.0263  0.0275  0.0267  0.0255  0.0260  0.0251  0.0255  0.0244  0.0248
  0.0245  0.0246  0.0247  0.0251  0.0255  0.0253  0.0245  0.0246  0.0244  0.0245  0.0242  0.0243
  0.0241  0.0241  0.0241  0.0241  0.0241  0.0241  0.0241  0.0241  0.0241  0.0241  0.0241  0.0241
  0.0245  0.0248  0.0245  0.0236  0.0241  0.0231  0.0244  0.0246  0.0244  0.0244  0.0242  0.0243
  0.0256  0.0264  0.0261  0.0251  0.0260  0.0251  0.0254  0.0260  0.0250  0.0255  0.0245  0.0249
  0.0275  0.0288  0.0289  0.0293  0.0315  0.0306  0.0270  0.0285  0.0261  0.0270  0.0250  0.0258
   -1.4867   33.7027    2.5614   -8.6016  -15.3760  -14.0738
    4.3346   -1.7045   -1.3472    7.3919   -2.4727   -8.9936
eta,q 0.97586 13.01517

---------------------------------------------------------------------
imgreg_4dfp /opt/freesurfer/average/711-2C_as_mni_average_305 /opt/freesurfer/average/711-2B_as_mni_average_305_mask talsrcimg_g11 none talsrcimg_to_711-2C_as_mni_average_305_t4 2311
---------------------------------------------------------------------

freesurfer imgreg_4dfp.c
/opt/freesurfer/average/711-2C_as_mni_average_305.4dfp.img
       256       256       256         1
  1.000000  1.000000  1.000000
orientation T byte_order littleendian
Reading image: /opt/freesurfer/average/711-2C_as_mni_average_305.4dfp.img
dimensions:      256       256       256
mmppix:       1.0000   -1.0000   -1.0000
center:     128.0000 -129.0000 -129.0000
/opt/freesurfer/average/711-2B_as_mni_average_305_mask.4dfp.img
       256       256       256         1
  1.000000  1.000000  1.000000
orientation T byte_order littleendian
Reading mask: /opt/freesurfer/average/711-2B_as_mni_average_305_mask.4dfp.img (2306576 pixels)
talsrcimg_g11.4dfp.img
       256       256       256         1
  1.000000  1.000000  1.000000
orientation T byte_order littleendian
Reading image: talsrcimg_g11.4dfp.img
dimensions:      256       256       256
mmppix:       1.0000   -1.0000   -1.0000
center:     128.0000 -129.0000 -129.0000
fimgreg.f
image alignment mode   2311 decimal      907 hex
parameters
   -1.4867   33.7027    2.5614   -8.6016  -15.3760  -14.0738
    4.3346   -1.7045   -1.3472    7.3919   -2.4727   -8.9936
eta,q 0.97586 13.01517
niter,ni,del,rscale     5    3    5.0000    0.8000
parameter  4 -0.654271 -> -0.500000 qaram    1.1500
parameter  6 -0.549645 -> -0.500000 qaram    1.1500
parameters
   -1.4721   33.6197    2.6802   -5.8416  -13.5698  -11.3138
    3.7418   -1.5255   -1.5603    7.2393   -2.5586   -9.2630
eta,q 0.97755 13.41198
  0.0257  0.0253  0.0248  0.0257  0.0256  0.0256  0.0237  0.0264  0.0235  0.0242  0.0236  0.0230
  0.0248  0.0246  0.0245  0.0251  0.0247  0.0249  0.0229  0.0244  0.0229  0.0232  0.0229  0.0227
  0.0243  0.0242  0.0242  0.0246  0.0240  0.0241  0.0225  0.0230  0.0226  0.0226  0.0225  0.0225
  0.0241  0.0241  0.0241  0.0241  0.0235  0.0233  0.0225  0.0225  0.0225  0.0225  0.0225  0.0224
  0.0243  0.0243  0.0242  0.0237  0.0233  0.0227  0.0228  0.0228  0.0226  0.0227  0.0226  0.0226
  0.0248  0.0248  0.0243  0.0236  0.0235  0.0225  0.0235  0.0240  0.0230  0.0233  0.0230  0.0228
  0.0256  0.0255  0.0247  0.0240  0.0239  0.0234  0.0245  0.0258  0.0237  0.0244  0.0236  0.0231
niter,ni,del,rscale     6    3    5.0000    0.9000
parameters
   -1.5720   33.5753    2.6630   -7.3652  -13.7693  -12.4383
    4.3258   -1.6537   -1.2806    7.3601   -2.5778   -9.0751
eta,q 0.97719 13.28811
  0.0249  0.0242  0.0241  0.0243  0.0243  0.0252  0.0250  0.0262  0.0242  0.0250  0.0238  0.0235
  0.0235  0.0232  0.0232  0.0234  0.0234  0.0243  0.0240  0.0243  0.0235  0.0238  0.0232  0.0231
  0.0227  0.0226  0.0226  0.0227  0.0228  0.0233  0.0232  0.0231  0.0230  0.0231  0.0229  0.0229
  0.0224  0.0224  0.0224  0.0224  0.0226  0.0226  0.0229  0.0228  0.0228  0.0228  0.0228  0.0228
  0.0229  0.0227  0.0226  0.0233  0.0227  0.0232  0.0229  0.0233  0.0229  0.0230  0.0229  0.0229
  0.0239  0.0233  0.0232  0.0255  0.0234  0.0257  0.0234  0.0245  0.0233  0.0237  0.0232  0.0231
  0.0256  0.0244  0.0242  0.0290  0.0248  0.0297  0.0243  0.0265  0.0240  0.0248  0.0238  0.0234
niter,ni,del,rscale     5    3    5.0000    0.8000
parameters
   -1.5008   33.6007    2.5252   -7.2082  -13.6109  -12.4889
    4.2201   -1.6158   -1.2718    7.4267   -2.5948   -9.2329
eta,q 0.97723 13.30636
  0.0248  0.0243  0.0237  0.0249  0.0243  0.0253  0.0242  0.0257  0.0238  0.0245  0.0235  0.0233
  0.0238  0.0234  0.0231  0.0241  0.0235  0.0245  0.0234  0.0241  0.0233  0.0236  0.0231  0.0230
  0.0231  0.0230  0.0229  0.0234  0.0230  0.0236  0.0230  0.0231  0.0229  0.0230  0.0228  0.0228
  0.0228  0.0228  0.0228  0.0228  0.0228  0.0228  0.0228  0.0228  0.0228  0.0228  0.0228  0.0228
  0.0229  0.0229  0.0230  0.0227  0.0228  0.0226  0.0229  0.0231  0.0229  0.0229  0.0229  0.0229
  0.0235  0.0234  0.0234  0.0234  0.0233  0.0237  0.0235  0.0241  0.0232  0.0235  0.0231  0.0230
  0.0246  0.0242  0.0240  0.0252  0.0242  0.0264  0.0244  0.0256  0.0238  0.0244  0.0235  0.0233
niter,ni,del,rscale     4    3    5.0000    0.7000
parameters
   -1.4977   33.6272    2.4996   -6.9364  -13.5207  -12.2166
    4.1627   -1.5973   -1.3257    7.4632   -2.6215   -9.3914
eta,q 0.97738 13.33928
  0.0242  0.0239  0.0235  0.0245  0.0239  0.0250  0.0238  0.0250  0.0234  0.0239  0.0233  0.0230
  0.0235  0.0233  0.0231  0.0239  0.0233  0.0242  0.0231  0.0237  0.0230  0.0232  0.0229  0.0228
  0.0230  0.0229  0.0228  0.0233  0.0229  0.0235  0.0228  0.0229  0.0227  0.0228  0.0227  0.0226
  0.0228  0.0228  0.0228  0.0228  0.0227  0.0227  0.0226  0.0226  0.0226  0.0226  0.0226  0.0226
  0.0229  0.0229  0.0229  0.0227  0.0228  0.0225  0.0227  0.0229  0.0227  0.0228  0.0227  0.0227
  0.0234  0.0232  0.0232  0.0232  0.0231  0.0232  0.0232  0.0237  0.0230  0.0232  0.0229  0.0228
  0.0243  0.0238  0.0236  0.0246  0.0238  0.0251  0.0238  0.0250  0.0235  0.0239  0.0233  0.0231
niter,ni,del,rscale     3    3    5.0000    0.6000
parameters
   -1.5064   33.6360    2.5051   -6.7638  -13.4667  -11.9614
    4.1261   -1.5898   -1.3521    7.4602   -2.6479   -9.4773
eta,q 0.97748 13.36158
  0.0237  0.0234  0.0233  0.0241  0.0234  0.0245  0.0234  0.0244  0.0231  0.0235  0.0230  0.0228
  0.0231  0.0230  0.0229  0.0235  0.0230  0.0239  0.0229  0.0234  0.0228  0.0230  0.0227  0.0227
  0.0227  0.0227  0.0227  0.0230  0.0227  0.0232  0.0226  0.0227  0.0226  0.0226  0.0226  0.0225
  0.0226  0.0226  0.0226  0.0226  0.0226  0.0226  0.0225  0.0225  0.0225  0.0225  0.0225  0.0225
  0.0227  0.0227  0.0227  0.0226  0.0227  0.0225  0.0226  0.0227  0.0226  0.0226  0.0226  0.0226
  0.0231  0.0230  0.0229  0.0231  0.0229  0.0231  0.0229  0.0234  0.0228  0.0230  0.0228  0.0227
  0.0238  0.0234  0.0232  0.0241  0.0234  0.0245  0.0234  0.0244  0.0231  0.0235  0.0231  0.0229
niter,ni,del,rscale     2    3    5.0000    0.5000
parameters
   -1.5098   33.6333    2.5273   -6.6362  -13.4419  -11.7401
    4.0851   -1.5908   -1.3737    7.4385   -2.6540   -9.5429
eta,q 0.97754 13.37703
  0.0233  0.0231  0.0230  0.0236  0.0231  0.0241  0.0231  0.0238  0.0229  0.0231  0.0229  0.0227
  0.0229  0.0228  0.0227  0.0232  0.0228  0.0235  0.0227  0.0231  0.0226  0.0228  0.0226  0.0226
  0.0226  0.0226  0.0226  0.0228  0.0226  0.0229  0.0225  0.0226  0.0225  0.0225  0.0225  0.0225
  0.0225  0.0225  0.0225  0.0225  0.0225  0.0225  0.0225  0.0225  0.0225  0.0225  0.0225  0.0225
  0.0226  0.0226  0.0226  0.0225  0.0226  0.0225  0.0225  0.0226  0.0225  0.0225  0.0225  0.0225
  0.0229  0.0228  0.0227  0.0229  0.0227  0.0229  0.0227  0.0231  0.0226  0.0228  0.0226  0.0226
  0.0233  0.0231  0.0230  0.0237  0.0231  0.0240  0.0231  0.0238  0.0229  0.0232  0.0229  0.0227
niter,ni,del,rscale     1    3    5.0000    0.4000
parameters
   -1.5143   33.6303    2.5531   -6.5231  -13.4420  -11.5639
    4.0577   -1.5984   -1.3959    7.4176   -2.6752   -9.5626
eta,q 0.97757 13.38778
  0.0230  0.0228  0.0228  0.0232  0.0228  0.0236  0.0228  0.0233  0.0227  0.0229  0.0227  0.0226
  0.0227  0.0226  0.0226  0.0229  0.0226  0.0232  0.0226  0.0228  0.0225  0.0226  0.0225  0.0225
  0.0225  0.0225  0.0225  0.0226  0.0225  0.0227  0.0225  0.0225  0.0225  0.0225  0.0225  0.0224
  0.0225  0.0225  0.0225  0.0225  0.0224  0.0224  0.0224  0.0224  0.0224  0.0224  0.0224  0.0224
  0.0225  0.0225  0.0225  0.0225  0.0225  0.0225  0.0225  0.0225  0.0225  0.0225  0.0225  0.0225
  0.0227  0.0226  0.0226  0.0227  0.0226  0.0228  0.0226  0.0228  0.0226  0.0226  0.0226  0.0225
  0.0230  0.0228  0.0228  0.0232  0.0228  0.0235  0.0228  0.0233  0.0227  0.0229  0.0227  0.0226
registration optimization eta report
parameter search radius
    0.8000    0.8000    0.8000    2.7600    2.4000    2.7600
    2.4000    2.4000    2.4000    2.4000    2.4000    2.4000
100000*second partial in parameter space
       83.       57.       51.       10.        7.       14.
        7.       16.        5.        8.        5.        3.
  0.0230  0.0228  0.0228  0.0232  0.0228  0.0236  0.0228  0.0233  0.0227  0.0229  0.0227  0.0226
  0.0227  0.0226  0.0226  0.0229  0.0226  0.0232  0.0226  0.0228  0.0225  0.0226  0.0225  0.0225
  0.0225  0.0225  0.0225  0.0226  0.0225  0.0227  0.0225  0.0225  0.0225  0.0225  0.0225  0.0224
  0.0225  0.0225  0.0225  0.0225  0.0224  0.0224  0.0224  0.0224  0.0224  0.0224  0.0224  0.0224
  0.0225  0.0225  0.0225  0.0225  0.0225  0.0225  0.0225  0.0225  0.0225  0.0225  0.0225  0.0225
  0.0227  0.0226  0.0226  0.0227  0.0226  0.0228  0.0226  0.0228  0.0226  0.0226  0.0226  0.0225
  0.0230  0.0228  0.0228  0.0232  0.0228  0.0235  0.0228  0.0233  0.0227  0.0229  0.0227  0.0226
   -1.5143   33.6303    2.5531   -6.5231  -13.4420  -11.5639
    4.0577   -1.5984   -1.3959    7.4176   -2.6752   -9.5626
eta,q 0.97757 13.38778

---------------------------------------------------------------------
imgreg_4dfp /opt/freesurfer/average/711-2C_as_mni_average_305 /opt/freesurfer/average/711-2B_as_mni_average_305_mask talsrcimg_g11 none talsrcimg_to_711-2C_as_mni_average_305_t4 2311
---------------------------------------------------------------------

freesurfer imgreg_4dfp.c
/opt/freesurfer/average/711-2C_as_mni_average_305.4dfp.img
       256       256       256         1
  1.000000  1.000000  1.000000
orientation T byte_order littleendian
Reading image: /opt/freesurfer/average/711-2C_as_mni_average_305.4dfp.img
dimensions:      256       256       256
mmppix:       1.0000   -1.0000   -1.0000
center:     128.0000 -129.0000 -129.0000
/opt/freesurfer/average/711-2B_as_mni_average_305_mask.4dfp.img
       256       256       256         1
  1.000000  1.000000  1.000000
orientation T byte_order littleendian
Reading mask: /opt/freesurfer/average/711-2B_as_mni_average_305_mask.4dfp.img (2306576 pixels)
talsrcimg_g11.4dfp.img
       256       256       256         1
  1.000000  1.000000  1.000000
orientation T byte_order littleendian
Reading image: talsrcimg_g11.4dfp.img
dimensions:      256       256       256
mmppix:       1.0000   -1.0000   -1.0000
center:     128.0000 -129.0000 -129.0000
fimgreg.f
image alignment mode   2311 decimal      907 hex
parameters
   -1.5143   33.6303    2.5531   -6.5231  -13.4420  -11.5639
    4.0577   -1.5984   -1.3959    7.4176   -2.6752   -9.5626
eta,q 0.97757 13.38778
niter,ni,del,rscale     5    3    5.0000    0.8000
parameters
   -1.5388   33.6158    2.5820   -7.0927  -13.6458  -12.0663
    4.2079   -1.6116   -1.3085    7.4253   -2.6418   -9.3561
eta,q 0.97740 13.32944
  0.0245  0.0238  0.0238  0.0240  0.0239  0.0246  0.0242  0.0257  0.0237  0.0243  0.0235  0.0232
  0.0234  0.0231  0.0230  0.0233  0.0231  0.0239  0.0234  0.0240  0.0231  0.0234  0.0230  0.0229
  0.0227  0.0226  0.0226  0.0227  0.0227  0.0231  0.0228  0.0229  0.0227  0.0228  0.0227  0.0227
  0.0224  0.0224  0.0224  0.0224  0.0225  0.0225  0.0226  0.0226  0.0226  0.0226  0.0226  0.0226
  0.0227  0.0226  0.0226  0.0227  0.0227  0.0228  0.0227  0.0230  0.0227  0.0228  0.0227  0.0227
  0.0234  0.0231  0.0230  0.0237  0.0232  0.0240  0.0232  0.0240  0.0230  0.0233  0.0230  0.0228
  0.0246  0.0239  0.0237  0.0255  0.0243  0.0266  0.0240  0.0257  0.0236  0.0243  0.0235  0.0231
niter,ni,del,rscale     4    3    5.0000    0.7000
parameters
   -1.5015   33.6133    2.5328   -6.8282  -13.5493  -11.9671
    4.1238   -1.5900   -1.3429    7.4329   -2.6361   -9.4137
eta,q 0.97747 13.35252
  0.0242  0.0237  0.0234  0.0241  0.0237  0.0245  0.0237  0.0251  0.0233  0.0239  0.0233  0.0230
  0.0234  0.0231  0.0230  0.0235  0.0231  0.0238  0.0230  0.0237  0.0229  0.0231  0.0228  0.0227
  0.0228  0.0227  0.0227  0.0230  0.0227  0.0231  0.0227  0.0228  0.0226  0.0227  0.0226  0.0226
  0.0226  0.0226  0.0226  0.0226  0.0226  0.0226  0.0225  0.0225  0.0225  0.0225  0.0225  0.0225
  0.0227  0.0227  0.0227  0.0225  0.0226  0.0225  0.0227  0.0228  0.0226  0.0227  0.0226  0.0226
  0.0232  0.0231  0.0230  0.0230  0.0230  0.0232  0.0231  0.0237  0.0229  0.0231  0.0229  0.0228
  0.0241  0.0237  0.0235  0.0240  0.0237  0.0248  0.0238  0.0250  0.0234  0.0239  0.0232  0.0230
niter,ni,del,rscale     3    3    5.0000    0.6000
parameters
   -1.5099   33.6232    2.5374   -6.6625  -13.4849  -11.7803
    4.0810   -1.5874   -1.3665    7.4273   -2.6478   -9.4705
eta,q 0.97753 13.37159
  0.0237  0.0233  0.0232  0.0237  0.0234  0.0241  0.0233  0.0244  0.0231  0.0235  0.0230  0.0228
  0.0230  0.0229  0.0228  0.0232  0.0229  0.0236  0.0229  0.0233  0.0227  0.0229  0.0227  0.0226
  0.0227  0.0226  0.0226  0.0228  0.0226  0.0230  0.0226  0.0227  0.0225  0.0226  0.0225  0.0225
  0.0225  0.0225  0.0225  0.0225  0.0225  0.0225  0.0225  0.0225  0.0225  0.0225  0.0225  0.0225
  0.0227  0.0226  0.0226  0.0225  0.0226  0.0225  0.0226  0.0227  0.0225  0.0226  0.0225  0.0225
  0.0230  0.0229  0.0228  0.0229  0.0228  0.0230  0.0229  0.0234  0.0227  0.0229  0.0227  0.0226
  0.0237  0.0233  0.0232  0.0237  0.0233  0.0241  0.0234  0.0244  0.0231  0.0235  0.0230  0.0228
niter,ni,del,rscale     2    3    5.0000    0.5000
parameters
   -1.5155   33.6249    2.5545   -6.5570  -13.4584  -11.6181
    4.0565   -1.5910   -1.3934    7.4100   -2.6495   -9.5342
eta,q 0.97756 13.38346
  0.0233  0.0230  0.0230  0.0234  0.0230  0.0238  0.0230  0.0238  0.0228  0.0231  0.0228  0.0227
  0.0228  0.0227  0.0227  0.0230  0.0227  0.0233  0.0227  0.0231  0.0226  0.0227  0.0226  0.0225
  0.0226  0.0225  0.0225  0.0227  0.0225  0.0228  0.0225  0.0226  0.0225  0.0225  0.0225  0.0225
  0.0225  0.0225  0.0225  0.0225  0.0225  0.0225  0.0224  0.0224  0.0224  0.0224  0.0224  0.0224
  0.0226  0.0225  0.0225  0.0225  0.0225  0.0225  0.0225  0.0226  0.0225  0.0225  0.0225  0.0225
  0.0228  0.0227  0.0227  0.0228  0.0227  0.0229  0.0227  0.0231  0.0226  0.0228  0.0226  0.0226
  0.0233  0.0230  0.0229  0.0234  0.0230  0.0237  0.0231  0.0238  0.0229  0.0231  0.0228  0.0227
niter,ni,del,rscale     1    3    5.0000    0.4000
parameters
   -1.5195   33.6214    2.5734   -6.4769  -13.4589  -11.4922
    4.0455   -1.6000   -1.4005    7.3986   -2.6713   -9.5658
eta,q 0.97758 13.39068
  0.0230  0.0228  0.0228  0.0230  0.0228  0.0234  0.0228  0.0233  0.0227  0.0229  0.0227  0.0226
  0.0227  0.0226  0.0226  0.0228  0.0226  0.0230  0.0226  0.0228  0.0225  0.0226  0.0225  0.0225
  0.0225  0.0225  0.0225  0.0226  0.0225  0.0226  0.0225  0.0225  0.0224  0.0225  0.0224  0.0224
  0.0224  0.0224  0.0224  0.0224  0.0224  0.0224  0.0224  0.0224  0.0224  0.0224  0.0224  0.0224
  0.0225  0.0225  0.0225  0.0225  0.0225  0.0225  0.0225  0.0225  0.0224  0.0225  0.0225  0.0224
  0.0227  0.0226  0.0226  0.0226  0.0226  0.0227  0.0226  0.0228  0.0225  0.0226  0.0225  0.0225
  0.0230  0.0228  0.0228  0.0230  0.0228  0.0233  0.0228  0.0233  0.0227  0.0229  0.0227  0.0226
registration optimization eta report
parameter search radius
    0.8000    0.8000    0.8000    2.4000    2.4000    2.4000
    2.4000    2.4000    2.4000    2.4000    2.4000    2.4000
100000*second partial in parameter space
       84.       56.       52.       10.        7.       15.
        7.       16.        5.        8.        5.        3.
  0.0230  0.0228  0.0228  0.0230  0.0228  0.0234  0.0228  0.0233  0.0227  0.0229  0.0227  0.0226
  0.0227  0.0226  0.0226  0.0228  0.0226  0.0230  0.0226  0.0228  0.0225  0.0226  0.0225  0.0225
  0.0225  0.0225  0.0225  0.0226  0.0225  0.0226  0.0225  0.0225  0.0224  0.0225  0.0224  0.0224
  0.0224  0.0224  0.0224  0.0224  0.0224  0.0224  0.0224  0.0224  0.0224  0.0224  0.0224  0.0224
  0.0225  0.0225  0.0225  0.0225  0.0225  0.0225  0.0225  0.0225  0.0224  0.0225  0.0225  0.0224
  0.0227  0.0226  0.0226  0.0226  0.0226  0.0227  0.0226  0.0228  0.0225  0.0226  0.0225  0.0225
  0.0230  0.0228  0.0228  0.0230  0.0228  0.0233  0.0228  0.0233  0.0227  0.0229  0.0227  0.0226
   -1.5195   33.6214    2.5734   -6.4769  -13.4589  -11.4922
    4.0455   -1.6000   -1.4005    7.3986   -2.6713   -9.5658
eta,q 0.97758 13.39068

---------------------------------------------------------------------
compute_vox2vox talsrcimg talsrcimg_to_711-2C_as_mni_average_305_t4 /opt/freesurfer/average/711-2C_as_mni_average_305
---------------------------------------------------------------------

freesurfer compute_vox2vox.c
Reading: talsrcimg.4dfp.ifh
Reading: talsrcimg_to_711-2C_as_mni_average_305_t4
Reading: /opt/freesurfer/average/711-2C_as_mni_average_305.4dfp.ifh
Writing: talsrcimg_to_711-2C_as_mni_average_305_t4_vox2vox.txt

start time Wed Mar 11 14:23:55 CET 2026
end		time Wed Mar 11 14:25:23 CET 2026

mpr2mni305 success

avi2talxfm orig_nu.mgz /opt/freesurfer/average/mni305.cor.mgz talsrcimg_to_711-2C_as_mni_average_305_t4_vox2vox.txt transforms/talairach.auto.xfm
avi2talxfm done
mv -f /out/sourcedata/freesurfer/sub-v2s18x29517_ses-1/mri/talsrcimg_to_711-2C_as_mni_average_305_t4_vox2vox.txt /out/sourcedata/freesurfer/sub-v2s18x29517_ses-1/mri/transforms/talsrcimg_to_711-2C_as_mni_average_305_t4_vox2vox.txt
lta_convert --src orig_nu.mgz --trg /opt/freesurfer/average/mni305.cor.mgz --inxfm transforms/talairach.auto.xfm --outlta transforms/talairach.auto.xfm.lta --subject fsaverage
7.3.2

--src: orig_nu.mgz src image (geometry).
--trg: /opt/freesurfer/average/mni305.cor.mgz trg image (geometry).
--inmni: transforms/talairach.auto.xfm input MNI/XFM transform.
--outlta: transforms/talairach.auto.xfm.lta output LTA.
--s: fsaverage subject name
 LTA read, type : 1
 1.06921   0.02329  -0.04741   3.16821;
 0.03383   1.12024   0.12224  -44.68094;
 0.01441  -0.09539   1.14430  -0.40320;
 0.00000   0.00000   0.00000   1.00000;
setting subject to fsaverage
Writing  LTA to file transforms/talairach.auto.xfm.lta...
lta_convert successful.
 
 
Started at Wed Mar 11 14:23:55 CET 2026
Ended   at Wed Mar 11 14:25:24 CET 2026
talairach_avi done
