status file for recon-all
Wed Mar 11 15:54:35 CET 2026
#@# Tessellate lh Wed Mar 11 15:54:35 CET 2026
#@# Smooth1 lh Wed Mar 11 15:54:38 CET 2026
#@# Inflation1 lh Wed Mar 11 15:54:41 CET 2026
#@# QSphere lh Wed Mar 11 15:54:56 CET 2026
#@# Fix Topology lh Wed Mar 11 15:56:13 CET 2026
#@# Smooth2 lh Wed Mar 11 16:02:00 CET 2026
#@# Inflation2 lh Wed Mar 11 16:02:03 CET 2026
#@# Curv .H and .K lh Wed Mar 11 16:02:20 CET 2026
#@# Sphere lh Wed Mar 11 16:03:09 CET 2026
#@# Surf Reg lh Wed Mar 11 16:05:47 CET 2026
#@# Jacobian white lh Wed Mar 11 16:10:12 CET 2026
#@# AvgCurv lh Wed Mar 11 16:10:13 CET 2026
#@# Cortical Parc lh Wed Mar 11 16:10:14 CET 2026
#@# white curv lh Wed Mar 11 16:17:21 CET 2026
#@# white area lh Wed Mar 11 16:17:23 CET 2026
#@# pial curv lh Wed Mar 11 16:17:24 CET 2026
#@# pial area lh Wed Mar 11 16:17:26 CET 2026
#@# thickness lh Wed Mar 11 16:17:27 CET 2026
#@# area and vertex vol lh Wed Mar 11 16:17:57 CET 2026
#@# Curvature Stats lh Wed Mar 11 16:17:58 CET 2026
#@# Cortical Parc 2 lh Wed Mar 11 16:18:01 CET 2026
#@# Cortical Parc 3 lh Wed Mar 11 16:18:16 CET 2026
#@# WM/GM Contrast lh Wed Mar 11 16:18:26 CET 2026
recon-all -s sub-v2s18x29511_ses-1 finished without error at Wed Mar 11 16:18:31 CET 2026



#New# invocation of recon-all 



status file for recon-all
Wed Mar 11 16:48:24 CET 2026
#@# white curv lh Wed Mar 11 16:48:24 CET 2026
#@# white area lh Wed Mar 11 16:48:24 CET 2026
#@# pial curv lh Wed Mar 11 16:48:24 CET 2026
#@# pial area lh Wed Mar 11 16:48:24 CET 2026
#@# thickness lh Wed Mar 11 16:48:24 CET 2026
#@# area and vertex vol lh Wed Mar 11 16:48:24 CET 2026
#@# Parcellation Stats lh Wed Mar 11 16:48:24 CET 2026
#@# Parcellation Stats 2 lh Wed Mar 11 16:48:44 CET 2026
#@# Parcellation Stats 3 lh Wed Mar 11 16:48:56 CET 2026
#@# BA_exvivo Labels lh Wed Mar 11 16:49:06 CET 2026
recon-all -s sub-v2s18x29511_ses-1 finished without error at Wed Mar 11 16:52:09 CET 2026
