status file for recon-all
Wed Mar 11 14:04:06 CET 2026
#@# MotionCor Wed Mar 11 14:04:13 CET 2026
#@# Talairach Wed Mar 11 14:04:31 CET 2026
#@# Talairach Failure Detection Wed Mar 11 14:08:55 CET 2026
#@# Nu Intensity Correction Wed Mar 11 14:08:55 CET 2026
#@# Intensity Normalization Wed Mar 11 14:12:11 CET 2026
recon-all -s sub-v2s18x29511_ses-1 finished without error at Wed Mar 11 14:13:45 CET 2026



#New# invocation of recon-all 



status file for recon-all
Wed Mar 11 14:25:22 CET 2026
#@# EM Registration Wed Mar 11 14:25:22 CET 2026
recon-all -s sub-v2s18x29511_ses-1 finished without error at Wed Mar 11 14:28:08 CET 2026



#New# invocation of recon-all 



status file for recon-all
Wed Mar 11 14:28:12 CET 2026
#@# CA Normalize Wed Mar 11 14:28:12 CET 2026
#@# CA Reg Wed Mar 11 14:29:33 CET 2026
#@# SubCort Seg Wed Mar 11 15:18:51 CET 2026
#@# CC Seg Wed Mar 11 15:48:46 CET 2026
#@# Merge ASeg Wed Mar 11 15:49:21 CET 2026
#@# Intensity Normalization2 Wed Mar 11 15:49:21 CET 2026
#@# Mask BFS Wed Mar 11 15:51:34 CET 2026
#@# WM Segmentation Wed Mar 11 15:51:35 CET 2026
#@# Fill Wed Mar 11 15:53:27 CET 2026
recon-all -s sub-v2s18x29511_ses-1 finished without error at Wed Mar 11 15:54:28 CET 2026



#New# invocation of recon-all 



status file for recon-all
Wed Mar 11 16:43:15 CET 2026
#@# white curv lh Wed Mar 11 16:43:15 CET 2026
#@# white area lh Wed Mar 11 16:43:15 CET 2026
#@# pial curv lh Wed Mar 11 16:43:15 CET 2026
#@# pial area lh Wed Mar 11 16:43:15 CET 2026
#@# thickness lh Wed Mar 11 16:43:15 CET 2026
#@# area and vertex vol lh Wed Mar 11 16:43:15 CET 2026
#@# white curv rh Wed Mar 11 16:43:15 CET 2026
#@# white area rh Wed Mar 11 16:43:15 CET 2026
#@# pial curv rh Wed Mar 11 16:43:15 CET 2026
#@# pial area rh Wed Mar 11 16:43:15 CET 2026
#@# thickness rh Wed Mar 11 16:43:15 CET 2026
#@# area and vertex vol rh Wed Mar 11 16:43:15 CET 2026
#@# Cortical ribbon mask Wed Mar 11 16:43:15 CET 2026
recon-all -s sub-v2s18x29511_ses-1 finished without error at Wed Mar 11 16:48:19 CET 2026



#New# invocation of recon-all 



status file for recon-all
Wed Mar 11 16:56:01 CET 2026
#@# white curv lh Wed Mar 11 16:56:02 CET 2026
#@# white area lh Wed Mar 11 16:56:02 CET 2026
#@# pial curv lh Wed Mar 11 16:56:02 CET 2026
#@# pial area lh Wed Mar 11 16:56:02 CET 2026
#@# thickness lh Wed Mar 11 16:56:02 CET 2026
#@# area and vertex vol lh Wed Mar 11 16:56:02 CET 2026
#@# white curv rh Wed Mar 11 16:56:02 CET 2026
#@# white area rh Wed Mar 11 16:56:02 CET 2026
#@# pial curv rh Wed Mar 11 16:56:02 CET 2026
#@# pial area rh Wed Mar 11 16:56:02 CET 2026
#@# thickness rh Wed Mar 11 16:56:02 CET 2026
#@# area and vertex vol rh Wed Mar 11 16:56:02 CET 2026
#@# Curvature Stats lh Wed Mar 11 16:56:02 CET 2026
#@# Curvature Stats rh Wed Mar 11 16:56:05 CET 2026
#@# Relabel Hypointensities Wed Mar 11 16:56:08 CET 2026
#@# APas-to-ASeg Wed Mar 11 16:56:24 CET 2026
#@# AParc-to-ASeg aparc Wed Mar 11 16:56:34 CET 2026
#@# AParc-to-ASeg aparc.a2009s Wed Mar 11 16:57:09 CET 2026
#@# AParc-to-ASeg aparc.DKTatlas Wed Mar 11 16:57:44 CET 2026
#@# WMParc Wed Mar 11 16:58:16 CET 2026
#@# ASeg Stats Wed Mar 11 17:02:02 CET 2026
recon-all -s sub-v2s18x29511_ses-1 finished without error at Wed Mar 11 17:02:43 CET 2026
