status file for recon-all
Wed Mar 11 16:08:40 CET 2026
#@# Tessellate lh Wed Mar 11 16:08:40 CET 2026
#@# Smooth1 lh Wed Mar 11 16:08:44 CET 2026
#@# Inflation1 lh Wed Mar 11 16:08:46 CET 2026
#@# QSphere lh Wed Mar 11 16:08:58 CET 2026
#@# Fix Topology lh Wed Mar 11 16:10:27 CET 2026
#@# Smooth2 lh Wed Mar 11 16:16:16 CET 2026
#@# Inflation2 lh Wed Mar 11 16:16:19 CET 2026
#@# Curv .H and .K lh Wed Mar 11 16:16:32 CET 2026
#@# Sphere lh Wed Mar 11 16:17:21 CET 2026
#@# Surf Reg lh Wed Mar 11 16:19:21 CET 2026
#@# Jacobian white lh Wed Mar 11 16:22:43 CET 2026
#@# AvgCurv lh Wed Mar 11 16:22:44 CET 2026
#@# Cortical Parc lh Wed Mar 11 16:22:45 CET 2026
#@# white curv lh Wed Mar 11 16:29:16 CET 2026
#@# white area lh Wed Mar 11 16:29:18 CET 2026
#@# pial curv lh Wed Mar 11 16:29:18 CET 2026
#@# pial area lh Wed Mar 11 16:29:20 CET 2026
#@# thickness lh Wed Mar 11 16:29:21 CET 2026
#@# area and vertex vol lh Wed Mar 11 16:29:53 CET 2026
#@# Curvature Stats lh Wed Mar 11 16:29:55 CET 2026
#@# Cortical Parc 2 lh Wed Mar 11 16:29:57 CET 2026
#@# Cortical Parc 3 lh Wed Mar 11 16:30:11 CET 2026
#@# WM/GM Contrast lh Wed Mar 11 16:30:21 CET 2026
recon-all -s sub-v2s18x29520_ses-1 finished without error at Wed Mar 11 16:30:27 CET 2026



#New# invocation of recon-all 



status file for recon-all
Wed Mar 11 16:57:41 CET 2026
#@# white curv lh Wed Mar 11 16:57:41 CET 2026
#@# white area lh Wed Mar 11 16:57:41 CET 2026
#@# pial curv lh Wed Mar 11 16:57:41 CET 2026
#@# pial area lh Wed Mar 11 16:57:41 CET 2026
#@# thickness lh Wed Mar 11 16:57:41 CET 2026
#@# area and vertex vol lh Wed Mar 11 16:57:41 CET 2026
#@# Parcellation Stats lh Wed Mar 11 16:57:41 CET 2026
#@# Parcellation Stats 2 lh Wed Mar 11 16:58:00 CET 2026
#@# Parcellation Stats 3 lh Wed Mar 11 16:58:10 CET 2026
#@# BA_exvivo Labels lh Wed Mar 11 16:58:19 CET 2026
recon-all -s sub-v2s18x29520_ses-1 finished without error at Wed Mar 11 17:00:45 CET 2026
