status file for recon-all
Wed Mar 11 16:30:29 CET 2026
#@# Tessellate rh Wed Mar 11 16:30:29 CET 2026
#@# Smooth1 rh Wed Mar 11 16:30:32 CET 2026
#@# Inflation1 rh Wed Mar 11 16:30:35 CET 2026
#@# QSphere rh Wed Mar 11 16:30:46 CET 2026
#@# Fix Topology rh Wed Mar 11 16:31:57 CET 2026
#@# Smooth2 rh Wed Mar 11 16:37:19 CET 2026
#@# Inflation2 rh Wed Mar 11 16:37:22 CET 2026
#@# Curv .H and .K rh Wed Mar 11 16:37:32 CET 2026
#@# Sphere rh Wed Mar 11 16:38:20 CET 2026
#@# Surf Reg rh Wed Mar 11 16:41:13 CET 2026
#@# Jacobian white rh Wed Mar 11 16:44:46 CET 2026
#@# AvgCurv rh Wed Mar 11 16:44:46 CET 2026
#@# Cortical Parc rh Wed Mar 11 16:44:47 CET 2026
#@# white curv rh Wed Mar 11 16:51:14 CET 2026
#@# white area rh Wed Mar 11 16:51:16 CET 2026
#@# pial curv rh Wed Mar 11 16:51:17 CET 2026
#@# pial area rh Wed Mar 11 16:51:18 CET 2026
#@# thickness rh Wed Mar 11 16:51:19 CET 2026
#@# area and vertex vol rh Wed Mar 11 16:51:48 CET 2026
#@# Curvature Stats rh Wed Mar 11 16:51:50 CET 2026
#@# Cortical Parc 2 rh Wed Mar 11 16:51:52 CET 2026
#@# Cortical Parc 3 rh Wed Mar 11 16:52:05 CET 2026
#@# WM/GM Contrast rh Wed Mar 11 16:52:15 CET 2026
recon-all -s sub-v2s18x29520_ses-1 finished without error at Wed Mar 11 16:52:20 CET 2026



#New# invocation of recon-all 



status file for recon-all
Wed Mar 11 17:00:49 CET 2026
#@# white curv rh Wed Mar 11 17:00:49 CET 2026
#@# white area rh Wed Mar 11 17:00:49 CET 2026
#@# pial curv rh Wed Mar 11 17:00:49 CET 2026
#@# pial area rh Wed Mar 11 17:00:49 CET 2026
#@# thickness rh Wed Mar 11 17:00:49 CET 2026
#@# area and vertex vol rh Wed Mar 11 17:00:49 CET 2026
#@# Parcellation Stats rh Wed Mar 11 17:00:49 CET 2026
#@# Parcellation Stats 2 rh Wed Mar 11 17:01:09 CET 2026
#@# Parcellation Stats 3 rh Wed Mar 11 17:01:19 CET 2026
#@# BA_exvivo Labels rh Wed Mar 11 17:01:29 CET 2026
recon-all -s sub-v2s18x29520_ses-1 finished without error at Wed Mar 11 17:03:54 CET 2026
