/out/sourcedata/freesurfer/sub-v2s18x29505_ses-1/mri
/opt/freesurfer/bin/talairach_avi
--i orig_nu.mgz --xfm transforms/talairach.auto.xfm
talairach_avi 7.3.2
Linux dna016 5.14.0-427.37.1.el9_4.x86_64 #1 SMP PREEMPT_DYNAMIC Fri Sep 13 12:41:50 EDT 2024 x86_64 x86_64 x86_64 GNU/Linux
Wed Mar 11 13:27:59 CET 2026
mri_convert orig_nu.mgz talsrcimg.img 
reading from orig_nu.mgz...
TR=0.00, TE=0.00, TI=0.00, flip angle=0.00
i_ras = (-1, -9.62075e-11, 0)
j_ras = (0, 3.63798e-12, -1)
k_ras = (9.62075e-11, 1, 0)
writing to talsrcimg.img...
Analyze Output Matrix
-1.00000   0.00000   0.00000   128.25098;
-0.00000   0.00000   1.00000  -104.09335;
 0.00000  -1.00000   0.00000   96.95189;
 0.00000   0.00000   0.00000   1.00000;
--------------------
INFO: set hdr.hist.orient to -1
mpr2mni305 talsrcimg
Wed Mar 11 13:27:59 CET 2026
/opt/freesurfer/bin/mpr2mni305 talsrcimg
mpr2mni305 7.3.2
target=711-2C_as_mni_average_305

---------------------------------------------------------------------
analyzeto4dfp talsrcimg -O0 -y
---------------------------------------------------------------------

freesurfer ifh2hdr.c
Wed Mar 11 13:28:00 2026
Writing: talsrcimg.4dfp.hdr
freesurfer analyzeto4dfp.c
Reading: talsrcimg.hdr
header size 348 bytes
hdr.dime.datatype	offset=70	value=2
hdr.dime.bitpix		offset=72	value=8
hdr.hist.orient		offset=252	value=-1
dimensionality     4
dimensions       256       256       256         1
Reading: talsrcimg.img
Writing: talsrcimg.4dfp.img
Writing: talsrcimg.4dfp.ifh
ifh2hdr talsrcimg -r0to185
ori=2

---------------------------------------------------------------------
gauss_4dfp talsrcimg 1.1
---------------------------------------------------------------------

freesurfer gauss_4dfp.c
Reading: talsrcimg.4dfp.img
Writing: talsrcimg_g11.4dfp.img
image dimensions 256 256 256 padded to 288 288 288
processing volume 1freesurfer ifh2hdr.c
Wed Mar 11 13:28:01 2026
Writing: talsrcimg_g11.4dfp.hdr

Writing: talsrcimg_g11.4dfp.ifh
including: talsrcimg.4dfp.img.rec in talsrcimg_g11.4dfp.img.rec

---------------------------------------------------------------------
imgreg_4dfp /opt/freesurfer/average/711-2C_as_mni_average_305 none talsrcimg_g11 none talsrcimg_to_711-2C_as_mni_average_305_t4 4355
---------------------------------------------------------------------

freesurfer imgreg_4dfp.c
/opt/freesurfer/average/711-2C_as_mni_average_305.4dfp.img
       256       256       256         1
  1.000000  1.000000  1.000000
orientation T byte_order littleendian
Reading image: /opt/freesurfer/average/711-2C_as_mni_average_305.4dfp.img
dimensions:      256       256       256
mmppix:       1.0000   -1.0000   -1.0000
center:     128.0000 -129.0000 -129.0000
talsrcimg_g11.4dfp.img
       256       256       256         1
  1.000000  1.000000  1.000000
orientation T byte_order littleendian
Reading image: talsrcimg_g11.4dfp.img
dimensions:      256       256       256
mmppix:       1.0000   -1.0000   -1.0000
center:     128.0000 -129.0000 -129.0000
t4_read: open error in t4_sub.f l:  41 t4_file(1:l)talsrcimg_to_711-2C_as_mni_average_305_t4 
t4_read: transform initialized to I4
rotation matrix determinant  1.000000
image alignment mode   4355 decimal     1103 hex
   -7.5000  -45.0000  -45.0000 4898.5415   26.1009
    0.0000  -45.0000  -45.0000 5127.6011   26.0329
    7.5000  -45.0000  -45.0000 4897.3677   26.0194
   -7.5000  -37.5000  -45.0000 5466.8730   24.8359
    0.0000  -37.5000  -45.0000 5700.6353   24.7653
    7.5000  -37.5000  -45.0000 5454.3989   24.7576
   -7.5000  -30.0000  -45.0000 6321.9609   23.9086
    0.0000  -30.0000  -45.0000 6557.1616   23.8370
    7.5000  -30.0000  -45.0000 6302.1128   23.8316
   -7.5000  -22.5000  -45.0000 7237.8413   23.2732
    0.0000  -22.5000  -45.0000 7485.9780   23.2044
    7.5000  -22.5000  -45.0000 7223.8281   23.1920
   -7.5000  -15.0000  -45.0000 8147.0176   22.9491
    0.0000  -15.0000  -45.0000 8442.4727   22.8917
    7.5000  -15.0000  -45.0000 8143.4336   22.8729
   -7.5000   -7.5000  -45.0000 9132.7861   22.8345
    0.0000   -7.5000  -45.0000 9493.3359   22.7851
    7.5000   -7.5000  -45.0000 9111.2744   22.7687
   -7.5000    0.0000  -45.000010123.0205   22.7856
    0.0000    0.0000  -45.000010545.3428   22.7357
    7.5000    0.0000  -45.000010096.9287   22.7266
   -7.5000    7.5000  -45.000010411.8115   22.7687
    0.0000    7.5000  -45.000010859.1777   22.7108
    7.5000    7.5000  -45.000010345.8730   22.7086
   -7.5000   15.0000  -45.000010472.0088   22.7627
    0.0000   15.0000  -45.000010907.9092   22.6964
    7.5000   15.0000  -45.000010385.2051   22.6957
   -7.5000   22.5000  -45.000010381.0264   22.7723
    0.0000   22.5000  -45.000010834.0381   22.7066
    7.5000   22.5000  -45.000010305.7676   22.6977
   -7.5000   30.0000  -45.000010216.4932   22.4989
    0.0000   30.0000  -45.000010683.3027   22.4431
    7.5000   30.0000  -45.000010151.4736   22.4258
   -7.5000   37.5000  -45.000010366.5322   22.4951
    0.0000   37.5000  -45.000010847.5889   22.4466
    7.5000   37.5000  -45.000010307.2031   22.4307
   -7.5000   45.0000  -45.000010069.2949   21.9111
    0.0000   45.0000  -45.000010514.9805   21.8631
    7.5000   45.0000  -45.000010020.3604   21.8543
   -7.5000  -45.0000  -37.5000 5197.5127   25.8842
    0.0000  -45.0000  -37.5000 5427.7915   25.7927
    7.5000  -45.0000  -37.5000 5186.0454   25.7664
   -7.5000  -37.5000  -37.5000 5809.7871   24.6341
    0.0000  -37.5000  -37.5000 6029.9858   24.5399
    7.5000  -37.5000  -37.5000 5783.3984   24.5166
   -7.5000  -30.0000  -37.5000 6677.2554   23.7187
    0.0000  -30.0000  -37.5000 6907.5254   23.6314
    7.5000  -30.0000  -37.5000 6652.5034   23.6145
   -7.5000  -22.5000  -37.5000 7631.7393   23.1006
    0.0000  -22.5000  -37.5000 7896.5869   23.0248
    7.5000  -22.5000  -37.5000 7602.5063   23.0108
   -7.5000  -15.0000  -37.5000 8614.7744   22.7898
    0.0000  -15.0000  -37.5000 8936.3604   22.7281
    7.5000  -15.0000  -37.5000 8583.1562   22.7136
   -7.5000   -7.5000  -37.5000 9646.9473   22.6807
    0.0000   -7.5000  -37.500010063.8896   22.6202
    7.5000   -7.5000  -37.5000 9638.0596   22.6032
   -7.5000    0.0000  -37.500010705.4648   22.6284
    0.0000    0.0000  -37.500011189.0039   22.5594
    7.5000    0.0000  -37.500010675.9004   22.5406
   -7.5000    7.5000  -37.500011011.6191   22.6030
    0.0000    7.5000  -37.500011496.4375   22.5254
    7.5000    7.5000  -37.500010933.3818   22.5096
   -7.5000   15.0000  -37.500011068.6611   22.5929
    0.0000   15.0000  -37.500011542.1562   22.5125
    7.5000   15.0000  -37.500010961.5830   22.5014
   -7.5000   22.5000  -37.500010971.5547   22.6080
    0.0000   22.5000  -37.500011470.1084   22.5357
    7.5000   22.5000  -37.500010876.2881   22.5251
   -7.5000   30.0000  -37.500010778.4385   22.3447
    0.0000   30.0000  -37.500011287.9756   22.2848
    7.5000   30.0000  -37.500010685.7686   22.2717
   -7.5000   37.5000  -37.500010948.9482   22.3440
    0.0000   37.5000  -37.500011463.7793   22.2845
    7.5000   37.5000  -37.500010856.9561   22.2681
   -7.5000   45.0000  -37.500010623.0332   21.7599
    0.0000   45.0000  -37.500011126.2637   21.6936
    7.5000   45.0000  -37.500010549.9238   21.6755
   -7.5000  -45.0000  -30.0000 5571.0137   26.9923
    0.0000  -45.0000  -30.0000 5801.9087   26.8892
    7.5000  -45.0000  -30.0000 5553.5474   26.8495
   -7.5000  -37.5000  -30.0000 6206.2021   25.6836
    0.0000  -37.5000  -30.0000 6425.7358   25.5785
    7.5000  -37.5000  -30.0000 6173.5801   25.5438
   -7.5000  -30.0000  -30.0000 7139.0825   24.7296
    0.0000  -30.0000  -30.0000 7383.2847   24.6311
    7.5000  -30.0000  -30.0000 7098.6758   24.6055
   -7.5000  -22.5000  -30.0000 8161.4985   24.0916
    0.0000  -22.5000  -30.0000 8453.7676   24.0068
    7.5000  -22.5000  -30.0000 8107.7134   23.9913
   -7.5000  -15.0000  -30.0000 9256.1621   23.7769
    0.0000  -15.0000  -30.0000 9645.6328   23.7087
    7.5000  -15.0000  -30.0000 9227.5732   23.6960
   -7.5000   -7.5000  -30.000010422.0469   23.6681
    0.0000   -7.5000  -30.000010876.2480   23.6008
    7.5000   -7.5000  -30.000010378.2500   23.5816
   -7.5000    0.0000  -30.000011575.0322   23.6109
    0.0000    0.0000  -30.000012075.8652   23.5342
    7.5000    0.0000  -30.000011506.5605   23.5074
   -7.5000    7.5000  -30.000011872.3857   23.5736
    0.0000    7.5000  -30.000012400.9434   23.4873
    7.5000    7.5000  -30.000011743.0986   23.4616
   -7.5000   15.0000  -30.000011924.3984   23.5558
    0.0000   15.0000  -30.000012452.2988   23.4653
    7.5000   15.0000  -30.000011779.6152   23.4466
   -7.5000   22.5000  -30.000011786.5654   23.5748
    0.0000   22.5000  -30.000012330.9443   23.4938
    7.5000   22.5000  -30.000011670.7607   23.4820
   -7.5000   30.0000  -30.000011590.6602   23.3151
    0.0000   30.0000  -30.000012139.9697   23.2487
    7.5000   30.0000  -30.000011474.0986   23.2376
   -7.5000   37.5000  -30.000011786.4473   23.3194
    0.0000   37.5000  -30.000012338.3789   23.2531
    7.5000   37.5000  -30.000011655.0732   23.2345
   -7.5000   45.0000  -30.000011419.3174   22.7214
    0.0000   45.0000  -30.000011969.4512   22.6476
    7.5000   45.0000  -30.000011293.8047   22.6218
   -7.5000  -45.0000  -22.5000 5912.7891   27.9724
    0.0000  -45.0000  -22.5000 6154.7373   27.8855
    7.5000  -45.0000  -22.5000 5887.6846   27.8430
   -7.5000  -37.5000  -22.5000 6602.5488   26.6204
    0.0000  -37.5000  -22.5000 6842.6489   26.5322
    7.5000  -37.5000  -22.5000 6570.5220   26.5012
   -7.5000  -30.0000  -22.5000 7595.3564   25.6299
    0.0000  -30.0000  -22.5000 7869.6660   25.5381
    7.5000  -30.0000  -22.5000 7554.8281   25.5160
   -7.5000  -22.5000  -22.5000 8701.2861   24.9573
    0.0000  -22.5000  -22.5000 9038.6279   24.8704
    7.5000  -22.5000  -22.5000 8684.6670   24.8554
   -7.5000  -15.0000  -22.5000 9933.5312   24.6274
    0.0000  -15.0000  -22.500010358.6611   24.5557
    7.5000  -15.0000  -22.5000 9922.4639   24.5401
   -7.5000   -7.5000  -22.500011211.2305   24.5204
    0.0000   -7.5000  -22.500011695.6895   24.4580
    7.5000   -7.5000  -22.500011159.5371   24.4356
   -7.5000    0.0000  -22.500012439.6367   24.4704
    0.0000    0.0000  -22.500012994.2422   24.4082
    7.5000    0.0000  -22.500012355.8955   24.3819
   -7.5000    7.5000  -22.500012709.6768   24.4337
    0.0000    7.5000  -22.500013292.1299   24.3619
    7.5000    7.5000  -22.500012581.7090   24.3396
   -7.5000   15.0000  -22.500012758.2891   24.4086
    0.0000   15.0000  -22.500013345.2295   24.3241
    7.5000   15.0000  -22.500012629.9463   24.3089
   -7.5000   22.5000  -22.500012592.8496   24.4178
    0.0000   22.5000  -22.500013189.9648   24.3347
    7.5000   22.5000  -22.500012485.2744   24.3236
   -7.5000   30.0000  -22.500012378.7588   24.1517
    0.0000   30.0000  -22.500012977.7686   24.0821
    7.5000   30.0000  -22.500012273.9785   24.0682
   -7.5000   37.5000  -22.500012617.9971   24.1629
    0.0000   37.5000  -22.500013243.1406   24.1015
    7.5000   37.5000  -22.500012465.4277   24.0798
   -7.5000   45.0000  -22.500012233.2324   23.5662
    0.0000   45.0000  -22.500012851.4473   23.5063
    7.5000   45.0000  -22.500012067.7646   23.4810
   -7.5000  -45.0000  -15.0000 6226.2358   28.6416
    0.0000  -45.0000  -15.0000 6466.8643   28.5794
    7.5000  -45.0000  -15.0000 6199.7593   28.5465
   -7.5000  -37.5000  -15.0000 6978.2227   27.2669
    0.0000  -37.5000  -15.0000 7227.8623   27.2031
    7.5000  -37.5000  -15.0000 6932.3848   27.1852
   -7.5000  -30.0000  -15.0000 8055.8823   26.2549
    0.0000  -30.0000  -15.0000 8351.3242   26.1777
    7.5000  -30.0000  -15.0000 8010.7183   26.1659
   -7.5000  -22.5000  -15.0000 9252.8525   25.5539
    0.0000  -22.5000  -15.0000 9637.6924   25.4714
    7.5000  -22.5000  -15.0000 9231.5889   25.4582
   -7.5000  -15.0000  -15.000010565.4463   25.2051
    0.0000  -15.0000  -15.000011042.6123   25.1347
    7.5000  -15.0000  -15.000010544.4287   25.1149
   -7.5000   -7.5000  -15.000011915.1875   25.0926
    0.0000   -7.5000  -15.000012471.0205   25.0401
    7.5000   -7.5000  -15.000011882.7119   25.0170
   -7.5000    0.0000  -15.000013226.0713   25.0487
    0.0000    0.0000  -15.000013851.3301   25.0068
    7.5000    0.0000  -15.000013164.6289   24.9880
   -7.5000    7.5000  -15.000013545.7959   25.0229
    0.0000    7.5000  -15.000014204.1855   24.9717
    7.5000    7.5000  -15.000013424.7715   24.9609
   -7.5000   15.0000  -15.000013555.1426   25.0004
    0.0000   15.0000  -15.000014233.3555   24.9290
    7.5000   15.0000  -15.000013439.1426   24.9232
   -7.5000   22.5000  -15.000013363.8389   24.9991
    0.0000   22.5000  -15.000014009.7910   24.9201
    7.5000   22.5000  -15.000013262.8701   24.9107
   -7.5000   30.0000  -15.000013136.3965   24.7206
    0.0000   30.0000  -15.000013774.6357   24.6522
    7.5000   30.0000  -15.000013029.6562   24.6342
   -7.5000   37.5000  -15.000013389.6582   24.7301
    0.0000   37.5000  -15.000014087.2148   24.6784
    7.5000   37.5000  -15.000013244.4873   24.6560
   -7.5000   45.0000  -15.000013019.3945   24.1377
    0.0000   45.0000  -15.000013696.5225   24.0973
    7.5000   45.0000  -15.000012861.7451   24.0793
   -7.5000  -45.0000   -7.5000 6571.9917   28.9187
    0.0000  -45.0000   -7.5000 6822.5732   28.8616
    7.5000  -45.0000   -7.5000 6546.5728   28.8429
   -7.5000  -37.5000   -7.5000 7372.7095   27.5345
    0.0000  -37.5000   -7.5000 7655.8203   27.4757
    7.5000  -37.5000   -7.5000 7336.6729   27.4690
   -7.5000  -30.0000   -7.5000 8530.2822   26.5157
    0.0000  -30.0000   -7.5000 8865.1084   26.4457
    7.5000  -30.0000   -7.5000 8491.6396   26.4416
   -7.5000  -22.5000   -7.5000 9826.8838   25.8079
    0.0000  -22.5000   -7.500010248.8447   25.7323
    7.5000  -22.5000   -7.5000 9773.5576   25.7194
   -7.5000  -15.0000   -7.500011196.6924   25.4487
    0.0000  -15.0000   -7.500011718.0371   25.3835
    7.5000  -15.0000   -7.500011145.8564   25.3611
   -7.5000   -7.5000   -7.500012604.9756   25.3266
    0.0000   -7.5000   -7.500013203.0674   25.2780
    7.5000   -7.5000   -7.500012571.1953   25.2575
   -7.5000    0.0000   -7.500014003.9951   25.2804
    0.0000    0.0000   -7.500014702.4688   25.2413
    7.5000    0.0000   -7.500013965.3633   25.2308
   -7.5000    7.5000   -7.500014388.1201   25.2634
    0.0000    7.5000   -7.500015097.8008   25.2159
    7.5000    7.5000   -7.500014305.1846   25.2149
   -7.5000   15.0000   -7.500014462.5127   25.2507
    0.0000   15.0000   -7.500015178.4873   25.1857
    7.5000   15.0000   -7.500014349.8203   25.1868
   -7.5000   22.5000   -7.500014216.7568   25.2463
    0.0000   22.5000   -7.500014895.9434   25.1740
    7.5000   22.5000   -7.500014138.2383   25.1649
   -7.5000   30.0000   -7.500013901.8506   24.9589
    0.0000   30.0000   -7.500014588.0088   24.8955
    7.5000   30.0000   -7.500013845.9854   24.8748
   -7.5000   37.5000   -7.500014193.1182   24.9597
    0.0000   37.5000   -7.500014952.4072   24.9119
    7.5000   37.5000   -7.500014104.8711   24.8921
   -7.5000   45.0000   -7.500013808.3350   24.3655
    0.0000   45.0000   -7.500014573.5654   24.3278
    7.5000   45.0000   -7.500013750.7139   24.3178
   -7.5000  -45.0000    0.0000 6857.7456   28.9272
    0.0000  -45.0000    0.0000 7143.8213   28.8512
    7.5000  -45.0000    0.0000 6813.2183   28.8355
   -7.5000  -37.5000    0.0000 7688.5264   27.5389
    0.0000  -37.5000    0.0000 8020.2192   27.4609
    7.5000  -37.5000    0.0000 7661.4829   27.4516
   -7.5000  -30.0000    0.0000 8930.6416   26.5178
    0.0000  -30.0000    0.0000 9302.8281   26.4390
    7.5000  -30.0000    0.0000 8913.2207   26.4327
   -7.5000  -22.5000    0.000010324.6680   25.8164
    0.0000  -22.5000    0.000010757.6533   25.7406
    7.5000  -22.5000    0.000010272.3887   25.7267
   -7.5000  -15.0000    0.000011748.8154   25.4590
    0.0000  -15.0000    0.000012270.3164   25.3953
    7.5000  -15.0000    0.000011691.0000   25.3743
   -7.5000   -7.5000    0.000013211.2969   25.3349
    0.0000   -7.5000    0.000013801.4502   25.2795
    7.5000   -7.5000    0.000013162.9023   25.2609
   -7.5000    0.0000    0.000014675.0430   25.2837
    0.0000    0.0000    0.000015343.8281   25.2279
    7.5000    0.0000    0.000014611.9180   25.2171
   -7.5000    7.5000    0.000015122.3438   25.2659
    0.0000    7.5000    0.000015838.1270   25.2018
    7.5000    7.5000    0.000015026.7451   25.1987
   -7.5000   15.0000    0.000015354.3936   25.2575
    0.0000   15.0000    0.000016155.0166   25.1846
    7.5000   15.0000    0.000015211.3838   25.1835
   -7.5000   22.5000    0.000015140.3691   25.2572
    0.0000   22.5000    0.000015924.8818   25.1849
    7.5000   22.5000    0.000015033.8457   25.1749
   -7.5000   30.0000    0.000014719.9824   24.9707
    0.0000   30.0000    0.000015424.5684   24.9088
    7.5000   30.0000    0.000014680.7236   24.8894
   -7.5000   37.5000    0.000014950.2139   24.9683
    0.0000   37.5000    0.000015671.5791   24.9139
    7.5000   37.5000    0.000014952.1348   24.8960
   -7.5000   45.0000    0.000014584.0430   24.3706
    0.0000   45.0000    0.000015304.1992   24.3168
    7.5000   45.0000    0.000014633.2520   24.3063
   -7.5000  -45.0000    7.5000 6591.1782   28.9322
    0.0000  -45.0000    7.5000 6870.5762   28.8301
    7.5000  -45.0000    7.5000 6526.8320   28.8011
   -7.5000  -37.5000    7.5000 7415.2920   27.5357
    0.0000  -37.5000    7.5000 7682.7603   27.4306
    7.5000  -37.5000    7.5000 7350.9185   27.4048
   -7.5000  -30.0000    7.5000 8654.2266   26.5134
    0.0000  -30.0000    7.5000 8968.7471   26.4160
    7.5000  -30.0000    7.5000 8587.4414   26.3974
   -7.5000  -22.5000    7.500010002.5283   25.8237
    0.0000  -22.5000    7.500010409.7803   25.7391
    7.5000  -22.5000    7.5000 9945.6777   25.7236
   -7.5000  -15.0000    7.500011361.2705   25.4773
    0.0000  -15.0000    7.500011860.9482   25.4085
    7.5000  -15.0000    7.500011314.9863   25.3924
   -7.5000   -7.5000    7.500012757.3984   25.3555
    0.0000   -7.5000    7.500013359.0713   25.2880
    7.5000   -7.5000    7.500012741.1045   25.2692
   -7.5000    0.0000    7.500014146.5537   25.2966
    0.0000    0.0000    7.500014779.7451   25.2196
    7.5000    0.0000    7.500014130.3975   25.1988
   -7.5000    7.5000    7.500014592.1201   25.2677
    0.0000    7.5000    7.500015233.9756   25.1811
    7.5000    7.5000    7.500014554.2871   25.1636
   -7.5000   15.0000    7.500014956.2734   25.2562
    0.0000   15.0000    7.500015809.5059   25.1665
    7.5000   15.0000    7.500014868.8408   25.1543
   -7.5000   22.5000    7.500014988.0068   25.2654
    0.0000   22.5000    7.500015839.6543   25.1848
    7.5000   22.5000    7.500014880.3711   25.1731
   -7.5000   30.0000    7.500014585.8164   24.9896
    0.0000   30.0000    7.500015224.8350   24.9227
    7.5000   30.0000    7.500014576.1709   24.9083
   -7.5000   37.5000    7.500014787.8350   24.9889
    0.0000   37.5000    7.500015325.3721   24.9225
    7.5000   37.5000    7.500014812.1074   24.9043
   -7.5000   45.0000    7.500014433.9307   24.3830
    0.0000   45.0000    7.500014967.3730   24.3088
    7.5000   45.0000    7.500014403.4902   24.2887
   -7.5000  -45.0000   15.0000 6264.0811   29.0049
    0.0000  -45.0000   15.0000 6491.8677   28.8942
    7.5000  -45.0000   15.0000 6175.2100   28.8514
   -7.5000  -37.5000   15.0000 7052.1123   27.6002
    0.0000  -37.5000   15.0000 7305.6030   27.4873
    7.5000  -37.5000   15.0000 6984.3442   27.4500
   -7.5000  -30.0000   15.0000 8254.6953   26.5766
    0.0000  -30.0000   15.0000 8569.3057   26.4708
    7.5000  -30.0000   15.0000 8190.6274   26.4433
   -7.5000  -22.5000   15.0000 9562.5664   25.8921
    0.0000  -22.5000   15.0000 9946.7402   25.8010
    7.5000  -22.5000   15.0000 9525.2471   25.7843
   -7.5000  -15.0000   15.000010837.6143   25.5534
    0.0000  -15.0000   15.000011295.2842   25.4801
    7.5000  -15.0000   15.000010830.1768   25.4665
   -7.5000   -7.5000   15.000012162.6641   25.4361
    0.0000   -7.5000   15.000012693.4180   25.3638
    7.5000   -7.5000   15.000012166.3701   25.3431
   -7.5000    0.0000   15.000013497.4922   25.3744
    0.0000    0.0000   15.000014048.5098   25.2920
    7.5000    0.0000   15.000013447.0479   25.2632
   -7.5000    7.5000   15.000013896.2061   25.3345
    0.0000    7.5000   15.000014483.0400   25.2418
    7.5000    7.5000   15.000013849.7900   25.2141
   -7.5000   15.0000   15.000014156.9492   25.3156
    0.0000   15.0000   15.000014902.1191   25.2184
    7.5000   15.0000   15.000014099.7129   25.1983
   -7.5000   22.5000   15.000014172.8682   25.3305
    0.0000   22.5000   15.000014832.6289   25.2437
    7.5000   22.5000   15.000014109.5215   25.2309
   -7.5000   30.0000   15.000013915.9102   25.0642
    0.0000   30.0000   15.000014474.8105   24.9930
    7.5000   30.0000   15.000013885.3779   24.9810
   -7.5000   37.5000   15.000014215.2061   25.0686
    0.0000   37.5000   15.000014748.4951   24.9974
    7.5000   37.5000   15.000014141.5342   24.9774
   -7.5000   45.0000   15.000013868.5273   24.4580
    0.0000   45.0000   15.000014434.5107   24.3786
    7.5000   45.0000   15.000013713.6680   24.3508
   -7.5000  -45.0000   22.5000 5864.6870   29.1691
    0.0000  -45.0000   22.5000 6094.5615   29.0791
    7.5000  -45.0000   22.5000 5803.8262   29.0350
   -7.5000  -37.5000   22.5000 6639.9854   27.7653
    0.0000  -37.5000   22.5000 6883.5337   27.6738
    7.5000  -37.5000   22.5000 6588.1030   27.6417
   -7.5000  -30.0000   22.5000 7790.8496   26.7387
    0.0000  -30.0000   22.5000 8050.4341   26.6435
    7.5000  -30.0000   22.5000 7740.3188   26.6206
   -7.5000  -22.5000   22.5000 9009.9287   26.0442
    0.0000  -22.5000   22.5000 9364.0967   25.9542
    7.5000  -22.5000   22.5000 9008.0205   25.9387
   -7.5000  -15.0000   22.500010226.4473   25.6967
    0.0000  -15.0000   22.500010685.2373   25.6226
    7.5000  -15.0000   22.500010255.7451   25.6065
   -7.5000   -7.5000   22.500011467.0264   25.5838
    0.0000   -7.5000   22.500011999.4121   25.5194
    7.5000   -7.5000   22.500011491.1309   25.4962
   -7.5000    0.0000   22.500012710.0459   25.5322
    0.0000    0.0000   22.500013248.5215   25.4680
    7.5000    0.0000   22.500012680.8945   25.4406
   -7.5000    7.5000   22.500013096.6152   25.4954
    0.0000    7.5000   22.500013654.1172   25.4211
    7.5000    7.5000   22.500013061.3154   25.3980
   -7.5000   15.0000   22.500013269.6230   25.4698
    0.0000   15.0000   22.500013904.2637   25.3821
    7.5000   15.0000   22.500013252.6143   25.3664
   -7.5000   22.5000   22.500013241.0986   25.4745
    0.0000   22.5000   22.500013717.1230   25.3885
    7.5000   22.5000   22.500013206.6270   25.3770
   -7.5000   30.0000   22.500013043.1055   25.2031
    0.0000   30.0000   22.500013434.9893   25.1310
    7.5000   30.0000   22.500012994.2412   25.1167
   -7.5000   37.5000   22.500013369.6553   25.2142
    0.0000   37.5000   22.500013800.6006   25.1508
    7.5000   37.5000   22.500013285.7549   25.1282
   -7.5000   45.0000   22.500013065.0127   24.6101
    0.0000   45.0000   22.500013531.3389   24.5482
    7.5000   45.0000   22.500012920.9795   24.5219
   -7.5000  -45.0000   30.0000 5439.3125   29.4029
    0.0000  -45.0000   30.0000 5644.8110   29.3413
    7.5000  -45.0000   30.0000 5396.6509   29.3085
   -7.5000  -37.5000   30.0000 6168.0410   27.9976
    0.0000  -37.5000   30.0000 6387.9893   27.9343
    7.5000  -37.5000   30.0000 6149.3896   27.9169
   -7.5000  -30.0000   30.0000 7238.1069   26.9673
    0.0000  -30.0000   30.0000 7488.9346   26.8899
    7.5000  -30.0000   30.0000 7222.7534   26.8788
   -7.5000  -22.5000   30.0000 8363.2695   26.2590
    0.0000  -22.5000   30.0000 8712.2334   26.1759
    7.5000  -22.5000   30.0000 8370.1328   26.1633
   -7.5000  -15.0000   30.0000 9521.3682   25.8941
    0.0000  -15.0000   30.0000 9939.7236   25.8235
    7.5000  -15.0000   30.0000 9548.3643   25.8038
   -7.5000   -7.5000   30.000010679.0605   25.7771
    0.0000   -7.5000   30.000011139.3428   25.7252
    7.5000   -7.5000   30.000010698.9922   25.7021
   -7.5000    0.0000   30.000011845.9443   25.7336
    0.0000    0.0000   30.000012344.6689   25.6926
    7.5000    0.0000   30.000011855.6367   25.6742
   -7.5000    7.5000   30.000012191.4248   25.7087
    0.0000    7.5000   30.000012773.6074   25.6582
    7.5000    7.5000   30.000012220.4863   25.6481
   -7.5000   15.0000   30.000012296.8955   25.6852
    0.0000   15.0000   30.000012875.2637   25.6136
    7.5000   15.0000   30.000012325.8418   25.6087
   -7.5000   22.5000   30.000012252.9668   25.6791
    0.0000   22.5000   30.000012682.2324   25.5995
    7.5000   22.5000   30.000012225.3662   25.5908
   -7.5000   30.0000   30.000012071.7500   25.3941
    0.0000   30.0000   30.000012488.2646   25.3256
    7.5000   30.0000   30.000012009.4414   25.3077
   -7.5000   37.5000   30.000012308.8281   25.4042
    0.0000   37.5000   30.000012753.0049   25.3530
    7.5000   37.5000   30.000012236.9863   25.3307
   -7.5000   45.0000   30.000012025.7773   24.8042
    0.0000   45.0000   30.000012448.1191   24.7647
    7.5000   45.0000   30.000011946.1143   24.7469
   -7.5000  -45.0000   37.5000 5247.6104   29.9652
    0.0000  -45.0000   37.5000 5426.8081   29.9084
    7.5000  -45.0000   37.5000 5226.7144   29.8907
   -7.5000  -37.5000   37.5000 5958.4214   28.5190
    0.0000  -37.5000   37.5000 6163.4165   28.4608
    7.5000  -37.5000   37.5000 5954.9307   28.4560
   -7.5000  -30.0000   37.5000 6977.7495   27.4632
    0.0000  -30.0000   37.5000 7259.2085   27.3936
    7.5000  -30.0000   37.5000 6979.4858   27.3917
   -7.5000  -22.5000   37.5000 8073.2314   26.7390
    0.0000  -22.5000   37.5000 8422.6611   26.6634
    7.5000  -22.5000   37.5000 8072.6968   26.6522
   -7.5000  -15.0000   37.5000 9195.3955   26.3558
    0.0000  -15.0000   37.5000 9601.1602   26.2910
    7.5000  -15.0000   37.5000 9198.1943   26.2692
   -7.5000   -7.5000   37.500010327.4580   26.2264
    0.0000   -7.5000   37.500010808.7100   26.1787
    7.5000   -7.5000   37.500010333.3604   26.1585
   -7.5000    0.0000   37.500011452.3555   26.1784
    0.0000    0.0000   37.500012027.6631   26.1405
    7.5000    0.0000   37.500011459.9365   26.1309
   -7.5000    7.5000   37.500011762.0576   26.1607
    0.0000    7.5000   37.500012376.0312   26.1142
    7.5000    7.5000   37.500011777.3818   26.1151
   -7.5000   15.0000   37.500011837.0039   26.1463
    0.0000   15.0000   37.500012409.8252   26.0817
    7.5000   15.0000   37.500011834.5742   26.0851
   -7.5000   22.5000   37.500011766.8398   26.1403
    0.0000   22.5000   37.500012263.9268   26.0681
    7.5000   22.5000   37.500011728.9941   26.0608
   -7.5000   30.0000   37.500011572.5967   25.8437
    0.0000   30.0000   37.500012034.5859   25.7808
    7.5000   30.0000   37.500011506.8506   25.7608
   -7.5000   37.5000   37.500011761.1719   25.8458
    0.0000   37.5000   37.500012223.3867   25.7989
    7.5000   37.5000   37.500011705.7354   25.7794
   -7.5000   45.0000   37.500011481.9375   25.2329
    0.0000   45.0000   37.500011913.5635   25.1964
    7.5000   45.0000   37.500011441.3389   25.1872
   -7.5000  -45.0000   45.0000 4826.7148   30.5898
    0.0000  -45.0000   45.0000 4987.3232   30.5104
    7.5000  -45.0000   45.0000 4819.8384   30.5007
   -7.5000  -37.5000   45.0000 5502.2153   29.0772
    0.0000  -37.5000   45.0000 5690.8892   28.9954
    7.5000  -37.5000   45.0000 5497.8496   28.9904
   -7.5000  -30.0000   45.0000 6444.0249   27.9797
    0.0000  -30.0000   45.0000 6677.6846   27.8986
    7.5000  -30.0000   45.0000 6419.5918   27.8959
   -7.5000  -22.5000   45.0000 7436.2007   27.2409
    0.0000  -22.5000   45.0000 7723.4766   27.1646
    7.5000  -22.5000   45.0000 7400.7290   27.1547
   -7.5000  -15.0000   45.0000 8469.4355   26.8501
    0.0000  -15.0000   45.0000 8849.5283   26.7878
    7.5000  -15.0000   45.0000 8433.7910   26.7712
   -7.5000   -7.5000   45.0000 9517.7559   26.7117
    0.0000   -7.5000   45.0000 9978.8662   26.6570
    7.5000   -7.5000   45.0000 9468.9951   26.6432
   -7.5000    0.0000   45.000010538.8750   26.6526
    0.0000    0.0000   45.000011099.5127   26.5956
    7.5000    0.0000   45.000010511.3320   26.5894
   -7.5000    7.5000   45.000010771.2686   26.6305
    0.0000    7.5000   45.000011371.0840   26.5641
    7.5000    7.5000   45.000010770.9385   26.5649
   -7.5000   15.0000   45.000010859.8721   26.6204
    0.0000   15.0000   45.000011415.6348   26.5455
    7.5000   15.0000   45.000010812.6836   26.5482
   -7.5000   22.5000   45.000010811.2910   26.6225
    0.0000   22.5000   45.000011301.5752   26.5500
    7.5000   22.5000   45.000010743.4717   26.5441
   -7.5000   30.0000   45.000010616.4443   26.3226
    0.0000   30.0000   45.000011054.3330   26.2620
    7.5000   30.0000   45.000010547.0469   26.2472
   -7.5000   37.5000   45.000010736.4883   26.3204
    0.0000   37.5000   45.000011189.2285   26.2667
    7.5000   37.5000   45.000010702.7578   26.2536
   -7.5000   45.0000   45.000010482.0215   25.7017
    0.0000   45.0000   45.000010904.1133   25.6467
    7.5000   45.0000   45.000010467.5615   25.6408

---------------------------------------------------------------------
imgreg_4dfp /opt/freesurfer/average/711-2C_as_mni_average_305 /opt/freesurfer/average/711-2B_as_mni_average_305_mask talsrcimg_g11 none talsrcimg_to_711-2C_as_mni_average_305_t4 4355
---------------------------------------------------------------------

freesurfer imgreg_4dfp.c
/opt/freesurfer/average/711-2C_as_mni_average_305.4dfp.img
       256       256       256         1
  1.000000  1.000000  1.000000
orientation T byte_order littleendian
Reading image: /opt/freesurfer/average/711-2C_as_mni_average_305.4dfp.img
dimensions:      256       256       256
mmppix:       1.0000   -1.0000   -1.0000
center:     128.0000 -129.0000 -129.0000
/opt/freesurfer/average/711-2B_as_mni_average_305_mask.4dfp.img
       256       256       256         1
  1.000000  1.000000  1.000000
orientation T byte_order littleendian
Reading mask: /opt/freesurfer/average/711-2B_as_mni_average_305_mask.4dfp.img (2306576 pixels)
talsrcimg_g11.4dfp.img
       256       256       256         1
  1.000000  1.000000  1.000000
orientation T byte_order littleendian
Reading image: talsrcimg_g11.4dfp.img
dimensions:      256       256       256
mmppix:       1.0000   -1.0000   -1.0000
center:     128.0000 -129.0000 -129.0000
rotation matrix determinant  1.000000
image alignment mode   4355 decimal     1103 hex
   -7.5000  -30.0000  -45.0000 1788.3268   40.0916
    0.0000  -30.0000  -45.0000 1795.9944   39.9724
    7.5000  -30.0000  -45.0000 1785.9965   40.3020
   -7.5000  -22.5000  -45.0000 1915.4910   34.8688
    0.0000  -22.5000  -45.0000 1915.6687   34.6760
    7.5000  -22.5000  -45.0000 1912.7653   34.9721
   -7.5000  -15.0000  -45.0000 2021.3918   30.8894
    0.0000  -15.0000  -45.0000 2023.8842   30.6834
    7.5000  -15.0000  -45.0000 2020.6958   30.9791
   -7.5000   -7.5000  -45.0000 2133.7634   27.9124
    0.0000   -7.5000  -45.0000 2139.9341   27.7996
    7.5000   -7.5000  -45.0000 2127.2830   27.9349
   -7.5000    0.0000  -45.0000 2228.0942   25.6204
    0.0000    0.0000  -45.0000 2236.0068   25.5880
    7.5000    0.0000  -45.0000 2227.8364   25.7203
   -7.5000    7.5000  -45.0000 2311.0725   23.9031
    0.0000    7.5000  -45.0000 2321.8418   23.9276
    7.5000    7.5000  -45.0000 2303.5149   23.9682
   -7.5000   15.0000  -45.0000 2352.3171   22.5883
    0.0000   15.0000  -45.0000 2361.4509   22.6062
    7.5000   15.0000  -45.0000 2338.3728   22.6584
   -7.5000   22.5000  -45.0000 2378.0046   21.7534
    0.0000   22.5000  -45.0000 2384.3774   21.7579
    7.5000   22.5000  -45.0000 2367.1533   21.8495
   -7.5000   30.0000  -45.0000 2382.3000   21.5278
    0.0000   30.0000  -45.0000 2400.4219   21.5027
    7.5000   30.0000  -45.0000 2375.5198   21.6000
   -7.5000   37.5000  -45.0000 2380.7236   21.6029
    0.0000   37.5000  -45.0000 2395.7478   21.5803
    7.5000   37.5000  -45.0000 2373.0398   21.7109
   -7.5000   45.0000  -45.0000 2360.8188   22.1265
    0.0000   45.0000  -45.0000 2382.0894   22.0833
    7.5000   45.0000  -45.0000 2358.3115   22.1932
   -7.5000   52.5000  -45.0000 2307.5085   22.8237
    0.0000   52.5000  -45.0000 2322.6785   22.7959
    7.5000   52.5000  -45.0000 2300.0859   22.8893
   -7.5000   60.0000  -45.0000 2196.4673   23.6082
    0.0000   60.0000  -45.0000 2210.5637   23.5165
    7.5000   60.0000  -45.0000 2193.3835   23.6419
   -7.5000  -30.0000  -37.5000 1830.4658   37.6836
    0.0000  -30.0000  -37.5000 1829.6403   37.5487
    7.5000  -30.0000  -37.5000 1825.8934   37.8348
   -7.5000  -22.5000  -37.5000 1963.4725   32.7163
    0.0000  -22.5000  -37.5000 1965.2479   32.6110
    7.5000  -22.5000  -37.5000 1956.8722   32.8657
   -7.5000  -15.0000  -37.5000 2086.6868   28.9927
    0.0000  -15.0000  -37.5000 2088.4397   28.8667
    7.5000  -15.0000  -37.5000 2077.6865   29.0212
   -7.5000   -7.5000  -37.5000 2203.7310   26.1719
    0.0000   -7.5000  -37.5000 2213.6155   26.1242
    7.5000   -7.5000  -37.5000 2199.9221   26.1427
   -7.5000    0.0000  -37.5000 2308.8975   23.8867
    0.0000    0.0000  -37.5000 2320.8989   23.9066
    7.5000    0.0000  -37.5000 2303.1914   23.8901
   -7.5000    7.5000  -37.5000 2397.8650   22.1934
    0.0000    7.5000  -37.5000 2407.5254   22.2301
    7.5000    7.5000  -37.5000 2388.0391   22.2025
   -7.5000   15.0000  -37.5000 2441.3997   20.9677
    0.0000   15.0000  -37.5000 2448.5603   21.0152
    7.5000   15.0000  -37.5000 2421.3982   21.0078
   -7.5000   22.5000  -37.5000 2466.1619   20.2245
    0.0000   22.5000  -37.5000 2477.0037   20.2618
    7.5000   22.5000  -37.5000 2451.5725   20.2967
   -7.5000   30.0000  -37.5000 2474.5703   19.9960
    0.0000   30.0000  -37.5000 2492.1016   19.9661
    7.5000   30.0000  -37.5000 2460.6902   20.0413
   -7.5000   37.5000  -37.5000 2474.4460   20.0365
    0.0000   37.5000  -37.5000 2493.6482   20.0263
    7.5000   37.5000  -37.5000 2466.0945   20.0805
   -7.5000   45.0000  -37.5000 2459.7834   20.4943
    0.0000   45.0000  -37.5000 2482.4055   20.4630
    7.5000   45.0000  -37.5000 2452.0923   20.5238
   -7.5000   52.5000  -37.5000 2402.5317   21.1143
    0.0000   52.5000  -37.5000 2421.0808   21.0487
    7.5000   52.5000  -37.5000 2393.7476   21.1407
   -7.5000   60.0000  -37.5000 2287.6292   21.8173
    0.0000   60.0000  -37.5000 2301.5488   21.7326
    7.5000   60.0000  -37.5000 2276.0652   21.8009
   -7.5000  -30.0000  -30.0000 1902.6090   36.9108
    0.0000  -30.0000  -30.0000 1902.9950   36.7546
    7.5000  -30.0000  -30.0000 1895.8221   37.1735
   -7.5000  -22.5000  -30.0000 2040.3367   31.9743
    0.0000  -22.5000  -30.0000 2042.6310   31.9371
    7.5000  -22.5000  -30.0000 2031.7391   32.2154
   -7.5000  -15.0000  -30.0000 2177.9121   28.3737
    0.0000  -15.0000  -30.0000 2186.2329   28.3439
    7.5000  -15.0000  -30.0000 2172.9741   28.3770
   -7.5000   -7.5000  -30.0000 2313.7773   25.5436
    0.0000   -7.5000  -30.0000 2326.7583   25.5800
    7.5000   -7.5000  -30.0000 2305.3481   25.5547
   -7.5000    0.0000  -30.0000 2430.1387   23.2541
    0.0000    0.0000  -30.0000 2438.5527   23.3074
    7.5000    0.0000  -30.0000 2414.0181   23.2348
   -7.5000    7.5000  -30.0000 2521.0898   21.4433
    0.0000    7.5000  -30.0000 2526.8723   21.4454
    7.5000    7.5000  -30.0000 2495.9595   21.4070
   -7.5000   15.0000  -30.0000 2571.6543   20.1561
    0.0000   15.0000  -30.0000 2581.8708   20.2049
    7.5000   15.0000  -30.0000 2546.3506   20.1688
   -7.5000   22.5000  -30.0000 2600.3860   19.4326
    0.0000   22.5000  -30.0000 2609.7507   19.4648
    7.5000   22.5000  -30.0000 2582.1140   19.4821
   -7.5000   30.0000  -30.0000 2619.4246   19.2171
    0.0000   30.0000  -30.0000 2633.4688   19.2000
    7.5000   30.0000  -30.0000 2605.1306   19.2430
   -7.5000   37.5000  -30.0000 2619.3669   19.3097
    0.0000   37.5000  -30.0000 2634.5188   19.3227
    7.5000   37.5000  -30.0000 2607.1902   19.3468
   -7.5000   45.0000  -30.0000 2600.0264   19.7684
    0.0000   45.0000  -30.0000 2621.1797   19.6979
    7.5000   45.0000  -30.0000 2591.2302   19.7881
   -7.5000   52.5000  -30.0000 2536.6841   20.3102
    0.0000   52.5000  -30.0000 2555.7810   20.2781
    7.5000   52.5000  -30.0000 2522.5454   20.3221
   -7.5000   60.0000  -30.0000 2421.5591   21.0005
    0.0000   60.0000  -30.0000 2437.2708   20.9610
    7.5000   60.0000  -30.0000 2404.6409   20.9991
   -7.5000  -30.0000  -22.5000 1950.8109   36.1738
    0.0000  -30.0000  -22.5000 1955.9844   36.1217
    7.5000  -30.0000  -22.5000 1950.5962   36.4900
   -7.5000  -22.5000  -22.5000 2095.9180   31.3136
    0.0000  -22.5000  -22.5000 2106.0955   31.2874
    7.5000  -22.5000  -22.5000 2100.0630   31.5533
   -7.5000  -15.0000  -22.5000 2249.3901   27.6861
    0.0000  -15.0000  -22.5000 2263.4590   27.7049
    7.5000  -15.0000  -22.5000 2249.5349   27.7792
   -7.5000   -7.5000  -22.5000 2390.5222   24.7668
    0.0000   -7.5000  -22.5000 2405.4333   24.8172
    7.5000   -7.5000  -22.5000 2380.6228   24.8753
   -7.5000    0.0000  -22.5000 2506.6877   22.4861
    0.0000    0.0000  -22.5000 2519.1108   22.4986
    7.5000    0.0000  -22.5000 2492.1021   22.5131
   -7.5000    7.5000  -22.5000 2597.9414   20.6364
    0.0000    7.5000  -22.5000 2610.3376   20.6953
    7.5000    7.5000  -22.5000 2578.6819   20.6482
   -7.5000   15.0000  -22.5000 2666.1943   19.3097
    0.0000   15.0000  -22.5000 2678.4761   19.3185
    7.5000   15.0000  -22.5000 2647.9929   19.3299
   -7.5000   22.5000  -22.5000 2705.8098   18.5251
    0.0000   22.5000  -22.5000 2719.1782   18.5288
    7.5000   22.5000  -22.5000 2691.4060   18.5686
   -7.5000   30.0000  -22.5000 2734.4905   18.2320
    0.0000   30.0000  -22.5000 2745.9343   18.2354
    7.5000   30.0000  -22.5000 2723.5271   18.2873
   -7.5000   37.5000  -22.5000 2737.7583   18.4242
    0.0000   37.5000  -22.5000 2755.8665   18.4283
    7.5000   37.5000  -22.5000 2728.5449   18.4561
   -7.5000   45.0000  -22.5000 2719.1567   18.8906
    0.0000   45.0000  -22.5000 2741.0537   18.8695
    7.5000   45.0000  -22.5000 2706.9866   18.9197
   -7.5000   52.5000  -22.5000 2647.0212   19.4119
    0.0000   52.5000  -22.5000 2671.2615   19.4003
    7.5000   52.5000  -22.5000 2636.3269   19.4444
   -7.5000   60.0000  -22.5000 2524.1492   20.0718
    0.0000   60.0000  -22.5000 2546.9226   20.0576
    7.5000   60.0000  -22.5000 2513.3909   20.1487
   -7.5000  -30.0000  -15.0000 1975.1630   35.4541
    0.0000  -30.0000  -15.0000 1986.4070   35.4992
    7.5000  -30.0000  -15.0000 1976.7935   35.8412
   -7.5000  -22.5000  -15.0000 2125.6155   30.6055
    0.0000  -22.5000  -15.0000 2144.1345   30.6495
    7.5000  -22.5000  -15.0000 2128.2441   30.9415
   -7.5000  -15.0000  -15.0000 2277.4419   26.9704
    0.0000  -15.0000  -15.0000 2296.6001   27.0146
    7.5000  -15.0000  -15.0000 2277.8792   27.1873
   -7.5000   -7.5000  -15.0000 2416.7544   24.0611
    0.0000   -7.5000  -15.0000 2436.6997   24.1006
    7.5000   -7.5000  -15.0000 2412.8228   24.2298
   -7.5000    0.0000  -15.0000 2531.4849   21.7263
    0.0000    0.0000  -15.0000 2554.8604   21.7620
    7.5000    0.0000  -15.0000 2528.8882   21.8319
   -7.5000    7.5000  -15.0000 2635.5256   19.8848
    0.0000    7.5000  -15.0000 2659.4709   19.9194
    7.5000    7.5000  -15.0000 2629.3838   19.9574
   -7.5000   15.0000  -15.0000 2717.0461   18.5362
    0.0000   15.0000  -15.0000 2744.8728   18.5495
    7.5000   15.0000  -15.0000 2709.3506   18.5936
   -7.5000   22.5000  -15.0000 2768.4697   17.6405
    0.0000   22.5000  -15.0000 2787.9092   17.6241
    7.5000   22.5000  -15.0000 2757.8865   17.7202
   -7.5000   30.0000  -15.0000 2806.9158   17.2599
    0.0000   30.0000  -15.0000 2818.4731   17.2377
    7.5000   30.0000  -15.0000 2798.0225   17.3405
   -7.5000   37.5000  -15.0000 2819.8914   17.4980
    0.0000   37.5000  -15.0000 2844.9307   17.5129
    7.5000   37.5000  -15.0000 2813.1311   17.5573
   -7.5000   45.0000  -15.0000 2800.3303   17.9855
    0.0000   45.0000  -15.0000 2830.2507   18.0038
    7.5000   45.0000  -15.0000 2795.9666   18.0472
   -7.5000   52.5000  -15.0000 2725.1287   18.5505
    0.0000   52.5000  -15.0000 2753.0837   18.5630
    7.5000   52.5000  -15.0000 2729.3357   18.6607
   -7.5000   60.0000  -15.0000 2593.7568   19.2174
    0.0000   60.0000  -15.0000 2618.5828   19.1866
    7.5000   60.0000  -15.0000 2593.3765   19.3278
   -7.5000  -30.0000   -7.5000 1986.7672   34.8366
    0.0000  -30.0000   -7.5000 1999.0587   34.8267
    7.5000  -30.0000   -7.5000 1986.4392   35.2205
   -7.5000  -22.5000   -7.5000 2140.5254   30.0105
    0.0000  -22.5000   -7.5000 2152.7957   29.9941
    7.5000  -22.5000   -7.5000 2138.5928   30.2450
   -7.5000  -15.0000   -7.5000 2287.2493   26.2878
    0.0000  -15.0000   -7.5000 2308.2190   26.2809
    7.5000  -15.0000   -7.5000 2285.3997   26.4260
   -7.5000   -7.5000   -7.5000 2421.4453   23.3360
    0.0000   -7.5000   -7.5000 2445.2815   23.3219
    7.5000   -7.5000   -7.5000 2421.0439   23.5113
   -7.5000    0.0000   -7.5000 2542.2427   21.0773
    0.0000    0.0000   -7.5000 2570.7712   21.0206
    7.5000    0.0000   -7.5000 2546.2512   21.2269
   -7.5000    7.5000   -7.5000 2652.7961   19.2684
    0.0000    7.5000   -7.5000 2682.0737   19.2353
    7.5000    7.5000   -7.5000 2658.1208   19.3771
   -7.5000   15.0000   -7.5000 2750.4802   17.9222
    0.0000   15.0000   -7.5000 2778.9614   17.8824
    7.5000   15.0000   -7.5000 2754.1633   17.9971
   -7.5000   22.5000   -7.5000 2811.1484   16.9136
    0.0000   22.5000   -7.5000 2842.6479   16.8300
    7.5000   22.5000   -7.5000 2808.8918   17.0612
   -7.5000   30.0000   -7.5000 2856.0723   16.3974
    0.0000   30.0000   -7.5000 2876.9070   16.3494
    7.5000   30.0000   -7.5000 2852.0046   16.5833
   -7.5000   37.5000   -7.5000 2875.2568   16.5910
    0.0000   37.5000   -7.5000 2907.2673   16.5889
    7.5000   37.5000   -7.5000 2872.7698   16.7366
   -7.5000   45.0000   -7.5000 2857.9453   17.1319
    0.0000   45.0000   -7.5000 2890.4514   17.1270
    7.5000   45.0000   -7.5000 2868.7148   17.2766
   -7.5000   52.5000   -7.5000 2777.0872   17.7822
    0.0000   52.5000   -7.5000 2807.5657   17.7434
    7.5000   52.5000   -7.5000 2795.0437   17.9976
   -7.5000   60.0000   -7.5000 2642.3552   18.4480
    0.0000   60.0000   -7.5000 2666.1704   18.3498
    7.5000   60.0000   -7.5000 2653.2107   18.6554
   -7.5000  -30.0000    0.0000 1985.8098   34.5261
    0.0000  -30.0000    0.0000 1998.6492   34.5312
    7.5000  -30.0000    0.0000 1989.1128   35.0769
   -7.5000  -22.5000    0.0000 2144.1069   29.6803
    0.0000  -22.5000    0.0000 2154.9570   29.5773
    7.5000  -22.5000    0.0000 2139.8108   30.0118
   -7.5000  -15.0000    0.0000 2283.1274   25.9284
    0.0000  -15.0000    0.0000 2299.5786   25.7225
    7.5000  -15.0000    0.0000 2282.5188   26.1082
   -7.5000   -7.5000    0.0000 2415.9277   23.0026
    0.0000   -7.5000    0.0000 2431.2107   22.8145
    7.5000   -7.5000    0.0000 2421.7578   23.1739
   -7.5000    0.0000    0.0000 2539.9258   20.7535
    0.0000    0.0000    0.0000 2559.8643   20.5476
    7.5000    0.0000    0.0000 2545.9001   20.8437
   -7.5000    7.5000    0.0000 2659.0549   18.9709
    0.0000    7.5000    0.0000 2678.4839   18.7801
    7.5000    7.5000    0.0000 2665.2771   19.0637
   -7.5000   15.0000    0.0000 2768.5815   17.6639
    0.0000   15.0000    0.0000 2795.4155   17.5152
    7.5000   15.0000    0.0000 2772.0684   17.7080
   -7.5000   22.5000    0.0000 2844.0986   16.6048
    0.0000   22.5000    0.0000 2886.3623   16.4720
    7.5000   22.5000    0.0000 2840.5942   16.7014
   -7.5000   30.0000    0.0000 2898.5142   15.9231
    0.0000   30.0000    0.0000 2927.6631   15.7861
    7.5000   30.0000    0.0000 2890.2251   16.1565
   -7.5000   37.5000    0.0000 2918.6836   16.0088
    0.0000   37.5000    0.0000 2949.8870   15.8745
    7.5000   37.5000    0.0000 2918.1379   16.2535
   -7.5000   45.0000    0.0000 2898.5569   16.6521
    0.0000   45.0000    0.0000 2929.0701   16.4857
    7.5000   45.0000    0.0000 2909.8501   16.8912
   -7.5000   52.5000    0.0000 2819.2725   17.3613
    0.0000   52.5000    0.0000 2838.4578   17.1561
    7.5000   52.5000    0.0000 2829.6140   17.5561
   -7.5000   60.0000    0.0000 2679.8877   18.0412
    0.0000   60.0000    0.0000 2696.1279   17.8400
    7.5000   60.0000    0.0000 2680.7146   18.1605
   -7.5000  -30.0000    7.5000 1980.0577   34.6478
    0.0000  -30.0000    7.5000 1989.8729   34.4590
    7.5000  -30.0000    7.5000 1983.9955   35.2171
   -7.5000  -22.5000    7.5000 2134.2095   29.7907
    0.0000  -22.5000    7.5000 2147.7051   29.5437
    7.5000  -22.5000    7.5000 2137.8206   30.1411
   -7.5000  -15.0000    7.5000 2266.5068   25.9876
    0.0000  -15.0000    7.5000 2276.5442   25.7342
    7.5000  -15.0000    7.5000 2273.1094   26.2369
   -7.5000   -7.5000    7.5000 2399.5420   22.9827
    0.0000   -7.5000    7.5000 2411.5205   22.7856
    7.5000   -7.5000    7.5000 2406.2920   23.2011
   -7.5000    0.0000    7.5000 2522.8250   20.6726
    0.0000    0.0000    7.5000 2537.8813   20.4379
    7.5000    0.0000    7.5000 2529.7480   20.8362
   -7.5000    7.5000    7.5000 2645.5679   18.8566
    0.0000    7.5000    7.5000 2662.0662   18.5937
    7.5000    7.5000    7.5000 2652.6240   18.9999
   -7.5000   15.0000    7.5000 2763.8252   17.5534
    0.0000   15.0000    7.5000 2788.2458   17.2925
    7.5000   15.0000    7.5000 2768.0608   17.6643
   -7.5000   22.5000    7.5000 2856.1331   16.6228
    0.0000   22.5000    7.5000 2894.7073   16.3995
    7.5000   22.5000    7.5000 2856.0813   16.7284
   -7.5000   30.0000    7.5000 2915.1284   15.9812
    0.0000   30.0000    7.5000 2958.0476   15.7463
    7.5000   30.0000    7.5000 2920.0461   16.1601
   -7.5000   37.5000    7.5000 2943.4236   15.9459
    0.0000   37.5000    7.5000 2978.6106   15.6781
    7.5000   37.5000    7.5000 2946.9521   16.2022
   -7.5000   45.0000    7.5000 2925.0098   16.4939
    0.0000   45.0000    7.5000 2948.6467   16.1262
    7.5000   45.0000    7.5000 2923.6846   16.6349
   -7.5000   52.5000    7.5000 2838.4529   17.1692
    0.0000   52.5000    7.5000 2857.5908   16.8941
    7.5000   52.5000    7.5000 2833.8711   17.2500
   -7.5000   60.0000    7.5000 2696.6084   17.8807
    0.0000   60.0000    7.5000 2704.8450   17.6842
    7.5000   60.0000    7.5000 2692.4292   17.9138
   -7.5000  -30.0000   15.0000 1952.5120   35.1898
    0.0000  -30.0000   15.0000 1962.7913   34.9306
    7.5000  -30.0000   15.0000 1964.3298   35.8376
   -7.5000  -22.5000   15.0000 2113.0886   30.2975
    0.0000  -22.5000   15.0000 2123.4441   30.0003
    7.5000  -22.5000   15.0000 2123.6038   30.6877
   -7.5000  -15.0000   15.0000 2237.1614   26.3298
    0.0000  -15.0000   15.0000 2249.6011   25.9659
    7.5000  -15.0000   15.0000 2252.4656   26.6519
   -7.5000   -7.5000   15.0000 2365.9885   23.2345
    0.0000   -7.5000   15.0000 2379.8381   22.8725
    7.5000   -7.5000   15.0000 2381.1216   23.5074
   -7.5000    0.0000   15.0000 2489.5601   20.9027
    0.0000    0.0000   15.0000 2501.2004   20.5244
    7.5000    0.0000   15.0000 2497.4858   21.0710
   -7.5000    7.5000   15.0000 2616.1924   19.0871
    0.0000    7.5000   15.0000 2629.4451   18.7533
    7.5000    7.5000   15.0000 2621.2490   19.2342
   -7.5000   15.0000   15.0000 2733.7212   17.7687
    0.0000   15.0000   15.0000 2751.7854   17.4727
    7.5000   15.0000   15.0000 2740.9421   17.9177
   -7.5000   22.5000   15.0000 2829.9810   16.9067
    0.0000   22.5000   15.0000 2864.6995   16.6194
    7.5000   22.5000   15.0000 2840.7466   17.0305
   -7.5000   30.0000   15.0000 2900.2561   16.3308
    0.0000   30.0000   15.0000 2942.3420   15.9632
    7.5000   30.0000   15.0000 2906.7786   16.5160
   -7.5000   37.5000   15.0000 2938.3867   16.2640
    0.0000   37.5000   15.0000 2966.4841   15.8985
    7.5000   37.5000   15.0000 2936.2556   16.4293
   -7.5000   45.0000   15.0000 2913.6130   16.6398
    0.0000   45.0000   15.0000 2950.8691   16.4488
    7.5000   45.0000   15.0000 2910.3169   16.7328
   -7.5000   52.5000   15.0000 2829.1267   17.2761
    0.0000   52.5000   15.0000 2857.0427   17.1187
    7.5000   52.5000   15.0000 2819.7969   17.3293
   -7.5000   60.0000   15.0000 2680.3120   17.9972
    0.0000   60.0000   15.0000 2697.3770   17.8433
    7.5000   60.0000   15.0000 2674.0271   17.9950
   -7.5000  -30.0000   22.5000 1916.3547   36.3638
    0.0000  -30.0000   22.5000 1918.7800   35.8318
    7.5000  -30.0000   22.5000 1933.3677   36.8802
   -7.5000  -22.5000   22.5000 2078.3533   31.1317
    0.0000  -22.5000   22.5000 2087.9573   30.6358
    7.5000  -22.5000   22.5000 2097.0535   31.5057
   -7.5000  -15.0000   22.5000 2205.0317   27.0271
    0.0000  -15.0000   22.5000 2220.3574   26.5676
    7.5000  -15.0000   22.5000 2222.1802   27.3143
   -7.5000   -7.5000   22.5000 2332.1970   23.8772
    0.0000   -7.5000   22.5000 2347.7920   23.3863
    7.5000   -7.5000   22.5000 2342.9187   24.0980
   -7.5000    0.0000   22.5000 2454.5305   21.4583
    0.0000    0.0000   22.5000 2464.5337   21.0255
    7.5000    0.0000   22.5000 2458.8950   21.6000
   -7.5000    7.5000   22.5000 2581.4150   19.6610
    0.0000    7.5000   22.5000 2594.4683   19.2513
    7.5000    7.5000   22.5000 2587.9026   19.7576
   -7.5000   15.0000   22.5000 2695.4932   18.3942
    0.0000   15.0000   22.5000 2711.3677   17.9996
    7.5000   15.0000   22.5000 2706.8616   18.4581
   -7.5000   22.5000   22.5000 2791.6580   17.4035
    0.0000   22.5000   22.5000 2820.7197   17.0336
    7.5000   22.5000   22.5000 2804.6799   17.5099
   -7.5000   30.0000   22.5000 2868.2590   16.8703
    0.0000   30.0000   22.5000 2885.4465   16.3356
    7.5000   30.0000   22.5000 2874.1067   16.9466
   -7.5000   37.5000   22.5000 2904.3267   16.8241
    0.0000   37.5000   22.5000 2932.3550   16.4525
    7.5000   37.5000   22.5000 2909.3796   16.8597
   -7.5000   45.0000   22.5000 2882.4487   17.2279
    0.0000   45.0000   22.5000 2913.0889   16.9833
    7.5000   45.0000   22.5000 2882.2063   17.2573
   -7.5000   52.5000   22.5000 2799.8044   17.8500
    0.0000   52.5000   22.5000 2831.5874   17.6728
    7.5000   52.5000   22.5000 2794.9456   17.8872
   -7.5000   60.0000   22.5000 2648.7070   18.5470
    0.0000   60.0000   22.5000 2665.2935   18.3987
    7.5000   60.0000   22.5000 2643.2073   18.5423
   -7.5000  -30.0000   30.0000 1867.8574   37.7021
    0.0000  -30.0000   30.0000 1870.3226   37.0128
    7.5000  -30.0000   30.0000 1889.4030   38.1815
   -7.5000  -22.5000   30.0000 2028.5125   32.2735
    0.0000  -22.5000   30.0000 2037.6168   31.6496
    7.5000  -22.5000   30.0000 2048.1467   32.5701
   -7.5000  -15.0000   30.0000 2168.1880   28.0007
    0.0000  -15.0000   30.0000 2176.9895   27.5229
    7.5000  -15.0000   30.0000 2182.7307   28.2949
   -7.5000   -7.5000   30.0000 2299.0073   24.7740
    0.0000   -7.5000   30.0000 2305.7036   24.3250
    7.5000   -7.5000   30.0000 2306.8701   25.0241
   -7.5000    0.0000   30.0000 2418.8889   22.4002
    0.0000    0.0000   30.0000 2429.0098   21.9573
    7.5000    0.0000   30.0000 2424.9912   22.5312
   -7.5000    7.5000   30.0000 2541.2046   20.6086
    0.0000    7.5000   30.0000 2555.9453   20.1982
    7.5000    7.5000   30.0000 2550.3035   20.7017
   -7.5000   15.0000   30.0000 2648.5203   19.1473
    0.0000   15.0000   30.0000 2668.7534   18.7888
    7.5000   15.0000   30.0000 2658.1233   19.1870
   -7.5000   22.5000   30.0000 2749.3137   18.1282
    0.0000   22.5000   30.0000 2760.7185   17.6391
    7.5000   22.5000   30.0000 2754.2693   18.1685
   -7.5000   30.0000   30.0000 2817.2805   17.6412
    0.0000   30.0000   30.0000 2834.1067   17.1884
    7.5000   30.0000   30.0000 2822.1284   17.6094
   -7.5000   37.5000   30.0000 2848.8962   17.6021
    0.0000   37.5000   30.0000 2867.1526   17.2805
    7.5000   37.5000   30.0000 2853.5186   17.5772
   -7.5000   45.0000   30.0000 2826.2229   18.0092
    0.0000   45.0000   30.0000 2843.2363   17.7270
    7.5000   45.0000   30.0000 2828.5464   18.0206
   -7.5000   52.5000   30.0000 2745.6936   18.5881
    0.0000   52.5000   30.0000 2769.6208   18.3724
    7.5000   52.5000   30.0000 2744.5151   18.6142
   -7.5000   60.0000   30.0000 2599.1411   19.2658
    0.0000   60.0000   30.0000 2617.0037   19.0852
    7.5000   60.0000   30.0000 2597.7749   19.2735
   -7.5000  -30.0000   37.5000 1820.8003   39.4281
    0.0000  -30.0000   37.5000 1827.4708   38.7655
    7.5000  -30.0000   37.5000 1843.4618   40.0065
   -7.5000  -22.5000   37.5000 1980.2452   33.5975
    0.0000  -22.5000   37.5000 1990.1863   33.1698
    7.5000  -22.5000   37.5000 1996.9690   33.9148
   -7.5000  -15.0000   37.5000 2126.0740   29.2616
    0.0000  -15.0000   37.5000 2133.8074   28.8764
    7.5000  -15.0000   37.5000 2138.1558   29.5756
   -7.5000   -7.5000   37.5000 2254.7266   26.0846
    0.0000   -7.5000   37.5000 2266.0217   25.7491
    7.5000   -7.5000   37.5000 2260.1484   26.2110
   -7.5000    0.0000   37.5000 2377.2097   23.6161
    0.0000    0.0000   37.5000 2394.0259   23.3050
    7.5000    0.0000   37.5000 2382.6826   23.6727
   -7.5000    7.5000   37.5000 2494.3911   21.6478
    0.0000    7.5000   37.5000 2517.7920   21.4080
    7.5000    7.5000   37.5000 2500.5098   21.7004
   -7.5000   15.0000   37.5000 2604.1196   20.0993
    0.0000   15.0000   37.5000 2621.3364   19.7389
    7.5000   15.0000   37.5000 2607.2710   20.1193
   -7.5000   22.5000   37.5000 2691.6702   19.0646
    0.0000   22.5000   37.5000 2712.4668   18.6424
    7.5000   22.5000   37.5000 2691.5916   19.0546
   -7.5000   30.0000   37.5000 2752.4773   18.5758
    0.0000   30.0000   37.5000 2766.8042   18.2260
    7.5000   30.0000   37.5000 2750.5916   18.5562
   -7.5000   37.5000   37.5000 2769.8242   18.5411
    0.0000   37.5000   37.5000 2789.0642   18.2646
    7.5000   37.5000   37.5000 2775.9326   18.4979
   -7.5000   45.0000   37.5000 2749.1511   18.9425
    0.0000   45.0000   37.5000 2764.1084   18.6573
    7.5000   45.0000   37.5000 2755.5547   18.9143
   -7.5000   52.5000   37.5000 2677.7825   19.5057
    0.0000   52.5000   37.5000 2696.4888   19.2257
    7.5000   52.5000   37.5000 2678.7468   19.4760
   -7.5000   60.0000   37.5000 2538.7119   20.1703
    0.0000   60.0000   37.5000 2560.7383   19.9425
    7.5000   60.0000   37.5000 2538.8059   20.1344
   -7.5000  -30.0000   45.0000 1766.4796   41.9233
    0.0000  -30.0000   45.0000 1769.6895   41.4163
    7.5000  -30.0000   45.0000 1778.5503   42.5181
   -7.5000  -22.5000   45.0000 1928.7501   35.6098
    0.0000  -22.5000   45.0000 1930.4730   35.2617
    7.5000  -22.5000   45.0000 1934.8370   35.9201
   -7.5000  -15.0000   45.0000 2073.9214   30.9669
    0.0000  -15.0000   45.0000 2083.7061   30.7892
    7.5000  -15.0000   45.0000 2080.6406   31.1261
   -7.5000   -7.5000   45.0000 2201.4253   27.5694
    0.0000   -7.5000   45.0000 2219.3184   27.4156
    7.5000   -7.5000   45.0000 2204.4929   27.6000
   -7.5000    0.0000   45.0000 2321.6060   24.9634
    0.0000    0.0000   45.0000 2350.5647   24.8374
    7.5000    0.0000   45.0000 2326.1174   24.9433
   -7.5000    7.5000   45.0000 2434.1670   22.8762
    0.0000    7.5000   45.0000 2464.3362   22.7048
    7.5000    7.5000   45.0000 2439.5125   22.9380
   -7.5000   15.0000   45.0000 2536.8833   21.3391
    0.0000   15.0000   45.0000 2564.4219   21.0491
    7.5000   15.0000   45.0000 2535.9795   21.3233
   -7.5000   22.5000   45.0000 2619.4888   20.3101
    0.0000   22.5000   45.0000 2645.7512   19.9933
    7.5000   22.5000   45.0000 2616.2808   20.2969
   -7.5000   30.0000   45.0000 2665.9785   19.7976
    0.0000   30.0000   45.0000 2682.9619   19.5239
    7.5000   30.0000   45.0000 2665.5691   19.7635
   -7.5000   37.5000   45.0000 2671.2463   19.6982
    0.0000   37.5000   45.0000 2697.1282   19.4646
    7.5000   37.5000   45.0000 2679.5256   19.6672
   -7.5000   45.0000   45.0000 2658.6255   20.0325
    0.0000   45.0000   45.0000 2676.6870   19.8012
    7.5000   45.0000   45.0000 2661.2903   20.0441
   -7.5000   52.5000   45.0000 2590.6934   20.5668
    0.0000   52.5000   45.0000 2617.5103   20.3433
    7.5000   52.5000   45.0000 2597.0186   20.6091
   -7.5000   60.0000   45.0000 2466.6721   21.2040
    0.0000   60.0000   45.0000 2495.0493   21.0286
    7.5000   60.0000   45.0000 2467.7554   21.2222

---------------------------------------------------------------------
imgreg_4dfp /opt/freesurfer/average/711-2C_as_mni_average_305 /opt/freesurfer/average/711-2B_as_mni_average_305_mask talsrcimg_g11 none talsrcimg_to_711-2C_as_mni_average_305_t4 1283
---------------------------------------------------------------------

freesurfer imgreg_4dfp.c
/opt/freesurfer/average/711-2C_as_mni_average_305.4dfp.img
       256       256       256         1
  1.000000  1.000000  1.000000
orientation T byte_order littleendian
Reading image: /opt/freesurfer/average/711-2C_as_mni_average_305.4dfp.img
dimensions:      256       256       256
mmppix:       1.0000   -1.0000   -1.0000
center:     128.0000 -129.0000 -129.0000
/opt/freesurfer/average/711-2B_as_mni_average_305_mask.4dfp.img
       256       256       256         1
  1.000000  1.000000  1.000000
orientation T byte_order littleendian
Reading mask: /opt/freesurfer/average/711-2B_as_mni_average_305_mask.4dfp.img (2306576 pixels)
talsrcimg_g11.4dfp.img
       256       256       256         1
  1.000000  1.000000  1.000000
orientation T byte_order littleendian
Reading image: talsrcimg_g11.4dfp.img
dimensions:      256       256       256
mmppix:       1.0000   -1.0000   -1.0000
center:     128.0000 -129.0000 -129.0000
rotation matrix determinant  1.000000
fimgreg.f
image alignment mode   1283 decimal      503 hex
parameters
    0.0000   37.5000    7.5000    0.0000    0.0000    0.0000
eta,q 0.93547 15.67583
niter,ni,del,rscale     5    3   12.0000    1.2000
parameter  2  0.504981 ->  0.500000 qaram    1.1500
parameter  4  0.925864 ->  0.500000 qaram    1.1500
parameters
    0.5555   34.0500    8.2458   -3.4500    0.3398   -1.9979
eta,q 0.94045 15.70524
  0.0770  0.0639  0.0745  0.0603  0.0649  0.0614
  0.0727  0.0625  0.0694  0.0598  0.0642  0.0602
  0.0689  0.0624  0.0653  0.0606  0.0622  0.0595
  0.0654  0.0639  0.0627  0.0621  0.0600  0.0601
  0.0643  0.0664  0.0623  0.0633  0.0606  0.0614
  0.0699  0.0702  0.0663  0.0650  0.0622  0.0633
  0.0744  0.0750  0.0701  0.0675  0.0652  0.0656
niter,ni,del,rscale     6    3   12.0000    1.2000
parameter  4  0.884329 ->  0.500000 qaram    1.3225
parameters
   -0.2251   35.3909    7.8910   -7.4175    0.4554   -2.8340
eta,q 0.94277 15.59263
  0.0676  0.0762  0.0702  0.0586  0.0644  0.0611
  0.0637  0.0672  0.0650  0.0576  0.0612  0.0586
  0.0618  0.0619  0.0618  0.0580  0.0587  0.0573
  0.0595  0.0602  0.0601  0.0601  0.0575  0.0575
  0.0623  0.0602  0.0631  0.0620  0.0584  0.0591
  0.0678  0.0626  0.0681  0.0634  0.0607  0.0607
  0.0726  0.0663  0.0713  0.0655  0.0640  0.0627
niter,ni,del,rscale     6    3   12.0000    1.2000
parameters
   -0.5202   37.4730    7.4644   -8.1104    0.5619   -1.8892
eta,q 0.94327 15.43234
  0.0679  0.0746  0.0658  0.0642  0.0634  0.0631
  0.0624  0.0685  0.0619  0.0596  0.0603  0.0602
  0.0599  0.0617  0.0587  0.0570  0.0582  0.0579
  0.0572  0.0576  0.0574  0.0572  0.0570  0.0570
  0.0582  0.0575  0.0609  0.0596  0.0577  0.0567
  0.0642  0.0597  0.0643  0.0626  0.0601  0.0578
  0.0709  0.0624  0.0670  0.0654  0.0630  0.0603
niter,ni,del,rscale     5    3   12.0000    1.2000
parameters
   -0.2124   37.9572    7.6527   -8.3652    0.9466   -1.5070
eta,q 0.94397 15.43078
  0.0669  0.0694  0.0653  0.0653  0.0633  0.0617
  0.0620  0.0634  0.0614  0.0603  0.0606  0.0587
  0.0600  0.0579  0.0585  0.0563  0.0583  0.0570
  0.0567  0.0562  0.0563  0.0563  0.0563  0.0561
  0.0560  0.0578  0.0581  0.0584  0.0568  0.0561
  0.0604  0.0611  0.0611  0.0620  0.0591  0.0577
  0.0662  0.0661  0.0641  0.0653  0.0623  0.0607
niter,ni,del,rscale     4    3   12.0000    1.2000
parameters
   -0.1475   38.2299    7.9620   -8.5010    1.1873   -1.2353
eta,q 0.94421 15.43176
  0.0655  0.0685  0.0647  0.0660  0.0630  0.0615
  0.0617  0.0626  0.0608  0.0608  0.0608  0.0585
  0.0595  0.0575  0.0581  0.0560  0.0579  0.0568
  0.0560  0.0560  0.0560  0.0559  0.0559  0.0559
  0.0562  0.0575  0.0572  0.0581  0.0568  0.0558
  0.0608  0.0611  0.0599  0.0620  0.0592  0.0576
  0.0665  0.0667  0.0633  0.0656  0.0628  0.0609
niter,ni,del,rscale     3    3   12.0000    1.2000
parameters
   -0.1177   38.4235    8.1694   -8.5909    1.3426   -1.0736
eta,q 0.94438 15.43381
  0.0650  0.0681  0.0641  0.0665  0.0630  0.0613
  0.0618  0.0624  0.0604  0.0610  0.0609  0.0584
  0.0592  0.0573  0.0577  0.0558  0.0577  0.0567
  0.0558  0.0557  0.0557  0.0557  0.0557  0.0557
  0.0561  0.0571  0.0569  0.0579  0.0567  0.0557
  0.0608  0.0610  0.0595  0.0621  0.0594  0.0577
  0.0664  0.0671  0.0633  0.0658  0.0632  0.0612
niter,ni,del,rscale     2    3   12.0000    1.2000
parameters
   -0.0974   38.5514    8.2907   -8.6515    1.4291   -0.9593
eta,q 0.94446 15.43413
  0.0649  0.0679  0.0636  0.0668  0.0631  0.0613
  0.0619  0.0623  0.0602  0.0612  0.0608  0.0584
  0.0591  0.0571  0.0575  0.0557  0.0575  0.0566
  0.0556  0.0556  0.0556  0.0556  0.0556  0.0556
  0.0561  0.0570  0.0568  0.0578  0.0567  0.0556
  0.0609  0.0611  0.0593  0.0621  0.0596  0.0578
  0.0664  0.0674  0.0635  0.0660  0.0635  0.0613
niter,ni,del,rscale     1    3   12.0000    1.2000
parameters
   -0.0965   38.6306    8.3635   -8.7053    1.4795   -0.8976
eta,q 0.94448 15.43432
  0.0648  0.0679  0.0634  0.0670  0.0631  0.0612
  0.0619  0.0622  0.0601  0.0613  0.0608  0.0583
  0.0590  0.0570  0.0573  0.0556  0.0574  0.0566
  0.0555  0.0555  0.0555  0.0555  0.0555  0.0555
  0.0562  0.0569  0.0567  0.0577  0.0567  0.0556
  0.0611  0.0612  0.0593  0.0622  0.0597  0.0579
  0.0663  0.0677  0.0636  0.0661  0.0637  0.0615
registration optimization eta report
parameter search radius
    6.0000    6.9000    6.0000    7.9350    6.0000    6.0000
100000*second partial in parameter space
       26.       26.       21.       18.       21.       16.
  0.0648  0.0679  0.0634  0.0670  0.0631  0.0612
  0.0619  0.0622  0.0601  0.0613  0.0608  0.0583
  0.0590  0.0570  0.0573  0.0556  0.0574  0.0566
  0.0555  0.0555  0.0555  0.0555  0.0555  0.0555
  0.0562  0.0569  0.0567  0.0577  0.0567  0.0556
  0.0611  0.0612  0.0593  0.0622  0.0597  0.0579
  0.0663  0.0677  0.0636  0.0661  0.0637  0.0615
   -0.0965   38.6306    8.3635   -8.7053    1.4795   -0.8976
eta,q 0.94448 15.43432

---------------------------------------------------------------------
imgreg_4dfp /opt/freesurfer/average/711-2C_as_mni_average_305 /opt/freesurfer/average/711-2B_as_mni_average_305_mask talsrcimg_g11 none talsrcimg_to_711-2C_as_mni_average_305_t4 3335
---------------------------------------------------------------------

freesurfer imgreg_4dfp.c
/opt/freesurfer/average/711-2C_as_mni_average_305.4dfp.img
       256       256       256         1
  1.000000  1.000000  1.000000
orientation T byte_order littleendian
Reading image: /opt/freesurfer/average/711-2C_as_mni_average_305.4dfp.img
dimensions:      256       256       256
mmppix:       1.0000   -1.0000   -1.0000
center:     128.0000 -129.0000 -129.0000
/opt/freesurfer/average/711-2B_as_mni_average_305_mask.4dfp.img
       256       256       256         1
  1.000000  1.000000  1.000000
orientation T byte_order littleendian
Reading mask: /opt/freesurfer/average/711-2B_as_mni_average_305_mask.4dfp.img (2306576 pixels)
talsrcimg_g11.4dfp.img
       256       256       256         1
  1.000000  1.000000  1.000000
orientation T byte_order littleendian
Reading image: talsrcimg_g11.4dfp.img
dimensions:      256       256       256
mmppix:       1.0000   -1.0000   -1.0000
center:     128.0000 -129.0000 -129.0000
fimgreg.f
image alignment mode   3335 decimal      D07 hex
parameters
   -0.0965   38.6306    8.3635   -0.0456   -1.1703   -1.1850
    1.9392   -2.3148   -1.5660   15.1733    2.5819  -15.1301
eta,q 0.94415 15.63836
niter,ni,del,rscale     5    3    5.0000    1.2000
parameter  4  4.359533 ->  0.500000 qaram    1.1500
parameter  5 20.382462 ->  0.500000 qaram    1.1500
parameter  6  1.405937 ->  0.500000 qaram    1.1500
parameters
    0.6156   39.3184    8.1062   -4.1856   -5.3103   -5.3250
   -1.4540    1.1690   -2.5128   13.7462    0.0567  -17.5572
eta,q 0.96389 15.56480
  0.0584  0.0574  0.0567  0.0455  0.0399  0.0368  0.0387  0.0472  0.0382  0.0391  0.0371  0.0368
  0.0572  0.0565  0.0560  0.0484  0.0429  0.0380  0.0382  0.0438  0.0372  0.0375  0.0365  0.0363
  0.0563  0.0560  0.0556  0.0516  0.0459  0.0401  0.0381  0.0405  0.0367  0.0366  0.0363  0.0361
  0.0559  0.0557  0.0556  0.0556  0.0492  0.0437  0.0385  0.0381  0.0367  0.0367  0.0365  0.0363
  0.0557  0.0556  0.0558  0.0595  0.0524  0.0487  0.0394  0.0368  0.0371  0.0378  0.0371  0.0369
  0.0559  0.0557  0.0564  0.0638  0.0554  0.0546  0.0407  0.0370  0.0380  0.0397  0.0381  0.0376
  0.0565  0.0561  0.0572  0.0680  0.0588  0.0591  0.0420  0.0386  0.0391  0.0419  0.0394  0.0385
niter,ni,del,rscale     7    3    5.0000    1.2000
parameter  1  0.523019 ->  0.500000 qaram    1.1500
parameter  4  0.898559 ->  0.500000 qaram    1.3225
parameter  5  3.419181 ->  0.500000 qaram    1.3225
parameters
   -0.7644   38.7756    8.4190   -8.9466  -10.0713   -8.0235
    2.1245    1.9387   -2.1965   15.1899    0.3120  -18.7183
eta,q 0.97611 15.48501
  0.0360  0.0364  0.0374  0.0304  0.0224  0.0267  0.0306  0.0313  0.0273  0.0300  0.0254  0.0253
  0.0351  0.0354  0.0362  0.0304  0.0245  0.0256  0.0284  0.0279  0.0257  0.0275  0.0246  0.0244
  0.0351  0.0349  0.0354  0.0317  0.0275  0.0251  0.0265  0.0255  0.0246  0.0255  0.0242  0.0239
  0.0361  0.0350  0.0349  0.0348  0.0306  0.0253  0.0251  0.0243  0.0242  0.0242  0.0240  0.0240
  0.0379  0.0357  0.0349  0.0399  0.0341  0.0264  0.0244  0.0245  0.0245  0.0240  0.0241  0.0245
  0.0405  0.0369  0.0354  0.0462  0.0379  0.0297  0.0244  0.0261  0.0254  0.0249  0.0245  0.0253
  0.0436  0.0385  0.0365  0.0521  0.0416  0.0360  0.0253  0.0290  0.0268  0.0269  0.0252  0.0263
niter,ni,del,rscale     7    3    5.0000    1.2000
parameter  5  0.692255 ->  0.500000 qaram    1.5209
parameters
   -0.4382   38.2614    7.9699  -11.2555  -15.5465   -4.9152
    2.3797    1.9982   -1.9954   16.0049    0.0874  -21.2751
eta,q 0.98014 15.42254
  0.0306  0.0256  0.0247  0.0274  0.0225  0.0258  0.0240  0.0264  0.0233  0.0253  0.0213  0.0207
  0.0274  0.0242  0.0239  0.0255  0.0212  0.0237  0.0221  0.0231  0.0217  0.0228  0.0206  0.0201
  0.0251  0.0236  0.0236  0.0240  0.0215  0.0222  0.0208  0.0210  0.0206  0.0211  0.0203  0.0199
  0.0239  0.0238  0.0236  0.0235  0.0238  0.0210  0.0202  0.0202  0.0202  0.0202  0.0201  0.0201
  0.0240  0.0247  0.0240  0.0253  0.0272  0.0203  0.0205  0.0208  0.0205  0.0203  0.0203  0.0208
  0.0255  0.0261  0.0249  0.0300  0.0309  0.0202  0.0217  0.0229  0.0215  0.0214  0.0208  0.0218
  0.0282  0.0279  0.0260  0.0365  0.0347  0.0220  0.0236  0.0263  0.0230  0.0236  0.0215  0.0229
niter,ni,del,rscale     7    3    5.0000    1.2000
parameters
   -0.3237   38.5760    7.9037  -10.8139  -17.3218   -5.8273
    2.2555    2.0591   -1.8831   17.1294    0.0949  -22.4385
eta,q 0.98035 15.36580
  0.0254  0.0243  0.0215  0.0268  0.0254  0.0233  0.0231  0.0255  0.0225  0.0242  0.0208  0.0209
  0.0225  0.0221  0.0205  0.0240  0.0226  0.0216  0.0214  0.0224  0.0211  0.0220  0.0202  0.0201
  0.0206  0.0205  0.0200  0.0216  0.0203  0.0204  0.0203  0.0205  0.0202  0.0206  0.0198  0.0197
  0.0199  0.0199  0.0198  0.0198  0.0196  0.0196  0.0198  0.0199  0.0198  0.0198  0.0197  0.0197
  0.0203  0.0200  0.0200  0.0192  0.0218  0.0195  0.0202  0.0204  0.0201  0.0197  0.0198  0.0201
  0.0219  0.0209  0.0207  0.0216  0.0261  0.0216  0.0215  0.0222  0.0210  0.0205  0.0202  0.0209
  0.0247  0.0225  0.0217  0.0271  0.0309  0.0277  0.0235  0.0253  0.0223  0.0222  0.0208  0.0219
niter,ni,del,rscale     6    3    5.0000    1.2000
parameters
   -0.2909   38.9702    7.5997  -10.3647  -18.0015   -6.2006
    2.2159    2.0965   -1.8484   17.9893    0.2195  -23.3037
eta,q 0.98059 15.35379
  0.0248  0.0239  0.0208  0.0263  0.0261  0.0234  0.0229  0.0252  0.0221  0.0233  0.0205  0.0207
  0.0220  0.0218  0.0200  0.0237  0.0233  0.0216  0.0212  0.0220  0.0207  0.0214  0.0199  0.0199
  0.0203  0.0204  0.0196  0.0214  0.0207  0.0203  0.0200  0.0201  0.0199  0.0202  0.0196  0.0195
  0.0197  0.0197  0.0196  0.0195  0.0193  0.0195  0.0195  0.0195  0.0195  0.0195  0.0194  0.0194
  0.0201  0.0197  0.0199  0.0189  0.0204  0.0191  0.0199  0.0201  0.0198  0.0195  0.0195  0.0198
  0.0218  0.0204  0.0206  0.0213  0.0241  0.0206  0.0211  0.0219  0.0207  0.0202  0.0199  0.0205
  0.0246  0.0218  0.0216  0.0266  0.0288  0.0260  0.0231  0.0251  0.0220  0.0220  0.0205  0.0215
niter,ni,del,rscale     5    3    5.0000    1.2000
parameters
   -0.3079   39.1978    7.3902  -10.2851  -18.4562   -6.3967
    2.2407    2.0505   -1.8389   18.6780    0.3113  -23.8535
eta,q 0.98061 15.34152
  0.0244  0.0231  0.0207  0.0259  0.0262  0.0235  0.0229  0.0250  0.0219  0.0229  0.0205  0.0209
  0.0217  0.0212  0.0199  0.0233  0.0234  0.0217  0.0211  0.0218  0.0206  0.0212  0.0199  0.0199
  0.0200  0.0200  0.0195  0.0211  0.0209  0.0204  0.0200  0.0200  0.0198  0.0201  0.0195  0.0195
  0.0194  0.0194  0.0194  0.0194  0.0193  0.0194  0.0195  0.0195  0.0195  0.0195  0.0194  0.0194
  0.0200  0.0196  0.0197  0.0189  0.0201  0.0190  0.0198  0.0201  0.0198  0.0194  0.0195  0.0197
  0.0217  0.0204  0.0203  0.0218  0.0236  0.0204  0.0210  0.0219  0.0206  0.0202  0.0198  0.0204
  0.0246  0.0219  0.0213  0.0273  0.0283  0.0256  0.0229  0.0251  0.0219  0.0220  0.0204  0.0213
niter,ni,del,rscale     4    3    5.0000    1.2000
parameters
   -0.3248   39.3845    7.2304  -10.2792  -18.8418   -6.5543
    2.2855    1.9957   -1.8542   19.2597    0.4184  -24.2780
eta,q 0.98058 15.32812
  0.0243  0.0229  0.0208  0.0258  0.0261  0.0235  0.0228  0.0250  0.0219  0.0227  0.0205  0.0209
  0.0217  0.0211  0.0200  0.0232  0.0234  0.0217  0.0211  0.0218  0.0206  0.0212  0.0199  0.0200
  0.0200  0.0199  0.0195  0.0211  0.0209  0.0204  0.0200  0.0200  0.0198  0.0201  0.0196  0.0195
  0.0194  0.0194  0.0194  0.0194  0.0194  0.0195  0.0195  0.0195  0.0195  0.0195  0.0194  0.0194
  0.0199  0.0196  0.0196  0.0189  0.0200  0.0190  0.0198  0.0201  0.0198  0.0195  0.0195  0.0197
  0.0216  0.0205  0.0203  0.0219  0.0234  0.0203  0.0210  0.0219  0.0206  0.0202  0.0199  0.0203
  0.0246  0.0220  0.0212  0.0274  0.0281  0.0255  0.0229  0.0251  0.0219  0.0221  0.0204  0.0213
niter,ni,del,rscale     3    3    5.0000    1.2000
parameters
   -0.3393   39.5542    7.0876  -10.2833  -19.1883   -6.7134
    2.3275    1.9459   -1.8956   19.7999    0.5381  -24.6260
eta,q 0.98054 15.31443
  0.0243  0.0228  0.0208  0.0257  0.0261  0.0235  0.0228  0.0250  0.0219  0.0226  0.0205  0.0210
  0.0217  0.0210  0.0200  0.0232  0.0234  0.0217  0.0211  0.0218  0.0206  0.0212  0.0199  0.0201
  0.0200  0.0199  0.0195  0.0211  0.0210  0.0204  0.0200  0.0200  0.0198  0.0201  0.0196  0.0196
  0.0194  0.0194  0.0194  0.0194  0.0194  0.0195  0.0195  0.0195  0.0195  0.0195  0.0195  0.0195
  0.0200  0.0197  0.0197  0.0190  0.0199  0.0190  0.0198  0.0201  0.0198  0.0195  0.0196  0.0197
  0.0216  0.0205  0.0203  0.0219  0.0232  0.0204  0.0210  0.0219  0.0206  0.0203  0.0199  0.0203
  0.0245  0.0220  0.0212  0.0273  0.0280  0.0256  0.0228  0.0251  0.0219  0.0221  0.0204  0.0212
niter,ni,del,rscale     2    3    5.0000    1.2000
parameters
   -0.3522   39.7143    6.9527  -10.2922  -19.5160   -6.8734
    2.3727    1.8922   -1.9458   20.3130    0.6395  -24.9410
eta,q 0.98048 15.30053
  0.0243  0.0228  0.0209  0.0257  0.0260  0.0236  0.0228  0.0250  0.0218  0.0226  0.0206  0.0210
  0.0217  0.0210  0.0201  0.0232  0.0234  0.0218  0.0212  0.0218  0.0206  0.0212  0.0200  0.0201
  0.0200  0.0199  0.0196  0.0212  0.0210  0.0205  0.0201  0.0201  0.0198  0.0202  0.0196  0.0196
  0.0195  0.0195  0.0195  0.0195  0.0195  0.0195  0.0196  0.0196  0.0196  0.0196  0.0195  0.0195
  0.0200  0.0197  0.0197  0.0190  0.0199  0.0190  0.0199  0.0202  0.0198  0.0195  0.0196  0.0198
  0.0217  0.0205  0.0203  0.0219  0.0231  0.0204  0.0210  0.0220  0.0206  0.0203  0.0200  0.0204
  0.0245  0.0220  0.0213  0.0273  0.0279  0.0256  0.0228  0.0251  0.0219  0.0222  0.0205  0.0213
niter,ni,del,rscale     1    3    5.0000    1.2000
parameters
   -0.3617   39.8724    6.8180  -10.3045  -19.8371   -7.0523
    2.4146    1.8513   -2.0088   20.8168    0.7473  -25.2332
eta,q 0.98045 15.28533
  0.0243  0.0227  0.0210  0.0257  0.0259  0.0236  0.0228  0.0250  0.0218  0.0226  0.0206  0.0211
  0.0217  0.0210  0.0201  0.0232  0.0233  0.0218  0.0212  0.0219  0.0206  0.0212  0.0200  0.0202
  0.0201  0.0199  0.0196  0.0212  0.0210  0.0205  0.0201  0.0201  0.0199  0.0202  0.0197  0.0197
  0.0195  0.0195  0.0195  0.0195  0.0195  0.0196  0.0196  0.0196  0.0196  0.0196  0.0196  0.0196
  0.0200  0.0197  0.0198  0.0190  0.0199  0.0191  0.0199  0.0202  0.0199  0.0195  0.0197  0.0198
  0.0217  0.0205  0.0204  0.0219  0.0230  0.0204  0.0210  0.0220  0.0207  0.0203  0.0200  0.0204
  0.0245  0.0220  0.0213  0.0273  0.0278  0.0257  0.0228  0.0251  0.0219  0.0222  0.0205  0.0213
registration optimization eta report
parameter search radius
    2.7600    2.4000    2.4000    9.5220   10.9503    8.2800
    7.2000    7.2000    7.2000    7.2000    7.2000    7.2000
100000*second partial in parameter space
       64.       49.       28.        8.        6.        8.
        6.       10.        4.        5.        2.        3.
  0.0243  0.0227  0.0210  0.0257  0.0259  0.0236  0.0228  0.0250  0.0218  0.0226  0.0206  0.0211
  0.0217  0.0210  0.0201  0.0232  0.0233  0.0218  0.0212  0.0219  0.0206  0.0212  0.0200  0.0202
  0.0201  0.0199  0.0196  0.0212  0.0210  0.0205  0.0201  0.0201  0.0199  0.0202  0.0197  0.0197
  0.0195  0.0195  0.0195  0.0195  0.0195  0.0196  0.0196  0.0196  0.0196  0.0196  0.0196  0.0196
  0.0200  0.0197  0.0198  0.0190  0.0199  0.0191  0.0199  0.0202  0.0199  0.0195  0.0197  0.0198
  0.0217  0.0205  0.0204  0.0219  0.0230  0.0204  0.0210  0.0220  0.0207  0.0203  0.0200  0.0204
  0.0245  0.0220  0.0213  0.0273  0.0278  0.0257  0.0228  0.0251  0.0219  0.0222  0.0205  0.0213
   -0.3617   39.8724    6.8180  -10.3045  -19.8371   -7.0523
    2.4146    1.8513   -2.0088   20.8168    0.7473  -25.2332
eta,q 0.98045 15.28533

---------------------------------------------------------------------
imgreg_4dfp /opt/freesurfer/average/711-2C_as_mni_average_305 /opt/freesurfer/average/711-2B_as_mni_average_305_mask talsrcimg_g11 none talsrcimg_to_711-2C_as_mni_average_305_t4 2311
---------------------------------------------------------------------

freesurfer imgreg_4dfp.c
/opt/freesurfer/average/711-2C_as_mni_average_305.4dfp.img
       256       256       256         1
  1.000000  1.000000  1.000000
orientation T byte_order littleendian
Reading image: /opt/freesurfer/average/711-2C_as_mni_average_305.4dfp.img
dimensions:      256       256       256
mmppix:       1.0000   -1.0000   -1.0000
center:     128.0000 -129.0000 -129.0000
/opt/freesurfer/average/711-2B_as_mni_average_305_mask.4dfp.img
       256       256       256         1
  1.000000  1.000000  1.000000
orientation T byte_order littleendian
Reading mask: /opt/freesurfer/average/711-2B_as_mni_average_305_mask.4dfp.img (2306576 pixels)
talsrcimg_g11.4dfp.img
       256       256       256         1
  1.000000  1.000000  1.000000
orientation T byte_order littleendian
Reading image: talsrcimg_g11.4dfp.img
dimensions:      256       256       256
mmppix:       1.0000   -1.0000   -1.0000
center:     128.0000 -129.0000 -129.0000
fimgreg.f
image alignment mode   2311 decimal      907 hex
parameters
   -0.3617   39.8724    6.8180  -10.3045  -19.8371   -7.0523
    2.4146    1.8513   -2.0088   20.8168    0.7473  -25.2332
eta,q 0.98045 15.28533
niter,ni,del,rscale     5    3    5.0000    0.8000
parameters
   -0.3384   40.0168    6.6743   -8.4581  -19.3611   -6.2814
    2.3837    2.1155   -2.1696   20.8514    0.8992  -25.8147
eta,q 0.98123 15.40069
  0.0212  0.0210  0.0202  0.0222  0.0210  0.0207  0.0206  0.0226  0.0200  0.0203  0.0196  0.0194
  0.0203  0.0202  0.0198  0.0212  0.0201  0.0199  0.0197  0.0206  0.0193  0.0195  0.0192  0.0190
  0.0198  0.0198  0.0196  0.0203  0.0194  0.0194  0.0190  0.0193  0.0189  0.0190  0.0189  0.0188
  0.0196  0.0196  0.0196  0.0195  0.0190  0.0189  0.0188  0.0188  0.0188  0.0188  0.0188  0.0188
  0.0197  0.0196  0.0197  0.0190  0.0190  0.0187  0.0190  0.0191  0.0190  0.0189  0.0189  0.0190
  0.0202  0.0200  0.0200  0.0191  0.0194  0.0189  0.0196  0.0201  0.0194  0.0194  0.0191  0.0193
  0.0211  0.0206  0.0204  0.0201  0.0205  0.0201  0.0207  0.0219  0.0201  0.0204  0.0195  0.0198
niter,ni,del,rscale     4    3    5.0000    0.7000
parameters
   -0.4175   39.8894    6.8941   -8.7837  -19.1977   -5.7195
    2.4320    1.9350   -2.1394   20.8009    0.7916  -25.7914
eta,q 0.98133 15.42081
  0.0202  0.0196  0.0196  0.0205  0.0203  0.0202  0.0201  0.0211  0.0196  0.0198  0.0192  0.0194
  0.0194  0.0191  0.0192  0.0197  0.0196  0.0196  0.0194  0.0197  0.0191  0.0192  0.0189  0.0190
  0.0189  0.0188  0.0189  0.0191  0.0191  0.0191  0.0189  0.0189  0.0188  0.0188  0.0187  0.0187
  0.0188  0.0188  0.0188  0.0187  0.0188  0.0188  0.0187  0.0187  0.0187  0.0187  0.0187  0.0187
  0.0190  0.0190  0.0188  0.0189  0.0188  0.0186  0.0188  0.0191  0.0188  0.0188  0.0187  0.0188
  0.0196  0.0194  0.0189  0.0198  0.0193  0.0188  0.0193  0.0200  0.0191  0.0192  0.0190  0.0190
  0.0206  0.0200  0.0192  0.0215  0.0202  0.0199  0.0201  0.0215  0.0196  0.0200  0.0193  0.0193
niter,ni,del,rscale     3    3    5.0000    0.6000
parameters
   -0.4405   39.8168    6.9915   -8.7908  -19.1305   -5.4510
    2.5077    1.9077   -2.1228   20.6532    0.7179  -25.7697
eta,q 0.98138 15.43122
  0.0198  0.0194  0.0193  0.0201  0.0198  0.0198  0.0197  0.0206  0.0193  0.0195  0.0190  0.0192
  0.0192  0.0190  0.0189  0.0195  0.0193  0.0193  0.0191  0.0195  0.0189  0.0190  0.0188  0.0188
  0.0188  0.0187  0.0188  0.0190  0.0189  0.0189  0.0188  0.0188  0.0187  0.0187  0.0187  0.0187
  0.0187  0.0187  0.0187  0.0187  0.0187  0.0187  0.0186  0.0186  0.0186  0.0186  0.0186  0.0186
  0.0188  0.0188  0.0187  0.0187  0.0187  0.0186  0.0187  0.0189  0.0187  0.0187  0.0187  0.0187
  0.0192  0.0191  0.0188  0.0192  0.0191  0.0188  0.0191  0.0195  0.0189  0.0190  0.0188  0.0189
  0.0199  0.0195  0.0191  0.0204  0.0198  0.0197  0.0197  0.0206  0.0193  0.0197  0.0191  0.0191
niter,ni,del,rscale     2    3    5.0000    0.5000
parameters
   -0.4501   39.7514    7.0594   -8.6830  -19.0390   -5.1937
    2.5176    1.9109   -2.1044   20.4592    0.6767  -25.7547
eta,q 0.98143 15.44344
  0.0194  0.0191  0.0190  0.0198  0.0194  0.0194  0.0193  0.0200  0.0191  0.0191  0.0189  0.0190
  0.0190  0.0188  0.0188  0.0193  0.0190  0.0191  0.0189  0.0192  0.0188  0.0188  0.0187  0.0187
  0.0187  0.0187  0.0187  0.0189  0.0187  0.0188  0.0187  0.0187  0.0186  0.0186  0.0186  0.0186
  0.0186  0.0186  0.0186  0.0186  0.0186  0.0186  0.0186  0.0186  0.0186  0.0186  0.0186  0.0186
  0.0187  0.0187  0.0186  0.0186  0.0186  0.0185  0.0186  0.0187  0.0186  0.0187  0.0186  0.0186
  0.0190  0.0189  0.0188  0.0190  0.0189  0.0187  0.0189  0.0192  0.0188  0.0189  0.0187  0.0187
  0.0195  0.0192  0.0189  0.0198  0.0194  0.0193  0.0193  0.0200  0.0191  0.0193  0.0189  0.0189
niter,ni,del,rscale     1    3    5.0000    0.4000
parameters
   -0.4580   39.6874    7.1467   -8.5788  -18.9425   -4.9337
    2.5046    1.9062   -2.0862   20.2519    0.6616  -25.7111
eta,q 0.98147 15.45482
  0.0191  0.0189  0.0189  0.0193  0.0191  0.0191  0.0190  0.0195  0.0189  0.0189  0.0187  0.0188
  0.0188  0.0187  0.0187  0.0190  0.0188  0.0189  0.0188  0.0190  0.0187  0.0187  0.0186  0.0186
  0.0186  0.0186  0.0186  0.0187  0.0186  0.0187  0.0186  0.0186  0.0186  0.0186  0.0186  0.0186
  0.0186  0.0186  0.0186  0.0186  0.0186  0.0186  0.0185  0.0185  0.0185  0.0185  0.0185  0.0185
  0.0186  0.0186  0.0186  0.0186  0.0186  0.0185  0.0186  0.0187  0.0186  0.0186  0.0186  0.0186
  0.0188  0.0188  0.0186  0.0188  0.0188  0.0186  0.0188  0.0190  0.0187  0.0188  0.0186  0.0186
  0.0191  0.0190  0.0188  0.0193  0.0191  0.0190  0.0190  0.0195  0.0189  0.0190  0.0187  0.0188
registration optimization eta report
parameter search radius
    0.8000    0.8000    0.8000    2.4000    2.4000    2.4000
    2.4000    2.4000    2.4000    2.4000    2.4000    2.4000
100000*second partial in parameter space
       83.       57.       37.       13.        9.        9.
        9.       17.        6.        7.        4.        4.
  0.0191  0.0189  0.0189  0.0193  0.0191  0.0191  0.0190  0.0195  0.0189  0.0189  0.0187  0.0188
  0.0188  0.0187  0.0187  0.0190  0.0188  0.0189  0.0188  0.0190  0.0187  0.0187  0.0186  0.0186
  0.0186  0.0186  0.0186  0.0187  0.0186  0.0187  0.0186  0.0186  0.0186  0.0186  0.0186  0.0186
  0.0186  0.0186  0.0186  0.0186  0.0186  0.0186  0.0185  0.0185  0.0185  0.0185  0.0185  0.0185
  0.0186  0.0186  0.0186  0.0186  0.0186  0.0185  0.0186  0.0187  0.0186  0.0186  0.0186  0.0186
  0.0188  0.0188  0.0186  0.0188  0.0188  0.0186  0.0188  0.0190  0.0187  0.0188  0.0186  0.0186
  0.0191  0.0190  0.0188  0.0193  0.0191  0.0190  0.0190  0.0195  0.0189  0.0190  0.0187  0.0188
   -0.4580   39.6874    7.1467   -8.5788  -18.9425   -4.9337
    2.5046    1.9062   -2.0862   20.2519    0.6616  -25.7111
eta,q 0.98147 15.45482

---------------------------------------------------------------------
imgreg_4dfp /opt/freesurfer/average/711-2C_as_mni_average_305 /opt/freesurfer/average/711-2B_as_mni_average_305_mask talsrcimg_g11 none talsrcimg_to_711-2C_as_mni_average_305_t4 2311
---------------------------------------------------------------------

freesurfer imgreg_4dfp.c
/opt/freesurfer/average/711-2C_as_mni_average_305.4dfp.img
       256       256       256         1
  1.000000  1.000000  1.000000
orientation T byte_order littleendian
Reading image: /opt/freesurfer/average/711-2C_as_mni_average_305.4dfp.img
dimensions:      256       256       256
mmppix:       1.0000   -1.0000   -1.0000
center:     128.0000 -129.0000 -129.0000
/opt/freesurfer/average/711-2B_as_mni_average_305_mask.4dfp.img
       256       256       256         1
  1.000000  1.000000  1.000000
orientation T byte_order littleendian
Reading mask: /opt/freesurfer/average/711-2B_as_mni_average_305_mask.4dfp.img (2306576 pixels)
talsrcimg_g11.4dfp.img
       256       256       256         1
  1.000000  1.000000  1.000000
orientation T byte_order littleendian
Reading image: talsrcimg_g11.4dfp.img
dimensions:      256       256       256
mmppix:       1.0000   -1.0000   -1.0000
center:     128.0000 -129.0000 -129.0000
fimgreg.f
image alignment mode   2311 decimal      907 hex
parameters
   -0.4580   39.6874    7.1467   -8.5788  -18.9425   -4.9337
    2.5046    1.9062   -2.0862   20.2519    0.6616  -25.7111
eta,q 0.98147 15.45482
niter,ni,del,rscale     5    3    5.0000    0.8000
parameters
   -0.4870   39.6363    7.2567   -9.1684  -19.0765   -5.4084
    2.4946    1.8312   -1.9892   20.2353    0.5231  -25.2551
eta,q 0.98130 15.42185
  0.0206  0.0199  0.0197  0.0206  0.0205  0.0202  0.0205  0.0219  0.0200  0.0202  0.0193  0.0198
  0.0195  0.0191  0.0190  0.0197  0.0196  0.0196  0.0195  0.0200  0.0193  0.0195  0.0190  0.0192
  0.0188  0.0187  0.0187  0.0189  0.0189  0.0190  0.0189  0.0190  0.0189  0.0189  0.0188  0.0188
  0.0185  0.0185  0.0185  0.0185  0.0186  0.0186  0.0187  0.0187  0.0187  0.0187  0.0187  0.0187
  0.0188  0.0187  0.0186  0.0188  0.0188  0.0186  0.0189  0.0191  0.0188  0.0188  0.0188  0.0188
  0.0195  0.0193  0.0189  0.0202  0.0195  0.0196  0.0195  0.0202  0.0192  0.0193  0.0190  0.0190
  0.0208  0.0201  0.0194  0.0226  0.0209  0.0218  0.0205  0.0220  0.0199  0.0204  0.0194  0.0194
niter,ni,del,rscale     4    3    5.0000    0.7000
parameters
   -0.4443   39.6545    7.1348   -8.9777  -18.9094   -5.4329
    2.4904    1.9364   -2.0051   20.1306    0.5721  -25.3126
eta,q 0.98135 15.42931
  0.0203  0.0198  0.0193  0.0207  0.0202  0.0200  0.0201  0.0214  0.0196  0.0198  0.0192  0.0193
  0.0194  0.0192  0.0189  0.0199  0.0195  0.0194  0.0193  0.0199  0.0191  0.0192  0.0189  0.0189
  0.0189  0.0188  0.0187  0.0192  0.0189  0.0190  0.0188  0.0190  0.0188  0.0188  0.0187  0.0187
  0.0187  0.0187  0.0187  0.0187  0.0187  0.0186  0.0186  0.0186  0.0186  0.0186  0.0186  0.0186
  0.0188  0.0188  0.0188  0.0186  0.0187  0.0186  0.0188  0.0189  0.0188  0.0188  0.0187  0.0187
  0.0193  0.0192  0.0191  0.0193  0.0192  0.0190  0.0193  0.0197  0.0191  0.0192  0.0189  0.0190
  0.0201  0.0197  0.0195  0.0207  0.0201  0.0204  0.0201  0.0211  0.0196  0.0200  0.0192  0.0193
niter,ni,del,rscale     3    3    5.0000    0.6000
parameters
   -0.4338   39.6151    7.1458   -8.8037  -18.8114   -5.2323
    2.4540    1.9613   -2.0160   20.0265    0.5966  -25.3783
eta,q 0.98141 15.44306
  0.0198  0.0194  0.0192  0.0202  0.0198  0.0197  0.0196  0.0206  0.0193  0.0195  0.0190  0.0191
  0.0192  0.0190  0.0189  0.0195  0.0192  0.0192  0.0191  0.0195  0.0189  0.0190  0.0188  0.0188
  0.0188  0.0187  0.0187  0.0190  0.0188  0.0189  0.0187  0.0188  0.0187  0.0187  0.0186  0.0186
  0.0186  0.0186  0.0186  0.0186  0.0186  0.0186  0.0186  0.0186  0.0186  0.0186  0.0186  0.0186
  0.0188  0.0188  0.0187  0.0186  0.0187  0.0185  0.0187  0.0188  0.0187  0.0187  0.0186  0.0187
  0.0191  0.0190  0.0189  0.0191  0.0190  0.0188  0.0191  0.0195  0.0189  0.0190  0.0188  0.0188
  0.0198  0.0195  0.0191  0.0202  0.0198  0.0197  0.0197  0.0205  0.0193  0.0196  0.0190  0.0191
niter,ni,del,rscale     2    3    5.0000    0.5000
parameters
   -0.4381   39.5724    7.2018   -8.6843  -18.7425   -4.9993
    2.4447    1.9567   -2.0154   19.9096    0.5925  -25.3934
eta,q 0.98146 15.45426
  0.0194  0.0191  0.0190  0.0197  0.0194  0.0194  0.0193  0.0200  0.0191  0.0191  0.0189  0.0189
  0.0190  0.0188  0.0188  0.0192  0.0190  0.0190  0.0189  0.0192  0.0188  0.0188  0.0187  0.0187
  0.0187  0.0186  0.0186  0.0188  0.0187  0.0187  0.0186  0.0187  0.0186  0.0186  0.0186  0.0186
  0.0186  0.0186  0.0186  0.0186  0.0186  0.0186  0.0185  0.0185  0.0185  0.0185  0.0185  0.0185
  0.0187  0.0187  0.0186  0.0186  0.0186  0.0185  0.0186  0.0187  0.0186  0.0186  0.0186  0.0186
  0.0190  0.0189  0.0187  0.0189  0.0189  0.0187  0.0189  0.0192  0.0188  0.0189  0.0187  0.0187
  0.0194  0.0192  0.0189  0.0197  0.0194  0.0193  0.0193  0.0200  0.0191  0.0193  0.0189  0.0189
niter,ni,del,rscale     1    3    5.0000    0.4000
parameters
   -0.4480   39.5281    7.2639   -8.5879  -18.6921   -4.7638
    2.4433    1.9388   -2.0253   19.7726    0.6009  -25.4167
eta,q 0.98150 15.46366
  0.0191  0.0189  0.0188  0.0193  0.0191  0.0191  0.0190  0.0195  0.0188  0.0189  0.0187  0.0187
  0.0188  0.0187  0.0187  0.0190  0.0188  0.0188  0.0187  0.0189  0.0187  0.0187  0.0186  0.0186
  0.0186  0.0186  0.0186  0.0187  0.0186  0.0186  0.0186  0.0186  0.0185  0.0185  0.0185  0.0185
  0.0185  0.0185  0.0185  0.0185  0.0185  0.0185  0.0185  0.0185  0.0185  0.0185  0.0185  0.0185
  0.0186  0.0186  0.0185  0.0186  0.0186  0.0185  0.0186  0.0186  0.0185  0.0186  0.0185  0.0185
  0.0188  0.0187  0.0186  0.0188  0.0187  0.0186  0.0187  0.0189  0.0187  0.0187  0.0186  0.0186
  0.0191  0.0189  0.0187  0.0193  0.0191  0.0190  0.0190  0.0195  0.0189  0.0190  0.0187  0.0187
registration optimization eta report
parameter search radius
    0.8000    0.8000    0.8000    2.4000    2.4000    2.4000
    2.4000    2.4000    2.4000    2.4000    2.4000    2.4000
100000*second partial in parameter space
       84.       58.       37.       13.        9.        9.
        9.       17.        6.        8.        4.        4.
  0.0191  0.0189  0.0188  0.0193  0.0191  0.0191  0.0190  0.0195  0.0188  0.0189  0.0187  0.0187
  0.0188  0.0187  0.0187  0.0190  0.0188  0.0188  0.0187  0.0189  0.0187  0.0187  0.0186  0.0186
  0.0186  0.0186  0.0186  0.0187  0.0186  0.0186  0.0186  0.0186  0.0185  0.0185  0.0185  0.0185
  0.0185  0.0185  0.0185  0.0185  0.0185  0.0185  0.0185  0.0185  0.0185  0.0185  0.0185  0.0185
  0.0186  0.0186  0.0185  0.0186  0.0186  0.0185  0.0186  0.0186  0.0185  0.0186  0.0185  0.0185
  0.0188  0.0187  0.0186  0.0188  0.0187  0.0186  0.0187  0.0189  0.0187  0.0187  0.0186  0.0186
  0.0191  0.0189  0.0187  0.0193  0.0191  0.0190  0.0190  0.0195  0.0189  0.0190  0.0187  0.0187
   -0.4480   39.5281    7.2639   -8.5879  -18.6921   -4.7638
    2.4433    1.9388   -2.0253   19.7726    0.6009  -25.4167
eta,q 0.98150 15.46366

---------------------------------------------------------------------
compute_vox2vox talsrcimg talsrcimg_to_711-2C_as_mni_average_305_t4 /opt/freesurfer/average/711-2C_as_mni_average_305
---------------------------------------------------------------------

freesurfer compute_vox2vox.c
Reading: talsrcimg.4dfp.ifh
Reading: talsrcimg_to_711-2C_as_mni_average_305_t4
Reading: /opt/freesurfer/average/711-2C_as_mni_average_305.4dfp.ifh
Writing: talsrcimg_to_711-2C_as_mni_average_305_t4_vox2vox.txt

start time Wed Mar 11 13:27:59 CET 2026
end		time Wed Mar 11 13:29:26 CET 2026

mpr2mni305 success

avi2talxfm orig_nu.mgz /opt/freesurfer/average/mni305.cor.mgz talsrcimg_to_711-2C_as_mni_average_305_t4_vox2vox.txt transforms/talairach.auto.xfm
avi2talxfm done
mv -f /out/sourcedata/freesurfer/sub-v2s18x29505_ses-1/mri/talsrcimg_to_711-2C_as_mni_average_305_t4_vox2vox.txt /out/sourcedata/freesurfer/sub-v2s18x29505_ses-1/mri/transforms/talsrcimg_to_711-2C_as_mni_average_305_t4_vox2vox.txt
lta_convert --src orig_nu.mgz --trg /opt/freesurfer/average/mni305.cor.mgz --inxfm transforms/talairach.auto.xfm --outlta transforms/talairach.auto.xfm.lta --subject fsaverage
7.3.2

--src: orig_nu.mgz src image (geometry).
--trg: /opt/freesurfer/average/mni305.cor.mgz trg image (geometry).
--inmni: transforms/talairach.auto.xfm input MNI/XFM transform.
--outlta: transforms/talairach.auto.xfm.lta output LTA.
--s: fsaverage subject name
 LTA read, type : 1
 1.09321  -0.01449  -0.03738   2.04007;
 0.00035   0.98602   0.30822  -34.03991;
 0.02715  -0.24014   1.15401  -1.11401;
 0.00000   0.00000   0.00000   1.00000;
setting subject to fsaverage
Writing  LTA to file transforms/talairach.auto.xfm.lta...
lta_convert successful.
 
 
Started at Wed Mar 11 13:27:59 CET 2026
Ended   at Wed Mar 11 13:29:27 CET 2026
talairach_avi done
