status file for recon-all
Wed Mar 11 13:17:21 CET 2026
#@# MotionCor Wed Mar 11 13:17:28 CET 2026
#@# Talairach Wed Mar 11 13:17:48 CET 2026
#@# Talairach Failure Detection Wed Mar 11 13:22:13 CET 2026
#@# Nu Intensity Correction Wed Mar 11 13:22:13 CET 2026
#@# Intensity Normalization Wed Mar 11 13:25:29 CET 2026
recon-all -s sub-v2s18x29496_ses-1 finished without error at Wed Mar 11 13:27:06 CET 2026



#New# invocation of recon-all 



status file for recon-all
Wed Mar 11 13:38:26 CET 2026
#@# EM Registration Wed Mar 11 13:38:26 CET 2026
recon-all -s sub-v2s18x29496_ses-1 finished without error at Wed Mar 11 13:40:45 CET 2026



#New# invocation of recon-all 



status file for recon-all
Wed Mar 11 13:40:48 CET 2026
#@# CA Normalize Wed Mar 11 13:40:48 CET 2026
#@# CA Reg Wed Mar 11 13:42:10 CET 2026
#@# SubCort Seg Wed Mar 11 14:36:09 CET 2026
#@# CC Seg Wed Mar 11 15:05:18 CET 2026
#@# Merge ASeg Wed Mar 11 15:05:53 CET 2026
#@# Intensity Normalization2 Wed Mar 11 15:05:53 CET 2026
#@# Mask BFS Wed Mar 11 15:08:10 CET 2026
#@# WM Segmentation Wed Mar 11 15:08:11 CET 2026
#@# Fill Wed Mar 11 15:10:00 CET 2026
recon-all -s sub-v2s18x29496_ses-1 finished without error at Wed Mar 11 15:11:03 CET 2026



#New# invocation of recon-all 



status file for recon-all
Wed Mar 11 15:57:36 CET 2026
#@# white curv lh Wed Mar 11 15:57:36 CET 2026
#@# white area lh Wed Mar 11 15:57:36 CET 2026
#@# pial curv lh Wed Mar 11 15:57:36 CET 2026
#@# pial area lh Wed Mar 11 15:57:36 CET 2026
#@# thickness lh Wed Mar 11 15:57:36 CET 2026
#@# area and vertex vol lh Wed Mar 11 15:57:36 CET 2026
#@# white curv rh Wed Mar 11 15:57:36 CET 2026
#@# white area rh Wed Mar 11 15:57:36 CET 2026
#@# pial curv rh Wed Mar 11 15:57:36 CET 2026
#@# pial area rh Wed Mar 11 15:57:36 CET 2026
#@# thickness rh Wed Mar 11 15:57:36 CET 2026
#@# area and vertex vol rh Wed Mar 11 15:57:36 CET 2026
#@# Cortical ribbon mask Wed Mar 11 15:57:36 CET 2026
recon-all -s sub-v2s18x29496_ses-1 finished without error at Wed Mar 11 16:02:10 CET 2026



#New# invocation of recon-all 



status file for recon-all
Wed Mar 11 16:09:10 CET 2026
#@# white curv lh Wed Mar 11 16:09:11 CET 2026
#@# white area lh Wed Mar 11 16:09:11 CET 2026
#@# pial curv lh Wed Mar 11 16:09:11 CET 2026
#@# pial area lh Wed Mar 11 16:09:11 CET 2026
#@# thickness lh Wed Mar 11 16:09:11 CET 2026
#@# area and vertex vol lh Wed Mar 11 16:09:11 CET 2026
#@# white curv rh Wed Mar 11 16:09:11 CET 2026
#@# white area rh Wed Mar 11 16:09:11 CET 2026
#@# pial curv rh Wed Mar 11 16:09:11 CET 2026
#@# pial area rh Wed Mar 11 16:09:11 CET 2026
#@# thickness rh Wed Mar 11 16:09:11 CET 2026
#@# area and vertex vol rh Wed Mar 11 16:09:11 CET 2026
#@# Curvature Stats lh Wed Mar 11 16:09:11 CET 2026
#@# Curvature Stats rh Wed Mar 11 16:09:14 CET 2026
#@# Relabel Hypointensities Wed Mar 11 16:09:16 CET 2026
#@# APas-to-ASeg Wed Mar 11 16:09:31 CET 2026
#@# AParc-to-ASeg aparc Wed Mar 11 16:09:40 CET 2026
#@# AParc-to-ASeg aparc.a2009s Wed Mar 11 16:10:05 CET 2026
#@# AParc-to-ASeg aparc.DKTatlas Wed Mar 11 16:10:34 CET 2026
#@# WMParc Wed Mar 11 16:11:05 CET 2026
#@# ASeg Stats Wed Mar 11 16:14:49 CET 2026
recon-all -s sub-v2s18x29496_ses-1 finished without error at Wed Mar 11 16:15:29 CET 2026
