status file for recon-all
Wed Mar 11 15:32:57 CET 2026
#@# Tessellate rh Wed Mar 11 15:32:57 CET 2026
#@# Smooth1 rh Wed Mar 11 15:33:01 CET 2026
#@# Inflation1 rh Wed Mar 11 15:33:04 CET 2026
#@# QSphere rh Wed Mar 11 15:33:17 CET 2026
#@# Fix Topology rh Wed Mar 11 15:34:21 CET 2026
#@# Smooth2 rh Wed Mar 11 15:40:42 CET 2026
#@# Inflation2 rh Wed Mar 11 15:40:45 CET 2026
#@# Curv .H and .K rh Wed Mar 11 15:41:01 CET 2026
#@# Sphere rh Wed Mar 11 15:41:49 CET 2026
#@# Surf Reg rh Wed Mar 11 15:45:00 CET 2026
#@# Jacobian white rh Wed Mar 11 15:48:58 CET 2026
#@# AvgCurv rh Wed Mar 11 15:48:59 CET 2026
#@# Cortical Parc rh Wed Mar 11 15:49:00 CET 2026
#@# white curv rh Wed Mar 11 15:56:20 CET 2026
#@# white area rh Wed Mar 11 15:56:22 CET 2026
#@# pial curv rh Wed Mar 11 15:56:22 CET 2026
#@# pial area rh Wed Mar 11 15:56:24 CET 2026
#@# thickness rh Wed Mar 11 15:56:25 CET 2026
#@# area and vertex vol rh Wed Mar 11 15:56:55 CET 2026
#@# Curvature Stats rh Wed Mar 11 15:56:57 CET 2026
#@# Cortical Parc 2 rh Wed Mar 11 15:57:00 CET 2026
#@# Cortical Parc 3 rh Wed Mar 11 15:57:14 CET 2026
#@# WM/GM Contrast rh Wed Mar 11 15:57:24 CET 2026
recon-all -s sub-v2s18x29496_ses-1 finished without error at Wed Mar 11 15:57:29 CET 2026



#New# invocation of recon-all 



status file for recon-all
Wed Mar 11 16:05:46 CET 2026
#@# white curv rh Wed Mar 11 16:05:46 CET 2026
#@# white area rh Wed Mar 11 16:05:46 CET 2026
#@# pial curv rh Wed Mar 11 16:05:46 CET 2026
#@# pial area rh Wed Mar 11 16:05:46 CET 2026
#@# thickness rh Wed Mar 11 16:05:46 CET 2026
#@# area and vertex vol rh Wed Mar 11 16:05:46 CET 2026
#@# Parcellation Stats rh Wed Mar 11 16:05:46 CET 2026
#@# Parcellation Stats 2 rh Wed Mar 11 16:06:06 CET 2026
#@# Parcellation Stats 3 rh Wed Mar 11 16:06:16 CET 2026
#@# BA_exvivo Labels rh Wed Mar 11 16:06:26 CET 2026
recon-all -s sub-v2s18x29496_ses-1 finished without error at Wed Mar 11 16:09:06 CET 2026
