status file for recon-all
Wed Mar 11 15:11:06 CET 2026
#@# Tessellate lh Wed Mar 11 15:11:06 CET 2026
#@# Smooth1 lh Wed Mar 11 15:11:10 CET 2026
#@# Inflation1 lh Wed Mar 11 15:11:13 CET 2026
#@# QSphere lh Wed Mar 11 15:11:26 CET 2026
#@# Fix Topology lh Wed Mar 11 15:12:35 CET 2026
#@# Smooth2 lh Wed Mar 11 15:18:32 CET 2026
#@# Inflation2 lh Wed Mar 11 15:18:35 CET 2026
#@# Curv .H and .K lh Wed Mar 11 15:18:52 CET 2026
#@# Sphere lh Wed Mar 11 15:19:39 CET 2026
#@# Surf Reg lh Wed Mar 11 15:21:05 CET 2026
#@# Jacobian white lh Wed Mar 11 15:24:34 CET 2026
#@# AvgCurv lh Wed Mar 11 15:24:35 CET 2026
#@# Cortical Parc lh Wed Mar 11 15:24:35 CET 2026
#@# white curv lh Wed Mar 11 15:31:41 CET 2026
#@# white area lh Wed Mar 11 15:31:43 CET 2026
#@# pial curv lh Wed Mar 11 15:31:43 CET 2026
#@# pial area lh Wed Mar 11 15:31:45 CET 2026
#@# thickness lh Wed Mar 11 15:31:46 CET 2026
#@# area and vertex vol lh Wed Mar 11 15:32:18 CET 2026
#@# Curvature Stats lh Wed Mar 11 15:32:20 CET 2026
#@# Cortical Parc 2 lh Wed Mar 11 15:32:24 CET 2026
#@# Cortical Parc 3 lh Wed Mar 11 15:32:37 CET 2026
#@# WM/GM Contrast lh Wed Mar 11 15:32:49 CET 2026
recon-all -s sub-v2s18x29496_ses-1 finished without error at Wed Mar 11 15:32:54 CET 2026



#New# invocation of recon-all 



status file for recon-all
Wed Mar 11 16:02:14 CET 2026
#@# white curv lh Wed Mar 11 16:02:14 CET 2026
#@# white area lh Wed Mar 11 16:02:14 CET 2026
#@# pial curv lh Wed Mar 11 16:02:14 CET 2026
#@# pial area lh Wed Mar 11 16:02:14 CET 2026
#@# thickness lh Wed Mar 11 16:02:14 CET 2026
#@# area and vertex vol lh Wed Mar 11 16:02:14 CET 2026
#@# Parcellation Stats lh Wed Mar 11 16:02:14 CET 2026
#@# Parcellation Stats 2 lh Wed Mar 11 16:02:34 CET 2026
#@# Parcellation Stats 3 lh Wed Mar 11 16:02:44 CET 2026
#@# BA_exvivo Labels lh Wed Mar 11 16:02:53 CET 2026
recon-all -s sub-v2s18x29496_ses-1 finished without error at Wed Mar 11 16:05:45 CET 2026
