status file for recon-all
Wed Mar 11 16:47:15 CET 2026
#@# Tessellate rh Wed Mar 11 16:47:15 CET 2026
#@# Smooth1 rh Wed Mar 11 16:47:19 CET 2026
#@# Inflation1 rh Wed Mar 11 16:47:21 CET 2026
#@# QSphere rh Wed Mar 11 16:47:33 CET 2026
#@# Fix Topology rh Wed Mar 11 16:48:33 CET 2026
#@# Smooth2 rh Wed Mar 11 16:53:40 CET 2026
#@# Inflation2 rh Wed Mar 11 16:53:43 CET 2026
#@# Curv .H and .K rh Wed Mar 11 16:53:56 CET 2026
#@# Sphere rh Wed Mar 11 16:54:41 CET 2026
#@# Surf Reg rh Wed Mar 11 16:57:22 CET 2026
#@# Jacobian white rh Wed Mar 11 17:00:56 CET 2026
#@# AvgCurv rh Wed Mar 11 17:00:57 CET 2026
#@# Cortical Parc rh Wed Mar 11 17:00:58 CET 2026
#@# white curv rh Wed Mar 11 17:06:57 CET 2026
#@# white area rh Wed Mar 11 17:06:59 CET 2026
#@# pial curv rh Wed Mar 11 17:06:59 CET 2026
#@# pial area rh Wed Mar 11 17:07:01 CET 2026
#@# thickness rh Wed Mar 11 17:07:02 CET 2026
#@# area and vertex vol rh Wed Mar 11 17:07:30 CET 2026
#@# Curvature Stats rh Wed Mar 11 17:07:31 CET 2026
#@# Cortical Parc 2 rh Wed Mar 11 17:07:33 CET 2026
#@# Cortical Parc 3 rh Wed Mar 11 17:07:46 CET 2026
#@# WM/GM Contrast rh Wed Mar 11 17:07:56 CET 2026
recon-all -s sub-v2s18x29526_ses-1 finished without error at Wed Mar 11 17:08:01 CET 2026



#New# invocation of recon-all 



status file for recon-all
Wed Mar 11 17:14:54 CET 2026
#@# white curv rh Wed Mar 11 17:14:54 CET 2026
#@# white area rh Wed Mar 11 17:14:54 CET 2026
#@# pial curv rh Wed Mar 11 17:14:54 CET 2026
#@# pial area rh Wed Mar 11 17:14:54 CET 2026
#@# thickness rh Wed Mar 11 17:14:54 CET 2026
#@# area and vertex vol rh Wed Mar 11 17:14:54 CET 2026
#@# Parcellation Stats rh Wed Mar 11 17:14:54 CET 2026
#@# Parcellation Stats 2 rh Wed Mar 11 17:15:12 CET 2026
#@# Parcellation Stats 3 rh Wed Mar 11 17:15:21 CET 2026
#@# BA_exvivo Labels rh Wed Mar 11 17:15:30 CET 2026
recon-all -s sub-v2s18x29526_ses-1 finished without error at Wed Mar 11 17:17:54 CET 2026
