status file for recon-all
Wed Mar 11 14:42:27 CET 2026
#@# MotionCor Wed Mar 11 14:42:33 CET 2026
#@# Talairach Wed Mar 11 14:42:56 CET 2026
#@# Talairach Failure Detection Wed Mar 11 14:47:20 CET 2026
#@# Nu Intensity Correction Wed Mar 11 14:47:20 CET 2026
#@# Intensity Normalization Wed Mar 11 14:50:38 CET 2026
recon-all -s sub-v2s18x29526_ses-1 finished without error at Wed Mar 11 14:52:16 CET 2026



#New# invocation of recon-all 



status file for recon-all
Wed Mar 11 15:03:15 CET 2026
#@# EM Registration Wed Mar 11 15:03:15 CET 2026
recon-all -s sub-v2s18x29526_ses-1 finished without error at Wed Mar 11 15:05:24 CET 2026



#New# invocation of recon-all 



status file for recon-all
Wed Mar 11 15:05:25 CET 2026
#@# CA Normalize Wed Mar 11 15:05:25 CET 2026
#@# CA Reg Wed Mar 11 15:06:49 CET 2026
#@# SubCort Seg Wed Mar 11 15:55:21 CET 2026
#@# CC Seg Wed Mar 11 16:21:54 CET 2026
#@# Merge ASeg Wed Mar 11 16:22:26 CET 2026
#@# Intensity Normalization2 Wed Mar 11 16:22:26 CET 2026
#@# Mask BFS Wed Mar 11 16:24:46 CET 2026
#@# WM Segmentation Wed Mar 11 16:24:47 CET 2026
#@# Fill Wed Mar 11 16:26:39 CET 2026
recon-all -s sub-v2s18x29526_ses-1 finished without error at Wed Mar 11 16:27:39 CET 2026



#New# invocation of recon-all 



status file for recon-all
Wed Mar 11 17:08:07 CET 2026
#@# white curv lh Wed Mar 11 17:08:07 CET 2026
#@# white area lh Wed Mar 11 17:08:08 CET 2026
#@# pial curv lh Wed Mar 11 17:08:08 CET 2026
#@# pial area lh Wed Mar 11 17:08:08 CET 2026
#@# thickness lh Wed Mar 11 17:08:08 CET 2026
#@# area and vertex vol lh Wed Mar 11 17:08:08 CET 2026
#@# white curv rh Wed Mar 11 17:08:08 CET 2026
#@# white area rh Wed Mar 11 17:08:08 CET 2026
#@# pial curv rh Wed Mar 11 17:08:08 CET 2026
#@# pial area rh Wed Mar 11 17:08:08 CET 2026
#@# thickness rh Wed Mar 11 17:08:08 CET 2026
#@# area and vertex vol rh Wed Mar 11 17:08:08 CET 2026
#@# Cortical ribbon mask Wed Mar 11 17:08:08 CET 2026
recon-all -s sub-v2s18x29526_ses-1 finished without error at Wed Mar 11 17:11:50 CET 2026



#New# invocation of recon-all 



status file for recon-all
Wed Mar 11 17:17:59 CET 2026
#@# white curv lh Wed Mar 11 17:17:59 CET 2026
#@# white area lh Wed Mar 11 17:17:59 CET 2026
#@# pial curv lh Wed Mar 11 17:17:59 CET 2026
#@# pial area lh Wed Mar 11 17:17:59 CET 2026
#@# thickness lh Wed Mar 11 17:17:59 CET 2026
#@# area and vertex vol lh Wed Mar 11 17:17:59 CET 2026
#@# white curv rh Wed Mar 11 17:17:59 CET 2026
#@# white area rh Wed Mar 11 17:17:59 CET 2026
#@# pial curv rh Wed Mar 11 17:17:59 CET 2026
#@# pial area rh Wed Mar 11 17:17:59 CET 2026
#@# thickness rh Wed Mar 11 17:17:59 CET 2026
#@# area and vertex vol rh Wed Mar 11 17:17:59 CET 2026
#@# Curvature Stats lh Wed Mar 11 17:17:59 CET 2026
#@# Curvature Stats rh Wed Mar 11 17:18:02 CET 2026
#@# Relabel Hypointensities Wed Mar 11 17:18:04 CET 2026
#@# APas-to-ASeg Wed Mar 11 17:18:18 CET 2026
#@# AParc-to-ASeg aparc Wed Mar 11 17:18:26 CET 2026
#@# AParc-to-ASeg aparc.a2009s Wed Mar 11 17:18:57 CET 2026
#@# AParc-to-ASeg aparc.DKTatlas Wed Mar 11 17:19:23 CET 2026
#@# WMParc Wed Mar 11 17:19:52 CET 2026
#@# ASeg Stats Wed Mar 11 17:23:23 CET 2026
recon-all -s sub-v2s18x29526_ses-1 finished without error at Wed Mar 11 17:24:04 CET 2026
