status file for recon-all
Wed Mar 11 16:27:43 CET 2026
#@# Tessellate lh Wed Mar 11 16:27:43 CET 2026
#@# Smooth1 lh Wed Mar 11 16:27:47 CET 2026
#@# Inflation1 lh Wed Mar 11 16:27:49 CET 2026
#@# QSphere lh Wed Mar 11 16:28:02 CET 2026
#@# Fix Topology lh Wed Mar 11 16:28:57 CET 2026
#@# Smooth2 lh Wed Mar 11 16:34:06 CET 2026
#@# Inflation2 lh Wed Mar 11 16:34:09 CET 2026
#@# Curv .H and .K lh Wed Mar 11 16:34:22 CET 2026
#@# Sphere lh Wed Mar 11 16:35:07 CET 2026
#@# Surf Reg lh Wed Mar 11 16:37:06 CET 2026
#@# Jacobian white lh Wed Mar 11 16:40:14 CET 2026
#@# AvgCurv lh Wed Mar 11 16:40:15 CET 2026
#@# Cortical Parc lh Wed Mar 11 16:40:15 CET 2026
#@# white curv lh Wed Mar 11 16:46:10 CET 2026
#@# white area lh Wed Mar 11 16:46:12 CET 2026
#@# pial curv lh Wed Mar 11 16:46:13 CET 2026
#@# pial area lh Wed Mar 11 16:46:14 CET 2026
#@# thickness lh Wed Mar 11 16:46:15 CET 2026
#@# area and vertex vol lh Wed Mar 11 16:46:42 CET 2026
#@# Curvature Stats lh Wed Mar 11 16:46:43 CET 2026
#@# Cortical Parc 2 lh Wed Mar 11 16:46:45 CET 2026
#@# Cortical Parc 3 lh Wed Mar 11 16:46:58 CET 2026
#@# WM/GM Contrast lh Wed Mar 11 16:47:08 CET 2026
recon-all -s sub-v2s18x29526_ses-1 finished without error at Wed Mar 11 16:47:12 CET 2026



#New# invocation of recon-all 



status file for recon-all
Wed Mar 11 17:11:54 CET 2026
#@# white curv lh Wed Mar 11 17:11:54 CET 2026
#@# white area lh Wed Mar 11 17:11:54 CET 2026
#@# pial curv lh Wed Mar 11 17:11:54 CET 2026
#@# pial area lh Wed Mar 11 17:11:54 CET 2026
#@# thickness lh Wed Mar 11 17:11:54 CET 2026
#@# area and vertex vol lh Wed Mar 11 17:11:54 CET 2026
#@# Parcellation Stats lh Wed Mar 11 17:11:54 CET 2026
#@# Parcellation Stats 2 lh Wed Mar 11 17:12:10 CET 2026
#@# Parcellation Stats 3 lh Wed Mar 11 17:12:19 CET 2026
#@# BA_exvivo Labels lh Wed Mar 11 17:12:28 CET 2026
recon-all -s sub-v2s18x29526_ses-1 finished without error at Wed Mar 11 17:14:52 CET 2026
