status file for recon-all
Wed Mar 11 16:20:05 CET 2026
#@# Tessellate lh Wed Mar 11 16:20:05 CET 2026
#@# Smooth1 lh Wed Mar 11 16:20:08 CET 2026
#@# Inflation1 lh Wed Mar 11 16:20:11 CET 2026
#@# QSphere lh Wed Mar 11 16:20:20 CET 2026
#@# Fix Topology lh Wed Mar 11 16:21:21 CET 2026
#@# Smooth2 lh Wed Mar 11 16:26:32 CET 2026
#@# Inflation2 lh Wed Mar 11 16:26:35 CET 2026
#@# Curv .H and .K lh Wed Mar 11 16:26:45 CET 2026
#@# Sphere lh Wed Mar 11 16:27:35 CET 2026
#@# Surf Reg lh Wed Mar 11 16:29:53 CET 2026
#@# Jacobian white lh Wed Mar 11 16:33:01 CET 2026
#@# AvgCurv lh Wed Mar 11 16:33:02 CET 2026
#@# Cortical Parc lh Wed Mar 11 16:33:03 CET 2026
#@# white curv lh Wed Mar 11 16:38:46 CET 2026
#@# white area lh Wed Mar 11 16:38:47 CET 2026
#@# pial curv lh Wed Mar 11 16:38:48 CET 2026
#@# pial area lh Wed Mar 11 16:38:50 CET 2026
#@# thickness lh Wed Mar 11 16:38:50 CET 2026
#@# area and vertex vol lh Wed Mar 11 16:39:22 CET 2026
#@# Curvature Stats lh Wed Mar 11 16:39:23 CET 2026
#@# Cortical Parc 2 lh Wed Mar 11 16:39:25 CET 2026
#@# Cortical Parc 3 lh Wed Mar 11 16:39:39 CET 2026
#@# WM/GM Contrast lh Wed Mar 11 16:39:49 CET 2026
recon-all -s sub-v2s18x29525_ses-1 finished without error at Wed Mar 11 16:39:54 CET 2026



#New# invocation of recon-all 



status file for recon-all
Wed Mar 11 17:10:50 CET 2026
#@# white curv lh Wed Mar 11 17:10:50 CET 2026
#@# white area lh Wed Mar 11 17:10:50 CET 2026
#@# pial curv lh Wed Mar 11 17:10:50 CET 2026
#@# pial area lh Wed Mar 11 17:10:50 CET 2026
#@# thickness lh Wed Mar 11 17:10:50 CET 2026
#@# area and vertex vol lh Wed Mar 11 17:10:50 CET 2026
#@# Parcellation Stats lh Wed Mar 11 17:10:50 CET 2026
#@# Parcellation Stats 2 lh Wed Mar 11 17:11:09 CET 2026
#@# Parcellation Stats 3 lh Wed Mar 11 17:11:19 CET 2026
#@# BA_exvivo Labels lh Wed Mar 11 17:11:29 CET 2026
recon-all -s sub-v2s18x29525_ses-1 finished without error at Wed Mar 11 17:13:57 CET 2026
