status file for recon-all
Wed Mar 11 14:41:00 CET 2026
#@# MotionCor Wed Mar 11 14:41:07 CET 2026
#@# Talairach Wed Mar 11 14:41:25 CET 2026
#@# Talairach Failure Detection Wed Mar 11 14:45:48 CET 2026
#@# Nu Intensity Correction Wed Mar 11 14:45:48 CET 2026
#@# Intensity Normalization Wed Mar 11 14:49:03 CET 2026
recon-all -s sub-v2s18x29525_ses-1 finished without error at Wed Mar 11 14:50:35 CET 2026



#New# invocation of recon-all 



status file for recon-all
Wed Mar 11 15:01:31 CET 2026
#@# EM Registration Wed Mar 11 15:01:31 CET 2026
recon-all -s sub-v2s18x29525_ses-1 finished without error at Wed Mar 11 15:03:01 CET 2026



#New# invocation of recon-all 



status file for recon-all
Wed Mar 11 15:03:04 CET 2026
#@# CA Normalize Wed Mar 11 15:03:05 CET 2026
#@# CA Reg Wed Mar 11 15:04:25 CET 2026
#@# SubCort Seg Wed Mar 11 15:44:30 CET 2026
#@# CC Seg Wed Mar 11 16:14:20 CET 2026
#@# Merge ASeg Wed Mar 11 16:14:52 CET 2026
#@# Intensity Normalization2 Wed Mar 11 16:14:52 CET 2026
#@# Mask BFS Wed Mar 11 16:17:03 CET 2026
#@# WM Segmentation Wed Mar 11 16:17:04 CET 2026
#@# Fill Wed Mar 11 16:18:58 CET 2026
recon-all -s sub-v2s18x29525_ses-1 finished without error at Wed Mar 11 16:20:00 CET 2026



#New# invocation of recon-all 



status file for recon-all
Wed Mar 11 17:00:25 CET 2026
#@# white curv lh Wed Mar 11 17:00:25 CET 2026
#@# white area lh Wed Mar 11 17:00:25 CET 2026
#@# pial curv lh Wed Mar 11 17:00:25 CET 2026
#@# pial area lh Wed Mar 11 17:00:25 CET 2026
#@# thickness lh Wed Mar 11 17:00:26 CET 2026
#@# area and vertex vol lh Wed Mar 11 17:00:26 CET 2026
#@# white curv rh Wed Mar 11 17:00:26 CET 2026
#@# white area rh Wed Mar 11 17:00:26 CET 2026
#@# pial curv rh Wed Mar 11 17:00:26 CET 2026
#@# pial area rh Wed Mar 11 17:00:26 CET 2026
#@# thickness rh Wed Mar 11 17:00:26 CET 2026
#@# area and vertex vol rh Wed Mar 11 17:00:26 CET 2026
#@# Cortical ribbon mask Wed Mar 11 17:00:26 CET 2026
recon-all -s sub-v2s18x29525_ses-1 finished without error at Wed Mar 11 17:10:46 CET 2026



#New# invocation of recon-all 



status file for recon-all
Wed Mar 11 17:17:16 CET 2026
#@# white curv lh Wed Mar 11 17:17:16 CET 2026
#@# white area lh Wed Mar 11 17:17:16 CET 2026
#@# pial curv lh Wed Mar 11 17:17:16 CET 2026
#@# pial area lh Wed Mar 11 17:17:16 CET 2026
#@# thickness lh Wed Mar 11 17:17:16 CET 2026
#@# area and vertex vol lh Wed Mar 11 17:17:16 CET 2026
#@# white curv rh Wed Mar 11 17:17:16 CET 2026
#@# white area rh Wed Mar 11 17:17:16 CET 2026
#@# pial curv rh Wed Mar 11 17:17:16 CET 2026
#@# pial area rh Wed Mar 11 17:17:16 CET 2026
#@# thickness rh Wed Mar 11 17:17:16 CET 2026
#@# area and vertex vol rh Wed Mar 11 17:17:16 CET 2026
#@# Curvature Stats lh Wed Mar 11 17:17:16 CET 2026
#@# Curvature Stats rh Wed Mar 11 17:17:19 CET 2026
#@# Relabel Hypointensities Wed Mar 11 17:17:21 CET 2026
#@# APas-to-ASeg Wed Mar 11 17:17:36 CET 2026
#@# AParc-to-ASeg aparc Wed Mar 11 17:17:44 CET 2026
#@# AParc-to-ASeg aparc.a2009s Wed Mar 11 17:18:15 CET 2026
#@# AParc-to-ASeg aparc.DKTatlas Wed Mar 11 17:18:45 CET 2026
#@# WMParc Wed Mar 11 17:19:17 CET 2026
#@# ASeg Stats Wed Mar 11 17:22:52 CET 2026
recon-all -s sub-v2s18x29525_ses-1 finished without error at Wed Mar 11 17:23:25 CET 2026
