status file for recon-all
Wed Mar 11 16:39:55 CET 2026
#@# Tessellate rh Wed Mar 11 16:39:55 CET 2026
#@# Smooth1 rh Wed Mar 11 16:39:59 CET 2026
#@# Inflation1 rh Wed Mar 11 16:40:02 CET 2026
#@# QSphere rh Wed Mar 11 16:40:14 CET 2026
#@# Fix Topology rh Wed Mar 11 16:41:16 CET 2026
#@# Smooth2 rh Wed Mar 11 16:46:45 CET 2026
#@# Inflation2 rh Wed Mar 11 16:46:48 CET 2026
#@# Curv .H and .K rh Wed Mar 11 16:46:59 CET 2026
#@# Sphere rh Wed Mar 11 16:47:50 CET 2026
#@# Surf Reg rh Wed Mar 11 16:50:07 CET 2026
#@# Jacobian white rh Wed Mar 11 16:53:24 CET 2026
#@# AvgCurv rh Wed Mar 11 16:53:25 CET 2026
#@# Cortical Parc rh Wed Mar 11 16:53:25 CET 2026
#@# white curv rh Wed Mar 11 16:59:13 CET 2026
#@# white area rh Wed Mar 11 16:59:15 CET 2026
#@# pial curv rh Wed Mar 11 16:59:16 CET 2026
#@# pial area rh Wed Mar 11 16:59:17 CET 2026
#@# thickness rh Wed Mar 11 16:59:18 CET 2026
#@# area and vertex vol rh Wed Mar 11 16:59:50 CET 2026
#@# Curvature Stats rh Wed Mar 11 16:59:51 CET 2026
#@# Cortical Parc 2 rh Wed Mar 11 16:59:53 CET 2026
#@# Cortical Parc 3 rh Wed Mar 11 17:00:07 CET 2026
#@# WM/GM Contrast rh Wed Mar 11 17:00:17 CET 2026
recon-all -s sub-v2s18x29525_ses-1 finished without error at Wed Mar 11 17:00:22 CET 2026



#New# invocation of recon-all 



status file for recon-all
Wed Mar 11 17:14:02 CET 2026
#@# white curv rh Wed Mar 11 17:14:02 CET 2026
#@# white area rh Wed Mar 11 17:14:02 CET 2026
#@# pial curv rh Wed Mar 11 17:14:02 CET 2026
#@# pial area rh Wed Mar 11 17:14:02 CET 2026
#@# thickness rh Wed Mar 11 17:14:02 CET 2026
#@# area and vertex vol rh Wed Mar 11 17:14:02 CET 2026
#@# Parcellation Stats rh Wed Mar 11 17:14:02 CET 2026
#@# Parcellation Stats 2 rh Wed Mar 11 17:14:22 CET 2026
#@# Parcellation Stats 3 rh Wed Mar 11 17:14:32 CET 2026
#@# BA_exvivo Labels rh Wed Mar 11 17:14:42 CET 2026
recon-all -s sub-v2s18x29525_ses-1 finished without error at Wed Mar 11 17:17:12 CET 2026
