status file for recon-all
Wed Mar 11 13:24:37 CET 2026
#@# MotionCor Wed Mar 11 13:24:44 CET 2026
#@# Talairach Wed Mar 11 13:25:05 CET 2026
#@# Talairach Failure Detection Wed Mar 11 13:29:29 CET 2026
#@# Nu Intensity Correction Wed Mar 11 13:29:29 CET 2026
#@# Intensity Normalization Wed Mar 11 13:32:44 CET 2026
recon-all -s sub-v2s18x29505_ses-1 finished without error at Wed Mar 11 13:34:14 CET 2026



#New# invocation of recon-all 



status file for recon-all
Wed Mar 11 13:45:23 CET 2026
#@# EM Registration Wed Mar 11 13:45:23 CET 2026
recon-all -s sub-v2s18x29505_ses-1 finished without error at Wed Mar 11 13:47:04 CET 2026



#New# invocation of recon-all 



status file for recon-all
Wed Mar 11 13:47:07 CET 2026
#@# CA Normalize Wed Mar 11 13:47:07 CET 2026
#@# CA Reg Wed Mar 11 13:48:26 CET 2026
#@# SubCort Seg Wed Mar 11 14:36:27 CET 2026
#@# CC Seg Wed Mar 11 15:04:15 CET 2026
#@# Merge ASeg Wed Mar 11 15:04:49 CET 2026
#@# Intensity Normalization2 Wed Mar 11 15:04:49 CET 2026
#@# Mask BFS Wed Mar 11 15:07:07 CET 2026
#@# WM Segmentation Wed Mar 11 15:07:08 CET 2026
#@# Fill Wed Mar 11 15:09:00 CET 2026
recon-all -s sub-v2s18x29505_ses-1 finished without error at Wed Mar 11 15:10:08 CET 2026



#New# invocation of recon-all 



status file for recon-all
Wed Mar 11 16:01:41 CET 2026
#@# white curv lh Wed Mar 11 16:01:41 CET 2026
#@# white area lh Wed Mar 11 16:01:41 CET 2026
#@# pial curv lh Wed Mar 11 16:01:41 CET 2026
#@# pial area lh Wed Mar 11 16:01:41 CET 2026
#@# thickness lh Wed Mar 11 16:01:41 CET 2026
#@# area and vertex vol lh Wed Mar 11 16:01:41 CET 2026
#@# white curv rh Wed Mar 11 16:01:41 CET 2026
#@# white area rh Wed Mar 11 16:01:41 CET 2026
#@# pial curv rh Wed Mar 11 16:01:41 CET 2026
#@# pial area rh Wed Mar 11 16:01:41 CET 2026
#@# thickness rh Wed Mar 11 16:01:41 CET 2026
#@# area and vertex vol rh Wed Mar 11 16:01:41 CET 2026
#@# Cortical ribbon mask Wed Mar 11 16:01:41 CET 2026
recon-all -s sub-v2s18x29505_ses-1 finished without error at Wed Mar 11 16:07:28 CET 2026



#New# invocation of recon-all 



status file for recon-all
Wed Mar 11 16:14:33 CET 2026
#@# white curv lh Wed Mar 11 16:14:33 CET 2026
#@# white area lh Wed Mar 11 16:14:33 CET 2026
#@# pial curv lh Wed Mar 11 16:14:33 CET 2026
#@# pial area lh Wed Mar 11 16:14:33 CET 2026
#@# thickness lh Wed Mar 11 16:14:33 CET 2026
#@# area and vertex vol lh Wed Mar 11 16:14:33 CET 2026
#@# white curv rh Wed Mar 11 16:14:33 CET 2026
#@# white area rh Wed Mar 11 16:14:33 CET 2026
#@# pial curv rh Wed Mar 11 16:14:33 CET 2026
#@# pial area rh Wed Mar 11 16:14:33 CET 2026
#@# thickness rh Wed Mar 11 16:14:33 CET 2026
#@# area and vertex vol rh Wed Mar 11 16:14:33 CET 2026
#@# Curvature Stats lh Wed Mar 11 16:14:33 CET 2026
#@# Curvature Stats rh Wed Mar 11 16:14:36 CET 2026
#@# Relabel Hypointensities Wed Mar 11 16:14:39 CET 2026
#@# APas-to-ASeg Wed Mar 11 16:14:56 CET 2026
#@# AParc-to-ASeg aparc Wed Mar 11 16:15:05 CET 2026
#@# AParc-to-ASeg aparc.a2009s Wed Mar 11 16:15:48 CET 2026
#@# AParc-to-ASeg aparc.DKTatlas Wed Mar 11 16:16:36 CET 2026
#@# WMParc Wed Mar 11 16:17:22 CET 2026
#@# ASeg Stats Wed Mar 11 16:21:12 CET 2026
recon-all -s sub-v2s18x29505_ses-1 finished without error at Wed Mar 11 16:21:54 CET 2026
