status file for recon-all
Wed Mar 11 15:35:47 CET 2026
#@# Tessellate rh Wed Mar 11 15:35:47 CET 2026
#@# Smooth1 rh Wed Mar 11 15:35:51 CET 2026
#@# Inflation1 rh Wed Mar 11 15:35:54 CET 2026
#@# QSphere rh Wed Mar 11 15:36:09 CET 2026
#@# Fix Topology rh Wed Mar 11 15:37:36 CET 2026
#@# Smooth2 rh Wed Mar 11 15:43:50 CET 2026
#@# Inflation2 rh Wed Mar 11 15:43:53 CET 2026
#@# Curv .H and .K rh Wed Mar 11 15:44:09 CET 2026
#@# Sphere rh Wed Mar 11 15:44:57 CET 2026
#@# Surf Reg rh Wed Mar 11 15:48:57 CET 2026
#@# Jacobian white rh Wed Mar 11 15:53:01 CET 2026
#@# AvgCurv rh Wed Mar 11 15:53:02 CET 2026
#@# Cortical Parc rh Wed Mar 11 15:53:03 CET 2026
#@# white curv rh Wed Mar 11 16:00:21 CET 2026
#@# white area rh Wed Mar 11 16:00:23 CET 2026
#@# pial curv rh Wed Mar 11 16:00:24 CET 2026
#@# pial area rh Wed Mar 11 16:00:26 CET 2026
#@# thickness rh Wed Mar 11 16:00:26 CET 2026
#@# area and vertex vol rh Wed Mar 11 16:00:59 CET 2026
#@# Curvature Stats rh Wed Mar 11 16:01:00 CET 2026
#@# Cortical Parc 2 rh Wed Mar 11 16:01:03 CET 2026
#@# Cortical Parc 3 rh Wed Mar 11 16:01:18 CET 2026
#@# WM/GM Contrast rh Wed Mar 11 16:01:28 CET 2026
recon-all -s sub-v2s18x29505_ses-1 finished without error at Wed Mar 11 16:01:34 CET 2026



#New# invocation of recon-all 



status file for recon-all
Wed Mar 11 16:11:03 CET 2026
#@# white curv rh Wed Mar 11 16:11:04 CET 2026
#@# white area rh Wed Mar 11 16:11:04 CET 2026
#@# pial curv rh Wed Mar 11 16:11:04 CET 2026
#@# pial area rh Wed Mar 11 16:11:04 CET 2026
#@# thickness rh Wed Mar 11 16:11:04 CET 2026
#@# area and vertex vol rh Wed Mar 11 16:11:04 CET 2026
#@# Parcellation Stats rh Wed Mar 11 16:11:04 CET 2026
#@# Parcellation Stats 2 rh Wed Mar 11 16:11:23 CET 2026
#@# Parcellation Stats 3 rh Wed Mar 11 16:11:33 CET 2026
#@# BA_exvivo Labels rh Wed Mar 11 16:11:42 CET 2026
recon-all -s sub-v2s18x29505_ses-1 finished without error at Wed Mar 11 16:14:29 CET 2026
