status file for recon-all
Wed Mar 11 15:10:13 CET 2026
#@# Tessellate lh Wed Mar 11 15:10:13 CET 2026
#@# Smooth1 lh Wed Mar 11 15:10:17 CET 2026
#@# Inflation1 lh Wed Mar 11 15:10:19 CET 2026
#@# QSphere lh Wed Mar 11 15:10:33 CET 2026
#@# Fix Topology lh Wed Mar 11 15:11:57 CET 2026
#@# Smooth2 lh Wed Mar 11 15:17:54 CET 2026
#@# Inflation2 lh Wed Mar 11 15:17:57 CET 2026
#@# Curv .H and .K lh Wed Mar 11 15:18:12 CET 2026
#@# Sphere lh Wed Mar 11 15:19:05 CET 2026
#@# Surf Reg lh Wed Mar 11 15:22:46 CET 2026
#@# Jacobian white lh Wed Mar 11 15:27:15 CET 2026
#@# AvgCurv lh Wed Mar 11 15:27:16 CET 2026
#@# Cortical Parc lh Wed Mar 11 15:27:18 CET 2026
#@# white curv lh Wed Mar 11 15:34:31 CET 2026
#@# white area lh Wed Mar 11 15:34:33 CET 2026
#@# pial curv lh Wed Mar 11 15:34:34 CET 2026
#@# pial area lh Wed Mar 11 15:34:36 CET 2026
#@# thickness lh Wed Mar 11 15:34:37 CET 2026
#@# area and vertex vol lh Wed Mar 11 15:35:09 CET 2026
#@# Curvature Stats lh Wed Mar 11 15:35:11 CET 2026
#@# Cortical Parc 2 lh Wed Mar 11 15:35:14 CET 2026
#@# Cortical Parc 3 lh Wed Mar 11 15:35:28 CET 2026
#@# WM/GM Contrast lh Wed Mar 11 15:35:39 CET 2026
recon-all -s sub-v2s18x29505_ses-1 finished without error at Wed Mar 11 15:35:44 CET 2026



#New# invocation of recon-all 



status file for recon-all
Wed Mar 11 16:07:31 CET 2026
#@# white curv lh Wed Mar 11 16:07:31 CET 2026
#@# white area lh Wed Mar 11 16:07:31 CET 2026
#@# pial curv lh Wed Mar 11 16:07:31 CET 2026
#@# pial area lh Wed Mar 11 16:07:31 CET 2026
#@# thickness lh Wed Mar 11 16:07:31 CET 2026
#@# area and vertex vol lh Wed Mar 11 16:07:31 CET 2026
#@# Parcellation Stats lh Wed Mar 11 16:07:31 CET 2026
#@# Parcellation Stats 2 lh Wed Mar 11 16:07:51 CET 2026
#@# Parcellation Stats 3 lh Wed Mar 11 16:08:01 CET 2026
#@# BA_exvivo Labels lh Wed Mar 11 16:08:11 CET 2026
recon-all -s sub-v2s18x29505_ses-1 finished without error at Wed Mar 11 16:11:00 CET 2026
