/out/sourcedata/freesurfer/sub-v2s18x29524_ses-1/mri
/opt/freesurfer/bin/talairach_avi
--i orig_nu.mgz --xfm transforms/talairach.auto.xfm
talairach_avi 7.3.2
Linux dna022 5.14.0-427.37.1.el9_4.x86_64 #1 SMP PREEMPT_DYNAMIC Fri Sep 13 12:41:50 EDT 2024 x86_64 x86_64 x86_64 GNU/Linux
Wed Mar 11 14:44:22 CET 2026
mri_convert orig_nu.mgz talsrcimg.img 
reading from orig_nu.mgz...
TR=0.00, TE=0.00, TI=0.00, flip angle=0.00
i_ras = (-1, 5.57338e-09, -1.86265e-09)
j_ras = (1.86265e-09, 0, -1)
k_ras = (1.8772e-09, 1, -2.32831e-10)
writing to talsrcimg.img...
Analyze Output Matrix
-1.00000   0.00000   0.00000   133.01202;
 0.00000   0.00000   1.00000  -112.32298;
-0.00000  -1.00000  -0.00000   109.17761;
 0.00000   0.00000   0.00000   1.00000;
--------------------
INFO: set hdr.hist.orient to -1
mpr2mni305 talsrcimg
Wed Mar 11 14:44:22 CET 2026
/opt/freesurfer/bin/mpr2mni305 talsrcimg
mpr2mni305 7.3.2
target=711-2C_as_mni_average_305

---------------------------------------------------------------------
analyzeto4dfp talsrcimg -O0 -y
---------------------------------------------------------------------

freesurfer ifh2hdr.c
Wed Mar 11 14:44:22 2026
Writing: talsrcimg.4dfp.hdr
freesurfer analyzeto4dfp.c
Reading: talsrcimg.hdr
header size 348 bytes
hdr.dime.datatype	offset=70	value=2
hdr.dime.bitpix		offset=72	value=8
hdr.hist.orient		offset=252	value=-1
dimensionality     4
dimensions       256       256       256         1
Reading: talsrcimg.img
Writing: talsrcimg.4dfp.img
Writing: talsrcimg.4dfp.ifh
ifh2hdr talsrcimg -r0to207
ori=2

---------------------------------------------------------------------
gauss_4dfp talsrcimg 1.1
---------------------------------------------------------------------

freesurfer gauss_4dfp.c
Reading: talsrcimg.4dfp.img
Writing: talsrcimg_g11.4dfp.img
image dimensions 256 256 256 padded to 288 288 288
processing volume 1freesurfer ifh2hdr.c
Wed Mar 11 14:44:24 2026
Writing: talsrcimg_g11.4dfp.hdr

Writing: talsrcimg_g11.4dfp.ifh
including: talsrcimg.4dfp.img.rec in talsrcimg_g11.4dfp.img.rec

---------------------------------------------------------------------
imgreg_4dfp /opt/freesurfer/average/711-2C_as_mni_average_305 none talsrcimg_g11 none talsrcimg_to_711-2C_as_mni_average_305_t4 4355
---------------------------------------------------------------------

freesurfer imgreg_4dfp.c
/opt/freesurfer/average/711-2C_as_mni_average_305.4dfp.img
       256       256       256         1
  1.000000  1.000000  1.000000
orientation T byte_order littleendian
Reading image: /opt/freesurfer/average/711-2C_as_mni_average_305.4dfp.img
dimensions:      256       256       256
mmppix:       1.0000   -1.0000   -1.0000
center:     128.0000 -129.0000 -129.0000
talsrcimg_g11.4dfp.img
       256       256       256         1
  1.000000  1.000000  1.000000
orientation T byte_order littleendian
Reading image: talsrcimg_g11.4dfp.img
dimensions:      256       256       256
mmppix:       1.0000   -1.0000   -1.0000
center:     128.0000 -129.0000 -129.0000
t4_read: open error in t4_sub.f l:  41 t4_file(1:l)talsrcimg_to_711-2C_as_mni_average_305_t4 
t4_read: transform initialized to I4
rotation matrix determinant  1.000000
image alignment mode   4355 decimal     1103 hex
   -7.5000  -45.0000  -45.0000 6615.0063   20.7976
    0.0000  -45.0000  -45.0000 6808.4331   20.7571
    7.5000  -45.0000  -45.0000 6489.9878   20.7601
   -7.5000  -37.5000  -45.0000 7209.4453   20.3833
    0.0000  -37.5000  -45.0000 7414.8115   20.3445
    7.5000  -37.5000  -45.0000 7064.9780   20.3397
   -7.5000  -30.0000  -45.0000 8137.9985   20.2416
    0.0000  -30.0000  -45.0000 8390.9756   20.2072
    7.5000  -30.0000  -45.0000 7970.3472   20.1986
   -7.5000  -22.5000  -45.0000 9118.2598   20.1314
    0.0000  -22.5000  -45.0000 9413.1650   20.1002
    7.5000  -22.5000  -45.0000 8911.6221   20.0930
   -7.5000  -15.0000  -45.000010071.6289   20.0273
    0.0000  -15.0000  -45.000010398.0801   19.9963
    7.5000  -15.0000  -45.0000 9834.3555   19.9958
   -7.5000   -7.5000  -45.000010924.6455   19.9496
    0.0000   -7.5000  -45.000011272.0361   19.9169
    7.5000   -7.5000  -45.000010662.6455   19.9233
   -7.5000    0.0000  -45.000011700.1982   19.9424
    0.0000    0.0000  -45.000012073.5703   19.9063
    7.5000    0.0000  -45.000011408.1162   19.9106
   -7.5000    7.5000  -45.000011581.1660   19.9666
    0.0000    7.5000  -45.000011955.3672   19.9299
    7.5000    7.5000  -45.000011276.6377   19.9266
   -7.5000   15.0000  -45.000011357.4766   19.9888
    0.0000   15.0000  -45.000011722.5732   19.9553
    7.5000   15.0000  -45.000011052.6582   19.9479
   -7.5000   22.5000  -45.000011006.3623   19.9869
    0.0000   22.5000  -45.000011320.4609   19.9558
    7.5000   22.5000  -45.000010674.8027   19.9494
   -7.5000   30.0000  -45.000010612.4609   19.7038
    0.0000   30.0000  -45.000010917.8037   19.6733
    7.5000   30.0000  -45.000010270.6748   19.6731
   -7.5000   37.5000  -45.000010507.8428   19.6777
    0.0000   37.5000  -45.000010794.2207   19.6453
    7.5000   37.5000  -45.000010144.2256   19.6516
   -7.5000   45.0000  -45.0000 9822.6982   19.1770
    0.0000   45.0000  -45.000010108.7598   19.1423
    7.5000   45.0000  -45.0000 9503.1758   19.1464
   -7.5000  -45.0000  -37.5000 7036.7183   20.7375
    0.0000  -45.0000  -37.5000 7244.2437   20.6958
    7.5000  -45.0000  -37.5000 6888.9268   20.7049
   -7.5000  -37.5000  -37.5000 7682.2559   20.3237
    0.0000  -37.5000  -37.5000 7911.1602   20.2814
    7.5000  -37.5000  -37.5000 7506.0073   20.2868
   -7.5000  -30.0000  -37.5000 8705.0508   20.1788
    0.0000  -30.0000  -37.5000 8991.8096   20.1411
    7.5000  -30.0000  -37.5000 8498.3848   20.1434
   -7.5000  -22.5000  -37.5000 9751.4824   20.0699
    0.0000  -22.5000  -37.500010069.9229   20.0386
    7.5000  -22.5000  -37.5000 9514.5020   20.0384
   -7.5000  -15.0000  -37.500010748.8613   19.9689
    0.0000  -15.0000  -37.500011095.8662   19.9404
    7.5000  -15.0000  -37.500010500.5449   19.9433
   -7.5000   -7.5000  -37.500011640.8389   19.8937
    0.0000   -7.5000  -37.500012020.3066   19.8624
    7.5000   -7.5000  -37.500011357.4219   19.8715
   -7.5000    0.0000  -37.500012462.4072   19.8884
    0.0000    0.0000  -37.500012843.4980   19.8511
    7.5000    0.0000  -37.500012126.9141   19.8608
   -7.5000    7.5000  -37.500012330.5312   19.9099
    0.0000    7.5000  -37.500012689.6504   19.8698
    7.5000    7.5000  -37.500011976.5479   19.8762
   -7.5000   15.0000  -37.500012087.3867   19.9277
    0.0000   15.0000  -37.500012431.3193   19.8908
    7.5000   15.0000  -37.500011756.0674   19.8939
   -7.5000   22.5000  -37.500011667.8574   19.9255
    0.0000   22.5000  -37.500011998.2861   19.8944
    7.5000   22.5000  -37.500011341.6523   19.8948
   -7.5000   30.0000  -37.500011237.0898   19.6458
    0.0000   30.0000  -37.500011548.7002   19.6178
    7.5000   30.0000  -37.500010865.5684   19.6208
   -7.5000   37.5000  -37.500011134.5625   19.6226
    0.0000   37.5000  -37.500011429.9834   19.5916
    7.5000   37.5000  -37.500010738.1729   19.6006
   -7.5000   45.0000  -37.500010406.9316   19.1251
    0.0000   45.0000  -37.500010672.8486   19.0892
    7.5000   45.0000  -37.500010025.2461   19.0985
   -7.5000  -45.0000  -30.0000 7564.4419   21.5989
    0.0000  -45.0000  -30.0000 7815.6748   21.5619
    7.5000  -45.0000  -30.0000 7419.4043   21.5794
   -7.5000  -37.5000  -30.0000 8282.5469   21.1727
    0.0000  -37.5000  -30.0000 8571.6709   21.1354
    7.5000  -37.5000  -30.0000 8102.8359   21.1532
   -7.5000  -30.0000  -30.0000 9400.5850   21.0247
    0.0000  -30.0000  -30.0000 9728.0957   20.9918
    7.5000  -30.0000  -30.0000 9188.4238   21.0088
   -7.5000  -22.5000  -30.000010524.9170   20.9090
    0.0000  -22.5000  -30.000010876.8457   20.8823
    7.5000  -22.5000  -30.000010272.2285   20.8957
   -7.5000  -15.0000  -30.000011586.8760   20.7981
    0.0000  -15.0000  -30.000011955.2041   20.7741
    7.5000  -15.0000  -30.000011291.8652   20.7873
   -7.5000   -7.5000  -30.000012544.9961   20.7174
    0.0000   -7.5000  -30.000012938.1572   20.6900
    7.5000   -7.5000  -30.000012201.5430   20.7064
   -7.5000    0.0000  -30.000013408.2598   20.7153
    0.0000    0.0000  -30.000013806.1035   20.6822
    7.5000    0.0000  -30.000013022.2139   20.6996
   -7.5000    7.5000  -30.000013250.6562   20.7429
    0.0000    7.5000  -30.000013633.3818   20.7075
    7.5000    7.5000  -30.000012868.4717   20.7258
   -7.5000   15.0000  -30.000013011.7529   20.7641
    0.0000   15.0000  -30.000013386.6123   20.7319
    7.5000   15.0000  -30.000012612.6650   20.7495
   -7.5000   22.5000  -30.000012568.2500   20.7566
    0.0000   22.5000  -30.000012929.9570   20.7301
    7.5000   22.5000  -30.000012175.4766   20.7438
   -7.5000   30.0000  -30.000012041.9238   20.4631
    0.0000   30.0000  -30.000012382.0586   20.4395
    7.5000   30.0000  -30.000011621.2373   20.4528
   -7.5000   37.5000  -30.000011921.9258   20.4370
    0.0000   37.5000  -30.000012242.8604   20.4099
    7.5000   37.5000  -30.000011474.3467   20.4260
   -7.5000   45.0000  -30.000011135.9980   19.9349
    0.0000   45.0000  -30.000011406.8252   19.9030
    7.5000   45.0000  -30.000010703.6436   19.9197
   -7.5000  -45.0000  -22.5000 8094.7783   22.3512
    0.0000  -45.0000  -22.5000 8377.4629   22.3212
    7.5000  -45.0000  -22.5000 7933.8213   22.3405
   -7.5000  -37.5000  -22.5000 8894.3594   21.9168
    0.0000  -37.5000  -22.5000 9200.1748   21.8895
    7.5000  -37.5000  -22.5000 8703.3369   21.9087
   -7.5000  -30.0000  -22.500010091.2617   21.7723
    0.0000  -30.0000  -22.500010435.1846   21.7492
    7.5000  -30.0000  -22.5000 9873.5566   21.7692
   -7.5000  -22.5000  -22.500011258.3145   21.6511
    0.0000  -22.5000  -22.500011628.6611   21.6304
    7.5000  -22.5000  -22.500011003.3320   21.6498
   -7.5000  -15.0000  -22.500012355.5723   21.5279
    0.0000  -15.0000  -22.500012769.6592   21.5063
    7.5000  -15.0000  -22.500012076.1875   21.5268
   -7.5000   -7.5000  -22.500013381.9365   21.4380
    0.0000   -7.5000  -22.500013829.1064   21.4138
    7.5000   -7.5000  -22.500013082.0635   21.4347
   -7.5000    0.0000  -22.500014277.0527   21.4357
    0.0000    0.0000  -22.500014736.0439   21.4089
    7.5000    0.0000  -22.500013923.4551   21.4281
   -7.5000    7.5000  -22.500014118.2373   21.4722
    0.0000    7.5000  -22.500014588.1924   21.4463
    7.5000    7.5000  -22.500013755.5684   21.4660
   -7.5000   15.0000  -22.500013885.7129   21.5034
    0.0000   15.0000  -22.500014337.7754   21.4808
    7.5000   15.0000  -22.500013477.9775   21.5013
   -7.5000   22.5000  -22.500013397.2461   21.4928
    0.0000   22.5000  -22.500013847.3916   21.4722
    7.5000   22.5000  -22.500012984.2539   21.4919
   -7.5000   30.0000  -22.500012781.5068   21.1847
    0.0000   30.0000  -22.500013188.4766   21.1635
    7.5000   30.0000  -22.500012359.0801   21.1840
   -7.5000   37.5000  -22.500012638.2637   21.1511
    0.0000   37.5000  -22.500013012.4844   21.1270
    7.5000   37.5000  -22.500012199.0283   21.1477
   -7.5000   45.0000  -22.500011835.0898   20.6436
    0.0000   45.0000  -22.500012169.4922   20.6178
    7.5000   45.0000  -22.500011381.3760   20.6363
   -7.5000  -45.0000  -15.0000 8632.5254   22.9013
    0.0000  -45.0000  -15.0000 8915.4492   22.8740
    7.5000  -45.0000  -15.0000 8434.5615   22.8869
   -7.5000  -37.5000  -15.0000 9481.6475   22.4565
    0.0000  -37.5000  -15.0000 9798.3760   22.4346
    7.5000  -37.5000  -15.0000 9281.6172   22.4436
   -7.5000  -30.0000  -15.000010748.5264   22.3136
    0.0000  -30.0000  -15.000011107.7305   22.2955
    7.5000  -30.0000  -15.000010509.3584   22.3046
   -7.5000  -22.5000  -15.000011961.6201   22.1917
    0.0000  -22.5000  -15.000012384.8740   22.1713
    7.5000  -22.5000  -15.000011716.6484   22.1837
   -7.5000  -15.0000  -15.000013106.8662   22.0646
    0.0000  -15.0000  -15.000013602.2139   22.0398
    7.5000  -15.0000  -15.000012857.7461   22.0571
   -7.5000   -7.5000  -15.000014197.7451   21.9691
    0.0000   -7.5000  -15.000014724.1357   21.9434
    7.5000   -7.5000  -15.000013919.8018   21.9616
   -7.5000    0.0000  -15.000015098.2793   21.9615
    0.0000    0.0000  -15.000015662.8477   21.9373
    7.5000    0.0000  -15.000014809.4502   21.9509
   -7.5000    7.5000  -15.000014911.8750   22.0001
    0.0000    7.5000  -15.000015470.9131   21.9795
    7.5000    7.5000  -15.000014590.4121   21.9894
   -7.5000   15.0000  -15.000014653.5020   22.0380
    0.0000   15.0000  -15.000015215.1006   22.0203
    7.5000   15.0000  -15.000014310.0801   22.0301
   -7.5000   22.5000  -15.000014168.5049   22.0292
    0.0000   22.5000  -15.000014722.5000   22.0088
    7.5000   22.5000  -15.000013806.7432   22.0217
   -7.5000   30.0000  -15.000013483.6104   21.7166
    0.0000   30.0000  -15.000013986.7266   21.6923
    7.5000   30.0000  -15.000013104.0713   21.7097
   -7.5000   37.5000  -15.000013324.5977   21.6780
    0.0000   37.5000  -15.000013772.7334   21.6526
    7.5000   37.5000  -15.000012917.8809   21.6706
   -7.5000   45.0000  -15.000012470.9238   21.1628
    0.0000   45.0000  -15.000012868.5166   21.1394
    7.5000   45.0000  -15.000012074.9346   21.1526
   -7.5000  -45.0000   -7.5000 9201.7695   23.1712
    0.0000  -45.0000   -7.5000 9495.7832   23.1369
    7.5000  -45.0000   -7.5000 8998.2129   23.1427
   -7.5000  -37.5000   -7.500010092.7656   22.7161
    0.0000  -37.5000   -7.500010455.0762   22.6866
    7.5000  -37.5000   -7.5000 9888.5254   22.6840
   -7.5000  -30.0000   -7.500011421.8418   22.5670
    0.0000  -30.0000   -7.500011852.3057   22.5415
    7.5000  -30.0000   -7.500011217.8818   22.5365
   -7.5000  -22.5000   -7.500012689.5635   22.4448
    0.0000  -22.5000   -7.500013214.9023   22.4176
    7.5000  -22.5000   -7.500012495.3486   22.4169
   -7.5000  -15.0000   -7.500013916.8301   22.3225
    0.0000  -15.0000   -7.500014492.9990   22.2917
    7.5000  -15.0000   -7.500013706.1416   22.2988
   -7.5000   -7.5000   -7.500015086.4873   22.2298
    0.0000   -7.5000   -7.500015696.5176   22.1985
    7.5000   -7.5000   -7.500014852.6621   22.2102
   -7.5000    0.0000   -7.500015973.8057   22.2198
    0.0000    0.0000   -7.500016614.5254   22.1893
    7.5000    0.0000   -7.500015781.1465   22.1965
   -7.5000    7.5000   -7.500015721.8184   22.2532
    0.0000    7.5000   -7.500016331.5488   22.2256
    7.5000    7.5000   -7.500015503.7139   22.2245
   -7.5000   15.0000   -7.500015450.1797   22.2871
    0.0000   15.0000   -7.500016050.2119   22.2623
    7.5000   15.0000   -7.500015212.0508   22.2583
   -7.5000   22.5000   -7.500014959.1279   22.2777
    0.0000   22.5000   -7.500015575.8545   22.2507
    7.5000   22.5000   -7.500014706.3643   22.2507
   -7.5000   30.0000   -7.500014237.6484   21.9703
    0.0000   30.0000   -7.500014780.4297   21.9400
    7.5000   30.0000   -7.500013964.5127   21.9473
   -7.5000   37.5000   -7.500013975.3359   21.9347
    0.0000   37.5000   -7.500014521.3955   21.9037
    7.5000   37.5000   -7.500013671.1152   21.9153
   -7.5000   45.0000   -7.500013125.6426   21.4157
    0.0000   45.0000   -7.500013589.5498   21.3863
    7.5000   45.0000   -7.500012787.6836   21.3932
   -7.5000  -45.0000    0.0000 9693.5957   23.2093
    0.0000  -45.0000    0.000010028.7627   23.1646
    7.5000  -45.0000    0.0000 9498.2705   23.1686
   -7.5000  -37.5000    0.000010609.8262   22.7480
    0.0000  -37.5000    0.000011021.7969   22.7052
    7.5000  -37.5000    0.000010432.1562   22.7004
   -7.5000  -30.0000    0.000011996.5869   22.5901
    0.0000  -30.0000    0.000012477.4990   22.5523
    7.5000  -30.0000    0.000011837.4268   22.5432
   -7.5000  -22.5000    0.000013359.0439   22.4678
    0.0000  -22.5000    0.000013901.7334   22.4335
    7.5000  -22.5000    0.000013179.2588   22.4259
   -7.5000  -15.0000    0.000014658.3799   22.3522
    0.0000  -15.0000    0.000015231.1475   22.3181
    7.5000  -15.0000    0.000014451.4932   22.3179
   -7.5000   -7.5000    0.000015904.1270   22.2657
    0.0000   -7.5000    0.000016515.4590   22.2297
    7.5000   -7.5000    0.000015649.5049   22.2372
   -7.5000    0.0000    0.000016907.4414   22.2575
    0.0000    0.0000    0.000017579.6406   22.2176
    7.5000    0.0000    0.000016721.1016   22.2229
   -7.5000    7.5000    0.000016580.0898   22.2841
    0.0000    7.5000    0.000017242.8477   22.2437
    7.5000    7.5000    0.000016458.4707   22.2404
   -7.5000   15.0000    0.000016240.6738   22.3088
    0.0000   15.0000    0.000016878.8027   22.2720
    7.5000   15.0000    0.000016143.2656   22.2641
   -7.5000   22.5000    0.000015724.0781   22.2997
    0.0000   22.5000    0.000016327.2939   22.2656
    7.5000   22.5000    0.000015605.4395   22.2588
   -7.5000   30.0000    0.000014951.3545   21.9999
    0.0000   30.0000    0.000015546.7754   21.9663
    7.5000   30.0000    0.000014814.1777   21.9664
   -7.5000   37.5000    0.000014612.8428   21.9708
    0.0000   37.5000    0.000015223.9141   21.9351
    7.5000   37.5000    0.000014410.5840   21.9426
   -7.5000   45.0000    0.000013711.7373   21.4536
    0.0000   45.0000    0.000014249.1367   21.4152
    7.5000   45.0000    0.000013447.6699   21.4203
   -7.5000  -45.0000    7.5000 9449.7969   23.1981
    0.0000  -45.0000    7.5000 9792.2383   23.1515
    7.5000  -45.0000    7.5000 9265.7910   23.1618
   -7.5000  -37.5000    7.500010327.0078   22.7353
    0.0000  -37.5000    7.500010724.3350   22.6881
    7.5000  -37.5000    7.500010164.2715   22.6942
   -7.5000  -30.0000    7.500011673.3672   22.5731
    0.0000  -30.0000    7.500012118.8984   22.5310
    7.5000  -30.0000    7.500011509.6328   22.5336
   -7.5000  -22.5000    7.500013014.4756   22.4512
    0.0000  -22.5000    7.500013484.5830   22.4162
    7.5000  -22.5000    7.500012803.8828   22.4160
   -7.5000  -15.0000    7.500014244.2773   22.3382
    0.0000  -15.0000    7.500014740.7686   22.3064
    7.5000  -15.0000    7.500014026.1885   22.3096
   -7.5000   -7.5000    7.500015452.2373   22.2543
    0.0000   -7.5000    7.500015955.2393   22.2193
    7.5000   -7.5000    7.500015193.5928   22.2295
   -7.5000    0.0000    7.500016531.9004   22.2486
    0.0000    0.0000    7.500017123.0664   22.2069
    7.5000    0.0000    7.500016294.6719   22.2177
   -7.5000    7.5000    7.500016108.2178   22.2726
    0.0000    7.5000    7.500016701.6973   22.2278
    7.5000    7.5000    7.500016113.5107   22.2351
   -7.5000   15.0000    7.500015586.4590   22.2923
    0.0000   15.0000    7.500016196.0488   22.2512
    7.5000   15.0000    7.500015724.9492   22.2547
   -7.5000   22.5000    7.500015042.1143   22.2825
    0.0000   22.5000    7.500015659.7236   22.2478
    7.5000   22.5000    7.500015128.6367   22.2482
   -7.5000   30.0000    7.500014351.3096   21.9853
    0.0000   30.0000    7.500014997.7363   21.9541
    7.5000   30.0000    7.500014366.5410   21.9575
   -7.5000   37.5000    7.500014057.0518   21.9596
    0.0000   37.5000    7.500014658.3311   21.9249
    7.5000   37.5000    7.500013944.7607   21.9350
   -7.5000   45.0000    7.500013223.7666   21.4450
    0.0000   45.0000    7.500013720.2207   21.4049
    7.5000   45.0000    7.500013000.4463   21.4153
   -7.5000  -45.0000   15.0000 9069.4971   23.1948
    0.0000  -45.0000   15.0000 9404.7285   23.1550
    7.5000  -45.0000   15.0000 8911.6182   23.1739
   -7.5000  -37.5000   15.0000 9924.8330   22.7371
    0.0000  -37.5000   15.000010297.5234   22.6970
    7.5000  -37.5000   15.0000 9767.2480   22.7162
   -7.5000  -30.0000   15.000011217.6416   22.5781
    0.0000  -30.0000   15.000011617.6641   22.5428
    7.5000  -30.0000   15.000011017.3555   22.5611
   -7.5000  -22.5000   15.000012475.4551   22.4539
    0.0000  -22.5000   15.000012894.5273   22.4252
    7.5000  -22.5000   15.000012234.9326   22.4396
   -7.5000  -15.0000   15.000013616.1641   22.3347
    0.0000  -15.0000   15.000014057.4395   22.3089
    7.5000  -15.0000   15.000013378.0049   22.3233
   -7.5000   -7.5000   15.000014726.8174   22.2481
    0.0000   -7.5000   15.000015199.0303   22.2187
    7.5000   -7.5000   15.000014487.7998   22.2363
   -7.5000    0.0000   15.000015795.0752   22.2459
    0.0000    0.0000   15.000016318.4619   22.2103
    7.5000    0.0000   15.000015545.4854   22.2290
   -7.5000    7.5000   15.000015466.9570   22.2755
    0.0000    7.5000   15.000016046.2041   22.2375
    7.5000    7.5000   15.000015408.0518   22.2572
   -7.5000   15.0000   15.000015089.0049   22.2983
    0.0000   15.0000   15.000015719.6777   22.2637
    7.5000   15.0000   15.000015107.2822   22.2826
   -7.5000   22.5000   15.000014535.7256   22.2853
    0.0000   22.5000   15.000015183.1582   22.2568
    7.5000   22.5000   15.000014533.4785   22.2716
   -7.5000   30.0000   15.000013866.2900   21.9815
    0.0000   30.0000   15.000014447.6035   21.9561
    7.5000   30.0000   15.000013774.8359   21.9705
   -7.5000   37.5000   15.000013540.7783   21.9534
    0.0000   37.5000   15.000014021.3916   21.9243
    7.5000   37.5000   15.000013350.6240   21.9417
   -7.5000   45.0000   15.000012671.9268   21.4425
    0.0000   45.0000   15.000013083.0645   21.4082
    7.5000   45.0000   15.000012439.8193   21.4262
   -7.5000  -45.0000   22.5000 8592.0166   23.2679
    0.0000  -45.0000   22.5000 8919.3662   23.2367
    7.5000  -45.0000   22.5000 8461.7285   23.2571
   -7.5000  -37.5000   22.5000 9370.8203   22.8166
    0.0000  -37.5000   22.5000 9771.8789   22.7880
    7.5000  -37.5000   22.5000 9248.2930   22.8084
   -7.5000  -30.0000   22.500010584.9258   22.6658
    0.0000  -30.0000   22.500011008.7676   22.6417
    7.5000  -30.0000   22.500010408.8652   22.6629
   -7.5000  -22.5000   22.500011737.0127   22.5394
    0.0000  -22.5000   22.500012170.3984   22.5178
    7.5000  -22.5000   22.500011540.6055   22.5383
   -7.5000  -15.0000   22.500012831.7451   22.4107
    0.0000  -15.0000   22.500013249.5635   22.3882
    7.5000  -15.0000   22.500012625.3301   22.4100
   -7.5000   -7.5000   22.500013898.7510   22.3170
    0.0000   -7.5000   22.500014337.3525   22.2917
    7.5000   -7.5000   22.500013688.6787   22.3138
   -7.5000    0.0000   22.500014922.3975   22.3145
    0.0000    0.0000   22.500015336.0986   22.2866
    7.5000    0.0000   22.500014671.4062   22.3069
   -7.5000    7.5000   22.500014752.4434   22.3526
    0.0000    7.5000   22.500015124.2627   22.3256
    7.5000    7.5000   22.500014532.9717   22.3464
   -7.5000   15.0000   22.500014572.2637   22.3852
    0.0000   15.0000   22.500014965.2334   22.3616
    7.5000   15.0000   22.500014275.3877   22.3832
   -7.5000   22.5000   22.500014139.1729   22.3706
    0.0000   22.5000   22.500014522.6094   22.3491
    7.5000   22.5000   22.500013815.9072   22.3700
   -7.5000   30.0000   22.500013409.5869   22.0565
    0.0000   30.0000   22.500013776.9590   22.0343
    7.5000   30.0000   22.500013101.7275   22.0560
   -7.5000   37.5000   22.500012978.4795   22.0214
    0.0000   37.5000   22.500013321.2383   21.9963
    7.5000   37.5000   22.500012700.9639   22.0182
   -7.5000   45.0000   22.500012057.3555   21.5086
    0.0000   45.0000   22.500012376.6445   21.4817
    7.5000   45.0000   22.500011796.8799   21.5013
   -7.5000  -45.0000   30.0000 7999.9683   23.3944
    0.0000  -45.0000   30.0000 8320.1406   23.3665
    7.5000  -45.0000   30.0000 7887.3564   23.3803
   -7.5000  -37.5000   30.0000 8753.9121   22.9437
    0.0000  -37.5000   30.0000 9089.8311   22.9212
    7.5000  -37.5000   30.0000 8628.5625   22.9308
   -7.5000  -30.0000   30.0000 9896.6367   22.7977
    0.0000  -30.0000   30.000010224.4219   22.7789
    7.5000  -30.0000   30.0000 9729.0088   22.7886
   -7.5000  -22.5000   30.000010974.1699   22.6722
    0.0000  -22.5000   30.000011333.1240   22.6510
    7.5000  -22.5000   30.000010797.9541   22.6642
   -7.5000  -15.0000   30.000012031.0117   22.5413
    0.0000  -15.0000   30.000012429.0244   22.5158
    7.5000  -15.0000   30.000011817.9277   22.5339
   -7.5000   -7.5000   30.000013091.0186   22.4430
    0.0000   -7.5000   30.000013514.5742   22.4167
    7.5000   -7.5000   30.000012826.8770   22.4357
   -7.5000    0.0000   30.000014041.8613   22.4351
    0.0000    0.0000   30.000014431.9297   22.4103
    7.5000    0.0000   30.000013715.2861   22.4246
   -7.5000    7.5000   30.000013816.6660   22.4749
    0.0000    7.5000   30.000014207.7969   22.4536
    7.5000    7.5000   30.000013536.2393   22.4642
   -7.5000   15.0000   30.000013564.2617   22.5140
    0.0000   15.0000   30.000013969.5342   22.4956
    7.5000   15.0000   30.000013263.2168   22.5060
   -7.5000   22.5000   30.000013147.1367   22.5025
    0.0000   22.5000   30.000013557.2080   22.4814
    7.5000   22.5000   30.000012855.1123   22.4950
   -7.5000   30.0000   30.000012533.0547   22.1853
    0.0000   30.0000   30.000012943.1436   22.1603
    7.5000   30.0000   30.000012264.5938   22.1785
   -7.5000   37.5000   30.000012179.0957   22.1456
    0.0000   37.5000   30.000012586.2100   22.1195
    7.5000   37.5000   30.000011943.6279   22.1383
   -7.5000   45.0000   30.000011320.6807   21.6249
    0.0000   45.0000   30.000011677.8125   21.6009
    7.5000   45.0000   30.000011079.2305   21.6147
   -7.5000  -45.0000   37.5000 7698.2383   23.5838
    0.0000  -45.0000   37.5000 7966.9595   23.5486
    7.5000  -45.0000   37.5000 7582.3726   23.5546
   -7.5000  -37.5000   37.5000 8426.1455   23.1274
    0.0000  -37.5000   37.5000 8715.2158   23.0971
    7.5000  -37.5000   37.5000 8283.3584   23.0943
   -7.5000  -30.0000   37.5000 9532.4678   22.9767
    0.0000  -30.0000   37.5000 9864.2197   22.9502
    7.5000  -30.0000   37.5000 9337.1709   22.9449
   -7.5000  -22.5000   37.500010619.9062   22.8501
    0.0000  -22.5000   37.500011014.6455   22.8219
    7.5000  -22.5000   37.500010398.1875   22.8212
   -7.5000  -15.0000   37.500011660.3564   22.7230
    0.0000  -15.0000   37.500012100.8350   22.6912
    7.5000  -15.0000   37.500011415.3506   22.6985
   -7.5000   -7.5000   37.500012665.6709   22.6268
    0.0000   -7.5000   37.500013127.8262   22.5946
    7.5000   -7.5000   37.500012361.6914   22.6066
   -7.5000    0.0000   37.500013518.5615   22.6166
    0.0000    0.0000   37.500013944.2041   22.5851
    7.5000    0.0000   37.500013179.6260   22.5924
   -7.5000    7.5000   37.500013294.3320   22.6517
    0.0000    7.5000   37.500013701.7354   22.6231
    7.5000    7.5000   37.500013000.4229   22.6218
   -7.5000   15.0000   37.500013018.0518   22.6872
    0.0000   15.0000   37.500013426.4277   22.6614
    7.5000   15.0000   37.500012719.5137   22.6572
   -7.5000   22.5000   37.500012620.0029   22.6775
    0.0000   22.5000   37.500013016.9404   22.6495
    7.5000   22.5000   37.500012348.8818   22.6494
   -7.5000   30.0000   37.500012069.1514   22.3641
    0.0000   30.0000   37.500012454.0186   22.3328
    7.5000   30.0000   37.500011831.1523   22.3404
   -7.5000   37.5000   37.500011747.5781   22.3270
    0.0000   37.5000   37.500012139.0947   22.2950
    7.5000   37.5000   37.500011529.0029   22.3069
   -7.5000   45.0000   37.500010912.4795   21.7998
    0.0000   45.0000   37.500011273.8838   21.7694
    7.5000   45.0000   37.500010695.9551   21.7764
   -7.5000  -45.0000   45.0000 7047.5122   23.8708
    0.0000  -45.0000   45.0000 7317.6499   23.8231
    7.5000  -45.0000   45.0000 6939.5811   23.8279
   -7.5000  -37.5000   45.0000 7725.7817   23.4011
    0.0000  -37.5000   45.0000 8018.9502   23.3553
    7.5000  -37.5000   45.0000 7594.5591   23.3507
   -7.5000  -30.0000   45.0000 8747.8369   23.2393
    0.0000  -30.0000   45.0000 9095.9941   23.1986
    7.5000  -30.0000   45.0000 8579.6924   23.1892
   -7.5000  -22.5000   45.0000 9757.6416   23.1098
    0.0000  -22.5000   45.000010154.3828   23.0727
    7.5000  -22.5000   45.0000 9562.3320   23.0648
   -7.5000  -15.0000   45.000010697.6611   22.9869
    0.0000  -15.0000   45.000011126.9941   22.9502
    7.5000  -15.0000   45.000010482.3447   22.9502
   -7.5000   -7.5000   45.000011603.6240   22.8945
    0.0000   -7.5000   45.000012052.6357   22.8556
    7.5000   -7.5000   45.000011345.8281   22.8639
   -7.5000    0.0000   45.000012380.7598   22.8853
    0.0000    0.0000   45.000012822.4229   22.8424
    7.5000    0.0000   45.000012096.4141   22.8484
   -7.5000    7.5000   45.000012183.1250   22.9133
    0.0000    7.5000   45.000012606.4580   22.8699
    7.5000    7.5000   45.000011921.6777   22.8668
   -7.5000   15.0000   45.000011932.1416   22.9398
    0.0000   15.0000   45.000012332.4492   22.9002
    7.5000   15.0000   45.000011668.3887   22.8921
   -7.5000   22.5000   45.000011610.2070   22.9311
    0.0000   22.5000   45.000011971.6846   22.8943
    7.5000   22.5000   45.000011340.3223   22.8872
   -7.5000   30.0000   45.000011124.1973   22.6204
    0.0000   30.0000   45.000011485.5166   22.5842
    7.5000   30.0000   45.000010905.9912   22.5845
   -7.5000   37.5000   45.000010848.7480   22.5891
    0.0000   37.5000   45.000011206.5547   22.5506
    7.5000   37.5000   45.000010639.3164   22.5587
   -7.5000   45.0000   45.000010055.5088   22.0688
    0.0000   45.0000   45.000010390.9746   22.0274
    7.5000   45.0000   45.0000 9860.1104   22.0332

---------------------------------------------------------------------
imgreg_4dfp /opt/freesurfer/average/711-2C_as_mni_average_305 /opt/freesurfer/average/711-2B_as_mni_average_305_mask talsrcimg_g11 none talsrcimg_to_711-2C_as_mni_average_305_t4 4355
---------------------------------------------------------------------

freesurfer imgreg_4dfp.c
/opt/freesurfer/average/711-2C_as_mni_average_305.4dfp.img
       256       256       256         1
  1.000000  1.000000  1.000000
orientation T byte_order littleendian
Reading image: /opt/freesurfer/average/711-2C_as_mni_average_305.4dfp.img
dimensions:      256       256       256
mmppix:       1.0000   -1.0000   -1.0000
center:     128.0000 -129.0000 -129.0000
/opt/freesurfer/average/711-2B_as_mni_average_305_mask.4dfp.img
       256       256       256         1
  1.000000  1.000000  1.000000
orientation T byte_order littleendian
Reading mask: /opt/freesurfer/average/711-2B_as_mni_average_305_mask.4dfp.img (2306576 pixels)
talsrcimg_g11.4dfp.img
       256       256       256         1
  1.000000  1.000000  1.000000
orientation T byte_order littleendian
Reading image: talsrcimg_g11.4dfp.img
dimensions:      256       256       256
mmppix:       1.0000   -1.0000   -1.0000
center:     128.0000 -129.0000 -129.0000
rotation matrix determinant  1.000000
image alignment mode   4355 decimal     1103 hex
   -7.5000  -45.0000  -45.0000 1877.1340   30.7355
    0.0000  -45.0000  -45.0000 1866.4381   30.8671
    7.5000  -45.0000  -45.0000 1842.0717   31.4893
   -7.5000  -37.5000  -45.0000 1991.5625   27.2155
    0.0000  -37.5000  -45.0000 1975.1632   27.3187
    7.5000  -37.5000  -45.0000 1953.6307   27.8153
   -7.5000  -30.0000  -45.0000 2086.6643   24.4176
    0.0000  -30.0000  -45.0000 2073.3027   24.4963
    7.5000  -30.0000  -45.0000 2050.9932   24.9336
   -7.5000  -22.5000  -45.0000 2177.5762   22.3165
    0.0000  -22.5000  -45.0000 2163.6763   22.4174
    7.5000  -22.5000  -45.0000 2141.0400   22.7928
   -7.5000  -15.0000  -45.0000 2245.9348   20.8173
    0.0000  -15.0000  -45.0000 2238.5823   20.9086
    7.5000  -15.0000  -45.0000 2213.5708   21.1921
   -7.5000   -7.5000  -45.0000 2287.6792   19.7892
    0.0000   -7.5000  -45.0000 2279.5959   19.8182
    7.5000   -7.5000  -45.0000 2253.2087   20.1048
   -7.5000    0.0000  -45.0000 2313.4800   19.0904
    0.0000    0.0000  -45.0000 2308.2334   19.0856
    7.5000    0.0000  -45.0000 2279.3386   19.4016
   -7.5000    7.5000  -45.0000 2325.6538   18.7950
    0.0000    7.5000  -45.0000 2317.2034   18.7950
    7.5000    7.5000  -45.0000 2286.0442   19.1384
   -7.5000   15.0000  -45.0000 2330.6833   18.8400
    0.0000   15.0000  -45.0000 2321.8484   18.8019
    7.5000   15.0000  -45.0000 2285.8337   19.1854
   -7.5000   22.5000  -45.0000 2320.7510   19.2455
    0.0000   22.5000  -45.0000 2307.3096   19.2196
    7.5000   22.5000  -45.0000 2273.2603   19.6232
   -7.5000   30.0000  -45.0000 2277.7737   19.9056
    0.0000   30.0000  -45.0000 2267.7112   19.8740
    7.5000   30.0000  -45.0000 2232.6284   20.2863
   -7.5000   37.5000  -45.0000 2227.1951   20.8200
    0.0000   37.5000  -45.0000 2211.7112   20.8128
    7.5000   37.5000  -45.0000 2178.1128   21.2296
   -7.5000   45.0000  -45.0000 2151.4280   22.1859
    0.0000   45.0000  -45.0000 2141.1675   22.2237
    7.5000   45.0000  -45.0000 2106.0854   22.6948
   -7.5000  -45.0000  -37.5000 1945.2963   28.4795
    0.0000  -45.0000  -37.5000 1934.4161   28.6616
    7.5000  -45.0000  -37.5000 1906.2744   29.1820
   -7.5000  -37.5000  -37.5000 2065.7964   25.2357
    0.0000  -37.5000  -37.5000 2052.9043   25.3341
    7.5000  -37.5000  -37.5000 2025.4348   25.8122
   -7.5000  -30.0000  -37.5000 2175.6516   22.6443
    0.0000  -30.0000  -37.5000 2166.9382   22.7718
    7.5000  -30.0000  -37.5000 2136.7759   23.1453
   -7.5000  -22.5000  -37.5000 2274.4463   20.7049
    0.0000  -22.5000  -37.5000 2259.9263   20.8070
    7.5000  -22.5000  -37.5000 2232.3765   21.1066
   -7.5000  -15.0000  -37.5000 2345.3801   19.2069
    0.0000  -15.0000  -37.5000 2334.4370   19.3007
    7.5000  -15.0000  -37.5000 2311.2795   19.6020
   -7.5000   -7.5000  -37.5000 2390.7273   18.2807
    0.0000   -7.5000  -37.5000 2380.7354   18.3115
    7.5000   -7.5000  -37.5000 2353.4309   18.5643
   -7.5000    0.0000  -37.5000 2413.7612   17.6971
    0.0000    0.0000  -37.5000 2404.6318   17.6600
    7.5000    0.0000  -37.5000 2373.6431   17.9568
   -7.5000    7.5000  -37.5000 2430.0781   17.3997
    0.0000    7.5000  -37.5000 2415.8074   17.3617
    7.5000    7.5000  -37.5000 2386.1472   17.6908
   -7.5000   15.0000  -37.5000 2433.8308   17.4323
    0.0000   15.0000  -37.5000 2420.3252   17.3672
    7.5000   15.0000  -37.5000 2388.6924   17.7244
   -7.5000   22.5000  -37.5000 2419.8799   17.7477
    0.0000   22.5000  -37.5000 2407.9783   17.6958
    7.5000   22.5000  -37.5000 2375.2971   18.0774
   -7.5000   30.0000  -37.5000 2384.6841   18.3198
    0.0000   30.0000  -37.5000 2376.0500   18.2879
    7.5000   30.0000  -37.5000 2337.3140   18.6994
   -7.5000   37.5000  -37.5000 2325.7722   19.1931
    0.0000   37.5000  -37.5000 2316.4980   19.1757
    7.5000   37.5000  -37.5000 2279.9060   19.5976
   -7.5000   45.0000  -37.5000 2247.5103   20.4872
    0.0000   45.0000  -37.5000 2237.9783   20.4323
    7.5000   45.0000  -37.5000 2202.0503   20.9290
   -7.5000  -45.0000  -30.0000 2035.9995   27.4805
    0.0000  -45.0000  -30.0000 2029.0748   27.6876
    7.5000  -45.0000  -30.0000 2007.4828   28.2489
   -7.5000  -37.5000  -30.0000 2167.9731   24.4225
    0.0000  -37.5000  -30.0000 2163.9536   24.5974
    7.5000  -37.5000  -30.0000 2136.8530   25.0227
   -7.5000  -30.0000  -30.0000 2290.9094   21.9589
    0.0000  -30.0000  -30.0000 2286.3748   22.0877
    7.5000  -30.0000  -30.0000 2258.9285   22.4647
   -7.5000  -22.5000  -30.0000 2396.9375   19.9814
    0.0000  -22.5000  -30.0000 2388.3037   20.0720
    7.5000  -22.5000  -30.0000 2359.5920   20.4103
   -7.5000  -15.0000  -30.0000 2479.0564   18.4365
    0.0000  -15.0000  -30.0000 2467.4448   18.4931
    7.5000  -15.0000  -30.0000 2438.0911   18.8388
   -7.5000   -7.5000  -30.0000 2529.5574   17.4720
    0.0000   -7.5000  -30.0000 2515.5269   17.4883
    7.5000   -7.5000  -30.0000 2483.1021   17.7738
   -7.5000    0.0000  -30.0000 2559.7903   16.9223
    0.0000    0.0000  -30.0000 2543.7153   16.8804
    7.5000    0.0000  -30.0000 2510.4016   17.1571
   -7.5000    7.5000  -30.0000 2575.4282   16.6498
    0.0000    7.5000  -30.0000 2559.1204   16.5899
    7.5000    7.5000  -30.0000 2526.6887   16.9162
   -7.5000   15.0000  -30.0000 2581.9878   16.7021
    0.0000   15.0000  -30.0000 2569.0381   16.6622
    7.5000   15.0000  -30.0000 2529.1973   17.0128
   -7.5000   22.5000  -30.0000 2570.7368   17.0134
    0.0000   22.5000  -30.0000 2556.6023   16.9676
    7.5000   22.5000  -30.0000 2517.3394   17.3519
   -7.5000   30.0000  -30.0000 2533.3882   17.5373
    0.0000   30.0000  -30.0000 2523.2488   17.5027
    7.5000   30.0000  -30.0000 2479.4043   17.9176
   -7.5000   37.5000  -30.0000 2471.4705   18.3756
    0.0000   37.5000  -30.0000 2457.6602   18.3391
    7.5000   37.5000  -30.0000 2417.0400   18.7537
   -7.5000   45.0000  -30.0000 2383.2600   19.6229
    0.0000   45.0000  -30.0000 2373.3005   19.5881
    7.5000   45.0000  -30.0000 2333.8040   20.0337
   -7.5000  -45.0000  -22.5000 2104.1936   26.5349
    0.0000  -45.0000  -22.5000 2099.4089   26.7230
    7.5000  -45.0000  -22.5000 2075.9680   27.2714
   -7.5000  -37.5000  -22.5000 2247.2659   23.5413
    0.0000  -37.5000  -22.5000 2242.4602   23.7518
    7.5000  -37.5000  -22.5000 2214.5835   24.1766
   -7.5000  -30.0000  -22.5000 2375.8054   21.0964
    0.0000  -30.0000  -22.5000 2370.2478   21.2428
    7.5000  -30.0000  -22.5000 2341.0601   21.6858
   -7.5000  -22.5000  -22.5000 2486.2075   19.1325
    0.0000  -22.5000  -22.5000 2473.6003   19.2277
    7.5000  -22.5000  -22.5000 2445.9309   19.6488
   -7.5000  -15.0000  -22.5000 2569.4983   17.6350
    0.0000  -15.0000  -22.5000 2556.8831   17.6732
    7.5000  -15.0000  -22.5000 2527.4783   18.0823
   -7.5000   -7.5000  -22.5000 2631.4526   16.5719
    0.0000   -7.5000  -22.5000 2623.5776   16.5905
    7.5000   -7.5000  -22.5000 2589.4331   16.9394
   -7.5000    0.0000  -22.5000 2675.1384   15.9827
    0.0000    0.0000  -22.5000 2662.0691   15.9667
    7.5000    0.0000  -22.5000 2622.4136   16.2875
   -7.5000    7.5000  -22.5000 2696.1956   15.7500
    0.0000    7.5000  -22.5000 2686.8816   15.7221
    7.5000    7.5000  -22.5000 2646.2959   16.0486
   -7.5000   15.0000  -22.5000 2708.8755   15.8780
    0.0000   15.0000  -22.5000 2698.1567   15.8439
    7.5000   15.0000  -22.5000 2650.8286   16.1684
   -7.5000   22.5000  -22.5000 2694.4231   16.2221
    0.0000   22.5000  -22.5000 2684.5208   16.1863
    7.5000   22.5000  -22.5000 2634.6704   16.5079
   -7.5000   30.0000  -22.5000 2654.3452   16.7397
    0.0000   30.0000  -22.5000 2644.9092   16.7039
    7.5000   30.0000  -22.5000 2593.1172   17.0516
   -7.5000   37.5000  -22.5000 2591.3633   17.4993
    0.0000   37.5000  -22.5000 2579.3555   17.4653
    7.5000   37.5000  -22.5000 2530.2085   17.8806
   -7.5000   45.0000  -22.5000 2495.5239   18.6371
    0.0000   45.0000  -22.5000 2485.4358   18.6252
    7.5000   45.0000  -22.5000 2439.7915   19.0592
   -7.5000  -45.0000  -15.0000 2147.1023   25.7789
    0.0000  -45.0000  -15.0000 2142.2532   25.9296
    7.5000  -45.0000  -15.0000 2113.9121   26.3793
   -7.5000  -37.5000  -15.0000 2293.0339   22.7794
    0.0000  -37.5000  -15.0000 2288.2502   22.9261
    7.5000  -37.5000  -15.0000 2262.3391   23.4067
   -7.5000  -30.0000  -15.0000 2425.5112   20.3368
    0.0000  -30.0000  -15.0000 2418.0657   20.4601
    7.5000  -30.0000  -15.0000 2388.4946   20.9422
   -7.5000  -22.5000  -15.0000 2536.3840   18.3804
    0.0000  -22.5000  -15.0000 2529.6423   18.4878
    7.5000  -22.5000  -15.0000 2494.0442   18.9252
   -7.5000  -15.0000  -15.0000 2626.9495   16.8712
    0.0000  -15.0000  -15.0000 2621.6548   16.9558
    7.5000  -15.0000  -15.0000 2584.8850   17.3597
   -7.5000   -7.5000  -15.0000 2705.3704   15.8151
    0.0000   -7.5000  -15.0000 2699.9954   15.8545
    7.5000   -7.5000  -15.0000 2658.8689   16.2288
   -7.5000    0.0000  -15.0000 2757.0200   15.1457
    0.0000    0.0000  -15.0000 2747.9602   15.1676
    7.5000    0.0000  -15.0000 2704.8987   15.5154
   -7.5000    7.5000  -15.0000 2788.4629   14.8872
    0.0000    7.5000  -15.0000 2779.6282   14.8871
    7.5000    7.5000  -15.0000 2732.4023   15.2132
   -7.5000   15.0000  -15.0000 2801.5564   15.0463
    0.0000   15.0000  -15.0000 2794.5513   15.0424
    7.5000   15.0000  -15.0000 2743.7942   15.3206
   -7.5000   22.5000  -15.0000 2792.9517   15.4492
    0.0000   22.5000  -15.0000 2788.8687   15.4232
    7.5000   22.5000  -15.0000 2727.1436   15.6888
   -7.5000   30.0000  -15.0000 2749.3469   15.9721
    0.0000   30.0000  -15.0000 2742.5557   15.9241
    7.5000   30.0000  -15.0000 2682.7998   16.2468
   -7.5000   37.5000  -15.0000 2681.0396   16.6940
    0.0000   37.5000  -15.0000 2672.0413   16.6616
    7.5000   37.5000  -15.0000 2619.7681   17.0696
   -7.5000   45.0000  -15.0000 2575.8171   17.7872
    0.0000   45.0000  -15.0000 2567.7678   17.7480
    7.5000   45.0000  -15.0000 2522.6614   18.1840
   -7.5000  -45.0000   -7.5000 2175.0300   25.0494
    0.0000  -45.0000   -7.5000 2167.9836   25.1818
    7.5000  -45.0000   -7.5000 2139.9937   25.7113
   -7.5000  -37.5000   -7.5000 2320.2122   22.1047
    0.0000  -37.5000   -7.5000 2318.6936   22.2077
    7.5000  -37.5000   -7.5000 2288.8281   22.7043
   -7.5000  -30.0000   -7.5000 2452.5967   19.6967
    0.0000  -30.0000   -7.5000 2450.1331   19.7990
    7.5000  -30.0000   -7.5000 2417.4148   20.2755
   -7.5000  -22.5000   -7.5000 2564.0415   17.7475
    0.0000  -22.5000   -7.5000 2565.5691   17.8688
    7.5000  -22.5000   -7.5000 2531.3523   18.3055
   -7.5000  -15.0000   -7.5000 2665.5500   16.2528
    0.0000  -15.0000   -7.5000 2667.5859   16.3470
    7.5000  -15.0000   -7.5000 2630.4207   16.7679
   -7.5000   -7.5000   -7.5000 2758.7227   15.1634
    0.0000   -7.5000   -7.5000 2756.3516   15.2250
    7.5000   -7.5000   -7.5000 2714.8521   15.6239
   -7.5000    0.0000   -7.5000 2820.9841   14.4661
    0.0000    0.0000   -7.5000 2814.8770   14.4917
    7.5000    0.0000   -7.5000 2769.4814   14.8888
   -7.5000    7.5000   -7.5000 2863.0422   14.1067
    0.0000    7.5000   -7.5000 2849.9739   14.1386
    7.5000    7.5000   -7.5000 2800.0977   14.5334
   -7.5000   15.0000   -7.5000 2881.6455   14.2750
    0.0000   15.0000   -7.5000 2874.6816   14.2712
    7.5000   15.0000   -7.5000 2816.8474   14.6096
   -7.5000   22.5000   -7.5000 2867.4165   14.7020
    0.0000   22.5000   -7.5000 2866.5190   14.6677
    7.5000   22.5000   -7.5000 2802.8721   14.9835
   -7.5000   30.0000   -7.5000 2820.7119   15.2399
    0.0000   30.0000   -7.5000 2814.9678   15.1865
    7.5000   30.0000   -7.5000 2756.2712   15.5541
   -7.5000   37.5000   -7.5000 2741.1592   15.9634
    0.0000   37.5000   -7.5000 2738.5237   15.9182
    7.5000   37.5000   -7.5000 2683.5066   16.3284
   -7.5000   45.0000   -7.5000 2634.1919   17.0796
    0.0000   45.0000   -7.5000 2633.3782   17.0078
    7.5000   45.0000   -7.5000 2583.8601   17.4593
   -7.5000  -45.0000    0.0000 2187.6289   24.5939
    0.0000  -45.0000    0.0000 2177.3396   24.7437
    7.5000  -45.0000    0.0000 2152.8865   25.3272
   -7.5000  -37.5000    0.0000 2327.9382   21.6686
    0.0000  -37.5000    0.0000 2326.8921   21.7733
    7.5000  -37.5000    0.0000 2295.5469   22.3034
   -7.5000  -30.0000    0.0000 2460.1375   19.2738
    0.0000  -30.0000    0.0000 2456.4822   19.3387
    7.5000  -30.0000    0.0000 2427.1292   19.9097
   -7.5000  -22.5000    0.0000 2578.3987   17.3374
    0.0000  -22.5000    0.0000 2576.1956   17.3998
    7.5000  -22.5000    0.0000 2544.6936   17.9251
   -7.5000  -15.0000    0.0000 2686.5842   15.8283
    0.0000  -15.0000    0.0000 2684.9705   15.8756
    7.5000  -15.0000    0.0000 2649.3767   16.3721
   -7.5000   -7.5000    0.0000 2791.7383   14.7093
    0.0000   -7.5000    0.0000 2787.5977   14.7344
    7.5000   -7.5000    0.0000 2743.3989   15.2315
   -7.5000    0.0000    0.0000 2870.9377   14.0169
    0.0000    0.0000    0.0000 2865.9341   14.0269
    7.5000    0.0000    0.0000 2812.0835   14.4794
   -7.5000    7.5000    0.0000 2928.0007   13.5501
    0.0000    7.5000    0.0000 2918.1213   13.5984
    7.5000    7.5000    0.0000 2853.1592   14.0836
   -7.5000   15.0000    0.0000 2941.3855   13.6836
    0.0000   15.0000    0.0000 2944.4951   13.6549
    7.5000   15.0000    0.0000 2875.0771   14.1344
   -7.5000   22.5000    0.0000 2928.3250   14.0787
    0.0000   22.5000    0.0000 2931.0295   14.0419
    7.5000   22.5000    0.0000 2865.1377   14.4693
   -7.5000   30.0000    0.0000 2870.3708   14.6488
    0.0000   30.0000    0.0000 2872.0347   14.5887
    7.5000   30.0000    0.0000 2808.0234   15.0437
   -7.5000   37.5000    0.0000 2783.1028   15.4535
    0.0000   37.5000    0.0000 2783.1211   15.4361
    7.5000   37.5000    0.0000 2726.0808   15.8623
   -7.5000   45.0000    0.0000 2672.0813   16.5557
    0.0000   45.0000    0.0000 2668.9458   16.5536
    7.5000   45.0000    0.0000 2616.0728   16.9674
   -7.5000  -45.0000    7.5000 2184.5229   24.5819
    0.0000  -45.0000    7.5000 2178.3706   24.6966
    7.5000  -45.0000    7.5000 2156.0039   25.3644
   -7.5000  -37.5000    7.5000 2321.5630   21.5400
    0.0000  -37.5000    7.5000 2319.4949   21.6271
    7.5000  -37.5000    7.5000 2292.0979   22.2565
   -7.5000  -30.0000    7.5000 2450.4399   19.1003
    0.0000  -30.0000    7.5000 2451.0244   19.1283
    7.5000  -30.0000    7.5000 2420.6533   19.7740
   -7.5000  -22.5000    7.5000 2573.4568   17.1757
    0.0000  -22.5000    7.5000 2571.4014   17.1521
    7.5000  -22.5000    7.5000 2538.6604   17.7621
   -7.5000  -15.0000    7.5000 2689.5015   15.6591
    0.0000  -15.0000    7.5000 2684.4993   15.6220
    7.5000  -15.0000    7.5000 2649.0918   16.2236
   -7.5000   -7.5000    7.5000 2798.3916   14.5024
    0.0000   -7.5000    7.5000 2794.6165   14.4753
    7.5000   -7.5000    7.5000 2748.3643   15.0504
   -7.5000    0.0000    7.5000 2893.1289   13.7862
    0.0000    0.0000    7.5000 2892.3142   13.7465
    7.5000    0.0000    7.5000 2833.1006   14.2830
   -7.5000    7.5000    7.5000 2969.0391   13.3036
    0.0000    7.5000    7.5000 2964.7231   13.3127
    7.5000    7.5000    7.5000 2893.3218   13.8821
   -7.5000   15.0000    7.5000 2980.2141   13.2139
    0.0000   15.0000    7.5000 2985.1489   13.2352
    7.5000   15.0000    7.5000 2914.8533   13.8524
   -7.5000   22.5000    7.5000 2951.3452   13.5856
    0.0000   22.5000    7.5000 2959.1704   13.5873
    7.5000   22.5000    7.5000 2893.2041   14.1415
   -7.5000   30.0000    7.5000 2886.3928   14.2220
    0.0000   30.0000    7.5000 2897.6541   14.2645
    7.5000   30.0000    7.5000 2832.2478   14.7106
   -7.5000   37.5000    7.5000 2799.0901   15.1025
    0.0000   37.5000    7.5000 2802.0828   15.1435
    7.5000   37.5000    7.5000 2748.8149   15.5370
   -7.5000   45.0000    7.5000 2687.6177   16.2545
    0.0000   45.0000    7.5000 2682.7678   16.2816
    7.5000   45.0000    7.5000 2633.6880   16.6928
   -7.5000  -45.0000   15.0000 2171.7190   24.9144
    0.0000  -45.0000   15.0000 2171.6353   24.9141
    7.5000  -45.0000   15.0000 2147.0564   25.5472
   -7.5000  -37.5000   15.0000 2297.6777   21.7769
    0.0000  -37.5000   15.0000 2305.2002   21.7851
    7.5000  -37.5000   15.0000 2275.2705   22.4044
   -7.5000  -30.0000   15.0000 2422.0571   19.2975
    0.0000  -30.0000   15.0000 2426.2795   19.2229
    7.5000  -30.0000   15.0000 2391.5393   19.8599
   -7.5000  -22.5000   15.0000 2547.9751   17.3149
    0.0000  -22.5000   15.0000 2546.3396   17.2019
    7.5000  -22.5000   15.0000 2507.4343   17.8490
   -7.5000  -15.0000   15.0000 2664.6414   15.7509
    0.0000  -15.0000   15.0000 2663.7395   15.6335
    7.5000  -15.0000   15.0000 2620.5828   16.2659
   -7.5000   -7.5000   15.0000 2775.9441   14.5638
    0.0000   -7.5000   15.0000 2777.5054   14.4767
    7.5000   -7.5000   15.0000 2730.9155   15.0876
   -7.5000    0.0000   15.0000 2875.6094   13.8118
    0.0000    0.0000   15.0000 2884.1101   13.7390
    7.5000    0.0000   15.0000 2827.8054   14.3337
   -7.5000    7.5000   15.0000 2959.5449   13.3679
    0.0000    7.5000   15.0000 2970.4729   13.3710
    7.5000    7.5000   15.0000 2903.8416   13.9305
   -7.5000   15.0000   15.0000 2987.5850   13.3716
    0.0000   15.0000   15.0000 2997.2747   13.3342
    7.5000   15.0000   15.0000 2931.1658   13.9184
   -7.5000   22.5000   15.0000 2949.9285   13.6335
    0.0000   22.5000   15.0000 2963.7717   13.6671
    7.5000   22.5000   15.0000 2899.7812   14.1301
   -7.5000   30.0000   15.0000 2881.9988   14.1958
    0.0000   30.0000   15.0000 2895.5332   14.2205
    7.5000   30.0000   15.0000 2833.5813   14.6671
   -7.5000   37.5000   15.0000 2790.2168   15.0905
    0.0000   37.5000   15.0000 2796.5427   15.0906
    7.5000   37.5000   15.0000 2747.1357   15.5116
   -7.5000   45.0000   15.0000 2677.8232   16.2722
    0.0000   45.0000   15.0000 2675.4502   16.2517
    7.5000   45.0000   15.0000 2634.8896   16.7070
   -7.5000  -45.0000   22.5000 2143.5156   25.6734
    0.0000  -45.0000   22.5000 2148.9026   25.5751
    7.5000  -45.0000   22.5000 2119.9629   26.1643
   -7.5000  -37.5000   22.5000 2265.2314   22.3085
    0.0000  -37.5000   22.5000 2279.3992   22.2161
    7.5000  -37.5000   22.5000 2244.4539   22.8161
   -7.5000  -30.0000   22.5000 2387.3611   19.7031
    0.0000  -30.0000   22.5000 2398.8977   19.6077
    7.5000  -30.0000   22.5000 2359.0493   20.1991
   -7.5000  -22.5000   22.5000 2505.5164   17.6696
    0.0000  -22.5000   22.5000 2513.1453   17.5520
    7.5000  -22.5000   22.5000 2473.6350   18.1626
   -7.5000  -15.0000   22.5000 2623.5640   16.0980
    0.0000  -15.0000   22.5000 2627.9351   15.9597
    7.5000  -15.0000   22.5000 2586.5679   16.5745
   -7.5000   -7.5000   22.5000 2732.2161   14.9494
    0.0000   -7.5000   22.5000 2738.4705   14.8150
    7.5000   -7.5000   22.5000 2697.3750   15.4028
   -7.5000    0.0000   22.5000 2839.4292   14.2468
    0.0000    0.0000   22.5000 2844.5256   14.1112
    7.5000    0.0000   22.5000 2793.2805   14.6616
   -7.5000    7.5000   22.5000 2921.9609   13.8393
    0.0000    7.5000   22.5000 2923.8860   13.6963
    7.5000    7.5000   22.5000 2870.4456   14.2564
   -7.5000   15.0000   22.5000 2947.0979   13.8842
    0.0000   15.0000   22.5000 2954.7659   13.7414
    7.5000   15.0000   22.5000 2901.6785   14.1880
   -7.5000   22.5000   22.5000 2917.3777   14.1894
    0.0000   22.5000   22.5000 2928.1560   14.0654
    7.5000   22.5000   22.5000 2875.7112   14.4506
   -7.5000   30.0000   22.5000 2850.0398   14.6793
    0.0000   30.0000   22.5000 2861.2185   14.5722
    7.5000   30.0000   22.5000 2808.4854   14.9800
   -7.5000   37.5000   22.5000 2763.4353   15.3964
    0.0000   37.5000   22.5000 2767.9297   15.3127
    7.5000   37.5000   22.5000 2726.1516   15.7228
   -7.5000   45.0000   22.5000 2648.9958   16.4899
    0.0000   45.0000   22.5000 2649.8406   16.4175
    7.5000   45.0000   22.5000 2616.5359   16.8361
   -7.5000  -45.0000   30.0000 2096.3296   26.6428
    0.0000  -45.0000   30.0000 2108.6074   26.4557
    7.5000  -45.0000   30.0000 2076.8860   27.0456
   -7.5000  -37.5000   30.0000 2223.3835   23.1437
    0.0000  -37.5000   30.0000 2237.6360   22.9348
    7.5000  -37.5000   30.0000 2206.6907   23.5391
   -7.5000  -30.0000   30.0000 2345.2600   20.5211
    0.0000  -30.0000   30.0000 2353.2056   20.2470
    7.5000  -30.0000   30.0000 2321.6074   20.8484
   -7.5000  -22.5000   30.0000 2458.6863   18.4298
    0.0000  -22.5000   30.0000 2466.9094   18.1949
    7.5000  -22.5000   30.0000 2434.4507   18.8135
   -7.5000  -15.0000   30.0000 2575.6626   16.8605
    0.0000  -15.0000   30.0000 2579.2498   16.6584
    7.5000  -15.0000   30.0000 2541.8296   17.2032
   -7.5000   -7.5000   30.0000 2684.4575   15.7198
    0.0000   -7.5000   30.0000 2689.4397   15.5530
    7.5000   -7.5000   30.0000 2646.9463   16.0302
   -7.5000    0.0000   30.0000 2782.5769   14.9204
    0.0000    0.0000   30.0000 2781.1228   14.7411
    7.5000    0.0000   30.0000 2736.1516   15.2350
   -7.5000    7.5000   30.0000 2851.1594   14.4505
    0.0000    7.5000   30.0000 2848.2358   14.3244
    7.5000    7.5000   30.0000 2802.6023   14.7741
   -7.5000   15.0000   30.0000 2871.0120   14.4495
    0.0000   15.0000   30.0000 2874.0798   14.3430
    7.5000   15.0000   30.0000 2830.0720   14.6883
   -7.5000   22.5000   30.0000 2850.0894   14.7350
    0.0000   22.5000   30.0000 2855.4624   14.6271
    7.5000   22.5000   30.0000 2809.8254   14.9594
   -7.5000   30.0000   30.0000 2787.0979   15.2492
    0.0000   30.0000   30.0000 2795.5823   15.1426
    7.5000   30.0000   30.0000 2751.2158   15.4974
   -7.5000   37.5000   30.0000 2704.2097   15.9991
    0.0000   37.5000   30.0000 2713.2815   15.8815
    7.5000   37.5000   30.0000 2674.5081   16.2629
   -7.5000   45.0000   30.0000 2595.6204   17.0763
    0.0000   45.0000   30.0000 2599.5581   16.9679
    7.5000   45.0000   30.0000 2569.7844   17.3579
   -7.5000  -45.0000   37.5000 2045.7911   27.9776
    0.0000  -45.0000   37.5000 2054.6050   27.6373
    7.5000  -45.0000   37.5000 2032.7251   28.2453
   -7.5000  -37.5000   37.5000 2178.0115   24.3602
    0.0000  -37.5000   37.5000 2185.2617   24.0579
    7.5000  -37.5000   37.5000 2161.8875   24.6113
   -7.5000  -30.0000   37.5000 2301.6780   21.6442
    0.0000  -30.0000   37.5000 2307.6802   21.3841
    7.5000  -30.0000   37.5000 2274.2136   21.8717
   -7.5000  -22.5000   37.5000 2414.5337   19.5262
    0.0000  -22.5000   37.5000 2424.4084   19.3356
    7.5000  -22.5000   37.5000 2387.2136   19.8044
   -7.5000  -15.0000   37.5000 2522.0381   17.8758
    0.0000  -15.0000   37.5000 2536.0972   17.7446
    7.5000  -15.0000   37.5000 2492.0562   18.1616
   -7.5000   -7.5000   37.5000 2629.5730   16.6272
    0.0000   -7.5000   37.5000 2642.8574   16.4749
    7.5000   -7.5000   37.5000 2591.2568   16.9019
   -7.5000    0.0000   37.5000 2714.7983   15.7724
    0.0000    0.0000   37.5000 2721.1638   15.6036
    7.5000    0.0000   37.5000 2670.3147   16.0282
   -7.5000    7.5000   37.5000 2770.5913   15.2839
    0.0000    7.5000   37.5000 2770.0537   15.1650
    7.5000    7.5000   37.5000 2727.1062   15.5315
   -7.5000   15.0000   37.5000 2783.6155   15.2336
    0.0000   15.0000   37.5000 2787.6194   15.1247
    7.5000   15.0000   37.5000 2745.4541   15.4292
   -7.5000   22.5000   37.5000 2762.3535   15.5042
    0.0000   22.5000   37.5000 2768.5505   15.4086
    7.5000   22.5000   37.5000 2730.1033   15.6922
   -7.5000   30.0000   37.5000 2708.7766   16.0107
    0.0000   30.0000   37.5000 2717.3918   15.8900
    7.5000   30.0000   37.5000 2680.2327   16.2175
   -7.5000   37.5000   37.5000 2630.8782   16.7572
    0.0000   37.5000   37.5000 2641.7461   16.6326
    7.5000   37.5000   37.5000 2604.3098   16.9834
   -7.5000   45.0000   37.5000 2533.6660   17.8124
    0.0000   45.0000   37.5000 2539.0945   17.7042
    7.5000   45.0000   37.5000 2509.9802   18.0918
   -7.5000  -45.0000   45.0000 1988.0997   29.6718
    0.0000  -45.0000   45.0000 1995.8594   29.4332
    7.5000  -45.0000   45.0000 1973.2195   29.9228
   -7.5000  -37.5000   45.0000 2121.5613   25.8447
    0.0000  -37.5000   45.0000 2130.2192   25.6164
    7.5000  -37.5000   45.0000 2105.7502   26.0815
   -7.5000  -30.0000   45.0000 2241.6426   23.0287
    0.0000  -30.0000   45.0000 2256.7803   22.8637
    7.5000  -30.0000   45.0000 2222.7388   23.2766
   -7.5000  -22.5000   45.0000 2356.5928   20.7982
    0.0000  -22.5000   45.0000 2372.7183   20.6908
    7.5000  -22.5000   45.0000 2332.0959   21.0768
   -7.5000  -15.0000   45.0000 2462.5759   19.0478
    0.0000  -15.0000   45.0000 2482.5544   18.9553
    7.5000  -15.0000   45.0000 2432.9087   19.3479
   -7.5000   -7.5000   45.0000 2560.4656   17.7383
    0.0000   -7.5000   45.0000 2575.8403   17.6243
    7.5000   -7.5000   45.0000 2523.4998   17.9984
   -7.5000    0.0000   45.0000 2637.1777   16.8606
    0.0000    0.0000   45.0000 2645.8369   16.7394
    7.5000    0.0000   45.0000 2597.2410   17.0857
   -7.5000    7.5000   45.0000 2682.0620   16.3335
    0.0000    7.5000   45.0000 2686.6782   16.2358
    7.5000    7.5000   45.0000 2644.7358   16.5494
   -7.5000   15.0000   45.0000 2691.7427   16.2199
    0.0000   15.0000   45.0000 2697.7595   16.1402
    7.5000   15.0000   45.0000 2657.3691   16.4272
   -7.5000   22.5000   45.0000 2672.1057   16.5053
    0.0000   22.5000   45.0000 2675.5437   16.4081
    7.5000   22.5000   45.0000 2638.9902   16.6775
   -7.5000   30.0000   45.0000 2620.6543   17.0084
    0.0000   30.0000   45.0000 2628.1816   16.8872
    7.5000   30.0000   45.0000 2598.5901   17.1763
   -7.5000   37.5000   45.0000 2555.1194   17.7197
    0.0000   37.5000   45.0000 2562.2866   17.6053
    7.5000   37.5000   45.0000 2529.9163   17.9050
   -7.5000   45.0000   45.0000 2464.0056   18.7579
    0.0000   45.0000   45.0000 2467.1077   18.6229
    7.5000   45.0000   45.0000 2442.0088   18.9739

---------------------------------------------------------------------
imgreg_4dfp /opt/freesurfer/average/711-2C_as_mni_average_305 /opt/freesurfer/average/711-2B_as_mni_average_305_mask talsrcimg_g11 none talsrcimg_to_711-2C_as_mni_average_305_t4 1283
---------------------------------------------------------------------

freesurfer imgreg_4dfp.c
/opt/freesurfer/average/711-2C_as_mni_average_305.4dfp.img
       256       256       256         1
  1.000000  1.000000  1.000000
orientation T byte_order littleendian
Reading image: /opt/freesurfer/average/711-2C_as_mni_average_305.4dfp.img
dimensions:      256       256       256
mmppix:       1.0000   -1.0000   -1.0000
center:     128.0000 -129.0000 -129.0000
/opt/freesurfer/average/711-2B_as_mni_average_305_mask.4dfp.img
       256       256       256         1
  1.000000  1.000000  1.000000
orientation T byte_order littleendian
Reading mask: /opt/freesurfer/average/711-2B_as_mni_average_305_mask.4dfp.img (2306576 pixels)
talsrcimg_g11.4dfp.img
       256       256       256         1
  1.000000  1.000000  1.000000
orientation T byte_order littleendian
Reading image: talsrcimg_g11.4dfp.img
dimensions:      256       256       256
mmppix:       1.0000   -1.0000   -1.0000
center:     128.0000 -129.0000 -129.0000
rotation matrix determinant  1.000000
fimgreg.f
image alignment mode   1283 decimal      503 hex
parameters
    0.0000   15.0000   15.0000    0.0000    0.0000    0.0000
eta,q 0.93865 13.34829
niter,ni,del,rscale     5    3   12.0000    1.2000
parameter  1  0.640326 ->  0.500000 qaram    1.1500
parameter  2  0.516484 ->  0.500000 qaram    1.1500
parameters
   -3.4500   11.5500   13.9754   -1.4223   -0.7295    2.3683
eta,q 0.94414 13.14141
  0.0614  0.0608  0.0638  0.0598  0.0611  0.0667
  0.0607  0.0581  0.0606  0.0578  0.0586  0.0625
  0.0634  0.0586  0.0576  0.0566  0.0568  0.0589
  0.0647  0.0607  0.0577  0.0572  0.0566  0.0565
  0.0659  0.0628  0.0605  0.0585  0.0583  0.0558
  0.0713  0.0656  0.0649  0.0610  0.0608  0.0565
  0.0808  0.0694  0.0688  0.0642  0.0631  0.0579
niter,ni,del,rscale     6    3   12.0000    1.2000
parameters
   -2.8316   13.1787   13.5204   -3.6015   -1.2248    3.9723
eta,q 0.94508 13.08277
  0.0690  0.0747  0.0622  0.0568  0.0599  0.0608
  0.0633  0.0655  0.0597  0.0556  0.0569  0.0582
  0.0595  0.0584  0.0571  0.0552  0.0551  0.0560
  0.0559  0.0557  0.0559  0.0560  0.0551  0.0550
  0.0571  0.0564  0.0575  0.0571  0.0564  0.0550
  0.0594  0.0586  0.0611  0.0590  0.0583  0.0556
  0.0662  0.0618  0.0645  0.0619  0.0614  0.0567
niter,ni,del,rscale     5    3   12.0000    1.2000
parameters
   -2.5829   14.2390   12.6554   -6.3507   -1.1203    4.4818
eta,q 0.94646 13.00869
  0.0661  0.0685  0.0586  0.0554  0.0595  0.0584
  0.0614  0.0611  0.0561  0.0540  0.0556  0.0562
  0.0582  0.0572  0.0552  0.0537  0.0535  0.0546
  0.0549  0.0548  0.0544  0.0548  0.0536  0.0536
  0.0557  0.0550  0.0551  0.0567  0.0544  0.0539
  0.0587  0.0577  0.0586  0.0586  0.0557  0.0553
  0.0663  0.0617  0.0623  0.0610  0.0585  0.0571
niter,ni,del,rscale     4    3   12.0000    1.2000
parameters
   -2.5068   15.8584   11.8026   -9.0552   -1.4627    3.9431
eta,q 0.94760 12.98518
  0.0642  0.0693  0.0575  0.0541  0.0588  0.0559
  0.0597  0.0617  0.0550  0.0527  0.0542  0.0542
  0.0562  0.0565  0.0536  0.0525  0.0522  0.0530
  0.0535  0.0535  0.0534  0.0534  0.0525  0.0524
  0.0542  0.0538  0.0543  0.0552  0.0536  0.0532
  0.0578  0.0560  0.0574  0.0576  0.0560  0.0551
  0.0654  0.0589  0.0608  0.0600  0.0597  0.0576
niter,ni,del,rscale     3    3   12.0000    1.2000
parameters
   -2.3877   17.4828   10.8650  -11.8506   -1.7258    4.0334
eta,q 0.94956 12.99961
  0.0643  0.0677  0.0569  0.0531  0.0572  0.0554
  0.0591  0.0601  0.0547  0.0505  0.0529  0.0529
  0.0550  0.0550  0.0526  0.0509  0.0507  0.0512
  0.0524  0.0524  0.0522  0.0522  0.0505  0.0504
  0.0531  0.0525  0.0537  0.0545  0.0518  0.0508
  0.0569  0.0545  0.0573  0.0569  0.0542  0.0525
  0.0651  0.0575  0.0615  0.0596  0.0578  0.0554
niter,ni,del,rscale     2    3   12.0000    1.2000
parameters
   -2.3797   18.5514    9.9110  -12.5780   -1.7462    3.8641
eta,q 0.95016 13.01354
  0.0626  0.0658  0.0534  0.0564  0.0563  0.0547
  0.0571  0.0600  0.0527  0.0517  0.0522  0.0521
  0.0525  0.0535  0.0510  0.0495  0.0501  0.0505
  0.0504  0.0504  0.0502  0.0504  0.0498  0.0498
  0.0517  0.0510  0.0508  0.0526  0.0508  0.0504
  0.0554  0.0542  0.0536  0.0553  0.0525  0.0522
  0.0639  0.0592  0.0584  0.0581  0.0560  0.0556
niter,ni,del,rscale     1    3   12.0000    1.2000
parameters
   -2.1829   18.4695    9.4262  -12.6827   -1.9077    3.8127
eta,q 0.95009 13.01217
  0.0632  0.0632  0.0532  0.0579  0.0556  0.0552
  0.0572  0.0573  0.0523  0.0534  0.0518  0.0526
  0.0519  0.0514  0.0511  0.0499  0.0501  0.0508
  0.0498  0.0499  0.0499  0.0500  0.0500  0.0499
  0.0504  0.0531  0.0501  0.0519  0.0507  0.0504
  0.0545  0.0576  0.0519  0.0546  0.0524  0.0523
  0.0632  0.0635  0.0561  0.0573  0.0560  0.0558
registration optimization eta report
parameter search radius
    6.9000    6.9000    6.0000    6.0000    6.0000    6.0000
100000*second partial in parameter space
       28.       27.       13.       21.       17.       15.
  0.0632  0.0632  0.0532  0.0579  0.0556  0.0552
  0.0572  0.0573  0.0523  0.0534  0.0518  0.0526
  0.0519  0.0514  0.0511  0.0499  0.0501  0.0508
  0.0498  0.0499  0.0499  0.0500  0.0500  0.0499
  0.0504  0.0531  0.0501  0.0519  0.0507  0.0504
  0.0545  0.0576  0.0519  0.0546  0.0524  0.0523
  0.0632  0.0635  0.0561  0.0573  0.0560  0.0558
   -2.1829   18.4695    9.4262  -12.6827   -1.9077    3.8127
eta,q 0.95009 13.01217

---------------------------------------------------------------------
imgreg_4dfp /opt/freesurfer/average/711-2C_as_mni_average_305 /opt/freesurfer/average/711-2B_as_mni_average_305_mask talsrcimg_g11 none talsrcimg_to_711-2C_as_mni_average_305_t4 3335
---------------------------------------------------------------------

freesurfer imgreg_4dfp.c
/opt/freesurfer/average/711-2C_as_mni_average_305.4dfp.img
       256       256       256         1
  1.000000  1.000000  1.000000
orientation T byte_order littleendian
Reading image: /opt/freesurfer/average/711-2C_as_mni_average_305.4dfp.img
dimensions:      256       256       256
mmppix:       1.0000   -1.0000   -1.0000
center:     128.0000 -129.0000 -129.0000
/opt/freesurfer/average/711-2B_as_mni_average_305_mask.4dfp.img
       256       256       256         1
  1.000000  1.000000  1.000000
orientation T byte_order littleendian
Reading mask: /opt/freesurfer/average/711-2B_as_mni_average_305_mask.4dfp.img (2306576 pixels)
talsrcimg_g11.4dfp.img
       256       256       256         1
  1.000000  1.000000  1.000000
orientation T byte_order littleendian
Reading image: talsrcimg_g11.4dfp.img
dimensions:      256       256       256
mmppix:       1.0000   -1.0000   -1.0000
center:     128.0000 -129.0000 -129.0000
fimgreg.f
image alignment mode   3335 decimal      D07 hex
parameters
   -2.1829   18.4695    9.4262   -0.2766   -2.7044   -2.4940
   -7.2165    1.7806    6.6458   22.1226   -3.3290  -21.9430
eta,q 0.95065 13.05230
niter,ni,del,rscale     5    3    5.0000    1.2000
parameter  4  9.740444 ->  0.500000 qaram    1.1500
parameter  5  8.331986 ->  0.500000 qaram    1.1500
parameter  6  2.373228 ->  0.500000 qaram    1.1500
parameter 10  0.565448 ->  0.500000 qaram    1.1500
parameters
   -2.6761   18.6916    9.2918   -4.4166   -6.8444   -6.6340
   -7.7279    4.0000    4.8890   17.9826    0.0127  -19.5628
eta,q 0.97205 12.53448
  0.0503  0.0502  0.0501  0.0385  0.0336  0.0283  0.0330  0.0372  0.0314  0.0298  0.0319  0.0319
  0.0497  0.0498  0.0497  0.0415  0.0359  0.0299  0.0316  0.0343  0.0305  0.0287  0.0306  0.0303
  0.0494  0.0495  0.0494  0.0453  0.0391  0.0330  0.0308  0.0320  0.0300  0.0288  0.0295  0.0290
  0.0494  0.0493  0.0493  0.0493  0.0425  0.0367  0.0306  0.0306  0.0302  0.0300  0.0286  0.0282
  0.0497  0.0493  0.0494  0.0532  0.0456  0.0410  0.0311  0.0302  0.0308  0.0322  0.0282  0.0279
  0.0505  0.0495  0.0498  0.0571  0.0488  0.0458  0.0322  0.0307  0.0320  0.0350  0.0283  0.0283
  0.0517  0.0500  0.0504  0.0611  0.0523  0.0499  0.0337  0.0323  0.0336  0.0380  0.0288  0.0290
niter,ni,del,rscale     7    3    5.0000    1.2000
parameter  4  1.119663 ->  0.500000 qaram    1.3225
parameter  5  0.594813 ->  0.500000 qaram    1.3225
parameters
   -2.7089   18.7347    9.3479   -9.1776  -11.6054  -10.0106
   -6.0164    3.8739    5.4920   19.2920   -1.7401  -18.9897
eta,q 0.97949 12.30143
  0.0313  0.0307  0.0308  0.0229  0.0224  0.0228  0.0251  0.0258  0.0236  0.0261  0.0214  0.0223
  0.0295  0.0292  0.0293  0.0228  0.0213  0.0217  0.0232  0.0231  0.0223  0.0238  0.0208  0.0214
  0.0284  0.0283  0.0283  0.0244  0.0215  0.0210  0.0219  0.0214  0.0214  0.0221  0.0205  0.0208
  0.0279  0.0279  0.0280  0.0279  0.0231  0.0212  0.0211  0.0210  0.0210  0.0209  0.0207  0.0205
  0.0284  0.0282  0.0283  0.0328  0.0254  0.0244  0.0210  0.0216  0.0210  0.0206  0.0211  0.0206
  0.0296  0.0291  0.0292  0.0374  0.0286  0.0291  0.0215  0.0233  0.0217  0.0216  0.0218  0.0210
  0.0315  0.0304  0.0305  0.0424  0.0323  0.0344  0.0225  0.0261  0.0229  0.0240  0.0228  0.0218
niter,ni,del,rscale     7    3    5.0000    1.2000
parameters
   -2.8688   19.1090    8.5772  -11.1354  -10.9472  -10.9943
   -6.1336    3.9299    5.8157   19.5012   -2.3201  -19.6866
eta,q 0.97947 12.24133
  0.0237  0.0243  0.0211  0.0240  0.0258  0.0241  0.0230  0.0254  0.0230  0.0249  0.0216  0.0217
  0.0219  0.0224  0.0204  0.0222  0.0237  0.0225  0.0217  0.0226  0.0218  0.0228  0.0210  0.0210
  0.0208  0.0211  0.0202  0.0207  0.0217  0.0213  0.0209  0.0210  0.0210  0.0214  0.0206  0.0206
  0.0205  0.0205  0.0204  0.0202  0.0204  0.0203  0.0206  0.0206  0.0206  0.0206  0.0206  0.0205
  0.0211  0.0205  0.0210  0.0217  0.0206  0.0204  0.0209  0.0211  0.0208  0.0208  0.0208  0.0208
  0.0225  0.0212  0.0221  0.0255  0.0224  0.0236  0.0218  0.0226  0.0215  0.0222  0.0213  0.0214
  0.0247  0.0225  0.0235  0.0300  0.0249  0.0280  0.0232  0.0251  0.0227  0.0248  0.0220  0.0222
niter,ni,del,rscale     6    3    5.0000    1.2000
parameters
   -2.7086   19.0928    8.4837  -11.5331  -10.8415  -11.1364
   -6.2995    4.0471    5.9148   19.5571   -2.5338  -19.8061
eta,q 0.97937 12.22543
  0.0243  0.0233  0.0220  0.0253  0.0256  0.0247  0.0230  0.0254  0.0229  0.0247  0.0218  0.0220
  0.0224  0.0218  0.0211  0.0234  0.0235  0.0231  0.0217  0.0227  0.0218  0.0227  0.0211  0.0212
  0.0211  0.0208  0.0207  0.0217  0.0217  0.0217  0.0209  0.0211  0.0210  0.0213  0.0207  0.0208
  0.0205  0.0205  0.0205  0.0205  0.0206  0.0206  0.0206  0.0206  0.0206  0.0206  0.0206  0.0206
  0.0207  0.0209  0.0207  0.0207  0.0211  0.0200  0.0210  0.0212  0.0209  0.0210  0.0208  0.0208
  0.0217  0.0219  0.0213  0.0231  0.0230  0.0221  0.0218  0.0226  0.0216  0.0224  0.0213  0.0213
  0.0235  0.0233  0.0222  0.0274  0.0258  0.0264  0.0232  0.0250  0.0228  0.0249  0.0219  0.0220
niter,ni,del,rscale     5    3    5.0000    1.2000
parameters
   -2.6574   19.0906    8.4754  -11.5973  -10.8472  -11.1396
   -6.3451    4.0928    5.9467   19.5635   -2.6003  -19.8244
eta,q 0.97935 12.22265
  0.0241  0.0235  0.0222  0.0256  0.0256  0.0248  0.0231  0.0253  0.0229  0.0247  0.0219  0.0220
  0.0223  0.0219  0.0213  0.0236  0.0235  0.0231  0.0217  0.0226  0.0217  0.0227  0.0212  0.0213
  0.0211  0.0209  0.0208  0.0219  0.0217  0.0218  0.0209  0.0210  0.0210  0.0213  0.0207  0.0208
  0.0206  0.0206  0.0206  0.0206  0.0206  0.0206  0.0206  0.0206  0.0206  0.0206  0.0206  0.0206
  0.0209  0.0210  0.0208  0.0206  0.0213  0.0200  0.0209  0.0212  0.0209  0.0210  0.0208  0.0208
  0.0220  0.0220  0.0213  0.0227  0.0232  0.0219  0.0218  0.0227  0.0217  0.0224  0.0212  0.0213
  0.0239  0.0234  0.0222  0.0269  0.0259  0.0262  0.0231  0.0250  0.0229  0.0250  0.0218  0.0220
niter,ni,del,rscale     4    3    5.0000    1.2000
parameters
   -2.6470   19.0914    8.4757  -11.6091  -10.8525  -11.1396
   -6.3546    4.1055    5.9567   19.5624   -2.6177  -19.8281
eta,q 0.97935 12.22191
  0.0240  0.0235  0.0222  0.0256  0.0256  0.0248  0.0231  0.0253  0.0229  0.0247  0.0219  0.0220
  0.0222  0.0219  0.0214  0.0236  0.0235  0.0231  0.0218  0.0226  0.0217  0.0227  0.0212  0.0213
  0.0211  0.0209  0.0208  0.0219  0.0217  0.0218  0.0209  0.0210  0.0209  0.0213  0.0208  0.0208
  0.0206  0.0206  0.0206  0.0206  0.0206  0.0206  0.0206  0.0206  0.0206  0.0206  0.0207  0.0206
  0.0210  0.0210  0.0208  0.0206  0.0213  0.0200  0.0209  0.0212  0.0209  0.0210  0.0208  0.0208
  0.0221  0.0220  0.0213  0.0226  0.0232  0.0219  0.0218  0.0227  0.0217  0.0224  0.0212  0.0213
  0.0240  0.0234  0.0222  0.0268  0.0259  0.0262  0.0231  0.0251  0.0229  0.0250  0.0218  0.0220
registration optimization eta report
parameter search radius
    2.4000    2.4000    2.4000    9.5220    9.5220    8.2800
    7.2000    7.2000    7.2000    8.2800    7.2000    7.2000
100000*second partial in parameter space
       58.       49.       27.        6.        5.        7.
        5.        9.        4.        6.        2.        3.
  0.0240  0.0235  0.0222  0.0256  0.0256  0.0248  0.0231  0.0253  0.0229  0.0247  0.0219  0.0220
  0.0222  0.0219  0.0214  0.0236  0.0235  0.0231  0.0218  0.0226  0.0217  0.0227  0.0212  0.0213
  0.0211  0.0209  0.0208  0.0219  0.0217  0.0218  0.0209  0.0210  0.0209  0.0213  0.0208  0.0208
  0.0206  0.0206  0.0206  0.0206  0.0206  0.0206  0.0206  0.0206  0.0206  0.0206  0.0207  0.0206
  0.0210  0.0210  0.0208  0.0206  0.0213  0.0200  0.0209  0.0212  0.0209  0.0210  0.0208  0.0208
  0.0221  0.0220  0.0213  0.0226  0.0232  0.0219  0.0218  0.0227  0.0217  0.0224  0.0212  0.0213
  0.0240  0.0234  0.0222  0.0268  0.0259  0.0262  0.0231  0.0251  0.0229  0.0250  0.0218  0.0220
   -2.6470   19.0914    8.4757  -11.6091  -10.8525  -11.1396
   -6.3546    4.1055    5.9567   19.5624   -2.6177  -19.8281
eta,q 0.97935 12.22191

---------------------------------------------------------------------
imgreg_4dfp /opt/freesurfer/average/711-2C_as_mni_average_305 /opt/freesurfer/average/711-2B_as_mni_average_305_mask talsrcimg_g11 none talsrcimg_to_711-2C_as_mni_average_305_t4 2311
---------------------------------------------------------------------

freesurfer imgreg_4dfp.c
/opt/freesurfer/average/711-2C_as_mni_average_305.4dfp.img
       256       256       256         1
  1.000000  1.000000  1.000000
orientation T byte_order littleendian
Reading image: /opt/freesurfer/average/711-2C_as_mni_average_305.4dfp.img
dimensions:      256       256       256
mmppix:       1.0000   -1.0000   -1.0000
center:     128.0000 -129.0000 -129.0000
/opt/freesurfer/average/711-2B_as_mni_average_305_mask.4dfp.img
       256       256       256         1
  1.000000  1.000000  1.000000
orientation T byte_order littleendian
Reading mask: /opt/freesurfer/average/711-2B_as_mni_average_305_mask.4dfp.img (2306576 pixels)
talsrcimg_g11.4dfp.img
       256       256       256         1
  1.000000  1.000000  1.000000
orientation T byte_order littleendian
Reading image: talsrcimg_g11.4dfp.img
dimensions:      256       256       256
mmppix:       1.0000   -1.0000   -1.0000
center:     128.0000 -129.0000 -129.0000
fimgreg.f
image alignment mode   2311 decimal      907 hex
parameters
   -2.6470   19.0914    8.4757  -11.6091  -10.8525  -11.1396
   -6.3546    4.1055    5.9567   19.5624   -2.6177  -19.8281
eta,q 0.97935 12.22191
niter,ni,del,rscale     5    3    5.0000    0.8000
parameters
   -2.6160   19.0601    8.4925  -10.2038  -10.6572   -9.7311
   -6.2721    4.3458    6.0406   19.7200   -2.2515  -20.2165
eta,q 0.98002 12.33308
  0.0222  0.0219  0.0214  0.0228  0.0223  0.0226  0.0213  0.0229  0.0212  0.0220  0.0209  0.0206
  0.0214  0.0212  0.0210  0.0219  0.0214  0.0218  0.0206  0.0214  0.0206  0.0210  0.0204  0.0203
  0.0209  0.0208  0.0207  0.0212  0.0207  0.0210  0.0202  0.0204  0.0202  0.0203  0.0201  0.0200
  0.0206  0.0206  0.0206  0.0206  0.0204  0.0204  0.0200  0.0200  0.0200  0.0200  0.0200  0.0200
  0.0208  0.0208  0.0207  0.0204  0.0206  0.0200  0.0201  0.0202  0.0201  0.0201  0.0200  0.0201
  0.0213  0.0213  0.0209  0.0206  0.0212  0.0201  0.0205  0.0210  0.0205  0.0208  0.0203  0.0204
  0.0221  0.0220  0.0213  0.0213  0.0221  0.0212  0.0212  0.0224  0.0212  0.0218  0.0207  0.0209
niter,ni,del,rscale     4    3    5.0000    0.7000
parameters
   -2.8101   19.0853    8.4487  -10.3610  -10.7722   -9.7317
   -6.3155    4.1341    6.0523   19.8852   -2.1990  -20.3800
eta,q 0.98006 12.33047
  0.0209  0.0211  0.0206  0.0213  0.0214  0.0216  0.0209  0.0218  0.0209  0.0215  0.0206  0.0205
  0.0203  0.0205  0.0202  0.0207  0.0206  0.0210  0.0204  0.0207  0.0204  0.0208  0.0202  0.0202
  0.0200  0.0201  0.0200  0.0202  0.0201  0.0204  0.0201  0.0201  0.0201  0.0202  0.0200  0.0200
  0.0200  0.0199  0.0199  0.0199  0.0200  0.0200  0.0200  0.0200  0.0199  0.0199  0.0199  0.0199
  0.0202  0.0201  0.0201  0.0201  0.0202  0.0199  0.0201  0.0203  0.0200  0.0201  0.0200  0.0200
  0.0208  0.0204  0.0203  0.0207  0.0207  0.0205  0.0204  0.0210  0.0204  0.0205  0.0202  0.0203
  0.0217  0.0210  0.0207  0.0217  0.0216  0.0221  0.0210  0.0222  0.0209  0.0214  0.0205  0.0206
niter,ni,del,rscale     3    3    5.0000    0.6000
parameters
   -2.8095   19.1046    8.4546  -10.2631  -10.8004   -9.5286
   -6.3083    4.1403    6.0543   19.9166   -2.1850  -20.4931
eta,q 0.98011 12.33911
  0.0209  0.0208  0.0205  0.0211  0.0211  0.0213  0.0206  0.0215  0.0206  0.0211  0.0204  0.0203
  0.0204  0.0203  0.0202  0.0206  0.0205  0.0208  0.0202  0.0206  0.0202  0.0205  0.0201  0.0201
  0.0201  0.0200  0.0200  0.0202  0.0201  0.0203  0.0200  0.0200  0.0200  0.0201  0.0199  0.0199
  0.0199  0.0199  0.0199  0.0199  0.0199  0.0199  0.0199  0.0199  0.0199  0.0199  0.0199  0.0199
  0.0200  0.0200  0.0200  0.0200  0.0201  0.0198  0.0200  0.0201  0.0200  0.0200  0.0199  0.0200
  0.0204  0.0203  0.0202  0.0204  0.0205  0.0203  0.0202  0.0206  0.0202  0.0204  0.0201  0.0201
  0.0209  0.0207  0.0205  0.0211  0.0211  0.0214  0.0206  0.0214  0.0206  0.0210  0.0203  0.0204
niter,ni,del,rscale     2    3    5.0000    0.5000
parameters
   -2.8269   19.1170    8.4648  -10.2045  -10.8418   -9.3158
   -6.2909    4.1342    6.0630   19.9248   -2.1715  -20.5644
eta,q 0.98016 12.34525
  0.0206  0.0205  0.0203  0.0207  0.0207  0.0210  0.0204  0.0210  0.0203  0.0207  0.0202  0.0202
  0.0202  0.0202  0.0201  0.0203  0.0203  0.0206  0.0201  0.0203  0.0201  0.0202  0.0200  0.0200
  0.0200  0.0200  0.0199  0.0200  0.0200  0.0202  0.0199  0.0200  0.0199  0.0200  0.0199  0.0199
  0.0199  0.0199  0.0199  0.0199  0.0199  0.0199  0.0198  0.0198  0.0198  0.0198  0.0198  0.0198
  0.0200  0.0200  0.0199  0.0199  0.0200  0.0198  0.0199  0.0200  0.0199  0.0199  0.0199  0.0199
  0.0202  0.0201  0.0201  0.0202  0.0203  0.0201  0.0201  0.0204  0.0201  0.0202  0.0200  0.0200
  0.0206  0.0204  0.0203  0.0207  0.0207  0.0209  0.0204  0.0210  0.0203  0.0207  0.0202  0.0202
niter,ni,del,rscale     1    3    5.0000    0.4000
parameters
   -2.8396   19.1338    8.4841  -10.1628  -10.8908   -9.1213
   -6.2844    4.1323    6.0612   19.9201   -2.1708  -20.6177
eta,q 0.98018 12.34944
  0.0203  0.0202  0.0201  0.0204  0.0204  0.0206  0.0202  0.0206  0.0201  0.0204  0.0200  0.0200
  0.0200  0.0200  0.0200  0.0201  0.0201  0.0203  0.0200  0.0201  0.0200  0.0201  0.0199  0.0199
  0.0199  0.0199  0.0199  0.0199  0.0199  0.0200  0.0199  0.0199  0.0199  0.0199  0.0198  0.0198
  0.0198  0.0199  0.0198  0.0198  0.0198  0.0198  0.0198  0.0198  0.0198  0.0198  0.0198  0.0198
  0.0199  0.0199  0.0199  0.0199  0.0199  0.0198  0.0199  0.0199  0.0199  0.0199  0.0198  0.0199
  0.0201  0.0200  0.0200  0.0201  0.0201  0.0200  0.0200  0.0202  0.0200  0.0201  0.0199  0.0199
  0.0203  0.0202  0.0201  0.0204  0.0204  0.0205  0.0202  0.0206  0.0201  0.0204  0.0200  0.0200
registration optimization eta report
parameter search radius
    0.8000    0.8000    0.8000    2.4000    2.4000    2.4000
    2.4000    2.4000    2.4000    2.4000    2.4000    2.4000
100000*second partial in parameter space
       70.       57.       41.       10.        9.       13.
        6.       13.        5.       10.        4.        4.
  0.0203  0.0202  0.0201  0.0204  0.0204  0.0206  0.0202  0.0206  0.0201  0.0204  0.0200  0.0200
  0.0200  0.0200  0.0200  0.0201  0.0201  0.0203  0.0200  0.0201  0.0200  0.0201  0.0199  0.0199
  0.0199  0.0199  0.0199  0.0199  0.0199  0.0200  0.0199  0.0199  0.0199  0.0199  0.0198  0.0198
  0.0198  0.0199  0.0198  0.0198  0.0198  0.0198  0.0198  0.0198  0.0198  0.0198  0.0198  0.0198
  0.0199  0.0199  0.0199  0.0199  0.0199  0.0198  0.0199  0.0199  0.0199  0.0199  0.0198  0.0199
  0.0201  0.0200  0.0200  0.0201  0.0201  0.0200  0.0200  0.0202  0.0200  0.0201  0.0199  0.0199
  0.0203  0.0202  0.0201  0.0204  0.0204  0.0205  0.0202  0.0206  0.0201  0.0204  0.0200  0.0200
   -2.8396   19.1338    8.4841  -10.1628  -10.8908   -9.1213
   -6.2844    4.1323    6.0612   19.9201   -2.1708  -20.6177
eta,q 0.98018 12.34944

---------------------------------------------------------------------
imgreg_4dfp /opt/freesurfer/average/711-2C_as_mni_average_305 /opt/freesurfer/average/711-2B_as_mni_average_305_mask talsrcimg_g11 none talsrcimg_to_711-2C_as_mni_average_305_t4 2311
---------------------------------------------------------------------

freesurfer imgreg_4dfp.c
/opt/freesurfer/average/711-2C_as_mni_average_305.4dfp.img
       256       256       256         1
  1.000000  1.000000  1.000000
orientation T byte_order littleendian
Reading image: /opt/freesurfer/average/711-2C_as_mni_average_305.4dfp.img
dimensions:      256       256       256
mmppix:       1.0000   -1.0000   -1.0000
center:     128.0000 -129.0000 -129.0000
/opt/freesurfer/average/711-2B_as_mni_average_305_mask.4dfp.img
       256       256       256         1
  1.000000  1.000000  1.000000
orientation T byte_order littleendian
Reading mask: /opt/freesurfer/average/711-2B_as_mni_average_305_mask.4dfp.img (2306576 pixels)
talsrcimg_g11.4dfp.img
       256       256       256         1
  1.000000  1.000000  1.000000
orientation T byte_order littleendian
Reading image: talsrcimg_g11.4dfp.img
dimensions:      256       256       256
mmppix:       1.0000   -1.0000   -1.0000
center:     128.0000 -129.0000 -129.0000
fimgreg.f
image alignment mode   2311 decimal      907 hex
parameters
   -2.8396   19.1338    8.4841  -10.1628  -10.8908   -9.1213
   -6.2844    4.1323    6.0612   19.9201   -2.1708  -20.6177
eta,q 0.98018 12.34944
niter,ni,del,rscale     5    3    5.0000    0.8000
parameters
   -2.8551   19.1641    8.5274  -10.5743  -10.9340   -9.7588
   -6.3119    4.0506    6.0093   20.0270   -2.2453  -20.4136
eta,q 0.98003 12.31914
  0.0216  0.0213  0.0210  0.0215  0.0217  0.0217  0.0212  0.0224  0.0211  0.0218  0.0207  0.0208
  0.0206  0.0205  0.0203  0.0207  0.0208  0.0210  0.0205  0.0210  0.0205  0.0209  0.0203  0.0204
  0.0200  0.0200  0.0200  0.0201  0.0201  0.0203  0.0201  0.0202  0.0201  0.0203  0.0200  0.0201
  0.0198  0.0198  0.0198  0.0198  0.0198  0.0198  0.0200  0.0200  0.0200  0.0200  0.0200  0.0200
  0.0200  0.0200  0.0199  0.0201  0.0201  0.0201  0.0201  0.0203  0.0201  0.0201  0.0201  0.0200
  0.0206  0.0205  0.0203  0.0209  0.0208  0.0215  0.0206  0.0212  0.0205  0.0207  0.0203  0.0203
  0.0216  0.0212  0.0208  0.0224  0.0218  0.0239  0.0213  0.0226  0.0212  0.0218  0.0207  0.0207
niter,ni,del,rscale     4    3    5.0000    0.7000
parameters
   -2.7906   19.1309    8.4716  -10.3676  -10.8328   -9.7473
   -6.2952    4.1363    6.0182   19.9749   -2.2310  -20.4273
eta,q 0.98006 12.32866
  0.0214  0.0210  0.0206  0.0215  0.0215  0.0217  0.0209  0.0221  0.0208  0.0214  0.0206  0.0205
  0.0206  0.0204  0.0202  0.0208  0.0207  0.0210  0.0204  0.0209  0.0204  0.0206  0.0202  0.0202
  0.0202  0.0201  0.0200  0.0203  0.0202  0.0204  0.0201  0.0202  0.0201  0.0201  0.0200  0.0200
  0.0200  0.0200  0.0200  0.0200  0.0199  0.0199  0.0199  0.0199  0.0199  0.0199  0.0199  0.0199
  0.0201  0.0201  0.0201  0.0200  0.0201  0.0199  0.0201  0.0202  0.0200  0.0201  0.0200  0.0200
  0.0205  0.0205  0.0203  0.0205  0.0206  0.0205  0.0204  0.0208  0.0203  0.0206  0.0202  0.0202
  0.0212  0.0211  0.0207  0.0214  0.0214  0.0221  0.0209  0.0219  0.0209  0.0215  0.0205  0.0206
niter,ni,del,rscale     3    3    5.0000    0.6000
parameters
   -2.8075   19.1182    8.4566  -10.2527  -10.8170   -9.5316
   -6.2982    4.1483    6.0425   19.9419   -2.1952  -20.4988
eta,q 0.98012 12.33910
  0.0209  0.0207  0.0205  0.0211  0.0211  0.0214  0.0206  0.0215  0.0206  0.0210  0.0204  0.0203
  0.0204  0.0203  0.0202  0.0206  0.0205  0.0208  0.0202  0.0206  0.0202  0.0204  0.0201  0.0201
  0.0200  0.0200  0.0200  0.0202  0.0201  0.0203  0.0200  0.0201  0.0200  0.0200  0.0199  0.0199
  0.0199  0.0199  0.0199  0.0199  0.0199  0.0199  0.0199  0.0199  0.0199  0.0199  0.0199  0.0199
  0.0201  0.0200  0.0200  0.0200  0.0201  0.0198  0.0200  0.0201  0.0200  0.0200  0.0199  0.0199
  0.0204  0.0203  0.0202  0.0204  0.0205  0.0203  0.0202  0.0206  0.0202  0.0204  0.0201  0.0201
  0.0209  0.0208  0.0205  0.0211  0.0211  0.0214  0.0206  0.0214  0.0206  0.0211  0.0203  0.0204
niter,ni,del,rscale     2    3    5.0000    0.5000
parameters
   -2.8258   19.1196    8.4642  -10.1995  -10.8399   -9.3177
   -6.2979    4.1435    6.0553   19.9311   -2.1907  -20.5673
eta,q 0.98015 12.34559
  0.0206  0.0205  0.0203  0.0207  0.0207  0.0210  0.0204  0.0210  0.0203  0.0207  0.0202  0.0202
  0.0202  0.0201  0.0201  0.0203  0.0203  0.0206  0.0201  0.0203  0.0201  0.0202  0.0200  0.0200
  0.0200  0.0200  0.0199  0.0200  0.0200  0.0202  0.0199  0.0200  0.0199  0.0200  0.0199  0.0199
  0.0199  0.0199  0.0199  0.0199  0.0199  0.0199  0.0198  0.0198  0.0198  0.0198  0.0198  0.0198
  0.0200  0.0200  0.0199  0.0199  0.0200  0.0198  0.0199  0.0200  0.0199  0.0199  0.0199  0.0199
  0.0202  0.0201  0.0201  0.0202  0.0203  0.0201  0.0201  0.0204  0.0201  0.0202  0.0200  0.0200
  0.0206  0.0205  0.0203  0.0207  0.0207  0.0209  0.0204  0.0210  0.0203  0.0207  0.0202  0.0202
niter,ni,del,rscale     1    3    5.0000    0.4000
parameters
   -2.8394   19.1348    8.4874  -10.1651  -10.8887   -9.1197
   -6.2825    4.1374    6.0561   19.9233   -2.1780  -20.6216
eta,q 0.98018 12.34955
  0.0203  0.0202  0.0201  0.0204  0.0204  0.0206  0.0202  0.0206  0.0201  0.0204  0.0200  0.0200
  0.0200  0.0200  0.0200  0.0201  0.0201  0.0203  0.0200  0.0201  0.0200  0.0201  0.0199  0.0199
  0.0199  0.0199  0.0199  0.0199  0.0199  0.0200  0.0199  0.0199  0.0199  0.0199  0.0198  0.0198
  0.0198  0.0198  0.0198  0.0198  0.0198  0.0198  0.0198  0.0198  0.0198  0.0198  0.0198  0.0198
  0.0199  0.0199  0.0199  0.0199  0.0199  0.0198  0.0199  0.0199  0.0199  0.0199  0.0198  0.0198
  0.0201  0.0200  0.0200  0.0201  0.0201  0.0200  0.0200  0.0202  0.0200  0.0201  0.0199  0.0199
  0.0203  0.0202  0.0201  0.0204  0.0204  0.0205  0.0202  0.0206  0.0201  0.0204  0.0200  0.0200
registration optimization eta report
parameter search radius
    0.8000    0.8000    0.8000    2.4000    2.4000    2.4000
    2.4000    2.4000    2.4000    2.4000    2.4000    2.4000
100000*second partial in parameter space
       71.       58.       41.       10.        9.       13.
        6.       13.        6.       10.        4.        4.
  0.0203  0.0202  0.0201  0.0204  0.0204  0.0206  0.0202  0.0206  0.0201  0.0204  0.0200  0.0200
  0.0200  0.0200  0.0200  0.0201  0.0201  0.0203  0.0200  0.0201  0.0200  0.0201  0.0199  0.0199
  0.0199  0.0199  0.0199  0.0199  0.0199  0.0200  0.0199  0.0199  0.0199  0.0199  0.0198  0.0198
  0.0198  0.0198  0.0198  0.0198  0.0198  0.0198  0.0198  0.0198  0.0198  0.0198  0.0198  0.0198
  0.0199  0.0199  0.0199  0.0199  0.0199  0.0198  0.0199  0.0199  0.0199  0.0199  0.0198  0.0198
  0.0201  0.0200  0.0200  0.0201  0.0201  0.0200  0.0200  0.0202  0.0200  0.0201  0.0199  0.0199
  0.0203  0.0202  0.0201  0.0204  0.0204  0.0205  0.0202  0.0206  0.0201  0.0204  0.0200  0.0200
   -2.8394   19.1348    8.4874  -10.1651  -10.8887   -9.1197
   -6.2825    4.1374    6.0561   19.9233   -2.1780  -20.6216
eta,q 0.98018 12.34955

---------------------------------------------------------------------
compute_vox2vox talsrcimg talsrcimg_to_711-2C_as_mni_average_305_t4 /opt/freesurfer/average/711-2C_as_mni_average_305
---------------------------------------------------------------------

freesurfer compute_vox2vox.c
Reading: talsrcimg.4dfp.ifh
Reading: talsrcimg_to_711-2C_as_mni_average_305_t4
Reading: /opt/freesurfer/average/711-2C_as_mni_average_305.4dfp.ifh
Writing: talsrcimg_to_711-2C_as_mni_average_305_t4_vox2vox.txt

start time Wed Mar 11 14:44:22 CET 2026
end		time Wed Mar 11 14:45:51 CET 2026

mpr2mni305 success

avi2talxfm orig_nu.mgz /opt/freesurfer/average/mni305.cor.mgz talsrcimg_to_711-2C_as_mni_average_305_t4_vox2vox.txt transforms/talairach.auto.xfm
avi2talxfm done
mv -f /out/sourcedata/freesurfer/sub-v2s18x29524_ses-1/mri/talsrcimg_to_711-2C_as_mni_average_305_t4_vox2vox.txt /out/sourcedata/freesurfer/sub-v2s18x29524_ses-1/mri/transforms/talsrcimg_to_711-2C_as_mni_average_305_t4_vox2vox.txt
lta_convert --src orig_nu.mgz --trg /opt/freesurfer/average/mni305.cor.mgz --inxfm transforms/talairach.auto.xfm --outlta transforms/talairach.auto.xfm.lta --subject fsaverage
7.3.2

--src: orig_nu.mgz src image (geometry).
--trg: /opt/freesurfer/average/mni305.cor.mgz trg image (geometry).
--inmni: transforms/talairach.auto.xfm input MNI/XFM transform.
--outlta: transforms/talairach.auto.xfm.lta output LTA.
--s: fsaverage subject name
 LTA read, type : 1
 1.10733  -0.06427   0.06320   0.29790;
 0.00900   1.04670   0.24285  -26.13640;
-0.07727  -0.22965   1.06360   6.37126;
 0.00000   0.00000   0.00000   1.00000;
setting subject to fsaverage
Writing  LTA to file transforms/talairach.auto.xfm.lta...
lta_convert successful.
 
 
Started at Wed Mar 11 14:44:22 CET 2026
Ended   at Wed Mar 11 14:45:51 CET 2026
talairach_avi done
