status file for recon-all
Wed Mar 11 13:21:02 CET 2026
#@# MotionCor Wed Mar 11 13:21:09 CET 2026
#@# Talairach Wed Mar 11 13:21:28 CET 2026
#@# Talairach Failure Detection Wed Mar 11 13:25:52 CET 2026
#@# Nu Intensity Correction Wed Mar 11 13:25:52 CET 2026
#@# Intensity Normalization Wed Mar 11 13:29:08 CET 2026
recon-all -s sub-v2s18x29500_ses-1 finished without error at Wed Mar 11 13:30:42 CET 2026



#New# invocation of recon-all 



status file for recon-all
Wed Mar 11 13:42:09 CET 2026
#@# EM Registration Wed Mar 11 13:42:09 CET 2026
recon-all -s sub-v2s18x29500_ses-1 finished without error at Wed Mar 11 13:44:08 CET 2026



#New# invocation of recon-all 



status file for recon-all
Wed Mar 11 13:44:12 CET 2026
#@# CA Normalize Wed Mar 11 13:44:12 CET 2026
#@# CA Reg Wed Mar 11 13:45:34 CET 2026
#@# SubCort Seg Wed Mar 11 14:37:04 CET 2026
#@# CC Seg Wed Mar 11 15:06:02 CET 2026
#@# Merge ASeg Wed Mar 11 15:06:40 CET 2026
#@# Intensity Normalization2 Wed Mar 11 15:06:40 CET 2026
#@# Mask BFS Wed Mar 11 15:09:02 CET 2026
#@# WM Segmentation Wed Mar 11 15:09:03 CET 2026
#@# Fill Wed Mar 11 15:10:57 CET 2026
recon-all -s sub-v2s18x29500_ses-1 finished without error at Wed Mar 11 15:12:01 CET 2026



#New# invocation of recon-all 



status file for recon-all
Wed Mar 11 16:03:04 CET 2026
#@# white curv lh Wed Mar 11 16:03:04 CET 2026
#@# white area lh Wed Mar 11 16:03:04 CET 2026
#@# pial curv lh Wed Mar 11 16:03:04 CET 2026
#@# pial area lh Wed Mar 11 16:03:04 CET 2026
#@# thickness lh Wed Mar 11 16:03:04 CET 2026
#@# area and vertex vol lh Wed Mar 11 16:03:04 CET 2026
#@# white curv rh Wed Mar 11 16:03:04 CET 2026
#@# white area rh Wed Mar 11 16:03:04 CET 2026
#@# pial curv rh Wed Mar 11 16:03:04 CET 2026
#@# pial area rh Wed Mar 11 16:03:04 CET 2026
#@# thickness rh Wed Mar 11 16:03:04 CET 2026
#@# area and vertex vol rh Wed Mar 11 16:03:04 CET 2026
#@# Cortical ribbon mask Wed Mar 11 16:03:04 CET 2026
recon-all -s sub-v2s18x29500_ses-1 finished without error at Wed Mar 11 16:08:36 CET 2026



#New# invocation of recon-all 



status file for recon-all
Wed Mar 11 16:16:00 CET 2026
#@# white curv lh Wed Mar 11 16:16:00 CET 2026
#@# white area lh Wed Mar 11 16:16:00 CET 2026
#@# pial curv lh Wed Mar 11 16:16:00 CET 2026
#@# pial area lh Wed Mar 11 16:16:00 CET 2026
#@# thickness lh Wed Mar 11 16:16:00 CET 2026
#@# area and vertex vol lh Wed Mar 11 16:16:00 CET 2026
#@# white curv rh Wed Mar 11 16:16:00 CET 2026
#@# white area rh Wed Mar 11 16:16:00 CET 2026
#@# pial curv rh Wed Mar 11 16:16:00 CET 2026
#@# pial area rh Wed Mar 11 16:16:00 CET 2026
#@# thickness rh Wed Mar 11 16:16:00 CET 2026
#@# area and vertex vol rh Wed Mar 11 16:16:00 CET 2026
#@# Curvature Stats lh Wed Mar 11 16:16:00 CET 2026
#@# Curvature Stats rh Wed Mar 11 16:16:03 CET 2026
#@# Relabel Hypointensities Wed Mar 11 16:16:06 CET 2026
#@# APas-to-ASeg Wed Mar 11 16:16:21 CET 2026
#@# AParc-to-ASeg aparc Wed Mar 11 16:16:31 CET 2026
#@# AParc-to-ASeg aparc.a2009s Wed Mar 11 16:17:03 CET 2026
#@# AParc-to-ASeg aparc.DKTatlas Wed Mar 11 16:17:36 CET 2026
#@# WMParc Wed Mar 11 16:18:10 CET 2026
#@# ASeg Stats Wed Mar 11 16:21:55 CET 2026
recon-all -s sub-v2s18x29500_ses-1 finished without error at Wed Mar 11 16:22:35 CET 2026
