status file for recon-all
Wed Mar 11 15:12:06 CET 2026
#@# Tessellate lh Wed Mar 11 15:12:06 CET 2026
#@# Smooth1 lh Wed Mar 11 15:12:09 CET 2026
#@# Inflation1 lh Wed Mar 11 15:12:12 CET 2026
#@# QSphere lh Wed Mar 11 15:12:25 CET 2026
#@# Fix Topology lh Wed Mar 11 15:13:41 CET 2026
#@# Smooth2 lh Wed Mar 11 15:19:54 CET 2026
#@# Inflation2 lh Wed Mar 11 15:19:57 CET 2026
#@# Curv .H and .K lh Wed Mar 11 15:20:12 CET 2026
#@# Sphere lh Wed Mar 11 15:21:03 CET 2026
#@# Surf Reg lh Wed Mar 11 15:24:03 CET 2026
#@# Jacobian white lh Wed Mar 11 15:28:10 CET 2026
#@# AvgCurv lh Wed Mar 11 15:28:11 CET 2026
#@# Cortical Parc lh Wed Mar 11 15:28:12 CET 2026
#@# white curv lh Wed Mar 11 15:35:41 CET 2026
#@# white area lh Wed Mar 11 15:35:43 CET 2026
#@# pial curv lh Wed Mar 11 15:35:44 CET 2026
#@# pial area lh Wed Mar 11 15:35:46 CET 2026
#@# thickness lh Wed Mar 11 15:35:46 CET 2026
#@# area and vertex vol lh Wed Mar 11 15:36:20 CET 2026
#@# Curvature Stats lh Wed Mar 11 15:36:22 CET 2026
#@# Cortical Parc 2 lh Wed Mar 11 15:36:24 CET 2026
#@# Cortical Parc 3 lh Wed Mar 11 15:36:38 CET 2026
#@# WM/GM Contrast lh Wed Mar 11 15:36:50 CET 2026
recon-all -s sub-v2s18x29500_ses-1 finished without error at Wed Mar 11 15:36:56 CET 2026



#New# invocation of recon-all 



status file for recon-all
Wed Mar 11 16:08:40 CET 2026
#@# white curv lh Wed Mar 11 16:08:40 CET 2026
#@# white area lh Wed Mar 11 16:08:40 CET 2026
#@# pial curv lh Wed Mar 11 16:08:40 CET 2026
#@# pial area lh Wed Mar 11 16:08:40 CET 2026
#@# thickness lh Wed Mar 11 16:08:40 CET 2026
#@# area and vertex vol lh Wed Mar 11 16:08:40 CET 2026
#@# Parcellation Stats lh Wed Mar 11 16:08:40 CET 2026
#@# Parcellation Stats 2 lh Wed Mar 11 16:09:01 CET 2026
#@# Parcellation Stats 3 lh Wed Mar 11 16:09:11 CET 2026
#@# BA_exvivo Labels lh Wed Mar 11 16:09:21 CET 2026
recon-all -s sub-v2s18x29500_ses-1 finished without error at Wed Mar 11 16:12:15 CET 2026
