status file for recon-all
Wed Mar 11 15:01:21 CET 2026
#@# Tessellate lh Wed Mar 11 15:01:21 CET 2026
#@# Smooth1 lh Wed Mar 11 15:01:25 CET 2026
#@# Inflation1 lh Wed Mar 11 15:01:28 CET 2026
#@# QSphere lh Wed Mar 11 15:01:39 CET 2026
#@# Fix Topology lh Wed Mar 11 15:02:53 CET 2026
#@# Smooth2 lh Wed Mar 11 15:09:03 CET 2026
#@# Inflation2 lh Wed Mar 11 15:09:07 CET 2026
#@# Curv .H and .K lh Wed Mar 11 15:09:19 CET 2026
#@# Sphere lh Wed Mar 11 15:10:13 CET 2026
#@# Surf Reg lh Wed Mar 11 15:13:40 CET 2026
#@# Jacobian white lh Wed Mar 11 15:17:39 CET 2026
#@# AvgCurv lh Wed Mar 11 15:17:40 CET 2026
#@# Cortical Parc lh Wed Mar 11 15:17:41 CET 2026
#@# white curv lh Wed Mar 11 15:24:26 CET 2026
#@# white area lh Wed Mar 11 15:24:28 CET 2026
#@# pial curv lh Wed Mar 11 15:24:29 CET 2026
#@# pial area lh Wed Mar 11 15:24:31 CET 2026
#@# thickness lh Wed Mar 11 15:24:31 CET 2026
#@# area and vertex vol lh Wed Mar 11 15:25:07 CET 2026
#@# Curvature Stats lh Wed Mar 11 15:25:08 CET 2026
#@# Cortical Parc 2 lh Wed Mar 11 15:25:11 CET 2026
#@# Cortical Parc 3 lh Wed Mar 11 15:25:26 CET 2026
#@# WM/GM Contrast lh Wed Mar 11 15:25:38 CET 2026
recon-all -s sub-v2s18x29497_ses-1 finished without error at Wed Mar 11 15:25:43 CET 2026



#New# invocation of recon-all 



status file for recon-all
Wed Mar 11 16:01:16 CET 2026
#@# white curv lh Wed Mar 11 16:01:16 CET 2026
#@# white area lh Wed Mar 11 16:01:16 CET 2026
#@# pial curv lh Wed Mar 11 16:01:16 CET 2026
#@# pial area lh Wed Mar 11 16:01:16 CET 2026
#@# thickness lh Wed Mar 11 16:01:16 CET 2026
#@# area and vertex vol lh Wed Mar 11 16:01:16 CET 2026
#@# Parcellation Stats lh Wed Mar 11 16:01:16 CET 2026
#@# Parcellation Stats 2 lh Wed Mar 11 16:01:39 CET 2026
#@# Parcellation Stats 3 lh Wed Mar 11 16:01:51 CET 2026
#@# BA_exvivo Labels lh Wed Mar 11 16:02:03 CET 2026
recon-all -s sub-v2s18x29497_ses-1 finished without error at Wed Mar 11 16:04:49 CET 2026
