status file for recon-all
Wed Mar 11 13:18:27 CET 2026
#@# MotionCor Wed Mar 11 13:18:35 CET 2026
#@# Talairach Wed Mar 11 13:18:53 CET 2026
#@# Talairach Failure Detection Wed Mar 11 13:23:17 CET 2026
#@# Nu Intensity Correction Wed Mar 11 13:23:17 CET 2026
#@# Intensity Normalization Wed Mar 11 13:26:31 CET 2026
recon-all -s sub-v2s18x29497_ses-1 finished without error at Wed Mar 11 13:28:10 CET 2026



#New# invocation of recon-all 



status file for recon-all
Wed Mar 11 13:39:21 CET 2026
#@# EM Registration Wed Mar 11 13:39:21 CET 2026
recon-all -s sub-v2s18x29497_ses-1 finished without error at Wed Mar 11 13:41:02 CET 2026



#New# invocation of recon-all 



status file for recon-all
Wed Mar 11 13:41:03 CET 2026
#@# CA Normalize Wed Mar 11 13:41:03 CET 2026
#@# CA Reg Wed Mar 11 13:42:25 CET 2026
#@# SubCort Seg Wed Mar 11 14:24:20 CET 2026
#@# CC Seg Wed Mar 11 14:55:15 CET 2026
#@# Merge ASeg Wed Mar 11 14:55:52 CET 2026
#@# Intensity Normalization2 Wed Mar 11 14:55:52 CET 2026
#@# Mask BFS Wed Mar 11 14:58:18 CET 2026
#@# WM Segmentation Wed Mar 11 14:58:18 CET 2026
#@# Fill Wed Mar 11 15:00:12 CET 2026
recon-all -s sub-v2s18x29497_ses-1 finished without error at Wed Mar 11 15:01:15 CET 2026



#New# invocation of recon-all 



status file for recon-all
Wed Mar 11 15:50:42 CET 2026
#@# white curv lh Wed Mar 11 15:50:42 CET 2026
#@# white area lh Wed Mar 11 15:50:42 CET 2026
#@# pial curv lh Wed Mar 11 15:50:42 CET 2026
#@# pial area lh Wed Mar 11 15:50:42 CET 2026
#@# thickness lh Wed Mar 11 15:50:42 CET 2026
#@# area and vertex vol lh Wed Mar 11 15:50:42 CET 2026
#@# white curv rh Wed Mar 11 15:50:42 CET 2026
#@# white area rh Wed Mar 11 15:50:42 CET 2026
#@# pial curv rh Wed Mar 11 15:50:42 CET 2026
#@# pial area rh Wed Mar 11 15:50:42 CET 2026
#@# thickness rh Wed Mar 11 15:50:42 CET 2026
#@# area and vertex vol rh Wed Mar 11 15:50:42 CET 2026
#@# Cortical ribbon mask Wed Mar 11 15:50:42 CET 2026
recon-all -s sub-v2s18x29497_ses-1 finished without error at Wed Mar 11 16:01:12 CET 2026



#New# invocation of recon-all 



status file for recon-all
Wed Mar 11 16:08:32 CET 2026
#@# white curv lh Wed Mar 11 16:08:32 CET 2026
#@# white area lh Wed Mar 11 16:08:32 CET 2026
#@# pial curv lh Wed Mar 11 16:08:32 CET 2026
#@# pial area lh Wed Mar 11 16:08:32 CET 2026
#@# thickness lh Wed Mar 11 16:08:32 CET 2026
#@# area and vertex vol lh Wed Mar 11 16:08:32 CET 2026
#@# white curv rh Wed Mar 11 16:08:32 CET 2026
#@# white area rh Wed Mar 11 16:08:32 CET 2026
#@# pial curv rh Wed Mar 11 16:08:32 CET 2026
#@# pial area rh Wed Mar 11 16:08:32 CET 2026
#@# thickness rh Wed Mar 11 16:08:32 CET 2026
#@# area and vertex vol rh Wed Mar 11 16:08:32 CET 2026
#@# Curvature Stats lh Wed Mar 11 16:08:32 CET 2026
#@# Curvature Stats rh Wed Mar 11 16:08:34 CET 2026
#@# Relabel Hypointensities Wed Mar 11 16:08:37 CET 2026
#@# APas-to-ASeg Wed Mar 11 16:08:54 CET 2026
#@# AParc-to-ASeg aparc Wed Mar 11 16:09:02 CET 2026
#@# AParc-to-ASeg aparc.a2009s Wed Mar 11 16:09:39 CET 2026
#@# AParc-to-ASeg aparc.DKTatlas Wed Mar 11 16:10:15 CET 2026
#@# WMParc Wed Mar 11 16:10:51 CET 2026
#@# ASeg Stats Wed Mar 11 16:14:31 CET 2026
recon-all -s sub-v2s18x29497_ses-1 finished without error at Wed Mar 11 16:15:04 CET 2026
