status file for recon-all
Wed Mar 11 15:25:45 CET 2026
#@# Tessellate rh Wed Mar 11 15:25:45 CET 2026
#@# Smooth1 rh Wed Mar 11 15:25:49 CET 2026
#@# Inflation1 rh Wed Mar 11 15:25:52 CET 2026
#@# QSphere rh Wed Mar 11 15:26:04 CET 2026
#@# Fix Topology rh Wed Mar 11 15:27:21 CET 2026
#@# Smooth2 rh Wed Mar 11 15:33:34 CET 2026
#@# Inflation2 rh Wed Mar 11 15:33:37 CET 2026
#@# Curv .H and .K rh Wed Mar 11 15:33:51 CET 2026
#@# Sphere rh Wed Mar 11 15:34:47 CET 2026
#@# Surf Reg rh Wed Mar 11 15:38:12 CET 2026
#@# Jacobian white rh Wed Mar 11 15:42:19 CET 2026
#@# AvgCurv rh Wed Mar 11 15:42:20 CET 2026
#@# Cortical Parc rh Wed Mar 11 15:42:20 CET 2026
#@# white curv rh Wed Mar 11 15:49:18 CET 2026
#@# white area rh Wed Mar 11 15:49:20 CET 2026
#@# pial curv rh Wed Mar 11 15:49:20 CET 2026
#@# pial area rh Wed Mar 11 15:49:22 CET 2026
#@# thickness rh Wed Mar 11 15:49:23 CET 2026
#@# area and vertex vol rh Wed Mar 11 15:49:58 CET 2026
#@# Curvature Stats rh Wed Mar 11 15:50:00 CET 2026
#@# Cortical Parc 2 rh Wed Mar 11 15:50:02 CET 2026
#@# Cortical Parc 3 rh Wed Mar 11 15:50:18 CET 2026
#@# WM/GM Contrast rh Wed Mar 11 15:50:30 CET 2026
recon-all -s sub-v2s18x29497_ses-1 finished without error at Wed Mar 11 15:50:35 CET 2026



#New# invocation of recon-all 



status file for recon-all
Wed Mar 11 16:04:52 CET 2026
#@# white curv rh Wed Mar 11 16:04:52 CET 2026
#@# white area rh Wed Mar 11 16:04:52 CET 2026
#@# pial curv rh Wed Mar 11 16:04:52 CET 2026
#@# pial area rh Wed Mar 11 16:04:52 CET 2026
#@# thickness rh Wed Mar 11 16:04:52 CET 2026
#@# area and vertex vol rh Wed Mar 11 16:04:52 CET 2026
#@# Parcellation Stats rh Wed Mar 11 16:04:52 CET 2026
#@# Parcellation Stats 2 rh Wed Mar 11 16:05:15 CET 2026
#@# Parcellation Stats 3 rh Wed Mar 11 16:05:27 CET 2026
#@# BA_exvivo Labels rh Wed Mar 11 16:05:39 CET 2026
recon-all -s sub-v2s18x29497_ses-1 finished without error at Wed Mar 11 16:08:28 CET 2026
