/out/sourcedata/freesurfer/sub-v2s18x29512_ses-1/mri
/opt/freesurfer/bin/talairach_avi
--i orig_nu.mgz --xfm transforms/talairach.auto.xfm
talairach_avi 7.3.2
Linux dna008 5.14.0-427.37.1.el9_4.x86_64 #1 SMP PREEMPT_DYNAMIC Fri Sep 13 12:41:50 EDT 2024 x86_64 x86_64 x86_64 GNU/Linux
Wed Mar 11 14:11:18 CET 2026
mri_convert orig_nu.mgz talsrcimg.img 
reading from orig_nu.mgz...
TR=0.00, TE=0.00, TI=0.00, flip angle=0.00
i_ras = (-1, 6.81666e-10, 0)
j_ras = (-1.86265e-09, 5.82077e-11, -1)
k_ras = (3.04408e-09, 1, 0)
writing to talsrcimg.img...
Analyze Output Matrix
-1.00000  -0.00000   0.00000   131.64133;
 0.00000   0.00000   1.00000  -95.98735;
 0.00000  -1.00000   0.00000   91.54121;
 0.00000   0.00000   0.00000   1.00000;
--------------------
INFO: set hdr.hist.orient to -1
mpr2mni305 talsrcimg
Wed Mar 11 14:11:18 CET 2026
/opt/freesurfer/bin/mpr2mni305 talsrcimg
mpr2mni305 7.3.2
target=711-2C_as_mni_average_305

---------------------------------------------------------------------
analyzeto4dfp talsrcimg -O0 -y
---------------------------------------------------------------------

freesurfer ifh2hdr.c
Wed Mar 11 14:11:19 2026
Writing: talsrcimg.4dfp.hdr
freesurfer analyzeto4dfp.c
Reading: talsrcimg.hdr
header size 348 bytes
hdr.dime.datatype	offset=70	value=2
hdr.dime.bitpix		offset=72	value=8
hdr.hist.orient		offset=252	value=-1
dimensionality     4
dimensions       256       256       256         1
Reading: talsrcimg.img
Writing: talsrcimg.4dfp.img
Writing: talsrcimg.4dfp.ifh
ifh2hdr talsrcimg -r0to188
ori=2

---------------------------------------------------------------------
gauss_4dfp talsrcimg 1.1
---------------------------------------------------------------------

freesurfer gauss_4dfp.c
Reading: talsrcimg.4dfp.img
Writing: talsrcimg_g11.4dfp.img
image dimensions 256 256 256 padded to 288 288 288
processing volume 1freesurfer ifh2hdr.c
Wed Mar 11 14:11:20 2026
Writing: talsrcimg_g11.4dfp.hdr

Writing: talsrcimg_g11.4dfp.ifh
including: talsrcimg.4dfp.img.rec in talsrcimg_g11.4dfp.img.rec

---------------------------------------------------------------------
imgreg_4dfp /opt/freesurfer/average/711-2C_as_mni_average_305 none talsrcimg_g11 none talsrcimg_to_711-2C_as_mni_average_305_t4 4355
---------------------------------------------------------------------

freesurfer imgreg_4dfp.c
/opt/freesurfer/average/711-2C_as_mni_average_305.4dfp.img
       256       256       256         1
  1.000000  1.000000  1.000000
orientation T byte_order littleendian
Reading image: /opt/freesurfer/average/711-2C_as_mni_average_305.4dfp.img
dimensions:      256       256       256
mmppix:       1.0000   -1.0000   -1.0000
center:     128.0000 -129.0000 -129.0000
talsrcimg_g11.4dfp.img
       256       256       256         1
  1.000000  1.000000  1.000000
orientation T byte_order littleendian
Reading image: talsrcimg_g11.4dfp.img
dimensions:      256       256       256
mmppix:       1.0000   -1.0000   -1.0000
center:     128.0000 -129.0000 -129.0000
t4_read: open error in t4_sub.f l:  41 t4_file(1:l)talsrcimg_to_711-2C_as_mni_average_305_t4 
t4_read: transform initialized to I4
rotation matrix determinant  1.000000
image alignment mode   4355 decimal     1103 hex
   -7.5000  -45.0000  -45.0000 6427.0015   20.3716
    0.0000  -45.0000  -45.0000 6700.3086   20.3748
    7.5000  -45.0000  -45.0000 6449.9004   20.3618
   -7.5000  -37.5000  -45.0000 6957.1675   19.5618
    0.0000  -37.5000  -45.0000 7250.0107   19.5611
    7.5000  -37.5000  -45.0000 6954.2505   19.5404
   -7.5000  -30.0000  -45.0000 7785.6421   18.9664
    0.0000  -30.0000  -45.0000 8123.3027   18.9555
    7.5000  -30.0000  -45.0000 7763.4551   18.9330
   -7.5000  -22.5000  -45.0000 8676.0996   18.5228
    0.0000  -22.5000  -45.0000 9068.9434   18.5037
    7.5000  -22.5000  -45.0000 8658.1270   18.4855
   -7.5000  -15.0000  -45.0000 9607.8691   18.2738
    0.0000  -15.0000  -45.000010061.6006   18.2574
    7.5000  -15.0000  -45.0000 9601.7549   18.2497
   -7.5000   -7.5000  -45.000010625.6768   18.1688
    0.0000   -7.5000  -45.000011147.0596   18.1634
    7.5000   -7.5000  -45.000010624.3711   18.1614
   -7.5000    0.0000  -45.000011633.4473   18.1109
    0.0000    0.0000  -45.000012209.6973   18.1154
    7.5000    0.0000  -45.000011623.4453   18.1104
   -7.5000    7.5000  -45.000011767.6660   18.1176
    0.0000    7.5000  -45.000012325.0605   18.1195
    7.5000    7.5000  -45.000011742.0156   18.1060
   -7.5000   15.0000  -45.000011739.2832   18.1542
    0.0000   15.0000  -45.000012254.4521   18.1443
    7.5000   15.0000  -45.000011680.2812   18.1249
   -7.5000   22.5000  -45.000011551.2617   18.1807
    0.0000   22.5000  -45.000012090.6016   18.1629
    7.5000   22.5000  -45.000011514.4434   18.1468
   -7.5000   30.0000  -45.000011184.2510   17.9439
    0.0000   30.0000  -45.000011766.5020   17.9283
    7.5000   30.0000  -45.000011164.1641   17.9215
   -7.5000   37.5000  -45.000011147.4990   17.9029
    0.0000   37.5000  -45.000011724.7148   17.8978
    7.5000   37.5000  -45.000011118.7783   17.8959
   -7.5000   45.0000  -45.000010674.5791   17.4158
    0.0000   45.0000  -45.000011244.8398   17.4201
    7.5000   45.0000  -45.000010633.6025   17.4153
   -7.5000  -45.0000  -37.5000 6668.9741   20.4401
    0.0000  -45.0000  -37.5000 6965.5010   20.4428
    7.5000  -45.0000  -37.5000 6678.5049   20.4224
   -7.5000  -37.5000  -37.5000 7227.2402   19.6110
    0.0000  -37.5000  -37.5000 7539.3203   19.6083
    7.5000  -37.5000  -37.5000 7202.1221   19.5823
   -7.5000  -30.0000  -37.5000 8123.9224   18.9957
    0.0000  -30.0000  -37.5000 8481.9775   18.9862
    7.5000  -30.0000  -37.5000 8071.2163   18.9595
   -7.5000  -22.5000  -37.5000 9082.7930   18.5517
    0.0000  -22.5000  -37.5000 9525.1270   18.5387
    7.5000  -22.5000  -37.5000 9046.4336   18.5172
   -7.5000  -15.0000  -37.500010114.6660   18.3140
    0.0000  -15.0000  -37.500010593.0449   18.3051
    7.5000  -15.0000  -37.500010065.9512   18.2932
   -7.5000   -7.5000  -37.500011153.5352   18.2214
    0.0000   -7.5000  -37.500011697.8369   18.2198
    7.5000   -7.5000  -37.500011127.6875   18.2120
   -7.5000    0.0000  -37.500012219.3984   18.1650
    0.0000    0.0000  -37.500012807.8340   18.1682
    7.5000    0.0000  -37.500012189.3203   18.1566
   -7.5000    7.5000  -37.500012340.1357   18.1570
    0.0000    7.5000  -37.500012930.9600   18.1567
    7.5000    7.5000  -37.500012308.8652   18.1375
   -7.5000   15.0000  -37.500012313.1641   18.1793
    0.0000   15.0000  -37.500012859.9189   18.1711
    7.5000   15.0000  -37.500012258.0205   18.1476
   -7.5000   22.5000  -37.500012113.8330   18.2077
    0.0000   22.5000  -37.500012678.4697   18.1960
    7.5000   22.5000  -37.500012065.5225   18.1768
   -7.5000   30.0000  -37.500011740.8564   17.9833
    0.0000   30.0000  -37.500012331.5088   17.9749
    7.5000   30.0000  -37.500011701.1377   17.9641
   -7.5000   37.5000  -37.500011685.1514   17.9550
    0.0000   37.5000  -37.500012268.5557   17.9536
    7.5000   37.5000  -37.500011636.7979   17.9460
   -7.5000   45.0000  -37.500011157.2900   17.4679
    0.0000   45.0000  -37.500011748.0869   17.4709
    7.5000   45.0000  -37.500011115.5479   17.4598
   -7.5000  -45.0000  -30.0000 7016.4800   21.3800
    0.0000  -45.0000  -30.0000 7320.0415   21.3749
    7.5000  -45.0000  -30.0000 7006.2856   21.3429
   -7.5000  -37.5000  -30.0000 7620.0059   20.5112
    0.0000  -37.5000  -30.0000 7957.0229   20.5002
    7.5000  -37.5000  -30.0000 7583.6616   20.4623
   -7.5000  -30.0000  -30.0000 8581.1426   19.8523
    0.0000  -30.0000  -30.0000 8987.0039   19.8402
    7.5000  -30.0000  -30.0000 8527.8857   19.8041
   -7.5000  -22.5000  -30.0000 9610.5957   19.3761
    0.0000  -22.5000  -30.000010086.2822   19.3679
    7.5000  -22.5000  -30.0000 9570.8047   19.3405
   -7.5000  -15.0000  -30.000010722.3643   19.1298
    0.0000  -15.0000  -30.000011239.5449   19.1269
    7.5000  -15.0000  -30.000010680.9355   19.1102
   -7.5000   -7.5000  -30.000011816.9316   19.0464
    0.0000   -7.5000  -30.000012399.6875   19.0449
    7.5000   -7.5000  -30.000011807.5322   19.0298
   -7.5000    0.0000  -30.000012940.2998   18.9986
    0.0000    0.0000  -30.000013574.0654   18.9951
    7.5000    0.0000  -30.000012931.5068   18.9735
   -7.5000    7.5000  -30.000013095.8438   18.9842
    0.0000    7.5000  -30.000013753.0078   18.9768
    7.5000    7.5000  -30.000013055.6611   18.9475
   -7.5000   15.0000  -30.000013047.3008   18.9935
    0.0000   15.0000  -30.000013661.2852   18.9838
    7.5000   15.0000  -30.000013001.8770   18.9517
   -7.5000   22.5000  -30.000012852.4297   19.0127
    0.0000   22.5000  -30.000013468.3203   19.0058
    7.5000   22.5000  -30.000012803.2441   18.9809
   -7.5000   30.0000  -30.000012465.5059   18.7850
    0.0000   30.0000  -30.000013078.9199   18.7825
    7.5000   30.0000  -30.000012428.4346   18.7671
   -7.5000   37.5000  -30.000012397.7139   18.7698
    0.0000   37.5000  -30.000013025.2031   18.7685
    7.5000   37.5000  -30.000012367.6631   18.7537
   -7.5000   45.0000  -30.000011831.7695   18.2828
    0.0000   45.0000  -30.000012450.4307   18.2794
    7.5000   45.0000  -30.000011803.3809   18.2587
   -7.5000  -45.0000  -22.5000 7337.8286   22.1173
    0.0000  -45.0000  -22.5000 7652.4429   22.1035
    7.5000  -45.0000  -22.5000 7324.7144   22.0665
   -7.5000  -37.5000  -22.5000 8006.8232   21.2365
    0.0000  -37.5000  -22.5000 8355.4268   21.2188
    7.5000  -37.5000  -22.5000 7962.9663   21.1740
   -7.5000  -30.0000  -22.5000 9035.5420   20.5597
    0.0000  -30.0000  -22.5000 9449.8955   20.5437
    7.5000  -30.0000  -22.5000 8973.2109   20.5026
   -7.5000  -22.5000  -22.500010133.0898   20.0523
    0.0000  -22.5000  -22.500010611.6367   20.0425
    7.5000  -22.5000  -22.500010086.5986   20.0128
   -7.5000  -15.0000  -22.500011284.0811   19.7846
    0.0000  -15.0000  -22.500011843.1582   19.7798
    7.5000  -15.0000  -22.500011283.2129   19.7626
   -7.5000   -7.5000  -22.500012477.5361   19.6986
    0.0000   -7.5000  -22.500013093.6670   19.6927
    7.5000   -7.5000  -22.500012472.1396   19.6758
   -7.5000    0.0000  -22.500013633.7031   19.6602
    0.0000    0.0000  -22.500014322.0693   19.6505
    7.5000    0.0000  -22.500013624.5107   19.6249
   -7.5000    7.5000  -22.500013833.2305   19.6566
    0.0000    7.5000  -22.500014543.1592   19.6438
    7.5000    7.5000  -22.500013797.4248   19.6099
   -7.5000   15.0000  -22.500013779.9561   19.6679
    0.0000   15.0000  -22.500014446.7910   19.6550
    7.5000   15.0000  -22.500013763.3916   19.6187
   -7.5000   22.5000  -22.500013540.1953   19.6741
    0.0000   22.5000  -22.500014206.8486   19.6656
    7.5000   22.5000  -22.500013557.7949   19.6386
   -7.5000   30.0000  -22.500013153.8887   19.4300
    0.0000   30.0000  -22.500013815.7754   19.4257
    7.5000   30.0000  -22.500013183.1074   19.4099
   -7.5000   37.5000  -22.500013113.6982   19.4153
    0.0000   37.5000  -22.500013805.5039   19.4097
    7.5000   37.5000  -22.500013140.1094   19.3930
   -7.5000   45.0000  -22.500012503.9053   18.9338
    0.0000   45.0000  -22.500013190.4160   18.9244
    7.5000   45.0000  -22.500012546.0400   18.8998
   -7.5000  -45.0000  -15.0000 7633.5132   22.5776
    0.0000  -45.0000  -15.0000 7972.4932   22.5620
    7.5000  -45.0000  -15.0000 7640.7163   22.5298
   -7.5000  -37.5000  -15.0000 8347.2002   21.6963
    0.0000  -37.5000  -15.0000 8721.1182   21.6795
    7.5000  -37.5000  -15.0000 8323.2393   21.6382
   -7.5000  -30.0000  -15.0000 9441.5801   21.0233
    0.0000  -30.0000  -15.0000 9867.0088   21.0062
    7.5000  -30.0000  -15.0000 9376.4268   20.9680
   -7.5000  -22.5000  -15.000010593.4639   20.5030
    0.0000  -22.5000  -15.000011085.2891   20.4874
    7.5000  -22.5000  -15.000010549.4531   20.4599
   -7.5000  -15.0000  -15.000011806.6787   20.2164
    0.0000  -15.0000  -15.000012380.3486   20.2039
    7.5000  -15.0000  -15.000011798.9395   20.1895
   -7.5000   -7.5000  -15.000013037.4805   20.1169
    0.0000   -7.5000  -15.000013696.2754   20.1058
    7.5000   -7.5000  -15.000013046.3438   20.0927
   -7.5000    0.0000  -15.000014251.3223   20.0776
    0.0000    0.0000  -15.000014975.4453   20.0674
    7.5000    0.0000  -15.000014267.9141   20.0460
   -7.5000    7.5000  -15.000014511.5820   20.0895
    0.0000    7.5000  -15.000015270.1143   20.0780
    7.5000    7.5000  -15.000014529.5850   20.0478
   -7.5000   15.0000  -15.000014536.0596   20.1147
    0.0000   15.0000  -15.000015258.8613   20.1004
    7.5000   15.0000  -15.000014568.0029   20.0671
   -7.5000   22.5000  -15.000014260.1025   20.1167
    0.0000   22.5000  -15.000014989.0059   20.1025
    7.5000   22.5000  -15.000014371.6768   20.0777
   -7.5000   30.0000  -15.000013833.7305   19.8570
    0.0000   30.0000  -15.000014542.2188   19.8453
    7.5000   30.0000  -15.000013959.4570   19.8321
   -7.5000   37.5000  -15.000013815.5635   19.8300
    0.0000   37.5000  -15.000014610.7871   19.8193
    7.5000   37.5000  -15.000013953.9395   19.8064
   -7.5000   45.0000  -15.000013175.2773   19.3474
    0.0000   45.0000  -15.000013967.9756   19.3375
    7.5000   45.0000  -15.000013307.8604   19.3170
   -7.5000  -45.0000   -7.5000 7946.1309   22.7601
    0.0000  -45.0000   -7.5000 8301.9346   22.7537
    7.5000  -45.0000   -7.5000 7967.7285   22.7334
   -7.5000  -37.5000   -7.5000 8692.6426   21.8717
    0.0000  -37.5000   -7.5000 9057.7432   21.8636
    7.5000  -37.5000   -7.5000 8673.3623   21.8336
   -7.5000  -30.0000   -7.5000 9839.0068   21.2085
    0.0000  -30.0000   -7.500010258.2393   21.1933
    7.5000  -30.0000   -7.5000 9787.1592   21.1634
   -7.5000  -22.5000   -7.500011028.9141   20.6984
    0.0000  -22.5000   -7.500011526.0732   20.6771
    7.5000  -22.5000   -7.500010992.9316   20.6543
   -7.5000  -15.0000   -7.500012285.1123   20.4091
    0.0000  -15.0000   -7.500012868.0840   20.3900
    7.5000  -15.0000   -7.500012291.1699   20.3800
   -7.5000   -7.5000   -7.500013568.8711   20.2941
    0.0000   -7.5000   -7.500014260.8496   20.2832
    7.5000   -7.5000   -7.500013613.7275   20.2779
   -7.5000    0.0000   -7.500014850.7227   20.2411
    0.0000    0.0000   -7.500015617.1055   20.2385
    7.5000    0.0000   -7.500014921.5000   20.2277
   -7.5000    7.5000   -7.500015225.2607   20.2578
    0.0000    7.5000   -7.500016055.5723   20.2540
    7.5000    7.5000   -7.500015285.8896   20.2337
   -7.5000   15.0000   -7.500015415.8223   20.2978
    0.0000   15.0000   -7.500016309.9238   20.2845
    7.5000   15.0000   -7.500015521.2471   20.2586
   -7.5000   22.5000   -7.500015273.8848   20.3085
    0.0000   22.5000   -7.500016193.7861   20.2887
    7.5000   22.5000   -7.500015493.0752   20.2685
   -7.5000   30.0000   -7.500014754.8887   20.0470
    0.0000   30.0000   -7.500015628.1709   20.0287
    7.5000   30.0000   -7.500014965.8984   20.0198
   -7.5000   37.5000   -7.500014678.1553   20.0041
    0.0000   37.5000   -7.500015610.4023   19.9936
    7.5000   37.5000   -7.500014833.6396   19.9885
   -7.5000   45.0000   -7.500014007.3691   19.5086
    0.0000   45.0000   -7.500014886.8652   19.5061
    7.5000   45.0000   -7.500014035.1582   19.4957
   -7.5000  -45.0000    0.0000 8109.3696   22.7926
    0.0000  -45.0000    0.0000 8466.3037   22.7962
    7.5000  -45.0000    0.0000 8139.8750   22.7817
   -7.5000  -37.5000    0.0000 8891.2773   21.8868
    0.0000  -37.5000    0.0000 9262.6943   21.8861
    7.5000  -37.5000    0.0000 8880.9971   21.8629
   -7.5000  -30.0000    0.000010101.3164   21.2209
    0.0000  -30.0000    0.000010547.7422   21.2088
    7.5000  -30.0000    0.000010109.8955   21.1835
   -7.5000  -22.5000    0.000011339.6572   20.7247
    0.0000  -22.5000    0.000011861.7041   20.7034
    7.5000  -22.5000    0.000011389.3691   20.6830
   -7.5000  -15.0000    0.000012634.3291   20.4461
    0.0000  -15.0000    0.000013279.6504   20.4278
    7.5000  -15.0000    0.000012763.0859   20.4191
   -7.5000   -7.5000    0.000013990.0078   20.3285
    0.0000   -7.5000    0.000014749.3838   20.3224
    7.5000   -7.5000    0.000014146.3574   20.3203
   -7.5000    0.0000    0.000015406.7354   20.2636
    0.0000    0.0000    0.000016218.7959   20.2686
    7.5000    0.0000    0.000015501.0547   20.2630
   -7.5000    7.5000    0.000015934.1963   20.2712
    0.0000    7.5000    0.000016900.4551   20.2733
    7.5000    7.5000    0.000015905.3545   20.2582
   -7.5000   15.0000    0.000016359.7090   20.3122
    0.0000   15.0000    0.000017607.6426   20.3013
    7.5000   15.0000    0.000016292.8125   20.2795
   -7.5000   22.5000    0.000016422.5645   20.3354
    0.0000   22.5000    0.000017674.4180   20.3156
    7.5000   22.5000    0.000016340.3535   20.2976
   -7.5000   30.0000    0.000015858.1816   20.0848
    0.0000   30.0000    0.000016813.9863   20.0674
    7.5000   30.0000    0.000015697.5986   20.0597
   -7.5000   37.5000    0.000015579.5234   20.0388
    0.0000   37.5000    0.000016471.8691   20.0331
    7.5000   37.5000    0.000015393.2783   20.0310
   -7.5000   45.0000    0.000014725.4971   19.5317
    0.0000   45.0000    0.000015594.9707   19.5366
    7.5000   45.0000    0.000014530.2178   19.5312
   -7.5000  -45.0000    7.5000 7682.1260   22.8730
    0.0000  -45.0000    7.5000 8038.5947   22.8761
    7.5000  -45.0000    7.5000 7717.7974   22.8532
   -7.5000  -37.5000    7.5000 8447.9287   21.9452
    0.0000  -37.5000    7.5000 8849.4561   21.9422
    7.5000  -37.5000    7.5000 8492.7246   21.9131
   -7.5000  -30.0000    7.5000 9629.6797   21.2567
    0.0000  -30.0000    7.500010094.7510   21.2460
    7.5000  -30.0000    7.5000 9676.4150   21.2162
   -7.5000  -22.5000    7.500010815.5723   20.7598
    0.0000  -22.5000    7.500011380.9795   20.7453
    7.5000  -22.5000    7.500010898.1230   20.7213
   -7.5000  -15.0000    7.500012118.9160   20.4939
    0.0000  -15.0000    7.500012764.1523   20.4839
    7.5000  -15.0000    7.500012192.0674   20.4706
   -7.5000   -7.5000    7.500013494.2861   20.3903
    0.0000   -7.5000    7.500014232.9092   20.3884
    7.5000   -7.5000    7.500013524.1631   20.3797
   -7.5000    0.0000    7.500014900.2256   20.3272
    0.0000    0.0000    7.500015719.5000   20.3307
    7.5000    0.0000    7.500014834.5322   20.3178
   -7.5000    7.5000    7.500015316.3232   20.3182
    0.0000    7.5000    7.500016340.8369   20.3179
    7.5000    7.5000    7.500015203.7734   20.2963
   -7.5000   15.0000    7.500015591.2822   20.3432
    0.0000   15.0000    7.500016885.7129   20.3340
    7.5000   15.0000    7.500015477.5117   20.3076
   -7.5000   22.5000    7.500015599.9912   20.3683
    0.0000   22.5000    7.500016692.0801   20.3552
    7.5000   22.5000    7.500015291.7275   20.3338
   -7.5000   30.0000    7.500015109.5127   20.1316
    0.0000   30.0000    7.500015965.9297   20.1222
    7.5000   30.0000    7.500014706.8623   20.1101
   -7.5000   37.5000    7.500014911.7676   20.1000
    0.0000   37.5000    7.500015792.5752   20.0983
    7.5000   37.5000    7.500014588.3574   20.0898
   -7.5000   45.0000    7.500014061.7559   19.5931
    0.0000   45.0000    7.500014991.7695   19.5965
    7.5000   45.0000    7.500013864.5498   19.5840
   -7.5000  -45.0000   15.0000 7132.4473   22.9842
    0.0000  -45.0000   15.0000 7523.0010   22.9792
    7.5000  -45.0000   15.0000 7151.6079   22.9450
   -7.5000  -37.5000   15.0000 7920.0503   22.0512
    0.0000  -37.5000   15.0000 8365.3018   22.0400
    7.5000  -37.5000   15.0000 7915.4824   21.9995
   -7.5000  -30.0000   15.0000 9081.1719   21.3439
    0.0000  -30.0000   15.0000 9610.7764   21.3315
    7.5000  -30.0000   15.0000 9051.2031   21.2929
   -7.5000  -22.5000   15.000010248.8320   20.8310
    0.0000  -22.5000   15.000010831.5098   20.8228
    7.5000  -22.5000   15.000010206.1689   20.7935
   -7.5000  -15.0000   15.000011485.6211   20.5657
    0.0000  -15.0000   15.000012137.5176   20.5630
    7.5000  -15.0000   15.000011438.8574   20.5454
   -7.5000   -7.5000   15.000012754.7070   20.4760
    0.0000   -7.5000   15.000013491.3467   20.4748
    7.5000   -7.5000   15.000012718.9014   20.4589
   -7.5000    0.0000   15.000013980.3135   20.4248
    0.0000    0.0000   15.000014768.8047   20.4215
    7.5000    0.0000   15.000013920.9990   20.3986
   -7.5000    7.5000   15.000014184.6250   20.4095
    0.0000    7.5000   15.000015162.3701   20.4021
    7.5000    7.5000   15.000014232.9170   20.3709
   -7.5000   15.0000   15.000014288.1904   20.4196
    0.0000   15.0000   15.000015408.1816   20.4097
    7.5000   15.0000   15.000014395.7383   20.3754
   -7.5000   22.5000   15.000014188.7285   20.4354
    0.0000   22.5000   15.000015101.7939   20.4285
    7.5000   22.5000   15.000014116.9443   20.4020
   -7.5000   30.0000   15.000013799.6162   20.2008
    0.0000   30.0000   15.000014578.5498   20.1986
    7.5000   30.0000   15.000013675.0000   20.1823
   -7.5000   37.5000   15.000013749.8984   20.1845
    0.0000   37.5000   15.000014612.9678   20.1836
    7.5000   37.5000   15.000013693.3574   20.1680
   -7.5000   45.0000   15.000013106.3145   19.6871
    0.0000   45.0000   15.000013989.7461   19.6840
    7.5000   45.0000   15.000013074.1279   19.6619
   -7.5000  -45.0000   22.5000 6518.1836   23.1888
    0.0000  -45.0000   22.5000 6878.1309   23.1754
    7.5000  -45.0000   22.5000 6500.7349   23.1377
   -7.5000  -37.5000   22.5000 7278.9331   22.2655
    0.0000  -37.5000   22.5000 7716.4316   22.2479
    7.5000  -37.5000   22.5000 7233.9043   22.2019
   -7.5000  -30.0000   22.5000 8369.2588   21.5573
    0.0000  -30.0000   22.5000 8886.3857   21.5415
    7.5000  -30.0000   22.5000 8320.5596   21.4992
   -7.5000  -22.5000   22.5000 9441.6699   21.0195
    0.0000  -22.5000   22.500010012.6055   21.0103
    7.5000  -22.5000   22.5000 9408.7881   20.9801
   -7.5000  -15.0000   22.500010549.3379   20.7362
    0.0000  -15.0000   22.500011188.7568   20.7323
    7.5000  -15.0000   22.500010554.5479   20.7155
   -7.5000   -7.5000   22.500011691.5527   20.6461
    0.0000   -7.5000   22.500012350.3936   20.6410
    7.5000   -7.5000   22.500011712.0508   20.6244
   -7.5000    0.0000   22.500012793.3789   20.6062
    0.0000    0.0000   22.500013491.8447   20.5971
    7.5000    0.0000   22.500012835.8594   20.5713
   -7.5000    7.5000   22.500012970.9668   20.6023
    0.0000    7.5000   22.500013812.6299   20.5898
    7.5000    7.5000   22.500013136.1201   20.5551
   -7.5000   15.0000   22.500013048.8213   20.6135
    0.0000   15.0000   22.500013925.1660   20.6008
    7.5000   15.0000   22.500013236.3047   20.5637
   -7.5000   22.5000   22.500012927.3838   20.6162
    0.0000   22.5000   22.500013640.5439   20.6083
    7.5000   22.5000   22.500012933.1699   20.5810
   -7.5000   30.0000   22.500012587.6875   20.3664
    0.0000   30.0000   22.500013251.4443   20.3631
    7.5000   30.0000   22.500012583.9551   20.3477
   -7.5000   37.5000   22.500012604.7705   20.3517
    0.0000   37.5000   22.500013317.6484   20.3470
    7.5000   37.5000   22.500012653.3916   20.3307
   -7.5000   45.0000   22.500012056.2227   19.8620
    0.0000   45.0000   22.500012770.2568   19.8532
    7.5000   45.0000   22.500012107.8340   19.8284
   -7.5000  -45.0000   30.0000 5890.7969   23.7114
    0.0000  -45.0000   30.0000 6228.5620   23.6967
    7.5000  -45.0000   30.0000 5895.5703   23.6643
   -7.5000  -37.5000   30.0000 6591.1606   22.7710
    0.0000  -37.5000   30.0000 6974.6631   22.7554
    7.5000  -37.5000   30.0000 6596.7437   22.7129
   -7.5000  -30.0000   30.0000 7594.8257   22.0550
    0.0000  -30.0000   30.0000 8042.4458   22.0389
    7.5000  -30.0000   30.0000 7607.0088   21.9996
   -7.5000  -22.5000   30.0000 8601.4111   21.4911
    0.0000  -22.5000   30.0000 9094.7402   21.4763
    7.5000  -22.5000   30.0000 8630.4336   21.4487
   -7.5000  -15.0000   30.0000 9618.7734   21.1804
    0.0000  -15.0000   30.000010143.7588   21.1685
    7.5000  -15.0000   30.0000 9669.8408   21.1555
   -7.5000   -7.5000   30.000010659.3545   21.0746
    0.0000   -7.5000   30.000011207.8652   21.0644
    7.5000   -7.5000   30.000010729.6650   21.0528
   -7.5000    0.0000   30.000011703.4062   21.0342
    0.0000    0.0000   30.000012306.0371   21.0252
    7.5000    0.0000   30.000011788.4326   21.0045
   -7.5000    7.5000   30.000011918.1240   21.0467
    0.0000    7.5000   30.000012598.3984   21.0366
    7.5000    7.5000   30.000012066.1328   21.0062
   -7.5000   15.0000   30.000011970.2812   21.0722
    0.0000   15.0000   30.000012639.9561   21.0589
    7.5000   15.0000   30.000012098.5449   21.0249
   -7.5000   22.5000   30.000011835.9844   21.0707
    0.0000   22.5000   30.000012403.6436   21.0572
    7.5000   22.5000   30.000011857.3682   21.0326
   -7.5000   30.0000   30.000011526.2207   20.8004
    0.0000   30.0000   30.000012070.2500   20.7894
    7.5000   30.0000   30.000011538.8770   20.7776
   -7.5000   37.5000   30.000011561.0459   20.7731
    0.0000   37.5000   30.000012143.8115   20.7634
    7.5000   37.5000   30.000011592.5059   20.7519
   -7.5000   45.0000   30.000011099.3467   20.2746
    0.0000   45.0000   30.000011667.5859   20.2659
    7.5000   45.0000   30.000011136.7969   20.2459
   -7.5000  -45.0000   37.5000 5603.3892   24.6214
    0.0000  -45.0000   37.5000 5925.2622   24.6157
    7.5000  -45.0000   37.5000 5633.7676   24.5980
   -7.5000  -37.5000   37.5000 6262.3374   23.6168
    0.0000  -37.5000   37.5000 6610.0757   23.6101
    7.5000  -37.5000   37.5000 6299.5747   23.5806
   -7.5000  -30.0000   37.5000 7234.6655   22.8717
    0.0000  -30.0000   37.5000 7622.5386   22.8576
    7.5000  -30.0000   37.5000 7267.5713   22.8273
   -7.5000  -22.5000   37.5000 8211.4697   22.2863
    0.0000  -22.5000   37.5000 8642.9395   22.2648
    7.5000  -22.5000   37.5000 8262.8799   22.2424
   -7.5000  -15.0000   37.5000 9215.0225   21.9489
    0.0000  -15.0000   37.5000 9678.7500   21.9291
    7.5000  -15.0000   37.5000 9275.2793   21.9218
   -7.5000   -7.5000   37.500010214.9443   21.8153
    0.0000   -7.5000   37.500010707.7324   21.8048
    7.5000   -7.5000   37.500010274.9580   21.8036
   -7.5000    0.0000   37.500011233.4238   21.7568
    0.0000    0.0000   37.500011791.5322   21.7560
    7.5000    0.0000   37.500011330.8008   21.7486
   -7.5000    7.5000   37.500011439.5371   21.7793
    0.0000    7.5000   37.500012063.7568   21.7774
    7.5000    7.5000   37.500011579.1660   21.7589
   -7.5000   15.0000   37.500011464.1006   21.8258
    0.0000   15.0000   37.500012043.3789   21.8137
    7.5000   15.0000   37.500011562.8379   21.7881
   -7.5000   22.5000   37.500011333.2812   21.8367
    0.0000   22.5000   37.500011854.2080   21.8168
    7.5000   22.5000   37.500011363.2822   21.7972
   -7.5000   30.0000   37.500011034.5508   21.5524
    0.0000   30.0000   37.500011562.2246   21.5336
    7.5000   30.0000   37.500011069.5312   21.5274
   -7.5000   37.5000   37.500011086.6768   21.5021
    0.0000   37.5000   37.500011636.9717   21.4921
    7.5000   37.5000   37.500011125.3057   21.4909
   -7.5000   45.0000   37.500010676.1533   20.9711
    0.0000   45.0000   37.500011207.5850   20.9702
    7.5000   45.0000   37.500010711.7061   20.9631
   -7.5000  -45.0000   45.0000 5121.5493   25.6684
    0.0000  -45.0000   45.0000 5416.9102   25.6814
    7.5000  -45.0000   45.0000 5161.1606   25.6686
   -7.5000  -37.5000   45.0000 5723.7920   24.5942
    0.0000  -37.5000   45.0000 6047.5400   24.6038
    7.5000  -37.5000   45.0000 5762.9409   24.5799
   -7.5000  -30.0000   45.0000 6629.9160   23.7907
    0.0000  -30.0000   45.0000 6976.0444   23.7874
    7.5000  -30.0000   45.0000 6649.5034   23.7603
   -7.5000  -22.5000   45.0000 7534.8433   23.1727
    0.0000  -22.5000   45.0000 7900.5391   23.1564
    7.5000  -22.5000   45.0000 7564.4136   23.1351
   -7.5000  -15.0000   45.0000 8439.4951   22.8081
    0.0000  -15.0000   45.0000 8853.8906   22.7935
    7.5000  -15.0000   45.0000 8486.9238   22.7872
   -7.5000   -7.5000   45.0000 9371.9502   22.6566
    0.0000   -7.5000   45.0000 9846.7627   22.6563
    7.5000   -7.5000   45.0000 9443.4404   22.6586
   -7.5000    0.0000   45.000010317.2871   22.5854
    0.0000    0.0000   45.000010860.1475   22.5992
    7.5000    0.0000   45.000010422.1768   22.5972
   -7.5000    7.5000   45.000010531.7773   22.6078
    0.0000    7.5000   45.000011077.1807   22.6199
    7.5000    7.5000   45.000010623.4678   22.6059
   -7.5000   15.0000   45.000010539.7344   22.6637
    0.0000   15.0000   45.000011053.9883   22.6611
    7.5000   15.0000   45.000010590.7988   22.6384
   -7.5000   22.5000   45.000010404.6729   22.6853
    0.0000   22.5000   45.000010900.5283   22.6705
    7.5000   22.5000   45.000010429.3662   22.6522
   -7.5000   30.0000   45.000010147.8584   22.3900
    0.0000   30.0000   45.000010665.0918   22.3763
    7.5000   30.0000   45.000010180.1836   22.3711
   -7.5000   37.5000   45.000010197.3184   22.3282
    0.0000   37.5000   45.000010723.4844   22.3282
    7.5000   37.5000   45.000010238.7090   22.3305
   -7.5000   45.0000   45.0000 9820.2578   21.7796
    0.0000   45.0000   45.000010316.2861   21.7929
    7.5000   45.0000   45.0000 9855.0732   21.7909

---------------------------------------------------------------------
imgreg_4dfp /opt/freesurfer/average/711-2C_as_mni_average_305 /opt/freesurfer/average/711-2B_as_mni_average_305_mask talsrcimg_g11 none talsrcimg_to_711-2C_as_mni_average_305_t4 4355
---------------------------------------------------------------------

freesurfer imgreg_4dfp.c
/opt/freesurfer/average/711-2C_as_mni_average_305.4dfp.img
       256       256       256         1
  1.000000  1.000000  1.000000
orientation T byte_order littleendian
Reading image: /opt/freesurfer/average/711-2C_as_mni_average_305.4dfp.img
dimensions:      256       256       256
mmppix:       1.0000   -1.0000   -1.0000
center:     128.0000 -129.0000 -129.0000
/opt/freesurfer/average/711-2B_as_mni_average_305_mask.4dfp.img
       256       256       256         1
  1.000000  1.000000  1.000000
orientation T byte_order littleendian
Reading mask: /opt/freesurfer/average/711-2B_as_mni_average_305_mask.4dfp.img (2306576 pixels)
talsrcimg_g11.4dfp.img
       256       256       256         1
  1.000000  1.000000  1.000000
orientation T byte_order littleendian
Reading image: talsrcimg_g11.4dfp.img
dimensions:      256       256       256
mmppix:       1.0000   -1.0000   -1.0000
center:     128.0000 -129.0000 -129.0000
rotation matrix determinant  1.000000
image alignment mode   4355 decimal     1103 hex
   -7.5000  -22.5000  -45.0000 2208.2402   22.7274
    0.0000  -22.5000  -45.0000 2215.5029   22.7850
    7.5000  -22.5000  -45.0000 2198.9688   22.8262
   -7.5000  -15.0000  -45.0000 2301.3218   20.7563
    0.0000  -15.0000  -45.0000 2309.0688   20.7908
    7.5000  -15.0000  -45.0000 2291.7217   20.7939
   -7.5000   -7.5000  -45.0000 2382.5667   19.2295
    0.0000   -7.5000  -45.0000 2393.2297   19.2276
    7.5000   -7.5000  -45.0000 2372.4578   19.2689
   -7.5000    0.0000  -45.0000 2438.1140   18.0584
    0.0000    0.0000  -45.0000 2447.5510   18.0695
    7.5000    0.0000  -45.0000 2428.1250   18.1250
   -7.5000    7.5000  -45.0000 2469.2517   17.3323
    0.0000    7.5000  -45.0000 2480.2488   17.3250
    7.5000    7.5000  -45.0000 2460.6348   17.4297
   -7.5000   15.0000  -45.0000 2483.3079   17.0089
    0.0000   15.0000  -45.0000 2492.3723   16.9655
    7.5000   15.0000  -45.0000 2468.1213   17.0537
   -7.5000   22.5000  -45.0000 2491.8335   16.8804
    0.0000   22.5000  -45.0000 2501.1206   16.7972
    7.5000   22.5000  -45.0000 2477.7178   16.9240
   -7.5000   30.0000  -45.0000 2487.8005   16.9790
    0.0000   30.0000  -45.0000 2510.3162   16.9054
    7.5000   30.0000  -45.0000 2481.1831   17.0041
   -7.5000   37.5000  -45.0000 2470.0173   17.3178
    0.0000   37.5000  -45.0000 2491.7561   17.2653
    7.5000   37.5000  -45.0000 2467.3689   17.3419
   -7.5000   45.0000  -45.0000 2440.9148   17.9466
    0.0000   45.0000  -45.0000 2464.5806   17.9156
    7.5000   45.0000  -45.0000 2435.8081   17.9515
   -7.5000   52.5000  -45.0000 2369.4834   18.7894
    0.0000   52.5000  -45.0000 2389.8674   18.7502
    7.5000   52.5000  -45.0000 2361.3232   18.7378
   -7.5000   60.0000  -45.0000 2246.4551   19.7195
    0.0000   60.0000  -45.0000 2262.4683   19.6815
    7.5000   60.0000  -45.0000 2238.0376   19.6229
   -7.5000   67.5000  -45.0000 2089.7585   20.7018
    0.0000   67.5000  -45.0000 2101.1274   20.6355
    7.5000   67.5000  -45.0000 2079.4795   20.6159
   -7.5000  -22.5000  -37.5000 2267.3838   21.8019
    0.0000  -22.5000  -37.5000 2281.3071   21.8831
    7.5000  -22.5000  -37.5000 2256.1274   21.8904
   -7.5000  -15.0000  -37.5000 2372.9526   19.8957
    0.0000  -15.0000  -37.5000 2382.6775   19.9273
    7.5000  -15.0000  -37.5000 2355.9844   19.9430
   -7.5000   -7.5000  -37.5000 2453.4507   18.3648
    0.0000   -7.5000  -37.5000 2467.9431   18.3228
    7.5000   -7.5000  -37.5000 2441.5474   18.3655
   -7.5000    0.0000  -37.5000 2520.0889   17.1781
    0.0000    0.0000  -37.5000 2533.2493   17.1352
    7.5000    0.0000  -37.5000 2508.2227   17.1917
   -7.5000    7.5000  -37.5000 2545.9238   16.3837
    0.0000    7.5000  -37.5000 2554.5913   16.3295
    7.5000    7.5000  -37.5000 2538.6389   16.4071
   -7.5000   15.0000  -37.5000 2567.9062   15.9695
    0.0000   15.0000  -37.5000 2578.4871   15.9085
    7.5000   15.0000  -37.5000 2558.9595   15.9968
   -7.5000   22.5000  -37.5000 2577.3567   15.8356
    0.0000   22.5000  -37.5000 2585.3562   15.7864
    7.5000   22.5000  -37.5000 2569.0320   15.8948
   -7.5000   30.0000  -37.5000 2574.8816   15.9413
    0.0000   30.0000  -37.5000 2595.9868   15.8823
    7.5000   30.0000  -37.5000 2569.2852   15.9937
   -7.5000   37.5000  -37.5000 2561.6294   16.2732
    0.0000   37.5000  -37.5000 2579.9573   16.1849
    7.5000   37.5000  -37.5000 2556.9631   16.3035
   -7.5000   45.0000  -37.5000 2527.0571   16.8659
    0.0000   45.0000  -37.5000 2556.8787   16.7937
    7.5000   45.0000  -37.5000 2529.9783   16.8550
   -7.5000   52.5000  -37.5000 2458.2979   17.5635
    0.0000   52.5000  -37.5000 2484.1516   17.5340
    7.5000   52.5000  -37.5000 2454.7019   17.5707
   -7.5000   60.0000  -37.5000 2332.2554   18.4081
    0.0000   60.0000  -37.5000 2354.0264   18.3654
    7.5000   60.0000  -37.5000 2328.4211   18.3700
   -7.5000   67.5000  -37.5000 2169.3735   19.3018
    0.0000   67.5000  -37.5000 2187.9153   19.2578
    7.5000   67.5000  -37.5000 2166.4438   19.2567
   -7.5000  -22.5000  -30.0000 2355.9043   21.7352
    0.0000  -22.5000  -30.0000 2369.3899   21.8019
    7.5000  -22.5000  -30.0000 2344.0837   21.8589
   -7.5000  -15.0000  -30.0000 2465.7178   19.7817
    0.0000  -15.0000  -30.0000 2479.6042   19.7939
    7.5000  -15.0000  -30.0000 2452.0959   19.8773
   -7.5000   -7.5000  -30.0000 2547.6863   18.1618
    0.0000   -7.5000  -30.0000 2562.7219   18.1067
    7.5000   -7.5000  -30.0000 2541.0503   18.2143
   -7.5000    0.0000  -30.0000 2621.1091   16.9244
    0.0000    0.0000  -30.0000 2631.9558   16.8437
    7.5000    0.0000  -30.0000 2613.8667   16.9104
   -7.5000    7.5000  -30.0000 2664.8984   16.0456
    0.0000    7.5000  -30.0000 2675.3713   16.0057
    7.5000    7.5000  -30.0000 2654.9785   16.0528
   -7.5000   15.0000  -30.0000 2686.2480   15.5193
    0.0000   15.0000  -30.0000 2700.9722   15.4744
    7.5000   15.0000  -30.0000 2680.5420   15.5935
   -7.5000   22.5000  -30.0000 2704.1689   15.3524
    0.0000   22.5000  -30.0000 2716.3157   15.3223
    7.5000   22.5000  -30.0000 2696.4915   15.4464
   -7.5000   30.0000  -30.0000 2705.4858   15.4906
    0.0000   30.0000  -30.0000 2720.4543   15.4169
    7.5000   30.0000  -30.0000 2700.2717   15.5626
   -7.5000   37.5000  -30.0000 2697.2058   15.8717
    0.0000   37.5000  -30.0000 2714.0945   15.7610
    7.5000   37.5000  -30.0000 2695.2136   15.9229
   -7.5000   45.0000  -30.0000 2663.6116   16.4685
    0.0000   45.0000  -30.0000 2688.5579   16.3687
    7.5000   45.0000  -30.0000 2667.2791   16.4842
   -7.5000   52.5000  -30.0000 2588.1768   17.1294
    0.0000   52.5000  -30.0000 2615.4028   17.0660
    7.5000   52.5000  -30.0000 2596.5054   17.1452
   -7.5000   60.0000  -30.0000 2456.0454   17.9375
    0.0000   60.0000  -30.0000 2480.0535   17.8471
    7.5000   60.0000  -30.0000 2462.0422   17.9142
   -7.5000   67.5000  -30.0000 2293.4114   18.8012
    0.0000   67.5000  -30.0000 2311.8599   18.7279
    7.5000   67.5000  -30.0000 2293.3101   18.7487
   -7.5000  -22.5000  -22.5000 2396.7078   21.5403
    0.0000  -22.5000  -22.5000 2410.3643   21.5691
    7.5000  -22.5000  -22.5000 2388.7097   21.6207
   -7.5000  -15.0000  -22.5000 2511.5862   19.5354
    0.0000  -15.0000  -22.5000 2529.5168   19.4952
    7.5000  -15.0000  -22.5000 2504.1455   19.5755
   -7.5000   -7.5000  -22.5000 2605.9661   17.8329
    0.0000   -7.5000  -22.5000 2620.3013   17.7641
    7.5000   -7.5000  -22.5000 2600.5710   17.8701
   -7.5000    0.0000  -22.5000 2679.7764   16.5343
    0.0000    0.0000  -22.5000 2698.2664   16.4536
    7.5000    0.0000  -22.5000 2675.8679   16.5611
   -7.5000    7.5000  -22.5000 2740.0581   15.5778
    0.0000    7.5000  -22.5000 2756.1013   15.5084
    7.5000    7.5000  -22.5000 2732.7026   15.6241
   -7.5000   15.0000  -22.5000 2771.3542   15.0288
    0.0000   15.0000  -22.5000 2789.6748   14.9496
    7.5000   15.0000  -22.5000 2766.8513   15.1363
   -7.5000   22.5000  -22.5000 2793.4336   14.7700
    0.0000   22.5000  -22.5000 2810.9595   14.7234
    7.5000   22.5000  -22.5000 2789.3843   14.9173
   -7.5000   30.0000  -22.5000 2798.4529   14.9015
    0.0000   30.0000  -22.5000 2814.6663   14.8207
    7.5000   30.0000  -22.5000 2799.3862   15.0137
   -7.5000   37.5000  -22.5000 2791.4497   15.3334
    0.0000   37.5000  -22.5000 2815.8467   15.2155
    7.5000   37.5000  -22.5000 2801.0120   15.4083
   -7.5000   45.0000  -22.5000 2759.5273   15.9427
    0.0000   45.0000  -22.5000 2787.8164   15.8225
    7.5000   45.0000  -22.5000 2776.0393   15.9947
   -7.5000   52.5000  -22.5000 2685.5808   16.6082
    0.0000   52.5000  -22.5000 2710.6638   16.5035
    7.5000   52.5000  -22.5000 2696.1025   16.6463
   -7.5000   60.0000  -22.5000 2550.1160   17.3735
    0.0000   60.0000  -22.5000 2570.5178   17.2553
    7.5000   60.0000  -22.5000 2553.5859   17.3758
   -7.5000   67.5000  -22.5000 2375.4788   18.1982
    0.0000   67.5000  -22.5000 2399.8196   18.0990
    7.5000   67.5000  -22.5000 2383.0469   18.1685
   -7.5000  -22.5000  -15.0000 2396.8694   21.3360
    0.0000  -22.5000  -15.0000 2410.5674   21.2854
    7.5000  -22.5000  -15.0000 2387.8066   21.4006
   -7.5000  -15.0000  -15.0000 2516.7217   19.2550
    0.0000  -15.0000  -15.0000 2536.0652   19.1480
    7.5000  -15.0000  -15.0000 2509.6086   19.3102
   -7.5000   -7.5000  -15.0000 2613.4199   17.5205
    0.0000   -7.5000  -15.0000 2633.4158   17.4383
    7.5000   -7.5000  -15.0000 2613.8977   17.5931
   -7.5000    0.0000  -15.0000 2687.1138   16.1708
    0.0000    0.0000  -15.0000 2711.3208   16.0923
    7.5000    0.0000  -15.0000 2695.8779   16.2348
   -7.5000    7.5000  -15.0000 2761.9224   15.2203
    0.0000    7.5000  -15.0000 2784.2336   15.1458
    7.5000    7.5000  -15.0000 2769.9639   15.3320
   -7.5000   15.0000  -15.0000 2806.3623   14.6991
    0.0000   15.0000  -15.0000 2826.7083   14.6033
    7.5000   15.0000  -15.0000 2812.7991   14.8626
   -7.5000   22.5000  -15.0000 2833.5713   14.3746
    0.0000   22.5000  -15.0000 2855.4946   14.2682
    7.5000   22.5000  -15.0000 2840.6445   14.6105
   -7.5000   30.0000  -15.0000 2842.6892   14.4285
    0.0000   30.0000  -15.0000 2860.6318   14.2713
    7.5000   30.0000  -15.0000 2855.3960   14.6420
   -7.5000   37.5000  -15.0000 2841.8723   14.8362
    0.0000   37.5000  -15.0000 2869.0125   14.7098
    7.5000   37.5000  -15.0000 2865.3667   15.0117
   -7.5000   45.0000  -15.0000 2813.2363   15.4224
    0.0000   45.0000  -15.0000 2843.2673   15.3173
    7.5000   45.0000  -15.0000 2842.0034   15.5611
   -7.5000   52.5000  -15.0000 2738.2214   16.0846
    0.0000   52.5000  -15.0000 2761.9092   15.9927
    7.5000   52.5000  -15.0000 2757.2354   16.1911
   -7.5000   60.0000  -15.0000 2599.4536   16.8272
    0.0000   60.0000  -15.0000 2620.3250   16.6913
    7.5000   60.0000  -15.0000 2615.6001   16.8859
   -7.5000   67.5000  -15.0000 2423.9333   17.6429
    0.0000   67.5000  -15.0000 2448.0339   17.5373
    7.5000   67.5000  -15.0000 2437.4895   17.7018
   -7.5000  -22.5000   -7.5000 2373.6638   21.2792
    0.0000  -22.5000   -7.5000 2387.4124   21.1010
    7.5000  -22.5000   -7.5000 2369.8296   21.3233
   -7.5000  -15.0000   -7.5000 2493.9502   19.0888
    0.0000  -15.0000   -7.5000 2509.7854   18.9360
    7.5000  -15.0000   -7.5000 2493.3689   19.1643
   -7.5000   -7.5000   -7.5000 2596.8137   17.3784
    0.0000   -7.5000   -7.5000 2613.4763   17.2358
    7.5000   -7.5000   -7.5000 2600.0415   17.4580
   -7.5000    0.0000   -7.5000 2675.0688   16.0501
    0.0000    0.0000   -7.5000 2699.9539   15.9051
    7.5000    0.0000   -7.5000 2692.7375   16.1418
   -7.5000    7.5000   -7.5000 2759.0540   15.1641
    0.0000    7.5000   -7.5000 2783.1116   15.0342
    7.5000    7.5000   -7.5000 2784.1641   15.2910
   -7.5000   15.0000   -7.5000 2820.2661   14.6605
    0.0000   15.0000   -7.5000 2847.9885   14.5558
    7.5000   15.0000   -7.5000 2847.7363   14.7866
   -7.5000   22.5000   -7.5000 2869.3154   14.3595
    0.0000   22.5000   -7.5000 2897.4243   14.2398
    7.5000   22.5000   -7.5000 2891.3633   14.5892
   -7.5000   30.0000   -7.5000 2878.7834   14.2463
    0.0000   30.0000   -7.5000 2896.0454   14.0809
    7.5000   30.0000   -7.5000 2901.2744   14.5359
   -7.5000   37.5000   -7.5000 2871.6777   14.4861
    0.0000   37.5000   -7.5000 2900.6228   14.3602
    7.5000   37.5000   -7.5000 2894.3298   14.6709
   -7.5000   45.0000   -7.5000 2847.3792   15.0426
    0.0000   45.0000   -7.5000 2876.9490   14.9011
    7.5000   45.0000   -7.5000 2866.5806   15.1127
   -7.5000   52.5000   -7.5000 2774.0911   15.7343
    0.0000   52.5000   -7.5000 2792.8762   15.5553
    7.5000   52.5000   -7.5000 2785.7603   15.7025
   -7.5000   60.0000   -7.5000 2635.7856   16.5253
    0.0000   60.0000   -7.5000 2651.4373   16.3090
    7.5000   60.0000   -7.5000 2642.3418   16.4574
   -7.5000   67.5000   -7.5000 2461.0659   17.3534
    0.0000   67.5000   -7.5000 2476.7437   17.1601
    7.5000   67.5000   -7.5000 2463.2183   17.2911
   -7.5000  -22.5000    0.0000 2333.5132   21.5677
    0.0000  -22.5000    0.0000 2348.7388   21.3557
    7.5000  -22.5000    0.0000 2343.1721   21.7642
   -7.5000  -15.0000    0.0000 2448.9688   19.3562
    0.0000  -15.0000    0.0000 2465.4600   19.1440
    7.5000  -15.0000    0.0000 2467.3003   19.5523
   -7.5000   -7.5000    0.0000 2556.7520   17.6591
    0.0000   -7.5000    0.0000 2577.0764   17.4657
    7.5000   -7.5000    0.0000 2581.6301   17.7945
   -7.5000    0.0000    0.0000 2653.3918   16.3728
    0.0000    0.0000    0.0000 2676.9224   16.1896
    7.5000    0.0000    0.0000 2684.3953   16.4606
   -7.5000    7.5000    0.0000 2748.8831   15.5419
    0.0000    7.5000    0.0000 2779.6399   15.3878
    7.5000    7.5000    0.0000 2781.7859   15.5704
   -7.5000   15.0000    0.0000 2832.3489   15.0168
    0.0000   15.0000    0.0000 2871.7861   14.9515
    7.5000   15.0000    0.0000 2859.9529   14.9650
   -7.5000   22.5000    0.0000 2897.4536   14.7052
    0.0000   22.5000    0.0000 2944.1516   14.6916
    7.5000   22.5000    0.0000 2913.2429   14.6666
   -7.5000   30.0000    0.0000 2913.8472   14.4749
    0.0000   30.0000    0.0000 2944.3474   14.3360
    7.5000   30.0000    0.0000 2925.9790   14.5232
   -7.5000   37.5000    0.0000 2885.3833   14.4560
    0.0000   37.5000    0.0000 2916.7361   14.2558
    7.5000   37.5000    0.0000 2902.3523   14.4959
   -7.5000   45.0000    0.0000 2853.1838   14.9155
    0.0000   45.0000    0.0000 2882.9946   14.6668
    7.5000   45.0000    0.0000 2865.0925   14.8544
   -7.5000   52.5000    0.0000 2775.6965   15.6209
    0.0000   52.5000    0.0000 2799.7085   15.4076
    7.5000   52.5000    0.0000 2785.5662   15.5452
   -7.5000   60.0000    0.0000 2644.9258   16.4375
    0.0000   60.0000    0.0000 2660.7163   16.2500
    7.5000   60.0000    0.0000 2643.4897   16.3146
   -7.5000   67.5000    0.0000 2471.8958   17.2700
    0.0000   67.5000    0.0000 2486.2729   17.1107
    7.5000   67.5000    0.0000 2469.4106   17.1371
   -7.5000  -22.5000    7.5000 2289.3853   22.3870
    0.0000  -22.5000    7.5000 2306.5322   22.1748
    7.5000  -22.5000    7.5000 2314.4312   22.6126
   -7.5000  -15.0000    7.5000 2407.0605   20.1778
    0.0000  -15.0000    7.5000 2424.0879   19.9761
    7.5000  -15.0000    7.5000 2433.9136   20.3058
   -7.5000   -7.5000    7.5000 2524.1682   18.5006
    0.0000   -7.5000    7.5000 2546.6025   18.3094
    7.5000   -7.5000    7.5000 2549.1543   18.4748
   -7.5000    0.0000    7.5000 2628.4717   17.2109
    0.0000    0.0000    7.5000 2651.5361   17.0434
    7.5000    0.0000    7.5000 2648.8530   17.1149
   -7.5000    7.5000    7.5000 2732.3040   16.2280
    0.0000    7.5000    7.5000 2762.2922   16.1374
    7.5000    7.5000    7.5000 2747.6260   16.1251
   -7.5000   15.0000    7.5000 2829.1912   15.5306
    0.0000   15.0000    7.5000 2873.2002   15.5721
    7.5000   15.0000    7.5000 2839.6868   15.4010
   -7.5000   22.5000    7.5000 2893.8596   15.0840
    0.0000   22.5000    7.5000 2949.0388   15.1051
    7.5000   22.5000    7.5000 2893.7839   14.9443
   -7.5000   30.0000    7.5000 2915.7358   14.8363
    0.0000   30.0000    7.5000 2949.1689   14.5939
    7.5000   30.0000    7.5000 2903.0681   14.5974
   -7.5000   37.5000    7.5000 2895.7935   14.8323
    0.0000   37.5000    7.5000 2928.8306   14.5608
    7.5000   37.5000    7.5000 2894.7310   14.6104
   -7.5000   45.0000    7.5000 2851.1111   15.1686
    0.0000   45.0000    7.5000 2891.6389   14.9880
    7.5000   45.0000    7.5000 2862.4062   15.0525
   -7.5000   52.5000    7.5000 2765.3918   15.7995
    0.0000   52.5000    7.5000 2794.9397   15.6577
    7.5000   52.5000    7.5000 2780.1475   15.7292
   -7.5000   60.0000    7.5000 2627.6008   16.5913
    0.0000   60.0000    7.5000 2647.5461   16.4365
    7.5000   60.0000    7.5000 2635.8022   16.5016
   -7.5000   67.5000    7.5000 2458.8650   17.3964
    0.0000   67.5000    7.5000 2475.8535   17.2446
    7.5000   67.5000    7.5000 2467.3562   17.3109
   -7.5000  -22.5000   15.0000 2247.4846   23.7818
    0.0000  -22.5000   15.0000 2273.3684   23.6973
    7.5000  -22.5000   15.0000 2262.0779   23.8959
   -7.5000  -15.0000   15.0000 2366.6897   21.3500
    0.0000  -15.0000   15.0000 2392.4556   21.2431
    7.5000  -15.0000   15.0000 2382.6592   21.3449
   -7.5000   -7.5000   15.0000 2484.5474   19.5447
    0.0000   -7.5000   15.0000 2512.0083   19.3979
    7.5000   -7.5000   15.0000 2502.1572   19.4558
   -7.5000    0.0000   15.0000 2583.0095   18.0696
    0.0000    0.0000   15.0000 2614.7544   17.9324
    7.5000    0.0000   15.0000 2603.8967   17.9329
   -7.5000    7.5000   15.0000 2683.5002   16.8272
    0.0000    7.5000   15.0000 2717.9004   16.7498
    7.5000    7.5000   15.0000 2704.9011   16.7612
   -7.5000   15.0000   15.0000 2782.4807   16.0112
    0.0000   15.0000   15.0000 2821.0547   16.0076
    7.5000   15.0000   15.0000 2796.7788   15.9627
   -7.5000   22.5000   15.0000 2851.3665   15.4774
    0.0000   22.5000   15.0000 2892.7339   15.3597
    7.5000   22.5000   15.0000 2851.7542   15.3889
   -7.5000   30.0000   15.0000 2884.7827   15.1783
    0.0000   30.0000   15.0000 2908.9250   14.8801
    7.5000   30.0000   15.0000 2878.3367   15.0069
   -7.5000   37.5000   15.0000 2871.8408   15.2560
    0.0000   37.5000   15.0000 2904.2192   15.0287
    7.5000   37.5000   15.0000 2879.0723   15.0999
   -7.5000   45.0000   15.0000 2832.0657   15.7181
    0.0000   45.0000   15.0000 2868.3945   15.5492
    7.5000   45.0000   15.0000 2841.8801   15.5962
   -7.5000   52.5000   15.0000 2744.3674   16.3973
    0.0000   52.5000   15.0000 2777.2361   16.2568
    7.5000   52.5000   15.0000 2755.7834   16.2805
   -7.5000   60.0000   15.0000 2597.8157   17.1858
    0.0000   60.0000   15.0000 2621.9607   17.0452
    7.5000   60.0000   15.0000 2607.0688   17.0490
   -7.5000   67.5000   15.0000 2425.7295   17.8622
    0.0000   67.5000   15.0000 2450.2637   17.7687
    7.5000   67.5000   15.0000 2438.6902   17.8019
   -7.5000  -22.5000   22.5000 2200.8279   25.3746
    0.0000  -22.5000   22.5000 2226.0588   25.3291
    7.5000  -22.5000   22.5000 2210.4043   25.4079
   -7.5000  -15.0000   22.5000 2320.8303   22.6539
    0.0000  -15.0000   22.5000 2346.2876   22.4943
    7.5000  -15.0000   22.5000 2333.6333   22.6337
   -7.5000   -7.5000   22.5000 2432.1284   20.5895
    0.0000   -7.5000   22.5000 2461.0569   20.3742
    7.5000   -7.5000   22.5000 2452.6245   20.5235
   -7.5000    0.0000   22.5000 2531.1641   18.9290
    0.0000    0.0000   22.5000 2560.5818   18.7109
    7.5000    0.0000   22.5000 2557.7251   18.8809
   -7.5000    7.5000   22.5000 2627.0237   17.6039
    0.0000    7.5000   22.5000 2652.8354   17.4114
    7.5000    7.5000   22.5000 2653.1973   17.5821
   -7.5000   15.0000   22.5000 2723.7646   16.7329
    0.0000   15.0000   22.5000 2752.2070   16.6190
    7.5000   15.0000   22.5000 2744.9951   16.7216
   -7.5000   22.5000   22.5000 2787.6401   16.0939
    0.0000   22.5000   22.5000 2816.8022   15.7883
    7.5000   22.5000   22.5000 2797.1702   15.9704
   -7.5000   30.0000   22.5000 2818.6543   15.8131
    0.0000   30.0000   22.5000 2844.7686   15.4980
    7.5000   30.0000   22.5000 2829.3083   15.6954
   -7.5000   37.5000   22.5000 2815.7292   15.9142
    0.0000   37.5000   22.5000 2844.7559   15.6909
    7.5000   37.5000   22.5000 2834.4194   15.8549
   -7.5000   45.0000   22.5000 2778.5266   16.3807
    0.0000   45.0000   22.5000 2807.4846   16.2229
    7.5000   45.0000   22.5000 2793.5854   16.3287
   -7.5000   52.5000   22.5000 2698.0842   17.0581
    0.0000   52.5000   22.5000 2735.0984   16.8892
    7.5000   52.5000   22.5000 2717.8936   16.9461
   -7.5000   60.0000   22.5000 2558.3994   17.8562
    0.0000   60.0000   22.5000 2587.9705   17.6981
    7.5000   60.0000   22.5000 2575.9441   17.7261
   -7.5000   67.5000   22.5000 2386.3857   18.5786
    0.0000   67.5000   22.5000 2413.5586   18.4576
    7.5000   67.5000   22.5000 2405.6609   18.4730
   -7.5000  -22.5000   30.0000 2143.3811   27.0482
    0.0000  -22.5000   30.0000 2161.4880   26.7272
    7.5000  -22.5000   30.0000 2155.2065   27.0191
   -7.5000  -15.0000   30.0000 2266.3071   24.1028
    0.0000  -15.0000   30.0000 2284.3254   23.6941
    7.5000  -15.0000   30.0000 2281.7390   24.0210
   -7.5000   -7.5000   30.0000 2375.7903   21.7955
    0.0000   -7.5000   30.0000 2398.9543   21.3755
    7.5000   -7.5000   30.0000 2397.1062   21.6967
   -7.5000    0.0000   30.0000 2478.5627   20.0028
    0.0000    0.0000   30.0000 2499.9614   19.5925
    7.5000    0.0000   30.0000 2502.5159   19.9052
   -7.5000    7.5000   30.0000 2572.7422   18.6067
    0.0000    7.5000   30.0000 2592.7712   18.2725
    7.5000    7.5000   30.0000 2595.0972   18.5285
   -7.5000   15.0000   30.0000 2655.1494   17.6141
    0.0000   15.0000   30.0000 2675.6890   17.2857
    7.5000   15.0000   30.0000 2674.5190   17.5126
   -7.5000   22.5000   30.0000 2713.0957   16.8995
    0.0000   22.5000   30.0000 2737.5720   16.5018
    7.5000   22.5000   30.0000 2728.6965   16.7799
   -7.5000   30.0000   30.0000 2743.5488   16.6779
    0.0000   30.0000   30.0000 2761.5806   16.3288
    7.5000   30.0000   30.0000 2756.2346   16.5731
   -7.5000   37.5000   30.0000 2737.2388   16.8193
    0.0000   37.5000   30.0000 2761.6719   16.5460
    7.5000   37.5000   30.0000 2759.1482   16.7390
   -7.5000   45.0000   30.0000 2702.6777   17.2676
    0.0000   45.0000   30.0000 2729.5447   17.0558
    7.5000   45.0000   30.0000 2723.2358   17.2246
   -7.5000   52.5000   30.0000 2634.0085   17.9382
    0.0000   52.5000   30.0000 2669.4941   17.7231
    7.5000   52.5000   30.0000 2658.0161   17.8382
   -7.5000   60.0000   30.0000 2498.3469   18.6628
    0.0000   60.0000   30.0000 2527.2900   18.5107
    7.5000   60.0000   30.0000 2520.8936   18.5654
   -7.5000   67.5000   30.0000 2340.1726   19.4060
    0.0000   67.5000   30.0000 2362.8501   19.2322
    7.5000   67.5000   30.0000 2357.4739   19.2495
   -7.5000  -22.5000   37.5000 2080.1504   28.9069
    0.0000  -22.5000   37.5000 2091.5408   28.3126
    7.5000  -22.5000   37.5000 2095.9644   28.7792
   -7.5000  -15.0000   37.5000 2203.9219   25.6986
    0.0000  -15.0000   37.5000 2220.0107   25.1055
    7.5000  -15.0000   37.5000 2222.8767   25.5527
   -7.5000   -7.5000   37.5000 2316.9341   23.1806
    0.0000   -7.5000   37.5000 2335.5371   22.5499
    7.5000   -7.5000   37.5000 2334.8440   22.9968
   -7.5000    0.0000   37.5000 2418.7744   21.2468
    0.0000    0.0000   37.5000 2439.6594   20.7049
    7.5000    0.0000   37.5000 2441.6875   21.1061
   -7.5000    7.5000   37.5000 2505.7295   19.7884
    0.0000    7.5000   37.5000 2530.8997   19.3518
    7.5000    7.5000   37.5000 2529.5852   19.7023
   -7.5000   15.0000   37.5000 2580.3279   18.6662
    0.0000   15.0000   37.5000 2602.0244   18.2611
    7.5000   15.0000   37.5000 2599.6726   18.5735
   -7.5000   22.5000   37.5000 2640.2703   17.9845
    0.0000   22.5000   37.5000 2659.9453   17.5573
    7.5000   22.5000   37.5000 2647.5684   17.8415
   -7.5000   30.0000   37.5000 2659.6323   17.7909
    0.0000   30.0000   37.5000 2679.9126   17.4171
    7.5000   30.0000   37.5000 2674.8003   17.6455
   -7.5000   37.5000   37.5000 2652.1072   17.9246
    0.0000   37.5000   37.5000 2676.0334   17.6157
    7.5000   37.5000   37.5000 2676.0715   17.8025
   -7.5000   45.0000   37.5000 2621.8958   18.3763
    0.0000   45.0000   37.5000 2648.2202   18.1178
    7.5000   45.0000   37.5000 2645.8020   18.3050
   -7.5000   52.5000   37.5000 2557.6184   18.9769
    0.0000   52.5000   37.5000 2588.6155   18.7272
    7.5000   52.5000   37.5000 2580.6560   18.8927
   -7.5000   60.0000   37.5000 2434.8994   19.7014
    0.0000   60.0000   37.5000 2466.0149   19.4956
    7.5000   60.0000   37.5000 2453.5933   19.5616
   -7.5000   67.5000   37.5000 2276.5398   20.3931
    0.0000   67.5000   37.5000 2300.0251   20.1935
    7.5000   67.5000   37.5000 2290.7283   20.2255
   -7.5000  -22.5000   45.0000 2009.0719   31.0003
    0.0000  -22.5000   45.0000 2017.5369   30.2890
    7.5000  -22.5000   45.0000 2021.3687   30.8552
   -7.5000  -15.0000   45.0000 2131.3765   27.5328
    0.0000  -15.0000   45.0000 2144.4966   26.8035
    7.5000  -15.0000   45.0000 2146.0598   27.3357
   -7.5000   -7.5000   45.0000 2244.4905   24.8700
    0.0000   -7.5000   45.0000 2266.2742   24.1594
    7.5000   -7.5000   45.0000 2260.9863   24.6291
   -7.5000    0.0000   45.0000 2343.8735   22.8135
    0.0000    0.0000   45.0000 2368.6306   22.2146
    7.5000    0.0000   45.0000 2367.2283   22.6786
   -7.5000    7.5000   45.0000 2428.6047   21.2311
    0.0000    7.5000   45.0000 2455.9761   20.7502
    7.5000    7.5000   45.0000 2451.5442   21.1387
   -7.5000   15.0000   45.0000 2497.0820   19.9975
    0.0000   15.0000   45.0000 2521.5474   19.5946
    7.5000   15.0000   45.0000 2514.8223   19.9365
   -7.5000   22.5000   45.0000 2549.6348   19.3451
    0.0000   22.5000   45.0000 2569.8572   18.9636
    7.5000   22.5000   45.0000 2557.3174   19.2009
   -7.5000   30.0000   45.0000 2570.4956   19.1336
    0.0000   30.0000   45.0000 2593.7056   18.8226
    7.5000   30.0000   45.0000 2583.7175   18.9770
   -7.5000   37.5000   45.0000 2558.3184   19.2626
    0.0000   37.5000   45.0000 2584.1440   19.0009
    7.5000   37.5000   45.0000 2582.0618   19.1543
   -7.5000   45.0000   45.0000 2526.6270   19.7187
    0.0000   45.0000   45.0000 2551.2900   19.5052
    7.5000   45.0000   45.0000 2550.0808   19.6529
   -7.5000   52.5000   45.0000 2463.2385   20.2971
    0.0000   52.5000   45.0000 2494.7112   20.0524
    7.5000   52.5000   45.0000 2487.6038   20.1956
   -7.5000   60.0000   45.0000 2356.2151   20.9003
    0.0000   60.0000   45.0000 2393.5288   20.6597
    7.5000   60.0000   45.0000 2377.8738   20.7139
   -7.5000   67.5000   45.0000 2200.3875   21.5873
    0.0000   67.5000   45.0000 2226.4814   21.3993
    7.5000   67.5000   45.0000 2215.3352   21.3934

---------------------------------------------------------------------
imgreg_4dfp /opt/freesurfer/average/711-2C_as_mni_average_305 /opt/freesurfer/average/711-2B_as_mni_average_305_mask talsrcimg_g11 none talsrcimg_to_711-2C_as_mni_average_305_t4 1283
---------------------------------------------------------------------

freesurfer imgreg_4dfp.c
/opt/freesurfer/average/711-2C_as_mni_average_305.4dfp.img
       256       256       256         1
  1.000000  1.000000  1.000000
orientation T byte_order littleendian
Reading image: /opt/freesurfer/average/711-2C_as_mni_average_305.4dfp.img
dimensions:      256       256       256
mmppix:       1.0000   -1.0000   -1.0000
center:     128.0000 -129.0000 -129.0000
/opt/freesurfer/average/711-2B_as_mni_average_305_mask.4dfp.img
       256       256       256         1
  1.000000  1.000000  1.000000
orientation T byte_order littleendian
Reading mask: /opt/freesurfer/average/711-2B_as_mni_average_305_mask.4dfp.img (2306576 pixels)
talsrcimg_g11.4dfp.img
       256       256       256         1
  1.000000  1.000000  1.000000
orientation T byte_order littleendian
Reading image: talsrcimg_g11.4dfp.img
dimensions:      256       256       256
mmppix:       1.0000   -1.0000   -1.0000
center:     128.0000 -129.0000 -129.0000
rotation matrix determinant  1.000000
fimgreg.f
image alignment mode   1283 decimal      503 hex
parameters
    0.0000   30.0000    7.5000    0.0000    0.0000    0.0000
eta,q 0.92580 14.64241
niter,ni,del,rscale     5    3   12.0000    1.2000
parameter  2  0.606384 ->  0.500000 qaram    1.1500
parameter  3  0.550356 ->  0.500000 qaram    1.1500
parameter  4  2.306950 ->  0.500000 qaram    1.1500
parameters
   -0.9806   26.5500    4.0500   -3.4500   -1.1884   -1.6512
eta,q 0.93932 14.70636
  0.0803  0.0728  0.0696  0.0601  0.0669  0.0635
  0.0737  0.0699  0.0672  0.0617  0.0634  0.0615
  0.0725  0.0695  0.0673  0.0645  0.0613  0.0607
  0.0742  0.0731  0.0691  0.0673  0.0624  0.0613
  0.0767  0.0768  0.0743  0.0712  0.0645  0.0630
  0.0788  0.0788  0.0800  0.0757  0.0675  0.0650
  0.0836  0.0822  0.0848  0.0791  0.0722  0.0688
niter,ni,del,rscale     7    3   12.0000    1.2000
parameter  4  1.433846 ->  0.500000 qaram    1.3225
parameters
   -0.4599   27.5761    3.3855   -7.4175   -0.7152   -1.4758
eta,q 0.94253 14.72307
  0.0786  0.0791  0.0733  0.0561  0.0653  0.0634
  0.0705  0.0696  0.0683  0.0570  0.0625  0.0601
  0.0635  0.0616  0.0631  0.0588  0.0589  0.0578
  0.0607  0.0606  0.0620  0.0618  0.0574  0.0574
  0.0616  0.0635  0.0652  0.0640  0.0581  0.0583
  0.0661  0.0656  0.0722  0.0672  0.0606  0.0598
  0.0738  0.0690  0.0779  0.0722  0.0635  0.0624
niter,ni,del,rscale     7    3   12.0000    1.2000
parameter  4  0.635065 ->  0.500000 qaram    1.5209
parameters
   -0.7994   28.7891    2.8390  -11.9801   -0.7783   -2.6270
eta,q 0.94672 14.70183
  0.0725  0.0762  0.0701  0.0572  0.0622  0.0576
  0.0629  0.0673  0.0638  0.0540  0.0574  0.0547
  0.0576  0.0600  0.0581  0.0541  0.0539  0.0534
  0.0575  0.0572  0.0580  0.0575  0.0537  0.0537
  0.0600  0.0595  0.0619  0.0615  0.0559  0.0557
  0.0668  0.0626  0.0674  0.0644  0.0585  0.0583
  0.0750  0.0654  0.0729  0.0673  0.0613  0.0613
niter,ni,del,rscale     7    3   12.0000    1.2000
parameters
   -0.5776   30.3273    1.7005  -13.3158   -0.8980   -2.0952
eta,q 0.94796 14.62061
  0.0745  0.0807  0.0637  0.0618  0.0615  0.0582
  0.0640  0.0708  0.0576  0.0556  0.0565  0.0548
  0.0558  0.0592  0.0531  0.0519  0.0526  0.0529
  0.0533  0.0533  0.0536  0.0526  0.0521  0.0521
  0.0559  0.0547  0.0581  0.0564  0.0540  0.0523
  0.0621  0.0600  0.0643  0.0622  0.0573  0.0535
  0.0713  0.0642  0.0718  0.0661  0.0616  0.0563
niter,ni,del,rscale     6    3   12.0000    1.2000
parameters
   -0.5028   31.1055    1.2115  -14.1237   -1.1053   -1.6657
eta,q 0.94825 14.56492
  0.0711  0.0755  0.0655  0.0631  0.0608  0.0580
  0.0610  0.0641  0.0591  0.0568  0.0559  0.0546
  0.0536  0.0543  0.0536  0.0513  0.0523  0.0527
  0.0520  0.0521  0.0527  0.0525  0.0519  0.0518
  0.0551  0.0554  0.0555  0.0558  0.0534  0.0519
  0.0611  0.0609  0.0616  0.0608  0.0569  0.0533
  0.0692  0.0649  0.0697  0.0655  0.0618  0.0566
niter,ni,del,rscale     5    3   12.0000    1.2000
parameters
   -0.5153   31.5181    0.9645  -14.5489   -1.2416   -1.4871
eta,q 0.94835 14.52895
  0.0698  0.0729  0.0661  0.0639  0.0607  0.0579
  0.0599  0.0616  0.0596  0.0581  0.0560  0.0545
  0.0526  0.0532  0.0533  0.0516  0.0522  0.0525
  0.0518  0.0517  0.0521  0.0521  0.0517  0.0517
  0.0554  0.0559  0.0544  0.0554  0.0529  0.0519
  0.0610  0.0617  0.0603  0.0600  0.0565  0.0537
  0.0683  0.0656  0.0687  0.0649  0.0614  0.0575
niter,ni,del,rscale     4    3   12.0000    1.2000
parameters
   -0.4984   31.7327    0.8532  -14.7666   -1.2856   -1.3842
eta,q 0.94832 14.51136
  0.0696  0.0716  0.0666  0.0643  0.0607  0.0580
  0.0597  0.0607  0.0599  0.0588  0.0561  0.0545
  0.0524  0.0526  0.0533  0.0519  0.0523  0.0524
  0.0517  0.0517  0.0519  0.0519  0.0517  0.0517
  0.0552  0.0564  0.0539  0.0554  0.0528  0.0520
  0.0607  0.0623  0.0597  0.0596  0.0560  0.0540
  0.0677  0.0660  0.0681  0.0644  0.0610  0.0578
niter,ni,del,rscale     3    3   12.0000    1.2000
parameters
   -0.4951   31.8387    0.8067  -14.8639   -1.3126   -1.3498
eta,q 0.94829 14.50323
  0.0694  0.0709  0.0669  0.0646  0.0606  0.0580
  0.0595  0.0603  0.0601  0.0592  0.0562  0.0545
  0.0523  0.0523  0.0534  0.0522  0.0523  0.0524
  0.0517  0.0517  0.0518  0.0518  0.0517  0.0517
  0.0552  0.0567  0.0537  0.0553  0.0528  0.0521
  0.0607  0.0626  0.0594  0.0595  0.0559  0.0542
  0.0676  0.0664  0.0679  0.0641  0.0609  0.0581
niter,ni,del,rscale     2    3   12.0000    1.2000
parameters
   -0.4891   31.8874    0.7912  -14.9052   -1.3259   -1.3367
eta,q 0.94826 14.49961
  0.0694  0.0707  0.0670  0.0647  0.0607  0.0580
  0.0594  0.0601  0.0601  0.0593  0.0562  0.0545
  0.0523  0.0521  0.0534  0.0523  0.0524  0.0524
  0.0517  0.0517  0.0518  0.0518  0.0517  0.0517
  0.0552  0.0569  0.0536  0.0553  0.0528  0.0521
  0.0607  0.0627  0.0592  0.0594  0.0559  0.0543
  0.0675  0.0666  0.0678  0.0640  0.0609  0.0582
registration optimization eta report
parameter search radius
    6.0000    6.9000    6.9000    9.1253    6.0000    6.0000
100000*second partial in parameter space
       46.       34.       33.       15.       25.       18.
  0.0694  0.0707  0.0670  0.0647  0.0607  0.0580
  0.0594  0.0601  0.0601  0.0593  0.0562  0.0545
  0.0523  0.0521  0.0534  0.0523  0.0524  0.0524
  0.0517  0.0517  0.0518  0.0518  0.0517  0.0517
  0.0552  0.0569  0.0536  0.0553  0.0528  0.0521
  0.0607  0.0627  0.0592  0.0594  0.0559  0.0543
  0.0675  0.0666  0.0678  0.0640  0.0609  0.0582
   -0.4891   31.8874    0.7912  -14.9052   -1.3259   -1.3367
eta,q 0.94826 14.49961

---------------------------------------------------------------------
imgreg_4dfp /opt/freesurfer/average/711-2C_as_mni_average_305 /opt/freesurfer/average/711-2B_as_mni_average_305_mask talsrcimg_g11 none talsrcimg_to_711-2C_as_mni_average_305_t4 3335
---------------------------------------------------------------------

freesurfer imgreg_4dfp.c
/opt/freesurfer/average/711-2C_as_mni_average_305.4dfp.img
       256       256       256         1
  1.000000  1.000000  1.000000
orientation T byte_order littleendian
Reading image: /opt/freesurfer/average/711-2C_as_mni_average_305.4dfp.img
dimensions:      256       256       256
mmppix:       1.0000   -1.0000   -1.0000
center:     128.0000 -129.0000 -129.0000
/opt/freesurfer/average/711-2B_as_mni_average_305_mask.4dfp.img
       256       256       256         1
  1.000000  1.000000  1.000000
orientation T byte_order littleendian
Reading mask: /opt/freesurfer/average/711-2B_as_mni_average_305_mask.4dfp.img (2306576 pixels)
talsrcimg_g11.4dfp.img
       256       256       256         1
  1.000000  1.000000  1.000000
orientation T byte_order littleendian
Reading image: talsrcimg_g11.4dfp.img
dimensions:      256       256       256
mmppix:       1.0000   -1.0000   -1.0000
center:     128.0000 -129.0000 -129.0000
fimgreg.f
image alignment mode   3335 decimal      D07 hex
parameters
   -0.4891   31.8874    0.7912   -0.0540   -3.3771   -3.3906
    1.6592    2.8355   -2.3321   25.6629   -2.3140  -25.7152
eta,q 0.94887 14.66997
niter,ni,del,rscale     5    3    5.0000    1.2000
parameter  4  3.703895 ->  0.500000 qaram    1.1500
parameter  5  2.076757 ->  0.500000 qaram    1.1500
parameter  6  0.613135 ->  0.500000 qaram    1.1500
parameters
   -0.0619   31.1894    0.2886   -4.1940   -7.5171   -7.5306
    0.8257    4.1338   -0.4414   22.1254    0.8994  -23.3624
eta,q 0.97042 14.82858
  0.0556  0.0518  0.0523  0.0379  0.0320  0.0324  0.0355  0.0430  0.0357  0.0315  0.0347  0.0335
  0.0535  0.0510  0.0512  0.0404  0.0333  0.0319  0.0334  0.0379  0.0338  0.0304  0.0327  0.0318
  0.0520  0.0508  0.0507  0.0448  0.0366  0.0320  0.0321  0.0339  0.0324  0.0303  0.0312  0.0305
  0.0511  0.0510  0.0508  0.0506  0.0414  0.0340  0.0318  0.0318  0.0315  0.0313  0.0302  0.0298
  0.0511  0.0516  0.0515  0.0569  0.0465  0.0386  0.0328  0.0318  0.0313  0.0332  0.0298  0.0296
  0.0518  0.0525  0.0527  0.0626  0.0516  0.0450  0.0349  0.0337  0.0318  0.0356  0.0299  0.0299
  0.0533  0.0538  0.0544  0.0675  0.0568  0.0521  0.0376  0.0372  0.0329  0.0389  0.0305  0.0305
niter,ni,del,rscale     7    3    5.0000    1.2000
parameter  2 -0.562545 -> -0.500000 qaram    1.1500
parameters
    0.3917   32.5694   -0.7265   -7.9862  -11.5105   -7.9531
    0.6190    3.2656   -0.8541   22.9168    0.3615  -26.5130
eta,q 0.97471 14.61895
  0.0365  0.0368  0.0286  0.0288  0.0277  0.0297  0.0291  0.0301  0.0281  0.0296  0.0267  0.0259
  0.0332  0.0337  0.0281  0.0276  0.0262  0.0279  0.0273  0.0271  0.0267  0.0278  0.0260  0.0254
  0.0308  0.0312  0.0279  0.0269  0.0257  0.0266  0.0262  0.0258  0.0259  0.0265  0.0257  0.0253
  0.0296  0.0294  0.0283  0.0279  0.0270  0.0258  0.0259  0.0259  0.0257  0.0257  0.0257  0.0256
  0.0295  0.0284  0.0291  0.0318  0.0307  0.0252  0.0263  0.0270  0.0261  0.0258  0.0259  0.0263
  0.0306  0.0283  0.0304  0.0383  0.0358  0.0270  0.0275  0.0291  0.0271  0.0267  0.0263  0.0272
  0.0328  0.0290  0.0321  0.0452  0.0411  0.0326  0.0296  0.0324  0.0287  0.0284  0.0270  0.0283
niter,ni,del,rscale     7    3    5.0000    1.2000
parameters
    0.4819   33.8069   -1.3304   -8.5266  -13.1140   -8.8436
    0.4239    3.4855   -1.0674   24.4162    0.6885  -27.9850
eta,q 0.97544 14.51389
  0.0292  0.0327  0.0251  0.0290  0.0284  0.0282  0.0280  0.0304  0.0273  0.0284  0.0258  0.0256
  0.0272  0.0297  0.0245  0.0271  0.0266  0.0264  0.0262  0.0269  0.0259  0.0267  0.0251  0.0249
  0.0258  0.0271  0.0242  0.0254  0.0251  0.0252  0.0251  0.0251  0.0250  0.0255  0.0247  0.0246
  0.0253  0.0253  0.0243  0.0242  0.0244  0.0246  0.0248  0.0248  0.0248  0.0248  0.0247  0.0247
  0.0255  0.0244  0.0248  0.0242  0.0258  0.0243  0.0252  0.0254  0.0252  0.0247  0.0248  0.0251
  0.0267  0.0245  0.0257  0.0267  0.0296  0.0267  0.0264  0.0269  0.0261  0.0252  0.0251  0.0258
  0.0288  0.0259  0.0270  0.0323  0.0346  0.0322  0.0285  0.0294  0.0276  0.0263  0.0256  0.0266
niter,ni,del,rscale     6    3    5.0000    1.2000
parameters
    0.5566   34.2907   -1.7384   -8.1872  -13.9925   -9.4308
    0.3882    3.5942   -1.4288   25.5067    1.2939  -28.6199
eta,q 0.97550 14.48570
  0.0282  0.0298  0.0254  0.0294  0.0288  0.0282  0.0280  0.0300  0.0268  0.0273  0.0258  0.0257
  0.0263  0.0274  0.0247  0.0274  0.0269  0.0264  0.0261  0.0266  0.0255  0.0259  0.0250  0.0249
  0.0251  0.0256  0.0244  0.0258  0.0253  0.0251  0.0250  0.0249  0.0248  0.0250  0.0246  0.0246
  0.0246  0.0246  0.0244  0.0244  0.0242  0.0245  0.0246  0.0246  0.0246  0.0246  0.0245  0.0245
  0.0248  0.0245  0.0247  0.0238  0.0248  0.0240  0.0249  0.0252  0.0249  0.0246  0.0246  0.0248
  0.0259  0.0254  0.0254  0.0253  0.0278  0.0260  0.0261  0.0267  0.0259  0.0250  0.0249  0.0254
  0.0279  0.0272  0.0265  0.0301  0.0326  0.0313  0.0281  0.0293  0.0273  0.0261  0.0253  0.0261
niter,ni,del,rscale     5    3    5.0000    1.2000
parameters
    0.5750   34.6365   -2.0117   -8.0663  -14.6109   -9.8228
    0.5383    3.5434   -1.7674   26.5211    1.8756  -28.9283
eta,q 0.97544 14.46167
  0.0280  0.0290  0.0255  0.0292  0.0289  0.0282  0.0281  0.0296  0.0268  0.0269  0.0257  0.0258
  0.0261  0.0268  0.0248  0.0273  0.0271  0.0264  0.0262  0.0264  0.0255  0.0257  0.0250  0.0250
  0.0249  0.0253  0.0245  0.0258  0.0255  0.0252  0.0250  0.0249  0.0248  0.0250  0.0247  0.0246
  0.0245  0.0245  0.0244  0.0244  0.0244  0.0246  0.0246  0.0246  0.0246  0.0246  0.0246  0.0246
  0.0248  0.0246  0.0247  0.0239  0.0246  0.0239  0.0250  0.0253  0.0250  0.0246  0.0246  0.0248
  0.0260  0.0255  0.0253  0.0256  0.0273  0.0255  0.0260  0.0268  0.0258  0.0250  0.0249  0.0253
  0.0279  0.0273  0.0262  0.0304  0.0318  0.0308  0.0279  0.0295  0.0272  0.0260  0.0253  0.0259
niter,ni,del,rscale     4    3    5.0000    1.2000
parameters
    0.5771   34.9588   -2.2994   -8.0910  -15.2137  -10.2624
    0.7038    3.4355   -2.0821   27.6362    2.6017  -29.1320
eta,q 0.97534 14.42619
  0.0280  0.0288  0.0255  0.0290  0.0288  0.0281  0.0281  0.0294  0.0268  0.0268  0.0258  0.0258
  0.0261  0.0267  0.0249  0.0272  0.0271  0.0264  0.0263  0.0264  0.0256  0.0258  0.0251  0.0251
  0.0250  0.0253  0.0246  0.0258  0.0256  0.0253  0.0252  0.0250  0.0249  0.0251  0.0248  0.0247
  0.0246  0.0246  0.0245  0.0245  0.0245  0.0247  0.0248  0.0248  0.0248  0.0248  0.0247  0.0247
  0.0249  0.0246  0.0247  0.0240  0.0246  0.0240  0.0251  0.0254  0.0251  0.0246  0.0247  0.0249
  0.0260  0.0255  0.0253  0.0258  0.0272  0.0255  0.0261  0.0269  0.0259  0.0250  0.0249  0.0253
  0.0280  0.0273  0.0262  0.0306  0.0317  0.0308  0.0279  0.0295  0.0272  0.0260  0.0253  0.0259
niter,ni,del,rscale     3    3    5.0000    1.2000
parameters
    0.5813   35.3257   -2.6751   -8.1774  -15.9321  -10.8450
    0.8669    3.2804   -2.3725   28.9991    3.3279  -29.3838
eta,q 0.97529 14.37442
  0.0280  0.0288  0.0255  0.0288  0.0286  0.0278  0.0281  0.0292  0.0269  0.0269  0.0257  0.0258
  0.0261  0.0268  0.0249  0.0272  0.0270  0.0263  0.0263  0.0264  0.0257  0.0260  0.0251  0.0251
  0.0250  0.0254  0.0246  0.0258  0.0256  0.0253  0.0253  0.0251  0.0251  0.0253  0.0248  0.0248
  0.0247  0.0247  0.0246  0.0246  0.0246  0.0248  0.0249  0.0249  0.0249  0.0249  0.0247  0.0247
  0.0250  0.0247  0.0248  0.0241  0.0247  0.0242  0.0252  0.0254  0.0252  0.0247  0.0248  0.0249
  0.0261  0.0255  0.0254  0.0258  0.0272  0.0256  0.0261  0.0269  0.0260  0.0250  0.0249  0.0253
  0.0280  0.0272  0.0263  0.0306  0.0318  0.0308  0.0278  0.0294  0.0272  0.0259  0.0253  0.0258
niter,ni,del,rscale     2    3    5.0000    1.2000
parameters
    0.5746   35.7441   -3.0936   -8.2900  -16.7872  -11.4516
    1.0408    3.1054   -2.4261   30.4657    3.5981  -29.6998
eta,q 0.97523 14.31270
  0.0279  0.0290  0.0254  0.0286  0.0284  0.0277  0.0279  0.0290  0.0270  0.0271  0.0255  0.0257
  0.0261  0.0269  0.0249  0.0270  0.0269  0.0263  0.0263  0.0264  0.0258  0.0261  0.0251  0.0251
  0.0251  0.0255  0.0246  0.0257  0.0256  0.0253  0.0253  0.0252  0.0252  0.0254  0.0248  0.0248
  0.0247  0.0247  0.0246  0.0246  0.0246  0.0249  0.0249  0.0249  0.0249  0.0249  0.0248  0.0248
  0.0250  0.0247  0.0249  0.0242  0.0248  0.0243  0.0252  0.0255  0.0252  0.0247  0.0248  0.0250
  0.0261  0.0255  0.0254  0.0258  0.0273  0.0256  0.0261  0.0268  0.0259  0.0250  0.0250  0.0253
  0.0280  0.0271  0.0263  0.0303  0.0319  0.0306  0.0276  0.0293  0.0270  0.0260  0.0254  0.0258
niter,ni,del,rscale     1    3    5.0000    1.2000
parameters
    0.5308   36.1677   -3.4911   -8.4234  -17.7093  -12.0410
    1.1664    2.9492   -2.1652   31.8074    3.4960  -29.9124
eta,q 0.97515 14.23990
  0.0277  0.0290  0.0255  0.0284  0.0282  0.0275  0.0277  0.0290  0.0271  0.0271  0.0255  0.0258
  0.0261  0.0269  0.0250  0.0269  0.0268  0.0263  0.0262  0.0264  0.0260  0.0262  0.0251  0.0252
  0.0251  0.0255  0.0247  0.0257  0.0256  0.0254  0.0253  0.0252  0.0253  0.0255  0.0249  0.0249
  0.0248  0.0248  0.0247  0.0247  0.0247  0.0249  0.0250  0.0250  0.0250  0.0250  0.0249  0.0249
  0.0251  0.0248  0.0249  0.0243  0.0248  0.0244  0.0253  0.0255  0.0252  0.0248  0.0250  0.0250
  0.0262  0.0255  0.0255  0.0257  0.0273  0.0255  0.0261  0.0268  0.0258  0.0251  0.0251  0.0253
  0.0280  0.0271  0.0263  0.0301  0.0318  0.0303  0.0275  0.0291  0.0268  0.0262  0.0254  0.0258
registration optimization eta report
parameter search radius
    2.4000    2.7600    2.4000    8.2800    8.2800    8.2800
    7.2000    7.2000    7.2000    7.2000    7.2000    7.2000
100000*second partial in parameter space
       54.       43.       21.        7.        8.        6.
        5.        8.        4.        3.        1.        2.
  0.0277  0.0290  0.0255  0.0284  0.0282  0.0275  0.0277  0.0290  0.0271  0.0271  0.0255  0.0258
  0.0261  0.0269  0.0250  0.0269  0.0268  0.0263  0.0262  0.0264  0.0260  0.0262  0.0251  0.0252
  0.0251  0.0255  0.0247  0.0257  0.0256  0.0254  0.0253  0.0252  0.0253  0.0255  0.0249  0.0249
  0.0248  0.0248  0.0247  0.0247  0.0247  0.0249  0.0250  0.0250  0.0250  0.0250  0.0249  0.0249
  0.0251  0.0248  0.0249  0.0243  0.0248  0.0244  0.0253  0.0255  0.0252  0.0248  0.0250  0.0250
  0.0262  0.0255  0.0255  0.0257  0.0273  0.0255  0.0261  0.0268  0.0258  0.0251  0.0251  0.0253
  0.0280  0.0271  0.0263  0.0301  0.0318  0.0303  0.0275  0.0291  0.0268  0.0262  0.0254  0.0258
    0.5308   36.1677   -3.4911   -8.4234  -17.7093  -12.0410
    1.1664    2.9492   -2.1652   31.8074    3.4960  -29.9124
eta,q 0.97515 14.23990

---------------------------------------------------------------------
imgreg_4dfp /opt/freesurfer/average/711-2C_as_mni_average_305 /opt/freesurfer/average/711-2B_as_mni_average_305_mask talsrcimg_g11 none talsrcimg_to_711-2C_as_mni_average_305_t4 2311
---------------------------------------------------------------------

freesurfer imgreg_4dfp.c
/opt/freesurfer/average/711-2C_as_mni_average_305.4dfp.img
       256       256       256         1
  1.000000  1.000000  1.000000
orientation T byte_order littleendian
Reading image: /opt/freesurfer/average/711-2C_as_mni_average_305.4dfp.img
dimensions:      256       256       256
mmppix:       1.0000   -1.0000   -1.0000
center:     128.0000 -129.0000 -129.0000
/opt/freesurfer/average/711-2B_as_mni_average_305_mask.4dfp.img
       256       256       256         1
  1.000000  1.000000  1.000000
orientation T byte_order littleendian
Reading mask: /opt/freesurfer/average/711-2B_as_mni_average_305_mask.4dfp.img (2306576 pixels)
talsrcimg_g11.4dfp.img
       256       256       256         1
  1.000000  1.000000  1.000000
orientation T byte_order littleendian
Reading image: talsrcimg_g11.4dfp.img
dimensions:      256       256       256
mmppix:       1.0000   -1.0000   -1.0000
center:     128.0000 -129.0000 -129.0000
fimgreg.f
image alignment mode   2311 decimal      907 hex
parameters
    0.5308   36.1677   -3.4911   -8.4234  -17.7093  -12.0410
    1.1664    2.9492   -2.1652   31.8074    3.4960  -29.9124
eta,q 0.97515 14.23991
niter,ni,del,rscale     5    3    5.0000    0.8000
parameters
    0.5030   36.5785   -3.8097   -6.5967  -17.6209  -10.9679
    0.7550    3.2971   -2.1250   32.8819    4.0092  -30.7927
eta,q 0.97591 14.40996
  0.0261  0.0264  0.0251  0.0265  0.0261  0.0254  0.0255  0.0274  0.0254  0.0256  0.0247  0.0244
  0.0254  0.0257  0.0249  0.0258  0.0254  0.0249  0.0247  0.0256  0.0247  0.0250  0.0244  0.0242
  0.0250  0.0251  0.0248  0.0253  0.0248  0.0246  0.0243  0.0246  0.0244  0.0246  0.0242  0.0241
  0.0248  0.0249  0.0248  0.0248  0.0244  0.0244  0.0243  0.0242  0.0242  0.0242  0.0241  0.0241
  0.0250  0.0248  0.0249  0.0244  0.0243  0.0242  0.0245  0.0244  0.0244  0.0241  0.0241  0.0242
  0.0255  0.0250  0.0251  0.0245  0.0249  0.0241  0.0251  0.0251  0.0247  0.0242  0.0243  0.0244
  0.0262  0.0254  0.0255  0.0251  0.0264  0.0249  0.0260  0.0265  0.0253  0.0249  0.0245  0.0247
niter,ni,del,rscale     4    3    5.0000    0.7000
parameters
    0.5173   36.4801   -3.6090   -6.8812  -17.6172  -10.6305
    0.8046    3.1190   -2.1713   32.8725    4.1254  -30.9272
eta,q 0.97596 14.42292
  0.0254  0.0249  0.0247  0.0254  0.0254  0.0250  0.0252  0.0260  0.0249  0.0249  0.0244  0.0244
  0.0247  0.0244  0.0244  0.0248  0.0249  0.0246  0.0246  0.0248  0.0244  0.0245  0.0242  0.0242
  0.0242  0.0242  0.0242  0.0244  0.0244  0.0244  0.0242  0.0242  0.0241  0.0242  0.0241  0.0241
  0.0241  0.0241  0.0241  0.0241  0.0241  0.0241  0.0240  0.0240  0.0240  0.0240  0.0240  0.0240
  0.0242  0.0242  0.0241  0.0242  0.0241  0.0239  0.0242  0.0243  0.0241  0.0241  0.0241  0.0241
  0.0246  0.0246  0.0242  0.0248  0.0246  0.0240  0.0245  0.0251  0.0244  0.0244  0.0242  0.0242
  0.0254  0.0252  0.0244  0.0262  0.0258  0.0251  0.0252  0.0263  0.0249  0.0251  0.0244  0.0244
niter,ni,del,rscale     3    3    5.0000    0.6000
parameters
    0.5027   36.4748   -3.6002   -6.7884  -17.4615  -10.3959
    0.8061    3.0814   -2.2025   32.9120    4.1436  -31.0520
eta,q 0.97604 14.44662
  0.0250  0.0247  0.0244  0.0252  0.0251  0.0247  0.0248  0.0256  0.0246  0.0247  0.0243  0.0242
  0.0244  0.0243  0.0242  0.0247  0.0246  0.0244  0.0243  0.0246  0.0242  0.0244  0.0241  0.0241
  0.0241  0.0241  0.0241  0.0243  0.0243  0.0242  0.0241  0.0241  0.0240  0.0241  0.0240  0.0240
  0.0240  0.0240  0.0240  0.0240  0.0240  0.0240  0.0240  0.0240  0.0240  0.0240  0.0240  0.0240
  0.0241  0.0241  0.0241  0.0240  0.0240  0.0238  0.0241  0.0242  0.0240  0.0240  0.0240  0.0240
  0.0245  0.0243  0.0242  0.0244  0.0243  0.0240  0.0244  0.0247  0.0243  0.0242  0.0241  0.0241
  0.0250  0.0247  0.0244  0.0253  0.0251  0.0248  0.0248  0.0256  0.0246  0.0248  0.0243  0.0243
niter,ni,del,rscale     2    3    5.0000    0.5000
parameters
    0.4930   36.4395   -3.5309   -6.6733  -17.3213  -10.0425
    0.7828    3.0540   -2.2260   32.8419    4.1231  -31.1319
eta,q 0.97611 14.47300
  0.0246  0.0244  0.0242  0.0249  0.0247  0.0245  0.0245  0.0251  0.0243  0.0244  0.0241  0.0241
  0.0243  0.0242  0.0241  0.0245  0.0244  0.0243  0.0241  0.0244  0.0241  0.0242  0.0240  0.0240
  0.0240  0.0240  0.0240  0.0242  0.0241  0.0241  0.0239  0.0240  0.0239  0.0240  0.0239  0.0239
  0.0240  0.0240  0.0240  0.0240  0.0240  0.0239  0.0239  0.0239  0.0239  0.0239  0.0239  0.0239
  0.0240  0.0240  0.0240  0.0240  0.0239  0.0238  0.0240  0.0240  0.0239  0.0239  0.0239  0.0239
  0.0243  0.0242  0.0240  0.0243  0.0242  0.0239  0.0242  0.0244  0.0241  0.0241  0.0240  0.0240
  0.0246  0.0245  0.0242  0.0249  0.0247  0.0245  0.0245  0.0251  0.0243  0.0245  0.0241  0.0241
niter,ni,del,rscale     1    3    5.0000    0.4000
parameters
    0.4803   36.3825   -3.4170   -6.5897  -17.1349   -9.6693
    0.7832    3.0285   -2.2494   32.6404    4.0779  -31.0820
eta,q 0.97619 14.49719
  0.0243  0.0242  0.0241  0.0245  0.0244  0.0243  0.0242  0.0246  0.0241  0.0241  0.0240  0.0240
  0.0241  0.0240  0.0240  0.0242  0.0242  0.0242  0.0240  0.0242  0.0239  0.0240  0.0239  0.0239
  0.0239  0.0239  0.0239  0.0240  0.0240  0.0240  0.0239  0.0239  0.0238  0.0238  0.0238  0.0238
  0.0239  0.0239  0.0239  0.0239  0.0239  0.0239  0.0238  0.0238  0.0238  0.0238  0.0238  0.0238
  0.0239  0.0239  0.0239  0.0239  0.0239  0.0238  0.0239  0.0239  0.0239  0.0239  0.0238  0.0238
  0.0241  0.0241  0.0239  0.0241  0.0240  0.0239  0.0240  0.0242  0.0240  0.0240  0.0239  0.0239
  0.0243  0.0243  0.0240  0.0245  0.0243  0.0242  0.0242  0.0246  0.0241  0.0243  0.0240  0.0239
registration optimization eta report
parameter search radius
    0.8000    0.8000    0.8000    2.4000    2.4000    2.4000
    2.4000    2.4000    2.4000    2.4000    2.4000    2.4000
100000*second partial in parameter space
       69.       50.       28.       11.        9.        7.
        7.       14.        5.        7.        3.        3.
  0.0243  0.0242  0.0241  0.0245  0.0244  0.0243  0.0242  0.0246  0.0241  0.0241  0.0240  0.0240
  0.0241  0.0240  0.0240  0.0242  0.0242  0.0242  0.0240  0.0242  0.0239  0.0240  0.0239  0.0239
  0.0239  0.0239  0.0239  0.0240  0.0240  0.0240  0.0239  0.0239  0.0238  0.0238  0.0238  0.0238
  0.0239  0.0239  0.0239  0.0239  0.0239  0.0239  0.0238  0.0238  0.0238  0.0238  0.0238  0.0238
  0.0239  0.0239  0.0239  0.0239  0.0239  0.0238  0.0239  0.0239  0.0239  0.0239  0.0238  0.0238
  0.0241  0.0241  0.0239  0.0241  0.0240  0.0239  0.0240  0.0242  0.0240  0.0240  0.0239  0.0239
  0.0243  0.0243  0.0240  0.0245  0.0243  0.0242  0.0242  0.0246  0.0241  0.0243  0.0240  0.0239
    0.4803   36.3825   -3.4170   -6.5897  -17.1349   -9.6693
    0.7832    3.0285   -2.2494   32.6404    4.0779  -31.0820
eta,q 0.97619 14.49719

---------------------------------------------------------------------
imgreg_4dfp /opt/freesurfer/average/711-2C_as_mni_average_305 /opt/freesurfer/average/711-2B_as_mni_average_305_mask talsrcimg_g11 none talsrcimg_to_711-2C_as_mni_average_305_t4 2311
---------------------------------------------------------------------

freesurfer imgreg_4dfp.c
/opt/freesurfer/average/711-2C_as_mni_average_305.4dfp.img
       256       256       256         1
  1.000000  1.000000  1.000000
orientation T byte_order littleendian
Reading image: /opt/freesurfer/average/711-2C_as_mni_average_305.4dfp.img
dimensions:      256       256       256
mmppix:       1.0000   -1.0000   -1.0000
center:     128.0000 -129.0000 -129.0000
/opt/freesurfer/average/711-2B_as_mni_average_305_mask.4dfp.img
       256       256       256         1
  1.000000  1.000000  1.000000
orientation T byte_order littleendian
Reading mask: /opt/freesurfer/average/711-2B_as_mni_average_305_mask.4dfp.img (2306576 pixels)
talsrcimg_g11.4dfp.img
       256       256       256         1
  1.000000  1.000000  1.000000
orientation T byte_order littleendian
Reading image: talsrcimg_g11.4dfp.img
dimensions:      256       256       256
mmppix:       1.0000   -1.0000   -1.0000
center:     128.0000 -129.0000 -129.0000
fimgreg.f
image alignment mode   2311 decimal      907 hex
parameters
    0.4803   36.3825   -3.4170   -6.5897  -17.1349   -9.6693
    0.7832    3.0285   -2.2494   32.6405    4.0779  -31.0820
eta,q 0.97619 14.49719
niter,ni,del,rscale     5    3    5.0000    0.8000
parameters
    0.4573   36.2699   -3.2621   -7.2301  -17.5333  -10.3942
    1.0181    2.9938   -2.1598   32.3529    4.0289  -30.7370
eta,q 0.97590 14.42387
  0.0256  0.0249  0.0248  0.0254  0.0254  0.0251  0.0257  0.0266  0.0252  0.0251  0.0245  0.0247
  0.0246  0.0243  0.0243  0.0247  0.0248  0.0247  0.0248  0.0251  0.0246  0.0246  0.0243  0.0243
  0.0240  0.0239  0.0239  0.0241  0.0242  0.0243  0.0243  0.0243  0.0242  0.0243  0.0241  0.0242
  0.0238  0.0238  0.0238  0.0238  0.0239  0.0239  0.0241  0.0241  0.0241  0.0241  0.0241  0.0241
  0.0240  0.0240  0.0238  0.0241  0.0240  0.0239  0.0242  0.0244  0.0242  0.0242  0.0242  0.0241
  0.0247  0.0245  0.0241  0.0252  0.0248  0.0249  0.0246  0.0252  0.0245  0.0246  0.0243  0.0243
  0.0257  0.0253  0.0244  0.0273  0.0266  0.0273  0.0254  0.0267  0.0251  0.0256  0.0246  0.0245
niter,ni,del,rscale     4    3    5.0000    0.7000
parameters
    0.4656   36.3873   -3.5346   -6.9659  -17.3576  -10.5875
    0.8982    3.0582   -2.1719   32.6144    4.0755  -30.8485
eta,q 0.97597 14.43336
  0.0253  0.0251  0.0244  0.0256  0.0254  0.0249  0.0251  0.0262  0.0249  0.0250  0.0244  0.0244
  0.0247  0.0246  0.0242  0.0250  0.0249  0.0245  0.0245  0.0249  0.0244  0.0246  0.0242  0.0242
  0.0243  0.0243  0.0241  0.0245  0.0244  0.0243  0.0241  0.0243  0.0241  0.0242  0.0241  0.0240
  0.0241  0.0241  0.0241  0.0241  0.0240  0.0240  0.0240  0.0240  0.0240  0.0240  0.0240  0.0240
  0.0242  0.0241  0.0242  0.0240  0.0240  0.0238  0.0242  0.0243  0.0241  0.0240  0.0241  0.0241
  0.0246  0.0244  0.0244  0.0244  0.0244  0.0242  0.0246  0.0249  0.0244  0.0243  0.0242  0.0242
  0.0253  0.0249  0.0247  0.0255  0.0255  0.0256  0.0253  0.0260  0.0249  0.0249  0.0244  0.0244
niter,ni,del,rscale     3    3    5.0000    0.6000
parameters
    0.4808   36.4011   -3.5528   -6.7788  -17.3009  -10.3012
    0.8295    3.0686   -2.2042   32.6985    4.0984  -30.9775
eta,q 0.97606 14.45708
  0.0250  0.0247  0.0243  0.0252  0.0251  0.0247  0.0248  0.0256  0.0246  0.0247  0.0243  0.0242
  0.0245  0.0243  0.0242  0.0247  0.0246  0.0244  0.0243  0.0246  0.0242  0.0243  0.0241  0.0240
  0.0241  0.0241  0.0241  0.0243  0.0242  0.0242  0.0240  0.0241  0.0240  0.0241  0.0240  0.0240
  0.0240  0.0240  0.0240  0.0240  0.0240  0.0240  0.0239  0.0239  0.0239  0.0239  0.0239  0.0239
  0.0241  0.0241  0.0241  0.0240  0.0240  0.0238  0.0241  0.0241  0.0240  0.0240  0.0240  0.0240
  0.0244  0.0243  0.0242  0.0244  0.0244  0.0240  0.0244  0.0247  0.0242  0.0242  0.0241  0.0241
  0.0249  0.0247  0.0244  0.0252  0.0252  0.0248  0.0248  0.0255  0.0246  0.0247  0.0242  0.0242
niter,ni,del,rscale     2    3    5.0000    0.5000
parameters
    0.4824   36.3777   -3.4693   -6.6620  -17.1841   -9.9410
    0.7970    3.0542   -2.2230   32.6360    4.0711  -31.0376
eta,q 0.97614 14.48196
  0.0246  0.0244  0.0242  0.0248  0.0247  0.0245  0.0245  0.0251  0.0243  0.0244  0.0241  0.0241
  0.0242  0.0241  0.0241  0.0245  0.0244  0.0243  0.0241  0.0244  0.0241  0.0241  0.0240  0.0239
  0.0240  0.0240  0.0240  0.0241  0.0241  0.0241  0.0239  0.0240  0.0239  0.0239  0.0239  0.0239
  0.0239  0.0239  0.0239  0.0239  0.0239  0.0239  0.0239  0.0239  0.0239  0.0239  0.0239  0.0239
  0.0240  0.0240  0.0239  0.0239  0.0239  0.0238  0.0239  0.0240  0.0239  0.0239  0.0239  0.0239
  0.0242  0.0242  0.0240  0.0242  0.0242  0.0239  0.0241  0.0244  0.0241  0.0241  0.0240  0.0240
  0.0246  0.0245  0.0241  0.0248  0.0247  0.0244  0.0245  0.0251  0.0243  0.0245  0.0241  0.0241
niter,ni,del,rscale     1    3    5.0000    0.4000
parameters
    0.4726   36.3201   -3.3535   -6.5718  -17.0011   -9.5808
    0.7856    3.0338   -2.2561   32.4297    4.0236  -30.9773
eta,q 0.97622 14.50550
  0.0243  0.0241  0.0241  0.0245  0.0244  0.0243  0.0242  0.0246  0.0241  0.0241  0.0240  0.0239
  0.0240  0.0240  0.0240  0.0242  0.0242  0.0241  0.0240  0.0241  0.0239  0.0239  0.0239  0.0239
  0.0239  0.0239  0.0239  0.0240  0.0240  0.0240  0.0238  0.0239  0.0238  0.0238  0.0238  0.0238
  0.0239  0.0239  0.0239  0.0238  0.0238  0.0238  0.0238  0.0238  0.0238  0.0238  0.0238  0.0238
  0.0239  0.0239  0.0239  0.0239  0.0238  0.0238  0.0238  0.0239  0.0238  0.0238  0.0238  0.0238
  0.0241  0.0240  0.0239  0.0241  0.0240  0.0238  0.0240  0.0242  0.0239  0.0240  0.0239  0.0239
  0.0243  0.0242  0.0240  0.0245  0.0243  0.0242  0.0242  0.0246  0.0241  0.0243  0.0240  0.0239
registration optimization eta report
parameter search radius
    0.8000    0.8000    0.8000    2.4000    2.4000    2.4000
    2.4000    2.4000    2.4000    2.4000    2.4000    2.4000
100000*second partial in parameter space
       70.       50.       28.       11.        9.        7.
        7.       14.        5.        7.        3.        2.
  0.0243  0.0241  0.0241  0.0245  0.0244  0.0243  0.0242  0.0246  0.0241  0.0241  0.0240  0.0239
  0.0240  0.0240  0.0240  0.0242  0.0242  0.0241  0.0240  0.0241  0.0239  0.0239  0.0239  0.0239
  0.0239  0.0239  0.0239  0.0240  0.0240  0.0240  0.0238  0.0239  0.0238  0.0238  0.0238  0.0238
  0.0239  0.0239  0.0239  0.0238  0.0238  0.0238  0.0238  0.0238  0.0238  0.0238  0.0238  0.0238
  0.0239  0.0239  0.0239  0.0239  0.0238  0.0238  0.0238  0.0239  0.0238  0.0238  0.0238  0.0238
  0.0241  0.0240  0.0239  0.0241  0.0240  0.0238  0.0240  0.0242  0.0239  0.0240  0.0239  0.0239
  0.0243  0.0242  0.0240  0.0245  0.0243  0.0242  0.0242  0.0246  0.0241  0.0243  0.0240  0.0239
    0.4726   36.3201   -3.3535   -6.5718  -17.0011   -9.5808
    0.7856    3.0338   -2.2561   32.4297    4.0236  -30.9773
eta,q 0.97622 14.50550

---------------------------------------------------------------------
compute_vox2vox talsrcimg talsrcimg_to_711-2C_as_mni_average_305_t4 /opt/freesurfer/average/711-2C_as_mni_average_305
---------------------------------------------------------------------

freesurfer compute_vox2vox.c
Reading: talsrcimg.4dfp.ifh
Reading: talsrcimg_to_711-2C_as_mni_average_305_t4
Reading: /opt/freesurfer/average/711-2C_as_mni_average_305.4dfp.ifh
Writing: talsrcimg_to_711-2C_as_mni_average_305_t4_vox2vox.txt

start time Wed Mar 11 14:11:18 CET 2026
end		time Wed Mar 11 14:12:46 CET 2026

mpr2mni305 success

avi2talxfm orig_nu.mgz /opt/freesurfer/average/mni305.cor.mgz talsrcimg_to_711-2C_as_mni_average_305_t4_vox2vox.txt transforms/talairach.auto.xfm
avi2talxfm done
mv -f /out/sourcedata/freesurfer/sub-v2s18x29512_ses-1/mri/talsrcimg_to_711-2C_as_mni_average_305_t4_vox2vox.txt /out/sourcedata/freesurfer/sub-v2s18x29512_ses-1/mri/transforms/talsrcimg_to_711-2C_as_mni_average_305_t4_vox2vox.txt
lta_convert --src orig_nu.mgz --trg /opt/freesurfer/average/mni305.cor.mgz --inxfm transforms/talairach.auto.xfm --outlta transforms/talairach.auto.xfm.lta --subject fsaverage
7.3.2

--src: orig_nu.mgz src image (geometry).
--trg: /opt/freesurfer/average/mni305.cor.mgz trg image (geometry).
--inmni: transforms/talairach.auto.xfm input MNI/XFM transform.
--outlta: transforms/talairach.auto.xfm.lta output LTA.
--s: fsaverage subject name
 LTA read, type : 1
 1.07107  -0.02849  -0.02077  -2.54239;
-0.03324   0.97628   0.36469  -28.46053;
 0.04210  -0.38223   1.06178   12.03229;
 0.00000   0.00000   0.00000   1.00000;
setting subject to fsaverage
Writing  LTA to file transforms/talairach.auto.xfm.lta...
lta_convert successful.
 
 
Started at Wed Mar 11 14:11:18 CET 2026
Ended   at Wed Mar 11 14:12:46 CET 2026
talairach_avi done
