/out/sourcedata/freesurfer/sub-v2s18x29502_ses-1/mri
/opt/freesurfer/bin/talairach_avi
--i orig_nu.mgz --xfm transforms/talairach.auto.xfm
talairach_avi 7.3.2
Linux dna062 5.14.0-427.37.1.el9_4.x86_64 #1 SMP PREEMPT_DYNAMIC Fri Sep 13 12:41:50 EDT 2024 x86_64 x86_64 x86_64 GNU/Linux
Wed Mar 11 13:25:57 CET 2026
mri_convert orig_nu.mgz talsrcimg.img 
reading from orig_nu.mgz...
TR=0.00, TE=0.00, TI=0.00, flip angle=0.00
i_ras = (-1, 3.36513e-10, 0)
j_ras = (0, 5.82077e-11, -1)
k_ras = (-3.34694e-10, 1, 0)
writing to talsrcimg.img...
Analyze Output Matrix
-1.00000   0.00000  -0.00000   129.60114;
 0.00000   0.00000   1.00000  -95.30571;
 0.00000  -1.00000   0.00000   133.58331;
 0.00000   0.00000   0.00000   1.00000;
--------------------
INFO: set hdr.hist.orient to -1
mpr2mni305 talsrcimg
Wed Mar 11 13:25:58 CET 2026
/opt/freesurfer/bin/mpr2mni305 talsrcimg
mpr2mni305 7.3.2
target=711-2C_as_mni_average_305

---------------------------------------------------------------------
analyzeto4dfp talsrcimg -O0 -y
---------------------------------------------------------------------

freesurfer ifh2hdr.c
Wed Mar 11 13:25:58 2026
Writing: talsrcimg.4dfp.hdr
freesurfer analyzeto4dfp.c
Reading: talsrcimg.hdr
header size 348 bytes
hdr.dime.datatype	offset=70	value=2
hdr.dime.bitpix		offset=72	value=8
hdr.hist.orient		offset=252	value=-1
dimensionality     4
dimensions       256       256       256         1
Reading: talsrcimg.img
Writing: talsrcimg.4dfp.img
Writing: talsrcimg.4dfp.ifh
ifh2hdr talsrcimg -r0to208
ori=2

---------------------------------------------------------------------
gauss_4dfp talsrcimg 1.1
---------------------------------------------------------------------

freesurfer gauss_4dfp.c
Reading: talsrcimg.4dfp.img
Writing: talsrcimg_g11.4dfp.img
image dimensions 256 256 256 padded to 288 288 288
processing volume 1freesurfer ifh2hdr.c
Wed Mar 11 13:25:59 2026
Writing: talsrcimg_g11.4dfp.hdr

Writing: talsrcimg_g11.4dfp.ifh
including: talsrcimg.4dfp.img.rec in talsrcimg_g11.4dfp.img.rec

---------------------------------------------------------------------
imgreg_4dfp /opt/freesurfer/average/711-2C_as_mni_average_305 none talsrcimg_g11 none talsrcimg_to_711-2C_as_mni_average_305_t4 4355
---------------------------------------------------------------------

freesurfer imgreg_4dfp.c
/opt/freesurfer/average/711-2C_as_mni_average_305.4dfp.img
       256       256       256         1
  1.000000  1.000000  1.000000
orientation T byte_order littleendian
Reading image: /opt/freesurfer/average/711-2C_as_mni_average_305.4dfp.img
dimensions:      256       256       256
mmppix:       1.0000   -1.0000   -1.0000
center:     128.0000 -129.0000 -129.0000
talsrcimg_g11.4dfp.img
       256       256       256         1
  1.000000  1.000000  1.000000
orientation T byte_order littleendian
Reading image: talsrcimg_g11.4dfp.img
dimensions:      256       256       256
mmppix:       1.0000   -1.0000   -1.0000
center:     128.0000 -129.0000 -129.0000
t4_read: open error in t4_sub.f l:  41 t4_file(1:l)talsrcimg_to_711-2C_as_mni_average_305_t4 
t4_read: transform initialized to I4
rotation matrix determinant  1.000000
image alignment mode   4355 decimal     1103 hex
   -7.5000  -45.0000  -45.0000 6634.1714   19.5362
    0.0000  -45.0000  -45.0000 6871.2178   19.5572
    7.5000  -45.0000  -45.0000 6580.5000   19.5769
   -7.5000  -37.5000  -45.0000 7232.6055   19.2559
    0.0000  -37.5000  -45.0000 7481.9409   19.2549
    7.5000  -37.5000  -45.0000 7157.4888   19.2627
   -7.5000  -30.0000  -45.0000 8113.3325   19.1733
    0.0000  -30.0000  -45.0000 8424.9482   19.1560
    7.5000  -30.0000  -45.0000 8040.9478   19.1594
   -7.5000  -22.5000  -45.0000 9021.2031   19.1088
    0.0000  -22.5000  -45.0000 9373.9297   19.1004
    7.5000  -22.5000  -45.0000 8961.4453   19.1112
   -7.5000  -15.0000  -45.0000 9965.5889   19.0696
    0.0000  -15.0000  -45.000010338.2422   19.0813
    7.5000  -15.0000  -45.0000 9888.2158   19.1016
   -7.5000   -7.5000  -45.000010796.1338   19.0456
    0.0000   -7.5000  -45.000011208.9590   19.0698
    7.5000   -7.5000  -45.000010676.2754   19.0932
   -7.5000    0.0000  -45.000011493.0283   19.0478
    0.0000    0.0000  -45.000011931.1104   19.0682
    7.5000    0.0000  -45.000011354.4746   19.0863
   -7.5000    7.5000  -45.000011312.1221   19.0762
    0.0000    7.5000  -45.000011763.3730   19.0757
    7.5000    7.5000  -45.000011164.2334   19.0834
   -7.5000   15.0000  -45.000011105.2334   19.1037
    0.0000   15.0000  -45.000011540.0010   19.0868
    7.5000   15.0000  -45.000010975.9473   19.0899
   -7.5000   22.5000  -45.000010805.8467   19.0967
    0.0000   22.5000  -45.000011228.2734   19.0882
    7.5000   22.5000  -45.000010699.1670   19.0988
   -7.5000   30.0000  -45.000010331.2461   18.8155
    0.0000   30.0000  -45.000010718.5010   18.8270
    7.5000   30.0000  -45.000010218.6992   18.8470
   -7.5000   37.5000  -45.000010250.9121   18.7918
    0.0000   37.5000  -45.000010603.5361   18.8157
    7.5000   37.5000  -45.000010105.3662   18.8388
   -7.5000   45.0000  -45.0000 9603.5439   18.3167
    0.0000   45.0000  -45.0000 9878.6426   18.3364
    7.5000   45.0000  -45.0000 9406.2471   18.3538
   -7.5000  -45.0000  -37.5000 6994.8315   19.3928
    0.0000  -45.0000  -37.5000 7254.6265   19.4197
    7.5000  -45.0000  -37.5000 6963.6226   19.4406
   -7.5000  -37.5000  -37.5000 7639.0537   19.1138
    0.0000  -37.5000  -37.5000 7933.8149   19.1196
    7.5000  -37.5000  -37.5000 7583.6851   19.1281
   -7.5000  -30.0000  -37.5000 8614.7012   19.0260
    0.0000  -30.0000  -37.5000 8967.3115   19.0180
    7.5000  -30.0000  -37.5000 8552.4043   19.0248
   -7.5000  -22.5000  -37.5000 9606.3252   18.9558
    0.0000  -22.5000  -37.5000 9999.4922   18.9574
    7.5000  -22.5000  -37.5000 9535.5488   18.9750
   -7.5000  -15.0000  -37.500010590.7471   18.9163
    0.0000  -15.0000  -37.500011025.5273   18.9366
    7.5000  -15.0000  -37.500010493.7109   18.9647
   -7.5000   -7.5000  -37.500011445.6396   18.8983
    0.0000   -7.5000  -37.500011921.5400   18.9294
    7.5000   -7.5000  -37.500011321.1465   18.9575
   -7.5000    0.0000  -37.500012148.7002   18.9059
    0.0000    0.0000  -37.500012677.9619   18.9318
    7.5000    0.0000  -37.500012012.0537   18.9510
   -7.5000    7.5000  -37.500011959.3672   18.9339
    0.0000    7.5000  -37.500012484.0830   18.9399
    7.5000    7.5000  -37.500011799.3945   18.9482
   -7.5000   15.0000  -37.500011738.3096   18.9563
    0.0000   15.0000  -37.500012234.2939   18.9485
    7.5000   15.0000  -37.500011601.3174   18.9551
   -7.5000   22.5000  -37.500011428.0557   18.9436
    0.0000   22.5000  -37.500011906.3457   18.9451
    7.5000   22.5000  -37.500011301.9434   18.9625
   -7.5000   30.0000  -37.500010891.8379   18.6642
    0.0000   30.0000  -37.500011315.5605   18.6842
    7.5000   30.0000  -37.500010748.1426   18.7120
   -7.5000   37.5000  -37.500010779.4561   18.6465
    0.0000   37.5000  -37.500011184.8682   18.6771
    7.5000   37.5000  -37.500010605.3232   18.7049
   -7.5000   45.0000  -37.500010091.8213   18.1803
    0.0000   45.0000  -37.500010434.3203   18.2052
    7.5000   45.0000  -37.5000 9881.2803   18.2236
   -7.5000  -45.0000  -30.0000 7522.3013   20.1894
    0.0000  -45.0000  -30.0000 7823.4126   20.2215
    7.5000  -45.0000  -30.0000 7490.9512   20.2427
   -7.5000  -37.5000  -30.0000 8239.2090   19.8852
    0.0000  -37.5000  -30.0000 8566.8857   19.9028
    7.5000  -37.5000  -30.0000 8179.7910   19.9161
   -7.5000  -30.0000  -30.0000 9334.1299   19.7845
    0.0000  -30.0000  -30.0000 9716.3604   19.7908
    7.5000  -30.0000  -30.0000 9244.1826   19.8057
   -7.5000  -22.5000  -30.000010411.7520   19.7169
    0.0000  -22.5000  -30.000010841.8691   19.7274
    7.5000  -22.5000  -30.000010314.1738   19.7512
   -7.5000  -15.0000  -30.000011434.2393   19.6894
    0.0000  -15.0000  -30.000011931.0850   19.7124
    7.5000  -15.0000  -30.000011305.9736   19.7423
   -7.5000   -7.5000  -30.000012361.3926   19.6789
    0.0000   -7.5000  -30.000012887.1934   19.7112
    7.5000   -7.5000  -30.000012206.1768   19.7385
   -7.5000    0.0000  -30.000013108.0596   19.6827
    0.0000    0.0000  -30.000013688.0166   19.7135
    7.5000    0.0000  -30.000012918.8809   19.7330
   -7.5000    7.5000  -30.000012910.1504   19.6982
    0.0000    7.5000  -30.000013496.0645   19.7159
    7.5000    7.5000  -30.000012705.5068   19.7288
   -7.5000   15.0000  -30.000012633.8477   19.7119
    0.0000   15.0000  -30.000013228.5371   19.7184
    7.5000   15.0000  -30.000012465.3447   19.7330
   -7.5000   22.5000  -30.000012265.7803   19.7021
    0.0000   22.5000  -30.000012841.9941   19.7125
    7.5000   22.5000  -30.000012098.7471   19.7361
   -7.5000   30.0000  -30.000011658.3838   19.4289
    0.0000   30.0000  -30.000012175.9180   19.4516
    7.5000   30.0000  -30.000011497.3398   19.4810
   -7.5000   37.5000  -30.000011526.8086   19.4185
    0.0000   37.5000  -30.000012012.1992   19.4504
    7.5000   37.5000  -30.000011334.1377   19.4773
   -7.5000   45.0000  -30.000010795.3428   18.9412
    0.0000   45.0000  -30.000011233.6182   18.9708
    7.5000   45.0000  -30.000010574.7227   18.9896
   -7.5000  -45.0000  -22.5000 8094.9502   20.8580
    0.0000  -45.0000  -22.5000 8428.9727   20.8875
    7.5000  -45.0000  -22.5000 8038.6816   20.9048
   -7.5000  -37.5000  -22.5000 8878.5645   20.5327
    0.0000  -37.5000  -22.5000 9265.7236   20.5543
    7.5000  -37.5000  -22.5000 8812.8037   20.5705
   -7.5000  -30.0000  -22.500010057.5439   20.4261
    0.0000  -30.0000  -22.500010483.3652   20.4374
    7.5000  -30.0000  -22.5000 9952.2227   20.4567
   -7.5000  -22.5000  -22.500011184.9238   20.3675
    0.0000  -22.5000  -22.500011662.4971   20.3772
    7.5000  -22.5000  -22.500011079.9521   20.3996
   -7.5000  -15.0000  -22.500012238.0801   20.3522
    0.0000  -15.0000  -22.500012785.2031   20.3680
    7.5000  -15.0000  -22.500012109.8379   20.3900
   -7.5000   -7.5000  -22.500013262.2070   20.3420
    0.0000   -7.5000  -22.500013832.4961   20.3665
    7.5000   -7.5000  -22.500013072.1514   20.3852
   -7.5000    0.0000  -22.500014053.3467   20.3361
    0.0000    0.0000  -22.500014693.5234   20.3643
    7.5000    0.0000  -22.500013844.6191   20.3801
   -7.5000    7.5000  -22.500013804.0830   20.3404
    0.0000    7.5000  -22.500014473.7725   20.3620
    7.5000    7.5000  -22.500013613.7363   20.3777
   -7.5000   15.0000  -22.500013503.9258   20.3514
    0.0000   15.0000  -22.500014203.6387   20.3629
    7.5000   15.0000  -22.500013336.9336   20.3818
   -7.5000   22.5000  -22.500013101.9424   20.3509
    0.0000   22.5000  -22.500013776.0244   20.3604
    7.5000   22.5000  -22.500012925.6201   20.3825
   -7.5000   30.0000  -22.500012433.9844   20.0860
    0.0000   30.0000  -22.500013057.4424   20.1016
    7.5000   30.0000  -22.500012275.6123   20.1233
   -7.5000   37.5000  -22.500012262.4053   20.0759
    0.0000   37.5000  -22.500012840.2822   20.1001
    7.5000   37.5000  -22.500012071.1787   20.1186
   -7.5000   45.0000  -22.500011496.8809   19.5847
    0.0000   45.0000  -22.500012013.4688   19.6119
    7.5000   45.0000  -22.500011294.7314   19.6270
   -7.5000  -45.0000  -15.0000 8690.1797   21.3187
    0.0000  -45.0000  -15.0000 9056.2461   21.3429
    7.5000  -45.0000  -15.0000 8604.1973   21.3567
   -7.5000  -37.5000  -15.0000 9520.4385   20.9875
    0.0000  -37.5000  -15.0000 9944.5664   21.0027
    7.5000  -37.5000  -15.0000 9447.7744   21.0174
   -7.5000  -30.0000  -15.000010746.1621   20.8839
    0.0000  -30.0000  -15.000011213.5732   20.8856
    7.5000  -30.0000  -15.000010660.9111   20.9011
   -7.5000  -22.5000  -15.000011941.2832   20.8301
    0.0000  -22.5000  -15.000012476.1689   20.8291
    7.5000  -22.5000  -15.000011845.2432   20.8431
   -7.5000  -15.0000  -15.000013061.3867   20.8152
    0.0000  -15.0000  -15.000013673.7979   20.8217
    7.5000  -15.0000  -15.000012927.2480   20.8330
   -7.5000   -7.5000  -15.000014111.6631   20.7990
    0.0000   -7.5000  -15.000014754.9561   20.8167
    7.5000   -7.5000  -15.000013946.6064   20.8275
   -7.5000    0.0000  -15.000014933.1846   20.7874
    0.0000    0.0000  -15.000015672.3691   20.8107
    7.5000    0.0000  -15.000014792.4785   20.8232
   -7.5000    7.5000  -15.000014657.5996   20.7919
    0.0000    7.5000  -15.000015437.8613   20.8072
    7.5000    7.5000  -15.000014523.5186   20.8214
   -7.5000   15.0000  -15.000014347.3213   20.8080
    0.0000   15.0000  -15.000015143.3340   20.8099
    7.5000   15.0000  -15.000014192.7148   20.8250
   -7.5000   22.5000  -15.000013961.4521   20.8122
    0.0000   22.5000  -15.000014723.6689   20.8111
    7.5000   22.5000  -15.000013788.4482   20.8248
   -7.5000   30.0000  -15.000013260.8633   20.5458
    0.0000   30.0000  -15.000013953.9170   20.5522
    7.5000   30.0000  -15.000013091.1768   20.5634
   -7.5000   37.5000  -15.000013008.9297   20.5298
    0.0000   37.5000  -15.000013660.6133   20.5473
    7.5000   37.5000  -15.000012811.4609   20.5579
   -7.5000   45.0000  -15.000012196.8418   20.0314
    0.0000   45.0000  -15.000012778.5781   20.0539
    7.5000   45.0000  -15.000011992.5352   20.0659
   -7.5000  -45.0000   -7.5000 9276.7168   21.5487
    0.0000  -45.0000   -7.5000 9678.8994   21.5700
    7.5000  -45.0000   -7.5000 9204.5586   21.5856
   -7.5000  -37.5000   -7.500010154.2656   21.2277
    0.0000  -37.5000   -7.500010600.1299   21.2320
    7.5000  -37.5000   -7.500010084.4102   21.2425
   -7.5000  -30.0000   -7.500011435.7334   21.1315
    0.0000  -30.0000   -7.500011945.2900   21.1181
    7.5000  -30.0000   -7.500011356.5674   21.1250
   -7.5000  -22.5000   -7.500012709.3477   21.0709
    0.0000  -22.5000   -7.500013279.9844   21.0599
    7.5000  -22.5000   -7.500012608.0664   21.0677
   -7.5000  -15.0000   -7.500013892.8398   21.0419
    0.0000  -15.0000   -7.500014549.9834   21.0463
    7.5000  -15.0000   -7.500013790.7764   21.0571
   -7.5000   -7.5000   -7.500014989.9590   21.0188
    0.0000   -7.5000   -7.500015715.6250   21.0372
    7.5000   -7.5000   -7.500014874.0371   21.0508
   -7.5000    0.0000   -7.500015871.0742   21.0123
    0.0000    0.0000   -7.500016683.8340   21.0329
    7.5000    0.0000   -7.500015778.2402   21.0470
   -7.5000    7.5000   -7.500015520.8652   21.0301
    0.0000    7.5000   -7.500016364.3320   21.0345
    7.5000    7.5000   -7.500015465.3691   21.0448
   -7.5000   15.0000   -7.500015166.4795   21.0549
    0.0000   15.0000   -7.500016050.0977   21.0418
    7.5000   15.0000   -7.500015108.2207   21.0483
   -7.5000   22.5000   -7.500014782.8203   21.0506
    0.0000   22.5000   -7.500015632.7041   21.0395
    7.5000   22.5000   -7.500014704.6006   21.0470
   -7.5000   30.0000   -7.500014072.5967   20.7691
    0.0000   30.0000   -7.500014856.0615   20.7734
    7.5000   30.0000   -7.500013957.7939   20.7840
   -7.5000   37.5000   -7.500013784.8818   20.7462
    0.0000   37.5000   -7.500014520.0371   20.7644
    7.5000   37.5000   -7.500013618.4570   20.7778
   -7.5000   45.0000   -7.500012924.3643   20.2519
    0.0000   45.0000   -7.500013587.9023   20.2718
    7.5000   45.0000   -7.500012733.4209   20.2854
   -7.5000  -45.0000    0.0000 9789.3457   21.6085
    0.0000  -45.0000    0.000010236.0762   21.6311
    7.5000  -45.0000    0.0000 9733.5322   21.6509
   -7.5000  -37.5000    0.000010709.0078   21.3000
    0.0000  -37.5000    0.000011188.7197   21.2986
    7.5000  -37.5000    0.000010672.8916   21.3057
   -7.5000  -30.0000    0.000012058.6260   21.2074
    0.0000  -30.0000    0.000012563.3389   21.1880
    7.5000  -30.0000    0.000012004.3350   21.1904
   -7.5000  -22.5000    0.000013372.5098   21.1348
    0.0000  -22.5000    0.000013960.0000   21.1249
    7.5000  -22.5000    0.000013337.8291   21.1354
   -7.5000  -15.0000    0.000014640.8916   21.0912
    0.0000  -15.0000    0.000015310.7607   21.1031
    7.5000  -15.0000    0.000014601.4961   21.1238
   -7.5000   -7.5000    0.000015879.1875   21.0657
    0.0000   -7.5000    0.000016636.7480   21.0915
    7.5000   -7.5000    0.000015816.7422   21.1153
   -7.5000    0.0000    0.000016760.7031   21.0694
    0.0000    0.0000    0.000017640.0059   21.0912
    7.5000    0.0000    0.000016798.1543   21.1093
   -7.5000    7.5000    0.000016318.6230   21.1009
    0.0000    7.5000    0.000017185.2070   21.0999
    7.5000    7.5000    0.000016412.0020   21.1068
   -7.5000   15.0000    0.000015933.2051   21.1303
    0.0000   15.0000    0.000016800.2129   21.1112
    7.5000   15.0000    0.000016030.7695   21.1134
   -7.5000   22.5000    0.000015555.9941   21.1146
    0.0000   22.5000    0.000016398.6035   21.1045
    7.5000   22.5000    0.000015627.5635   21.1147
   -7.5000   30.0000    0.000014790.1162   20.8182
    0.0000   30.0000    0.000015617.8447   20.8299
    7.5000   30.0000    0.000014838.8066   20.8505
   -7.5000   37.5000    0.000014481.7285   20.7931
    0.0000   37.5000    0.000015263.9043   20.8185
    7.5000   37.5000    0.000014427.8887   20.8421
   -7.5000   45.0000    0.000013577.8213   20.3085
    0.0000   45.0000    0.000014277.5088   20.3295
    7.5000   45.0000    0.000013445.9590   20.3469
   -7.5000  -45.0000    7.5000 9534.7305   21.6475
    0.0000  -45.0000    7.5000 9961.5371   21.6771
    7.5000  -45.0000    7.5000 9523.2822   21.6997
   -7.5000  -37.5000    7.500010406.4854   21.3362
    0.0000  -37.5000    7.500010840.6328   21.3422
    7.5000  -37.5000    7.500010402.9102   21.3510
   -7.5000  -30.0000    7.500011716.6201   21.2380
    0.0000  -30.0000    7.500012181.9619   21.2286
    7.5000  -30.0000    7.500011708.2168   21.2356
   -7.5000  -22.5000    7.500012982.4365   21.1601
    0.0000  -22.5000    7.500013508.2529   21.1615
    7.5000  -22.5000    7.500012988.2490   21.1806
   -7.5000  -15.0000    7.500014231.9131   21.1169
    0.0000  -15.0000    7.500014853.8057   21.1391
    7.5000  -15.0000    7.500014239.9834   21.1697
   -7.5000   -7.5000    7.500015546.0332   21.0972
    0.0000   -7.5000    7.500016340.7041   21.1314
    7.5000   -7.5000    7.500015522.7021   21.1621
   -7.5000    0.0000    7.500016540.3906   21.1054
    0.0000    0.0000    7.500017356.6602   21.1339
    7.5000    0.0000    7.500016687.7773   21.1545
   -7.5000    7.5000    7.500016068.6123   21.1358
    0.0000    7.5000    7.500016730.8887   21.1422
    7.5000    7.5000    7.500016321.8867   21.1508
   -7.5000   15.0000    7.500015651.5986   21.1604
    0.0000   15.0000    7.500016299.2461   21.1513
    7.5000   15.0000    7.500015879.0859   21.1580
   -7.5000   22.5000    7.500015306.2627   21.1398
    0.0000   22.5000    7.500015999.5312   21.1409
    7.5000   22.5000    7.500015451.2500   21.1597
   -7.5000   30.0000    7.500014565.9512   20.8436
    0.0000   30.0000    7.500015295.8867   20.8655
    7.5000   30.0000    7.500014639.2695   20.8957
   -7.5000   37.5000    7.500014212.3486   20.8241
    0.0000   37.5000    7.500014885.4502   20.8579
    7.5000   37.5000    7.500014136.7910   20.8882
   -7.5000   45.0000    7.500013230.1982   20.3432
    0.0000   45.0000    7.500013853.0625   20.3706
    7.5000   45.0000    7.500013056.7969   20.3905
   -7.5000  -45.0000   15.0000 9150.3457   21.6803
    0.0000  -45.0000   15.0000 9571.9219   21.7145
    7.5000  -45.0000   15.0000 9173.8652   21.7369
   -7.5000  -37.5000   15.0000 9998.3193   21.3537
    0.0000  -37.5000   15.000010410.0605   21.3724
    7.5000  -37.5000   15.000010020.8467   21.3863
   -7.5000  -30.0000   15.000011236.2070   21.2459
    0.0000  -30.0000   15.000011689.9902   21.2525
    7.5000  -30.0000   15.000011276.9775   21.2682
   -7.5000  -22.5000   15.000012428.8496   21.1736
    0.0000  -22.5000   15.000012913.7490   21.1847
    7.5000  -22.5000   15.000012469.4736   21.2099
   -7.5000  -15.0000   15.000013623.0332   21.1440
    0.0000  -15.0000   15.000014201.7432   21.1685
    7.5000  -15.0000   15.000013667.6455   21.2001
   -7.5000   -7.5000   15.000014859.1338   21.1323
    0.0000   -7.5000   15.000015564.9482   21.1668
    7.5000   -7.5000   15.000014871.4922   21.1957
   -7.5000    0.0000   15.000015988.9316   21.1361
    0.0000    0.0000   15.000016567.9492   21.1690
    7.5000    0.0000   15.000015947.2031   21.1895
   -7.5000    7.5000   15.000015720.1299   21.1528
    0.0000    7.5000   15.000016189.2324   21.1716
    7.5000    7.5000   15.000015664.1992   21.1852
   -7.5000   15.0000   15.000015356.2900   21.1679
    0.0000   15.0000   15.000015846.8398   21.1747
    7.5000   15.0000   15.000015273.2012   21.1901
   -7.5000   22.5000   15.000014954.6758   21.1530
    0.0000   22.5000   15.000015540.3926   21.1640
    7.5000   22.5000   15.000014856.9033   21.1889
   -7.5000   30.0000   15.000014137.6504   20.8703
    0.0000   30.0000   15.000014745.5381   20.8946
    7.5000   30.0000   15.000014061.7471   20.9258
   -7.5000   37.5000   15.000013673.0850   20.8588
    0.0000   37.5000   15.000014222.1680   20.8929
    7.5000   37.5000   15.000013542.0674   20.9214
   -7.5000   45.0000   15.000012676.1162   20.3727
    0.0000   45.0000   15.000013174.4453   20.4045
    7.5000   45.0000   15.000012515.9580   20.4242
   -7.5000  -45.0000   22.5000 8660.2842   21.7253
    0.0000  -45.0000   22.5000 9059.5615   21.7557
    7.5000  -45.0000   22.5000 8685.6055   21.7729
   -7.5000  -37.5000   22.5000 9475.8887   21.3851
    0.0000  -37.5000   22.5000 9890.9609   21.4075
    7.5000  -37.5000   22.5000 9497.6611   21.4235
   -7.5000  -30.0000   22.500010647.1982   21.2737
    0.0000  -30.0000   22.500011120.7988   21.2852
    7.5000  -30.0000   22.500010684.4131   21.3046
   -7.5000  -22.5000   22.500011763.9189   21.2128
    0.0000  -22.5000   22.500012278.3584   21.2225
    7.5000  -22.5000   22.500011812.8955   21.2450
   -7.5000  -15.0000   22.500012916.1826   21.1969
    0.0000  -15.0000   22.500013518.3848   21.2132
    7.5000  -15.0000   22.500012949.7734   21.2351
   -7.5000   -7.5000   22.500014093.1621   21.1862
    0.0000   -7.5000   22.500014736.4580   21.2115
    7.5000   -7.5000   22.500014057.4336   21.2302
   -7.5000    0.0000   22.500015122.6738   21.1799
    0.0000    0.0000   22.500015656.0332   21.2091
    7.5000    0.0000   22.500014991.1152   21.2247
   -7.5000    7.5000   22.500014905.3730   21.1842
    0.0000    7.5000   22.500015370.2578   21.2065
    7.5000    7.5000   22.500014735.9150   21.2221
   -7.5000   15.0000   22.500014589.0146   21.1957
    0.0000   15.0000   22.500015089.1660   21.2074
    7.5000   15.0000   22.500014419.9277   21.2263
   -7.5000   22.5000   22.500014184.5264   21.1922
    0.0000   22.5000   22.500014767.1533   21.2018
    7.5000   22.5000   22.500014042.9736   21.2240
   -7.5000   30.0000   22.500013408.3926   20.9225
    0.0000   30.0000   22.500014007.4512   20.9386
    7.5000   30.0000   22.500013338.3467   20.9603
   -7.5000   37.5000   22.500012938.0566   20.9120
    0.0000   37.5000   22.500013491.0645   20.9370
    7.5000   37.5000   22.500012875.5010   20.9554
   -7.5000   45.0000   22.500011982.8428   20.4149
    0.0000   45.0000   22.500012498.8037   20.4431
    7.5000   45.0000   22.500011902.1777   20.4582
   -7.5000  -45.0000   30.0000 8069.2383   21.8099
    0.0000  -45.0000   30.0000 8454.6406   21.8335
    7.5000  -45.0000   30.0000 8068.1528   21.8455
   -7.5000  -37.5000   30.0000 8853.7324   21.4691
    0.0000  -37.5000   30.0000 9281.6582   21.4834
    7.5000  -37.5000   30.0000 8826.5625   21.4967
   -7.5000  -30.0000   30.0000 9964.5596   21.3634
    0.0000  -30.0000   30.000010428.9561   21.3640
    7.5000  -30.0000   30.0000 9912.7285   21.3779
   -7.5000  -22.5000   30.000011024.9160   21.3089
    0.0000  -22.5000   30.000011563.7783   21.3067
    7.5000  -22.5000   30.000010989.4082   21.3189
   -7.5000  -15.0000   30.000012068.1172   21.2934
    0.0000  -15.0000   30.000012704.7314   21.2989
    7.5000  -15.0000   30.000012059.3340   21.3082
   -7.5000   -7.5000   30.000013115.4590   21.2754
    0.0000   -7.5000   30.000013726.2988   21.2924
    7.5000   -7.5000   30.000013067.9336   21.3012
   -7.5000    0.0000   30.000013997.7734   21.2623
    0.0000    0.0000   30.000014537.3965   21.2850
    7.5000    0.0000   30.000013926.4268   21.2958
   -7.5000    7.5000   30.000013753.2158   21.2672
    0.0000    7.5000   30.000014277.1875   21.2816
    7.5000    7.5000   30.000013695.3857   21.2944
   -7.5000   15.0000   30.000013463.2686   21.2851
    0.0000   15.0000   30.000013957.3809   21.2858
    7.5000   15.0000   30.000013394.9541   21.2994
   -7.5000   22.5000   30.000013105.7744   21.2882
    0.0000   22.5000   30.000013630.9473   21.2859
    7.5000   22.5000   30.000013048.7461   21.2979
   -7.5000   30.0000   30.000012459.7363   21.0179
    0.0000   30.0000   30.000012981.7012   21.0233
    7.5000   30.0000   30.000012432.7832   21.0325
   -7.5000   37.5000   30.000012078.9355   21.0001
    0.0000   37.5000   30.000012584.1230   21.0169
    7.5000   37.5000   30.000012051.1396   21.0255
   -7.5000   45.0000   30.000011182.5938   20.4944
    0.0000   45.0000   30.000011673.3369   20.5163
    7.5000   45.0000   30.000011133.4453   20.5267
   -7.5000  -45.0000   37.5000 7778.5493   22.1143
    0.0000  -45.0000   37.5000 8145.9082   22.1345
    7.5000  -45.0000   37.5000 7751.7236   22.1475
   -7.5000  -37.5000   37.5000 8545.6113   21.7836
    0.0000  -37.5000   37.5000 8949.2197   21.7857
    7.5000  -37.5000   37.5000 8496.3896   21.7935
   -7.5000  -30.0000   37.5000 9605.3711   21.6861
    0.0000  -30.0000   37.500010062.5693   21.6695
    7.5000  -30.0000   37.5000 9566.8730   21.6735
   -7.5000  -22.5000   37.500010634.3193   21.6228
    0.0000  -22.5000   37.500011180.8291   21.6089
    7.5000  -22.5000   37.500010624.7354   21.6139
   -7.5000  -15.0000   37.500011615.9082   21.5897
    0.0000  -15.0000   37.500012254.2051   21.5920
    7.5000  -15.0000   37.500011630.7021   21.6000
   -7.5000   -7.5000   37.500012607.5312   21.5616
    0.0000   -7.5000   37.500013221.2412   21.5789
    7.5000   -7.5000   37.500012596.3652   21.5900
   -7.5000    0.0000   37.500013435.5615   21.5542
    0.0000    0.0000   37.500014029.0713   21.5737
    7.5000    0.0000   37.500013426.4668   21.5853
   -7.5000    7.5000   37.500013192.5615   21.5759
    0.0000    7.5000   37.500013750.8477   21.5783
    7.5000    7.5000   37.500013195.6650   21.5859
   -7.5000   15.0000   37.500012892.3408   21.6056
    0.0000   15.0000   37.500013414.9873   21.5893
    7.5000   15.0000   37.500012889.5645   21.5930
   -7.5000   22.5000   37.500012565.8086   21.6018
    0.0000   22.5000   37.500013071.6133   21.5878
    7.5000   22.5000   37.500012560.5635   21.5924
   -7.5000   30.0000   37.500012026.5801   21.3103
    0.0000   30.0000   37.500012518.8809   21.3126
    7.5000   30.0000   37.500011996.6748   21.3204
   -7.5000   37.5000   37.500011695.5410   21.2826
    0.0000   37.5000   37.500012189.1035   21.2997
    7.5000   37.5000   37.500011668.9814   21.3106
   -7.5000   45.0000   37.500010812.5146   20.7758
    0.0000   45.0000   37.500011282.6426   20.7945
    7.5000   45.0000   37.500010778.1807   20.8057
   -7.5000  -45.0000   45.0000 7100.2861   22.4162
    0.0000  -45.0000   45.0000 7430.8638   22.4355
    7.5000  -45.0000   45.0000 7112.8037   22.4519
   -7.5000  -37.5000   45.0000 7800.5117   22.0964
    0.0000  -37.5000   45.0000 8179.8604   22.0895
    7.5000  -37.5000   45.0000 7798.3901   22.0921
   -7.5000  -30.0000   45.0000 8776.5693   22.0014
    0.0000  -30.0000   45.0000 9220.3682   21.9751
    7.5000  -30.0000   45.0000 8767.5469   21.9725
   -7.5000  -22.5000   45.0000 9739.4639   21.9216
    0.0000  -22.5000   45.000010262.6807   21.9061
    7.5000  -22.5000   45.0000 9748.1025   21.9122
   -7.5000  -15.0000   45.000010638.6855   21.8686
    0.0000  -15.0000   45.000011252.2754   21.8772
    7.5000  -15.0000   45.000010678.3389   21.8945
   -7.5000   -7.5000   45.000011525.6611   21.8362
    0.0000   -7.5000   45.000012117.8906   21.8597
    7.5000   -7.5000   45.000011532.6250   21.8806
   -7.5000    0.0000   45.000012299.9580   21.8407
    0.0000    0.0000   45.000012880.6836   21.8594
    7.5000    0.0000   45.000012295.4375   21.8742
   -7.5000    7.5000   45.000012108.9727   21.8808
    0.0000    7.5000   45.000012652.5967   21.8744
    7.5000    7.5000   45.000012104.4775   21.8770
   -7.5000   15.0000   45.000011812.3340   21.9179
    0.0000   15.0000   45.000012316.4229   21.8920
    7.5000   15.0000   45.000011810.3936   21.8891
   -7.5000   22.5000   45.000011473.9531   21.9001
    0.0000   22.5000   45.000011954.9902   21.8845
    7.5000   22.5000   45.000011486.1748   21.8902
   -7.5000   30.0000   45.000011001.0947   21.5837
    0.0000   30.0000   45.000011485.0127   21.5922
    7.5000   30.0000   45.000011013.3428   21.6092
   -7.5000   37.5000   45.000010739.2334   21.5517
    0.0000   37.5000   45.000011210.9922   21.5749
    7.5000   37.5000   45.000010732.5615   21.5956
   -7.5000   45.0000   45.0000 9939.8203   21.0615
    0.0000   45.0000   45.000010376.2891   21.0795
    7.5000   45.0000   45.0000 9910.9717   21.0938

---------------------------------------------------------------------
imgreg_4dfp /opt/freesurfer/average/711-2C_as_mni_average_305 /opt/freesurfer/average/711-2B_as_mni_average_305_mask talsrcimg_g11 none talsrcimg_to_711-2C_as_mni_average_305_t4 4355
---------------------------------------------------------------------

freesurfer imgreg_4dfp.c
/opt/freesurfer/average/711-2C_as_mni_average_305.4dfp.img
       256       256       256         1
  1.000000  1.000000  1.000000
orientation T byte_order littleendian
Reading image: /opt/freesurfer/average/711-2C_as_mni_average_305.4dfp.img
dimensions:      256       256       256
mmppix:       1.0000   -1.0000   -1.0000
center:     128.0000 -129.0000 -129.0000
/opt/freesurfer/average/711-2B_as_mni_average_305_mask.4dfp.img
       256       256       256         1
  1.000000  1.000000  1.000000
orientation T byte_order littleendian
Reading mask: /opt/freesurfer/average/711-2B_as_mni_average_305_mask.4dfp.img (2306576 pixels)
talsrcimg_g11.4dfp.img
       256       256       256         1
  1.000000  1.000000  1.000000
orientation T byte_order littleendian
Reading image: talsrcimg_g11.4dfp.img
dimensions:      256       256       256
mmppix:       1.0000   -1.0000   -1.0000
center:     128.0000 -129.0000 -129.0000
rotation matrix determinant  1.000000
image alignment mode   4355 decimal     1103 hex
   -7.5000  -45.0000  -45.0000 1870.4435   29.1989
    0.0000  -45.0000  -45.0000 1871.9111   28.8810
    7.5000  -45.0000  -45.0000 1860.0148   29.2531
   -7.5000  -37.5000  -45.0000 1985.7739   25.8363
    0.0000  -37.5000  -45.0000 1987.8607   25.6039
    7.5000  -37.5000  -45.0000 1973.2677   25.9246
   -7.5000  -30.0000  -45.0000 2084.8306   23.2384
    0.0000  -30.0000  -45.0000 2095.7327   23.0738
    7.5000  -30.0000  -45.0000 2076.4985   23.3167
   -7.5000  -22.5000  -45.0000 2179.0308   21.2087
    0.0000  -22.5000  -45.0000 2187.8396   21.1255
    7.5000  -22.5000  -45.0000 2177.1179   21.3187
   -7.5000  -15.0000  -45.0000 2262.0466   19.7517
    0.0000  -15.0000  -45.0000 2268.4343   19.7278
    7.5000  -15.0000  -45.0000 2258.5188   19.8530
   -7.5000   -7.5000  -45.0000 2309.2568   18.8023
    0.0000   -7.5000  -45.0000 2314.2339   18.7409
    7.5000   -7.5000  -45.0000 2300.5955   18.8835
   -7.5000    0.0000  -45.0000 2326.7178   18.2070
    0.0000    0.0000  -45.0000 2336.5369   18.1368
    7.5000    0.0000  -45.0000 2321.4211   18.3391
   -7.5000    7.5000  -45.0000 2332.1946   17.9390
    0.0000    7.5000  -45.0000 2348.0398   17.8357
    7.5000    7.5000  -45.0000 2325.3330   18.0499
   -7.5000   15.0000  -45.0000 2320.4319   18.0468
    0.0000   15.0000  -45.0000 2333.1270   17.9087
    7.5000   15.0000  -45.0000 2313.2766   18.1636
   -7.5000   22.5000  -45.0000 2296.5942   18.5376
    0.0000   22.5000  -45.0000 2309.2256   18.3630
    7.5000   22.5000  -45.0000 2288.4912   18.6221
   -7.5000   30.0000  -45.0000 2248.2068   19.3311
    0.0000   30.0000  -45.0000 2264.4902   19.1838
    7.5000   30.0000  -45.0000 2243.0789   19.5031
   -7.5000   37.5000  -45.0000 2195.3679   20.5266
    0.0000   37.5000  -45.0000 2204.5012   20.3722
    7.5000   37.5000  -45.0000 2183.9890   20.6982
   -7.5000   45.0000  -45.0000 2115.4241   22.1562
    0.0000   45.0000  -45.0000 2120.3665   21.9560
    7.5000   45.0000  -45.0000 2097.2251   22.3862
   -7.5000  -45.0000  -37.5000 1916.8005   27.2581
    0.0000  -45.0000  -37.5000 1925.2277   27.1272
    7.5000  -45.0000  -37.5000 1919.3031   27.4932
   -7.5000  -37.5000  -37.5000 2043.7590   24.0824
    0.0000  -37.5000  -37.5000 2052.5791   23.9409
    7.5000  -37.5000  -37.5000 2041.1039   24.2621
   -7.5000  -30.0000  -37.5000 2161.1062   21.6013
    0.0000  -30.0000  -37.5000 2174.3140   21.5520
    7.5000  -30.0000  -37.5000 2158.3164   21.7340
   -7.5000  -22.5000  -37.5000 2270.6421   19.7430
    0.0000  -22.5000  -37.5000 2280.3689   19.6850
    7.5000  -22.5000  -37.5000 2266.4717   19.8358
   -7.5000  -15.0000  -37.5000 2358.3872   18.3395
    0.0000  -15.0000  -37.5000 2366.3755   18.3492
    7.5000  -15.0000  -37.5000 2348.0693   18.4599
   -7.5000   -7.5000  -37.5000 2401.4797   17.4217
    0.0000   -7.5000  -37.5000 2414.5764   17.4603
    7.5000   -7.5000  -37.5000 2391.0364   17.5394
   -7.5000    0.0000  -37.5000 2417.7000   16.8264
    0.0000    0.0000  -37.5000 2432.4888   16.8280
    7.5000    0.0000  -37.5000 2414.0569   16.9606
   -7.5000    7.5000  -37.5000 2428.0552   16.5793
    0.0000    7.5000  -37.5000 2446.5200   16.5397
    7.5000    7.5000  -37.5000 2419.8411   16.6602
   -7.5000   15.0000  -37.5000 2416.4058   16.6853
    0.0000   15.0000  -37.5000 2430.6934   16.6260
    7.5000   15.0000  -37.5000 2410.5593   16.7974
   -7.5000   22.5000  -37.5000 2393.5630   17.1322
    0.0000   22.5000  -37.5000 2408.8086   17.0355
    7.5000   22.5000  -37.5000 2389.7053   17.2431
   -7.5000   30.0000  -37.5000 2346.9731   17.8476
    0.0000   30.0000  -37.5000 2359.6567   17.7591
    7.5000   30.0000  -37.5000 2342.6536   18.0338
   -7.5000   37.5000  -37.5000 2286.9490   18.9505
    0.0000   37.5000  -37.5000 2295.9031   18.8451
    7.5000   37.5000  -37.5000 2279.8254   19.1446
   -7.5000   45.0000  -37.5000 2202.4580   20.4682
    0.0000   45.0000  -37.5000 2205.3982   20.3313
    7.5000   45.0000  -37.5000 2185.9741   20.6816
   -7.5000  -45.0000  -30.0000 1999.8837   26.4403
    0.0000  -45.0000  -30.0000 2005.8269   26.4081
    7.5000  -45.0000  -30.0000 2006.4932   26.7458
   -7.5000  -37.5000  -30.0000 2138.8845   23.3385
    0.0000  -37.5000  -30.0000 2149.5015   23.3585
    7.5000  -37.5000  -30.0000 2139.8044   23.5216
   -7.5000  -30.0000  -30.0000 2275.9324   20.9455
    0.0000  -30.0000  -30.0000 2287.9111   20.9419
    7.5000  -30.0000  -30.0000 2272.7815   21.0747
   -7.5000  -22.5000  -30.0000 2391.0417   19.0599
    0.0000  -22.5000  -30.0000 2402.4443   19.0776
    7.5000  -22.5000  -30.0000 2385.6987   19.1591
   -7.5000  -15.0000  -30.0000 2482.1477   17.6291
    0.0000  -15.0000  -30.0000 2493.4951   17.6618
    7.5000  -15.0000  -30.0000 2468.4893   17.7478
   -7.5000   -7.5000  -30.0000 2536.3550   16.7323
    0.0000   -7.5000  -30.0000 2548.4380   16.7764
    7.5000   -7.5000  -30.0000 2520.7471   16.8103
   -7.5000    0.0000  -30.0000 2558.0935   16.1331
    0.0000    0.0000  -30.0000 2572.0247   16.1724
    7.5000    0.0000  -30.0000 2547.2112   16.2284
   -7.5000    7.5000  -30.0000 2577.0515   15.8847
    0.0000    7.5000  -30.0000 2592.5530   15.9010
    7.5000    7.5000  -30.0000 2565.6748   15.9876
   -7.5000   15.0000  -30.0000 2561.6055   16.0245
    0.0000   15.0000  -30.0000 2577.4246   16.0233
    7.5000   15.0000  -30.0000 2557.5745   16.1011
   -7.5000   22.5000  -30.0000 2534.0381   16.4171
    0.0000   22.5000  -30.0000 2555.7305   16.3925
    7.5000   22.5000  -30.0000 2529.8347   16.5177
   -7.5000   30.0000  -30.0000 2487.6033   17.1108
    0.0000   30.0000  -30.0000 2503.0642   17.0790
    7.5000   30.0000  -30.0000 2481.0742   17.2580
   -7.5000   37.5000  -30.0000 2421.0552   18.1389
    0.0000   37.5000  -30.0000 2433.7524   18.1284
    7.5000   37.5000  -30.0000 2412.0166   18.3350
   -7.5000   45.0000  -30.0000 2328.4558   19.5555
    0.0000   45.0000  -30.0000 2336.9365   19.5043
    7.5000   45.0000  -30.0000 2311.7307   19.7575
   -7.5000  -45.0000  -22.5000 2063.8528   25.4855
    0.0000  -45.0000  -22.5000 2072.2007   25.5120
    7.5000  -45.0000  -22.5000 2063.3123   25.7908
   -7.5000  -37.5000  -22.5000 2216.9048   22.4416
    0.0000  -37.5000  -22.5000 2228.1875   22.4996
    7.5000  -37.5000  -22.5000 2213.8381   22.6960
   -7.5000  -30.0000  -22.5000 2358.6760   20.0813
    0.0000  -30.0000  -22.5000 2372.1006   20.1331
    7.5000  -30.0000  -22.5000 2351.5342   20.2683
   -7.5000  -22.5000  -22.5000 2473.7168   18.1936
    0.0000  -22.5000  -22.5000 2488.7637   18.2570
    7.5000  -22.5000  -22.5000 2467.6667   18.3788
   -7.5000  -15.0000  -22.5000 2563.5349   16.7853
    0.0000  -15.0000  -22.5000 2577.6814   16.8339
    7.5000  -15.0000  -22.5000 2552.9517   16.9206
   -7.5000   -7.5000  -22.5000 2636.1306   15.8624
    0.0000   -7.5000  -22.5000 2650.1040   15.8826
    7.5000   -7.5000  -22.5000 2623.2834   15.9685
   -7.5000    0.0000  -22.5000 2671.4141   15.2784
    0.0000    0.0000  -22.5000 2686.4556   15.3557
    7.5000    0.0000  -22.5000 2660.8547   15.4036
   -7.5000    7.5000  -22.5000 2692.3103   15.0366
    0.0000    7.5000  -22.5000 2711.1707   15.0994
    7.5000    7.5000  -22.5000 2684.5022   15.1527
   -7.5000   15.0000  -22.5000 2682.3977   15.1823
    0.0000   15.0000  -22.5000 2704.9709   15.2309
    7.5000   15.0000  -22.5000 2676.9587   15.2793
   -7.5000   22.5000  -22.5000 2658.0586   15.5765
    0.0000   22.5000  -22.5000 2681.1467   15.6121
    7.5000   22.5000  -22.5000 2649.9062   15.6963
   -7.5000   30.0000  -22.5000 2604.9375   16.2452
    0.0000   30.0000  -22.5000 2627.4712   16.2702
    7.5000   30.0000  -22.5000 2599.3464   16.3766
   -7.5000   37.5000  -22.5000 2532.6223   17.2078
    0.0000   37.5000  -22.5000 2553.1731   17.2328
    7.5000   37.5000  -22.5000 2525.1304   17.4069
   -7.5000   45.0000  -22.5000 2432.4094   18.5619
    0.0000   45.0000  -22.5000 2446.4612   18.5502
    7.5000   45.0000  -22.5000 2420.8762   18.7679
   -7.5000  -45.0000  -15.0000 2101.2771   24.5537
    0.0000  -45.0000  -15.0000 2113.1018   24.6096
    7.5000  -45.0000  -15.0000 2101.4412   24.8794
   -7.5000  -37.5000  -15.0000 2259.0894   21.5765
    0.0000  -37.5000  -15.0000 2276.5959   21.6111
    7.5000  -37.5000  -15.0000 2255.6829   21.8375
   -7.5000  -30.0000  -15.0000 2399.2864   19.2356
    0.0000  -30.0000  -15.0000 2416.8904   19.2809
    7.5000  -30.0000  -15.0000 2394.8862   19.4904
   -7.5000  -22.5000  -15.0000 2516.9827   17.4038
    0.0000  -22.5000  -15.0000 2536.0952   17.4321
    7.5000  -22.5000  -15.0000 2510.8333   17.6181
   -7.5000  -15.0000  -15.0000 2615.8442   15.9865
    0.0000  -15.0000  -15.0000 2635.5796   16.0627
    7.5000  -15.0000  -15.0000 2607.0742   16.1858
   -7.5000   -7.5000  -15.0000 2700.5088   15.0384
    0.0000   -7.5000  -15.0000 2718.9578   15.0770
    7.5000   -7.5000  -15.0000 2692.3408   15.1841
   -7.5000    0.0000  -15.0000 2746.0837   14.4026
    0.0000    0.0000  -15.0000 2768.9492   14.5030
    7.5000    0.0000  -15.0000 2739.8025   14.5915
   -7.5000    7.5000  -15.0000 2774.2627   14.1916
    0.0000    7.5000  -15.0000 2799.3330   14.2595
    7.5000    7.5000  -15.0000 2768.4128   14.3591
   -7.5000   15.0000  -15.0000 2774.9102   14.3336
    0.0000   15.0000  -15.0000 2806.7139   14.3955
    7.5000   15.0000  -15.0000 2770.3748   14.4719
   -7.5000   22.5000  -15.0000 2751.4822   14.7744
    0.0000   22.5000  -15.0000 2779.8154   14.8218
    7.5000   22.5000  -15.0000 2746.6499   14.8900
   -7.5000   30.0000  -15.0000 2694.6523   15.4591
    0.0000   30.0000  -15.0000 2719.2441   15.5013
    7.5000   30.0000  -15.0000 2692.4246   15.5855
   -7.5000   37.5000  -15.0000 2615.0681   16.3725
    0.0000   37.5000  -15.0000 2637.1013   16.3774
    7.5000   37.5000  -15.0000 2610.3088   16.5327
   -7.5000   45.0000  -15.0000 2505.3098   17.6655
    0.0000   45.0000  -15.0000 2519.4905   17.6778
    7.5000   45.0000  -15.0000 2495.3569   17.8404
   -7.5000  -45.0000   -7.5000 2120.0396   23.8406
    0.0000  -45.0000   -7.5000 2137.5522   23.8327
    7.5000  -45.0000   -7.5000 2126.0859   24.2305
   -7.5000  -37.5000   -7.5000 2275.5742   20.8738
    0.0000  -37.5000   -7.5000 2297.5811   20.8378
    7.5000  -37.5000   -7.5000 2279.7817   21.1855
   -7.5000  -30.0000   -7.5000 2411.9209   18.5353
    0.0000  -30.0000   -7.5000 2431.8936   18.5210
    7.5000  -30.0000   -7.5000 2409.6838   18.8321
   -7.5000  -22.5000   -7.5000 2536.0640   16.7390
    0.0000  -22.5000   -7.5000 2556.4761   16.7308
    7.5000  -22.5000   -7.5000 2528.9165   16.9701
   -7.5000  -15.0000   -7.5000 2646.4185   15.3305
    0.0000  -15.0000   -7.5000 2669.2324   15.3700
    7.5000  -15.0000   -7.5000 2640.9231   15.5691
   -7.5000   -7.5000   -7.5000 2744.4475   14.3445
    0.0000   -7.5000   -7.5000 2768.6238   14.3741
    7.5000   -7.5000   -7.5000 2738.6672   14.5593
   -7.5000    0.0000   -7.5000 2807.8467   13.6853
    0.0000    0.0000   -7.5000 2834.9836   13.7535
    7.5000    0.0000   -7.5000 2799.8455   13.9197
   -7.5000    7.5000   -7.5000 2840.8660   13.4299
    0.0000    7.5000   -7.5000 2866.8513   13.4912
    7.5000    7.5000   -7.5000 2835.8237   13.6600
   -7.5000   15.0000   -7.5000 2846.9604   13.5684
    0.0000   15.0000   -7.5000 2880.7068   13.6114
    7.5000   15.0000   -7.5000 2844.6111   13.7407
   -7.5000   22.5000   -7.5000 2823.7688   14.0506
    0.0000   22.5000   -7.5000 2854.1418   14.0943
    7.5000   22.5000   -7.5000 2822.3706   14.1960
   -7.5000   30.0000   -7.5000 2756.7898   14.7440
    0.0000   30.0000   -7.5000 2781.2617   14.7674
    7.5000   30.0000   -7.5000 2756.0779   14.8861
   -7.5000   37.5000   -7.5000 2669.1335   15.6425
    0.0000   37.5000   -7.5000 2691.4214   15.6434
    7.5000   37.5000   -7.5000 2665.2629   15.8298
   -7.5000   45.0000   -7.5000 2553.7021   16.9471
    0.0000   45.0000   -7.5000 2572.5457   16.9421
    7.5000   45.0000   -7.5000 2543.5056   17.1473
   -7.5000  -45.0000    0.0000 2126.9663   23.4198
    0.0000  -45.0000    0.0000 2145.4014   23.3961
    7.5000  -45.0000    0.0000 2131.7783   23.9003
   -7.5000  -37.5000    0.0000 2278.4485   20.4724
    0.0000  -37.5000    0.0000 2298.5422   20.3823
    7.5000  -37.5000    0.0000 2281.5542   20.8462
   -7.5000  -30.0000    0.0000 2412.9170   18.1690
    0.0000  -30.0000    0.0000 2430.2808   18.0598
    7.5000  -30.0000    0.0000 2413.6904   18.4881
   -7.5000  -22.5000    0.0000 2536.9626   16.3902
    0.0000  -22.5000    0.0000 2558.0071   16.3011
    7.5000  -22.5000    0.0000 2539.0391   16.6489
   -7.5000  -15.0000    0.0000 2653.7124   14.9778
    0.0000  -15.0000    0.0000 2676.3640   14.9083
    7.5000  -15.0000    0.0000 2660.0830   15.2264
   -7.5000   -7.5000    0.0000 2766.4258   13.9908
    0.0000   -7.5000    0.0000 2796.3472   13.9556
    7.5000   -7.5000    0.0000 2771.3711   14.2059
   -7.5000    0.0000    0.0000 2844.0432   13.2868
    0.0000    0.0000    0.0000 2882.2268   13.2998
    7.5000    0.0000    0.0000 2845.6448   13.5733
   -7.5000    7.5000    0.0000 2894.6311   12.9281
    0.0000    7.5000    0.0000 2925.5601   12.9170
    7.5000    7.5000    0.0000 2890.3765   13.2259
   -7.5000   15.0000    0.0000 2903.2805   13.0457
    0.0000   15.0000    0.0000 2940.3723   13.0311
    7.5000   15.0000    0.0000 2906.1150   13.2859
   -7.5000   22.5000    0.0000 2872.2397   13.5688
    0.0000   22.5000    0.0000 2906.5276   13.5379
    7.5000   22.5000    0.0000 2880.9094   13.7803
   -7.5000   30.0000    0.0000 2798.2625   14.2611
    0.0000   30.0000    0.0000 2824.6321   14.2338
    7.5000   30.0000    0.0000 2808.0359   14.4866
   -7.5000   37.5000    0.0000 2702.6663   15.1954
    0.0000   37.5000    0.0000 2723.9509   15.1622
    7.5000   37.5000    0.0000 2704.9331   15.4599
   -7.5000   45.0000    0.0000 2582.5024   16.4756
    0.0000   45.0000    0.0000 2598.8501   16.4702
    7.5000   45.0000    0.0000 2578.5520   16.7547
   -7.5000  -45.0000    7.5000 2125.3845   23.4577
    0.0000  -45.0000    7.5000 2139.9905   23.2316
    7.5000  -45.0000    7.5000 2132.6709   23.8973
   -7.5000  -37.5000    7.5000 2264.7522   20.3939
    0.0000  -37.5000    7.5000 2280.0784   20.1213
    7.5000  -37.5000    7.5000 2274.8174   20.7652
   -7.5000  -30.0000    7.5000 2402.1050   18.1076
    0.0000  -30.0000    7.5000 2416.3259   17.8439
    7.5000  -30.0000    7.5000 2407.6611   18.3819
   -7.5000  -22.5000    7.5000 2529.1541   16.2974
    0.0000  -22.5000    7.5000 2544.0229   16.0628
    7.5000  -22.5000    7.5000 2533.6936   16.5247
   -7.5000  -15.0000    7.5000 2652.4368   14.8795
    0.0000  -15.0000    7.5000 2671.5405   14.6941
    7.5000  -15.0000    7.5000 2660.1880   15.0996
   -7.5000   -7.5000    7.5000 2768.3145   13.9096
    0.0000   -7.5000    7.5000 2796.8943   13.7522
    7.5000   -7.5000    7.5000 2780.9543   14.1078
   -7.5000    0.0000    7.5000 2860.7087   13.2446
    0.0000    0.0000    7.5000 2902.7383   13.1461
    7.5000    0.0000    7.5000 2873.7571   13.4773
   -7.5000    7.5000    7.5000 2928.7791   12.7678
    0.0000    7.5000    7.5000 2963.9604   12.6255
    7.5000    7.5000    7.5000 2933.3223   13.1216
   -7.5000   15.0000    7.5000 2950.5322   12.8358
    0.0000   15.0000    7.5000 2987.5928   12.6705
    7.5000   15.0000    7.5000 2955.3452   13.1160
   -7.5000   22.5000    7.5000 2907.5037   13.4066
    0.0000   22.5000    7.5000 2946.0366   13.2640
    7.5000   22.5000    7.5000 2919.0095   13.5932
   -7.5000   30.0000    7.5000 2824.8359   14.0896
    0.0000   30.0000    7.5000 2854.1262   14.0131
    7.5000   30.0000    7.5000 2836.7886   14.2786
   -7.5000   37.5000    7.5000 2725.6584   14.9887
    0.0000   37.5000    7.5000 2743.3513   14.9346
    7.5000   37.5000    7.5000 2729.0579   15.1703
   -7.5000   45.0000    7.5000 2598.6514   16.2563
    0.0000   45.0000    7.5000 2614.1726   16.2360
    7.5000   45.0000    7.5000 2595.4846   16.4526
   -7.5000  -45.0000   15.0000 2105.2380   23.8016
    0.0000  -45.0000   15.0000 2121.8645   23.5346
    7.5000  -45.0000   15.0000 2119.5820   24.2297
   -7.5000  -37.5000   15.0000 2245.7146   20.6465
    0.0000  -37.5000   15.0000 2259.4656   20.2977
    7.5000  -37.5000   15.0000 2258.4390   21.0001
   -7.5000  -30.0000   15.0000 2381.1863   18.2721
    0.0000  -30.0000   15.0000 2395.5339   17.9143
    7.5000  -30.0000   15.0000 2389.9211   18.5344
   -7.5000  -22.5000   15.0000 2504.8967   16.3995
    0.0000  -22.5000   15.0000 2516.8809   16.0662
    7.5000  -22.5000   15.0000 2512.0596   16.6319
   -7.5000  -15.0000   15.0000 2629.3113   14.9973
    0.0000  -15.0000   15.0000 2646.2998   14.6944
    7.5000  -15.0000   15.0000 2642.1514   15.1979
   -7.5000   -7.5000   15.0000 2749.0632   14.0185
    0.0000   -7.5000   15.0000 2771.5354   13.7515
    7.5000   -7.5000   15.0000 2766.7483   14.1779
   -7.5000    0.0000   15.0000 2851.7981   13.4059
    0.0000    0.0000   15.0000 2891.1907   13.1979
    7.5000    0.0000   15.0000 2865.8523   13.5662
   -7.5000    7.5000   15.0000 2935.1824   13.0155
    0.0000    7.5000   15.0000 2968.3503   12.7176
    7.5000    7.5000   15.0000 2934.5654   13.1695
   -7.5000   15.0000   15.0000 2961.6611   13.0135
    0.0000   15.0000   15.0000 2996.1958   12.7542
    7.5000   15.0000   15.0000 2960.9485   13.1177
   -7.5000   22.5000   15.0000 2917.0620   13.4276
    0.0000   22.5000   15.0000 2957.7917   13.2926
    7.5000   22.5000   15.0000 2925.7991   13.5395
   -7.5000   30.0000   15.0000 2831.0876   14.0588
    0.0000   30.0000   15.0000 2861.2454   13.9621
    7.5000   30.0000   15.0000 2840.0776   14.1885
   -7.5000   37.5000   15.0000 2725.1775   14.9477
    0.0000   37.5000   15.0000 2739.3452   14.8804
    7.5000   37.5000   15.0000 2726.9058   15.0738
   -7.5000   45.0000   15.0000 2598.7686   16.2247
    0.0000   45.0000   15.0000 2611.2241   16.1687
    7.5000   45.0000   15.0000 2597.1001   16.3501
   -7.5000  -45.0000   22.5000 2076.1326   24.4057
    0.0000  -45.0000   22.5000 2093.3506   24.0695
    7.5000  -45.0000   22.5000 2094.4004   24.7709
   -7.5000  -37.5000   22.5000 2222.8584   21.1081
    0.0000  -37.5000   22.5000 2235.7205   20.7005
    7.5000  -37.5000   22.5000 2235.8271   21.4098
   -7.5000  -30.0000   22.5000 2355.3589   18.6653
    0.0000  -30.0000   22.5000 2373.0208   18.2962
    7.5000  -30.0000   22.5000 2368.8525   18.9095
   -7.5000  -22.5000   22.5000 2477.2310   16.7890
    0.0000  -22.5000   22.5000 2494.6406   16.4778
    7.5000  -22.5000   22.5000 2492.8257   16.9906
   -7.5000  -15.0000   22.5000 2600.7070   15.4174
    0.0000  -15.0000   22.5000 2623.6604   15.1327
    7.5000  -15.0000   22.5000 2619.1577   15.5687
   -7.5000   -7.5000   22.5000 2721.8906   14.4501
    0.0000   -7.5000   22.5000 2746.9861   14.1859
    7.5000   -7.5000   22.5000 2736.5466   14.5549
   -7.5000    0.0000   22.5000 2826.2886   13.7907
    0.0000    0.0000   22.5000 2859.1086   13.5119
    7.5000    0.0000   22.5000 2830.7180   13.8662
   -7.5000    7.5000   22.5000 2903.3340   13.3549
    0.0000    7.5000   22.5000 2930.3760   13.0518
    7.5000    7.5000   22.5000 2900.1064   13.4025
   -7.5000   15.0000   22.5000 2928.9365   13.3561
    0.0000   15.0000   22.5000 2960.6338   13.1590
    7.5000   15.0000   22.5000 2928.7610   13.3908
   -7.5000   22.5000   22.5000 2889.9092   13.7228
    0.0000   22.5000   22.5000 2931.8315   13.6105
    7.5000   22.5000   22.5000 2892.4753   13.7841
   -7.5000   30.0000   22.5000 2804.3804   14.3506
    0.0000   30.0000   22.5000 2838.1543   14.2914
    7.5000   30.0000   22.5000 2812.9536   14.4457
   -7.5000   37.5000   22.5000 2700.6992   15.2155
    0.0000   37.5000   22.5000 2716.7568   15.1443
    7.5000   37.5000   22.5000 2703.2427   15.3208
   -7.5000   45.0000   22.5000 2578.9084   16.4302
    0.0000   45.0000   22.5000 2593.7512   16.3864
    7.5000   45.0000   22.5000 2579.8433   16.5501
   -7.5000  -45.0000   30.0000 2031.7455   25.2863
    0.0000  -45.0000   30.0000 2048.0154   24.8741
    7.5000  -45.0000   30.0000 2052.0930   25.4529
   -7.5000  -37.5000   30.0000 2188.8840   21.8468
    0.0000  -37.5000   30.0000 2207.6011   21.5102
    7.5000  -37.5000   30.0000 2199.9089   21.9870
   -7.5000  -30.0000   30.0000 2325.5920   19.3353
    0.0000  -30.0000   30.0000 2346.0796   19.0689
    7.5000  -30.0000   30.0000 2334.7407   19.4437
   -7.5000  -22.5000   30.0000 2447.3972   17.4630
    0.0000  -22.5000   30.0000 2471.5867   17.2418
    7.5000  -22.5000   30.0000 2456.1614   17.5761
   -7.5000  -15.0000   30.0000 2560.2993   16.0776
    0.0000  -15.0000   30.0000 2589.5408   15.8741
    7.5000  -15.0000   30.0000 2574.8464   16.1694
   -7.5000   -7.5000   30.0000 2677.0420   15.0625
    0.0000   -7.5000   30.0000 2705.3545   14.8279
    7.5000   -7.5000   30.0000 2694.5615   15.1202
   -7.5000    0.0000   30.0000 2776.0803   14.2896
    0.0000    0.0000   30.0000 2803.4834   13.9793
    7.5000    0.0000   30.0000 2783.2485   14.3618
   -7.5000    7.5000   30.0000 2845.4375   13.8405
    0.0000    7.5000   30.0000 2867.1379   13.6036
    7.5000    7.5000   30.0000 2847.7683   13.9377
   -7.5000   15.0000   30.0000 2867.5879   13.8660
    0.0000   15.0000   30.0000 2886.5374   13.6731
    7.5000   15.0000   30.0000 2865.2205   13.9220
   -7.5000   22.5000   30.0000 2827.3464   14.2300
    0.0000   22.5000   30.0000 2859.1785   14.0652
    7.5000   22.5000   30.0000 2830.5603   14.2901
   -7.5000   30.0000   30.0000 2750.5916   14.8131
    0.0000   30.0000   30.0000 2783.8545   14.7324
    7.5000   30.0000   30.0000 2757.1184   14.9047
   -7.5000   37.5000   30.0000 2653.0876   15.7086
    0.0000   37.5000   30.0000 2673.2209   15.6445
    7.5000   37.5000   30.0000 2654.5510   15.8027
   -7.5000   45.0000   30.0000 2538.5469   16.9141
    0.0000   45.0000   30.0000 2557.3213   16.8427
    7.5000   45.0000   30.0000 2539.3264   17.0042
   -7.5000  -45.0000   37.5000 1982.4949   26.3828
    0.0000  -45.0000   37.5000 1999.1877   26.0408
    7.5000  -45.0000   37.5000 1997.2783   26.4446
   -7.5000  -37.5000   37.5000 2145.9868   22.8695
    0.0000  -37.5000   37.5000 2166.0740   22.5851
    7.5000  -37.5000   37.5000 2153.4553   22.9112
   -7.5000  -30.0000   37.5000 2282.0857   20.2512
    0.0000  -30.0000   37.5000 2305.8831   20.0289
    7.5000  -30.0000   37.5000 2289.2935   20.3290
   -7.5000  -22.5000   37.5000 2405.9287   18.3536
    0.0000  -22.5000   37.5000 2436.4441   18.1598
    7.5000  -22.5000   37.5000 2414.8923   18.4174
   -7.5000  -15.0000   37.5000 2514.1550   16.8955
    0.0000  -15.0000   37.5000 2550.5107   16.7243
    7.5000  -15.0000   37.5000 2527.3403   16.9509
   -7.5000   -7.5000   37.5000 2629.5088   15.8139
    0.0000   -7.5000   37.5000 2660.9556   15.5640
    7.5000   -7.5000   37.5000 2641.0957   15.8548
   -7.5000    0.0000   37.5000 2715.2932   14.9931
    0.0000    0.0000   37.5000 2742.9458   14.7589
    7.5000    0.0000   37.5000 2721.0923   15.1055
   -7.5000    7.5000   37.5000 2769.3628   14.5703
    0.0000    7.5000   37.5000 2788.8264   14.3806
    7.5000    7.5000   37.5000 2770.3855   14.6896
   -7.5000   15.0000   37.5000 2778.9998   14.5795
    0.0000   15.0000   37.5000 2798.7041   14.3756
    7.5000   15.0000   37.5000 2780.2532   14.6266
   -7.5000   22.5000   37.5000 2749.3618   14.8863
    0.0000   22.5000   37.5000 2775.3796   14.7001
    7.5000   22.5000   37.5000 2757.6597   14.9553
   -7.5000   30.0000   37.5000 2680.6562   15.4821
    0.0000   30.0000   37.5000 2707.7976   15.3460
    7.5000   30.0000   37.5000 2685.4224   15.5575
   -7.5000   37.5000   37.5000 2591.7966   16.3526
    0.0000   37.5000   37.5000 2613.6362   16.2700
    7.5000   37.5000   37.5000 2597.3057   16.4357
   -7.5000   45.0000   37.5000 2487.3799   17.5457
    0.0000   45.0000   37.5000 2506.7769   17.4894
    7.5000   45.0000   37.5000 2488.2615   17.6253
   -7.5000  -45.0000   45.0000 1929.5806   27.8485
    0.0000  -45.0000   45.0000 1943.3331   27.5480
    7.5000  -45.0000   45.0000 1940.5776   27.8992
   -7.5000  -37.5000   45.0000 2093.0305   24.1558
    0.0000  -37.5000   45.0000 2113.7136   23.9607
    7.5000  -37.5000   45.0000 2103.6311   24.2109
   -7.5000  -30.0000   45.0000 2230.7563   21.4230
    0.0000  -30.0000   45.0000 2258.9951   21.2692
    7.5000  -30.0000   45.0000 2240.4116   21.4762
   -7.5000  -22.5000   45.0000 2351.6389   19.4539
    0.0000  -22.5000   45.0000 2385.7324   19.2997
    7.5000  -22.5000   45.0000 2360.5398   19.4872
   -7.5000  -15.0000   45.0000 2456.3140   17.9476
    0.0000  -15.0000   45.0000 2495.0457   17.7835
    7.5000  -15.0000   45.0000 2468.8457   17.9932
   -7.5000   -7.5000   45.0000 2562.0081   16.7860
    0.0000   -7.5000   45.0000 2598.3953   16.5965
    7.5000   -7.5000   45.0000 2571.9050   16.8551
   -7.5000    0.0000   45.0000 2640.7405   15.9485
    0.0000    0.0000   45.0000 2669.5474   15.7977
    7.5000    0.0000   45.0000 2644.6946   16.0497
   -7.5000    7.5000   45.0000 2682.1250   15.5655
    0.0000    7.5000   45.0000 2707.9260   15.4122
    7.5000    7.5000   45.0000 2684.9368   15.6485
   -7.5000   15.0000   45.0000 2683.1196   15.5252
    0.0000   15.0000   45.0000 2704.4849   15.3516
    7.5000   15.0000   45.0000 2688.3826   15.5553
   -7.5000   22.5000   45.0000 2659.2129   15.7498
    0.0000   22.5000   45.0000 2680.2815   15.6011
    7.5000   22.5000   45.0000 2665.3311   15.8114
   -7.5000   30.0000   45.0000 2597.6187   16.3018
    0.0000   30.0000   45.0000 2626.8491   16.2039
    7.5000   30.0000   45.0000 2606.6135   16.4147
   -7.5000   37.5000   45.0000 2515.6047   17.1708
    0.0000   37.5000   45.0000 2543.0557   17.0902
    7.5000   37.5000   45.0000 2520.3896   17.2482
   -7.5000   45.0000   45.0000 2420.3413   18.3428
    0.0000   45.0000   45.0000 2439.4773   18.3203
    7.5000   45.0000   45.0000 2418.6040   18.4375

---------------------------------------------------------------------
imgreg_4dfp /opt/freesurfer/average/711-2C_as_mni_average_305 /opt/freesurfer/average/711-2B_as_mni_average_305_mask talsrcimg_g11 none talsrcimg_to_711-2C_as_mni_average_305_t4 1283
---------------------------------------------------------------------

freesurfer imgreg_4dfp.c
/opt/freesurfer/average/711-2C_as_mni_average_305.4dfp.img
       256       256       256         1
  1.000000  1.000000  1.000000
orientation T byte_order littleendian
Reading image: /opt/freesurfer/average/711-2C_as_mni_average_305.4dfp.img
dimensions:      256       256       256
mmppix:       1.0000   -1.0000   -1.0000
center:     128.0000 -129.0000 -129.0000
/opt/freesurfer/average/711-2B_as_mni_average_305_mask.4dfp.img
       256       256       256         1
  1.000000  1.000000  1.000000
orientation T byte_order littleendian
Reading mask: /opt/freesurfer/average/711-2B_as_mni_average_305_mask.4dfp.img (2306576 pixels)
talsrcimg_g11.4dfp.img
       256       256       256         1
  1.000000  1.000000  1.000000
orientation T byte_order littleendian
Reading image: talsrcimg_g11.4dfp.img
dimensions:      256       256       256
mmppix:       1.0000   -1.0000   -1.0000
center:     128.0000 -129.0000 -129.0000
rotation matrix determinant  1.000000
fimgreg.f
image alignment mode   1283 decimal      503 hex
parameters
    0.0000   15.0000   15.0000    0.0000    0.0000    0.0000
eta,q 0.94038 12.74997
niter,ni,del,rscale     5    3   12.0000    1.2000
parameters
   -0.4924   12.5404   13.8944   -1.8683   -1.6949   -2.0700
eta,q 0.94487 12.71141
  0.0684  0.0617  0.0626  0.0597  0.0599  0.0572
  0.0640  0.0579  0.0599  0.0573  0.0567  0.0557
  0.0613  0.0582  0.0577  0.0564  0.0554  0.0551
  0.0605  0.0598  0.0575  0.0572  0.0564  0.0554
  0.0626  0.0625  0.0600  0.0593  0.0591  0.0575
  0.0664  0.0650  0.0638  0.0627  0.0626  0.0607
  0.0708  0.0671  0.0677  0.0654  0.0665  0.0648
niter,ni,del,rscale     4    3   12.0000    1.2000
parameter  4  0.528912 ->  0.500000 qaram    1.1500
parameters
    0.1264   14.2284   13.3351   -5.3183   -2.0763   -2.1506
eta,q 0.94903 12.73498
  0.0665  0.0678  0.0609  0.0546  0.0601  0.0581
  0.0625  0.0628  0.0581  0.0515  0.0558  0.0548
  0.0589  0.0580  0.0551  0.0518  0.0517  0.0520
  0.0551  0.0546  0.0541  0.0541  0.0512  0.0510
  0.0550  0.0542  0.0559  0.0577  0.0537  0.0517
  0.0590  0.0559  0.0599  0.0621  0.0575  0.0546
  0.0639  0.0589  0.0642  0.0657  0.0622  0.0590
niter,ni,del,rscale     4    3   12.0000    1.2000
parameters
    0.6441   15.3156   12.4533   -5.7943   -2.6281   -1.8350
eta,q 0.95176 12.72059
  0.0660  0.0662  0.0571  0.0592  0.0571  0.0574
  0.0614  0.0618  0.0528  0.0559  0.0529  0.0540
  0.0553  0.0562  0.0495  0.0508  0.0491  0.0504
  0.0510  0.0507  0.0493  0.0489  0.0487  0.0483
  0.0521  0.0495  0.0525  0.0522  0.0515  0.0489
  0.0571  0.0538  0.0573  0.0571  0.0553  0.0520
  0.0631  0.0602  0.0623  0.0627  0.0602  0.0565
niter,ni,del,rscale     3    3   12.0000    1.2000
parameters
    0.7339   15.4969   12.2754   -5.9599   -2.7978   -1.7457
eta,q 0.95194 12.72018
  0.0632  0.0635  0.0589  0.0599  0.0577  0.0568
  0.0577  0.0589  0.0545  0.0566  0.0536  0.0533
  0.0514  0.0527  0.0502  0.0513  0.0496  0.0498
  0.0482  0.0482  0.0481  0.0481  0.0481  0.0481
  0.0508  0.0502  0.0505  0.0513  0.0504  0.0492
  0.0567  0.0563  0.0552  0.0564  0.0541  0.0524
  0.0627  0.0634  0.0602  0.0616  0.0587  0.0569
niter,ni,del,rscale     2    3   12.0000    1.2000
parameters
    0.7729   15.5708   12.2207   -6.0180   -2.8519   -1.7189
eta,q 0.95199 12.71986
  0.0626  0.0631  0.0593  0.0602  0.0578  0.0567
  0.0571  0.0586  0.0549  0.0568  0.0537  0.0531
  0.0510  0.0522  0.0504  0.0516  0.0498  0.0496
  0.0481  0.0481  0.0480  0.0480  0.0480  0.0480
  0.0508  0.0505  0.0502  0.0511  0.0501  0.0492
  0.0565  0.0567  0.0549  0.0562  0.0538  0.0525
  0.0625  0.0639  0.0599  0.0613  0.0583  0.0569
niter,ni,del,rscale     1    3   12.0000    1.2000
parameters
    0.7889   15.5992   12.2029   -6.0375   -2.8713   -1.7119
eta,q 0.95200 12.71978
  0.0624  0.0629  0.0594  0.0603  0.0579  0.0566
  0.0569  0.0584  0.0550  0.0569  0.0538  0.0530
  0.0508  0.0521  0.0504  0.0517  0.0499  0.0495
  0.0480  0.0480  0.0480  0.0480  0.0480  0.0480
  0.0508  0.0506  0.0501  0.0510  0.0500  0.0493
  0.0565  0.0568  0.0548  0.0562  0.0537  0.0526
  0.0624  0.0640  0.0598  0.0612  0.0581  0.0569
registration optimization eta report
parameter search radius
    6.0000    6.0000    6.0000    6.9000    6.0000    6.0000
100000*second partial in parameter space
       38.       40.       30.       24.       26.       24.
  0.0624  0.0629  0.0594  0.0603  0.0579  0.0566
  0.0569  0.0584  0.0550  0.0569  0.0538  0.0530
  0.0508  0.0521  0.0504  0.0517  0.0499  0.0495
  0.0480  0.0480  0.0480  0.0480  0.0480  0.0480
  0.0508  0.0506  0.0501  0.0510  0.0500  0.0493
  0.0565  0.0568  0.0548  0.0562  0.0537  0.0526
  0.0624  0.0640  0.0598  0.0612  0.0581  0.0569
    0.7889   15.5992   12.2029   -6.0375   -2.8713   -1.7119
eta,q 0.95200 12.71978

---------------------------------------------------------------------
imgreg_4dfp /opt/freesurfer/average/711-2C_as_mni_average_305 /opt/freesurfer/average/711-2B_as_mni_average_305_mask talsrcimg_g11 none talsrcimg_to_711-2C_as_mni_average_305_t4 3335
---------------------------------------------------------------------

freesurfer imgreg_4dfp.c
/opt/freesurfer/average/711-2C_as_mni_average_305.4dfp.img
       256       256       256         1
  1.000000  1.000000  1.000000
orientation T byte_order littleendian
Reading image: /opt/freesurfer/average/711-2C_as_mni_average_305.4dfp.img
dimensions:      256       256       256
mmppix:       1.0000   -1.0000   -1.0000
center:     128.0000 -129.0000 -129.0000
/opt/freesurfer/average/711-2B_as_mni_average_305_mask.4dfp.img
       256       256       256         1
  1.000000  1.000000  1.000000
orientation T byte_order littleendian
Reading mask: /opt/freesurfer/average/711-2B_as_mni_average_305_mask.4dfp.img (2306576 pixels)
talsrcimg_g11.4dfp.img
       256       256       256         1
  1.000000  1.000000  1.000000
orientation T byte_order littleendian
Reading image: talsrcimg_g11.4dfp.img
dimensions:      256       256       256
mmppix:       1.0000   -1.0000   -1.0000
center:     128.0000 -129.0000 -129.0000
fimgreg.f
image alignment mode   3335 decimal      D07 hex
parameters
    0.7889   15.5992   12.2029   -0.1701   -0.5833   -0.6795
    2.4441    5.2934   -2.9836   10.3645   -5.0092  -10.5048
eta,q 0.94940 12.64286
niter,ni,del,rscale     5    3    5.0000    1.2000
parameter  4-32.234577 ->  0.500000 qaram    1.1500
parameter  5  5.945235 ->  0.500000 qaram    1.1500
parameter  6  0.883334 ->  0.500000 qaram    1.1500
parameters
    0.7424   16.0855   12.2175   -4.3101   -4.7233   -4.8195
    1.1109    6.1001   -3.1638    9.3595   -3.3995  -10.9171
eta,q 0.96585 12.33876
  0.0520  0.0532  0.0522  0.0387  0.0332  0.0343  0.0360  0.0419  0.0359  0.0370  0.0367  0.0352
  0.0512  0.0520  0.0513  0.0420  0.0365  0.0345  0.0351  0.0386  0.0351  0.0352  0.0355  0.0346
  0.0508  0.0511  0.0508  0.0460  0.0398  0.0352  0.0346  0.0360  0.0346  0.0343  0.0346  0.0342
  0.0506  0.0506  0.0505  0.0505  0.0430  0.0374  0.0346  0.0345  0.0344  0.0344  0.0342  0.0341
  0.0507  0.0506  0.0507  0.0545  0.0464  0.0413  0.0352  0.0346  0.0346  0.0352  0.0342  0.0343
  0.0512  0.0510  0.0513  0.0580  0.0504  0.0462  0.0362  0.0365  0.0352  0.0366  0.0345  0.0348
  0.0523  0.0517  0.0522  0.0617  0.0546  0.0503  0.0375  0.0395  0.0362  0.0388  0.0352  0.0354
niter,ni,del,rscale     7    3    5.0000    1.2000
parameter  4  1.043436 ->  0.500000 qaram    1.3225
parameter  5  3.200437 ->  0.500000 qaram    1.3225
parameters
    0.2486   15.2735   11.3293   -9.0711   -9.4843   -5.9523
    1.4712    5.9392   -3.0423    9.7027   -4.4361  -13.6469
eta,q 0.97705 12.18333
  0.0365  0.0346  0.0343  0.0291  0.0202  0.0265  0.0270  0.0292  0.0262  0.0284  0.0242  0.0236
  0.0349  0.0340  0.0336  0.0289  0.0222  0.0250  0.0251  0.0260  0.0247  0.0259  0.0235  0.0231
  0.0341  0.0338  0.0335  0.0303  0.0254  0.0238  0.0238  0.0240  0.0237  0.0241  0.0232  0.0230
  0.0341  0.0340  0.0338  0.0335  0.0291  0.0230  0.0233  0.0233  0.0233  0.0233  0.0233  0.0232
  0.0352  0.0346  0.0345  0.0382  0.0327  0.0231  0.0236  0.0240  0.0236  0.0237  0.0235  0.0238
  0.0371  0.0358  0.0356  0.0434  0.0365  0.0258  0.0247  0.0263  0.0245  0.0253  0.0241  0.0246
  0.0397  0.0374  0.0370  0.0476  0.0410  0.0313  0.0264  0.0299  0.0260  0.0276  0.0249  0.0255
niter,ni,del,rscale     7    3    5.0000    1.2000
parameter  5  0.742272 ->  0.500000 qaram    1.5209
parameters
    0.2060   15.0535   11.4446  -11.4166  -14.9595   -3.8861
    1.7686    6.0333   -2.9460    9.7905   -5.4648  -15.9395
eta,q 0.98089 12.07499
  0.0274  0.0258  0.0248  0.0266  0.0212  0.0246  0.0232  0.0250  0.0223  0.0234  0.0201  0.0198
  0.0249  0.0241  0.0238  0.0247  0.0202  0.0227  0.0212  0.0219  0.0208  0.0212  0.0196  0.0192
  0.0234  0.0231  0.0232  0.0233  0.0206  0.0212  0.0199  0.0200  0.0197  0.0199  0.0193  0.0191
  0.0230  0.0230  0.0229  0.0229  0.0230  0.0201  0.0194  0.0193  0.0193  0.0193  0.0193  0.0193
  0.0236  0.0236  0.0230  0.0248  0.0271  0.0191  0.0197  0.0198  0.0196  0.0197  0.0196  0.0197
  0.0252  0.0250  0.0235  0.0291  0.0311  0.0193  0.0208  0.0216  0.0206  0.0210  0.0200  0.0204
  0.0277  0.0269  0.0245  0.0349  0.0354  0.0222  0.0226  0.0248  0.0222  0.0233  0.0207  0.0213
niter,ni,del,rscale     7    3    5.0000    1.2000
parameters
    0.3383   15.4812   11.8122  -10.9961  -16.9989   -4.1139
    1.5208    6.2754   -2.8789   10.3841   -5.6068  -16.4915
eta,q 0.98108 11.99980
  0.0237  0.0239  0.0214  0.0256  0.0238  0.0228  0.0222  0.0246  0.0218  0.0228  0.0201  0.0201
  0.0213  0.0216  0.0202  0.0229  0.0213  0.0211  0.0204  0.0215  0.0203  0.0207  0.0194  0.0193
  0.0198  0.0199  0.0194  0.0207  0.0194  0.0198  0.0193  0.0196  0.0193  0.0194  0.0191  0.0190
  0.0191  0.0191  0.0190  0.0189  0.0188  0.0189  0.0190  0.0190  0.0190  0.0190  0.0189  0.0189
  0.0194  0.0191  0.0190  0.0187  0.0207  0.0185  0.0195  0.0194  0.0193  0.0191  0.0191  0.0192
  0.0207  0.0198  0.0194  0.0209  0.0251  0.0203  0.0208  0.0210  0.0202  0.0200  0.0195  0.0197
  0.0229  0.0214  0.0203  0.0258  0.0302  0.0247  0.0227  0.0240  0.0217  0.0217  0.0202  0.0204
niter,ni,del,rscale     6    3    5.0000    1.2000
parameters
    0.3999   15.7692   11.8668  -10.7062  -17.5581   -4.1316
    1.4253    6.3820   -2.9114   10.7289   -5.6243  -16.7948
eta,q 0.98114 11.98646
  0.0233  0.0229  0.0207  0.0252  0.0251  0.0230  0.0223  0.0244  0.0216  0.0223  0.0202  0.0201
  0.0210  0.0209  0.0197  0.0227  0.0224  0.0212  0.0204  0.0213  0.0201  0.0203  0.0194  0.0193
  0.0195  0.0196  0.0191  0.0206  0.0201  0.0198  0.0193  0.0195  0.0192  0.0192  0.0190  0.0189
  0.0189  0.0189  0.0189  0.0189  0.0188  0.0189  0.0189  0.0189  0.0189  0.0189  0.0189  0.0189
  0.0193  0.0190  0.0190  0.0186  0.0193  0.0184  0.0193  0.0194  0.0192  0.0191  0.0190  0.0191
  0.0206  0.0198  0.0196  0.0210  0.0226  0.0201  0.0206  0.0211  0.0201  0.0200  0.0195  0.0196
  0.0229  0.0214  0.0206  0.0258  0.0276  0.0243  0.0224  0.0241  0.0216  0.0217  0.0201  0.0203
niter,ni,del,rscale     5    3    5.0000    1.2000
parameters
    0.4096   15.8542   11.8278  -10.6463  -17.7130   -4.1459
    1.4084    6.4194   -2.9194   10.8874   -5.6279  -16.9153
eta,q 0.98113 11.98329
  0.0231  0.0222  0.0206  0.0250  0.0254  0.0230  0.0223  0.0243  0.0215  0.0221  0.0202  0.0202
  0.0208  0.0205  0.0196  0.0226  0.0227  0.0212  0.0205  0.0213  0.0201  0.0202  0.0195  0.0194
  0.0194  0.0193  0.0190  0.0205  0.0204  0.0199  0.0193  0.0195  0.0192  0.0192  0.0190  0.0190
  0.0189  0.0189  0.0189  0.0188  0.0188  0.0189  0.0189  0.0189  0.0189  0.0189  0.0189  0.0189
  0.0193  0.0191  0.0191  0.0188  0.0191  0.0184  0.0193  0.0194  0.0192  0.0191  0.0190  0.0191
  0.0207  0.0201  0.0197  0.0213  0.0220  0.0201  0.0205  0.0211  0.0201  0.0200  0.0195  0.0195
  0.0230  0.0218  0.0208  0.0262  0.0270  0.0243  0.0224  0.0242  0.0216  0.0218  0.0202  0.0202
niter,ni,del,rscale     4    3    5.0000    1.2000
parameters
    0.4106   15.8874   11.8070  -10.6346  -17.7628   -4.1552
    1.4037    6.4281   -2.9181   10.9532   -5.6246  -16.9829
eta,q 0.98112 11.98207
  0.0231  0.0221  0.0207  0.0250  0.0255  0.0231  0.0223  0.0242  0.0215  0.0220  0.0202  0.0203
  0.0208  0.0204  0.0197  0.0226  0.0228  0.0212  0.0205  0.0212  0.0201  0.0201  0.0195  0.0194
  0.0194  0.0193  0.0191  0.0205  0.0205  0.0199  0.0193  0.0195  0.0192  0.0192  0.0190  0.0190
  0.0189  0.0189  0.0189  0.0189  0.0189  0.0189  0.0189  0.0189  0.0189  0.0189  0.0189  0.0189
  0.0194  0.0192  0.0191  0.0188  0.0190  0.0184  0.0193  0.0194  0.0192  0.0192  0.0190  0.0191
  0.0208  0.0202  0.0197  0.0213  0.0218  0.0201  0.0205  0.0212  0.0201  0.0201  0.0195  0.0196
  0.0231  0.0219  0.0207  0.0263  0.0268  0.0243  0.0223  0.0243  0.0216  0.0218  0.0202  0.0202
niter,ni,del,rscale     3    3    5.0000    1.2000
parameters
    0.4115   15.9040   11.7954  -10.6305  -17.7858   -4.1599
    1.3977    6.4343   -2.9180   10.9845   -5.6260  -17.0013
eta,q 0.98111 11.98153
  0.0231  0.0220  0.0207  0.0250  0.0255  0.0231  0.0223  0.0242  0.0215  0.0219  0.0202  0.0203
  0.0208  0.0203  0.0197  0.0226  0.0228  0.0212  0.0205  0.0212  0.0201  0.0201  0.0195  0.0194
  0.0194  0.0193  0.0191  0.0205  0.0205  0.0199  0.0193  0.0195  0.0192  0.0192  0.0190  0.0190
  0.0189  0.0189  0.0189  0.0189  0.0189  0.0189  0.0189  0.0189  0.0189  0.0189  0.0189  0.0189
  0.0194  0.0192  0.0191  0.0188  0.0190  0.0184  0.0193  0.0194  0.0192  0.0192  0.0191  0.0191
  0.0208  0.0202  0.0197  0.0214  0.0218  0.0201  0.0205  0.0212  0.0201  0.0201  0.0195  0.0195
  0.0231  0.0220  0.0207  0.0263  0.0267  0.0243  0.0223  0.0243  0.0216  0.0219  0.0202  0.0202
registration optimization eta report
parameter search radius
    2.4000    2.4000    2.4000    9.5220   10.9503    8.2800
    7.2000    7.2000    7.2000    7.2000    7.2000    7.2000
100000*second partial in parameter space
       73.       54.       32.        7.        6.        7.
        7.       10.        5.        6.        2.        3.
  0.0231  0.0220  0.0207  0.0250  0.0255  0.0231  0.0223  0.0242  0.0215  0.0219  0.0202  0.0203
  0.0208  0.0203  0.0197  0.0226  0.0228  0.0212  0.0205  0.0212  0.0201  0.0201  0.0195  0.0194
  0.0194  0.0193  0.0191  0.0205  0.0205  0.0199  0.0193  0.0195  0.0192  0.0192  0.0190  0.0190
  0.0189  0.0189  0.0189  0.0189  0.0189  0.0189  0.0189  0.0189  0.0189  0.0189  0.0189  0.0189
  0.0194  0.0192  0.0191  0.0188  0.0190  0.0184  0.0193  0.0194  0.0192  0.0192  0.0191  0.0191
  0.0208  0.0202  0.0197  0.0214  0.0218  0.0201  0.0205  0.0212  0.0201  0.0201  0.0195  0.0195
  0.0231  0.0220  0.0207  0.0263  0.0267  0.0243  0.0223  0.0243  0.0216  0.0219  0.0202  0.0202
    0.4115   15.9040   11.7954  -10.6305  -17.7858   -4.1599
    1.3977    6.4343   -2.9180   10.9845   -5.6260  -17.0013
eta,q 0.98111 11.98153

---------------------------------------------------------------------
imgreg_4dfp /opt/freesurfer/average/711-2C_as_mni_average_305 /opt/freesurfer/average/711-2B_as_mni_average_305_mask talsrcimg_g11 none talsrcimg_to_711-2C_as_mni_average_305_t4 2311
---------------------------------------------------------------------

freesurfer imgreg_4dfp.c
/opt/freesurfer/average/711-2C_as_mni_average_305.4dfp.img
       256       256       256         1
  1.000000  1.000000  1.000000
orientation T byte_order littleendian
Reading image: /opt/freesurfer/average/711-2C_as_mni_average_305.4dfp.img
dimensions:      256       256       256
mmppix:       1.0000   -1.0000   -1.0000
center:     128.0000 -129.0000 -129.0000
/opt/freesurfer/average/711-2B_as_mni_average_305_mask.4dfp.img
       256       256       256         1
  1.000000  1.000000  1.000000
orientation T byte_order littleendian
Reading mask: /opt/freesurfer/average/711-2B_as_mni_average_305_mask.4dfp.img (2306576 pixels)
talsrcimg_g11.4dfp.img
       256       256       256         1
  1.000000  1.000000  1.000000
orientation T byte_order littleendian
Reading image: talsrcimg_g11.4dfp.img
dimensions:      256       256       256
mmppix:       1.0000   -1.0000   -1.0000
center:     128.0000 -129.0000 -129.0000
fimgreg.f
image alignment mode   2311 decimal      907 hex
parameters
    0.4115   15.9040   11.7954  -10.6305  -17.7858   -4.1599
    1.3977    6.4343   -2.9180   10.9845   -5.6260  -17.0013
eta,q 0.98111 11.98153
niter,ni,del,rscale     5    3    5.0000    0.8000
parameters
    0.4117   15.9207   11.7955   -9.2581  -16.7094   -3.0268
    1.2265    6.5296   -2.9845   11.1166   -5.3428  -16.9849
eta,q 0.98194 12.10047
  0.0208  0.0203  0.0197  0.0215  0.0208  0.0204  0.0198  0.0212  0.0195  0.0198  0.0190  0.0189
  0.0197  0.0195  0.0193  0.0205  0.0199  0.0196  0.0189  0.0195  0.0187  0.0188  0.0185  0.0184
  0.0191  0.0191  0.0190  0.0196  0.0191  0.0190  0.0182  0.0185  0.0182  0.0183  0.0182  0.0181
  0.0189  0.0189  0.0189  0.0189  0.0186  0.0184  0.0181  0.0181  0.0181  0.0181  0.0181  0.0181
  0.0191  0.0190  0.0190  0.0186  0.0184  0.0180  0.0183  0.0183  0.0182  0.0182  0.0181  0.0182
  0.0197  0.0195  0.0192  0.0189  0.0187  0.0183  0.0190  0.0193  0.0188  0.0187  0.0184  0.0184
  0.0208  0.0203  0.0197  0.0198  0.0196  0.0194  0.0201  0.0210  0.0196  0.0196  0.0188  0.0188
niter,ni,del,rscale     4    3    5.0000    0.7000
parameters
    0.2998   15.6490   11.6810   -9.3824  -16.4368   -2.9393
    1.3894    6.4268   -2.9736   10.9151   -5.2737  -16.8496
eta,q 0.98205 12.11254
  0.0195  0.0188  0.0187  0.0198  0.0196  0.0196  0.0196  0.0202  0.0191  0.0192  0.0187  0.0186
  0.0186  0.0183  0.0183  0.0190  0.0189  0.0190  0.0187  0.0190  0.0185  0.0185  0.0183  0.0182
  0.0181  0.0180  0.0180  0.0183  0.0183  0.0185  0.0182  0.0182  0.0181  0.0181  0.0180  0.0180
  0.0181  0.0180  0.0180  0.0180  0.0180  0.0180  0.0180  0.0179  0.0180  0.0179  0.0180  0.0179
  0.0183  0.0183  0.0181  0.0182  0.0180  0.0179  0.0181  0.0182  0.0181  0.0181  0.0180  0.0180
  0.0190  0.0189  0.0185  0.0190  0.0185  0.0185  0.0186  0.0191  0.0185  0.0186  0.0182  0.0182
  0.0200  0.0198  0.0190  0.0203  0.0194  0.0199  0.0193  0.0205  0.0191  0.0194  0.0186  0.0185
niter,ni,del,rscale     3    3    5.0000    0.6000
parameters
    0.2725   15.5985   11.6944   -9.3470  -16.3285   -2.7049
    1.3954    6.3972   -2.9598   10.8421   -5.2804  -16.8516
eta,q 0.98210 12.12198
  0.0192  0.0188  0.0186  0.0195  0.0191  0.0193  0.0190  0.0197  0.0188  0.0189  0.0184  0.0184
  0.0185  0.0183  0.0182  0.0188  0.0186  0.0188  0.0184  0.0187  0.0183  0.0183  0.0181  0.0181
  0.0181  0.0180  0.0180  0.0182  0.0182  0.0183  0.0180  0.0181  0.0180  0.0180  0.0180  0.0179
  0.0180  0.0180  0.0179  0.0180  0.0179  0.0179  0.0179  0.0179  0.0179  0.0179  0.0179  0.0179
  0.0181  0.0181  0.0180  0.0181  0.0180  0.0179  0.0180  0.0181  0.0180  0.0180  0.0180  0.0180
  0.0186  0.0184  0.0182  0.0186  0.0184  0.0183  0.0184  0.0187  0.0183  0.0184  0.0181  0.0181
  0.0193  0.0190  0.0186  0.0195  0.0191  0.0193  0.0190  0.0198  0.0188  0.0190  0.0184  0.0183
niter,ni,del,rscale     2    3    5.0000    0.5000
parameters
    0.2610   15.5632   11.7177   -9.3282  -16.2622   -2.5070
    1.3823    6.3976   -2.9434   10.8126   -5.2940  -16.8501
eta,q 0.98214 12.12899
  0.0188  0.0185  0.0184  0.0190  0.0187  0.0190  0.0187  0.0192  0.0185  0.0186  0.0182  0.0182
  0.0183  0.0182  0.0181  0.0185  0.0183  0.0186  0.0182  0.0185  0.0181  0.0182  0.0180  0.0180
  0.0180  0.0179  0.0180  0.0181  0.0180  0.0182  0.0180  0.0180  0.0179  0.0179  0.0179  0.0179
  0.0179  0.0179  0.0179  0.0179  0.0179  0.0179  0.0179  0.0179  0.0179  0.0179  0.0179  0.0179
  0.0180  0.0180  0.0179  0.0180  0.0180  0.0179  0.0180  0.0180  0.0179  0.0179  0.0179  0.0179
  0.0183  0.0182  0.0181  0.0184  0.0182  0.0182  0.0182  0.0184  0.0181  0.0182  0.0180  0.0180
  0.0188  0.0186  0.0183  0.0190  0.0187  0.0189  0.0187  0.0192  0.0185  0.0186  0.0183  0.0182
niter,ni,del,rscale     1    3    5.0000    0.4000
parameters
    0.2556   15.5401   11.7370   -9.3097  -16.2217   -2.3505
    1.3698    6.4015   -2.9315   10.7920   -5.3169  -16.8885
eta,q 0.98215 12.13374
  0.0184  0.0183  0.0182  0.0186  0.0184  0.0187  0.0184  0.0187  0.0183  0.0183  0.0181  0.0181
  0.0181  0.0180  0.0180  0.0182  0.0181  0.0183  0.0181  0.0182  0.0180  0.0181  0.0180  0.0179
  0.0179  0.0179  0.0179  0.0180  0.0179  0.0180  0.0179  0.0180  0.0179  0.0179  0.0179  0.0179
  0.0179  0.0179  0.0179  0.0179  0.0179  0.0179  0.0178  0.0178  0.0178  0.0178  0.0178  0.0178
  0.0179  0.0179  0.0179  0.0179  0.0179  0.0179  0.0179  0.0179  0.0179  0.0179  0.0179  0.0179
  0.0181  0.0181  0.0180  0.0182  0.0181  0.0181  0.0181  0.0182  0.0180  0.0181  0.0180  0.0180
  0.0185  0.0183  0.0182  0.0186  0.0184  0.0186  0.0184  0.0187  0.0182  0.0183  0.0181  0.0181
registration optimization eta report
parameter search radius
    0.8000    0.8000    0.8000    2.4000    2.4000    2.4000
    2.4000    2.4000    2.4000    2.4000    2.4000    2.4000
100000*second partial in parameter space
       92.       67.       48.       13.       10.       13.
        9.       15.        7.        8.        5.        4.
  0.0184  0.0183  0.0182  0.0186  0.0184  0.0187  0.0184  0.0187  0.0183  0.0183  0.0181  0.0181
  0.0181  0.0180  0.0180  0.0182  0.0181  0.0183  0.0181  0.0182  0.0180  0.0181  0.0180  0.0179
  0.0179  0.0179  0.0179  0.0180  0.0179  0.0180  0.0179  0.0180  0.0179  0.0179  0.0179  0.0179
  0.0179  0.0179  0.0179  0.0179  0.0179  0.0179  0.0178  0.0178  0.0178  0.0178  0.0178  0.0178
  0.0179  0.0179  0.0179  0.0179  0.0179  0.0179  0.0179  0.0179  0.0179  0.0179  0.0179  0.0179
  0.0181  0.0181  0.0180  0.0182  0.0181  0.0181  0.0181  0.0182  0.0180  0.0181  0.0180  0.0180
  0.0185  0.0183  0.0182  0.0186  0.0184  0.0186  0.0184  0.0187  0.0182  0.0183  0.0181  0.0181
    0.2556   15.5401   11.7370   -9.3097  -16.2217   -2.3505
    1.3698    6.4015   -2.9315   10.7920   -5.3169  -16.8885
eta,q 0.98215 12.13374

---------------------------------------------------------------------
imgreg_4dfp /opt/freesurfer/average/711-2C_as_mni_average_305 /opt/freesurfer/average/711-2B_as_mni_average_305_mask talsrcimg_g11 none talsrcimg_to_711-2C_as_mni_average_305_t4 2311
---------------------------------------------------------------------

freesurfer imgreg_4dfp.c
/opt/freesurfer/average/711-2C_as_mni_average_305.4dfp.img
       256       256       256         1
  1.000000  1.000000  1.000000
orientation T byte_order littleendian
Reading image: /opt/freesurfer/average/711-2C_as_mni_average_305.4dfp.img
dimensions:      256       256       256
mmppix:       1.0000   -1.0000   -1.0000
center:     128.0000 -129.0000 -129.0000
/opt/freesurfer/average/711-2B_as_mni_average_305_mask.4dfp.img
       256       256       256         1
  1.000000  1.000000  1.000000
orientation T byte_order littleendian
Reading mask: /opt/freesurfer/average/711-2B_as_mni_average_305_mask.4dfp.img (2306576 pixels)
talsrcimg_g11.4dfp.img
       256       256       256         1
  1.000000  1.000000  1.000000
orientation T byte_order littleendian
Reading image: talsrcimg_g11.4dfp.img
dimensions:      256       256       256
mmppix:       1.0000   -1.0000   -1.0000
center:     128.0000 -129.0000 -129.0000
fimgreg.f
image alignment mode   2311 decimal      907 hex
parameters
    0.2556   15.5401   11.7370   -9.3097  -16.2217   -2.3505
    1.3698    6.4015   -2.9315   10.7920   -5.3169  -16.8885
eta,q 0.98215 12.13374
niter,ni,del,rscale     5    3    5.0000    0.8000
parameters
    0.2661   15.5194   11.7617   -9.6548  -16.4728   -2.9731
    1.4251    6.3626   -2.9207   10.7056   -5.3408  -16.6499
eta,q 0.98200 12.10344
  0.0202  0.0195  0.0191  0.0201  0.0196  0.0196  0.0199  0.0210  0.0195  0.0197  0.0188  0.0189
  0.0189  0.0186  0.0184  0.0190  0.0188  0.0190  0.0189  0.0193  0.0187  0.0187  0.0184  0.0184
  0.0181  0.0180  0.0180  0.0182  0.0182  0.0183  0.0182  0.0184  0.0182  0.0182  0.0181  0.0181
  0.0178  0.0178  0.0178  0.0178  0.0179  0.0179  0.0180  0.0180  0.0180  0.0180  0.0180  0.0180
  0.0181  0.0180  0.0180  0.0182  0.0181  0.0182  0.0182  0.0183  0.0182  0.0182  0.0181  0.0181
  0.0189  0.0186  0.0184  0.0193  0.0189  0.0194  0.0188  0.0193  0.0187  0.0188  0.0184  0.0183
  0.0201  0.0196  0.0190  0.0211  0.0203  0.0217  0.0198  0.0211  0.0195  0.0198  0.0188  0.0186
niter,ni,del,rscale     4    3    5.0000    0.7000
parameters
    0.2850   15.5915   11.7286   -9.4504  -16.3910   -2.8942
    1.3821    6.3959   -2.9403   10.7778   -5.3017  -16.7476
eta,q 0.98205 12.11262
  0.0198  0.0194  0.0188  0.0200  0.0195  0.0196  0.0194  0.0204  0.0191  0.0193  0.0186  0.0185
  0.0188  0.0186  0.0183  0.0191  0.0188  0.0190  0.0186  0.0191  0.0185  0.0186  0.0183  0.0182
  0.0182  0.0182  0.0181  0.0184  0.0182  0.0185  0.0181  0.0183  0.0181  0.0181  0.0180  0.0180
  0.0180  0.0180  0.0180  0.0180  0.0180  0.0180  0.0179  0.0179  0.0180  0.0180  0.0179  0.0179
  0.0182  0.0181  0.0181  0.0181  0.0181  0.0179  0.0181  0.0182  0.0181  0.0181  0.0180  0.0180
  0.0187  0.0185  0.0184  0.0187  0.0186  0.0185  0.0187  0.0190  0.0185  0.0185  0.0182  0.0183
  0.0197  0.0191  0.0189  0.0199  0.0195  0.0199  0.0195  0.0203  0.0191  0.0193  0.0186  0.0185
niter,ni,del,rscale     3    3    5.0000    0.6000
parameters
    0.2735   15.5770   11.7148   -9.3645  -16.3154   -2.6903
    1.3811    6.4006   -2.9528   10.7970   -5.2831  -16.8157
eta,q 0.98211 12.12218
  0.0192  0.0189  0.0186  0.0195  0.0191  0.0193  0.0190  0.0197  0.0188  0.0189  0.0184  0.0184
  0.0185  0.0183  0.0182  0.0188  0.0185  0.0188  0.0184  0.0187  0.0183  0.0184  0.0181  0.0181
  0.0181  0.0180  0.0180  0.0182  0.0181  0.0183  0.0180  0.0181  0.0180  0.0180  0.0180  0.0179
  0.0179  0.0179  0.0179  0.0179  0.0179  0.0179  0.0179  0.0179  0.0179  0.0179  0.0179  0.0179
  0.0181  0.0181  0.0180  0.0180  0.0180  0.0179  0.0180  0.0181  0.0180  0.0180  0.0180  0.0180
  0.0185  0.0184  0.0182  0.0186  0.0184  0.0183  0.0184  0.0187  0.0183  0.0183  0.0181  0.0181
  0.0192  0.0189  0.0186  0.0195  0.0191  0.0193  0.0190  0.0197  0.0188  0.0189  0.0184  0.0184
niter,ni,del,rscale     2    3    5.0000    0.5000
parameters
    0.2636   15.5558   11.7222   -9.3342  -16.2619   -2.5005
    1.3778    6.3998   -2.9388   10.7970   -5.3023  -16.8453
eta,q 0.98214 12.12885
  0.0188  0.0185  0.0184  0.0190  0.0187  0.0190  0.0187  0.0192  0.0185  0.0186  0.0182  0.0182
  0.0183  0.0182  0.0181  0.0185  0.0183  0.0186  0.0182  0.0185  0.0181  0.0182  0.0180  0.0180
  0.0180  0.0180  0.0179  0.0181  0.0180  0.0182  0.0180  0.0180  0.0179  0.0179  0.0179  0.0179
  0.0179  0.0179  0.0179  0.0179  0.0179  0.0179  0.0179  0.0179  0.0179  0.0179  0.0179  0.0179
  0.0180  0.0180  0.0179  0.0180  0.0179  0.0179  0.0180  0.0180  0.0179  0.0179  0.0179  0.0179
  0.0183  0.0182  0.0181  0.0184  0.0182  0.0182  0.0182  0.0184  0.0181  0.0182  0.0180  0.0180
  0.0188  0.0186  0.0183  0.0190  0.0187  0.0189  0.0187  0.0192  0.0185  0.0186  0.0183  0.0182
niter,ni,del,rscale     1    3    5.0000    0.4000
parameters
    0.2566   15.5378   11.7385   -9.3160  -16.2209   -2.3517
    1.3740    6.4063   -2.9335   10.7876   -5.3144  -16.8819
eta,q 0.98215 12.13368
  0.0184  0.0183  0.0182  0.0186  0.0184  0.0187  0.0184  0.0187  0.0182  0.0183  0.0181  0.0181
  0.0181  0.0180  0.0180  0.0182  0.0181  0.0183  0.0181  0.0182  0.0180  0.0181  0.0180  0.0179
  0.0179  0.0179  0.0179  0.0180  0.0179  0.0180  0.0179  0.0180  0.0179  0.0179  0.0179  0.0179
  0.0179  0.0179  0.0179  0.0179  0.0179  0.0179  0.0178  0.0178  0.0178  0.0178  0.0178  0.0178
  0.0179  0.0179  0.0179  0.0179  0.0179  0.0179  0.0179  0.0179  0.0179  0.0179  0.0179  0.0179
  0.0181  0.0181  0.0180  0.0182  0.0181  0.0181  0.0181  0.0182  0.0180  0.0181  0.0180  0.0180
  0.0185  0.0183  0.0182  0.0186  0.0184  0.0186  0.0184  0.0187  0.0183  0.0183  0.0181  0.0181
registration optimization eta report
parameter search radius
    0.8000    0.8000    0.8000    2.4000    2.4000    2.4000
    2.4000    2.4000    2.4000    2.4000    2.4000    2.4000
100000*second partial in parameter space
       92.       67.       48.       13.       10.       13.
        9.       15.        7.        8.        5.        4.
  0.0184  0.0183  0.0182  0.0186  0.0184  0.0187  0.0184  0.0187  0.0182  0.0183  0.0181  0.0181
  0.0181  0.0180  0.0180  0.0182  0.0181  0.0183  0.0181  0.0182  0.0180  0.0181  0.0180  0.0179
  0.0179  0.0179  0.0179  0.0180  0.0179  0.0180  0.0179  0.0180  0.0179  0.0179  0.0179  0.0179
  0.0179  0.0179  0.0179  0.0179  0.0179  0.0179  0.0178  0.0178  0.0178  0.0178  0.0178  0.0178
  0.0179  0.0179  0.0179  0.0179  0.0179  0.0179  0.0179  0.0179  0.0179  0.0179  0.0179  0.0179
  0.0181  0.0181  0.0180  0.0182  0.0181  0.0181  0.0181  0.0182  0.0180  0.0181  0.0180  0.0180
  0.0185  0.0183  0.0182  0.0186  0.0184  0.0186  0.0184  0.0187  0.0183  0.0183  0.0181  0.0181
    0.2566   15.5378   11.7385   -9.3160  -16.2209   -2.3517
    1.3740    6.4063   -2.9335   10.7876   -5.3144  -16.8819
eta,q 0.98215 12.13368

---------------------------------------------------------------------
compute_vox2vox talsrcimg talsrcimg_to_711-2C_as_mni_average_305_t4 /opt/freesurfer/average/711-2C_as_mni_average_305
---------------------------------------------------------------------

freesurfer compute_vox2vox.c
Reading: talsrcimg.4dfp.ifh
Reading: talsrcimg_to_711-2C_as_mni_average_305_t4
Reading: /opt/freesurfer/average/711-2C_as_mni_average_305.4dfp.ifh
Writing: talsrcimg_to_711-2C_as_mni_average_305_t4_vox2vox.txt

start time Wed Mar 11 13:25:58 CET 2026
end		time Wed Mar 11 13:27:24 CET 2026

mpr2mni305 success

avi2talxfm orig_nu.mgz /opt/freesurfer/average/mni305.cor.mgz talsrcimg_to_711-2C_as_mni_average_305_t4_vox2vox.txt transforms/talairach.auto.xfm
avi2talxfm done
mv -f /out/sourcedata/freesurfer/sub-v2s18x29502_ses-1/mri/talsrcimg_to_711-2C_as_mni_average_305_t4_vox2vox.txt /out/sourcedata/freesurfer/sub-v2s18x29502_ses-1/mri/transforms/talsrcimg_to_711-2C_as_mni_average_305_t4_vox2vox.txt
lta_convert --src orig_nu.mgz --trg /opt/freesurfer/average/mni305.cor.mgz --inxfm transforms/talairach.auto.xfm --outlta transforms/talairach.auto.xfm.lta --subject fsaverage
7.3.2

--src: orig_nu.mgz src image (geometry).
--trg: /opt/freesurfer/average/mni305.cor.mgz trg image (geometry).
--inmni: transforms/talairach.auto.xfm input MNI/XFM transform.
--outlta: transforms/talairach.auto.xfm.lta output LTA.
--s: fsaverage subject name
 LTA read, type : 1
 1.09769  -0.06850  -0.03181   2.74219;
 0.06494   0.99773   0.19998  -49.41150;
 0.03007  -0.13087   1.16675  -17.68726;
 0.00000   0.00000   0.00000   1.00000;
setting subject to fsaverage
Writing  LTA to file transforms/talairach.auto.xfm.lta...
lta_convert successful.
 
 
Started at Wed Mar 11 13:25:57 CET 2026
Ended   at Wed Mar 11 13:27:24 CET 2026
talairach_avi done
