status file for recon-all
Wed Mar 11 14:44:11 CET 2026
#@# MotionCor Wed Mar 11 14:44:18 CET 2026
#@# Talairach Wed Mar 11 14:44:39 CET 2026
#@# Talairach Failure Detection Wed Mar 11 14:49:00 CET 2026
#@# Nu Intensity Correction Wed Mar 11 14:49:00 CET 2026
#@# Intensity Normalization Wed Mar 11 14:52:15 CET 2026
recon-all -s sub-v2s18x29527_ses-1 finished without error at Wed Mar 11 14:53:45 CET 2026



#New# invocation of recon-all 



status file for recon-all
Wed Mar 11 15:05:21 CET 2026
#@# EM Registration Wed Mar 11 15:05:21 CET 2026
recon-all -s sub-v2s18x29527_ses-1 finished without error at Wed Mar 11 15:07:14 CET 2026



#New# invocation of recon-all 



status file for recon-all
Wed Mar 11 15:07:18 CET 2026
#@# CA Normalize Wed Mar 11 15:07:18 CET 2026
#@# CA Reg Wed Mar 11 15:08:40 CET 2026
#@# SubCort Seg Wed Mar 11 15:55:26 CET 2026
#@# CC Seg Wed Mar 11 16:24:36 CET 2026
#@# Merge ASeg Wed Mar 11 16:25:10 CET 2026
#@# Intensity Normalization2 Wed Mar 11 16:25:10 CET 2026
#@# Mask BFS Wed Mar 11 16:27:27 CET 2026
#@# WM Segmentation Wed Mar 11 16:27:28 CET 2026
#@# Fill Wed Mar 11 16:29:26 CET 2026
recon-all -s sub-v2s18x29527_ses-1 finished without error at Wed Mar 11 16:30:28 CET 2026



#New# invocation of recon-all 



status file for recon-all
Wed Mar 11 17:25:45 CET 2026
#@# white curv lh Wed Mar 11 17:25:45 CET 2026
#@# white area lh Wed Mar 11 17:25:45 CET 2026
#@# pial curv lh Wed Mar 11 17:25:45 CET 2026
#@# pial area lh Wed Mar 11 17:25:45 CET 2026
#@# thickness lh Wed Mar 11 17:25:45 CET 2026
#@# area and vertex vol lh Wed Mar 11 17:25:45 CET 2026
#@# white curv rh Wed Mar 11 17:25:45 CET 2026
#@# white area rh Wed Mar 11 17:25:45 CET 2026
#@# pial curv rh Wed Mar 11 17:25:46 CET 2026
#@# pial area rh Wed Mar 11 17:25:46 CET 2026
#@# thickness rh Wed Mar 11 17:25:46 CET 2026
#@# area and vertex vol rh Wed Mar 11 17:25:46 CET 2026
#@# Cortical ribbon mask Wed Mar 11 17:25:46 CET 2026
recon-all -s sub-v2s18x29527_ses-1 finished without error at Wed Mar 11 17:32:50 CET 2026



#New# invocation of recon-all 



status file for recon-all
Wed Mar 11 17:39:20 CET 2026
#@# white curv lh Wed Mar 11 17:39:20 CET 2026
#@# white area lh Wed Mar 11 17:39:20 CET 2026
#@# pial curv lh Wed Mar 11 17:39:20 CET 2026
#@# pial area lh Wed Mar 11 17:39:20 CET 2026
#@# thickness lh Wed Mar 11 17:39:20 CET 2026
#@# area and vertex vol lh Wed Mar 11 17:39:20 CET 2026
#@# white curv rh Wed Mar 11 17:39:20 CET 2026
#@# white area rh Wed Mar 11 17:39:20 CET 2026
#@# pial curv rh Wed Mar 11 17:39:20 CET 2026
#@# pial area rh Wed Mar 11 17:39:20 CET 2026
#@# thickness rh Wed Mar 11 17:39:20 CET 2026
#@# area and vertex vol rh Wed Mar 11 17:39:20 CET 2026
#@# Curvature Stats lh Wed Mar 11 17:39:20 CET 2026
#@# Curvature Stats rh Wed Mar 11 17:39:23 CET 2026
#@# Relabel Hypointensities Wed Mar 11 17:39:25 CET 2026
#@# APas-to-ASeg Wed Mar 11 17:39:41 CET 2026
#@# AParc-to-ASeg aparc Wed Mar 11 17:39:49 CET 2026
#@# AParc-to-ASeg aparc.a2009s Wed Mar 11 17:40:31 CET 2026
#@# AParc-to-ASeg aparc.DKTatlas Wed Mar 11 17:41:11 CET 2026
#@# WMParc Wed Mar 11 17:41:54 CET 2026
#@# ASeg Stats Wed Mar 11 17:45:27 CET 2026
recon-all -s sub-v2s18x29527_ses-1 finished without error at Wed Mar 11 17:46:06 CET 2026
