/out/sourcedata/freesurfer/sub-v2s18x29495_ses-1/mri
/opt/freesurfer/bin/talairach_avi
--i orig_nu.mgz --xfm transforms/talairach.auto.xfm
talairach_avi 7.3.2
Linux dna059 5.14.0-427.37.1.el9_4.x86_64 #1 SMP PREEMPT_DYNAMIC Fri Sep 13 12:41:50 EDT 2024 x86_64 x86_64 x86_64 GNU/Linux
Wed Mar 11 13:20:51 CET 2026
mri_convert orig_nu.mgz talsrcimg.img 
reading from orig_nu.mgz...
TR=0.00, TE=0.00, TI=0.00, flip angle=0.00
i_ras = (-1, 3.40515e-09, 0)
j_ras = (-3.72529e-09, -2.32831e-10, -1)
k_ras = (3.20142e-10, 1, 0)
writing to talsrcimg.img...
Analyze Output Matrix
-1.00000  -0.00000   0.00000   128.77679;
 0.00000  -0.00000   1.00000  -90.65840;
 0.00000  -1.00000   0.00000   129.34207;
 0.00000   0.00000   0.00000   1.00000;
--------------------
INFO: set hdr.hist.orient to -1
mpr2mni305 talsrcimg
Wed Mar 11 13:20:52 CET 2026
/opt/freesurfer/bin/mpr2mni305 talsrcimg
mpr2mni305 7.3.2
target=711-2C_as_mni_average_305

---------------------------------------------------------------------
analyzeto4dfp talsrcimg -O0 -y
---------------------------------------------------------------------

freesurfer ifh2hdr.c
Wed Mar 11 13:20:52 2026
Writing: talsrcimg.4dfp.hdr
freesurfer analyzeto4dfp.c
Reading: talsrcimg.hdr
header size 348 bytes
hdr.dime.datatype	offset=70	value=2
hdr.dime.bitpix		offset=72	value=8
hdr.hist.orient		offset=252	value=-1
dimensionality     4
dimensions       256       256       256         1
Reading: talsrcimg.img
Writing: talsrcimg.4dfp.img
Writing: talsrcimg.4dfp.ifh
ifh2hdr talsrcimg -r0to206
ori=2

---------------------------------------------------------------------
gauss_4dfp talsrcimg 1.1
---------------------------------------------------------------------

freesurfer gauss_4dfp.c
Reading: talsrcimg.4dfp.img
Writing: talsrcimg_g11.4dfp.img
image dimensions 256 256 256 padded to 288 288 288
processing volume 1freesurfer ifh2hdr.c
Wed Mar 11 13:20:53 2026
Writing: talsrcimg_g11.4dfp.hdr

Writing: talsrcimg_g11.4dfp.ifh
including: talsrcimg.4dfp.img.rec in talsrcimg_g11.4dfp.img.rec

---------------------------------------------------------------------
imgreg_4dfp /opt/freesurfer/average/711-2C_as_mni_average_305 none talsrcimg_g11 none talsrcimg_to_711-2C_as_mni_average_305_t4 4355
---------------------------------------------------------------------

freesurfer imgreg_4dfp.c
/opt/freesurfer/average/711-2C_as_mni_average_305.4dfp.img
       256       256       256         1
  1.000000  1.000000  1.000000
orientation T byte_order littleendian
Reading image: /opt/freesurfer/average/711-2C_as_mni_average_305.4dfp.img
dimensions:      256       256       256
mmppix:       1.0000   -1.0000   -1.0000
center:     128.0000 -129.0000 -129.0000
talsrcimg_g11.4dfp.img
       256       256       256         1
  1.000000  1.000000  1.000000
orientation T byte_order littleendian
Reading image: talsrcimg_g11.4dfp.img
dimensions:      256       256       256
mmppix:       1.0000   -1.0000   -1.0000
center:     128.0000 -129.0000 -129.0000
t4_read: open error in t4_sub.f l:  41 t4_file(1:l)talsrcimg_to_711-2C_as_mni_average_305_t4 
t4_read: transform initialized to I4
rotation matrix determinant  1.000000
image alignment mode   4355 decimal     1103 hex
   -7.5000  -45.0000  -45.0000 6952.2163   19.1656
    0.0000  -45.0000  -45.0000 7311.8281   19.2174
    7.5000  -45.0000  -45.0000 7039.4839   19.2561
   -7.5000  -37.5000  -45.0000 7577.1792   18.7206
    0.0000  -37.5000  -45.0000 7987.4224   18.7671
    7.5000  -37.5000  -45.0000 7679.0439   18.8062
   -7.5000  -30.0000  -45.0000 8562.9619   18.4393
    0.0000  -30.0000  -45.0000 9021.2188   18.4833
    7.5000  -30.0000  -45.0000 8632.3369   18.5188
   -7.5000  -22.5000  -45.0000 9587.3789   18.3566
    0.0000  -22.5000  -45.000010100.3418   18.4023
    7.5000  -22.5000  -45.0000 9636.2451   18.4347
   -7.5000  -15.0000  -45.000010582.1162   18.3183
    0.0000  -15.0000  -45.000011166.5430   18.3672
    7.5000  -15.0000  -45.000010624.3477   18.3981
   -7.5000   -7.5000  -45.000011493.0693   18.3254
    0.0000   -7.5000  -45.000012124.9365   18.3756
    7.5000   -7.5000  -45.000011551.5566   18.4086
   -7.5000    0.0000  -45.000012276.4014   18.3299
    0.0000    0.0000  -45.000012936.7539   18.3792
    7.5000    0.0000  -45.000012327.7617   18.4166
   -7.5000    7.5000  -45.000012149.3672   18.3176
    0.0000    7.5000  -45.000012806.2754   18.3642
    7.5000    7.5000  -45.000012169.6670   18.4026
   -7.5000   15.0000  -45.000011928.4453   18.3008
    0.0000   15.0000  -45.000012555.8555   18.3452
    7.5000   15.0000  -45.000011931.7881   18.3812
   -7.5000   22.5000  -45.000011537.8672   18.2962
    0.0000   22.5000  -45.000012158.0498   18.3420
    7.5000   22.5000  -45.000011522.3643   18.3748
   -7.5000   30.0000  -45.000011020.5547   18.0669
    0.0000   30.0000  -45.000011609.1504   18.1152
    7.5000   30.0000  -45.000011010.1016   18.1458
   -7.5000   37.5000  -45.000010938.8008   18.0812
    0.0000   37.5000  -45.000011524.7998   18.1308
    7.5000   37.5000  -45.000010909.1377   18.1632
   -7.5000   45.0000  -45.000010282.3193   17.6264
    0.0000   45.0000  -45.000010843.6475   17.6738
    7.5000   45.0000  -45.000010261.3037   17.7097
   -7.5000  -45.0000  -37.5000 7295.9751   19.0510
    0.0000  -45.0000  -37.5000 7670.6553   19.0941
    7.5000  -45.0000  -37.5000 7377.9907   19.1294
   -7.5000  -37.5000  -37.5000 7992.2544   18.6117
    0.0000  -37.5000  -37.5000 8416.0410   18.6545
    7.5000  -37.5000  -37.5000 8068.7739   18.6920
   -7.5000  -30.0000  -37.5000 9042.3848   18.3420
    0.0000  -30.0000  -37.5000 9521.5547   18.3838
    7.5000  -30.0000  -37.5000 9088.0645   18.4145
   -7.5000  -22.5000  -37.500010110.1582   18.2673
    0.0000  -22.5000  -37.500010637.2637   18.3061
    7.5000  -22.5000  -37.500010155.4092   18.3291
   -7.5000  -15.0000  -37.500011143.6680   18.2301
    0.0000  -15.0000  -37.500011736.9932   18.2677
    7.5000  -15.0000  -37.500011168.9219   18.2867
   -7.5000   -7.5000  -37.500012114.1367   18.2291
    0.0000   -7.5000  -37.500012780.2178   18.2680
    7.5000   -7.5000  -37.500012143.6689   18.2924
   -7.5000    0.0000  -37.500012922.7207   18.2242
    0.0000    0.0000  -37.500013630.9707   18.2656
    7.5000    0.0000  -37.500012949.9893   18.2997
   -7.5000    7.5000  -37.500012771.6709   18.2125
    0.0000    7.5000  -37.500013450.3066   18.2556
    7.5000    7.5000  -37.500012767.4463   18.2925
   -7.5000   15.0000  -37.500012508.7051   18.2040
    0.0000   15.0000  -37.500013170.1543   18.2461
    7.5000   15.0000  -37.500012488.9326   18.2775
   -7.5000   22.5000  -37.500012110.7314   18.2070
    0.0000   22.5000  -37.500012770.7139   18.2460
    7.5000   22.5000  -37.500012075.9590   18.2695
   -7.5000   30.0000  -37.500011558.9873   17.9800
    0.0000   30.0000  -37.500012191.6211   18.0171
    7.5000   30.0000  -37.500011519.9004   18.0360
   -7.5000   37.5000  -37.500011468.6670   17.9861
    0.0000   37.5000  -37.500012083.7305   18.0246
    7.5000   37.5000  -37.500011432.5459   18.0486
   -7.5000   45.0000  -37.500010763.9980   17.5248
    0.0000   45.0000  -37.500011341.6660   17.5646
    7.5000   45.0000  -37.500010730.3770   17.5973
   -7.5000  -45.0000  -30.0000 7768.6606   19.8321
    0.0000  -45.0000  -30.0000 8178.0317   19.8686
    7.5000  -45.0000  -30.0000 7841.1792   19.8963
   -7.5000  -37.5000  -30.0000 8528.4619   19.3724
    0.0000  -37.5000  -30.0000 8992.4961   19.4114
    7.5000  -37.5000  -30.0000 8583.6533   19.4402
   -7.5000  -30.0000  -30.0000 9658.9023   19.0969
    0.0000  -30.0000  -30.000010163.8408   19.1361
    7.5000  -30.0000  -30.0000 9700.3916   19.1559
   -7.5000  -22.5000  -30.000010801.1699   19.0257
    0.0000  -22.5000  -30.000011357.4658   19.0598
    7.5000  -22.5000  -30.000010838.8506   19.0706
   -7.5000  -15.0000  -30.000011912.1426   18.9883
    0.0000  -15.0000  -30.000012540.3887   19.0188
    7.5000  -15.0000  -30.000011923.4062   19.0273
   -7.5000   -7.5000  -30.000012936.5322   18.9830
    0.0000   -7.5000  -30.000013643.3232   19.0149
    7.5000   -7.5000  -30.000012967.7305   19.0313
   -7.5000    0.0000  -30.000013802.3096   18.9719
    0.0000    0.0000  -30.000014527.0664   19.0072
    7.5000    0.0000  -30.000013790.8760   19.0344
   -7.5000    7.5000  -30.000013620.7490   18.9571
    0.0000    7.5000  -30.000014315.8193   18.9966
    7.5000    7.5000  -30.000013579.9883   19.0251
   -7.5000   15.0000  -30.000013337.2305   18.9524
    0.0000   15.0000  -30.000014036.7451   18.9920
    7.5000   15.0000  -30.000013284.3076   19.0126
   -7.5000   22.5000  -30.000012935.5576   18.9602
    0.0000   22.5000  -30.000013654.8408   18.9944
    7.5000   22.5000  -30.000012866.0508   19.0059
   -7.5000   30.0000  -30.000012343.0352   18.7295
    0.0000   30.0000  -30.000012999.2344   18.7597
    7.5000   30.0000  -30.000012247.4443   18.7682
   -7.5000   37.5000  -30.000012219.8174   18.7318
    0.0000   37.5000  -30.000012841.6826   18.7633
    7.5000   37.5000  -30.000012114.5811   18.7795
   -7.5000   45.0000  -30.000011452.4043   18.2571
    0.0000   45.0000  -30.000012048.9570   18.2911
    7.5000   45.0000  -30.000011377.4170   18.3173
   -7.5000  -45.0000  -22.5000 8230.9531   20.5188
    0.0000  -45.0000  -22.5000 8684.4561   20.5565
    7.5000  -45.0000  -22.5000 8311.5957   20.5771
   -7.5000  -37.5000  -22.5000 9043.0000   20.0403
    0.0000  -37.5000  -22.5000 9534.0889   20.0780
    7.5000  -37.5000  -22.5000 9085.2168   20.0968
   -7.5000  -30.0000  -22.500010233.0195   19.7512
    0.0000  -30.0000  -22.500010771.7490   19.7892
    7.5000  -30.0000  -22.500010251.4883   19.8008
   -7.5000  -22.5000  -22.500011455.0352   19.6756
    0.0000  -22.5000  -22.500012056.0352   19.7116
    7.5000  -22.5000  -22.500011465.2402   19.7185
   -7.5000  -15.0000  -22.500012627.3018   19.6363
    0.0000  -15.0000  -22.500013291.2041   19.6719
    7.5000  -15.0000  -22.500012641.3477   19.6808
   -7.5000   -7.5000  -22.500013764.8330   19.6357
    0.0000   -7.5000  -22.500014498.5479   19.6720
    7.5000   -7.5000  -22.500013786.2744   19.6876
   -7.5000    0.0000  -22.500014700.1279   19.6291
    0.0000    0.0000  -22.500015444.0107   19.6656
    7.5000    0.0000  -22.500014657.3018   19.6863
   -7.5000    7.5000  -22.500014486.7715   19.6115
    0.0000    7.5000  -22.500015149.9004   19.6496
    7.5000    7.5000  -22.500014367.7676   19.6685
   -7.5000   15.0000  -22.500014197.8770   19.6019
    0.0000   15.0000  -22.500014864.6689   19.6404
    7.5000   15.0000  -22.500014076.7246   19.6528
   -7.5000   22.5000  -22.500013791.5449   19.6062
    0.0000   22.5000  -22.500014488.8887   19.6424
    7.5000   22.5000  -22.500013677.5361   19.6499
   -7.5000   30.0000  -22.500013137.9180   19.3716
    0.0000   30.0000  -22.500013795.4863   19.4069
    7.5000   30.0000  -22.500013031.7852   19.4158
   -7.5000   37.5000  -22.500012940.2686   19.3788
    0.0000   37.5000  -22.500013576.6680   19.4147
    7.5000   37.5000  -22.500012801.0205   19.4301
   -7.5000   45.0000  -22.500012156.6074   18.9038
    0.0000   45.0000  -22.500012745.6270   18.9389
    7.5000   45.0000  -22.500012021.1709   18.9589
   -7.5000  -45.0000  -15.0000 8678.3945   21.0316
    0.0000  -45.0000  -15.0000 9154.4883   21.0770
    7.5000  -45.0000  -15.0000 8746.3057   21.0988
   -7.5000  -37.5000  -15.0000 9525.5615   20.5408
    0.0000  -37.5000  -15.000010040.3369   20.5817
    7.5000  -37.5000  -15.0000 9562.4277   20.5997
   -7.5000  -30.0000  -15.000010761.7432   20.2364
    0.0000  -30.0000  -15.000011332.3945   20.2778
    7.5000  -30.0000  -15.000010793.2246   20.2926
   -7.5000  -22.5000  -15.000012003.2559   20.1511
    0.0000  -22.5000  -15.000012668.4600   20.1966
    7.5000  -22.5000  -15.000012050.9971   20.2126
   -7.5000  -15.0000  -15.000013213.1357   20.1089
    0.0000  -15.0000  -15.000013977.1777   20.1586
    7.5000  -15.0000  -15.000013301.1094   20.1795
   -7.5000   -7.5000  -15.000014475.1182   20.1164
    0.0000   -7.5000  -15.000015294.3945   20.1649
    7.5000   -7.5000  -15.000014544.2158   20.1886
   -7.5000    0.0000  -15.000015561.6982   20.1198
    0.0000    0.0000  -15.000016381.0283   20.1634
    7.5000    0.0000  -15.000015566.2168   20.1854
   -7.5000    7.5000  -15.000015372.6729   20.1020
    0.0000    7.5000  -15.000016034.6152   20.1431
    7.5000    7.5000  -15.000015246.4287   20.1613
   -7.5000   15.0000  -15.000015053.2383   20.0844
    0.0000   15.0000  -15.000015672.6367   20.1263
    7.5000   15.0000  -15.000014933.0693   20.1418
   -7.5000   22.5000  -15.000014649.5859   20.0794
    0.0000   22.5000  -15.000015275.0254   20.1250
    7.5000   22.5000  -15.000014523.6758   20.1417
   -7.5000   30.0000  -15.000013948.3496   19.8406
    0.0000   30.0000  -15.000014627.6836   19.8897
    7.5000   30.0000  -15.000013839.8242   19.9105
   -7.5000   37.5000  -15.000013687.1826   19.8560
    0.0000   37.5000  -15.000014359.6611   19.9039
    7.5000   37.5000  -15.000013550.4121   19.9273
   -7.5000   45.0000  -15.000012890.2471   19.3880
    0.0000   45.0000  -15.000013523.0449   19.4301
    7.5000   45.0000  -15.000012743.7119   19.4513
   -7.5000  -45.0000   -7.5000 9080.5029   21.2930
    0.0000  -45.0000   -7.5000 9582.2061   21.3482
    7.5000  -45.0000   -7.5000 9168.2002   21.3817
   -7.5000  -37.5000   -7.5000 9960.4121   20.7997
    0.0000  -37.5000   -7.500010516.5068   20.8475
    7.5000  -37.5000   -7.500010023.4482   20.8781
   -7.5000  -30.0000   -7.500011260.0361   20.4862
    0.0000  -30.0000   -7.500011881.0352   20.5331
    7.5000  -30.0000   -7.500011304.0781   20.5617
   -7.5000  -22.5000   -7.500012561.1816   20.3927
    0.0000  -22.5000   -7.500013281.0840   20.4454
    7.5000  -22.5000   -7.500012638.6426   20.4759
   -7.5000  -15.0000   -7.500013799.2461   20.3480
    0.0000  -15.0000   -7.500014564.9248   20.4068
    7.5000  -15.0000   -7.500013895.9600   20.4405
   -7.5000   -7.5000   -7.500015082.1504   20.3594
    0.0000   -7.5000   -7.500016000.3789   20.4175
    7.5000   -7.5000   -7.500015231.8408   20.4520
   -7.5000    0.0000   -7.500016416.8867   20.3696
    0.0000    0.0000   -7.500017408.0000   20.4222
    7.5000    0.0000   -7.500016524.4043   20.4551
   -7.5000    7.5000   -7.500016473.2500   20.3550
    0.0000    7.5000   -7.500017259.2070   20.4029
    7.5000    7.5000   -7.500016431.7988   20.4332
   -7.5000   15.0000   -7.500016179.5664   20.3332
    0.0000   15.0000   -7.500016851.3984   20.3805
    7.5000   15.0000   -7.500016035.6191   20.4098
   -7.5000   22.5000   -7.500015657.4170   20.3188
    0.0000   22.5000   -7.500016342.2656   20.3716
    7.5000   22.5000   -7.500015476.2188   20.4026
   -7.5000   30.0000   -7.500014844.0684   20.0761
    0.0000   30.0000   -7.500015598.1973   20.1341
    7.5000   30.0000   -7.500014708.7412   20.1675
   -7.5000   37.5000   -7.500014474.0225   20.0954
    0.0000   37.5000   -7.500015250.7979   20.1527
    7.5000   37.5000   -7.500014340.8281   20.1868
   -7.5000   45.0000   -7.500013608.3994   19.6324
    0.0000   45.0000   -7.500014353.7275   19.6831
    7.5000   45.0000   -7.500013455.1719   19.7148
   -7.5000  -45.0000    0.0000 9407.4414   21.3359
    0.0000  -45.0000    0.0000 9909.9443   21.3935
    7.5000  -45.0000    0.0000 9497.1592   21.4360
   -7.5000  -37.5000    0.000010323.9863   20.8444
    0.0000  -37.5000    0.000010869.1855   20.8961
    7.5000  -37.5000    0.000010409.4463   20.9389
   -7.5000  -30.0000    0.000011671.9697   20.5327
    0.0000  -30.0000    0.000012277.2656   20.5818
    7.5000  -30.0000    0.000011744.5439   20.6206
   -7.5000  -22.5000    0.000013016.8809   20.4396
    0.0000  -22.5000    0.000013713.7275   20.4907
    7.5000  -22.5000    0.000013116.3223   20.5262
   -7.5000  -15.0000    0.000014288.7119   20.3957
    0.0000  -15.0000    0.000015051.0703   20.4504
    7.5000  -15.0000    0.000014415.5498   20.4844
   -7.5000   -7.5000    0.000015607.4238   20.4038
    0.0000   -7.5000    0.000016568.8125   20.4598
    7.5000   -7.5000    0.000015817.8320   20.4960
   -7.5000    0.0000    0.000017065.7910   20.4102
    0.0000    0.0000    0.000018363.9355   20.4650
    7.5000    0.0000    0.000017304.9395   20.5061
   -7.5000    7.5000    0.000017268.2656   20.3979
    0.0000    7.5000    0.000018670.8359   20.4496
    7.5000    7.5000    0.000017464.3320   20.4918
   -7.5000   15.0000    0.000017090.1582   20.3793
    0.0000   15.0000    0.000018269.8555   20.4287
    7.5000   15.0000    0.000017107.8145   20.4682
   -7.5000   22.5000    0.000016426.7656   20.3661
    0.0000   22.5000    0.000017426.1855   20.4172
    7.5000   22.5000    0.000016364.9102   20.4533
   -7.5000   30.0000    0.000015514.5557   20.1237
    0.0000   30.0000    0.000016395.8945   20.1777
    7.5000   30.0000    0.000015415.6533   20.2114
   -7.5000   37.5000    0.000015036.4482   20.1397
    0.0000   37.5000    0.000015879.2227   20.1950
    7.5000   37.5000    0.000014969.4014   20.2308
   -7.5000   45.0000    0.000014125.8105   19.6731
    0.0000   45.0000    0.000014879.4395   19.7259
    7.5000   45.0000    0.000014004.5703   19.7655
   -7.5000  -45.0000    7.5000 8950.1377   21.3166
    0.0000  -45.0000    7.5000 9425.1572   21.3648
    7.5000  -45.0000    7.5000 9033.4707   21.4043
   -7.5000  -37.5000    7.5000 9845.3418   20.8249
    0.0000  -37.5000    7.500010367.3662   20.8728
    7.5000  -37.5000    7.5000 9901.0068   20.9147
   -7.5000  -30.0000    7.500011155.4307   20.5228
    0.0000  -30.0000    7.500011719.4277   20.5696
    7.5000  -30.0000    7.500011197.6582   20.6039
   -7.5000  -22.5000    7.500012477.2178   20.4391
    0.0000  -22.5000    7.500013120.3311   20.4826
    7.5000  -22.5000    7.500012534.8457   20.5083
   -7.5000  -15.0000    7.500013808.9434   20.3977
    0.0000  -15.0000    7.500014527.1348   20.4397
    7.5000  -15.0000    7.500013871.3291   20.4610
   -7.5000   -7.5000    7.500015164.5215   20.3968
    0.0000   -7.5000    7.500016062.8389   20.4404
    7.5000   -7.5000    7.500015284.8311   20.4677
   -7.5000    0.0000    7.500016487.2500   20.3915
    0.0000    0.0000    7.500017674.8652   20.4379
    7.5000    0.0000    7.500016632.2402   20.4760
   -7.5000    7.5000    7.500016557.4492   20.3782
    0.0000    7.5000    7.500017737.8965   20.4264
    7.5000    7.5000    7.500016688.7227   20.4677
   -7.5000   15.0000    7.500016263.1494   20.3684
    0.0000   15.0000    7.500017257.7090   20.4156
    7.5000   15.0000    7.500016363.4795   20.4507
   -7.5000   22.5000    7.500015704.0615   20.3651
    0.0000   22.5000    7.500016603.5547   20.4087
    7.5000   22.5000    7.500015742.1455   20.4349
   -7.5000   30.0000    7.500014915.4346   20.1257
    0.0000   30.0000    7.500015747.6240   20.1672
    7.5000   30.0000    7.500014881.5986   20.1883
   -7.5000   37.5000    7.500014441.7549   20.1328
    0.0000   37.5000    7.500015258.4355   20.1759
    7.5000   37.5000    7.500014436.9111   20.2028
   -7.5000   45.0000    7.500013531.4795   19.6551
    0.0000   45.0000    7.500014205.1436   19.6997
    7.5000   45.0000    7.500013440.3975   19.7365
   -7.5000  -45.0000   15.0000 8422.4805   21.3415
    0.0000  -45.0000   15.0000 8851.6895   21.3807
    7.5000  -45.0000   15.0000 8476.0850   21.4108
   -7.5000  -37.5000   15.0000 9284.2725   20.8457
    0.0000  -37.5000   15.0000 9762.2158   20.8876
    7.5000  -37.5000   15.0000 9324.1426   20.9189
   -7.5000  -30.0000   15.000010576.1045   20.5485
    0.0000  -30.0000   15.000011079.9863   20.5907
    7.5000  -30.0000   15.000010584.0166   20.6122
   -7.5000  -22.5000   15.000011862.5430   20.4719
    0.0000  -22.5000   15.000012431.1846   20.5085
    7.5000  -22.5000   15.000011841.7852   20.5204
   -7.5000  -15.0000   15.000013115.1855   20.4318
    0.0000  -15.0000   15.000013744.9395   20.4646
    7.5000  -15.0000   15.000013084.6836   20.4740
   -7.5000   -7.5000   15.000014320.2520   20.4262
    0.0000   -7.5000   15.000015065.4258   20.4605
    7.5000   -7.5000   15.000014341.4502   20.4784
   -7.5000    0.0000   15.000015440.6641   20.4141
    0.0000    0.0000   15.000016362.7305   20.4520
    7.5000    0.0000   15.000015546.9990   20.4815
   -7.5000    7.5000   15.000015345.0977   20.3979
    0.0000    7.5000   15.000016156.7188   20.4404
    7.5000    7.5000   15.000015555.3994   20.4713
   -7.5000   15.0000   15.000015013.4658   20.3927
    0.0000   15.0000   15.000015724.8418   20.4354
    7.5000   15.0000   15.000015215.4668   20.4578
   -7.5000   22.5000   15.000014641.9053   20.3968
    0.0000   22.5000   15.000015309.7373   20.4336
    7.5000   22.5000   15.000014729.7402   20.4461
   -7.5000   30.0000   15.000014049.2803   20.1593
    0.0000   30.0000   15.000014716.4746   20.1917
    7.5000   30.0000   15.000014039.1113   20.2011
   -7.5000   37.5000   15.000013673.0205   20.1618
    0.0000   37.5000   15.000014348.2832   20.1957
    7.5000   37.5000   15.000013653.1074   20.2134
   -7.5000   45.0000   15.000012767.4375   19.6768
    0.0000   45.0000   15.000013350.6943   19.7134
    7.5000   45.0000   15.000012694.8760   19.7419
   -7.5000  -45.0000   22.5000 7890.2925   21.7039
    0.0000  -45.0000   22.5000 8295.9688   21.7437
    7.5000  -45.0000   22.5000 7928.1958   21.7662
   -7.5000  -37.5000   22.5000 8726.4980   21.1923
    0.0000  -37.5000   22.5000 9177.9170   21.2321
    7.5000  -37.5000   22.5000 8745.1064   21.2529
   -7.5000  -30.0000   22.5000 9921.7949   20.8812
    0.0000  -30.0000   22.500010424.8457   20.9213
    7.5000  -30.0000   22.5000 9894.6895   20.9340
   -7.5000  -22.5000   22.500011088.8535   20.8001
    0.0000  -22.5000   22.500011644.7695   20.8381
    7.5000  -22.5000   22.500011074.0439   20.8456
   -7.5000  -15.0000   22.500012218.4502   20.7579
    0.0000  -15.0000   22.500012820.3535   20.7955
    7.5000  -15.0000   22.500012223.9658   20.8050
   -7.5000   -7.5000   22.500013316.7627   20.7572
    0.0000   -7.5000   22.500014015.2568   20.7956
    7.5000   -7.5000   22.500013400.8262   20.8123
   -7.5000    0.0000   22.500014345.2236   20.7498
    0.0000    0.0000   22.500015102.3535   20.7883
    7.5000    0.0000   22.500014516.8867   20.8109
   -7.5000    7.5000   22.500014237.0410   20.7306
    0.0000    7.5000   22.500014885.0020   20.7709
    7.5000    7.5000   22.500014449.7422   20.7917
   -7.5000   15.0000   22.500013954.4365   20.7205
    0.0000   15.0000   22.500014530.9141   20.7611
    7.5000   15.0000   22.500014143.4912   20.7748
   -7.5000   22.5000   22.500013651.4697   20.7223
    0.0000   22.5000   22.500014229.7422   20.7605
    7.5000   22.5000   22.500013755.8652   20.7687
   -7.5000   30.0000   22.500013137.6826   20.4809
    0.0000   30.0000   22.500013717.5596   20.5180
    7.5000   30.0000   22.500013170.4668   20.5275
   -7.5000   37.5000   22.500012854.0635   20.4885
    0.0000   37.5000   22.500013441.9316   20.5264
    7.5000   37.5000   22.500012879.1836   20.5430
   -7.5000   45.0000   22.500011971.5107   20.0004
    0.0000   45.0000   22.500012531.7246   20.0376
    7.5000   45.0000   22.500011974.6191   20.0593
   -7.5000  -45.0000   30.0000 7295.9399   22.1158
    0.0000  -45.0000   30.0000 7657.7256   22.1645
    7.5000  -45.0000   30.0000 7321.3672   22.1886
   -7.5000  -37.5000   30.0000 8078.0010   21.5883
    0.0000  -37.5000   30.0000 8476.9561   21.6320
    7.5000  -37.5000   30.0000 8081.5479   21.6521
   -7.5000  -30.0000   30.0000 9153.0732   21.2566
    0.0000  -30.0000   30.0000 9602.3955   21.3008
    7.5000  -30.0000   30.0000 9134.8008   21.3176
   -7.5000  -22.5000   30.000010217.5723   21.1649
    0.0000  -22.5000   30.000010711.6182   21.2137
    7.5000  -22.5000   30.000010212.3389   21.2317
   -7.5000  -15.0000   30.000011240.5205   21.1205
    0.0000  -15.0000   30.000011817.6787   21.1741
    7.5000  -15.0000   30.000011272.1484   21.1972
   -7.5000   -7.5000   30.000012264.1455   21.1289
    0.0000   -7.5000   30.000012931.2773   21.1813
    7.5000   -7.5000   30.000012374.7725   21.2073
   -7.5000    0.0000   30.000013243.5469   21.1317
    0.0000    0.0000   30.000013943.8672   21.1785
    7.5000    0.0000   30.000013393.9092   21.2028
   -7.5000    7.5000   30.000013135.3574   21.1108
    0.0000    7.5000   30.000013728.0723   21.1548
    7.5000    7.5000   30.000013290.1631   21.1750
   -7.5000   15.0000   30.000012878.6016   21.0912
    0.0000   15.0000   30.000013411.4688   21.1359
    7.5000   15.0000   30.000012985.4385   21.1535
   -7.5000   22.5000   30.000012601.5420   21.0850
    0.0000   22.5000   30.000013145.1533   21.1339
    7.5000   22.5000   30.000012669.4102   21.1526
   -7.5000   30.0000   30.000012146.1377   20.8384
    0.0000   30.0000   30.000012667.8555   20.8914
    7.5000   30.0000   30.000012180.6768   20.9143
   -7.5000   37.5000   30.000011910.1484   20.8555
    0.0000   37.5000   30.000012446.5889   20.9072
    7.5000   37.5000   30.000011949.8135   20.9329
   -7.5000   45.0000   30.000011115.8281   20.3685
    0.0000   45.0000   30.000011633.3525   20.4137
    7.5000   45.0000   30.000011131.6660   20.4371
   -7.5000  -45.0000   37.5000 7009.1558   22.7409
    0.0000  -45.0000   37.5000 7308.3369   22.7987
    7.5000  -45.0000   37.5000 7012.3442   22.8417
   -7.5000  -37.5000   37.5000 7729.2441   22.1927
    0.0000  -37.5000   37.5000 8088.2808   22.2429
    7.5000  -37.5000   37.5000 7746.8638   22.2813
   -7.5000  -30.0000   37.5000 8749.1504   21.8356
    0.0000  -30.0000   37.5000 9170.9258   21.8852
    7.5000  -30.0000   37.5000 8768.5518   21.9199
   -7.5000  -22.5000   37.5000 9775.9023   21.7302
    0.0000  -22.5000   37.500010272.7080   21.7859
    7.5000  -22.5000   37.5000 9793.8369   21.8226
   -7.5000  -15.0000   37.500010775.3984   21.6819
    0.0000  -15.0000   37.500011331.7666   21.7442
    7.5000  -15.0000   37.500010799.7568   21.7852
   -7.5000   -7.5000   37.500011750.3682   21.6964
    0.0000   -7.5000   37.500012386.2432   21.7578
    7.5000   -7.5000   37.500011854.1357   21.8010
   -7.5000    0.0000   37.500012686.3477   21.7078
    0.0000    0.0000   37.500013333.3369   21.7632
    7.5000    0.0000   37.500012800.7412   21.8050
   -7.5000    7.5000   37.500012577.4160   21.6892
    0.0000    7.5000   37.500013162.1680   21.7395
    7.5000    7.5000   37.500012668.2656   21.7775
   -7.5000   15.0000   37.500012324.9453   21.6622
    0.0000   15.0000   37.500012883.7051   21.7122
    7.5000   15.0000   37.500012400.6885   21.7476
   -7.5000   22.5000   37.500012053.2148   21.6471
    0.0000   22.5000   37.500012590.7607   21.7030
    7.5000   22.5000   37.500012102.1211   21.7402
   -7.5000   30.0000   37.500011651.2939   21.3921
    0.0000   30.0000   37.500012161.8467   21.4537
    7.5000   30.0000   37.500011675.6602   21.4943
   -7.5000   37.5000   37.500011466.7529   21.4156
    0.0000   37.5000   37.500011981.0361   21.4762
    7.5000   37.5000   37.500011496.5293   21.5189
   -7.5000   45.0000   37.500010694.1494   20.9238
    0.0000   45.0000   37.500011188.7510   20.9772
    7.5000   45.0000   37.500010725.5049   21.0175
   -7.5000  -45.0000   45.0000 6414.0601   23.4513
    0.0000  -45.0000   45.0000 6686.6187   23.5086
    7.5000  -45.0000   45.0000 6424.0137   23.5583
   -7.5000  -37.5000   45.0000 7074.2144   22.8768
    0.0000  -37.5000   45.0000 7389.4966   22.9304
    7.5000  -37.5000   45.0000 7095.2798   22.9804
   -7.5000  -30.0000   45.0000 8018.1929   22.5030
    0.0000  -30.0000   45.0000 8395.3115   22.5547
    7.5000  -30.0000   45.0000 8032.7368   22.5985
   -7.5000  -22.5000   45.0000 8991.6260   22.3927
    0.0000  -22.5000   45.0000 9425.8145   22.4448
    7.5000  -22.5000   45.0000 8979.3232   22.4833
   -7.5000  -15.0000   45.0000 9922.6709   22.3411
    0.0000  -15.0000   45.000010409.2656   22.3951
    7.5000  -15.0000   45.0000 9894.6357   22.4315
   -7.5000   -7.5000   45.000010815.9336   22.3491
    0.0000   -7.5000   45.000011370.1211   22.4038
    7.5000   -7.5000   45.000010841.0508   22.4445
   -7.5000    0.0000   45.000011635.1816   22.3545
    0.0000    0.0000   45.000012200.7227   22.4094
    7.5000    0.0000   45.000011677.6406   22.4575
   -7.5000    7.5000   45.000011534.7949   22.3393
    0.0000    7.5000   45.000012073.7832   22.3933
    7.5000    7.5000   45.000011563.3506   22.4425
   -7.5000   15.0000   45.000011313.5771   22.3177
    0.0000   15.0000   45.000011822.8291   22.3698
    7.5000   15.0000   45.000011340.9893   22.4144
   -7.5000   22.5000   45.000011045.3486   22.3048
    0.0000   22.5000   45.000011537.0635   22.3570
    7.5000   22.5000   45.000011065.8252   22.3962
   -7.5000   30.0000   45.000010679.2637   22.0404
    0.0000   30.0000   45.000011149.2715   22.0937
    7.5000   30.0000   45.000010696.5225   22.1297
   -7.5000   37.5000   45.000010536.8701   22.0579
    0.0000   37.5000   45.000011015.8506   22.1119
    7.5000   37.5000   45.000010558.6562   22.1521
   -7.5000   45.0000   45.0000 9823.0156   21.5569
    0.0000   45.0000   45.000010297.7764   21.6099
    7.5000   45.0000   45.0000 9853.2012   21.6562

---------------------------------------------------------------------
imgreg_4dfp /opt/freesurfer/average/711-2C_as_mni_average_305 /opt/freesurfer/average/711-2B_as_mni_average_305_mask talsrcimg_g11 none talsrcimg_to_711-2C_as_mni_average_305_t4 4355
---------------------------------------------------------------------

freesurfer imgreg_4dfp.c
/opt/freesurfer/average/711-2C_as_mni_average_305.4dfp.img
       256       256       256         1
  1.000000  1.000000  1.000000
orientation T byte_order littleendian
Reading image: /opt/freesurfer/average/711-2C_as_mni_average_305.4dfp.img
dimensions:      256       256       256
mmppix:       1.0000   -1.0000   -1.0000
center:     128.0000 -129.0000 -129.0000
/opt/freesurfer/average/711-2B_as_mni_average_305_mask.4dfp.img
       256       256       256         1
  1.000000  1.000000  1.000000
orientation T byte_order littleendian
Reading mask: /opt/freesurfer/average/711-2B_as_mni_average_305_mask.4dfp.img (2306576 pixels)
talsrcimg_g11.4dfp.img
       256       256       256         1
  1.000000  1.000000  1.000000
orientation T byte_order littleendian
Reading image: talsrcimg_g11.4dfp.img
dimensions:      256       256       256
mmppix:       1.0000   -1.0000   -1.0000
center:     128.0000 -129.0000 -129.0000
rotation matrix determinant  1.000000
image alignment mode   4355 decimal     1103 hex
   -7.5000  -37.5000  -45.0000 2088.7512   24.4790
    0.0000  -37.5000  -45.0000 2107.0908   24.5327
    7.5000  -37.5000  -45.0000 2099.5759   24.5642
   -7.5000  -30.0000  -45.0000 2213.3975   22.0149
    0.0000  -30.0000  -45.0000 2233.7471   22.0284
    7.5000  -30.0000  -45.0000 2221.4062   22.0286
   -7.5000  -22.5000  -45.0000 2325.7368   20.0504
    0.0000  -22.5000  -45.0000 2342.4937   20.0758
    7.5000  -22.5000  -45.0000 2329.5928   20.0935
   -7.5000  -15.0000  -45.0000 2401.4109   18.5558
    0.0000  -15.0000  -45.0000 2429.9207   18.5437
    7.5000  -15.0000  -45.0000 2410.7107   18.5344
   -7.5000   -7.5000  -45.0000 2453.6680   17.5325
    0.0000   -7.5000  -45.0000 2478.1160   17.4618
    7.5000   -7.5000  -45.0000 2465.4629   17.4684
   -7.5000    0.0000  -45.0000 2483.3743   16.8571
    0.0000    0.0000  -45.0000 2503.7205   16.7732
    7.5000    0.0000  -45.0000 2486.2805   16.8015
   -7.5000    7.5000  -45.0000 2499.4761   16.4562
    0.0000    7.5000  -45.0000 2523.0020   16.3628
    7.5000    7.5000  -45.0000 2503.1990   16.3744
   -7.5000   15.0000  -45.0000 2502.5007   16.3918
    0.0000   15.0000  -45.0000 2525.1484   16.2870
    7.5000   15.0000  -45.0000 2505.5303   16.3203
   -7.5000   22.5000  -45.0000 2486.7900   16.6508
    0.0000   22.5000  -45.0000 2512.9934   16.5779
    7.5000   22.5000  -45.0000 2491.3914   16.5987
   -7.5000   30.0000  -45.0000 2447.5981   17.1988
    0.0000   30.0000  -45.0000 2478.4407   17.1628
    7.5000   30.0000  -45.0000 2459.2107   17.1705
   -7.5000   37.5000  -45.0000 2392.4849   18.0312
    0.0000   37.5000  -45.0000 2423.3818   18.0028
    7.5000   37.5000  -45.0000 2398.7581   18.0496
   -7.5000   45.0000  -45.0000 2314.6914   19.2303
    0.0000   45.0000  -45.0000 2344.4827   19.1727
    7.5000   45.0000  -45.0000 2320.5190   19.2230
   -7.5000   52.5000  -45.0000 2197.4333   20.7595
    0.0000   52.5000  -45.0000 2220.5571   20.6554
    7.5000   52.5000  -45.0000 2200.5938   20.6971
   -7.5000  -37.5000  -37.5000 2141.2698   23.2409
    0.0000  -37.5000  -37.5000 2160.6926   23.2095
    7.5000  -37.5000  -37.5000 2149.7219   23.2293
   -7.5000  -30.0000  -37.5000 2274.6807   20.8590
    0.0000  -30.0000  -37.5000 2293.9426   20.7903
    7.5000  -30.0000  -37.5000 2280.2576   20.8336
   -7.5000  -22.5000  -37.5000 2385.9082   18.8927
    0.0000  -22.5000  -37.5000 2407.8457   18.9000
    7.5000  -22.5000  -37.5000 2394.4863   18.9367
   -7.5000  -15.0000  -37.5000 2470.8594   17.4665
    0.0000  -15.0000  -37.5000 2493.6948   17.4402
    7.5000  -15.0000  -37.5000 2477.5388   17.4430
   -7.5000   -7.5000  -37.5000 2532.6316   16.4722
    0.0000   -7.5000  -37.5000 2554.0315   16.3684
    7.5000   -7.5000  -37.5000 2539.6643   16.3586
   -7.5000    0.0000  -37.5000 2566.0273   15.8099
    0.0000    0.0000  -37.5000 2588.2830   15.7087
    7.5000    0.0000  -37.5000 2572.9578   15.7100
   -7.5000    7.5000  -37.5000 2589.7144   15.4039
    0.0000    7.5000  -37.5000 2609.2732   15.3165
    7.5000    7.5000  -37.5000 2588.5166   15.3245
   -7.5000   15.0000  -37.5000 2591.0251   15.3384
    0.0000   15.0000  -37.5000 2608.4829   15.2694
    7.5000   15.0000  -37.5000 2589.7917   15.3286
   -7.5000   22.5000  -37.5000 2576.6523   15.5737
    0.0000   22.5000  -37.5000 2599.8345   15.5046
    7.5000   22.5000  -37.5000 2579.9094   15.5695
   -7.5000   30.0000  -37.5000 2541.3396   16.0958
    0.0000   30.0000  -37.5000 2568.1990   16.0216
    7.5000   30.0000  -37.5000 2544.6599   16.0497
   -7.5000   37.5000  -37.5000 2485.1326   16.8597
    0.0000   37.5000  -37.5000 2511.8826   16.7915
    7.5000   37.5000  -37.5000 2487.3818   16.8355
   -7.5000   45.0000  -37.5000 2400.0042   17.9587
    0.0000   45.0000  -37.5000 2424.5315   17.8679
    7.5000   45.0000  -37.5000 2403.7864   17.9035
   -7.5000   52.5000  -37.5000 2277.1851   19.3348
    0.0000   52.5000  -37.5000 2300.6372   19.2279
    7.5000   52.5000  -37.5000 2280.7744   19.2454
   -7.5000  -37.5000  -30.0000 2220.7266   22.9575
    0.0000  -37.5000  -30.0000 2241.0964   22.8876
    7.5000  -37.5000  -30.0000 2227.8069   22.9329
   -7.5000  -30.0000  -30.0000 2358.9976   20.4969
    0.0000  -30.0000  -30.0000 2382.0422   20.4661
    7.5000  -30.0000  -30.0000 2370.2505   20.5010
   -7.5000  -22.5000  -30.0000 2476.2195   18.5573
    0.0000  -22.5000  -30.0000 2500.3684   18.4833
    7.5000  -22.5000  -30.0000 2490.0161   18.5392
   -7.5000  -15.0000  -30.0000 2571.9265   17.0996
    0.0000  -15.0000  -30.0000 2594.5269   16.9895
    7.5000  -15.0000  -30.0000 2579.0393   17.0243
   -7.5000   -7.5000  -30.0000 2644.0498   16.0369
    0.0000   -7.5000  -30.0000 2666.9529   15.9244
    7.5000   -7.5000  -30.0000 2651.9504   15.9073
   -7.5000    0.0000  -30.0000 2685.2791   15.3647
    0.0000    0.0000  -30.0000 2706.3330   15.2207
    7.5000    0.0000  -30.0000 2691.7261   15.2089
   -7.5000    7.5000  -30.0000 2716.7385   14.9111
    0.0000    7.5000  -30.0000 2739.1602   14.7889
    7.5000    7.5000  -30.0000 2716.4297   14.8160
   -7.5000   15.0000  -30.0000 2723.2019   14.8577
    0.0000   15.0000  -30.0000 2743.1614   14.7576
    7.5000   15.0000  -30.0000 2723.4844   14.8206
   -7.5000   22.5000  -30.0000 2711.7866   15.1271
    0.0000   22.5000  -30.0000 2741.4568   15.0357
    7.5000   22.5000  -30.0000 2716.0479   15.1042
   -7.5000   30.0000  -30.0000 2680.0505   15.6283
    0.0000   30.0000  -30.0000 2701.5801   15.5273
    7.5000   30.0000  -30.0000 2677.8247   15.5681
   -7.5000   37.5000  -30.0000 2621.5847   16.3577
    0.0000   37.5000  -30.0000 2642.1846   16.2567
    7.5000   37.5000  -30.0000 2617.1619   16.2947
   -7.5000   45.0000  -30.0000 2524.5076   17.3828
    0.0000   45.0000  -30.0000 2545.9204   17.2847
    7.5000   45.0000  -30.0000 2528.6841   17.3379
   -7.5000   52.5000  -30.0000 2392.7803   18.7059
    0.0000   52.5000  -30.0000 2414.9380   18.5949
    7.5000   52.5000  -30.0000 2397.8743   18.6373
   -7.5000  -37.5000  -22.5000 2259.3474   22.7018
    0.0000  -37.5000  -22.5000 2284.4319   22.6236
    7.5000  -37.5000  -22.5000 2271.7461   22.6890
   -7.5000  -30.0000  -22.5000 2397.3870   20.1731
    0.0000  -30.0000  -22.5000 2423.6094   20.0755
    7.5000  -30.0000  -22.5000 2409.2874   20.1381
   -7.5000  -22.5000  -22.5000 2520.7466   18.2007
    0.0000  -22.5000  -22.5000 2547.6658   18.0697
    7.5000  -22.5000  -22.5000 2534.8386   18.1264
   -7.5000  -15.0000  -22.5000 2625.0947   16.7068
    0.0000  -15.0000  -22.5000 2651.5415   16.5482
    7.5000  -15.0000  -22.5000 2636.5117   16.6079
   -7.5000   -7.5000  -22.5000 2714.2776   15.6121
    0.0000   -7.5000  -22.5000 2742.3840   15.4297
    7.5000   -7.5000  -22.5000 2724.0122   15.5000
   -7.5000    0.0000  -22.5000 2769.9990   14.8907
    0.0000    0.0000  -22.5000 2792.3838   14.6903
    7.5000    0.0000  -22.5000 2773.8394   14.7272
   -7.5000    7.5000  -22.5000 2813.9758   14.4190
    0.0000    7.5000  -22.5000 2831.6025   14.1879
    7.5000    7.5000  -22.5000 2807.8381   14.2618
   -7.5000   15.0000  -22.5000 2830.8503   14.3403
    0.0000   15.0000  -22.5000 2844.8396   14.1422
    7.5000   15.0000  -22.5000 2825.5439   14.2050
   -7.5000   22.5000  -22.5000 2818.3276   14.6321
    0.0000   22.5000  -22.5000 2845.7517   14.4782
    7.5000   22.5000  -22.5000 2819.8145   14.5111
   -7.5000   30.0000  -22.5000 2778.6343   15.1198
    0.0000   30.0000  -22.5000 2802.1592   14.9889
    7.5000   30.0000  -22.5000 2779.0491   15.0440
   -7.5000   37.5000  -22.5000 2717.9749   15.8287
    0.0000   37.5000  -22.5000 2738.3938   15.6976
    7.5000   37.5000  -22.5000 2713.3132   15.7726
   -7.5000   45.0000  -22.5000 2622.1963   16.8046
    0.0000   45.0000  -22.5000 2641.8772   16.6723
    7.5000   45.0000  -22.5000 2621.7952   16.7614
   -7.5000   52.5000  -22.5000 2484.4985   18.1142
    0.0000   52.5000  -22.5000 2506.7285   17.9528
    7.5000   52.5000  -22.5000 2489.4731   18.0347
   -7.5000  -37.5000  -15.0000 2270.6663   22.5773
    0.0000  -37.5000  -15.0000 2295.0698   22.4355
    7.5000  -37.5000  -15.0000 2283.7646   22.5260
   -7.5000  -30.0000  -15.0000 2407.6812   19.9734
    0.0000  -30.0000  -15.0000 2431.5371   19.8052
    7.5000  -30.0000  -15.0000 2422.6819   19.9187
   -7.5000  -22.5000  -15.0000 2527.1528   17.9160
    0.0000  -22.5000  -15.0000 2556.1514   17.7754
    7.5000  -22.5000  -15.0000 2544.8396   17.8769
   -7.5000  -15.0000  -15.0000 2635.0776   16.3392
    0.0000  -15.0000  -15.0000 2664.2854   16.2251
    7.5000  -15.0000  -15.0000 2654.2295   16.3225
   -7.5000   -7.5000  -15.0000 2741.6970   15.2355
    0.0000   -7.5000  -15.0000 2767.6104   15.0864
    7.5000   -7.5000  -15.0000 2751.0923   15.1650
   -7.5000    0.0000  -15.0000 2813.2410   14.5311
    0.0000    0.0000  -15.0000 2842.0732   14.3137
    7.5000    0.0000  -15.0000 2822.1768   14.4078
   -7.5000    7.5000  -15.0000 2872.0642   14.0509
    0.0000    7.5000  -15.0000 2894.9409   13.7221
    7.5000    7.5000  -15.0000 2866.6313   13.8975
   -7.5000   15.0000  -15.0000 2892.2349   13.9310
    0.0000   15.0000  -15.0000 2907.2131   13.6233
    7.5000   15.0000  -15.0000 2885.0496   13.7745
   -7.5000   22.5000  -15.0000 2886.7188   14.2134
    0.0000   22.5000  -15.0000 2905.0461   13.9851
    7.5000   22.5000  -15.0000 2884.0715   14.0981
   -7.5000   30.0000  -15.0000 2842.8889   14.6986
    0.0000   30.0000  -15.0000 2863.2554   14.5117
    7.5000   30.0000  -15.0000 2844.2383   14.6252
   -7.5000   37.5000  -15.0000 2778.3127   15.3530
    0.0000   37.5000  -15.0000 2802.6821   15.2078
    7.5000   37.5000  -15.0000 2780.7085   15.3401
   -7.5000   45.0000  -15.0000 2682.4626   16.3484
    0.0000   45.0000  -15.0000 2703.5793   16.1938
    7.5000   45.0000  -15.0000 2682.1748   16.3407
   -7.5000   52.5000  -15.0000 2544.3838   17.6503
    0.0000   52.5000  -15.0000 2567.1116   17.4715
    7.5000   52.5000  -15.0000 2542.2671   17.5630
   -7.5000  -37.5000   -7.5000 2257.1572   22.3785
    0.0000  -37.5000   -7.5000 2275.8738   22.2125
    7.5000  -37.5000   -7.5000 2273.0120   22.3682
   -7.5000  -30.0000   -7.5000 2394.0046   19.7607
    0.0000  -30.0000   -7.5000 2412.9778   19.5621
    7.5000  -30.0000   -7.5000 2406.3406   19.7205
   -7.5000  -22.5000   -7.5000 2513.8633   17.6836
    0.0000  -22.5000   -7.5000 2543.3945   17.5649
    7.5000  -22.5000   -7.5000 2530.9170   17.7056
   -7.5000  -15.0000   -7.5000 2631.8645   16.0869
    0.0000  -15.0000   -7.5000 2652.9050   15.9751
    7.5000  -15.0000   -7.5000 2641.8091   16.1192
   -7.5000   -7.5000   -7.5000 2746.1184   14.9628
    0.0000   -7.5000   -7.5000 2770.0928   14.8167
    7.5000   -7.5000   -7.5000 2748.8572   14.9327
   -7.5000    0.0000   -7.5000 2840.7642   14.3054
    0.0000    0.0000   -7.5000 2864.9163   14.1433
    7.5000    0.0000   -7.5000 2842.4485   14.2116
   -7.5000    7.5000   -7.5000 2917.4001   13.9318
    0.0000    7.5000   -7.5000 2945.9365   13.7076
    7.5000    7.5000   -7.5000 2910.4834   13.8253
   -7.5000   15.0000   -7.5000 2944.9529   13.7794
    0.0000   15.0000   -7.5000 2969.2434   13.4819
    7.5000   15.0000   -7.5000 2929.3999   13.6412
   -7.5000   22.5000   -7.5000 2936.1875   13.9234
    0.0000   22.5000   -7.5000 2952.5498   13.7115
    7.5000   22.5000   -7.5000 2918.9844   13.8160
   -7.5000   30.0000   -7.5000 2884.0459   14.3038
    0.0000   30.0000   -7.5000 2902.9976   14.1670
    7.5000   30.0000   -7.5000 2879.2866   14.2334
   -7.5000   37.5000   -7.5000 2814.2595   14.9536
    0.0000   37.5000   -7.5000 2836.6311   14.8140
    7.5000   37.5000   -7.5000 2813.6208   14.9324
   -7.5000   45.0000   -7.5000 2713.3362   15.9323
    0.0000   45.0000   -7.5000 2735.8574   15.8073
    7.5000   45.0000   -7.5000 2709.8467   15.9197
   -7.5000   52.5000   -7.5000 2571.6921   17.2326
    0.0000   52.5000   -7.5000 2594.0737   17.0962
    7.5000   52.5000   -7.5000 2565.0134   17.1627
   -7.5000  -37.5000    0.0000 2235.3369   22.5457
    0.0000  -37.5000    0.0000 2249.0408   22.2423
    7.5000  -37.5000    0.0000 2246.4185   22.5882
   -7.5000  -30.0000    0.0000 2368.4060   19.7708
    0.0000  -30.0000    0.0000 2381.6865   19.5115
    7.5000  -30.0000    0.0000 2377.0938   19.8058
   -7.5000  -22.5000    0.0000 2493.1926   17.6847
    0.0000  -22.5000    0.0000 2511.0735   17.4649
    7.5000  -22.5000    0.0000 2502.6777   17.7373
   -7.5000  -15.0000    0.0000 2613.2617   16.1003
    0.0000  -15.0000    0.0000 2627.1660   15.9027
    7.5000  -15.0000    0.0000 2617.0872   16.1390
   -7.5000   -7.5000    0.0000 2730.6221   14.9727
    0.0000   -7.5000    0.0000 2752.8374   14.8467
    7.5000   -7.5000    0.0000 2735.3271   15.0035
   -7.5000    0.0000    0.0000 2842.3223   14.2906
    0.0000    0.0000    0.0000 2877.9197   14.2503
    7.5000    0.0000    0.0000 2842.7151   14.3181
   -7.5000    7.5000    0.0000 2930.1016   13.9318
    0.0000    7.5000    0.0000 2977.3416   13.9411
    7.5000    7.5000    0.0000 2930.3970   13.9325
   -7.5000   15.0000    0.0000 2971.6377   13.7741
    0.0000   15.0000    0.0000 3015.5146   13.6982
    7.5000   15.0000    0.0000 2958.2485   13.7345
   -7.5000   22.5000    0.0000 2956.6279   13.7991
    0.0000   22.5000    0.0000 2986.6482   13.6668
    7.5000   22.5000    0.0000 2943.2649   13.7675
   -7.5000   30.0000    0.0000 2906.5964   14.1073
    0.0000   30.0000    0.0000 2925.4153   13.9431
    7.5000   30.0000    0.0000 2892.6824   14.0448
   -7.5000   37.5000    0.0000 2826.4788   14.7277
    0.0000   37.5000    0.0000 2847.4155   14.5647
    7.5000   37.5000    0.0000 2822.9048   14.6690
   -7.5000   45.0000    0.0000 2724.6628   15.7133
    0.0000   45.0000    0.0000 2742.8435   15.5668
    7.5000   45.0000    0.0000 2721.8601   15.6597
   -7.5000   52.5000    0.0000 2582.1704   17.0079
    0.0000   52.5000    0.0000 2603.4905   16.8588
    7.5000   52.5000    0.0000 2575.6094   16.9144
   -7.5000  -37.5000    7.5000 2205.4475   22.9930
    0.0000  -37.5000    7.5000 2223.5598   22.6367
    7.5000  -37.5000    7.5000 2215.7195   22.9813
   -7.5000  -30.0000    7.5000 2338.0093   20.2013
    0.0000  -30.0000    7.5000 2348.5171   19.8470
    7.5000  -30.0000    7.5000 2343.4734   20.2126
   -7.5000  -22.5000    7.5000 2464.6016   18.0735
    0.0000  -22.5000    7.5000 2477.0415   17.8182
    7.5000  -22.5000    7.5000 2468.1138   18.1350
   -7.5000  -15.0000    7.5000 2589.7781   16.4711
    0.0000  -15.0000    7.5000 2602.8887   16.2886
    7.5000  -15.0000    7.5000 2587.1990   16.5575
   -7.5000   -7.5000    7.5000 2715.4412   15.3229
    0.0000   -7.5000    7.5000 2736.4163   15.1754
    7.5000   -7.5000    7.5000 2712.2542   15.4187
   -7.5000    0.0000    7.5000 2824.5525   14.5180
    0.0000    0.0000    7.5000 2861.8398   14.4220
    7.5000    0.0000    7.5000 2822.5264   14.5947
   -7.5000    7.5000    7.5000 2914.3259   14.0315
    0.0000    7.5000    7.5000 2962.6147   13.9558
    7.5000    7.5000    7.5000 2921.9175   14.0848
   -7.5000   15.0000    7.5000 2960.1758   13.7567
    0.0000   15.0000    7.5000 3007.9712   13.6031
    7.5000   15.0000    7.5000 2961.1250   13.7804
   -7.5000   22.5000    7.5000 2957.8945   13.7911
    0.0000   22.5000    7.5000 2987.5894   13.6395
    7.5000   22.5000    7.5000 2946.0256   13.8365
   -7.5000   30.0000    7.5000 2905.0833   14.1606
    0.0000   30.0000    7.5000 2929.4158   14.0068
    7.5000   30.0000    7.5000 2886.5330   14.1615
   -7.5000   37.5000    7.5000 2819.0620   14.8187
    0.0000   37.5000    7.5000 2844.0574   14.6830
    7.5000   37.5000    7.5000 2814.4006   14.7746
   -7.5000   45.0000    7.5000 2720.2439   15.7681
    0.0000   45.0000    7.5000 2734.7908   15.6250
    7.5000   45.0000    7.5000 2714.2222   15.7009
   -7.5000   52.5000    7.5000 2583.5498   17.0328
    0.0000   52.5000    7.5000 2598.7253   16.8858
    7.5000   52.5000    7.5000 2576.1096   16.9192
   -7.5000  -37.5000   15.0000 2174.3655   23.7357
    0.0000  -37.5000   15.0000 2186.7119   23.3754
    7.5000  -37.5000   15.0000 2180.2869   23.7349
   -7.5000  -30.0000   15.0000 2308.1379   20.8995
    0.0000  -30.0000   15.0000 2315.8252   20.5488
    7.5000  -30.0000   15.0000 2306.1533   20.9137
   -7.5000  -22.5000   15.0000 2430.3359   18.6740
    0.0000  -22.5000   15.0000 2442.8354   18.3932
    7.5000  -22.5000   15.0000 2427.9915   18.7420
   -7.5000  -15.0000   15.0000 2560.4106   16.9957
    0.0000  -15.0000   15.0000 2573.8618   16.7603
    7.5000  -15.0000   15.0000 2550.9468   17.0841
   -7.5000   -7.5000   15.0000 2683.6558   15.7171
    0.0000   -7.5000   15.0000 2700.3813   15.5238
    7.5000   -7.5000   15.0000 2675.7273   15.8269
   -7.5000    0.0000   15.0000 2789.4399   14.8367
    0.0000    0.0000   15.0000 2817.6458   14.6709
    7.5000    0.0000   15.0000 2784.5212   14.9498
   -7.5000    7.5000   15.0000 2875.4001   14.2153
    0.0000    7.5000   15.0000 2911.5950   14.0542
    7.5000    7.5000   15.0000 2878.1404   14.3254
   -7.5000   15.0000   15.0000 2923.9880   13.8408
    0.0000   15.0000   15.0000 2966.2747   13.5623
    7.5000   15.0000   15.0000 2927.0071   13.9782
   -7.5000   22.5000   15.0000 2934.2249   13.9476
    0.0000   22.5000   15.0000 2960.8291   13.7090
    7.5000   22.5000   15.0000 2920.9963   14.0156
   -7.5000   30.0000   15.0000 2891.5168   14.4405
    0.0000   30.0000   15.0000 2912.0771   14.2589
    7.5000   30.0000   15.0000 2869.0007   14.4589
   -7.5000   37.5000   15.0000 2798.2014   15.1695
    0.0000   37.5000   15.0000 2822.0752   14.9972
    7.5000   37.5000   15.0000 2790.7434   15.1233
   -7.5000   45.0000   15.0000 2699.9004   16.1385
    0.0000   45.0000   15.0000 2714.6538   15.9688
    7.5000   45.0000   15.0000 2694.8684   16.0842
   -7.5000   52.5000   15.0000 2560.3909   17.3174
    0.0000   52.5000   15.0000 2580.1157   17.1564
    7.5000   52.5000   15.0000 2556.8640   17.2161
   -7.5000  -37.5000   22.5000 2133.5278   24.7582
    0.0000  -37.5000   22.5000 2140.8489   24.4906
    7.5000  -37.5000   22.5000 2134.5693   24.8117
   -7.5000  -30.0000   22.5000 2270.1499   21.7504
    0.0000  -30.0000   22.5000 2279.1357   21.4685
    7.5000  -30.0000   22.5000 2262.2566   21.7791
   -7.5000  -22.5000   22.5000 2394.4380   19.3662
    0.0000  -22.5000   22.5000 2410.6929   19.0880
    7.5000  -22.5000   22.5000 2385.1877   19.4405
   -7.5000  -15.0000   22.5000 2519.8745   17.5639
    0.0000  -15.0000   22.5000 2536.9653   17.3215
    7.5000  -15.0000   22.5000 2509.3398   17.7078
   -7.5000   -7.5000   22.5000 2643.2703   16.2303
    0.0000   -7.5000   22.5000 2660.0371   16.0243
    7.5000   -7.5000   22.5000 2635.9985   16.3914
   -7.5000    0.0000   22.5000 2746.9407   15.3014
    0.0000    0.0000   22.5000 2766.0774   15.1013
    7.5000    0.0000   22.5000 2741.9939   15.4846
   -7.5000    7.5000   22.5000 2829.7317   14.6622
    0.0000    7.5000   22.5000 2852.0977   14.4147
    7.5000    7.5000   22.5000 2826.0361   14.8441
   -7.5000   15.0000   22.5000 2876.3413   14.2941
    0.0000   15.0000   22.5000 2897.4353   14.0000
    7.5000   15.0000   22.5000 2873.7141   14.4419
   -7.5000   22.5000   22.5000 2884.8696   14.4192
    0.0000   22.5000   22.5000 2903.8193   14.1985
    7.5000   22.5000   22.5000 2871.7791   14.4990
   -7.5000   30.0000   22.5000 2846.3296   14.9305
    0.0000   30.0000   22.5000 2864.8352   14.7289
    7.5000   30.0000   22.5000 2825.8706   14.9612
   -7.5000   37.5000   22.5000 2763.0168   15.6757
    0.0000   37.5000   22.5000 2783.7427   15.4954
    7.5000   37.5000   22.5000 2753.9502   15.6661
   -7.5000   45.0000   22.5000 2666.1926   16.6337
    0.0000   45.0000   22.5000 2684.4041   16.4932
    7.5000   45.0000   22.5000 2662.4282   16.6485
   -7.5000   52.5000   22.5000 2532.4412   17.8096
    0.0000   52.5000   22.5000 2550.1489   17.6839
    7.5000   52.5000   22.5000 2526.4133   17.7591
   -7.5000  -37.5000   30.0000 2089.6987   26.0190
    0.0000  -37.5000   30.0000 2095.7434   25.7382
    7.5000  -37.5000   30.0000 2082.9504   26.1070
   -7.5000  -30.0000   30.0000 2227.9607   22.7444
    0.0000  -30.0000   30.0000 2234.4387   22.4508
    7.5000  -30.0000   30.0000 2215.6599   22.8028
   -7.5000  -22.5000   30.0000 2354.0508   20.1955
    0.0000  -22.5000   30.0000 2365.3032   19.9673
    7.5000  -22.5000   30.0000 2340.4136   20.3506
   -7.5000  -15.0000   30.0000 2478.5530   18.3067
    0.0000  -15.0000   30.0000 2492.7278   18.1116
    7.5000  -15.0000   30.0000 2462.6157   18.5015
   -7.5000   -7.5000   30.0000 2599.0615   16.9359
    0.0000   -7.5000   30.0000 2617.7078   16.7538
    7.5000   -7.5000   30.0000 2585.7710   17.1513
   -7.5000    0.0000   30.0000 2700.9863   16.0089
    0.0000    0.0000   30.0000 2719.3975   15.8246
    7.5000    0.0000   30.0000 2687.4812   16.2056
   -7.5000    7.5000   30.0000 2774.4534   15.3389
    0.0000    7.5000   30.0000 2792.2266   15.0796
    7.5000    7.5000   30.0000 2762.5989   15.5276
   -7.5000   15.0000   30.0000 2812.9062   14.9825
    0.0000   15.0000   30.0000 2822.1611   14.7682
    7.5000   15.0000   30.0000 2800.3020   15.1484
   -7.5000   22.5000   30.0000 2815.2522   15.1328
    0.0000   22.5000   30.0000 2833.4487   14.9320
    7.5000   22.5000   30.0000 2802.8979   15.2198
   -7.5000   30.0000   30.0000 2781.9055   15.5904
    0.0000   30.0000   30.0000 2794.0308   15.4200
    7.5000   30.0000   30.0000 2759.2205   15.6487
   -7.5000   37.5000   30.0000 2708.0774   16.3263
    0.0000   37.5000   30.0000 2726.8999   16.1582
    7.5000   37.5000   30.0000 2694.4629   16.3730
   -7.5000   45.0000   30.0000 2618.4500   17.2980
    0.0000   45.0000   30.0000 2638.6885   17.1809
    7.5000   45.0000   30.0000 2608.0535   17.3687
   -7.5000   52.5000   30.0000 2489.1277   18.4604
    0.0000   52.5000   30.0000 2505.8457   18.3858
    7.5000   52.5000   30.0000 2480.0181   18.4918
   -7.5000  -37.5000   37.5000 2038.4340   27.5304
    0.0000  -37.5000   37.5000 2047.5088   27.1694
    7.5000  -37.5000   37.5000 2029.9143   27.5550
   -7.5000  -30.0000   37.5000 2179.3491   23.9485
    0.0000  -30.0000   37.5000 2188.6531   23.7143
    7.5000  -30.0000   37.5000 2167.0532   24.0612
   -7.5000  -22.5000   37.5000 2310.7358   21.2568
    0.0000  -22.5000   37.5000 2324.4983   21.0800
    7.5000  -22.5000   37.5000 2294.2625   21.4494
   -7.5000  -15.0000   37.5000 2434.2693   19.2892
    0.0000  -15.0000   37.5000 2449.4292   19.1483
    7.5000  -15.0000   37.5000 2413.2878   19.5158
   -7.5000   -7.5000   37.5000 2547.1116   17.8894
    0.0000   -7.5000   37.5000 2564.9055   17.7291
    7.5000   -7.5000   37.5000 2528.6270   18.1138
   -7.5000    0.0000   37.5000 2642.0186   16.9260
    0.0000    0.0000   37.5000 2660.0996   16.7425
    7.5000    0.0000   37.5000 2624.8997   17.1420
   -7.5000    7.5000   37.5000 2707.5991   16.2309
    0.0000    7.5000   37.5000 2722.8308   16.0476
    7.5000    7.5000   37.5000 2689.0354   16.4303
   -7.5000   15.0000   37.5000 2736.2522   15.9354
    0.0000   15.0000   37.5000 2749.4170   15.7656
    7.5000   15.0000   37.5000 2722.3472   16.1105
   -7.5000   22.5000   37.5000 2735.5566   16.0437
    0.0000   22.5000   37.5000 2753.2791   15.8869
    7.5000   22.5000   37.5000 2724.6873   16.1400
   -7.5000   30.0000   37.5000 2707.6594   16.4928
    0.0000   30.0000   37.5000 2720.3369   16.3141
    7.5000   30.0000   37.5000 2684.4780   16.5444
   -7.5000   37.5000   37.5000 2642.8774   17.1903
    0.0000   37.5000   37.5000 2658.4062   17.0163
    7.5000   37.5000   37.5000 2626.3074   17.2396
   -7.5000   45.0000   37.5000 2554.6230   18.1115
    0.0000   45.0000   37.5000 2571.2747   17.9968
    7.5000   45.0000   37.5000 2545.5278   18.2025
   -7.5000   52.5000   37.5000 2431.1294   19.2656
    0.0000   52.5000   37.5000 2443.7351   19.2320
    7.5000   52.5000   37.5000 2421.6091   19.3695
   -7.5000  -37.5000   45.0000 1981.5432   29.1425
    0.0000  -37.5000   45.0000 1989.7999   28.8544
    7.5000  -37.5000   45.0000 1971.3414   29.3019
   -7.5000  -30.0000   45.0000 2125.9028   25.3859
    0.0000  -30.0000   45.0000 2135.7927   25.1760
    7.5000  -30.0000   45.0000 2110.7756   25.5190
   -7.5000  -22.5000   45.0000 2262.4907   22.5833
    0.0000  -22.5000   45.0000 2274.3169   22.4573
    7.5000  -22.5000   45.0000 2237.6228   22.7175
   -7.5000  -15.0000   45.0000 2384.4885   20.5309
    0.0000  -15.0000   45.0000 2394.4727   20.4262
    7.5000  -15.0000   45.0000 2352.6477   20.7435
   -7.5000   -7.5000   45.0000 2487.2654   19.1031
    0.0000   -7.5000   45.0000 2501.5676   18.9783
    7.5000   -7.5000   45.0000 2461.9404   19.3099
   -7.5000    0.0000   45.0000 2569.5413   18.0944
    0.0000    0.0000   45.0000 2585.1694   17.9241
    7.5000    0.0000   45.0000 2549.7188   18.2924
   -7.5000    7.5000   45.0000 2627.2419   17.3995
    0.0000    7.5000   45.0000 2638.5798   17.2801
    7.5000    7.5000   45.0000 2604.7915   17.6077
   -7.5000   15.0000   45.0000 2648.3752   17.1130
    0.0000   15.0000   45.0000 2662.2534   16.9702
    7.5000   15.0000   45.0000 2633.6687   17.3062
   -7.5000   22.5000   45.0000 2647.0293   17.1687
    0.0000   22.5000   45.0000 2661.5618   17.0448
    7.5000   22.5000   45.0000 2632.8503   17.2828
   -7.5000   30.0000   45.0000 2621.3999   17.5438
    0.0000   30.0000   45.0000 2631.0110   17.4397
    7.5000   30.0000   45.0000 2596.1294   17.6708
   -7.5000   37.5000   45.0000 2564.6184   18.1746
    0.0000   37.5000   45.0000 2577.9546   18.0989
    7.5000   37.5000   45.0000 2544.1912   18.3440
   -7.5000   45.0000   45.0000 2481.3689   19.0872
    0.0000   45.0000   45.0000 2497.3374   19.0400
    7.5000   45.0000   45.0000 2468.6599   19.2956
   -7.5000   52.5000   45.0000 2359.4133   20.3036
    0.0000   52.5000   45.0000 2373.3113   20.2573
    7.5000   52.5000   45.0000 2346.4438   20.4553

---------------------------------------------------------------------
imgreg_4dfp /opt/freesurfer/average/711-2C_as_mni_average_305 /opt/freesurfer/average/711-2B_as_mni_average_305_mask talsrcimg_g11 none talsrcimg_to_711-2C_as_mni_average_305_t4 1283
---------------------------------------------------------------------

freesurfer imgreg_4dfp.c
/opt/freesurfer/average/711-2C_as_mni_average_305.4dfp.img
       256       256       256         1
  1.000000  1.000000  1.000000
orientation T byte_order littleendian
Reading image: /opt/freesurfer/average/711-2C_as_mni_average_305.4dfp.img
dimensions:      256       256       256
mmppix:       1.0000   -1.0000   -1.0000
center:     128.0000 -129.0000 -129.0000
/opt/freesurfer/average/711-2B_as_mni_average_305_mask.4dfp.img
       256       256       256         1
  1.000000  1.000000  1.000000
orientation T byte_order littleendian
Reading mask: /opt/freesurfer/average/711-2B_as_mni_average_305_mask.4dfp.img (2306576 pixels)
talsrcimg_g11.4dfp.img
       256       256       256         1
  1.000000  1.000000  1.000000
orientation T byte_order littleendian
Reading image: talsrcimg_g11.4dfp.img
dimensions:      256       256       256
mmppix:       1.0000   -1.0000   -1.0000
center:     128.0000 -129.0000 -129.0000
rotation matrix determinant  1.000000
fimgreg.f
image alignment mode   1283 decimal      503 hex
parameters
    0.0000   15.0000    0.0000    0.0000    0.0000    0.0000
eta,q 0.94640 13.71832
niter,ni,del,rscale     5    3   12.0000    1.2000
parameter  4  1.485592 ->  0.500000 qaram    1.1500
parameters
   -0.4331   14.6793    2.0718   -3.4500    2.9358    2.8283
eta,q 0.95292 13.65343
  0.0636  0.0606  0.0654  0.0467  0.0573  0.0551
  0.0565  0.0550  0.0593  0.0470  0.0535  0.0513
  0.0527  0.0526  0.0542  0.0481  0.0495  0.0488
  0.0524  0.0518  0.0516  0.0513  0.0472  0.0475
  0.0549  0.0534  0.0513  0.0554  0.0474  0.0472
  0.0591  0.0579  0.0528  0.0590  0.0473  0.0470
  0.0669  0.0614  0.0539  0.0616  0.0475  0.0475
niter,ni,del,rscale     5    3   12.0000    1.2000
parameter  4  0.685799 ->  0.500000 qaram    1.3225
parameters
   -0.5211   15.3878    1.5268   -7.4175    2.2847    2.5486
eta,q 0.95617 13.74119
  0.0583  0.0608  0.0524  0.0464  0.0494  0.0483
  0.0511  0.0521  0.0482  0.0442  0.0455  0.0456
  0.0475  0.0479  0.0468  0.0449  0.0436  0.0440
  0.0471  0.0471  0.0474  0.0472  0.0442  0.0439
  0.0470  0.0486  0.0483  0.0508  0.0449  0.0448
  0.0512  0.0511  0.0504  0.0543  0.0473  0.0464
  0.0596  0.0538  0.0540  0.0574  0.0526  0.0488
niter,ni,del,rscale     5    3   12.0000    1.2000
parameters
   -0.5788   17.1482    0.3050   -8.4278    2.1429    2.6011
eta,q 0.95735 13.70800
  0.0584  0.0602  0.0487  0.0518  0.0495  0.0478
  0.0505  0.0524  0.0449  0.0462  0.0445  0.0451
  0.0451  0.0462  0.0439  0.0418  0.0421  0.0430
  0.0438  0.0438  0.0445  0.0440  0.0427  0.0426
  0.0447  0.0446  0.0462  0.0466  0.0439  0.0435
  0.0503  0.0454  0.0491  0.0507  0.0455  0.0451
  0.0596  0.0476  0.0538  0.0553  0.0492  0.0473
niter,ni,del,rscale     4    3   12.0000    1.2000
parameters
   -0.6614   17.3056    0.2459   -8.6910    2.1216    2.6521
eta,q 0.95757 13.70702
  0.0564  0.0541  0.0518  0.0532  0.0497  0.0477
  0.0487  0.0470  0.0460  0.0485  0.0445  0.0450
  0.0439  0.0428  0.0433  0.0423  0.0419  0.0429
  0.0426  0.0427  0.0427  0.0427  0.0424  0.0424
  0.0434  0.0440  0.0443  0.0457  0.0438  0.0433
  0.0486  0.0469  0.0472  0.0490  0.0453  0.0450
  0.0579  0.0521  0.0512  0.0539  0.0488  0.0474
niter,ni,del,rscale     3    3   12.0000    1.2000
parameters
   -0.6690   17.3989    0.2138   -8.7935    2.0924    2.6857
eta,q 0.95767 13.70413
  0.0565  0.0539  0.0518  0.0535  0.0497  0.0477
  0.0488  0.0469  0.0460  0.0491  0.0444  0.0450
  0.0438  0.0427  0.0432  0.0426  0.0418  0.0428
  0.0424  0.0424  0.0425  0.0425  0.0423  0.0423
  0.0431  0.0439  0.0441  0.0456  0.0437  0.0432
  0.0481  0.0470  0.0471  0.0487  0.0453  0.0450
  0.0573  0.0524  0.0511  0.0536  0.0487  0.0474
niter,ni,del,rscale     2    3   12.0000    1.2000
parameters
   -0.6680   17.4363    0.2019   -8.8295    2.0806    2.7011
eta,q 0.95770 13.70280
  0.0565  0.0537  0.0519  0.0536  0.0498  0.0477
  0.0488  0.0468  0.0460  0.0493  0.0444  0.0450
  0.0437  0.0426  0.0431  0.0427  0.0418  0.0428
  0.0423  0.0423  0.0423  0.0423  0.0423  0.0423
  0.0430  0.0439  0.0440  0.0455  0.0437  0.0432
  0.0480  0.0472  0.0470  0.0486  0.0452  0.0450
  0.0572  0.0526  0.0510  0.0535  0.0487  0.0475
registration optimization eta report
parameter search radius
    6.0000    6.0000    6.0000    7.9350    6.0000    6.0000
100000*second partial in parameter space
       41.       31.       25.       17.       20.       14.
  0.0565  0.0537  0.0519  0.0536  0.0498  0.0477
  0.0488  0.0468  0.0460  0.0493  0.0444  0.0450
  0.0437  0.0426  0.0431  0.0427  0.0418  0.0428
  0.0423  0.0423  0.0423  0.0423  0.0423  0.0423
  0.0430  0.0439  0.0440  0.0455  0.0437  0.0432
  0.0480  0.0472  0.0470  0.0486  0.0452  0.0450
  0.0572  0.0526  0.0510  0.0535  0.0487  0.0475
   -0.6680   17.4363    0.2019   -8.8295    2.0806    2.7011
eta,q 0.95770 13.70280

---------------------------------------------------------------------
imgreg_4dfp /opt/freesurfer/average/711-2C_as_mni_average_305 /opt/freesurfer/average/711-2B_as_mni_average_305_mask talsrcimg_g11 none talsrcimg_to_711-2C_as_mni_average_305_t4 3335
---------------------------------------------------------------------

freesurfer imgreg_4dfp.c
/opt/freesurfer/average/711-2C_as_mni_average_305.4dfp.img
       256       256       256         1
  1.000000  1.000000  1.000000
orientation T byte_order littleendian
Reading image: /opt/freesurfer/average/711-2C_as_mni_average_305.4dfp.img
dimensions:      256       256       256
mmppix:       1.0000   -1.0000   -1.0000
center:     128.0000 -129.0000 -129.0000
/opt/freesurfer/average/711-2B_as_mni_average_305_mask.4dfp.img
       256       256       256         1
  1.000000  1.000000  1.000000
orientation T byte_order littleendian
Reading mask: /opt/freesurfer/average/711-2B_as_mni_average_305_mask.4dfp.img (2306576 pixels)
talsrcimg_g11.4dfp.img
       256       256       256         1
  1.000000  1.000000  1.000000
orientation T byte_order littleendian
Reading image: talsrcimg_g11.4dfp.img
dimensions:      256       256       256
mmppix:       1.0000   -1.0000   -1.0000
center:     128.0000 -129.0000 -129.0000
fimgreg.f
image alignment mode   3335 decimal      D07 hex
parameters
   -0.6680   17.4363    0.2019   -0.1770   -1.2686   -1.2502
   -4.1001   -4.3068    4.7095   15.1633    3.6305  -15.3393
eta,q 0.95936 13.78949
niter,ni,del,rscale     5    3    5.0000    1.2000
parameter  4  1.705866 ->  0.500000 qaram    1.1500
parameter  5  2.056771 ->  0.500000 qaram    1.1500
parameters
   -1.0326   17.7212    0.2804   -4.3170   -5.4086   -2.6185
   -2.5106   -4.8133    4.9307   14.2347    1.7119  -18.9053
eta,q 0.96876 13.49333
  0.0427  0.0428  0.0421  0.0348  0.0301  0.0334  0.0357  0.0357  0.0337  0.0345  0.0321  0.0316
  0.0414  0.0416  0.0412  0.0356  0.0314  0.0324  0.0339  0.0336  0.0328  0.0328  0.0317  0.0313
  0.0407  0.0409  0.0407  0.0376  0.0335  0.0320  0.0326  0.0321  0.0321  0.0319  0.0316  0.0313
  0.0406  0.0406  0.0406  0.0406  0.0361  0.0319  0.0319  0.0318  0.0318  0.0317  0.0317  0.0316
  0.0413  0.0407  0.0407  0.0443  0.0389  0.0322  0.0318  0.0325  0.0319  0.0327  0.0319  0.0321
  0.0426  0.0411  0.0412  0.0482  0.0421  0.0334  0.0323  0.0343  0.0325  0.0342  0.0323  0.0328
  0.0445  0.0419  0.0418  0.0516  0.0458  0.0361  0.0334  0.0370  0.0336  0.0360  0.0328  0.0337
niter,ni,del,rscale     6    3    5.0000    1.2000
parameter  4  0.682085 ->  0.500000 qaram    1.3225
parameter  5  1.147562 ->  0.500000 qaram    1.3225
parameters
   -1.2922   18.2196    0.3966   -9.0780  -10.1696   -2.1004
   -1.6765   -5.7063    5.6756   15.2228    1.2722  -21.9992
eta,q 0.97363 13.11741
  0.0341  0.0348  0.0328  0.0295  0.0260  0.0294  0.0299  0.0299  0.0293  0.0310  0.0275  0.0269
  0.0323  0.0331  0.0319  0.0294  0.0266  0.0281  0.0284  0.0279  0.0280  0.0289  0.0270  0.0265
  0.0313  0.0319  0.0313  0.0298  0.0278  0.0272  0.0274  0.0269  0.0271  0.0275  0.0267  0.0264
  0.0312  0.0312  0.0310  0.0310  0.0295  0.0269  0.0269  0.0268  0.0267  0.0267  0.0266  0.0266
  0.0320  0.0311  0.0312  0.0338  0.0322  0.0270  0.0269  0.0277  0.0268  0.0268  0.0268  0.0272
  0.0335  0.0316  0.0316  0.0376  0.0355  0.0275  0.0276  0.0294  0.0274  0.0276  0.0271  0.0279
  0.0356  0.0327  0.0325  0.0420  0.0387  0.0288  0.0288  0.0318  0.0284  0.0292  0.0277  0.0289
niter,ni,del,rscale     7    3    5.0000    1.2000
parameters
   -1.1672   18.3779    0.4582  -11.1023  -14.0532   -1.8907
   -1.7698   -5.7197    5.6706   15.9931    1.5568  -22.3622
eta,q 0.97453 12.81664
  0.0302  0.0295  0.0281  0.0290  0.0271  0.0279  0.0283  0.0295  0.0278  0.0293  0.0265  0.0267
  0.0282  0.0278  0.0272  0.0274  0.0258  0.0267  0.0268  0.0274  0.0265  0.0274  0.0259  0.0260
  0.0269  0.0267  0.0266  0.0265  0.0255  0.0258  0.0258  0.0260  0.0257  0.0260  0.0256  0.0256
  0.0264  0.0264  0.0264  0.0264  0.0263  0.0255  0.0255  0.0255  0.0255  0.0255  0.0255  0.0255
  0.0266  0.0266  0.0265  0.0273  0.0279  0.0256  0.0259  0.0260  0.0258  0.0257  0.0255  0.0257
  0.0277  0.0274  0.0270  0.0298  0.0308  0.0263  0.0269  0.0274  0.0266  0.0265  0.0258  0.0262
  0.0295  0.0287  0.0280  0.0336  0.0347  0.0278  0.0284  0.0296  0.0277  0.0279  0.0264  0.0270
niter,ni,del,rscale     6    3    5.0000    1.2000
parameters
   -1.1934   18.6439    0.6872  -11.1981  -14.5429   -1.9153
   -1.8132   -5.6607    5.5628   16.2072    1.6628  -22.4277
eta,q 0.97458 12.77592
  0.0289  0.0289  0.0273  0.0293  0.0292  0.0278  0.0283  0.0295  0.0276  0.0286  0.0264  0.0268
  0.0270  0.0271  0.0264  0.0274  0.0272  0.0265  0.0267  0.0274  0.0264  0.0269  0.0259  0.0260
  0.0258  0.0259  0.0258  0.0261  0.0258  0.0257  0.0257  0.0260  0.0256  0.0258  0.0255  0.0256
  0.0255  0.0255  0.0255  0.0254  0.0254  0.0254  0.0254  0.0254  0.0254  0.0254  0.0254  0.0254
  0.0259  0.0256  0.0255  0.0256  0.0261  0.0257  0.0258  0.0258  0.0257  0.0257  0.0255  0.0256
  0.0271  0.0264  0.0259  0.0270  0.0276  0.0264  0.0269  0.0272  0.0265  0.0266  0.0258  0.0261
  0.0290  0.0276  0.0268  0.0299  0.0302  0.0279  0.0283  0.0294  0.0277  0.0282  0.0264  0.0268
niter,ni,del,rscale     5    3    5.0000    1.2000
parameters
   -1.1869   18.7031    0.7050  -11.2304  -14.6409   -1.9530
   -1.8201   -5.6286    5.5052   16.2819    1.6924  -22.4596
eta,q 0.97458 12.76639
  0.0289  0.0283  0.0271  0.0293  0.0295  0.0278  0.0284  0.0294  0.0276  0.0284  0.0264  0.0268
  0.0270  0.0267  0.0262  0.0274  0.0274  0.0265  0.0268  0.0273  0.0264  0.0268  0.0259  0.0260
  0.0258  0.0257  0.0257  0.0260  0.0259  0.0257  0.0257  0.0260  0.0256  0.0257  0.0255  0.0256
  0.0254  0.0254  0.0254  0.0254  0.0254  0.0254  0.0254  0.0254  0.0254  0.0254  0.0254  0.0254
  0.0258  0.0257  0.0256  0.0256  0.0260  0.0257  0.0258  0.0259  0.0257  0.0258  0.0255  0.0256
  0.0270  0.0266  0.0261  0.0269  0.0274  0.0264  0.0268  0.0272  0.0265  0.0267  0.0259  0.0261
  0.0288  0.0279  0.0271  0.0298  0.0298  0.0279  0.0283  0.0294  0.0276  0.0283  0.0264  0.0268
niter,ni,del,rscale     4    3    5.0000    1.2000
parameters
   -1.1828   18.7241    0.7024  -11.2455  -14.6725   -1.9693
   -1.8186   -5.6188    5.4922   16.3165    1.7013  -22.4782
eta,q 0.97458 12.76320
  0.0289  0.0282  0.0270  0.0293  0.0296  0.0278  0.0284  0.0294  0.0276  0.0284  0.0264  0.0268
  0.0270  0.0266  0.0262  0.0274  0.0275  0.0265  0.0268  0.0273  0.0264  0.0267  0.0259  0.0260
  0.0258  0.0257  0.0256  0.0260  0.0260  0.0257  0.0257  0.0260  0.0256  0.0257  0.0255  0.0256
  0.0254  0.0254  0.0254  0.0254  0.0254  0.0254  0.0254  0.0254  0.0254  0.0254  0.0254  0.0254
  0.0259  0.0258  0.0256  0.0256  0.0260  0.0257  0.0258  0.0259  0.0257  0.0258  0.0255  0.0256
  0.0270  0.0267  0.0261  0.0269  0.0273  0.0264  0.0268  0.0272  0.0265  0.0267  0.0259  0.0261
  0.0288  0.0280  0.0271  0.0298  0.0297  0.0279  0.0283  0.0294  0.0276  0.0283  0.0264  0.0268
registration optimization eta report
parameter search radius
    2.4000    2.4000    2.4000    9.5220    9.5220    7.2000
    7.2000    7.2000    7.2000    7.2000    7.2000    7.2000
100000*second partial in parameter space
       60.       46.       28.        5.        5.        5.
        6.        8.        4.        6.        2.        3.
  0.0289  0.0282  0.0270  0.0293  0.0296  0.0278  0.0284  0.0294  0.0276  0.0284  0.0264  0.0268
  0.0270  0.0266  0.0262  0.0274  0.0275  0.0265  0.0268  0.0273  0.0264  0.0267  0.0259  0.0260
  0.0258  0.0257  0.0256  0.0260  0.0260  0.0257  0.0257  0.0260  0.0256  0.0257  0.0255  0.0256
  0.0254  0.0254  0.0254  0.0254  0.0254  0.0254  0.0254  0.0254  0.0254  0.0254  0.0254  0.0254
  0.0259  0.0258  0.0256  0.0256  0.0260  0.0257  0.0258  0.0259  0.0257  0.0258  0.0255  0.0256
  0.0270  0.0267  0.0261  0.0269  0.0273  0.0264  0.0268  0.0272  0.0265  0.0267  0.0259  0.0261
  0.0288  0.0280  0.0271  0.0298  0.0297  0.0279  0.0283  0.0294  0.0276  0.0283  0.0264  0.0268
   -1.1828   18.7241    0.7024  -11.2455  -14.6725   -1.9693
   -1.8186   -5.6188    5.4922   16.3165    1.7013  -22.4782
eta,q 0.97458 12.76320

---------------------------------------------------------------------
imgreg_4dfp /opt/freesurfer/average/711-2C_as_mni_average_305 /opt/freesurfer/average/711-2B_as_mni_average_305_mask talsrcimg_g11 none talsrcimg_to_711-2C_as_mni_average_305_t4 2311
---------------------------------------------------------------------

freesurfer imgreg_4dfp.c
/opt/freesurfer/average/711-2C_as_mni_average_305.4dfp.img
       256       256       256         1
  1.000000  1.000000  1.000000
orientation T byte_order littleendian
Reading image: /opt/freesurfer/average/711-2C_as_mni_average_305.4dfp.img
dimensions:      256       256       256
mmppix:       1.0000   -1.0000   -1.0000
center:     128.0000 -129.0000 -129.0000
/opt/freesurfer/average/711-2B_as_mni_average_305_mask.4dfp.img
       256       256       256         1
  1.000000  1.000000  1.000000
orientation T byte_order littleendian
Reading mask: /opt/freesurfer/average/711-2B_as_mni_average_305_mask.4dfp.img (2306576 pixels)
talsrcimg_g11.4dfp.img
       256       256       256         1
  1.000000  1.000000  1.000000
orientation T byte_order littleendian
Reading image: talsrcimg_g11.4dfp.img
dimensions:      256       256       256
mmppix:       1.0000   -1.0000   -1.0000
center:     128.0000 -129.0000 -129.0000
fimgreg.f
image alignment mode   2311 decimal      907 hex
parameters
   -1.1828   18.7241    0.7024  -11.2455  -14.6725   -1.9693
   -1.8186   -5.6188    5.4922   16.3165    1.7013  -22.4782
eta,q 0.97458 12.76320
niter,ni,del,rscale     5    3    5.0000    0.8000
parameters
   -1.2041   18.6780    0.7495  -10.4733  -14.6453   -1.7786
   -1.8202   -5.6193    5.5124   16.0970    1.5106  -22.5134
eta,q 0.97461 12.81907
  0.0270  0.0266  0.0262  0.0267  0.0266  0.0265  0.0268  0.0272  0.0264  0.0266  0.0258  0.0260
  0.0261  0.0259  0.0258  0.0261  0.0259  0.0259  0.0260  0.0263  0.0258  0.0259  0.0256  0.0257
  0.0256  0.0255  0.0255  0.0256  0.0255  0.0255  0.0255  0.0256  0.0255  0.0255  0.0254  0.0255
  0.0254  0.0254  0.0254  0.0254  0.0254  0.0254  0.0254  0.0254  0.0254  0.0254  0.0254  0.0254
  0.0256  0.0256  0.0255  0.0254  0.0255  0.0255  0.0256  0.0256  0.0255  0.0256  0.0254  0.0255
  0.0262  0.0260  0.0257  0.0256  0.0260  0.0258  0.0260  0.0262  0.0259  0.0261  0.0256  0.0257
  0.0270  0.0267  0.0261  0.0261  0.0266  0.0263  0.0268  0.0273  0.0264  0.0268  0.0259  0.0260
niter,ni,del,rscale     4    3    5.0000    0.7000
parameters
   -1.1827   18.5991    0.7743  -10.3677  -14.5930   -1.6888
   -1.8054   -5.6256    5.5549   15.9609    1.4901  -22.4377
eta,q 0.97462 12.83098
  0.0267  0.0262  0.0260  0.0262  0.0264  0.0262  0.0265  0.0268  0.0262  0.0264  0.0257  0.0259
  0.0259  0.0257  0.0257  0.0257  0.0258  0.0257  0.0259  0.0260  0.0257  0.0258  0.0255  0.0256
  0.0255  0.0254  0.0255  0.0255  0.0255  0.0254  0.0255  0.0256  0.0255  0.0255  0.0254  0.0254
  0.0254  0.0254  0.0254  0.0254  0.0254  0.0254  0.0254  0.0254  0.0254  0.0254  0.0254  0.0254
  0.0255  0.0255  0.0254  0.0254  0.0255  0.0255  0.0255  0.0256  0.0255  0.0255  0.0254  0.0254
  0.0259  0.0259  0.0256  0.0257  0.0258  0.0257  0.0259  0.0260  0.0257  0.0259  0.0255  0.0256
  0.0266  0.0264  0.0259  0.0261  0.0263  0.0261  0.0264  0.0268  0.0262  0.0265  0.0257  0.0258
niter,ni,del,rscale     3    3    5.0000    0.6000
parameters
   -1.1905   18.5521    0.7982  -10.2842  -14.5799   -1.6793
   -1.8064   -5.6391    5.5721   15.8583    1.5133  -22.3386
eta,q 0.97462 12.83489
  0.0263  0.0260  0.0258  0.0260  0.0261  0.0260  0.0262  0.0264  0.0260  0.0261  0.0256  0.0257
  0.0258  0.0257  0.0256  0.0256  0.0257  0.0256  0.0257  0.0259  0.0256  0.0257  0.0255  0.0255
  0.0255  0.0254  0.0254  0.0254  0.0255  0.0254  0.0255  0.0255  0.0254  0.0254  0.0254  0.0254
  0.0254  0.0254  0.0254  0.0254  0.0254  0.0254  0.0254  0.0254  0.0254  0.0254  0.0254  0.0254
  0.0255  0.0255  0.0254  0.0254  0.0255  0.0255  0.0255  0.0255  0.0254  0.0255  0.0254  0.0254
  0.0258  0.0257  0.0256  0.0256  0.0257  0.0256  0.0257  0.0259  0.0256  0.0258  0.0255  0.0255
  0.0263  0.0261  0.0258  0.0259  0.0261  0.0259  0.0262  0.0265  0.0260  0.0262  0.0256  0.0257
niter,ni,del,rscale     2    3    5.0000    0.5000
parameters
   -1.1975   18.5235    0.8242  -10.2474  -14.5750   -1.7369
   -1.8297   -5.6376    5.5631   15.7839    1.6002  -22.2587
eta,q 0.97463 12.83251
  0.0260  0.0259  0.0257  0.0258  0.0259  0.0258  0.0259  0.0261  0.0258  0.0259  0.0256  0.0256
  0.0256  0.0256  0.0255  0.0255  0.0256  0.0255  0.0256  0.0257  0.0256  0.0256  0.0255  0.0255
  0.0254  0.0254  0.0254  0.0254  0.0254  0.0254  0.0254  0.0255  0.0254  0.0254  0.0254  0.0254
  0.0254  0.0254  0.0254  0.0254  0.0254  0.0254  0.0254  0.0254  0.0254  0.0254  0.0254  0.0254
  0.0255  0.0255  0.0254  0.0254  0.0254  0.0255  0.0254  0.0255  0.0254  0.0255  0.0254  0.0254
  0.0257  0.0256  0.0255  0.0255  0.0256  0.0256  0.0256  0.0257  0.0256  0.0256  0.0254  0.0255
  0.0260  0.0259  0.0257  0.0257  0.0259  0.0258  0.0259  0.0261  0.0258  0.0259  0.0255  0.0256
niter,ni,del,rscale     1    3    5.0000    0.4000
parameters
   -1.2040   18.5080    0.8613  -10.2521  -14.5829   -1.8693
   -1.8452   -5.6242    5.5281   15.7338    1.6866  -22.1362
eta,q 0.97464 12.82201
  0.0258  0.0257  0.0256  0.0256  0.0257  0.0256  0.0257  0.0259  0.0256  0.0257  0.0255  0.0255
  0.0255  0.0255  0.0255  0.0255  0.0255  0.0255  0.0255  0.0256  0.0255  0.0255  0.0254  0.0254
  0.0254  0.0254  0.0254  0.0254  0.0254  0.0254  0.0254  0.0254  0.0254  0.0254  0.0254  0.0254
  0.0254  0.0254  0.0254  0.0254  0.0254  0.0254  0.0254  0.0254  0.0254  0.0254  0.0254  0.0254
  0.0254  0.0254  0.0254  0.0254  0.0254  0.0254  0.0254  0.0254  0.0254  0.0254  0.0254  0.0254
  0.0256  0.0255  0.0254  0.0255  0.0255  0.0255  0.0255  0.0256  0.0255  0.0255  0.0254  0.0254
  0.0258  0.0257  0.0255  0.0256  0.0257  0.0256  0.0257  0.0258  0.0256  0.0257  0.0255  0.0255
registration optimization eta report
parameter search radius
    0.8000    0.8000    0.8000    2.4000    2.4000    2.4000
    2.4000    2.4000    2.4000    2.4000    2.4000    2.4000
100000*second partial in parameter space
       61.       50.       30.        4.        6.        4.
        6.        8.        5.        6.        2.        3.
  0.0258  0.0257  0.0256  0.0256  0.0257  0.0256  0.0257  0.0259  0.0256  0.0257  0.0255  0.0255
  0.0255  0.0255  0.0255  0.0255  0.0255  0.0255  0.0255  0.0256  0.0255  0.0255  0.0254  0.0254
  0.0254  0.0254  0.0254  0.0254  0.0254  0.0254  0.0254  0.0254  0.0254  0.0254  0.0254  0.0254
  0.0254  0.0254  0.0254  0.0254  0.0254  0.0254  0.0254  0.0254  0.0254  0.0254  0.0254  0.0254
  0.0254  0.0254  0.0254  0.0254  0.0254  0.0254  0.0254  0.0254  0.0254  0.0254  0.0254  0.0254
  0.0256  0.0255  0.0254  0.0255  0.0255  0.0255  0.0255  0.0256  0.0255  0.0255  0.0254  0.0254
  0.0258  0.0257  0.0255  0.0256  0.0257  0.0256  0.0257  0.0258  0.0256  0.0257  0.0255  0.0255
   -1.2040   18.5080    0.8613  -10.2521  -14.5829   -1.8693
   -1.8452   -5.6242    5.5281   15.7338    1.6866  -22.1362
eta,q 0.97464 12.82201

---------------------------------------------------------------------
imgreg_4dfp /opt/freesurfer/average/711-2C_as_mni_average_305 /opt/freesurfer/average/711-2B_as_mni_average_305_mask talsrcimg_g11 none talsrcimg_to_711-2C_as_mni_average_305_t4 2311
---------------------------------------------------------------------

freesurfer imgreg_4dfp.c
/opt/freesurfer/average/711-2C_as_mni_average_305.4dfp.img
       256       256       256         1
  1.000000  1.000000  1.000000
orientation T byte_order littleendian
Reading image: /opt/freesurfer/average/711-2C_as_mni_average_305.4dfp.img
dimensions:      256       256       256
mmppix:       1.0000   -1.0000   -1.0000
center:     128.0000 -129.0000 -129.0000
/opt/freesurfer/average/711-2B_as_mni_average_305_mask.4dfp.img
       256       256       256         1
  1.000000  1.000000  1.000000
orientation T byte_order littleendian
Reading mask: /opt/freesurfer/average/711-2B_as_mni_average_305_mask.4dfp.img (2306576 pixels)
talsrcimg_g11.4dfp.img
       256       256       256         1
  1.000000  1.000000  1.000000
orientation T byte_order littleendian
Reading image: talsrcimg_g11.4dfp.img
dimensions:      256       256       256
mmppix:       1.0000   -1.0000   -1.0000
center:     128.0000 -129.0000 -129.0000
fimgreg.f
image alignment mode   2311 decimal      907 hex
parameters
   -1.2040   18.5080    0.8613  -10.2521  -14.5829   -1.8693
   -1.8452   -5.6242    5.5281   15.7338    1.6866  -22.1362
eta,q 0.97464 12.82200
niter,ni,del,rscale     5    3    5.0000    0.8000
parameters
   -1.1914   18.5403    0.8449  -10.3969  -14.5020   -1.6730
   -1.8099   -5.6461    5.5498   15.8561    1.5859  -22.2943
eta,q 0.97462 12.83145
  0.0270  0.0267  0.0261  0.0263  0.0266  0.0265  0.0268  0.0272  0.0264  0.0269  0.0258  0.0260
  0.0261  0.0259  0.0257  0.0258  0.0259  0.0259  0.0260  0.0262  0.0258  0.0260  0.0256  0.0256
  0.0255  0.0255  0.0255  0.0255  0.0255  0.0255  0.0255  0.0256  0.0255  0.0255  0.0254  0.0254
  0.0254  0.0254  0.0254  0.0254  0.0254  0.0254  0.0254  0.0254  0.0254  0.0254  0.0254  0.0254
  0.0255  0.0255  0.0254  0.0255  0.0255  0.0255  0.0255  0.0256  0.0255  0.0255  0.0254  0.0255
  0.0261  0.0259  0.0257  0.0258  0.0259  0.0258  0.0260  0.0262  0.0258  0.0260  0.0256  0.0257
  0.0269  0.0266  0.0262  0.0265  0.0265  0.0263  0.0267  0.0272  0.0264  0.0267  0.0259  0.0261
niter,ni,del,rscale     4    3    5.0000    0.7000
parameters
   -1.1957   18.5350    0.8108  -10.3325  -14.5256   -1.6559
   -1.7975   -5.6500    5.5647   15.8437    1.5327  -22.3343
eta,q 0.97462 12.83603
  0.0266  0.0264  0.0259  0.0261  0.0263  0.0262  0.0265  0.0268  0.0262  0.0265  0.0257  0.0258
  0.0259  0.0258  0.0256  0.0257  0.0258  0.0257  0.0259  0.0260  0.0257  0.0258  0.0255  0.0256
  0.0255  0.0255  0.0254  0.0255  0.0255  0.0254  0.0255  0.0256  0.0255  0.0255  0.0254  0.0254
  0.0254  0.0254  0.0254  0.0254  0.0254  0.0254  0.0254  0.0254  0.0254  0.0254  0.0254  0.0254
  0.0255  0.0255  0.0254  0.0254  0.0255  0.0255  0.0255  0.0255  0.0255  0.0255  0.0254  0.0254
  0.0259  0.0258  0.0256  0.0257  0.0258  0.0257  0.0259  0.0260  0.0257  0.0259  0.0255  0.0256
  0.0266  0.0263  0.0260  0.0261  0.0263  0.0261  0.0264  0.0268  0.0262  0.0264  0.0257  0.0259
niter,ni,del,rscale     3    3    5.0000    0.6000
parameters
   -1.1962   18.5262    0.8124  -10.2737  -14.5494   -1.6681
   -1.8054   -5.6492    5.5728   15.8124    1.5318  -22.3252
eta,q 0.97463 12.83709
  0.0263  0.0261  0.0258  0.0259  0.0261  0.0260  0.0262  0.0264  0.0260  0.0262  0.0256  0.0257
  0.0258  0.0257  0.0256  0.0256  0.0257  0.0256  0.0257  0.0259  0.0256  0.0257  0.0255  0.0255
  0.0255  0.0254  0.0254  0.0254  0.0255  0.0254  0.0255  0.0255  0.0254  0.0254  0.0254  0.0254
  0.0254  0.0254  0.0254  0.0254  0.0254  0.0254  0.0254  0.0254  0.0254  0.0254  0.0254  0.0254
  0.0255  0.0255  0.0254  0.0254  0.0255  0.0255  0.0255  0.0255  0.0254  0.0255  0.0254  0.0254
  0.0258  0.0257  0.0256  0.0256  0.0257  0.0257  0.0257  0.0259  0.0256  0.0257  0.0255  0.0255
  0.0263  0.0261  0.0258  0.0259  0.0261  0.0259  0.0262  0.0264  0.0260  0.0262  0.0256  0.0257
niter,ni,del,rscale     2    3    5.0000    0.5000
parameters
   -1.1991   18.5159    0.8302  -10.2437  -14.5641   -1.7373
   -1.8252   -5.6473    5.5709   15.7793    1.5772  -22.2418
eta,q 0.97462 12.83288
  0.0260  0.0259  0.0257  0.0258  0.0259  0.0258  0.0259  0.0261  0.0258  0.0259  0.0256  0.0256
  0.0256  0.0256  0.0255  0.0255  0.0256  0.0255  0.0256  0.0257  0.0256  0.0256  0.0254  0.0255
  0.0254  0.0254  0.0254  0.0254  0.0254  0.0254  0.0254  0.0255  0.0254  0.0254  0.0254  0.0254
  0.0254  0.0254  0.0254  0.0254  0.0254  0.0254  0.0254  0.0254  0.0254  0.0254  0.0254  0.0254
  0.0254  0.0254  0.0254  0.0254  0.0254  0.0255  0.0254  0.0255  0.0254  0.0254  0.0254  0.0254
  0.0257  0.0256  0.0255  0.0255  0.0256  0.0256  0.0256  0.0257  0.0256  0.0256  0.0254  0.0255
  0.0260  0.0259  0.0257  0.0257  0.0259  0.0258  0.0259  0.0261  0.0258  0.0259  0.0255  0.0256
niter,ni,del,rscale     1    3    5.0000    0.4000
parameters
   -1.2051   18.5042    0.8557  -10.2500  -14.5785   -1.8703
   -1.8470   -5.6245    5.5438   15.7360    1.6739  -22.1444
eta,q 0.97464 12.82265
  0.0258  0.0257  0.0256  0.0256  0.0257  0.0256  0.0257  0.0259  0.0256  0.0257  0.0255  0.0255
  0.0255  0.0255  0.0255  0.0255  0.0255  0.0255  0.0255  0.0256  0.0255  0.0255  0.0254  0.0254
  0.0254  0.0254  0.0254  0.0254  0.0254  0.0254  0.0254  0.0254  0.0254  0.0254  0.0254  0.0254
  0.0254  0.0254  0.0254  0.0254  0.0254  0.0254  0.0254  0.0254  0.0254  0.0254  0.0254  0.0254
  0.0254  0.0254  0.0254  0.0254  0.0254  0.0254  0.0254  0.0254  0.0254  0.0254  0.0254  0.0254
  0.0255  0.0255  0.0254  0.0255  0.0255  0.0255  0.0255  0.0256  0.0255  0.0255  0.0254  0.0254
  0.0258  0.0257  0.0256  0.0256  0.0257  0.0256  0.0257  0.0258  0.0256  0.0257  0.0255  0.0255
registration optimization eta report
parameter search radius
    0.8000    0.8000    0.8000    2.4000    2.4000    2.4000
    2.4000    2.4000    2.4000    2.4000    2.4000    2.4000
100000*second partial in parameter space
       61.       50.       30.        4.        6.        4.
        6.        8.        5.        6.        2.        3.
  0.0258  0.0257  0.0256  0.0256  0.0257  0.0256  0.0257  0.0259  0.0256  0.0257  0.0255  0.0255
  0.0255  0.0255  0.0255  0.0255  0.0255  0.0255  0.0255  0.0256  0.0255  0.0255  0.0254  0.0254
  0.0254  0.0254  0.0254  0.0254  0.0254  0.0254  0.0254  0.0254  0.0254  0.0254  0.0254  0.0254
  0.0254  0.0254  0.0254  0.0254  0.0254  0.0254  0.0254  0.0254  0.0254  0.0254  0.0254  0.0254
  0.0254  0.0254  0.0254  0.0254  0.0254  0.0254  0.0254  0.0254  0.0254  0.0254  0.0254  0.0254
  0.0255  0.0255  0.0254  0.0255  0.0255  0.0255  0.0255  0.0256  0.0255  0.0255  0.0254  0.0254
  0.0258  0.0257  0.0256  0.0256  0.0257  0.0256  0.0257  0.0258  0.0256  0.0257  0.0255  0.0255
   -1.2051   18.5042    0.8557  -10.2500  -14.5785   -1.8703
   -1.8470   -5.6245    5.5438   15.7360    1.6739  -22.1444
eta,q 0.97464 12.82265

---------------------------------------------------------------------
compute_vox2vox talsrcimg talsrcimg_to_711-2C_as_mni_average_305_t4 /opt/freesurfer/average/711-2C_as_mni_average_305
---------------------------------------------------------------------

freesurfer compute_vox2vox.c
Reading: talsrcimg.4dfp.ifh
Reading: talsrcimg_to_711-2C_as_mni_average_305_t4
Reading: /opt/freesurfer/average/711-2C_as_mni_average_305.4dfp.ifh
Writing: talsrcimg_to_711-2C_as_mni_average_305_t4_vox2vox.txt

start time Wed Mar 11 13:20:52 CET 2026
end		time Wed Mar 11 13:22:20 CET 2026

mpr2mni305 success

avi2talxfm orig_nu.mgz /opt/freesurfer/average/mni305.cor.mgz talsrcimg_to_711-2C_as_mni_average_305_t4_vox2vox.txt transforms/talairach.auto.xfm
avi2talxfm done
mv -f /out/sourcedata/freesurfer/sub-v2s18x29495_ses-1/mri/talsrcimg_to_711-2C_as_mni_average_305_t4_vox2vox.txt /out/sourcedata/freesurfer/sub-v2s18x29495_ses-1/mri/transforms/talsrcimg_to_711-2C_as_mni_average_305_t4_vox2vox.txt
lta_convert --src orig_nu.mgz --trg /opt/freesurfer/average/mni305.cor.mgz --inxfm transforms/talairach.auto.xfm --outlta transforms/talairach.auto.xfm.lta --subject fsaverage
7.3.2

--src: orig_nu.mgz src image (geometry).
--trg: /opt/freesurfer/average/mni305.cor.mgz trg image (geometry).
--inmni: transforms/talairach.auto.xfm input MNI/XFM transform.
--outlta: transforms/talairach.auto.xfm.lta output LTA.
--s: fsaverage subject name
 LTA read, type : 1
 1.11073   0.05742   0.03890  -1.34015;
-0.03381   0.97664   0.25245  -43.11097;
-0.06586  -0.18364   1.12163  -14.21822;
 0.00000   0.00000   0.00000   1.00000;
setting subject to fsaverage
Writing  LTA to file transforms/talairach.auto.xfm.lta...
lta_convert successful.
 
 
Started at Wed Mar 11 13:20:51 CET 2026
Ended   at Wed Mar 11 13:22:20 CET 2026
talairach_avi done
